2016-02-03 11:24:33,049 DEBUG   main [org.springframework.core.env.StandardEnvironment] Adding [systemProperties] PropertySource with lowest search precedence
2016-02-03 11:24:33,054 DEBUG   main [org.springframework.core.env.StandardEnvironment] Adding [systemEnvironment] PropertySource with lowest search precedence
2016-02-03 11:24:33,054 DEBUG   main [org.springframework.core.env.StandardEnvironment] Initialized StandardEnvironment with PropertySources [systemProperties,systemEnvironment]
2016-02-03 11:24:33,058 INFO   main [org.springframework.context.support.ClassPathXmlApplicationContext] Refreshing org.springframework.context.support.ClassPathXmlApplicationContext@450faed3: startup date [Wed Feb 03 11:24:33 EST 2016]; root of context hierarchy
2016-02-03 11:24:33,093 DEBUG   main [org.springframework.core.env.StandardEnvironment] Adding [systemProperties] PropertySource with lowest search precedence
2016-02-03 11:24:33,093 DEBUG   main [org.springframework.core.env.StandardEnvironment] Adding [systemEnvironment] PropertySource with lowest search precedence
2016-02-03 11:24:33,093 DEBUG   main [org.springframework.core.env.StandardEnvironment] Initialized StandardEnvironment with PropertySources [systemProperties,systemEnvironment]
2016-02-03 11:24:33,102 INFO   main [org.springframework.beans.factory.xml.XmlBeanDefinitionReader] Loading XML bean definitions from class path resource [spring-ldap-example.xml]
2016-02-03 11:24:33,104 DEBUG   main [org.springframework.beans.factory.xml.DefaultDocumentLoader] Using JAXP provider [com.sun.org.apache.xerces.internal.jaxp.DocumentBuilderFactoryImpl]
2016-02-03 11:24:33,122 TRACE   main [org.springframework.beans.factory.xml.PluggableSchemaResolver] Trying to resolve XML entity with public id [null] and system id [http://www.springframework.org/schema/beans/spring-beans.xsd]
2016-02-03 11:24:33,123 DEBUG   main [org.springframework.beans.factory.xml.PluggableSchemaResolver] Loading schema mappings from [META-INF/spring.schemas]
2016-02-03 11:24:33,143 DEBUG   main [org.springframework.beans.factory.xml.PluggableSchemaResolver] Loaded schema mappings: {http://www.springframework.org/schema/cache/spring-cache-4.2.xsd=org/springframework/cache/config/spring-cache-4.2.xsd, http://www.springframework.org/schema/aop/spring-aop-4.1.xsd=org/springframework/aop/config/spring-aop-4.1.xsd, http://www.springframework.org/schema/context/spring-context-3.1.xsd=org/springframework/context/config/spring-context-3.1.xsd, http://www.springframework.org/schema/data/repository/spring-repository-1.4.xsd=org/springframework/data/repository/config/spring-repository-1.4.xsd, http://www.springframework.org/schema/util/spring-util-3.0.xsd=org/springframework/beans/factory/xml/spring-util-3.0.xsd, http://www.springframework.org/schema/tool/spring-tool.xsd=org/springframework/beans/factory/xml/spring-tool-4.2.xsd, http://www.springframework.org/schema/aop/spring-aop-3.2.xsd=org/springframework/aop/config/spring-aop-3.2.xsd, http://www.springframework.org/schema/lang/spring-lang-4.1.xsd=org/springframework/scripting/config/spring-lang-4.1.xsd, http://www.springframework.org/schema/context/spring-context-4.0.xsd=org/springframework/context/config/spring-context-4.0.xsd, http://www.springframework.org/schema/beans/spring-beans-4.2.xsd=org/springframework/beans/factory/xml/spring-beans-4.2.xsd, http://www.springframework.org/schema/tool/spring-tool-4.1.xsd=org/springframework/beans/factory/xml/spring-tool-4.1.xsd, http://www.springframework.org/schema/lang/spring-lang-3.2.xsd=org/springframework/scripting/config/spring-lang-3.2.xsd, http://www.springframework.org/schema/cache/spring-cache-3.2.xsd=org/springframework/cache/config/spring-cache-3.2.xsd, http://www.springframework.org/schema/jee/spring-jee-4.1.xsd=org/springframework/ejb/config/spring-jee-4.1.xsd, http://www.springframework.org/schema/task/spring-task-4.2.xsd=org/springframework/scheduling/config/spring-task-4.2.xsd, http://www.springframework.org/schema/util/spring-util-2.0.xsd=org/springframework/beans/factory/xml/spring-util-2.0.xsd, http://www.springframework.org/schema/tool/spring-tool-3.2.xsd=org/springframework/beans/factory/xml/spring-tool-3.2.xsd, http://www.springframework.org/schema/context/spring-context.xsd=org/springframework/context/config/spring-context-4.2.xsd, http://www.springframework.org/schema/cache/spring-cache-4.1.xsd=org/springframework/cache/config/spring-cache-4.1.xsd, http://www.springframework.org/schema/aop/spring-aop-4.0.xsd=org/springframework/aop/config/spring-aop-4.0.xsd, http://www.springframework.org/schema/jee/spring-jee-3.2.xsd=org/springframework/ejb/config/spring-jee-3.2.xsd, http://www.springframework.org/schema/context/spring-context-3.0.xsd=org/springframework/context/config/spring-context-3.0.xsd, http://www.springframework.org/schema/util/spring-util-2.5.xsd=org/springframework/beans/factory/xml/spring-util-2.5.xsd, http://www.springframework.org/schema/beans/spring-beans-3.2.xsd=org/springframework/beans/factory/xml/spring-beans-3.2.xsd, http://www.springframework.org/schema/aop/spring-aop-3.1.xsd=org/springframework/aop/config/spring-aop-3.1.xsd, http://www.springframework.org/schema/ldap/spring-ldap-2.0.xsd=org/springframework/ldap/config/spring-ldap-2.0.xsd, http://www.springframework.org/schema/lang/spring-lang-4.0.xsd=org/springframework/scripting/config/spring-lang-4.0.xsd, http://www.springframework.org/schema/beans/spring-beans-4.1.xsd=org/springframework/beans/factory/xml/spring-beans-4.1.xsd, http://www.springframework.org/schema/tool/spring-tool-4.0.xsd=org/springframework/beans/factory/xml/spring-tool-4.0.xsd, http://www.springframework.org/schema/lang/spring-lang-3.1.xsd=org/springframework/scripting/config/spring-lang-3.1.xsd, http://www.springframework.org/schema/cache/spring-cache-3.1.xsd=org/springframework/cache/config/spring-cache-3.1.xsd, http://www.springframework.org/schema/jee/spring-jee-4.0.xsd=org/springframework/ejb/config/spring-jee-4.0.xsd, http://www.springframework.org/schema/task/spring-task-4.1.xsd=org/springframework/scheduling/config/spring-task-4.1.xsd, http://www.springframework.org/schema/tool/spring-tool-3.1.xsd=org/springframework/beans/factory/xml/spring-tool-3.1.xsd, http://www.springframework.org/schema/cache/spring-cache-4.0.xsd=org/springframework/cache/config/spring-cache-4.0.xsd, http://www.springframework.org/schema/jee/spring-jee-3.1.xsd=org/springframework/ejb/config/spring-jee-3.1.xsd, http://www.springframework.org/schema/task/spring-task-3.2.xsd=org/springframework/scheduling/config/spring-task-3.2.xsd, http://www.springframework.org/schema/util/spring-util-4.2.xsd=org/springframework/beans/factory/xml/spring-util-4.2.xsd, http://www.springframework.org/schema/beans/spring-beans-3.1.xsd=org/springframework/beans/factory/xml/spring-beans-3.1.xsd, http://www.springframework.org/schema/util/spring-util.xsd=org/springframework/beans/factory/xml/spring-util-4.2.xsd, http://www.springframework.org/schema/aop/spring-aop-3.0.xsd=org/springframework/aop/config/spring-aop-3.0.xsd, http://www.springframework.org/schema/data/repository/spring-repository.xsd=org/springframework/data/repository/config/spring-repository-1.7.xsd, http://www.springframework.org/schema/data/repository/spring-repository-1.7.xsd=org/springframework/data/repository/config/spring-repository-1.7.xsd, http://www.springframework.org/schema/ldap/spring-ldap.xsd=org/springframework/ldap/config/spring-ldap-2.0.xsd, http://www.springframework.org/schema/beans/spring-beans-4.0.xsd=org/springframework/beans/factory/xml/spring-beans-4.0.xsd, http://www.springframework.org/schema/beans/spring-beans.xsd=org/springframework/beans/factory/xml/spring-beans-4.2.xsd, http://www.springframework.org/schema/lang/spring-lang-3.0.xsd=org/springframework/scripting/config/spring-lang-3.0.xsd, http://www.springframework.org/schema/context/spring-context-2.5.xsd=org/springframework/context/config/spring-context-2.5.xsd, http://www.springframework.org/schema/task/spring-task-4.0.xsd=org/springframework/scheduling/config/spring-task-4.0.xsd, http://www.springframework.org/schema/tool/spring-tool-3.0.xsd=org/springframework/beans/factory/xml/spring-tool-3.0.xsd, http://www.springframework.org/schema/aop/spring-aop-2.0.xsd=org/springframework/aop/config/spring-aop-2.0.xsd, http://www.springframework.org/schema/jee/spring-jee-3.0.xsd=org/springframework/ejb/config/spring-jee-3.0.xsd, http://www.springframework.org/schema/util/spring-util-4.1.xsd=org/springframework/beans/factory/xml/spring-util-4.1.xsd, http://www.springframework.org/schema/task/spring-task-3.1.xsd=org/springframework/scheduling/config/spring-task-3.1.xsd, http://www.springframework.org/schema/beans/spring-beans-3.0.xsd=org/springframework/beans/factory/xml/spring-beans-3.0.xsd, http://www.springframework.org/schema/jee/spring-jee.xsd=org/springframework/ejb/config/spring-jee-4.2.xsd, http://www.springframework.org/schema/aop/spring-aop-2.5.xsd=org/springframework/aop/config/spring-aop-2.5.xsd, http://www.springframework.org/schema/lang/spring-lang-2.0.xsd=org/springframework/scripting/config/spring-lang-2.0.xsd, http://www.springframework.org/schema/data/repository/spring-repository-1.6.xsd=org/springframework/data/repository/config/spring-repository-1.6.xsd, http://www.springframework.org/schema/util/spring-util-3.2.xsd=org/springframework/beans/factory/xml/spring-util-3.2.xsd, http://www.springframework.org/schema/task/spring-task.xsd=org/springframework/scheduling/config/spring-task-4.2.xsd, http://www.springframework.org/schema/tool/spring-tool-2.0.xsd=org/springframework/beans/factory/xml/spring-tool-2.0.xsd, http://www.springframework.org/schema/lang/spring-lang-2.5.xsd=org/springframework/scripting/config/spring-lang-2.5.xsd, http://www.springframework.org/schema/context/spring-context-4.2.xsd=org/springframework/context/config/spring-context-4.2.xsd, http://www.springframework.org/schema/jee/spring-jee-2.0.xsd=org/springframework/ejb/config/spring-jee-2.0.xsd, http://www.springframework.org/schema/tool/spring-tool-2.5.xsd=org/springframework/beans/factory/xml/spring-tool-2.5.xsd, http://www.springframework.org/schema/jee/spring-jee-2.5.xsd=org/springframework/ejb/config/spring-jee-2.5.xsd, http://www.springframework.org/schema/data/repository/spring-repository-1.0.xsd=org/springframework/data/repository/config/spring-repository-1.0.xsd, http://www.springframework.org/schema/util/spring-util-4.0.xsd=org/springframework/beans/factory/xml/spring-util-4.0.xsd, http://www.springframework.org/schema/task/spring-task-3.0.xsd=org/springframework/scheduling/config/spring-task-3.0.xsd, http://www.springframework.org/schema/aop/spring-aop-4.2.xsd=org/springframework/aop/config/spring-aop-4.2.xsd, http://www.springframework.org/schema/lang/spring-lang.xsd=org/springframework/scripting/config/spring-lang-4.2.xsd, http://www.springframework.org/schema/context/spring-context-3.2.xsd=org/springframework/context/config/spring-context-3.2.xsd, http://www.springframework.org/schema/data/repository/spring-repository-1.5.xsd=org/springframework/data/repository/config/spring-repository-1.5.xsd, http://www.springframework.org/schema/util/spring-util-3.1.xsd=org/springframework/beans/factory/xml/spring-util-3.1.xsd, http://www.springframework.org/schema/beans/spring-beans-2.0.xsd=org/springframework/beans/factory/xml/spring-beans-2.0.xsd, http://www.springframework.org/schema/cache/spring-cache.xsd=org/springframework/cache/config/spring-cache-4.2.xsd, http://www.springframework.org/schema/lang/spring-lang-4.2.xsd=org/springframework/scripting/config/spring-lang-4.2.xsd, http://www.springframework.org/schema/context/spring-context-4.1.xsd=org/springframework/context/config/spring-context-4.1.xsd, http://www.springframework.org/schema/beans/spring-beans-2.5.xsd=org/springframework/beans/factory/xml/spring-beans-2.5.xsd, http://www.springframework.org/schema/tool/spring-tool-4.2.xsd=org/springframework/beans/factory/xml/spring-tool-4.2.xsd, http://www.springframework.org/schema/jee/spring-jee-4.2.xsd=org/springframework/ejb/config/spring-jee-4.2.xsd, http://www.springframework.org/schema/aop/spring-aop.xsd=org/springframework/aop/config/spring-aop-4.2.xsd}
2016-02-03 11:24:33,147 DEBUG   main [org.springframework.beans.factory.xml.PluggableSchemaResolver] Found XML schema [http://www.springframework.org/schema/beans/spring-beans.xsd] in classpath: org/springframework/beans/factory/xml/spring-beans-4.2.xsd
2016-02-03 11:24:33,200 TRACE   main [org.springframework.beans.factory.xml.PluggableSchemaResolver] Trying to resolve XML entity with public id [null] and system id [http://www.springframework.org/schema/context/spring-context.xsd]
2016-02-03 11:24:33,201 DEBUG   main [org.springframework.beans.factory.xml.PluggableSchemaResolver] Found XML schema [http://www.springframework.org/schema/context/spring-context.xsd] in classpath: org/springframework/context/config/spring-context-4.2.xsd
2016-02-03 11:24:33,208 TRACE   main [org.springframework.beans.factory.xml.PluggableSchemaResolver] Trying to resolve XML entity with public id [null] and system id [http://www.springframework.org/schema/tool/spring-tool-4.2.xsd]
2016-02-03 11:24:33,209 DEBUG   main [org.springframework.beans.factory.xml.PluggableSchemaResolver] Found XML schema [http://www.springframework.org/schema/tool/spring-tool-4.2.xsd] in classpath: org/springframework/beans/factory/xml/spring-tool-4.2.xsd
2016-02-03 11:24:33,219 TRACE   main [org.springframework.beans.factory.xml.PluggableSchemaResolver] Trying to resolve XML entity with public id [null] and system id [http://www.springframework.org/schema/ldap/spring-ldap.xsd]
2016-02-03 11:24:33,220 DEBUG   main [org.springframework.beans.factory.xml.PluggableSchemaResolver] Found XML schema [http://www.springframework.org/schema/ldap/spring-ldap.xsd] in classpath: org/springframework/ldap/config/spring-ldap-2.0.xsd
2016-02-03 11:24:33,230 TRACE   main [org.springframework.beans.factory.xml.PluggableSchemaResolver] Trying to resolve XML entity with public id [null] and system id [http://www.springframework.org/schema/data/repository/spring-repository.xsd]
2016-02-03 11:24:33,231 DEBUG   main [org.springframework.beans.factory.xml.PluggableSchemaResolver] Found XML schema [http://www.springframework.org/schema/data/repository/spring-repository.xsd] in classpath: org/springframework/data/repository/config/spring-repository-1.7.xsd
2016-02-03 11:24:33,259 DEBUG   main [org.springframework.beans.factory.xml.DefaultBeanDefinitionDocumentReader] Loading bean definitions
2016-02-03 11:24:33,268 DEBUG   main [org.springframework.beans.factory.xml.DefaultNamespaceHandlerResolver] Loaded NamespaceHandler mappings: {http://www.springframework.org/schema/p=org.springframework.beans.factory.xml.SimplePropertyNamespaceHandler, http://www.springframework.org/schema/util=org.springframework.beans.factory.xml.UtilNamespaceHandler, http://www.springframework.org/schema/jee=org.springframework.ejb.config.JeeNamespaceHandler, http://www.springframework.org/schema/aop=org.springframework.aop.config.AopNamespaceHandler, http://www.springframework.org/schema/data/repository=org.springframework.data.repository.config.RepositoryNameSpaceHandler, http://www.springframework.org/schema/cache=org.springframework.cache.config.CacheNamespaceHandler, http://www.springframework.org/schema/c=org.springframework.beans.factory.xml.SimpleConstructorNamespaceHandler, http://www.springframework.org/schema/ldap=org.springframework.ldap.config.LdapNamespaceHandler, http://www.springframework.org/schema/task=org.springframework.scheduling.config.TaskNamespaceHandler, http://www.springframework.org/schema/lang=org.springframework.scripting.config.LangNamespaceHandler, http://www.springframework.org/schema/context=org.springframework.context.config.ContextNamespaceHandler}
2016-02-03 11:24:33,347 DEBUG   main [org.springframework.core.env.StandardEnvironment] Adding [systemProperties] PropertySource with lowest search precedence
2016-02-03 11:24:33,347 DEBUG   main [org.springframework.core.env.StandardEnvironment] Adding [systemEnvironment] PropertySource with lowest search precedence
2016-02-03 11:24:33,347 DEBUG   main [org.springframework.core.env.StandardEnvironment] Initialized StandardEnvironment with PropertySources [systemProperties,systemEnvironment]
2016-02-03 11:24:33,412 DEBUG   main [org.springframework.core.io.support.PathMatchingResourcePatternResolver] Looking for matching resources in directory tree [C:\Eclipse\workspace\spring-ldap-example\bin\ldap\advance\example]
2016-02-03 11:24:33,413 DEBUG   main [org.springframework.core.io.support.PathMatchingResourcePatternResolver] Searching directory [C:\Eclipse\workspace\spring-ldap-example\bin\ldap\advance\example] for files matching pattern [C:/Eclipse/workspace/spring-ldap-example/bin/ldap/advance/example/**/*.class]
2016-02-03 11:24:33,422 DEBUG   main [org.springframework.core.io.support.PathMatchingResourcePatternResolver] Searching directory [C:\Eclipse\workspace\spring-ldap-example\bin\ldap\advance\example\test] for files matching pattern [C:/Eclipse/workspace/spring-ldap-example/bin/ldap/advance/example/**/*.class]
2016-02-03 11:24:33,424 DEBUG   main [org.springframework.core.io.support.PathMatchingResourcePatternResolver] Resolved location pattern [classpath*:ldap/advance/example/**/*.class] to resources [file [C:\Eclipse\workspace\spring-ldap-example\bin\ldap\advance\example\test\LdapApp.class], file [C:\Eclipse\workspace\spring-ldap-example\bin\ldap\advance\example\User.class], file [C:\Eclipse\workspace\spring-ldap-example\bin\ldap\advance\example\UserRepositoryImpl$MultipleAttributesMapper.class], file [C:\Eclipse\workspace\spring-ldap-example\bin\ldap\advance\example\UserRepositoryImpl$SingleAttributesMapper.class], file [C:\Eclipse\workspace\spring-ldap-example\bin\ldap\advance\example\UserRepositoryImpl$UserAttributesMapper.class], file [C:\Eclipse\workspace\spring-ldap-example\bin\ldap\advance\example\UserRepositoryImpl.class], file [C:\Eclipse\workspace\spring-ldap-example\bin\ldap\advance\example\UserRepositoryIntf.class]]
2016-02-03 11:24:33,424 TRACE   main [org.springframework.context.annotation.ClassPathBeanDefinitionScanner] Scanning file [C:\Eclipse\workspace\spring-ldap-example\bin\ldap\advance\example\test\LdapApp.class]
2016-02-03 11:24:33,439 TRACE   main [org.springframework.context.annotation.ClassPathBeanDefinitionScanner] Ignored because not matching any filter: file [C:\Eclipse\workspace\spring-ldap-example\bin\ldap\advance\example\test\LdapApp.class]
2016-02-03 11:24:33,439 TRACE   main [org.springframework.context.annotation.ClassPathBeanDefinitionScanner] Scanning file [C:\Eclipse\workspace\spring-ldap-example\bin\ldap\advance\example\User.class]
2016-02-03 11:24:33,440 TRACE   main [org.springframework.context.annotation.ClassPathBeanDefinitionScanner] Ignored because not matching any filter: file [C:\Eclipse\workspace\spring-ldap-example\bin\ldap\advance\example\User.class]
2016-02-03 11:24:33,440 TRACE   main [org.springframework.context.annotation.ClassPathBeanDefinitionScanner] Scanning file [C:\Eclipse\workspace\spring-ldap-example\bin\ldap\advance\example\UserRepositoryImpl$MultipleAttributesMapper.class]
2016-02-03 11:24:33,441 TRACE   main [org.springframework.context.annotation.ClassPathBeanDefinitionScanner] Ignored because not matching any filter: file [C:\Eclipse\workspace\spring-ldap-example\bin\ldap\advance\example\UserRepositoryImpl$MultipleAttributesMapper.class]
2016-02-03 11:24:33,441 TRACE   main [org.springframework.context.annotation.ClassPathBeanDefinitionScanner] Scanning file [C:\Eclipse\workspace\spring-ldap-example\bin\ldap\advance\example\UserRepositoryImpl$SingleAttributesMapper.class]
2016-02-03 11:24:33,441 TRACE   main [org.springframework.context.annotation.ClassPathBeanDefinitionScanner] Ignored because not matching any filter: file [C:\Eclipse\workspace\spring-ldap-example\bin\ldap\advance\example\UserRepositoryImpl$SingleAttributesMapper.class]
2016-02-03 11:24:33,441 TRACE   main [org.springframework.context.annotation.ClassPathBeanDefinitionScanner] Scanning file [C:\Eclipse\workspace\spring-ldap-example\bin\ldap\advance\example\UserRepositoryImpl$UserAttributesMapper.class]
2016-02-03 11:24:33,442 TRACE   main [org.springframework.context.annotation.ClassPathBeanDefinitionScanner] Ignored because not matching any filter: file [C:\Eclipse\workspace\spring-ldap-example\bin\ldap\advance\example\UserRepositoryImpl$UserAttributesMapper.class]
2016-02-03 11:24:33,442 TRACE   main [org.springframework.context.annotation.ClassPathBeanDefinitionScanner] Scanning file [C:\Eclipse\workspace\spring-ldap-example\bin\ldap\advance\example\UserRepositoryImpl.class]
2016-02-03 11:24:33,456 DEBUG   main [org.springframework.context.annotation.ClassPathBeanDefinitionScanner] Identified candidate component class: file [C:\Eclipse\workspace\spring-ldap-example\bin\ldap\advance\example\UserRepositoryImpl.class]
2016-02-03 11:24:33,457 TRACE   main [org.springframework.context.annotation.ClassPathBeanDefinitionScanner] Scanning file [C:\Eclipse\workspace\spring-ldap-example\bin\ldap\advance\example\UserRepositoryIntf.class]
2016-02-03 11:24:33,457 TRACE   main [org.springframework.context.annotation.ClassPathBeanDefinitionScanner] Ignored because not matching any filter: file [C:\Eclipse\workspace\spring-ldap-example\bin\ldap\advance\example\UserRepositoryIntf.class]
2016-02-03 11:24:33,497 DEBUG   main [org.springframework.beans.factory.xml.XmlBeanDefinitionReader] Loaded 9 bean definitions from location pattern [spring-ldap-example.xml]
2016-02-03 11:24:33,498 DEBUG   main [org.springframework.context.support.ClassPathXmlApplicationContext] Bean factory for org.springframework.context.support.ClassPathXmlApplicationContext@450faed3: org.springframework.beans.factory.support.DefaultListableBeanFactory@1a778aab: defining beans [userRepositoryImpl,org.springframework.context.annotation.internalConfigurationAnnotationProcessor,org.springframework.context.annotation.internalAutowiredAnnotationProcessor,org.springframework.context.annotation.internalRequiredAnnotationProcessor,org.springframework.context.annotation.internalCommonAnnotationProcessor,simpleDirContextAuthenticationStrategy,userReposImpl,contextSource,ldapTemplate]; root of factory hierarchy
2016-02-03 11:24:33,528 DEBUG   main [org.springframework.beans.factory.support.DefaultListableBeanFactory] Creating shared instance of singleton bean 'org.springframework.context.annotation.internalConfigurationAnnotationProcessor'
2016-02-03 11:24:33,528 DEBUG   main [org.springframework.beans.factory.support.DefaultListableBeanFactory] Creating instance of bean 'org.springframework.context.annotation.internalConfigurationAnnotationProcessor'
2016-02-03 11:24:33,543 DEBUG   main [org.springframework.beans.factory.support.DefaultListableBeanFactory] Eagerly caching bean 'org.springframework.context.annotation.internalConfigurationAnnotationProcessor' to allow for resolving potential circular references
2016-02-03 11:24:33,545 DEBUG   main [org.springframework.beans.factory.support.DefaultListableBeanFactory] Finished creating instance of bean 'org.springframework.context.annotation.internalConfigurationAnnotationProcessor'
2016-02-03 19:44:44,882 DEBUG   main [org.springframework.core.env.StandardEnvironment] Adding [systemProperties] PropertySource with lowest search precedence
2016-02-03 19:44:44,904 DEBUG   main [org.springframework.core.env.StandardEnvironment] Adding [systemEnvironment] PropertySource with lowest search precedence
2016-02-03 19:44:44,905 DEBUG   main [org.springframework.core.env.StandardEnvironment] Initialized StandardEnvironment with PropertySources [systemProperties,systemEnvironment]
2016-02-03 19:44:44,910 INFO   main [org.springframework.context.support.ClassPathXmlApplicationContext] Refreshing org.springframework.context.support.ClassPathXmlApplicationContext@3eed2cab: startup date [Wed Feb 03 19:44:44 EST 2016]; root of context hierarchy
2016-02-03 19:44:45,024 DEBUG   main [org.springframework.core.env.StandardEnvironment] Adding [systemProperties] PropertySource with lowest search precedence
2016-02-03 19:44:45,024 DEBUG   main [org.springframework.core.env.StandardEnvironment] Adding [systemEnvironment] PropertySource with lowest search precedence
2016-02-03 19:44:45,025 DEBUG   main [org.springframework.core.env.StandardEnvironment] Initialized StandardEnvironment with PropertySources [systemProperties,systemEnvironment]
2016-02-03 19:44:45,088 INFO   main [org.springframework.beans.factory.xml.XmlBeanDefinitionReader] Loading XML bean definitions from class path resource [spring-ldap-example.xml]
2016-02-03 19:44:45,099 DEBUG   main [org.springframework.beans.factory.xml.DefaultDocumentLoader] Using JAXP provider [com.sun.org.apache.xerces.internal.jaxp.DocumentBuilderFactoryImpl]
2016-02-03 19:44:45,150 TRACE   main [org.springframework.beans.factory.xml.PluggableSchemaResolver] Trying to resolve XML entity with public id [null] and system id [http://www.springframework.org/schema/beans/spring-beans.xsd]
2016-02-03 19:44:45,151 DEBUG   main [org.springframework.beans.factory.xml.PluggableSchemaResolver] Loading schema mappings from [META-INF/spring.schemas]
2016-02-03 19:44:45,211 DEBUG   main [org.springframework.beans.factory.xml.PluggableSchemaResolver] Loaded schema mappings: {http://www.springframework.org/schema/cache/spring-cache-4.2.xsd=org/springframework/cache/config/spring-cache-4.2.xsd, http://www.springframework.org/schema/aop/spring-aop-4.1.xsd=org/springframework/aop/config/spring-aop-4.1.xsd, http://www.springframework.org/schema/context/spring-context-3.1.xsd=org/springframework/context/config/spring-context-3.1.xsd, http://www.springframework.org/schema/data/repository/spring-repository-1.4.xsd=org/springframework/data/repository/config/spring-repository-1.4.xsd, http://www.springframework.org/schema/util/spring-util-3.0.xsd=org/springframework/beans/factory/xml/spring-util-3.0.xsd, http://www.springframework.org/schema/tool/spring-tool.xsd=org/springframework/beans/factory/xml/spring-tool-4.2.xsd, http://www.springframework.org/schema/aop/spring-aop-3.2.xsd=org/springframework/aop/config/spring-aop-3.2.xsd, http://www.springframework.org/schema/lang/spring-lang-4.1.xsd=org/springframework/scripting/config/spring-lang-4.1.xsd, http://www.springframework.org/schema/context/spring-context-4.0.xsd=org/springframework/context/config/spring-context-4.0.xsd, http://www.springframework.org/schema/beans/spring-beans-4.2.xsd=org/springframework/beans/factory/xml/spring-beans-4.2.xsd, http://www.springframework.org/schema/tool/spring-tool-4.1.xsd=org/springframework/beans/factory/xml/spring-tool-4.1.xsd, http://www.springframework.org/schema/lang/spring-lang-3.2.xsd=org/springframework/scripting/config/spring-lang-3.2.xsd, http://www.springframework.org/schema/cache/spring-cache-3.2.xsd=org/springframework/cache/config/spring-cache-3.2.xsd, http://www.springframework.org/schema/jee/spring-jee-4.1.xsd=org/springframework/ejb/config/spring-jee-4.1.xsd, http://www.springframework.org/schema/task/spring-task-4.2.xsd=org/springframework/scheduling/config/spring-task-4.2.xsd, http://www.springframework.org/schema/util/spring-util-2.0.xsd=org/springframework/beans/factory/xml/spring-util-2.0.xsd, http://www.springframework.org/schema/tool/spring-tool-3.2.xsd=org/springframework/beans/factory/xml/spring-tool-3.2.xsd, http://www.springframework.org/schema/context/spring-context.xsd=org/springframework/context/config/spring-context-4.2.xsd, http://www.springframework.org/schema/cache/spring-cache-4.1.xsd=org/springframework/cache/config/spring-cache-4.1.xsd, http://www.springframework.org/schema/aop/spring-aop-4.0.xsd=org/springframework/aop/config/spring-aop-4.0.xsd, http://www.springframework.org/schema/jee/spring-jee-3.2.xsd=org/springframework/ejb/config/spring-jee-3.2.xsd, http://www.springframework.org/schema/context/spring-context-3.0.xsd=org/springframework/context/config/spring-context-3.0.xsd, http://www.springframework.org/schema/util/spring-util-2.5.xsd=org/springframework/beans/factory/xml/spring-util-2.5.xsd, http://www.springframework.org/schema/beans/spring-beans-3.2.xsd=org/springframework/beans/factory/xml/spring-beans-3.2.xsd, http://www.springframework.org/schema/aop/spring-aop-3.1.xsd=org/springframework/aop/config/spring-aop-3.1.xsd, http://www.springframework.org/schema/ldap/spring-ldap-2.0.xsd=org/springframework/ldap/config/spring-ldap-2.0.xsd, http://www.springframework.org/schema/lang/spring-lang-4.0.xsd=org/springframework/scripting/config/spring-lang-4.0.xsd, http://www.springframework.org/schema/beans/spring-beans-4.1.xsd=org/springframework/beans/factory/xml/spring-beans-4.1.xsd, http://www.springframework.org/schema/tool/spring-tool-4.0.xsd=org/springframework/beans/factory/xml/spring-tool-4.0.xsd, http://www.springframework.org/schema/lang/spring-lang-3.1.xsd=org/springframework/scripting/config/spring-lang-3.1.xsd, http://www.springframework.org/schema/cache/spring-cache-3.1.xsd=org/springframework/cache/config/spring-cache-3.1.xsd, http://www.springframework.org/schema/jee/spring-jee-4.0.xsd=org/springframework/ejb/config/spring-jee-4.0.xsd, http://www.springframework.org/schema/task/spring-task-4.1.xsd=org/springframework/scheduling/config/spring-task-4.1.xsd, http://www.springframework.org/schema/tool/spring-tool-3.1.xsd=org/springframework/beans/factory/xml/spring-tool-3.1.xsd, http://www.springframework.org/schema/cache/spring-cache-4.0.xsd=org/springframework/cache/config/spring-cache-4.0.xsd, http://www.springframework.org/schema/jee/spring-jee-3.1.xsd=org/springframework/ejb/config/spring-jee-3.1.xsd, http://www.springframework.org/schema/task/spring-task-3.2.xsd=org/springframework/scheduling/config/spring-task-3.2.xsd, http://www.springframework.org/schema/util/spring-util-4.2.xsd=org/springframework/beans/factory/xml/spring-util-4.2.xsd, http://www.springframework.org/schema/beans/spring-beans-3.1.xsd=org/springframework/beans/factory/xml/spring-beans-3.1.xsd, http://www.springframework.org/schema/util/spring-util.xsd=org/springframework/beans/factory/xml/spring-util-4.2.xsd, http://www.springframework.org/schema/aop/spring-aop-3.0.xsd=org/springframework/aop/config/spring-aop-3.0.xsd, http://www.springframework.org/schema/data/repository/spring-repository.xsd=org/springframework/data/repository/config/spring-repository-1.7.xsd, http://www.springframework.org/schema/data/repository/spring-repository-1.7.xsd=org/springframework/data/repository/config/spring-repository-1.7.xsd, http://www.springframework.org/schema/ldap/spring-ldap.xsd=org/springframework/ldap/config/spring-ldap-2.0.xsd, http://www.springframework.org/schema/beans/spring-beans-4.0.xsd=org/springframework/beans/factory/xml/spring-beans-4.0.xsd, http://www.springframework.org/schema/beans/spring-beans.xsd=org/springframework/beans/factory/xml/spring-beans-4.2.xsd, http://www.springframework.org/schema/lang/spring-lang-3.0.xsd=org/springframework/scripting/config/spring-lang-3.0.xsd, http://www.springframework.org/schema/context/spring-context-2.5.xsd=org/springframework/context/config/spring-context-2.5.xsd, http://www.springframework.org/schema/task/spring-task-4.0.xsd=org/springframework/scheduling/config/spring-task-4.0.xsd, http://www.springframework.org/schema/tool/spring-tool-3.0.xsd=org/springframework/beans/factory/xml/spring-tool-3.0.xsd, http://www.springframework.org/schema/aop/spring-aop-2.0.xsd=org/springframework/aop/config/spring-aop-2.0.xsd, http://www.springframework.org/schema/jee/spring-jee-3.0.xsd=org/springframework/ejb/config/spring-jee-3.0.xsd, http://www.springframework.org/schema/util/spring-util-4.1.xsd=org/springframework/beans/factory/xml/spring-util-4.1.xsd, http://www.springframework.org/schema/task/spring-task-3.1.xsd=org/springframework/scheduling/config/spring-task-3.1.xsd, http://www.springframework.org/schema/beans/spring-beans-3.0.xsd=org/springframework/beans/factory/xml/spring-beans-3.0.xsd, http://www.springframework.org/schema/jee/spring-jee.xsd=org/springframework/ejb/config/spring-jee-4.2.xsd, http://www.springframework.org/schema/aop/spring-aop-2.5.xsd=org/springframework/aop/config/spring-aop-2.5.xsd, http://www.springframework.org/schema/lang/spring-lang-2.0.xsd=org/springframework/scripting/config/spring-lang-2.0.xsd, http://www.springframework.org/schema/data/repository/spring-repository-1.6.xsd=org/springframework/data/repository/config/spring-repository-1.6.xsd, http://www.springframework.org/schema/util/spring-util-3.2.xsd=org/springframework/beans/factory/xml/spring-util-3.2.xsd, http://www.springframework.org/schema/task/spring-task.xsd=org/springframework/scheduling/config/spring-task-4.2.xsd, http://www.springframework.org/schema/tool/spring-tool-2.0.xsd=org/springframework/beans/factory/xml/spring-tool-2.0.xsd, http://www.springframework.org/schema/lang/spring-lang-2.5.xsd=org/springframework/scripting/config/spring-lang-2.5.xsd, http://www.springframework.org/schema/context/spring-context-4.2.xsd=org/springframework/context/config/spring-context-4.2.xsd, http://www.springframework.org/schema/jee/spring-jee-2.0.xsd=org/springframework/ejb/config/spring-jee-2.0.xsd, http://www.springframework.org/schema/tool/spring-tool-2.5.xsd=org/springframework/beans/factory/xml/spring-tool-2.5.xsd, http://www.springframework.org/schema/jee/spring-jee-2.5.xsd=org/springframework/ejb/config/spring-jee-2.5.xsd, http://www.springframework.org/schema/data/repository/spring-repository-1.0.xsd=org/springframework/data/repository/config/spring-repository-1.0.xsd, http://www.springframework.org/schema/util/spring-util-4.0.xsd=org/springframework/beans/factory/xml/spring-util-4.0.xsd, http://www.springframework.org/schema/task/spring-task-3.0.xsd=org/springframework/scheduling/config/spring-task-3.0.xsd, http://www.springframework.org/schema/aop/spring-aop-4.2.xsd=org/springframework/aop/config/spring-aop-4.2.xsd, http://www.springframework.org/schema/lang/spring-lang.xsd=org/springframework/scripting/config/spring-lang-4.2.xsd, http://www.springframework.org/schema/context/spring-context-3.2.xsd=org/springframework/context/config/spring-context-3.2.xsd, http://www.springframework.org/schema/data/repository/spring-repository-1.5.xsd=org/springframework/data/repository/config/spring-repository-1.5.xsd, http://www.springframework.org/schema/util/spring-util-3.1.xsd=org/springframework/beans/factory/xml/spring-util-3.1.xsd, http://www.springframework.org/schema/beans/spring-beans-2.0.xsd=org/springframework/beans/factory/xml/spring-beans-2.0.xsd, http://www.springframework.org/schema/cache/spring-cache.xsd=org/springframework/cache/config/spring-cache-4.2.xsd, http://www.springframework.org/schema/lang/spring-lang-4.2.xsd=org/springframework/scripting/config/spring-lang-4.2.xsd, http://www.springframework.org/schema/context/spring-context-4.1.xsd=org/springframework/context/config/spring-context-4.1.xsd, http://www.springframework.org/schema/beans/spring-beans-2.5.xsd=org/springframework/beans/factory/xml/spring-beans-2.5.xsd, http://www.springframework.org/schema/tool/spring-tool-4.2.xsd=org/springframework/beans/factory/xml/spring-tool-4.2.xsd, http://www.springframework.org/schema/jee/spring-jee-4.2.xsd=org/springframework/ejb/config/spring-jee-4.2.xsd, http://www.springframework.org/schema/aop/spring-aop.xsd=org/springframework/aop/config/spring-aop-4.2.xsd}
2016-02-03 19:44:45,216 DEBUG   main [org.springframework.beans.factory.xml.PluggableSchemaResolver] Found XML schema [http://www.springframework.org/schema/beans/spring-beans.xsd] in classpath: org/springframework/beans/factory/xml/spring-beans-4.2.xsd
2016-02-03 19:44:45,328 TRACE   main [org.springframework.beans.factory.xml.PluggableSchemaResolver] Trying to resolve XML entity with public id [null] and system id [http://www.springframework.org/schema/context/spring-context.xsd]
2016-02-03 19:44:45,330 DEBUG   main [org.springframework.beans.factory.xml.PluggableSchemaResolver] Found XML schema [http://www.springframework.org/schema/context/spring-context.xsd] in classpath: org/springframework/context/config/spring-context-4.2.xsd
2016-02-03 19:44:45,355 TRACE   main [org.springframework.beans.factory.xml.PluggableSchemaResolver] Trying to resolve XML entity with public id [null] and system id [http://www.springframework.org/schema/tool/spring-tool-4.2.xsd]
2016-02-03 19:44:45,356 DEBUG   main [org.springframework.beans.factory.xml.PluggableSchemaResolver] Found XML schema [http://www.springframework.org/schema/tool/spring-tool-4.2.xsd] in classpath: org/springframework/beans/factory/xml/spring-tool-4.2.xsd
2016-02-03 19:44:45,367 TRACE   main [org.springframework.beans.factory.xml.PluggableSchemaResolver] Trying to resolve XML entity with public id [null] and system id [http://www.springframework.org/schema/ldap/spring-ldap.xsd]
2016-02-03 19:44:45,368 DEBUG   main [org.springframework.beans.factory.xml.PluggableSchemaResolver] Found XML schema [http://www.springframework.org/schema/ldap/spring-ldap.xsd] in classpath: org/springframework/ldap/config/spring-ldap-2.0.xsd
2016-02-03 19:44:45,384 TRACE   main [org.springframework.beans.factory.xml.PluggableSchemaResolver] Trying to resolve XML entity with public id [null] and system id [http://www.springframework.org/schema/data/repository/spring-repository.xsd]
2016-02-03 19:44:45,387 DEBUG   main [org.springframework.beans.factory.xml.PluggableSchemaResolver] Found XML schema [http://www.springframework.org/schema/data/repository/spring-repository.xsd] in classpath: org/springframework/data/repository/config/spring-repository-1.7.xsd
2016-02-03 19:44:45,450 DEBUG   main [org.springframework.beans.factory.xml.DefaultBeanDefinitionDocumentReader] Loading bean definitions
2016-02-03 19:44:45,490 DEBUG   main [org.springframework.beans.factory.xml.DefaultNamespaceHandlerResolver] Loaded NamespaceHandler mappings: {http://www.springframework.org/schema/p=org.springframework.beans.factory.xml.SimplePropertyNamespaceHandler, http://www.springframework.org/schema/util=org.springframework.beans.factory.xml.UtilNamespaceHandler, http://www.springframework.org/schema/jee=org.springframework.ejb.config.JeeNamespaceHandler, http://www.springframework.org/schema/aop=org.springframework.aop.config.AopNamespaceHandler, http://www.springframework.org/schema/data/repository=org.springframework.data.repository.config.RepositoryNameSpaceHandler, http://www.springframework.org/schema/cache=org.springframework.cache.config.CacheNamespaceHandler, http://www.springframework.org/schema/c=org.springframework.beans.factory.xml.SimpleConstructorNamespaceHandler, http://www.springframework.org/schema/ldap=org.springframework.ldap.config.LdapNamespaceHandler, http://www.springframework.org/schema/task=org.springframework.scheduling.config.TaskNamespaceHandler, http://www.springframework.org/schema/lang=org.springframework.scripting.config.LangNamespaceHandler, http://www.springframework.org/schema/context=org.springframework.context.config.ContextNamespaceHandler}
2016-02-03 19:44:45,550 DEBUG   main [org.springframework.core.env.StandardEnvironment] Adding [systemProperties] PropertySource with lowest search precedence
2016-02-03 19:44:45,550 DEBUG   main [org.springframework.core.env.StandardEnvironment] Adding [systemEnvironment] PropertySource with lowest search precedence
2016-02-03 19:44:45,550 DEBUG   main [org.springframework.core.env.StandardEnvironment] Initialized StandardEnvironment with PropertySources [systemProperties,systemEnvironment]
2016-02-03 19:44:45,582 DEBUG   main [org.springframework.core.io.support.PathMatchingResourcePatternResolver] Looking for matching resources in directory tree [C:\Eclipse\workspace\spring-ldap-example\bin\ldap\advance\example]
2016-02-03 19:44:45,583 DEBUG   main [org.springframework.core.io.support.PathMatchingResourcePatternResolver] Searching directory [C:\Eclipse\workspace\spring-ldap-example\bin\ldap\advance\example] for files matching pattern [C:/Eclipse/workspace/spring-ldap-example/bin/ldap/advance/example/**/*.class]
2016-02-03 19:44:45,584 DEBUG   main [org.springframework.core.io.support.PathMatchingResourcePatternResolver] Searching directory [C:\Eclipse\workspace\spring-ldap-example\bin\ldap\advance\example\test] for files matching pattern [C:/Eclipse/workspace/spring-ldap-example/bin/ldap/advance/example/**/*.class]
2016-02-03 19:44:45,587 DEBUG   main [org.springframework.core.io.support.PathMatchingResourcePatternResolver] Resolved location pattern [classpath*:ldap/advance/example/**/*.class] to resources [file [C:\Eclipse\workspace\spring-ldap-example\bin\ldap\advance\example\test\LdapApp.class], file [C:\Eclipse\workspace\spring-ldap-example\bin\ldap\advance\example\User.class], file [C:\Eclipse\workspace\spring-ldap-example\bin\ldap\advance\example\UserRepositoryImpl$MultipleAttributesMapper.class], file [C:\Eclipse\workspace\spring-ldap-example\bin\ldap\advance\example\UserRepositoryImpl$SingleAttributesMapper.class], file [C:\Eclipse\workspace\spring-ldap-example\bin\ldap\advance\example\UserRepositoryImpl$UserAttributesMapper.class], file [C:\Eclipse\workspace\spring-ldap-example\bin\ldap\advance\example\UserRepositoryImpl.class], file [C:\Eclipse\workspace\spring-ldap-example\bin\ldap\advance\example\UserRepositoryIntf.class]]
2016-02-03 19:44:45,587 TRACE   main [org.springframework.context.annotation.ClassPathBeanDefinitionScanner] Scanning file [C:\Eclipse\workspace\spring-ldap-example\bin\ldap\advance\example\test\LdapApp.class]
2016-02-03 19:44:45,657 TRACE   main [org.springframework.context.annotation.ClassPathBeanDefinitionScanner] Ignored because not matching any filter: file [C:\Eclipse\workspace\spring-ldap-example\bin\ldap\advance\example\test\LdapApp.class]
2016-02-03 19:44:45,657 TRACE   main [org.springframework.context.annotation.ClassPathBeanDefinitionScanner] Scanning file [C:\Eclipse\workspace\spring-ldap-example\bin\ldap\advance\example\User.class]
2016-02-03 19:44:45,658 TRACE   main [org.springframework.context.annotation.ClassPathBeanDefinitionScanner] Ignored because not matching any filter: file [C:\Eclipse\workspace\spring-ldap-example\bin\ldap\advance\example\User.class]
2016-02-03 19:44:45,658 TRACE   main [org.springframework.context.annotation.ClassPathBeanDefinitionScanner] Scanning file [C:\Eclipse\workspace\spring-ldap-example\bin\ldap\advance\example\UserRepositoryImpl$MultipleAttributesMapper.class]
2016-02-03 19:44:45,659 TRACE   main [org.springframework.context.annotation.ClassPathBeanDefinitionScanner] Ignored because not matching any filter: file [C:\Eclipse\workspace\spring-ldap-example\bin\ldap\advance\example\UserRepositoryImpl$MultipleAttributesMapper.class]
2016-02-03 19:44:45,659 TRACE   main [org.springframework.context.annotation.ClassPathBeanDefinitionScanner] Scanning file [C:\Eclipse\workspace\spring-ldap-example\bin\ldap\advance\example\UserRepositoryImpl$SingleAttributesMapper.class]
2016-02-03 19:44:45,660 TRACE   main [org.springframework.context.annotation.ClassPathBeanDefinitionScanner] Ignored because not matching any filter: file [C:\Eclipse\workspace\spring-ldap-example\bin\ldap\advance\example\UserRepositoryImpl$SingleAttributesMapper.class]
2016-02-03 19:44:45,660 TRACE   main [org.springframework.context.annotation.ClassPathBeanDefinitionScanner] Scanning file [C:\Eclipse\workspace\spring-ldap-example\bin\ldap\advance\example\UserRepositoryImpl$UserAttributesMapper.class]
2016-02-03 19:44:45,660 TRACE   main [org.springframework.context.annotation.ClassPathBeanDefinitionScanner] Ignored because not matching any filter: file [C:\Eclipse\workspace\spring-ldap-example\bin\ldap\advance\example\UserRepositoryImpl$UserAttributesMapper.class]
2016-02-03 19:44:45,660 TRACE   main [org.springframework.context.annotation.ClassPathBeanDefinitionScanner] Scanning file [C:\Eclipse\workspace\spring-ldap-example\bin\ldap\advance\example\UserRepositoryImpl.class]
2016-02-03 19:44:45,706 DEBUG   main [org.springframework.context.annotation.ClassPathBeanDefinitionScanner] Identified candidate component class: file [C:\Eclipse\workspace\spring-ldap-example\bin\ldap\advance\example\UserRepositoryImpl.class]
2016-02-03 19:44:45,706 TRACE   main [org.springframework.context.annotation.ClassPathBeanDefinitionScanner] Scanning file [C:\Eclipse\workspace\spring-ldap-example\bin\ldap\advance\example\UserRepositoryIntf.class]
2016-02-03 19:44:45,707 TRACE   main [org.springframework.context.annotation.ClassPathBeanDefinitionScanner] Ignored because not matching any filter: file [C:\Eclipse\workspace\spring-ldap-example\bin\ldap\advance\example\UserRepositoryIntf.class]
2016-02-03 19:44:45,896 DEBUG   main [org.springframework.beans.factory.xml.XmlBeanDefinitionReader] Loaded 9 bean definitions from location pattern [spring-ldap-example.xml]
2016-02-03 19:44:45,896 DEBUG   main [org.springframework.context.support.ClassPathXmlApplicationContext] Bean factory for org.springframework.context.support.ClassPathXmlApplicationContext@3eed2cab: org.springframework.beans.factory.support.DefaultListableBeanFactory@50058560: defining beans [userRepositoryImpl,org.springframework.context.annotation.internalConfigurationAnnotationProcessor,org.springframework.context.annotation.internalAutowiredAnnotationProcessor,org.springframework.context.annotation.internalRequiredAnnotationProcessor,org.springframework.context.annotation.internalCommonAnnotationProcessor,simpleDirContextAuthenticationStrategy,userReposImpl,contextSource,ldapTemplate]; root of factory hierarchy
2016-02-03 19:44:45,946 DEBUG   main [org.springframework.beans.factory.support.DefaultListableBeanFactory] Creating shared instance of singleton bean 'org.springframework.context.annotation.internalConfigurationAnnotationProcessor'
2016-02-03 19:44:45,946 DEBUG   main [org.springframework.beans.factory.support.DefaultListableBeanFactory] Creating instance of bean 'org.springframework.context.annotation.internalConfigurationAnnotationProcessor'
2016-02-03 19:44:45,978 DEBUG   main [org.springframework.beans.factory.support.DefaultListableBeanFactory] Eagerly caching bean 'org.springframework.context.annotation.internalConfigurationAnnotationProcessor' to allow for resolving potential circular references
2016-02-03 19:44:45,980 DEBUG   main [org.springframework.beans.factory.support.DefaultListableBeanFactory] Finished creating instance of bean 'org.springframework.context.annotation.internalConfigurationAnnotationProcessor'
2016-02-03 19:52:26,565 DEBUG   main [org.springframework.core.env.StandardEnvironment] Adding [systemProperties] PropertySource with lowest search precedence
2016-02-03 19:52:26,571 DEBUG   main [org.springframework.core.env.StandardEnvironment] Adding [systemEnvironment] PropertySource with lowest search precedence
2016-02-03 19:52:26,572 DEBUG   main [org.springframework.core.env.StandardEnvironment] Initialized StandardEnvironment with PropertySources [systemProperties,systemEnvironment]
2016-02-03 19:52:26,585 INFO   main [org.springframework.context.support.ClassPathXmlApplicationContext] Refreshing org.springframework.context.support.ClassPathXmlApplicationContext@89ec211: startup date [Wed Feb 03 19:52:26 EST 2016]; root of context hierarchy
2016-02-03 19:52:26,652 DEBUG   main [org.springframework.core.env.StandardEnvironment] Adding [systemProperties] PropertySource with lowest search precedence
2016-02-03 19:52:26,653 DEBUG   main [org.springframework.core.env.StandardEnvironment] Adding [systemEnvironment] PropertySource with lowest search precedence
2016-02-03 19:52:26,653 DEBUG   main [org.springframework.core.env.StandardEnvironment] Initialized StandardEnvironment with PropertySources [systemProperties,systemEnvironment]
2016-02-03 19:52:26,688 INFO   main [org.springframework.beans.factory.xml.XmlBeanDefinitionReader] Loading XML bean definitions from class path resource [spring-ldap-example.xml]
2016-02-03 19:52:26,692 DEBUG   main [org.springframework.beans.factory.xml.DefaultDocumentLoader] Using JAXP provider [com.sun.org.apache.xerces.internal.jaxp.DocumentBuilderFactoryImpl]
2016-02-03 19:52:26,729 TRACE   main [org.springframework.beans.factory.xml.PluggableSchemaResolver] Trying to resolve XML entity with public id [null] and system id [http://www.springframework.org/schema/beans/spring-beans.xsd]
2016-02-03 19:52:26,730 DEBUG   main [org.springframework.beans.factory.xml.PluggableSchemaResolver] Loading schema mappings from [META-INF/spring.schemas]
2016-02-03 19:52:26,749 DEBUG   main [org.springframework.beans.factory.xml.PluggableSchemaResolver] Loaded schema mappings: {http://www.springframework.org/schema/tx/spring-tx-2.5.xsd=org/springframework/transaction/config/spring-tx-2.5.xsd, http://www.springframework.org/schema/cache/spring-cache-4.2.xsd=org/springframework/cache/config/spring-cache-4.2.xsd, http://www.springframework.org/schema/aop/spring-aop-4.1.xsd=org/springframework/aop/config/spring-aop-4.1.xsd, http://www.springframework.org/schema/context/spring-context-3.1.xsd=org/springframework/context/config/spring-context-3.1.xsd, http://www.springframework.org/schema/data/repository/spring-repository-1.4.xsd=org/springframework/data/repository/config/spring-repository-1.4.xsd, http://www.springframework.org/schema/util/spring-util-3.0.xsd=org/springframework/beans/factory/xml/spring-util-3.0.xsd, http://www.springframework.org/schema/tool/spring-tool.xsd=org/springframework/beans/factory/xml/spring-tool-4.2.xsd, http://www.springframework.org/schema/aop/spring-aop-3.2.xsd=org/springframework/aop/config/spring-aop-3.2.xsd, http://www.springframework.org/schema/lang/spring-lang-4.1.xsd=org/springframework/scripting/config/spring-lang-4.1.xsd, http://www.springframework.org/schema/context/spring-context-4.0.xsd=org/springframework/context/config/spring-context-4.0.xsd, http://www.springframework.org/schema/beans/spring-beans-4.2.xsd=org/springframework/beans/factory/xml/spring-beans-4.2.xsd, http://www.springframework.org/schema/tool/spring-tool-4.1.xsd=org/springframework/beans/factory/xml/spring-tool-4.1.xsd, http://www.springframework.org/schema/lang/spring-lang-3.2.xsd=org/springframework/scripting/config/spring-lang-3.2.xsd, http://www.springframework.org/schema/cache/spring-cache-3.2.xsd=org/springframework/cache/config/spring-cache-3.2.xsd, http://www.springframework.org/schema/jee/spring-jee-4.1.xsd=org/springframework/ejb/config/spring-jee-4.1.xsd, http://www.springframework.org/schema/task/spring-task-4.2.xsd=org/springframework/scheduling/config/spring-task-4.2.xsd, http://www.springframework.org/schema/util/spring-util-2.0.xsd=org/springframework/beans/factory/xml/spring-util-2.0.xsd, http://www.springframework.org/schema/tool/spring-tool-3.2.xsd=org/springframework/beans/factory/xml/spring-tool-3.2.xsd, http://www.springframework.org/schema/context/spring-context.xsd=org/springframework/context/config/spring-context-4.2.xsd, http://www.springframework.org/schema/tx/spring-tx-4.2.xsd=org/springframework/transaction/config/spring-tx-4.2.xsd, http://www.springframework.org/schema/cache/spring-cache-4.1.xsd=org/springframework/cache/config/spring-cache-4.1.xsd, http://www.springframework.org/schema/aop/spring-aop-4.0.xsd=org/springframework/aop/config/spring-aop-4.0.xsd, http://www.springframework.org/schema/jee/spring-jee-3.2.xsd=org/springframework/ejb/config/spring-jee-3.2.xsd, http://www.springframework.org/schema/context/spring-context-3.0.xsd=org/springframework/context/config/spring-context-3.0.xsd, http://www.springframework.org/schema/util/spring-util-2.5.xsd=org/springframework/beans/factory/xml/spring-util-2.5.xsd, http://www.springframework.org/schema/beans/spring-beans-3.2.xsd=org/springframework/beans/factory/xml/spring-beans-3.2.xsd, http://www.springframework.org/schema/aop/spring-aop-3.1.xsd=org/springframework/aop/config/spring-aop-3.1.xsd, http://www.springframework.org/schema/ldap/spring-ldap-2.0.xsd=org/springframework/ldap/config/spring-ldap-2.0.xsd, http://www.springframework.org/schema/lang/spring-lang-4.0.xsd=org/springframework/scripting/config/spring-lang-4.0.xsd, http://www.springframework.org/schema/beans/spring-beans-4.1.xsd=org/springframework/beans/factory/xml/spring-beans-4.1.xsd, http://www.springframework.org/schema/tool/spring-tool-4.0.xsd=org/springframework/beans/factory/xml/spring-tool-4.0.xsd, http://www.springframework.org/schema/tx/spring-tx-3.2.xsd=org/springframework/transaction/config/spring-tx-3.2.xsd, http://www.springframework.org/schema/lang/spring-lang-3.1.xsd=org/springframework/scripting/config/spring-lang-3.1.xsd, http://www.springframework.org/schema/cache/spring-cache-3.1.xsd=org/springframework/cache/config/spring-cache-3.1.xsd, http://www.springframework.org/schema/jee/spring-jee-4.0.xsd=org/springframework/ejb/config/spring-jee-4.0.xsd, http://www.springframework.org/schema/task/spring-task-4.1.xsd=org/springframework/scheduling/config/spring-task-4.1.xsd, http://www.springframework.org/schema/tool/spring-tool-3.1.xsd=org/springframework/beans/factory/xml/spring-tool-3.1.xsd, http://www.springframework.org/schema/tx/spring-tx-4.1.xsd=org/springframework/transaction/config/spring-tx-4.1.xsd, http://www.springframework.org/schema/cache/spring-cache-4.0.xsd=org/springframework/cache/config/spring-cache-4.0.xsd, http://www.springframework.org/schema/jee/spring-jee-3.1.xsd=org/springframework/ejb/config/spring-jee-3.1.xsd, http://www.springframework.org/schema/task/spring-task-3.2.xsd=org/springframework/scheduling/config/spring-task-3.2.xsd, http://www.springframework.org/schema/util/spring-util-4.2.xsd=org/springframework/beans/factory/xml/spring-util-4.2.xsd, http://www.springframework.org/schema/beans/spring-beans-3.1.xsd=org/springframework/beans/factory/xml/spring-beans-3.1.xsd, http://www.springframework.org/schema/util/spring-util.xsd=org/springframework/beans/factory/xml/spring-util-4.2.xsd, http://www.springframework.org/schema/aop/spring-aop-3.0.xsd=org/springframework/aop/config/spring-aop-3.0.xsd, http://www.springframework.org/schema/data/repository/spring-repository.xsd=org/springframework/data/repository/config/spring-repository-1.7.xsd, http://www.springframework.org/schema/data/repository/spring-repository-1.7.xsd=org/springframework/data/repository/config/spring-repository-1.7.xsd, http://www.springframework.org/schema/ldap/spring-ldap.xsd=org/springframework/ldap/config/spring-ldap-2.0.xsd, http://www.springframework.org/schema/beans/spring-beans-4.0.xsd=org/springframework/beans/factory/xml/spring-beans-4.0.xsd, http://www.springframework.org/schema/beans/spring-beans.xsd=org/springframework/beans/factory/xml/spring-beans-4.2.xsd, http://www.springframework.org/schema/tx/spring-tx-3.1.xsd=org/springframework/transaction/config/spring-tx-3.1.xsd, http://www.springframework.org/schema/lang/spring-lang-3.0.xsd=org/springframework/scripting/config/spring-lang-3.0.xsd, http://www.springframework.org/schema/context/spring-context-2.5.xsd=org/springframework/context/config/spring-context-2.5.xsd, http://www.springframework.org/schema/task/spring-task-4.0.xsd=org/springframework/scheduling/config/spring-task-4.0.xsd, http://www.springframework.org/schema/tool/spring-tool-3.0.xsd=org/springframework/beans/factory/xml/spring-tool-3.0.xsd, http://www.springframework.org/schema/tx/spring-tx-4.0.xsd=org/springframework/transaction/config/spring-tx-4.0.xsd, http://www.springframework.org/schema/aop/spring-aop-2.0.xsd=org/springframework/aop/config/spring-aop-2.0.xsd, http://www.springframework.org/schema/jee/spring-jee-3.0.xsd=org/springframework/ejb/config/spring-jee-3.0.xsd, http://www.springframework.org/schema/util/spring-util-4.1.xsd=org/springframework/beans/factory/xml/spring-util-4.1.xsd, http://www.springframework.org/schema/task/spring-task-3.1.xsd=org/springframework/scheduling/config/spring-task-3.1.xsd, http://www.springframework.org/schema/beans/spring-beans-3.0.xsd=org/springframework/beans/factory/xml/spring-beans-3.0.xsd, http://www.springframework.org/schema/jee/spring-jee.xsd=org/springframework/ejb/config/spring-jee-4.2.xsd, http://www.springframework.org/schema/aop/spring-aop-2.5.xsd=org/springframework/aop/config/spring-aop-2.5.xsd, http://www.springframework.org/schema/lang/spring-lang-2.0.xsd=org/springframework/scripting/config/spring-lang-2.0.xsd, http://www.springframework.org/schema/data/repository/spring-repository-1.6.xsd=org/springframework/data/repository/config/spring-repository-1.6.xsd, http://www.springframework.org/schema/util/spring-util-3.2.xsd=org/springframework/beans/factory/xml/spring-util-3.2.xsd, http://www.springframework.org/schema/task/spring-task.xsd=org/springframework/scheduling/config/spring-task-4.2.xsd, http://www.springframework.org/schema/tool/spring-tool-2.0.xsd=org/springframework/beans/factory/xml/spring-tool-2.0.xsd, http://www.springframework.org/schema/tx/spring-tx-3.0.xsd=org/springframework/transaction/config/spring-tx-3.0.xsd, http://www.springframework.org/schema/lang/spring-lang-2.5.xsd=org/springframework/scripting/config/spring-lang-2.5.xsd, http://www.springframework.org/schema/context/spring-context-4.2.xsd=org/springframework/context/config/spring-context-4.2.xsd, http://www.springframework.org/schema/jee/spring-jee-2.0.xsd=org/springframework/ejb/config/spring-jee-2.0.xsd, http://www.springframework.org/schema/tool/spring-tool-2.5.xsd=org/springframework/beans/factory/xml/spring-tool-2.5.xsd, http://www.springframework.org/schema/jee/spring-jee-2.5.xsd=org/springframework/ejb/config/spring-jee-2.5.xsd, http://www.springframework.org/schema/data/repository/spring-repository-1.0.xsd=org/springframework/data/repository/config/spring-repository-1.0.xsd, http://www.springframework.org/schema/util/spring-util-4.0.xsd=org/springframework/beans/factory/xml/spring-util-4.0.xsd, http://www.springframework.org/schema/task/spring-task-3.0.xsd=org/springframework/scheduling/config/spring-task-3.0.xsd, http://www.springframework.org/schema/aop/spring-aop-4.2.xsd=org/springframework/aop/config/spring-aop-4.2.xsd, http://www.springframework.org/schema/lang/spring-lang.xsd=org/springframework/scripting/config/spring-lang-4.2.xsd, http://www.springframework.org/schema/context/spring-context-3.2.xsd=org/springframework/context/config/spring-context-3.2.xsd, http://www.springframework.org/schema/data/repository/spring-repository-1.5.xsd=org/springframework/data/repository/config/spring-repository-1.5.xsd, http://www.springframework.org/schema/util/spring-util-3.1.xsd=org/springframework/beans/factory/xml/spring-util-3.1.xsd, http://www.springframework.org/schema/beans/spring-beans-2.0.xsd=org/springframework/beans/factory/xml/spring-beans-2.0.xsd, http://www.springframework.org/schema/cache/spring-cache.xsd=org/springframework/cache/config/spring-cache-4.2.xsd, http://www.springframework.org/schema/tx/spring-tx.xsd=org/springframework/transaction/config/spring-tx-4.2.xsd, http://www.springframework.org/schema/lang/spring-lang-4.2.xsd=org/springframework/scripting/config/spring-lang-4.2.xsd, http://www.springframework.org/schema/context/spring-context-4.1.xsd=org/springframework/context/config/spring-context-4.1.xsd, http://www.springframework.org/schema/beans/spring-beans-2.5.xsd=org/springframework/beans/factory/xml/spring-beans-2.5.xsd, http://www.springframework.org/schema/tool/spring-tool-4.2.xsd=org/springframework/beans/factory/xml/spring-tool-4.2.xsd, http://www.springframework.org/schema/tx/spring-tx-2.0.xsd=org/springframework/transaction/config/spring-tx-2.0.xsd, http://www.springframework.org/schema/jee/spring-jee-4.2.xsd=org/springframework/ejb/config/spring-jee-4.2.xsd, http://www.springframework.org/schema/aop/spring-aop.xsd=org/springframework/aop/config/spring-aop-4.2.xsd}
2016-02-03 19:52:26,756 DEBUG   main [org.springframework.beans.factory.xml.PluggableSchemaResolver] Found XML schema [http://www.springframework.org/schema/beans/spring-beans.xsd] in classpath: org/springframework/beans/factory/xml/spring-beans-4.2.xsd
2016-02-03 19:52:26,871 TRACE   main [org.springframework.beans.factory.xml.PluggableSchemaResolver] Trying to resolve XML entity with public id [null] and system id [http://www.springframework.org/schema/context/spring-context.xsd]
2016-02-03 19:52:26,872 DEBUG   main [org.springframework.beans.factory.xml.PluggableSchemaResolver] Found XML schema [http://www.springframework.org/schema/context/spring-context.xsd] in classpath: org/springframework/context/config/spring-context-4.2.xsd
2016-02-03 19:52:26,885 TRACE   main [org.springframework.beans.factory.xml.PluggableSchemaResolver] Trying to resolve XML entity with public id [null] and system id [http://www.springframework.org/schema/tool/spring-tool-4.2.xsd]
2016-02-03 19:52:26,886 DEBUG   main [org.springframework.beans.factory.xml.PluggableSchemaResolver] Found XML schema [http://www.springframework.org/schema/tool/spring-tool-4.2.xsd] in classpath: org/springframework/beans/factory/xml/spring-tool-4.2.xsd
2016-02-03 19:52:26,903 TRACE   main [org.springframework.beans.factory.xml.PluggableSchemaResolver] Trying to resolve XML entity with public id [null] and system id [http://www.springframework.org/schema/ldap/spring-ldap.xsd]
2016-02-03 19:52:26,904 DEBUG   main [org.springframework.beans.factory.xml.PluggableSchemaResolver] Found XML schema [http://www.springframework.org/schema/ldap/spring-ldap.xsd] in classpath: org/springframework/ldap/config/spring-ldap-2.0.xsd
2016-02-03 19:52:26,920 TRACE   main [org.springframework.beans.factory.xml.PluggableSchemaResolver] Trying to resolve XML entity with public id [null] and system id [http://www.springframework.org/schema/data/repository/spring-repository.xsd]
2016-02-03 19:52:26,921 DEBUG   main [org.springframework.beans.factory.xml.PluggableSchemaResolver] Found XML schema [http://www.springframework.org/schema/data/repository/spring-repository.xsd] in classpath: org/springframework/data/repository/config/spring-repository-1.7.xsd
2016-02-03 19:52:26,952 DEBUG   main [org.springframework.beans.factory.xml.DefaultBeanDefinitionDocumentReader] Loading bean definitions
2016-02-03 19:52:26,972 DEBUG   main [org.springframework.beans.factory.xml.DefaultNamespaceHandlerResolver] Loaded NamespaceHandler mappings: {http://www.springframework.org/schema/p=org.springframework.beans.factory.xml.SimplePropertyNamespaceHandler, http://www.springframework.org/schema/util=org.springframework.beans.factory.xml.UtilNamespaceHandler, http://www.springframework.org/schema/jee=org.springframework.ejb.config.JeeNamespaceHandler, http://www.springframework.org/schema/aop=org.springframework.aop.config.AopNamespaceHandler, http://www.springframework.org/schema/data/repository=org.springframework.data.repository.config.RepositoryNameSpaceHandler, http://www.springframework.org/schema/cache=org.springframework.cache.config.CacheNamespaceHandler, http://www.springframework.org/schema/c=org.springframework.beans.factory.xml.SimpleConstructorNamespaceHandler, http://www.springframework.org/schema/ldap=org.springframework.ldap.config.LdapNamespaceHandler, http://www.springframework.org/schema/tx=org.springframework.transaction.config.TxNamespaceHandler, http://www.springframework.org/schema/task=org.springframework.scheduling.config.TaskNamespaceHandler, http://www.springframework.org/schema/lang=org.springframework.scripting.config.LangNamespaceHandler, http://www.springframework.org/schema/context=org.springframework.context.config.ContextNamespaceHandler}
2016-02-03 19:52:27,003 DEBUG   main [org.springframework.core.env.StandardEnvironment] Adding [systemProperties] PropertySource with lowest search precedence
2016-02-03 19:52:27,003 DEBUG   main [org.springframework.core.env.StandardEnvironment] Adding [systemEnvironment] PropertySource with lowest search precedence
2016-02-03 19:52:27,004 DEBUG   main [org.springframework.core.env.StandardEnvironment] Initialized StandardEnvironment with PropertySources [systemProperties,systemEnvironment]
2016-02-03 19:52:27,023 DEBUG   main [org.springframework.core.io.support.PathMatchingResourcePatternResolver] Looking for matching resources in directory tree [C:\Eclipse\workspace\spring-ldap-example\bin\ldap\advance\example]
2016-02-03 19:52:27,024 DEBUG   main [org.springframework.core.io.support.PathMatchingResourcePatternResolver] Searching directory [C:\Eclipse\workspace\spring-ldap-example\bin\ldap\advance\example] for files matching pattern [C:/Eclipse/workspace/spring-ldap-example/bin/ldap/advance/example/**/*.class]
2016-02-03 19:52:27,026 DEBUG   main [org.springframework.core.io.support.PathMatchingResourcePatternResolver] Searching directory [C:\Eclipse\workspace\spring-ldap-example\bin\ldap\advance\example\test] for files matching pattern [C:/Eclipse/workspace/spring-ldap-example/bin/ldap/advance/example/**/*.class]
2016-02-03 19:52:27,035 DEBUG   main [org.springframework.core.io.support.PathMatchingResourcePatternResolver] Resolved location pattern [classpath*:ldap/advance/example/**/*.class] to resources [file [C:\Eclipse\workspace\spring-ldap-example\bin\ldap\advance\example\test\LdapApp.class], file [C:\Eclipse\workspace\spring-ldap-example\bin\ldap\advance\example\User.class], file [C:\Eclipse\workspace\spring-ldap-example\bin\ldap\advance\example\UserRepositoryImpl$MultipleAttributesMapper.class], file [C:\Eclipse\workspace\spring-ldap-example\bin\ldap\advance\example\UserRepositoryImpl$SingleAttributesMapper.class], file [C:\Eclipse\workspace\spring-ldap-example\bin\ldap\advance\example\UserRepositoryImpl$UserAttributesMapper.class], file [C:\Eclipse\workspace\spring-ldap-example\bin\ldap\advance\example\UserRepositoryImpl.class], file [C:\Eclipse\workspace\spring-ldap-example\bin\ldap\advance\example\UserRepositoryIntf.class]]
2016-02-03 19:52:27,035 TRACE   main [org.springframework.context.annotation.ClassPathBeanDefinitionScanner] Scanning file [C:\Eclipse\workspace\spring-ldap-example\bin\ldap\advance\example\test\LdapApp.class]
2016-02-03 19:52:27,065 TRACE   main [org.springframework.context.annotation.ClassPathBeanDefinitionScanner] Ignored because not matching any filter: file [C:\Eclipse\workspace\spring-ldap-example\bin\ldap\advance\example\test\LdapApp.class]
2016-02-03 19:52:27,066 TRACE   main [org.springframework.context.annotation.ClassPathBeanDefinitionScanner] Scanning file [C:\Eclipse\workspace\spring-ldap-example\bin\ldap\advance\example\User.class]
2016-02-03 19:52:27,067 TRACE   main [org.springframework.context.annotation.ClassPathBeanDefinitionScanner] Ignored because not matching any filter: file [C:\Eclipse\workspace\spring-ldap-example\bin\ldap\advance\example\User.class]
2016-02-03 19:52:27,067 TRACE   main [org.springframework.context.annotation.ClassPathBeanDefinitionScanner] Scanning file [C:\Eclipse\workspace\spring-ldap-example\bin\ldap\advance\example\UserRepositoryImpl$MultipleAttributesMapper.class]
2016-02-03 19:52:27,068 TRACE   main [org.springframework.context.annotation.ClassPathBeanDefinitionScanner] Ignored because not matching any filter: file [C:\Eclipse\workspace\spring-ldap-example\bin\ldap\advance\example\UserRepositoryImpl$MultipleAttributesMapper.class]
2016-02-03 19:52:27,068 TRACE   main [org.springframework.context.annotation.ClassPathBeanDefinitionScanner] Scanning file [C:\Eclipse\workspace\spring-ldap-example\bin\ldap\advance\example\UserRepositoryImpl$SingleAttributesMapper.class]
2016-02-03 19:52:27,069 TRACE   main [org.springframework.context.annotation.ClassPathBeanDefinitionScanner] Ignored because not matching any filter: file [C:\Eclipse\workspace\spring-ldap-example\bin\ldap\advance\example\UserRepositoryImpl$SingleAttributesMapper.class]
2016-02-03 19:52:27,069 TRACE   main [org.springframework.context.annotation.ClassPathBeanDefinitionScanner] Scanning file [C:\Eclipse\workspace\spring-ldap-example\bin\ldap\advance\example\UserRepositoryImpl$UserAttributesMapper.class]
2016-02-03 19:52:27,070 TRACE   main [org.springframework.context.annotation.ClassPathBeanDefinitionScanner] Ignored because not matching any filter: file [C:\Eclipse\workspace\spring-ldap-example\bin\ldap\advance\example\UserRepositoryImpl$UserAttributesMapper.class]
2016-02-03 19:52:27,070 TRACE   main [org.springframework.context.annotation.ClassPathBeanDefinitionScanner] Scanning file [C:\Eclipse\workspace\spring-ldap-example\bin\ldap\advance\example\UserRepositoryImpl.class]
2016-02-03 19:52:27,092 DEBUG   main [org.springframework.context.annotation.ClassPathBeanDefinitionScanner] Identified candidate component class: file [C:\Eclipse\workspace\spring-ldap-example\bin\ldap\advance\example\UserRepositoryImpl.class]
2016-02-03 19:52:27,093 TRACE   main [org.springframework.context.annotation.ClassPathBeanDefinitionScanner] Scanning file [C:\Eclipse\workspace\spring-ldap-example\bin\ldap\advance\example\UserRepositoryIntf.class]
2016-02-03 19:52:27,093 TRACE   main [org.springframework.context.annotation.ClassPathBeanDefinitionScanner] Ignored because not matching any filter: file [C:\Eclipse\workspace\spring-ldap-example\bin\ldap\advance\example\UserRepositoryIntf.class]
2016-02-03 19:52:27,175 DEBUG   main [org.springframework.beans.factory.xml.XmlBeanDefinitionReader] Loaded 9 bean definitions from location pattern [spring-ldap-example.xml]
2016-02-03 19:52:27,175 DEBUG   main [org.springframework.context.support.ClassPathXmlApplicationContext] Bean factory for org.springframework.context.support.ClassPathXmlApplicationContext@89ec211: org.springframework.beans.factory.support.DefaultListableBeanFactory@56a45c4: defining beans [userRepositoryImpl,org.springframework.context.annotation.internalConfigurationAnnotationProcessor,org.springframework.context.annotation.internalAutowiredAnnotationProcessor,org.springframework.context.annotation.internalRequiredAnnotationProcessor,org.springframework.context.annotation.internalCommonAnnotationProcessor,simpleDirContextAuthenticationStrategy,userReposImpl,contextSource,ldapTemplate]; root of factory hierarchy
2016-02-03 19:52:27,243 DEBUG   main [org.springframework.beans.factory.support.DefaultListableBeanFactory] Creating shared instance of singleton bean 'org.springframework.context.annotation.internalConfigurationAnnotationProcessor'
2016-02-03 19:52:27,244 DEBUG   main [org.springframework.beans.factory.support.DefaultListableBeanFactory] Creating instance of bean 'org.springframework.context.annotation.internalConfigurationAnnotationProcessor'
2016-02-03 19:52:27,274 DEBUG   main [org.springframework.beans.factory.support.DefaultListableBeanFactory] Eagerly caching bean 'org.springframework.context.annotation.internalConfigurationAnnotationProcessor' to allow for resolving potential circular references
2016-02-03 19:52:27,277 DEBUG   main [org.springframework.beans.factory.support.DefaultListableBeanFactory] Finished creating instance of bean 'org.springframework.context.annotation.internalConfigurationAnnotationProcessor'
2016-02-03 19:52:27,442 DEBUG   main [org.springframework.beans.factory.support.DefaultListableBeanFactory] Creating shared instance of singleton bean 'org.springframework.context.annotation.internalAutowiredAnnotationProcessor'
2016-02-03 19:52:27,442 DEBUG   main [org.springframework.beans.factory.support.DefaultListableBeanFactory] Creating instance of bean 'org.springframework.context.annotation.internalAutowiredAnnotationProcessor'
2016-02-03 19:52:27,444 DEBUG   main [org.springframework.beans.factory.support.DefaultListableBeanFactory] Eagerly caching bean 'org.springframework.context.annotation.internalAutowiredAnnotationProcessor' to allow for resolving potential circular references
2016-02-03 19:52:27,445 DEBUG   main [org.springframework.beans.factory.support.DefaultListableBeanFactory] Finished creating instance of bean 'org.springframework.context.annotation.internalAutowiredAnnotationProcessor'
2016-02-03 19:52:27,449 DEBUG   main [org.springframework.beans.factory.support.DefaultListableBeanFactory] Creating shared instance of singleton bean 'org.springframework.context.annotation.internalRequiredAnnotationProcessor'
2016-02-03 19:52:27,449 DEBUG   main [org.springframework.beans.factory.support.DefaultListableBeanFactory] Creating instance of bean 'org.springframework.context.annotation.internalRequiredAnnotationProcessor'
2016-02-03 19:52:27,452 DEBUG   main [org.springframework.beans.factory.support.DefaultListableBeanFactory] Eagerly caching bean 'org.springframework.context.annotation.internalRequiredAnnotationProcessor' to allow for resolving potential circular references
2016-02-03 19:52:27,453 DEBUG   main [org.springframework.beans.factory.support.DefaultListableBeanFactory] Finished creating instance of bean 'org.springframework.context.annotation.internalRequiredAnnotationProcessor'
2016-02-03 19:52:27,453 DEBUG   main [org.springframework.beans.factory.support.DefaultListableBeanFactory] Creating shared instance of singleton bean 'org.springframework.context.annotation.internalCommonAnnotationProcessor'
2016-02-03 19:52:27,453 DEBUG   main [org.springframework.beans.factory.support.DefaultListableBeanFactory] Creating instance of bean 'org.springframework.context.annotation.internalCommonAnnotationProcessor'
2016-02-03 19:52:27,488 DEBUG   main [org.springframework.beans.factory.support.DefaultListableBeanFactory] Eagerly caching bean 'org.springframework.context.annotation.internalCommonAnnotationProcessor' to allow for resolving potential circular references
2016-02-03 19:52:27,488 DEBUG   main [org.springframework.beans.factory.support.DefaultListableBeanFactory] Finished creating instance of bean 'org.springframework.context.annotation.internalCommonAnnotationProcessor'
2016-02-03 19:52:27,488 DEBUG   main [org.springframework.beans.factory.support.DefaultListableBeanFactory] Creating shared instance of singleton bean 'org.springframework.context.annotation.ConfigurationClassPostProcessor.importAwareProcessor'
2016-02-03 19:52:27,488 DEBUG   main [org.springframework.beans.factory.support.DefaultListableBeanFactory] Creating instance of bean 'org.springframework.context.annotation.ConfigurationClassPostProcessor.importAwareProcessor'
2016-02-03 19:52:27,488 DEBUG   main [org.springframework.beans.factory.support.DefaultListableBeanFactory] Eagerly caching bean 'org.springframework.context.annotation.ConfigurationClassPostProcessor.importAwareProcessor' to allow for resolving potential circular references
2016-02-03 19:52:27,488 DEBUG   main [org.springframework.beans.factory.support.DefaultListableBeanFactory] Finished creating instance of bean 'org.springframework.context.annotation.ConfigurationClassPostProcessor.importAwareProcessor'
2016-02-03 19:52:27,488 DEBUG   main [org.springframework.beans.factory.support.DefaultListableBeanFactory] Creating shared instance of singleton bean 'org.springframework.context.annotation.ConfigurationClassPostProcessor.enhancedConfigurationProcessor'
2016-02-03 19:52:27,488 DEBUG   main [org.springframework.beans.factory.support.DefaultListableBeanFactory] Creating instance of bean 'org.springframework.context.annotation.ConfigurationClassPostProcessor.enhancedConfigurationProcessor'
2016-02-03 19:52:27,489 DEBUG   main [org.springframework.beans.factory.support.DefaultListableBeanFactory] Eagerly caching bean 'org.springframework.context.annotation.ConfigurationClassPostProcessor.enhancedConfigurationProcessor' to allow for resolving potential circular references
2016-02-03 19:52:27,489 DEBUG   main [org.springframework.beans.factory.support.DefaultListableBeanFactory] Finished creating instance of bean 'org.springframework.context.annotation.ConfigurationClassPostProcessor.enhancedConfigurationProcessor'
2016-02-03 19:52:27,495 DEBUG   main [org.springframework.context.support.ClassPathXmlApplicationContext] Unable to locate MessageSource with name 'messageSource': using default [org.springframework.context.support.DelegatingMessageSource@190bf402]
2016-02-03 19:52:27,500 DEBUG   main [org.springframework.context.support.ClassPathXmlApplicationContext] Unable to locate ApplicationEventMulticaster with name 'applicationEventMulticaster': using default [org.springframework.context.event.SimpleApplicationEventMulticaster@1b2090ab]
2016-02-03 19:52:27,502 DEBUG   main [org.springframework.beans.factory.support.DefaultListableBeanFactory] Pre-instantiating singletons in org.springframework.beans.factory.support.DefaultListableBeanFactory@56a45c4: defining beans [userRepositoryImpl,org.springframework.context.annotation.internalConfigurationAnnotationProcessor,org.springframework.context.annotation.internalAutowiredAnnotationProcessor,org.springframework.context.annotation.internalRequiredAnnotationProcessor,org.springframework.context.annotation.internalCommonAnnotationProcessor,simpleDirContextAuthenticationStrategy,userReposImpl,contextSource,ldapTemplate,org.springframework.context.annotation.ConfigurationClassPostProcessor.importAwareProcessor,org.springframework.context.annotation.ConfigurationClassPostProcessor.enhancedConfigurationProcessor]; root of factory hierarchy
2016-02-03 19:52:27,502 DEBUG   main [org.springframework.beans.factory.support.DefaultListableBeanFactory] Creating shared instance of singleton bean 'userRepositoryImpl'
2016-02-03 19:52:27,502 DEBUG   main [org.springframework.beans.factory.support.DefaultListableBeanFactory] Creating instance of bean 'userRepositoryImpl'
2016-02-03 19:52:27,538 DEBUG   main [org.springframework.beans.factory.annotation.InjectionMetadata] Registered injected element on class [ldap.advance.example.UserRepositoryImpl]: AutowiredFieldElement for private org.springframework.ldap.core.LdapTemplate ldap.advance.example.UserRepositoryImpl.ldapTemplate
2016-02-03 19:52:27,538 DEBUG   main [org.springframework.beans.factory.support.DefaultListableBeanFactory] Eagerly caching bean 'userRepositoryImpl' to allow for resolving potential circular references
2016-02-03 19:52:27,543 TRACE   main [org.springframework.core.io.support.SpringFactoriesLoader] Loaded [org.springframework.beans.BeanInfoFactory] names: [org.springframework.beans.ExtendedBeanInfoFactory]
2016-02-03 19:52:27,543 TRACE   main [org.springframework.beans.CachedIntrospectionResults] Getting BeanInfo for class [ldap.advance.example.UserRepositoryImpl]
2016-02-03 19:52:27,549 TRACE   main [org.springframework.beans.CachedIntrospectionResults] Caching PropertyDescriptors for class [ldap.advance.example.UserRepositoryImpl]
2016-02-03 19:52:27,549 TRACE   main [org.springframework.beans.CachedIntrospectionResults] Found bean property 'allUserNames' of type [java.util.List]
2016-02-03 19:52:27,555 TRACE   main [org.springframework.beans.CachedIntrospectionResults] Found bean property 'allUsers' of type [java.util.List]
2016-02-03 19:52:27,556 TRACE   main [org.springframework.beans.CachedIntrospectionResults] Found bean property 'class' of type [java.lang.Class]
2016-02-03 19:52:27,563 DEBUG   main [org.springframework.beans.factory.annotation.InjectionMetadata] Processing injected element of bean 'userRepositoryImpl': AutowiredFieldElement for private org.springframework.ldap.core.LdapTemplate ldap.advance.example.UserRepositoryImpl.ldapTemplate
2016-02-03 19:52:27,575 DEBUG   main [org.springframework.beans.factory.support.DefaultListableBeanFactory] Creating shared instance of singleton bean 'ldapTemplate'
2016-02-03 19:52:27,575 DEBUG   main [org.springframework.beans.factory.support.DefaultListableBeanFactory] Creating instance of bean 'ldapTemplate'
2016-02-03 19:52:27,603 DEBUG   main [org.springframework.beans.factory.support.DefaultListableBeanFactory] Eagerly caching bean 'ldapTemplate' to allow for resolving potential circular references
2016-02-03 19:52:27,604 TRACE   main [org.springframework.beans.CachedIntrospectionResults] Getting BeanInfo for class [org.springframework.ldap.core.LdapTemplate]
2016-02-03 19:52:27,634 TRACE   main [org.springframework.beans.CachedIntrospectionResults] Caching PropertyDescriptors for class [org.springframework.ldap.core.LdapTemplate]
2016-02-03 19:52:27,635 TRACE   main [org.springframework.beans.CachedIntrospectionResults] Found bean property 'class' of type [java.lang.Class]
2016-02-03 19:52:27,635 TRACE   main [org.springframework.beans.CachedIntrospectionResults] Found bean property 'contextSource' of type [org.springframework.ldap.core.ContextSource]
2016-02-03 19:52:27,635 TRACE   main [org.springframework.beans.CachedIntrospectionResults] Found bean property 'defaultCountLimit' of type [int]
2016-02-03 19:52:27,635 TRACE   main [org.springframework.beans.CachedIntrospectionResults] Found bean property 'defaultSearchScope' of type [int]
2016-02-03 19:52:27,636 TRACE   main [org.springframework.beans.CachedIntrospectionResults] Found bean property 'defaultTimeLimit' of type [int]
2016-02-03 19:52:27,636 TRACE   main [org.springframework.beans.CachedIntrospectionResults] Found bean property 'ignoreNameNotFoundException' of type [boolean]
2016-02-03 19:52:27,636 TRACE   main [org.springframework.beans.CachedIntrospectionResults] Found bean property 'ignorePartialResultException' of type [boolean]
2016-02-03 19:52:27,636 TRACE   main [org.springframework.beans.CachedIntrospectionResults] Found bean property 'ignoreSizeLimitExceededException' of type [boolean]
2016-02-03 19:52:27,637 TRACE   main [org.springframework.beans.CachedIntrospectionResults] Found bean property 'objectDirectoryMapper' of type [org.springframework.ldap.odm.core.ObjectDirectoryMapper]
2016-02-03 19:52:27,639 DEBUG   main [org.springframework.beans.factory.support.DefaultListableBeanFactory] Creating shared instance of singleton bean 'contextSource'
2016-02-03 19:52:27,639 DEBUG   main [org.springframework.beans.factory.support.DefaultListableBeanFactory] Creating instance of bean 'contextSource'
2016-02-03 19:52:27,664 DEBUG   main [org.springframework.beans.factory.support.DefaultListableBeanFactory] Creating instance of bean '(inner bean)#1f5ffded'
2016-02-03 19:52:27,739 TRACE   main [org.springframework.beans.CachedIntrospectionResults] Getting BeanInfo for class [org.springframework.ldap.core.support.LdapContextSource]
2016-02-03 19:52:27,745 TRACE   main [org.springframework.beans.CachedIntrospectionResults] Caching PropertyDescriptors for class [org.springframework.ldap.core.support.LdapContextSource]
2016-02-03 19:52:27,745 TRACE   main [org.springframework.beans.CachedIntrospectionResults] Found bean property 'anonymousReadOnly' of type [boolean]
2016-02-03 19:52:27,746 TRACE   main [org.springframework.beans.CachedIntrospectionResults] Found bean property 'authenticationSource' of type [org.springframework.ldap.core.AuthenticationSource]
2016-02-03 19:52:27,746 TRACE   main [org.springframework.beans.CachedIntrospectionResults] Found bean property 'authenticationStrategy' of type [org.springframework.ldap.core.support.DirContextAuthenticationStrategy]
2016-02-03 19:52:27,746 TRACE   main [org.springframework.beans.CachedIntrospectionResults] Found bean property 'base' of type [java.lang.String]
2016-02-03 19:52:27,747 TRACE   main [org.springframework.beans.CachedIntrospectionResults] Found bean property 'baseEnvironmentProperties' of type [java.util.Map]
2016-02-03 19:52:27,748 TRACE   main [org.springframework.beans.CachedIntrospectionResults] Found bean property 'baseLdapName' of type [javax.naming.ldap.LdapName]
2016-02-03 19:52:27,749 TRACE   main [org.springframework.beans.CachedIntrospectionResults] Found bean property 'baseLdapPath' of type [org.springframework.ldap.core.DistinguishedName]
2016-02-03 19:52:27,749 TRACE   main [org.springframework.beans.CachedIntrospectionResults] Found bean property 'baseLdapPathAsString' of type [java.lang.String]
2016-02-03 19:52:27,749 TRACE   main [org.springframework.beans.CachedIntrospectionResults] Found bean property 'cacheEnvironmentProperties' of type [boolean]
2016-02-03 19:52:27,749 TRACE   main [org.springframework.beans.CachedIntrospectionResults] Found bean property 'class' of type [java.lang.Class]
2016-02-03 19:52:27,750 TRACE   main [org.springframework.beans.CachedIntrospectionResults] Found bean property 'contextFactory' of type [java.lang.Class]
2016-02-03 19:52:27,750 TRACE   main [org.springframework.beans.CachedIntrospectionResults] Found bean property 'dirObjectFactory' of type [java.lang.Class]
2016-02-03 19:52:27,750 TRACE   main [org.springframework.beans.CachedIntrospectionResults] Found bean property 'password' of type [java.lang.String]
2016-02-03 19:52:27,750 TRACE   main [org.springframework.beans.CachedIntrospectionResults] Found bean property 'pooled' of type [boolean]
2016-02-03 19:52:27,750 TRACE   main [org.springframework.beans.CachedIntrospectionResults] Found bean property 'readOnlyContext' of type [javax.naming.directory.DirContext]
2016-02-03 19:52:27,751 TRACE   main [org.springframework.beans.CachedIntrospectionResults] Found bean property 'readWriteContext' of type [javax.naming.directory.DirContext]
2016-02-03 19:52:27,751 TRACE   main [org.springframework.beans.CachedIntrospectionResults] Found bean property 'referral' of type [java.lang.String]
2016-02-03 19:52:27,752 TRACE   main [org.springframework.beans.CachedIntrospectionResults] Found bean property 'url' of type [java.lang.String]
2016-02-03 19:52:27,752 TRACE   main [org.springframework.beans.CachedIntrospectionResults] Found bean property 'urls' of type [[Ljava.lang.String;]
2016-02-03 19:52:27,752 TRACE   main [org.springframework.beans.CachedIntrospectionResults] Found bean property 'userDn' of type [java.lang.String]
2016-02-03 19:52:27,758 DEBUG   main [org.springframework.beans.factory.support.DefaultListableBeanFactory] Creating instance of bean '(inner bean)#6c7733eb'
2016-02-03 19:52:27,764 TRACE   main [org.springframework.beans.CachedIntrospectionResults] Getting BeanInfo for class [[Ljava.lang.String;]
2016-02-03 19:52:27,765 TRACE   main [org.springframework.beans.CachedIntrospectionResults] Caching PropertyDescriptors for class [[Ljava.lang.String;]
2016-02-03 19:52:27,765 TRACE   main [org.springframework.beans.CachedIntrospectionResults] Found bean property 'class' of type [java.lang.Class]
2016-02-03 19:52:27,766 DEBUG   main [org.springframework.beans.factory.support.DefaultListableBeanFactory] Finished creating instance of bean '(inner bean)#6c7733eb'
2016-02-03 19:52:27,767 DEBUG   main [org.springframework.beans.factory.support.DefaultListableBeanFactory] Creating shared instance of singleton bean 'simpleDirContextAuthenticationStrategy'
2016-02-03 19:52:27,767 DEBUG   main [org.springframework.beans.factory.support.DefaultListableBeanFactory] Creating instance of bean 'simpleDirContextAuthenticationStrategy'
2016-02-03 19:52:27,767 DEBUG   main [org.springframework.beans.factory.support.DefaultListableBeanFactory] Eagerly caching bean 'simpleDirContextAuthenticationStrategy' to allow for resolving potential circular references
2016-02-03 19:52:27,767 TRACE   main [org.springframework.beans.CachedIntrospectionResults] Getting BeanInfo for class [org.springframework.ldap.core.support.SimpleDirContextAuthenticationStrategy]
2016-02-03 19:52:27,769 TRACE   main [org.springframework.beans.CachedIntrospectionResults] Caching PropertyDescriptors for class [org.springframework.ldap.core.support.SimpleDirContextAuthenticationStrategy]
2016-02-03 19:52:27,769 TRACE   main [org.springframework.beans.CachedIntrospectionResults] Found bean property 'class' of type [java.lang.Class]
2016-02-03 19:52:27,769 DEBUG   main [org.springframework.beans.factory.support.DefaultListableBeanFactory] Finished creating instance of bean 'simpleDirContextAuthenticationStrategy'
2016-02-03 19:52:27,773 DEBUG   main [org.springframework.beans.factory.support.DefaultListableBeanFactory] Invoking afterPropertiesSet() on bean with name '(inner bean)#1f5ffded'
2016-02-03 19:52:27,777 DEBUG   main [org.springframework.beans.factory.support.DefaultListableBeanFactory] Finished creating instance of bean '(inner bean)#1f5ffded'
2016-02-03 19:52:27,788 DEBUG   main [org.springframework.beans.factory.support.DefaultListableBeanFactory] Eagerly caching bean 'contextSource' to allow for resolving potential circular references
2016-02-03 19:52:27,789 TRACE   main [org.springframework.beans.CachedIntrospectionResults] Getting BeanInfo for class [org.springframework.ldap.transaction.compensating.manager.TransactionAwareContextSourceProxy]
2016-02-03 19:52:27,791 TRACE   main [org.springframework.beans.CachedIntrospectionResults] Caching PropertyDescriptors for class [org.springframework.ldap.transaction.compensating.manager.TransactionAwareContextSourceProxy]
2016-02-03 19:52:27,792 TRACE   main [org.springframework.beans.CachedIntrospectionResults] Found bean property 'baseLdapName' of type [javax.naming.ldap.LdapName]
2016-02-03 19:52:27,792 TRACE   main [org.springframework.beans.CachedIntrospectionResults] Found bean property 'baseLdapPath' of type [org.springframework.ldap.core.DistinguishedName]
2016-02-03 19:52:27,792 TRACE   main [org.springframework.beans.CachedIntrospectionResults] Found bean property 'baseLdapPathAsString' of type [java.lang.String]
2016-02-03 19:52:27,792 TRACE   main [org.springframework.beans.CachedIntrospectionResults] Found bean property 'class' of type [java.lang.Class]
2016-02-03 19:52:27,792 TRACE   main [org.springframework.beans.CachedIntrospectionResults] Found bean property 'readOnlyContext' of type [javax.naming.directory.DirContext]
2016-02-03 19:52:27,793 TRACE   main [org.springframework.beans.CachedIntrospectionResults] Found bean property 'readWriteContext' of type [javax.naming.directory.DirContext]
2016-02-03 19:52:27,793 TRACE   main [org.springframework.beans.CachedIntrospectionResults] Found bean property 'target' of type [org.springframework.ldap.core.ContextSource]
2016-02-03 19:52:27,793 DEBUG   main [org.springframework.beans.factory.support.DefaultListableBeanFactory] Finished creating instance of bean 'contextSource'
2016-02-03 19:52:27,795 DEBUG   main [org.springframework.beans.factory.support.DefaultListableBeanFactory] Invoking afterPropertiesSet() on bean with name 'ldapTemplate'
2016-02-03 19:52:27,795 DEBUG   main [org.springframework.beans.factory.support.DefaultListableBeanFactory] Finished creating instance of bean 'ldapTemplate'
2016-02-03 19:52:27,795 DEBUG   main [org.springframework.beans.factory.annotation.AutowiredAnnotationBeanPostProcessor] Autowiring by type from bean name 'userRepositoryImpl' to bean named 'ldapTemplate'
2016-02-03 19:52:27,799 DEBUG   main [org.springframework.beans.factory.support.DefaultListableBeanFactory] Finished creating instance of bean 'userRepositoryImpl'
2016-02-03 19:52:27,799 DEBUG   main [org.springframework.beans.factory.support.DefaultListableBeanFactory] Returning cached instance of singleton bean 'org.springframework.context.annotation.internalConfigurationAnnotationProcessor'
2016-02-03 19:52:27,799 DEBUG   main [org.springframework.beans.factory.support.DefaultListableBeanFactory] Returning cached instance of singleton bean 'org.springframework.context.annotation.internalAutowiredAnnotationProcessor'
2016-02-03 19:52:27,799 DEBUG   main [org.springframework.beans.factory.support.DefaultListableBeanFactory] Returning cached instance of singleton bean 'org.springframework.context.annotation.internalRequiredAnnotationProcessor'
2016-02-03 19:52:27,800 DEBUG   main [org.springframework.beans.factory.support.DefaultListableBeanFactory] Returning cached instance of singleton bean 'org.springframework.context.annotation.internalCommonAnnotationProcessor'
2016-02-03 19:52:27,800 DEBUG   main [org.springframework.beans.factory.support.DefaultListableBeanFactory] Returning cached instance of singleton bean 'simpleDirContextAuthenticationStrategy'
2016-02-03 19:52:27,800 DEBUG   main [org.springframework.beans.factory.support.DefaultListableBeanFactory] Creating shared instance of singleton bean 'userReposImpl'
2016-02-03 19:52:27,800 DEBUG   main [org.springframework.beans.factory.support.DefaultListableBeanFactory] Creating instance of bean 'userReposImpl'
2016-02-03 19:52:27,801 DEBUG   main [org.springframework.beans.factory.annotation.InjectionMetadata] Registered injected element on class [ldap.advance.example.UserRepositoryImpl]: AutowiredFieldElement for private org.springframework.ldap.core.LdapTemplate ldap.advance.example.UserRepositoryImpl.ldapTemplate
2016-02-03 19:52:27,801 DEBUG   main [org.springframework.beans.factory.support.DefaultListableBeanFactory] Eagerly caching bean 'userReposImpl' to allow for resolving potential circular references
2016-02-03 19:52:27,801 DEBUG   main [org.springframework.beans.factory.annotation.InjectionMetadata] Processing injected element of bean 'userReposImpl': AutowiredFieldElement for private org.springframework.ldap.core.LdapTemplate ldap.advance.example.UserRepositoryImpl.ldapTemplate
2016-02-03 19:52:27,801 DEBUG   main [org.springframework.beans.factory.support.DefaultListableBeanFactory] Returning cached instance of singleton bean 'ldapTemplate'
2016-02-03 19:52:27,801 DEBUG   main [org.springframework.beans.factory.annotation.AutowiredAnnotationBeanPostProcessor] Autowiring by type from bean name 'userReposImpl' to bean named 'ldapTemplate'
2016-02-03 19:52:27,801 DEBUG   main [org.springframework.beans.factory.support.DefaultListableBeanFactory] Finished creating instance of bean 'userReposImpl'
2016-02-03 19:52:27,801 DEBUG   main [org.springframework.beans.factory.support.DefaultListableBeanFactory] Returning cached instance of singleton bean 'contextSource'
2016-02-03 19:52:27,801 DEBUG   main [org.springframework.beans.factory.support.DefaultListableBeanFactory] Returning cached instance of singleton bean 'ldapTemplate'
2016-02-03 19:52:27,802 DEBUG   main [org.springframework.beans.factory.support.DefaultListableBeanFactory] Returning cached instance of singleton bean 'org.springframework.context.annotation.ConfigurationClassPostProcessor.importAwareProcessor'
2016-02-03 19:52:27,802 DEBUG   main [org.springframework.beans.factory.support.DefaultListableBeanFactory] Returning cached instance of singleton bean 'org.springframework.context.annotation.ConfigurationClassPostProcessor.enhancedConfigurationProcessor'
2016-02-03 19:52:27,803 DEBUG   main [org.springframework.context.support.ClassPathXmlApplicationContext] Unable to locate LifecycleProcessor with name 'lifecycleProcessor': using default [org.springframework.context.support.DefaultLifecycleProcessor@7c182454]
2016-02-03 19:52:27,803 DEBUG   main [org.springframework.beans.factory.support.DefaultListableBeanFactory] Returning cached instance of singleton bean 'lifecycleProcessor'
2016-02-03 19:52:27,804 TRACE   main [org.springframework.context.support.ClassPathXmlApplicationContext] Publishing event in org.springframework.context.support.ClassPathXmlApplicationContext@89ec211: org.springframework.context.event.ContextRefreshedEvent[source=org.springframework.context.support.ClassPathXmlApplicationContext@89ec211: startup date [Wed Feb 03 19:52:26 EST 2016]; root of context hierarchy]
2016-02-03 19:52:27,805 TRACE   main [org.springframework.core.env.PropertySourcesPropertyResolver] getProperty("spring.liveBeansView.mbeanDomain", String)
2016-02-03 19:52:27,805 DEBUG   main [org.springframework.core.env.PropertySourcesPropertyResolver] Searching for key 'spring.liveBeansView.mbeanDomain' in [systemProperties]
2016-02-03 19:52:27,805 DEBUG   main [org.springframework.core.env.PropertySourcesPropertyResolver] Searching for key 'spring.liveBeansView.mbeanDomain' in [systemEnvironment]
2016-02-03 19:52:27,805 DEBUG   main [org.springframework.core.env.PropertySourcesPropertyResolver] Could not find key 'spring.liveBeansView.mbeanDomain' in any property source. Returning [null]
2016-02-03 19:52:27,806 INFO   main [ldap.advance.example.test.LdapApp] Test started at Wed Feb 03 19:52:26 EST 2016
2016-02-03 19:52:27,806 DEBUG   main [org.springframework.beans.factory.support.DefaultListableBeanFactory] Returning cached instance of singleton bean 'userReposImpl'
2016-02-03 19:52:27,806 INFO   main [ldap.advance.example.UserRepositoryImpl] executing {createUser}
2016-02-03 20:00:58,833 DEBUG   main [org.springframework.core.env.StandardEnvironment] Adding [systemProperties] PropertySource with lowest search precedence
2016-02-03 20:00:58,837 DEBUG   main [org.springframework.core.env.StandardEnvironment] Adding [systemEnvironment] PropertySource with lowest search precedence
2016-02-03 20:00:58,838 DEBUG   main [org.springframework.core.env.StandardEnvironment] Initialized StandardEnvironment with PropertySources [systemProperties,systemEnvironment]
2016-02-03 20:00:58,845 INFO   main [org.springframework.context.support.ClassPathXmlApplicationContext] Refreshing org.springframework.context.support.ClassPathXmlApplicationContext@6ed6ee82: startup date [Wed Feb 03 20:00:58 EST 2016]; root of context hierarchy
2016-02-03 20:00:58,905 DEBUG   main [org.springframework.core.env.StandardEnvironment] Adding [systemProperties] PropertySource with lowest search precedence
2016-02-03 20:00:58,906 DEBUG   main [org.springframework.core.env.StandardEnvironment] Adding [systemEnvironment] PropertySource with lowest search precedence
2016-02-03 20:00:58,906 DEBUG   main [org.springframework.core.env.StandardEnvironment] Initialized StandardEnvironment with PropertySources [systemProperties,systemEnvironment]
2016-02-03 20:00:58,928 INFO   main [org.springframework.beans.factory.xml.XmlBeanDefinitionReader] Loading XML bean definitions from class path resource [spring-ldap-example.xml]
2016-02-03 20:00:58,931 DEBUG   main [org.springframework.beans.factory.xml.DefaultDocumentLoader] Using JAXP provider [com.sun.org.apache.xerces.internal.jaxp.DocumentBuilderFactoryImpl]
2016-02-03 20:00:58,985 TRACE   main [org.springframework.beans.factory.xml.PluggableSchemaResolver] Trying to resolve XML entity with public id [null] and system id [http://www.springframework.org/schema/beans/spring-beans.xsd]
2016-02-03 20:00:58,986 DEBUG   main [org.springframework.beans.factory.xml.PluggableSchemaResolver] Loading schema mappings from [META-INF/spring.schemas]
2016-02-03 20:00:59,012 DEBUG   main [org.springframework.beans.factory.xml.PluggableSchemaResolver] Loaded schema mappings: {http://www.springframework.org/schema/tx/spring-tx-2.5.xsd=org/springframework/transaction/config/spring-tx-2.5.xsd, http://www.springframework.org/schema/cache/spring-cache-4.2.xsd=org/springframework/cache/config/spring-cache-4.2.xsd, http://www.springframework.org/schema/aop/spring-aop-4.1.xsd=org/springframework/aop/config/spring-aop-4.1.xsd, http://www.springframework.org/schema/context/spring-context-3.1.xsd=org/springframework/context/config/spring-context-3.1.xsd, http://www.springframework.org/schema/data/repository/spring-repository-1.4.xsd=org/springframework/data/repository/config/spring-repository-1.4.xsd, http://www.springframework.org/schema/util/spring-util-3.0.xsd=org/springframework/beans/factory/xml/spring-util-3.0.xsd, http://www.springframework.org/schema/tool/spring-tool.xsd=org/springframework/beans/factory/xml/spring-tool-4.2.xsd, http://www.springframework.org/schema/aop/spring-aop-3.2.xsd=org/springframework/aop/config/spring-aop-3.2.xsd, http://www.springframework.org/schema/lang/spring-lang-4.1.xsd=org/springframework/scripting/config/spring-lang-4.1.xsd, http://www.springframework.org/schema/context/spring-context-4.0.xsd=org/springframework/context/config/spring-context-4.0.xsd, http://www.springframework.org/schema/beans/spring-beans-4.2.xsd=org/springframework/beans/factory/xml/spring-beans-4.2.xsd, http://www.springframework.org/schema/tool/spring-tool-4.1.xsd=org/springframework/beans/factory/xml/spring-tool-4.1.xsd, http://www.springframework.org/schema/lang/spring-lang-3.2.xsd=org/springframework/scripting/config/spring-lang-3.2.xsd, http://www.springframework.org/schema/cache/spring-cache-3.2.xsd=org/springframework/cache/config/spring-cache-3.2.xsd, http://www.springframework.org/schema/jee/spring-jee-4.1.xsd=org/springframework/ejb/config/spring-jee-4.1.xsd, http://www.springframework.org/schema/task/spring-task-4.2.xsd=org/springframework/scheduling/config/spring-task-4.2.xsd, http://www.springframework.org/schema/util/spring-util-2.0.xsd=org/springframework/beans/factory/xml/spring-util-2.0.xsd, http://www.springframework.org/schema/tool/spring-tool-3.2.xsd=org/springframework/beans/factory/xml/spring-tool-3.2.xsd, http://www.springframework.org/schema/context/spring-context.xsd=org/springframework/context/config/spring-context-4.2.xsd, http://www.springframework.org/schema/tx/spring-tx-4.2.xsd=org/springframework/transaction/config/spring-tx-4.2.xsd, http://www.springframework.org/schema/cache/spring-cache-4.1.xsd=org/springframework/cache/config/spring-cache-4.1.xsd, http://www.springframework.org/schema/aop/spring-aop-4.0.xsd=org/springframework/aop/config/spring-aop-4.0.xsd, http://www.springframework.org/schema/jee/spring-jee-3.2.xsd=org/springframework/ejb/config/spring-jee-3.2.xsd, http://www.springframework.org/schema/context/spring-context-3.0.xsd=org/springframework/context/config/spring-context-3.0.xsd, http://www.springframework.org/schema/util/spring-util-2.5.xsd=org/springframework/beans/factory/xml/spring-util-2.5.xsd, http://www.springframework.org/schema/beans/spring-beans-3.2.xsd=org/springframework/beans/factory/xml/spring-beans-3.2.xsd, http://www.springframework.org/schema/aop/spring-aop-3.1.xsd=org/springframework/aop/config/spring-aop-3.1.xsd, http://www.springframework.org/schema/ldap/spring-ldap-2.0.xsd=org/springframework/ldap/config/spring-ldap-2.0.xsd, http://www.springframework.org/schema/lang/spring-lang-4.0.xsd=org/springframework/scripting/config/spring-lang-4.0.xsd, http://www.springframework.org/schema/beans/spring-beans-4.1.xsd=org/springframework/beans/factory/xml/spring-beans-4.1.xsd, http://www.springframework.org/schema/tool/spring-tool-4.0.xsd=org/springframework/beans/factory/xml/spring-tool-4.0.xsd, http://www.springframework.org/schema/tx/spring-tx-3.2.xsd=org/springframework/transaction/config/spring-tx-3.2.xsd, http://www.springframework.org/schema/lang/spring-lang-3.1.xsd=org/springframework/scripting/config/spring-lang-3.1.xsd, http://www.springframework.org/schema/cache/spring-cache-3.1.xsd=org/springframework/cache/config/spring-cache-3.1.xsd, http://www.springframework.org/schema/jee/spring-jee-4.0.xsd=org/springframework/ejb/config/spring-jee-4.0.xsd, http://www.springframework.org/schema/task/spring-task-4.1.xsd=org/springframework/scheduling/config/spring-task-4.1.xsd, http://www.springframework.org/schema/tool/spring-tool-3.1.xsd=org/springframework/beans/factory/xml/spring-tool-3.1.xsd, http://www.springframework.org/schema/tx/spring-tx-4.1.xsd=org/springframework/transaction/config/spring-tx-4.1.xsd, http://www.springframework.org/schema/cache/spring-cache-4.0.xsd=org/springframework/cache/config/spring-cache-4.0.xsd, http://www.springframework.org/schema/jee/spring-jee-3.1.xsd=org/springframework/ejb/config/spring-jee-3.1.xsd, http://www.springframework.org/schema/task/spring-task-3.2.xsd=org/springframework/scheduling/config/spring-task-3.2.xsd, http://www.springframework.org/schema/util/spring-util-4.2.xsd=org/springframework/beans/factory/xml/spring-util-4.2.xsd, http://www.springframework.org/schema/beans/spring-beans-3.1.xsd=org/springframework/beans/factory/xml/spring-beans-3.1.xsd, http://www.springframework.org/schema/util/spring-util.xsd=org/springframework/beans/factory/xml/spring-util-4.2.xsd, http://www.springframework.org/schema/aop/spring-aop-3.0.xsd=org/springframework/aop/config/spring-aop-3.0.xsd, http://www.springframework.org/schema/data/repository/spring-repository.xsd=org/springframework/data/repository/config/spring-repository-1.7.xsd, http://www.springframework.org/schema/data/repository/spring-repository-1.7.xsd=org/springframework/data/repository/config/spring-repository-1.7.xsd, http://www.springframework.org/schema/ldap/spring-ldap.xsd=org/springframework/ldap/config/spring-ldap-2.0.xsd, http://www.springframework.org/schema/beans/spring-beans-4.0.xsd=org/springframework/beans/factory/xml/spring-beans-4.0.xsd, http://www.springframework.org/schema/beans/spring-beans.xsd=org/springframework/beans/factory/xml/spring-beans-4.2.xsd, http://www.springframework.org/schema/tx/spring-tx-3.1.xsd=org/springframework/transaction/config/spring-tx-3.1.xsd, http://www.springframework.org/schema/lang/spring-lang-3.0.xsd=org/springframework/scripting/config/spring-lang-3.0.xsd, http://www.springframework.org/schema/context/spring-context-2.5.xsd=org/springframework/context/config/spring-context-2.5.xsd, http://www.springframework.org/schema/task/spring-task-4.0.xsd=org/springframework/scheduling/config/spring-task-4.0.xsd, http://www.springframework.org/schema/tool/spring-tool-3.0.xsd=org/springframework/beans/factory/xml/spring-tool-3.0.xsd, http://www.springframework.org/schema/tx/spring-tx-4.0.xsd=org/springframework/transaction/config/spring-tx-4.0.xsd, http://www.springframework.org/schema/aop/spring-aop-2.0.xsd=org/springframework/aop/config/spring-aop-2.0.xsd, http://www.springframework.org/schema/jee/spring-jee-3.0.xsd=org/springframework/ejb/config/spring-jee-3.0.xsd, http://www.springframework.org/schema/util/spring-util-4.1.xsd=org/springframework/beans/factory/xml/spring-util-4.1.xsd, http://www.springframework.org/schema/task/spring-task-3.1.xsd=org/springframework/scheduling/config/spring-task-3.1.xsd, http://www.springframework.org/schema/beans/spring-beans-3.0.xsd=org/springframework/beans/factory/xml/spring-beans-3.0.xsd, http://www.springframework.org/schema/jee/spring-jee.xsd=org/springframework/ejb/config/spring-jee-4.2.xsd, http://www.springframework.org/schema/aop/spring-aop-2.5.xsd=org/springframework/aop/config/spring-aop-2.5.xsd, http://www.springframework.org/schema/lang/spring-lang-2.0.xsd=org/springframework/scripting/config/spring-lang-2.0.xsd, http://www.springframework.org/schema/data/repository/spring-repository-1.6.xsd=org/springframework/data/repository/config/spring-repository-1.6.xsd, http://www.springframework.org/schema/util/spring-util-3.2.xsd=org/springframework/beans/factory/xml/spring-util-3.2.xsd, http://www.springframework.org/schema/task/spring-task.xsd=org/springframework/scheduling/config/spring-task-4.2.xsd, http://www.springframework.org/schema/tool/spring-tool-2.0.xsd=org/springframework/beans/factory/xml/spring-tool-2.0.xsd, http://www.springframework.org/schema/tx/spring-tx-3.0.xsd=org/springframework/transaction/config/spring-tx-3.0.xsd, http://www.springframework.org/schema/lang/spring-lang-2.5.xsd=org/springframework/scripting/config/spring-lang-2.5.xsd, http://www.springframework.org/schema/context/spring-context-4.2.xsd=org/springframework/context/config/spring-context-4.2.xsd, http://www.springframework.org/schema/jee/spring-jee-2.0.xsd=org/springframework/ejb/config/spring-jee-2.0.xsd, http://www.springframework.org/schema/tool/spring-tool-2.5.xsd=org/springframework/beans/factory/xml/spring-tool-2.5.xsd, http://www.springframework.org/schema/jee/spring-jee-2.5.xsd=org/springframework/ejb/config/spring-jee-2.5.xsd, http://www.springframework.org/schema/data/repository/spring-repository-1.0.xsd=org/springframework/data/repository/config/spring-repository-1.0.xsd, http://www.springframework.org/schema/util/spring-util-4.0.xsd=org/springframework/beans/factory/xml/spring-util-4.0.xsd, http://www.springframework.org/schema/task/spring-task-3.0.xsd=org/springframework/scheduling/config/spring-task-3.0.xsd, http://www.springframework.org/schema/aop/spring-aop-4.2.xsd=org/springframework/aop/config/spring-aop-4.2.xsd, http://www.springframework.org/schema/lang/spring-lang.xsd=org/springframework/scripting/config/spring-lang-4.2.xsd, http://www.springframework.org/schema/context/spring-context-3.2.xsd=org/springframework/context/config/spring-context-3.2.xsd, http://www.springframework.org/schema/data/repository/spring-repository-1.5.xsd=org/springframework/data/repository/config/spring-repository-1.5.xsd, http://www.springframework.org/schema/util/spring-util-3.1.xsd=org/springframework/beans/factory/xml/spring-util-3.1.xsd, http://www.springframework.org/schema/beans/spring-beans-2.0.xsd=org/springframework/beans/factory/xml/spring-beans-2.0.xsd, http://www.springframework.org/schema/cache/spring-cache.xsd=org/springframework/cache/config/spring-cache-4.2.xsd, http://www.springframework.org/schema/tx/spring-tx.xsd=org/springframework/transaction/config/spring-tx-4.2.xsd, http://www.springframework.org/schema/lang/spring-lang-4.2.xsd=org/springframework/scripting/config/spring-lang-4.2.xsd, http://www.springframework.org/schema/context/spring-context-4.1.xsd=org/springframework/context/config/spring-context-4.1.xsd, http://www.springframework.org/schema/beans/spring-beans-2.5.xsd=org/springframework/beans/factory/xml/spring-beans-2.5.xsd, http://www.springframework.org/schema/tool/spring-tool-4.2.xsd=org/springframework/beans/factory/xml/spring-tool-4.2.xsd, http://www.springframework.org/schema/tx/spring-tx-2.0.xsd=org/springframework/transaction/config/spring-tx-2.0.xsd, http://www.springframework.org/schema/jee/spring-jee-4.2.xsd=org/springframework/ejb/config/spring-jee-4.2.xsd, http://www.springframework.org/schema/aop/spring-aop.xsd=org/springframework/aop/config/spring-aop-4.2.xsd}
2016-02-03 20:00:59,020 DEBUG   main [org.springframework.beans.factory.xml.PluggableSchemaResolver] Found XML schema [http://www.springframework.org/schema/beans/spring-beans.xsd] in classpath: org/springframework/beans/factory/xml/spring-beans-4.2.xsd
2016-02-03 20:00:59,138 TRACE   main [org.springframework.beans.factory.xml.PluggableSchemaResolver] Trying to resolve XML entity with public id [null] and system id [http://www.springframework.org/schema/context/spring-context.xsd]
2016-02-03 20:00:59,149 DEBUG   main [org.springframework.beans.factory.xml.PluggableSchemaResolver] Found XML schema [http://www.springframework.org/schema/context/spring-context.xsd] in classpath: org/springframework/context/config/spring-context-4.2.xsd
2016-02-03 20:00:59,162 TRACE   main [org.springframework.beans.factory.xml.PluggableSchemaResolver] Trying to resolve XML entity with public id [null] and system id [http://www.springframework.org/schema/tool/spring-tool-4.2.xsd]
2016-02-03 20:00:59,163 DEBUG   main [org.springframework.beans.factory.xml.PluggableSchemaResolver] Found XML schema [http://www.springframework.org/schema/tool/spring-tool-4.2.xsd] in classpath: org/springframework/beans/factory/xml/spring-tool-4.2.xsd
2016-02-03 20:00:59,181 TRACE   main [org.springframework.beans.factory.xml.PluggableSchemaResolver] Trying to resolve XML entity with public id [null] and system id [http://www.springframework.org/schema/ldap/spring-ldap.xsd]
2016-02-03 20:00:59,182 DEBUG   main [org.springframework.beans.factory.xml.PluggableSchemaResolver] Found XML schema [http://www.springframework.org/schema/ldap/spring-ldap.xsd] in classpath: org/springframework/ldap/config/spring-ldap-2.0.xsd
2016-02-03 20:00:59,200 TRACE   main [org.springframework.beans.factory.xml.PluggableSchemaResolver] Trying to resolve XML entity with public id [null] and system id [http://www.springframework.org/schema/data/repository/spring-repository.xsd]
2016-02-03 20:00:59,202 DEBUG   main [org.springframework.beans.factory.xml.PluggableSchemaResolver] Found XML schema [http://www.springframework.org/schema/data/repository/spring-repository.xsd] in classpath: org/springframework/data/repository/config/spring-repository-1.7.xsd
2016-02-03 20:00:59,234 DEBUG   main [org.springframework.beans.factory.xml.DefaultBeanDefinitionDocumentReader] Loading bean definitions
2016-02-03 20:00:59,250 DEBUG   main [org.springframework.beans.factory.xml.DefaultNamespaceHandlerResolver] Loaded NamespaceHandler mappings: {http://www.springframework.org/schema/p=org.springframework.beans.factory.xml.SimplePropertyNamespaceHandler, http://www.springframework.org/schema/util=org.springframework.beans.factory.xml.UtilNamespaceHandler, http://www.springframework.org/schema/jee=org.springframework.ejb.config.JeeNamespaceHandler, http://www.springframework.org/schema/aop=org.springframework.aop.config.AopNamespaceHandler, http://www.springframework.org/schema/data/repository=org.springframework.data.repository.config.RepositoryNameSpaceHandler, http://www.springframework.org/schema/cache=org.springframework.cache.config.CacheNamespaceHandler, http://www.springframework.org/schema/c=org.springframework.beans.factory.xml.SimpleConstructorNamespaceHandler, http://www.springframework.org/schema/ldap=org.springframework.ldap.config.LdapNamespaceHandler, http://www.springframework.org/schema/tx=org.springframework.transaction.config.TxNamespaceHandler, http://www.springframework.org/schema/task=org.springframework.scheduling.config.TaskNamespaceHandler, http://www.springframework.org/schema/lang=org.springframework.scripting.config.LangNamespaceHandler, http://www.springframework.org/schema/context=org.springframework.context.config.ContextNamespaceHandler}
2016-02-03 20:00:59,279 DEBUG   main [org.springframework.core.env.StandardEnvironment] Adding [systemProperties] PropertySource with lowest search precedence
2016-02-03 20:00:59,280 DEBUG   main [org.springframework.core.env.StandardEnvironment] Adding [systemEnvironment] PropertySource with lowest search precedence
2016-02-03 20:00:59,280 DEBUG   main [org.springframework.core.env.StandardEnvironment] Initialized StandardEnvironment with PropertySources [systemProperties,systemEnvironment]
2016-02-03 20:00:59,301 DEBUG   main [org.springframework.core.io.support.PathMatchingResourcePatternResolver] Looking for matching resources in directory tree [C:\Eclipse\workspace\spring-ldap-example\bin\ldap\advance\example]
2016-02-03 20:00:59,302 DEBUG   main [org.springframework.core.io.support.PathMatchingResourcePatternResolver] Searching directory [C:\Eclipse\workspace\spring-ldap-example\bin\ldap\advance\example] for files matching pattern [C:/Eclipse/workspace/spring-ldap-example/bin/ldap/advance/example/**/*.class]
2016-02-03 20:00:59,303 DEBUG   main [org.springframework.core.io.support.PathMatchingResourcePatternResolver] Searching directory [C:\Eclipse\workspace\spring-ldap-example\bin\ldap\advance\example\test] for files matching pattern [C:/Eclipse/workspace/spring-ldap-example/bin/ldap/advance/example/**/*.class]
2016-02-03 20:00:59,307 DEBUG   main [org.springframework.core.io.support.PathMatchingResourcePatternResolver] Resolved location pattern [classpath*:ldap/advance/example/**/*.class] to resources [file [C:\Eclipse\workspace\spring-ldap-example\bin\ldap\advance\example\test\LdapApp.class], file [C:\Eclipse\workspace\spring-ldap-example\bin\ldap\advance\example\User.class], file [C:\Eclipse\workspace\spring-ldap-example\bin\ldap\advance\example\UserRepositoryImpl$MultipleAttributesMapper.class], file [C:\Eclipse\workspace\spring-ldap-example\bin\ldap\advance\example\UserRepositoryImpl$SingleAttributesMapper.class], file [C:\Eclipse\workspace\spring-ldap-example\bin\ldap\advance\example\UserRepositoryImpl$UserAttributesMapper.class], file [C:\Eclipse\workspace\spring-ldap-example\bin\ldap\advance\example\UserRepositoryImpl.class], file [C:\Eclipse\workspace\spring-ldap-example\bin\ldap\advance\example\UserRepositoryIntf.class]]
2016-02-03 20:00:59,308 TRACE   main [org.springframework.context.annotation.ClassPathBeanDefinitionScanner] Scanning file [C:\Eclipse\workspace\spring-ldap-example\bin\ldap\advance\example\test\LdapApp.class]
2016-02-03 20:00:59,354 TRACE   main [org.springframework.context.annotation.ClassPathBeanDefinitionScanner] Ignored because not matching any filter: file [C:\Eclipse\workspace\spring-ldap-example\bin\ldap\advance\example\test\LdapApp.class]
2016-02-03 20:00:59,354 TRACE   main [org.springframework.context.annotation.ClassPathBeanDefinitionScanner] Scanning file [C:\Eclipse\workspace\spring-ldap-example\bin\ldap\advance\example\User.class]
2016-02-03 20:00:59,355 TRACE   main [org.springframework.context.annotation.ClassPathBeanDefinitionScanner] Ignored because not matching any filter: file [C:\Eclipse\workspace\spring-ldap-example\bin\ldap\advance\example\User.class]
2016-02-03 20:00:59,355 TRACE   main [org.springframework.context.annotation.ClassPathBeanDefinitionScanner] Scanning file [C:\Eclipse\workspace\spring-ldap-example\bin\ldap\advance\example\UserRepositoryImpl$MultipleAttributesMapper.class]
2016-02-03 20:00:59,357 TRACE   main [org.springframework.context.annotation.ClassPathBeanDefinitionScanner] Ignored because not matching any filter: file [C:\Eclipse\workspace\spring-ldap-example\bin\ldap\advance\example\UserRepositoryImpl$MultipleAttributesMapper.class]
2016-02-03 20:00:59,357 TRACE   main [org.springframework.context.annotation.ClassPathBeanDefinitionScanner] Scanning file [C:\Eclipse\workspace\spring-ldap-example\bin\ldap\advance\example\UserRepositoryImpl$SingleAttributesMapper.class]
2016-02-03 20:00:59,358 TRACE   main [org.springframework.context.annotation.ClassPathBeanDefinitionScanner] Ignored because not matching any filter: file [C:\Eclipse\workspace\spring-ldap-example\bin\ldap\advance\example\UserRepositoryImpl$SingleAttributesMapper.class]
2016-02-03 20:00:59,358 TRACE   main [org.springframework.context.annotation.ClassPathBeanDefinitionScanner] Scanning file [C:\Eclipse\workspace\spring-ldap-example\bin\ldap\advance\example\UserRepositoryImpl$UserAttributesMapper.class]
2016-02-03 20:00:59,372 TRACE   main [org.springframework.context.annotation.ClassPathBeanDefinitionScanner] Ignored because not matching any filter: file [C:\Eclipse\workspace\spring-ldap-example\bin\ldap\advance\example\UserRepositoryImpl$UserAttributesMapper.class]
2016-02-03 20:00:59,372 TRACE   main [org.springframework.context.annotation.ClassPathBeanDefinitionScanner] Scanning file [C:\Eclipse\workspace\spring-ldap-example\bin\ldap\advance\example\UserRepositoryImpl.class]
2016-02-03 20:00:59,404 DEBUG   main [org.springframework.context.annotation.ClassPathBeanDefinitionScanner] Identified candidate component class: file [C:\Eclipse\workspace\spring-ldap-example\bin\ldap\advance\example\UserRepositoryImpl.class]
2016-02-03 20:00:59,404 TRACE   main [org.springframework.context.annotation.ClassPathBeanDefinitionScanner] Scanning file [C:\Eclipse\workspace\spring-ldap-example\bin\ldap\advance\example\UserRepositoryIntf.class]
2016-02-03 20:00:59,406 TRACE   main [org.springframework.context.annotation.ClassPathBeanDefinitionScanner] Ignored because not matching any filter: file [C:\Eclipse\workspace\spring-ldap-example\bin\ldap\advance\example\UserRepositoryIntf.class]
2016-02-03 20:00:59,521 DEBUG   main [org.springframework.beans.factory.xml.XmlBeanDefinitionReader] Loaded 9 bean definitions from location pattern [spring-ldap-example.xml]
2016-02-03 20:00:59,521 DEBUG   main [org.springframework.context.support.ClassPathXmlApplicationContext] Bean factory for org.springframework.context.support.ClassPathXmlApplicationContext@6ed6ee82: org.springframework.beans.factory.support.DefaultListableBeanFactory@56a45c4: defining beans [userRepositoryImpl,org.springframework.context.annotation.internalConfigurationAnnotationProcessor,org.springframework.context.annotation.internalAutowiredAnnotationProcessor,org.springframework.context.annotation.internalRequiredAnnotationProcessor,org.springframework.context.annotation.internalCommonAnnotationProcessor,simpleDirContextAuthenticationStrategy,userReposImpl,contextSource,ldapTemplate]; root of factory hierarchy
2016-02-03 20:00:59,621 DEBUG   main [org.springframework.beans.factory.support.DefaultListableBeanFactory] Creating shared instance of singleton bean 'org.springframework.context.annotation.internalConfigurationAnnotationProcessor'
2016-02-03 20:00:59,621 DEBUG   main [org.springframework.beans.factory.support.DefaultListableBeanFactory] Creating instance of bean 'org.springframework.context.annotation.internalConfigurationAnnotationProcessor'
2016-02-03 20:00:59,714 DEBUG   main [org.springframework.beans.factory.support.DefaultListableBeanFactory] Eagerly caching bean 'org.springframework.context.annotation.internalConfigurationAnnotationProcessor' to allow for resolving potential circular references
2016-02-03 20:00:59,718 DEBUG   main [org.springframework.beans.factory.support.DefaultListableBeanFactory] Finished creating instance of bean 'org.springframework.context.annotation.internalConfigurationAnnotationProcessor'
2016-02-03 20:00:59,886 DEBUG   main [org.springframework.beans.factory.support.DefaultListableBeanFactory] Creating shared instance of singleton bean 'org.springframework.context.annotation.internalAutowiredAnnotationProcessor'
2016-02-03 20:00:59,886 DEBUG   main [org.springframework.beans.factory.support.DefaultListableBeanFactory] Creating instance of bean 'org.springframework.context.annotation.internalAutowiredAnnotationProcessor'
2016-02-03 20:00:59,889 DEBUG   main [org.springframework.beans.factory.support.DefaultListableBeanFactory] Eagerly caching bean 'org.springframework.context.annotation.internalAutowiredAnnotationProcessor' to allow for resolving potential circular references
2016-02-03 20:00:59,901 DEBUG   main [org.springframework.beans.factory.support.DefaultListableBeanFactory] Finished creating instance of bean 'org.springframework.context.annotation.internalAutowiredAnnotationProcessor'
2016-02-03 20:00:59,902 DEBUG   main [org.springframework.beans.factory.support.DefaultListableBeanFactory] Creating shared instance of singleton bean 'org.springframework.context.annotation.internalRequiredAnnotationProcessor'
2016-02-03 20:00:59,902 DEBUG   main [org.springframework.beans.factory.support.DefaultListableBeanFactory] Creating instance of bean 'org.springframework.context.annotation.internalRequiredAnnotationProcessor'
2016-02-03 20:00:59,904 DEBUG   main [org.springframework.beans.factory.support.DefaultListableBeanFactory] Eagerly caching bean 'org.springframework.context.annotation.internalRequiredAnnotationProcessor' to allow for resolving potential circular references
2016-02-03 20:00:59,904 DEBUG   main [org.springframework.beans.factory.support.DefaultListableBeanFactory] Finished creating instance of bean 'org.springframework.context.annotation.internalRequiredAnnotationProcessor'
2016-02-03 20:00:59,905 DEBUG   main [org.springframework.beans.factory.support.DefaultListableBeanFactory] Creating shared instance of singleton bean 'org.springframework.context.annotation.internalCommonAnnotationProcessor'
2016-02-03 20:00:59,905 DEBUG   main [org.springframework.beans.factory.support.DefaultListableBeanFactory] Creating instance of bean 'org.springframework.context.annotation.internalCommonAnnotationProcessor'
2016-02-03 20:00:59,916 DEBUG   main [org.springframework.beans.factory.support.DefaultListableBeanFactory] Eagerly caching bean 'org.springframework.context.annotation.internalCommonAnnotationProcessor' to allow for resolving potential circular references
2016-02-03 20:00:59,916 DEBUG   main [org.springframework.beans.factory.support.DefaultListableBeanFactory] Finished creating instance of bean 'org.springframework.context.annotation.internalCommonAnnotationProcessor'
2016-02-03 20:00:59,916 DEBUG   main [org.springframework.beans.factory.support.DefaultListableBeanFactory] Creating shared instance of singleton bean 'org.springframework.context.annotation.ConfigurationClassPostProcessor.importAwareProcessor'
2016-02-03 20:00:59,917 DEBUG   main [org.springframework.beans.factory.support.DefaultListableBeanFactory] Creating instance of bean 'org.springframework.context.annotation.ConfigurationClassPostProcessor.importAwareProcessor'
2016-02-03 20:00:59,917 DEBUG   main [org.springframework.beans.factory.support.DefaultListableBeanFactory] Eagerly caching bean 'org.springframework.context.annotation.ConfigurationClassPostProcessor.importAwareProcessor' to allow for resolving potential circular references
2016-02-03 20:00:59,917 DEBUG   main [org.springframework.beans.factory.support.DefaultListableBeanFactory] Finished creating instance of bean 'org.springframework.context.annotation.ConfigurationClassPostProcessor.importAwareProcessor'
2016-02-03 20:00:59,949 DEBUG   main [org.springframework.beans.factory.support.DefaultListableBeanFactory] Creating shared instance of singleton bean 'org.springframework.context.annotation.ConfigurationClassPostProcessor.enhancedConfigurationProcessor'
2016-02-03 20:00:59,951 DEBUG   main [org.springframework.beans.factory.support.DefaultListableBeanFactory] Creating instance of bean 'org.springframework.context.annotation.ConfigurationClassPostProcessor.enhancedConfigurationProcessor'
2016-02-03 20:00:59,952 DEBUG   main [org.springframework.beans.factory.support.DefaultListableBeanFactory] Eagerly caching bean 'org.springframework.context.annotation.ConfigurationClassPostProcessor.enhancedConfigurationProcessor' to allow for resolving potential circular references
2016-02-03 20:00:59,952 DEBUG   main [org.springframework.beans.factory.support.DefaultListableBeanFactory] Finished creating instance of bean 'org.springframework.context.annotation.ConfigurationClassPostProcessor.enhancedConfigurationProcessor'
2016-02-03 20:00:59,986 DEBUG   main [org.springframework.context.support.ClassPathXmlApplicationContext] Unable to locate MessageSource with name 'messageSource': using default [org.springframework.context.support.DelegatingMessageSource@5fc0bc26]
2016-02-03 20:00:59,994 DEBUG   main [org.springframework.context.support.ClassPathXmlApplicationContext] Unable to locate ApplicationEventMulticaster with name 'applicationEventMulticaster': using default [org.springframework.context.event.SimpleApplicationEventMulticaster@76f9d876]
2016-02-03 20:00:59,996 DEBUG   main [org.springframework.beans.factory.support.DefaultListableBeanFactory] Pre-instantiating singletons in org.springframework.beans.factory.support.DefaultListableBeanFactory@56a45c4: defining beans [userRepositoryImpl,org.springframework.context.annotation.internalConfigurationAnnotationProcessor,org.springframework.context.annotation.internalAutowiredAnnotationProcessor,org.springframework.context.annotation.internalRequiredAnnotationProcessor,org.springframework.context.annotation.internalCommonAnnotationProcessor,simpleDirContextAuthenticationStrategy,userReposImpl,contextSource,ldapTemplate,org.springframework.context.annotation.ConfigurationClassPostProcessor.importAwareProcessor,org.springframework.context.annotation.ConfigurationClassPostProcessor.enhancedConfigurationProcessor]; root of factory hierarchy
2016-02-03 20:00:59,996 DEBUG   main [org.springframework.beans.factory.support.DefaultListableBeanFactory] Creating shared instance of singleton bean 'userRepositoryImpl'
2016-02-03 20:00:59,996 DEBUG   main [org.springframework.beans.factory.support.DefaultListableBeanFactory] Creating instance of bean 'userRepositoryImpl'
2016-02-03 20:01:00,030 DEBUG   main [org.springframework.beans.factory.annotation.InjectionMetadata] Registered injected element on class [ldap.advance.example.UserRepositoryImpl]: AutowiredFieldElement for private org.springframework.ldap.core.LdapTemplate ldap.advance.example.UserRepositoryImpl.ldapTemplate
2016-02-03 20:01:00,030 DEBUG   main [org.springframework.beans.factory.support.DefaultListableBeanFactory] Eagerly caching bean 'userRepositoryImpl' to allow for resolving potential circular references
2016-02-03 20:01:00,053 TRACE   main [org.springframework.core.io.support.SpringFactoriesLoader] Loaded [org.springframework.beans.BeanInfoFactory] names: [org.springframework.beans.ExtendedBeanInfoFactory]
2016-02-03 20:01:00,055 TRACE   main [org.springframework.beans.CachedIntrospectionResults] Getting BeanInfo for class [ldap.advance.example.UserRepositoryImpl]
2016-02-03 20:01:00,065 TRACE   main [org.springframework.beans.CachedIntrospectionResults] Caching PropertyDescriptors for class [ldap.advance.example.UserRepositoryImpl]
2016-02-03 20:01:00,066 TRACE   main [org.springframework.beans.CachedIntrospectionResults] Found bean property 'allUserNames' of type [java.util.List]
2016-02-03 20:01:00,083 TRACE   main [org.springframework.beans.CachedIntrospectionResults] Found bean property 'allUsers' of type [java.util.List]
2016-02-03 20:01:00,086 TRACE   main [org.springframework.beans.CachedIntrospectionResults] Found bean property 'class' of type [java.lang.Class]
2016-02-03 20:01:00,098 DEBUG   main [org.springframework.beans.factory.annotation.InjectionMetadata] Processing injected element of bean 'userRepositoryImpl': AutowiredFieldElement for private org.springframework.ldap.core.LdapTemplate ldap.advance.example.UserRepositoryImpl.ldapTemplate
2016-02-03 20:01:00,107 DEBUG   main [org.springframework.beans.factory.support.DefaultListableBeanFactory] Creating shared instance of singleton bean 'ldapTemplate'
2016-02-03 20:01:00,112 DEBUG   main [org.springframework.beans.factory.support.DefaultListableBeanFactory] Creating instance of bean 'ldapTemplate'
2016-02-03 20:01:00,169 DEBUG   main [org.springframework.beans.factory.support.DefaultListableBeanFactory] Eagerly caching bean 'ldapTemplate' to allow for resolving potential circular references
2016-02-03 20:01:00,170 TRACE   main [org.springframework.beans.CachedIntrospectionResults] Getting BeanInfo for class [org.springframework.ldap.core.LdapTemplate]
2016-02-03 20:01:00,209 TRACE   main [org.springframework.beans.CachedIntrospectionResults] Caching PropertyDescriptors for class [org.springframework.ldap.core.LdapTemplate]
2016-02-03 20:01:00,211 TRACE   main [org.springframework.beans.CachedIntrospectionResults] Found bean property 'class' of type [java.lang.Class]
2016-02-03 20:01:00,212 TRACE   main [org.springframework.beans.CachedIntrospectionResults] Found bean property 'contextSource' of type [org.springframework.ldap.core.ContextSource]
2016-02-03 20:01:00,212 TRACE   main [org.springframework.beans.CachedIntrospectionResults] Found bean property 'defaultCountLimit' of type [int]
2016-02-03 20:01:00,214 TRACE   main [org.springframework.beans.CachedIntrospectionResults] Found bean property 'defaultSearchScope' of type [int]
2016-02-03 20:01:00,214 TRACE   main [org.springframework.beans.CachedIntrospectionResults] Found bean property 'defaultTimeLimit' of type [int]
2016-02-03 20:01:00,215 TRACE   main [org.springframework.beans.CachedIntrospectionResults] Found bean property 'ignoreNameNotFoundException' of type [boolean]
2016-02-03 20:01:00,217 TRACE   main [org.springframework.beans.CachedIntrospectionResults] Found bean property 'ignorePartialResultException' of type [boolean]
2016-02-03 20:01:00,218 TRACE   main [org.springframework.beans.CachedIntrospectionResults] Found bean property 'ignoreSizeLimitExceededException' of type [boolean]
2016-02-03 20:01:00,219 TRACE   main [org.springframework.beans.CachedIntrospectionResults] Found bean property 'objectDirectoryMapper' of type [org.springframework.ldap.odm.core.ObjectDirectoryMapper]
2016-02-03 20:01:00,222 DEBUG   main [org.springframework.beans.factory.support.DefaultListableBeanFactory] Creating shared instance of singleton bean 'contextSource'
2016-02-03 20:01:00,222 DEBUG   main [org.springframework.beans.factory.support.DefaultListableBeanFactory] Creating instance of bean 'contextSource'
2016-02-03 20:01:00,237 DEBUG   main [org.springframework.beans.factory.support.DefaultListableBeanFactory] Creating instance of bean '(inner bean)#5717e2b2'
2016-02-03 20:01:00,297 TRACE   main [org.springframework.beans.CachedIntrospectionResults] Getting BeanInfo for class [org.springframework.ldap.core.support.LdapContextSource]
2016-02-03 20:01:00,305 TRACE   main [org.springframework.beans.CachedIntrospectionResults] Caching PropertyDescriptors for class [org.springframework.ldap.core.support.LdapContextSource]
2016-02-03 20:01:00,305 TRACE   main [org.springframework.beans.CachedIntrospectionResults] Found bean property 'anonymousReadOnly' of type [boolean]
2016-02-03 20:01:00,305 TRACE   main [org.springframework.beans.CachedIntrospectionResults] Found bean property 'authenticationSource' of type [org.springframework.ldap.core.AuthenticationSource]
2016-02-03 20:01:00,306 TRACE   main [org.springframework.beans.CachedIntrospectionResults] Found bean property 'authenticationStrategy' of type [org.springframework.ldap.core.support.DirContextAuthenticationStrategy]
2016-02-03 20:01:00,306 TRACE   main [org.springframework.beans.CachedIntrospectionResults] Found bean property 'base' of type [java.lang.String]
2016-02-03 20:01:00,306 TRACE   main [org.springframework.beans.CachedIntrospectionResults] Found bean property 'baseEnvironmentProperties' of type [java.util.Map]
2016-02-03 20:01:00,306 TRACE   main [org.springframework.beans.CachedIntrospectionResults] Found bean property 'baseLdapName' of type [javax.naming.ldap.LdapName]
2016-02-03 20:01:00,306 TRACE   main [org.springframework.beans.CachedIntrospectionResults] Found bean property 'baseLdapPath' of type [org.springframework.ldap.core.DistinguishedName]
2016-02-03 20:01:00,306 TRACE   main [org.springframework.beans.CachedIntrospectionResults] Found bean property 'baseLdapPathAsString' of type [java.lang.String]
2016-02-03 20:01:00,306 TRACE   main [org.springframework.beans.CachedIntrospectionResults] Found bean property 'cacheEnvironmentProperties' of type [boolean]
2016-02-03 20:01:00,307 TRACE   main [org.springframework.beans.CachedIntrospectionResults] Found bean property 'class' of type [java.lang.Class]
2016-02-03 20:01:00,307 TRACE   main [org.springframework.beans.CachedIntrospectionResults] Found bean property 'contextFactory' of type [java.lang.Class]
2016-02-03 20:01:00,308 TRACE   main [org.springframework.beans.CachedIntrospectionResults] Found bean property 'dirObjectFactory' of type [java.lang.Class]
2016-02-03 20:01:00,308 TRACE   main [org.springframework.beans.CachedIntrospectionResults] Found bean property 'password' of type [java.lang.String]
2016-02-03 20:01:00,308 TRACE   main [org.springframework.beans.CachedIntrospectionResults] Found bean property 'pooled' of type [boolean]
2016-02-03 20:01:00,308 TRACE   main [org.springframework.beans.CachedIntrospectionResults] Found bean property 'readOnlyContext' of type [javax.naming.directory.DirContext]
2016-02-03 20:01:00,308 TRACE   main [org.springframework.beans.CachedIntrospectionResults] Found bean property 'readWriteContext' of type [javax.naming.directory.DirContext]
2016-02-03 20:01:00,310 TRACE   main [org.springframework.beans.CachedIntrospectionResults] Found bean property 'referral' of type [java.lang.String]
2016-02-03 20:01:00,311 TRACE   main [org.springframework.beans.CachedIntrospectionResults] Found bean property 'url' of type [java.lang.String]
2016-02-03 20:01:00,312 TRACE   main [org.springframework.beans.CachedIntrospectionResults] Found bean property 'urls' of type [[Ljava.lang.String;]
2016-02-03 20:01:00,313 TRACE   main [org.springframework.beans.CachedIntrospectionResults] Found bean property 'userDn' of type [java.lang.String]
2016-02-03 20:01:00,322 DEBUG   main [org.springframework.beans.factory.support.DefaultListableBeanFactory] Creating instance of bean '(inner bean)#5f1c0ef'
2016-02-03 20:01:00,332 TRACE   main [org.springframework.beans.CachedIntrospectionResults] Getting BeanInfo for class [[Ljava.lang.String;]
2016-02-03 20:01:00,333 TRACE   main [org.springframework.beans.CachedIntrospectionResults] Caching PropertyDescriptors for class [[Ljava.lang.String;]
2016-02-03 20:01:00,334 TRACE   main [org.springframework.beans.CachedIntrospectionResults] Found bean property 'class' of type [java.lang.Class]
2016-02-03 20:01:00,335 DEBUG   main [org.springframework.beans.factory.support.DefaultListableBeanFactory] Finished creating instance of bean '(inner bean)#5f1c0ef'
2016-02-03 20:01:00,336 DEBUG   main [org.springframework.beans.factory.support.DefaultListableBeanFactory] Creating shared instance of singleton bean 'simpleDirContextAuthenticationStrategy'
2016-02-03 20:01:00,336 DEBUG   main [org.springframework.beans.factory.support.DefaultListableBeanFactory] Creating instance of bean 'simpleDirContextAuthenticationStrategy'
2016-02-03 20:01:00,337 DEBUG   main [org.springframework.beans.factory.support.DefaultListableBeanFactory] Eagerly caching bean 'simpleDirContextAuthenticationStrategy' to allow for resolving potential circular references
2016-02-03 20:01:00,337 TRACE   main [org.springframework.beans.CachedIntrospectionResults] Getting BeanInfo for class [org.springframework.ldap.core.support.SimpleDirContextAuthenticationStrategy]
2016-02-03 20:01:00,339 TRACE   main [org.springframework.beans.CachedIntrospectionResults] Caching PropertyDescriptors for class [org.springframework.ldap.core.support.SimpleDirContextAuthenticationStrategy]
2016-02-03 20:01:00,340 TRACE   main [org.springframework.beans.CachedIntrospectionResults] Found bean property 'class' of type [java.lang.Class]
2016-02-03 20:01:00,340 DEBUG   main [org.springframework.beans.factory.support.DefaultListableBeanFactory] Finished creating instance of bean 'simpleDirContextAuthenticationStrategy'
2016-02-03 20:01:00,343 DEBUG   main [org.springframework.beans.factory.support.DefaultListableBeanFactory] Invoking afterPropertiesSet() on bean with name '(inner bean)#5717e2b2'
2016-02-03 20:01:00,356 DEBUG   main [org.springframework.beans.factory.support.DefaultListableBeanFactory] Finished creating instance of bean '(inner bean)#5717e2b2'
2016-02-03 20:01:00,362 DEBUG   main [org.springframework.beans.factory.support.DefaultListableBeanFactory] Eagerly caching bean 'contextSource' to allow for resolving potential circular references
2016-02-03 20:01:00,362 TRACE   main [org.springframework.beans.CachedIntrospectionResults] Getting BeanInfo for class [org.springframework.ldap.transaction.compensating.manager.TransactionAwareContextSourceProxy]
2016-02-03 20:01:00,370 TRACE   main [org.springframework.beans.CachedIntrospectionResults] Caching PropertyDescriptors for class [org.springframework.ldap.transaction.compensating.manager.TransactionAwareContextSourceProxy]
2016-02-03 20:01:00,370 TRACE   main [org.springframework.beans.CachedIntrospectionResults] Found bean property 'baseLdapName' of type [javax.naming.ldap.LdapName]
2016-02-03 20:01:00,371 TRACE   main [org.springframework.beans.CachedIntrospectionResults] Found bean property 'baseLdapPath' of type [org.springframework.ldap.core.DistinguishedName]
2016-02-03 20:01:00,371 TRACE   main [org.springframework.beans.CachedIntrospectionResults] Found bean property 'baseLdapPathAsString' of type [java.lang.String]
2016-02-03 20:01:00,371 TRACE   main [org.springframework.beans.CachedIntrospectionResults] Found bean property 'class' of type [java.lang.Class]
2016-02-03 20:01:00,371 TRACE   main [org.springframework.beans.CachedIntrospectionResults] Found bean property 'readOnlyContext' of type [javax.naming.directory.DirContext]
2016-02-03 20:01:00,371 TRACE   main [org.springframework.beans.CachedIntrospectionResults] Found bean property 'readWriteContext' of type [javax.naming.directory.DirContext]
2016-02-03 20:01:00,372 TRACE   main [org.springframework.beans.CachedIntrospectionResults] Found bean property 'target' of type [org.springframework.ldap.core.ContextSource]
2016-02-03 20:01:00,372 DEBUG   main [org.springframework.beans.factory.support.DefaultListableBeanFactory] Finished creating instance of bean 'contextSource'
2016-02-03 20:01:00,374 DEBUG   main [org.springframework.beans.factory.support.DefaultListableBeanFactory] Invoking afterPropertiesSet() on bean with name 'ldapTemplate'
2016-02-03 20:01:00,380 DEBUG   main [org.springframework.beans.factory.support.DefaultListableBeanFactory] Finished creating instance of bean 'ldapTemplate'
2016-02-03 20:01:00,381 DEBUG   main [org.springframework.beans.factory.annotation.AutowiredAnnotationBeanPostProcessor] Autowiring by type from bean name 'userRepositoryImpl' to bean named 'ldapTemplate'
2016-02-03 20:01:00,384 DEBUG   main [org.springframework.beans.factory.support.DefaultListableBeanFactory] Finished creating instance of bean 'userRepositoryImpl'
2016-02-03 20:01:00,386 DEBUG   main [org.springframework.beans.factory.support.DefaultListableBeanFactory] Returning cached instance of singleton bean 'org.springframework.context.annotation.internalConfigurationAnnotationProcessor'
2016-02-03 20:01:00,387 DEBUG   main [org.springframework.beans.factory.support.DefaultListableBeanFactory] Returning cached instance of singleton bean 'org.springframework.context.annotation.internalAutowiredAnnotationProcessor'
2016-02-03 20:01:00,388 DEBUG   main [org.springframework.beans.factory.support.DefaultListableBeanFactory] Returning cached instance of singleton bean 'org.springframework.context.annotation.internalRequiredAnnotationProcessor'
2016-02-03 20:01:00,388 DEBUG   main [org.springframework.beans.factory.support.DefaultListableBeanFactory] Returning cached instance of singleton bean 'org.springframework.context.annotation.internalCommonAnnotationProcessor'
2016-02-03 20:01:00,389 DEBUG   main [org.springframework.beans.factory.support.DefaultListableBeanFactory] Returning cached instance of singleton bean 'simpleDirContextAuthenticationStrategy'
2016-02-03 20:01:00,389 DEBUG   main [org.springframework.beans.factory.support.DefaultListableBeanFactory] Creating shared instance of singleton bean 'userReposImpl'
2016-02-03 20:01:00,389 DEBUG   main [org.springframework.beans.factory.support.DefaultListableBeanFactory] Creating instance of bean 'userReposImpl'
2016-02-03 20:01:00,395 DEBUG   main [org.springframework.beans.factory.annotation.InjectionMetadata] Registered injected element on class [ldap.advance.example.UserRepositoryImpl]: AutowiredFieldElement for private org.springframework.ldap.core.LdapTemplate ldap.advance.example.UserRepositoryImpl.ldapTemplate
2016-02-03 20:01:00,395 DEBUG   main [org.springframework.beans.factory.support.DefaultListableBeanFactory] Eagerly caching bean 'userReposImpl' to allow for resolving potential circular references
2016-02-03 20:01:00,396 DEBUG   main [org.springframework.beans.factory.annotation.InjectionMetadata] Processing injected element of bean 'userReposImpl': AutowiredFieldElement for private org.springframework.ldap.core.LdapTemplate ldap.advance.example.UserRepositoryImpl.ldapTemplate
2016-02-03 20:01:00,397 DEBUG   main [org.springframework.beans.factory.support.DefaultListableBeanFactory] Returning cached instance of singleton bean 'ldapTemplate'
2016-02-03 20:01:00,397 DEBUG   main [org.springframework.beans.factory.annotation.AutowiredAnnotationBeanPostProcessor] Autowiring by type from bean name 'userReposImpl' to bean named 'ldapTemplate'
2016-02-03 20:01:00,397 DEBUG   main [org.springframework.beans.factory.support.DefaultListableBeanFactory] Finished creating instance of bean 'userReposImpl'
2016-02-03 20:01:00,397 DEBUG   main [org.springframework.beans.factory.support.DefaultListableBeanFactory] Returning cached instance of singleton bean 'contextSource'
2016-02-03 20:01:00,397 DEBUG   main [org.springframework.beans.factory.support.DefaultListableBeanFactory] Returning cached instance of singleton bean 'ldapTemplate'
2016-02-03 20:01:00,398 DEBUG   main [org.springframework.beans.factory.support.DefaultListableBeanFactory] Returning cached instance of singleton bean 'org.springframework.context.annotation.ConfigurationClassPostProcessor.importAwareProcessor'
2016-02-03 20:01:00,398 DEBUG   main [org.springframework.beans.factory.support.DefaultListableBeanFactory] Returning cached instance of singleton bean 'org.springframework.context.annotation.ConfigurationClassPostProcessor.enhancedConfigurationProcessor'
2016-02-03 20:01:00,400 DEBUG   main [org.springframework.context.support.ClassPathXmlApplicationContext] Unable to locate LifecycleProcessor with name 'lifecycleProcessor': using default [org.springframework.context.support.DefaultLifecycleProcessor@14f94672]
2016-02-03 20:01:00,401 DEBUG   main [org.springframework.beans.factory.support.DefaultListableBeanFactory] Returning cached instance of singleton bean 'lifecycleProcessor'
2016-02-03 20:01:00,401 TRACE   main [org.springframework.context.support.ClassPathXmlApplicationContext] Publishing event in org.springframework.context.support.ClassPathXmlApplicationContext@6ed6ee82: org.springframework.context.event.ContextRefreshedEvent[source=org.springframework.context.support.ClassPathXmlApplicationContext@6ed6ee82: startup date [Wed Feb 03 20:00:58 EST 2016]; root of context hierarchy]
2016-02-03 20:01:00,404 TRACE   main [org.springframework.core.env.PropertySourcesPropertyResolver] getProperty("spring.liveBeansView.mbeanDomain", String)
2016-02-03 20:01:00,405 DEBUG   main [org.springframework.core.env.PropertySourcesPropertyResolver] Searching for key 'spring.liveBeansView.mbeanDomain' in [systemProperties]
2016-02-03 20:01:00,406 DEBUG   main [org.springframework.core.env.PropertySourcesPropertyResolver] Searching for key 'spring.liveBeansView.mbeanDomain' in [systemEnvironment]
2016-02-03 20:01:00,406 DEBUG   main [org.springframework.core.env.PropertySourcesPropertyResolver] Could not find key 'spring.liveBeansView.mbeanDomain' in any property source. Returning [null]
2016-02-03 20:01:00,408 INFO   main [ldap.advance.example.test.LdapApp] Test started at Wed Feb 03 20:00:58 EST 2016
2016-02-03 20:01:00,408 DEBUG   main [org.springframework.beans.factory.support.DefaultListableBeanFactory] Returning cached instance of singleton bean 'userReposImpl'
2016-02-03 20:01:00,408 INFO   main [ldap.advance.example.UserRepositoryImpl] executing {createUser}
2016-02-03 20:07:58,783 DEBUG   main [org.springframework.core.env.StandardEnvironment] Adding [systemProperties] PropertySource with lowest search precedence
2016-02-03 20:07:58,792 DEBUG   main [org.springframework.core.env.StandardEnvironment] Adding [systemEnvironment] PropertySource with lowest search precedence
2016-02-03 20:07:58,792 DEBUG   main [org.springframework.core.env.StandardEnvironment] Initialized StandardEnvironment with PropertySources [systemProperties,systemEnvironment]
2016-02-03 20:07:58,797 INFO   main [org.springframework.context.support.ClassPathXmlApplicationContext] Refreshing org.springframework.context.support.ClassPathXmlApplicationContext@450faed3: startup date [Wed Feb 03 20:07:58 EST 2016]; root of context hierarchy
2016-02-03 20:07:58,860 DEBUG   main [org.springframework.core.env.StandardEnvironment] Adding [systemProperties] PropertySource with lowest search precedence
2016-02-03 20:07:58,860 DEBUG   main [org.springframework.core.env.StandardEnvironment] Adding [systemEnvironment] PropertySource with lowest search precedence
2016-02-03 20:07:58,861 DEBUG   main [org.springframework.core.env.StandardEnvironment] Initialized StandardEnvironment with PropertySources [systemProperties,systemEnvironment]
2016-02-03 20:07:58,875 INFO   main [org.springframework.beans.factory.xml.XmlBeanDefinitionReader] Loading XML bean definitions from class path resource [spring-ldap-example.xml]
2016-02-03 20:07:58,879 DEBUG   main [org.springframework.beans.factory.xml.DefaultDocumentLoader] Using JAXP provider [com.sun.org.apache.xerces.internal.jaxp.DocumentBuilderFactoryImpl]
2016-02-03 20:07:58,928 TRACE   main [org.springframework.beans.factory.xml.PluggableSchemaResolver] Trying to resolve XML entity with public id [null] and system id [http://www.springframework.org/schema/beans/spring-beans.xsd]
2016-02-03 20:07:58,928 DEBUG   main [org.springframework.beans.factory.xml.PluggableSchemaResolver] Loading schema mappings from [META-INF/spring.schemas]
2016-02-03 20:07:58,960 DEBUG   main [org.springframework.beans.factory.xml.PluggableSchemaResolver] Loaded schema mappings: {http://www.springframework.org/schema/tx/spring-tx-2.5.xsd=org/springframework/transaction/config/spring-tx-2.5.xsd, http://www.springframework.org/schema/cache/spring-cache-4.2.xsd=org/springframework/cache/config/spring-cache-4.2.xsd, http://www.springframework.org/schema/aop/spring-aop-4.1.xsd=org/springframework/aop/config/spring-aop-4.1.xsd, http://www.springframework.org/schema/context/spring-context-3.1.xsd=org/springframework/context/config/spring-context-3.1.xsd, http://www.springframework.org/schema/data/repository/spring-repository-1.4.xsd=org/springframework/data/repository/config/spring-repository-1.4.xsd, http://www.springframework.org/schema/util/spring-util-3.0.xsd=org/springframework/beans/factory/xml/spring-util-3.0.xsd, http://www.springframework.org/schema/tool/spring-tool.xsd=org/springframework/beans/factory/xml/spring-tool-4.2.xsd, http://www.springframework.org/schema/aop/spring-aop-3.2.xsd=org/springframework/aop/config/spring-aop-3.2.xsd, http://www.springframework.org/schema/lang/spring-lang-4.1.xsd=org/springframework/scripting/config/spring-lang-4.1.xsd, http://www.springframework.org/schema/context/spring-context-4.0.xsd=org/springframework/context/config/spring-context-4.0.xsd, http://www.springframework.org/schema/beans/spring-beans-4.2.xsd=org/springframework/beans/factory/xml/spring-beans-4.2.xsd, http://www.springframework.org/schema/tool/spring-tool-4.1.xsd=org/springframework/beans/factory/xml/spring-tool-4.1.xsd, http://www.springframework.org/schema/lang/spring-lang-3.2.xsd=org/springframework/scripting/config/spring-lang-3.2.xsd, http://www.springframework.org/schema/cache/spring-cache-3.2.xsd=org/springframework/cache/config/spring-cache-3.2.xsd, http://www.springframework.org/schema/jee/spring-jee-4.1.xsd=org/springframework/ejb/config/spring-jee-4.1.xsd, http://www.springframework.org/schema/task/spring-task-4.2.xsd=org/springframework/scheduling/config/spring-task-4.2.xsd, http://www.springframework.org/schema/util/spring-util-2.0.xsd=org/springframework/beans/factory/xml/spring-util-2.0.xsd, http://www.springframework.org/schema/tool/spring-tool-3.2.xsd=org/springframework/beans/factory/xml/spring-tool-3.2.xsd, http://www.springframework.org/schema/context/spring-context.xsd=org/springframework/context/config/spring-context-4.2.xsd, http://www.springframework.org/schema/tx/spring-tx-4.2.xsd=org/springframework/transaction/config/spring-tx-4.2.xsd, http://www.springframework.org/schema/cache/spring-cache-4.1.xsd=org/springframework/cache/config/spring-cache-4.1.xsd, http://www.springframework.org/schema/aop/spring-aop-4.0.xsd=org/springframework/aop/config/spring-aop-4.0.xsd, http://www.springframework.org/schema/jee/spring-jee-3.2.xsd=org/springframework/ejb/config/spring-jee-3.2.xsd, http://www.springframework.org/schema/context/spring-context-3.0.xsd=org/springframework/context/config/spring-context-3.0.xsd, http://www.springframework.org/schema/util/spring-util-2.5.xsd=org/springframework/beans/factory/xml/spring-util-2.5.xsd, http://www.springframework.org/schema/beans/spring-beans-3.2.xsd=org/springframework/beans/factory/xml/spring-beans-3.2.xsd, http://www.springframework.org/schema/aop/spring-aop-3.1.xsd=org/springframework/aop/config/spring-aop-3.1.xsd, http://www.springframework.org/schema/ldap/spring-ldap-2.0.xsd=org/springframework/ldap/config/spring-ldap-2.0.xsd, http://www.springframework.org/schema/lang/spring-lang-4.0.xsd=org/springframework/scripting/config/spring-lang-4.0.xsd, http://www.springframework.org/schema/beans/spring-beans-4.1.xsd=org/springframework/beans/factory/xml/spring-beans-4.1.xsd, http://www.springframework.org/schema/tool/spring-tool-4.0.xsd=org/springframework/beans/factory/xml/spring-tool-4.0.xsd, http://www.springframework.org/schema/tx/spring-tx-3.2.xsd=org/springframework/transaction/config/spring-tx-3.2.xsd, http://www.springframework.org/schema/lang/spring-lang-3.1.xsd=org/springframework/scripting/config/spring-lang-3.1.xsd, http://www.springframework.org/schema/cache/spring-cache-3.1.xsd=org/springframework/cache/config/spring-cache-3.1.xsd, http://www.springframework.org/schema/jee/spring-jee-4.0.xsd=org/springframework/ejb/config/spring-jee-4.0.xsd, http://www.springframework.org/schema/task/spring-task-4.1.xsd=org/springframework/scheduling/config/spring-task-4.1.xsd, http://www.springframework.org/schema/tool/spring-tool-3.1.xsd=org/springframework/beans/factory/xml/spring-tool-3.1.xsd, http://www.springframework.org/schema/tx/spring-tx-4.1.xsd=org/springframework/transaction/config/spring-tx-4.1.xsd, http://www.springframework.org/schema/cache/spring-cache-4.0.xsd=org/springframework/cache/config/spring-cache-4.0.xsd, http://www.springframework.org/schema/jee/spring-jee-3.1.xsd=org/springframework/ejb/config/spring-jee-3.1.xsd, http://www.springframework.org/schema/task/spring-task-3.2.xsd=org/springframework/scheduling/config/spring-task-3.2.xsd, http://www.springframework.org/schema/util/spring-util-4.2.xsd=org/springframework/beans/factory/xml/spring-util-4.2.xsd, http://www.springframework.org/schema/beans/spring-beans-3.1.xsd=org/springframework/beans/factory/xml/spring-beans-3.1.xsd, http://www.springframework.org/schema/util/spring-util.xsd=org/springframework/beans/factory/xml/spring-util-4.2.xsd, http://www.springframework.org/schema/aop/spring-aop-3.0.xsd=org/springframework/aop/config/spring-aop-3.0.xsd, http://www.springframework.org/schema/data/repository/spring-repository.xsd=org/springframework/data/repository/config/spring-repository-1.7.xsd, http://www.springframework.org/schema/data/repository/spring-repository-1.7.xsd=org/springframework/data/repository/config/spring-repository-1.7.xsd, http://www.springframework.org/schema/ldap/spring-ldap.xsd=org/springframework/ldap/config/spring-ldap-2.0.xsd, http://www.springframework.org/schema/beans/spring-beans-4.0.xsd=org/springframework/beans/factory/xml/spring-beans-4.0.xsd, http://www.springframework.org/schema/beans/spring-beans.xsd=org/springframework/beans/factory/xml/spring-beans-4.2.xsd, http://www.springframework.org/schema/tx/spring-tx-3.1.xsd=org/springframework/transaction/config/spring-tx-3.1.xsd, http://www.springframework.org/schema/lang/spring-lang-3.0.xsd=org/springframework/scripting/config/spring-lang-3.0.xsd, http://www.springframework.org/schema/context/spring-context-2.5.xsd=org/springframework/context/config/spring-context-2.5.xsd, http://www.springframework.org/schema/task/spring-task-4.0.xsd=org/springframework/scheduling/config/spring-task-4.0.xsd, http://www.springframework.org/schema/tool/spring-tool-3.0.xsd=org/springframework/beans/factory/xml/spring-tool-3.0.xsd, http://www.springframework.org/schema/tx/spring-tx-4.0.xsd=org/springframework/transaction/config/spring-tx-4.0.xsd, http://www.springframework.org/schema/aop/spring-aop-2.0.xsd=org/springframework/aop/config/spring-aop-2.0.xsd, http://www.springframework.org/schema/jee/spring-jee-3.0.xsd=org/springframework/ejb/config/spring-jee-3.0.xsd, http://www.springframework.org/schema/util/spring-util-4.1.xsd=org/springframework/beans/factory/xml/spring-util-4.1.xsd, http://www.springframework.org/schema/task/spring-task-3.1.xsd=org/springframework/scheduling/config/spring-task-3.1.xsd, http://www.springframework.org/schema/beans/spring-beans-3.0.xsd=org/springframework/beans/factory/xml/spring-beans-3.0.xsd, http://www.springframework.org/schema/jee/spring-jee.xsd=org/springframework/ejb/config/spring-jee-4.2.xsd, http://www.springframework.org/schema/aop/spring-aop-2.5.xsd=org/springframework/aop/config/spring-aop-2.5.xsd, http://www.springframework.org/schema/lang/spring-lang-2.0.xsd=org/springframework/scripting/config/spring-lang-2.0.xsd, http://www.springframework.org/schema/data/repository/spring-repository-1.6.xsd=org/springframework/data/repository/config/spring-repository-1.6.xsd, http://www.springframework.org/schema/util/spring-util-3.2.xsd=org/springframework/beans/factory/xml/spring-util-3.2.xsd, http://www.springframework.org/schema/task/spring-task.xsd=org/springframework/scheduling/config/spring-task-4.2.xsd, http://www.springframework.org/schema/tool/spring-tool-2.0.xsd=org/springframework/beans/factory/xml/spring-tool-2.0.xsd, http://www.springframework.org/schema/tx/spring-tx-3.0.xsd=org/springframework/transaction/config/spring-tx-3.0.xsd, http://www.springframework.org/schema/lang/spring-lang-2.5.xsd=org/springframework/scripting/config/spring-lang-2.5.xsd, http://www.springframework.org/schema/context/spring-context-4.2.xsd=org/springframework/context/config/spring-context-4.2.xsd, http://www.springframework.org/schema/jee/spring-jee-2.0.xsd=org/springframework/ejb/config/spring-jee-2.0.xsd, http://www.springframework.org/schema/tool/spring-tool-2.5.xsd=org/springframework/beans/factory/xml/spring-tool-2.5.xsd, http://www.springframework.org/schema/jee/spring-jee-2.5.xsd=org/springframework/ejb/config/spring-jee-2.5.xsd, http://www.springframework.org/schema/data/repository/spring-repository-1.0.xsd=org/springframework/data/repository/config/spring-repository-1.0.xsd, http://www.springframework.org/schema/util/spring-util-4.0.xsd=org/springframework/beans/factory/xml/spring-util-4.0.xsd, http://www.springframework.org/schema/task/spring-task-3.0.xsd=org/springframework/scheduling/config/spring-task-3.0.xsd, http://www.springframework.org/schema/aop/spring-aop-4.2.xsd=org/springframework/aop/config/spring-aop-4.2.xsd, http://www.springframework.org/schema/lang/spring-lang.xsd=org/springframework/scripting/config/spring-lang-4.2.xsd, http://www.springframework.org/schema/context/spring-context-3.2.xsd=org/springframework/context/config/spring-context-3.2.xsd, http://www.springframework.org/schema/data/repository/spring-repository-1.5.xsd=org/springframework/data/repository/config/spring-repository-1.5.xsd, http://www.springframework.org/schema/util/spring-util-3.1.xsd=org/springframework/beans/factory/xml/spring-util-3.1.xsd, http://www.springframework.org/schema/beans/spring-beans-2.0.xsd=org/springframework/beans/factory/xml/spring-beans-2.0.xsd, http://www.springframework.org/schema/cache/spring-cache.xsd=org/springframework/cache/config/spring-cache-4.2.xsd, http://www.springframework.org/schema/tx/spring-tx.xsd=org/springframework/transaction/config/spring-tx-4.2.xsd, http://www.springframework.org/schema/lang/spring-lang-4.2.xsd=org/springframework/scripting/config/spring-lang-4.2.xsd, http://www.springframework.org/schema/context/spring-context-4.1.xsd=org/springframework/context/config/spring-context-4.1.xsd, http://www.springframework.org/schema/beans/spring-beans-2.5.xsd=org/springframework/beans/factory/xml/spring-beans-2.5.xsd, http://www.springframework.org/schema/tool/spring-tool-4.2.xsd=org/springframework/beans/factory/xml/spring-tool-4.2.xsd, http://www.springframework.org/schema/tx/spring-tx-2.0.xsd=org/springframework/transaction/config/spring-tx-2.0.xsd, http://www.springframework.org/schema/jee/spring-jee-4.2.xsd=org/springframework/ejb/config/spring-jee-4.2.xsd, http://www.springframework.org/schema/aop/spring-aop.xsd=org/springframework/aop/config/spring-aop-4.2.xsd}
2016-02-03 20:07:58,964 DEBUG   main [org.springframework.beans.factory.xml.PluggableSchemaResolver] Found XML schema [http://www.springframework.org/schema/beans/spring-beans.xsd] in classpath: org/springframework/beans/factory/xml/spring-beans-4.2.xsd
2016-02-03 20:07:59,107 TRACE   main [org.springframework.beans.factory.xml.PluggableSchemaResolver] Trying to resolve XML entity with public id [null] and system id [http://www.springframework.org/schema/context/spring-context.xsd]
2016-02-03 20:07:59,109 DEBUG   main [org.springframework.beans.factory.xml.PluggableSchemaResolver] Found XML schema [http://www.springframework.org/schema/context/spring-context.xsd] in classpath: org/springframework/context/config/spring-context-4.2.xsd
2016-02-03 20:07:59,134 TRACE   main [org.springframework.beans.factory.xml.PluggableSchemaResolver] Trying to resolve XML entity with public id [null] and system id [http://www.springframework.org/schema/tool/spring-tool-4.2.xsd]
2016-02-03 20:07:59,135 DEBUG   main [org.springframework.beans.factory.xml.PluggableSchemaResolver] Found XML schema [http://www.springframework.org/schema/tool/spring-tool-4.2.xsd] in classpath: org/springframework/beans/factory/xml/spring-tool-4.2.xsd
2016-02-03 20:07:59,152 TRACE   main [org.springframework.beans.factory.xml.PluggableSchemaResolver] Trying to resolve XML entity with public id [null] and system id [http://www.springframework.org/schema/ldap/spring-ldap.xsd]
2016-02-03 20:07:59,153 DEBUG   main [org.springframework.beans.factory.xml.PluggableSchemaResolver] Found XML schema [http://www.springframework.org/schema/ldap/spring-ldap.xsd] in classpath: org/springframework/ldap/config/spring-ldap-2.0.xsd
2016-02-03 20:07:59,180 TRACE   main [org.springframework.beans.factory.xml.PluggableSchemaResolver] Trying to resolve XML entity with public id [null] and system id [http://www.springframework.org/schema/data/repository/spring-repository.xsd]
2016-02-03 20:07:59,181 DEBUG   main [org.springframework.beans.factory.xml.PluggableSchemaResolver] Found XML schema [http://www.springframework.org/schema/data/repository/spring-repository.xsd] in classpath: org/springframework/data/repository/config/spring-repository-1.7.xsd
2016-02-03 20:07:59,222 DEBUG   main [org.springframework.beans.factory.xml.DefaultBeanDefinitionDocumentReader] Loading bean definitions
2016-02-03 20:07:59,258 DEBUG   main [org.springframework.beans.factory.xml.DefaultNamespaceHandlerResolver] Loaded NamespaceHandler mappings: {http://www.springframework.org/schema/p=org.springframework.beans.factory.xml.SimplePropertyNamespaceHandler, http://www.springframework.org/schema/util=org.springframework.beans.factory.xml.UtilNamespaceHandler, http://www.springframework.org/schema/jee=org.springframework.ejb.config.JeeNamespaceHandler, http://www.springframework.org/schema/aop=org.springframework.aop.config.AopNamespaceHandler, http://www.springframework.org/schema/data/repository=org.springframework.data.repository.config.RepositoryNameSpaceHandler, http://www.springframework.org/schema/cache=org.springframework.cache.config.CacheNamespaceHandler, http://www.springframework.org/schema/c=org.springframework.beans.factory.xml.SimpleConstructorNamespaceHandler, http://www.springframework.org/schema/ldap=org.springframework.ldap.config.LdapNamespaceHandler, http://www.springframework.org/schema/tx=org.springframework.transaction.config.TxNamespaceHandler, http://www.springframework.org/schema/task=org.springframework.scheduling.config.TaskNamespaceHandler, http://www.springframework.org/schema/lang=org.springframework.scripting.config.LangNamespaceHandler, http://www.springframework.org/schema/context=org.springframework.context.config.ContextNamespaceHandler}
2016-02-03 20:07:59,457 DEBUG   main [org.springframework.core.env.StandardEnvironment] Adding [systemProperties] PropertySource with lowest search precedence
2016-02-03 20:07:59,458 DEBUG   main [org.springframework.core.env.StandardEnvironment] Adding [systemEnvironment] PropertySource with lowest search precedence
2016-02-03 20:07:59,458 DEBUG   main [org.springframework.core.env.StandardEnvironment] Initialized StandardEnvironment with PropertySources [systemProperties,systemEnvironment]
2016-02-03 20:07:59,548 DEBUG   main [org.springframework.core.io.support.PathMatchingResourcePatternResolver] Looking for matching resources in directory tree [C:\Eclipse\workspace\spring-ldap-example\bin\ldap\advance\example]
2016-02-03 20:07:59,549 DEBUG   main [org.springframework.core.io.support.PathMatchingResourcePatternResolver] Searching directory [C:\Eclipse\workspace\spring-ldap-example\bin\ldap\advance\example] for files matching pattern [C:/Eclipse/workspace/spring-ldap-example/bin/ldap/advance/example/**/*.class]
2016-02-03 20:07:59,554 DEBUG   main [org.springframework.core.io.support.PathMatchingResourcePatternResolver] Searching directory [C:\Eclipse\workspace\spring-ldap-example\bin\ldap\advance\example\test] for files matching pattern [C:/Eclipse/workspace/spring-ldap-example/bin/ldap/advance/example/**/*.class]
2016-02-03 20:07:59,560 DEBUG   main [org.springframework.core.io.support.PathMatchingResourcePatternResolver] Resolved location pattern [classpath*:ldap/advance/example/**/*.class] to resources [file [C:\Eclipse\workspace\spring-ldap-example\bin\ldap\advance\example\test\LdapApp.class], file [C:\Eclipse\workspace\spring-ldap-example\bin\ldap\advance\example\User.class], file [C:\Eclipse\workspace\spring-ldap-example\bin\ldap\advance\example\UserRepositoryImpl$MultipleAttributesMapper.class], file [C:\Eclipse\workspace\spring-ldap-example\bin\ldap\advance\example\UserRepositoryImpl$SingleAttributesMapper.class], file [C:\Eclipse\workspace\spring-ldap-example\bin\ldap\advance\example\UserRepositoryImpl$UserAttributesMapper.class], file [C:\Eclipse\workspace\spring-ldap-example\bin\ldap\advance\example\UserRepositoryImpl.class], file [C:\Eclipse\workspace\spring-ldap-example\bin\ldap\advance\example\UserRepositoryIntf.class]]
2016-02-03 20:07:59,560 TRACE   main [org.springframework.context.annotation.ClassPathBeanDefinitionScanner] Scanning file [C:\Eclipse\workspace\spring-ldap-example\bin\ldap\advance\example\test\LdapApp.class]
2016-02-03 20:07:59,666 TRACE   main [org.springframework.context.annotation.ClassPathBeanDefinitionScanner] Ignored because not matching any filter: file [C:\Eclipse\workspace\spring-ldap-example\bin\ldap\advance\example\test\LdapApp.class]
2016-02-03 20:07:59,668 TRACE   main [org.springframework.context.annotation.ClassPathBeanDefinitionScanner] Scanning file [C:\Eclipse\workspace\spring-ldap-example\bin\ldap\advance\example\User.class]
2016-02-03 20:07:59,670 TRACE   main [org.springframework.context.annotation.ClassPathBeanDefinitionScanner] Ignored because not matching any filter: file [C:\Eclipse\workspace\spring-ldap-example\bin\ldap\advance\example\User.class]
2016-02-03 20:07:59,670 TRACE   main [org.springframework.context.annotation.ClassPathBeanDefinitionScanner] Scanning file [C:\Eclipse\workspace\spring-ldap-example\bin\ldap\advance\example\UserRepositoryImpl$MultipleAttributesMapper.class]
2016-02-03 20:07:59,672 TRACE   main [org.springframework.context.annotation.ClassPathBeanDefinitionScanner] Ignored because not matching any filter: file [C:\Eclipse\workspace\spring-ldap-example\bin\ldap\advance\example\UserRepositoryImpl$MultipleAttributesMapper.class]
2016-02-03 20:07:59,672 TRACE   main [org.springframework.context.annotation.ClassPathBeanDefinitionScanner] Scanning file [C:\Eclipse\workspace\spring-ldap-example\bin\ldap\advance\example\UserRepositoryImpl$SingleAttributesMapper.class]
2016-02-03 20:07:59,673 TRACE   main [org.springframework.context.annotation.ClassPathBeanDefinitionScanner] Ignored because not matching any filter: file [C:\Eclipse\workspace\spring-ldap-example\bin\ldap\advance\example\UserRepositoryImpl$SingleAttributesMapper.class]
2016-02-03 20:07:59,674 TRACE   main [org.springframework.context.annotation.ClassPathBeanDefinitionScanner] Scanning file [C:\Eclipse\workspace\spring-ldap-example\bin\ldap\advance\example\UserRepositoryImpl$UserAttributesMapper.class]
2016-02-03 20:07:59,677 TRACE   main [org.springframework.context.annotation.ClassPathBeanDefinitionScanner] Ignored because not matching any filter: file [C:\Eclipse\workspace\spring-ldap-example\bin\ldap\advance\example\UserRepositoryImpl$UserAttributesMapper.class]
2016-02-03 20:07:59,678 TRACE   main [org.springframework.context.annotation.ClassPathBeanDefinitionScanner] Scanning file [C:\Eclipse\workspace\spring-ldap-example\bin\ldap\advance\example\UserRepositoryImpl.class]
2016-02-03 20:07:59,763 DEBUG   main [org.springframework.context.annotation.ClassPathBeanDefinitionScanner] Identified candidate component class: file [C:\Eclipse\workspace\spring-ldap-example\bin\ldap\advance\example\UserRepositoryImpl.class]
2016-02-03 20:07:59,763 TRACE   main [org.springframework.context.annotation.ClassPathBeanDefinitionScanner] Scanning file [C:\Eclipse\workspace\spring-ldap-example\bin\ldap\advance\example\UserRepositoryIntf.class]
2016-02-03 20:07:59,765 TRACE   main [org.springframework.context.annotation.ClassPathBeanDefinitionScanner] Ignored because not matching any filter: file [C:\Eclipse\workspace\spring-ldap-example\bin\ldap\advance\example\UserRepositoryIntf.class]
2016-02-03 20:08:00,107 DEBUG   main [org.springframework.beans.factory.xml.XmlBeanDefinitionReader] Loaded 9 bean definitions from location pattern [spring-ldap-example.xml]
2016-02-03 20:08:00,111 DEBUG   main [org.springframework.context.support.ClassPathXmlApplicationContext] Bean factory for org.springframework.context.support.ClassPathXmlApplicationContext@450faed3: org.springframework.beans.factory.support.DefaultListableBeanFactory@56a45c4: defining beans [userRepositoryImpl,org.springframework.context.annotation.internalConfigurationAnnotationProcessor,org.springframework.context.annotation.internalAutowiredAnnotationProcessor,org.springframework.context.annotation.internalRequiredAnnotationProcessor,org.springframework.context.annotation.internalCommonAnnotationProcessor,simpleDirContextAuthenticationStrategy,userReposImpl,contextSource,ldapTemplate]; root of factory hierarchy
2016-02-03 20:08:00,174 DEBUG   main [org.springframework.beans.factory.support.DefaultListableBeanFactory] Creating shared instance of singleton bean 'org.springframework.context.annotation.internalConfigurationAnnotationProcessor'
2016-02-03 20:08:00,174 DEBUG   main [org.springframework.beans.factory.support.DefaultListableBeanFactory] Creating instance of bean 'org.springframework.context.annotation.internalConfigurationAnnotationProcessor'
2016-02-03 20:08:00,214 DEBUG   main [org.springframework.beans.factory.support.DefaultListableBeanFactory] Eagerly caching bean 'org.springframework.context.annotation.internalConfigurationAnnotationProcessor' to allow for resolving potential circular references
2016-02-03 20:08:00,226 DEBUG   main [org.springframework.beans.factory.support.DefaultListableBeanFactory] Finished creating instance of bean 'org.springframework.context.annotation.internalConfigurationAnnotationProcessor'
2016-02-03 20:08:00,327 DEBUG   main [org.springframework.beans.factory.support.DefaultListableBeanFactory] Creating shared instance of singleton bean 'org.springframework.context.annotation.internalAutowiredAnnotationProcessor'
2016-02-03 20:08:00,327 DEBUG   main [org.springframework.beans.factory.support.DefaultListableBeanFactory] Creating instance of bean 'org.springframework.context.annotation.internalAutowiredAnnotationProcessor'
2016-02-03 20:08:00,328 DEBUG   main [org.springframework.beans.factory.support.DefaultListableBeanFactory] Eagerly caching bean 'org.springframework.context.annotation.internalAutowiredAnnotationProcessor' to allow for resolving potential circular references
2016-02-03 20:08:00,329 DEBUG   main [org.springframework.beans.factory.support.DefaultListableBeanFactory] Finished creating instance of bean 'org.springframework.context.annotation.internalAutowiredAnnotationProcessor'
2016-02-03 20:08:00,329 DEBUG   main [org.springframework.beans.factory.support.DefaultListableBeanFactory] Creating shared instance of singleton bean 'org.springframework.context.annotation.internalRequiredAnnotationProcessor'
2016-02-03 20:08:00,329 DEBUG   main [org.springframework.beans.factory.support.DefaultListableBeanFactory] Creating instance of bean 'org.springframework.context.annotation.internalRequiredAnnotationProcessor'
2016-02-03 20:08:00,330 DEBUG   main [org.springframework.beans.factory.support.DefaultListableBeanFactory] Eagerly caching bean 'org.springframework.context.annotation.internalRequiredAnnotationProcessor' to allow for resolving potential circular references
2016-02-03 20:08:00,330 DEBUG   main [org.springframework.beans.factory.support.DefaultListableBeanFactory] Finished creating instance of bean 'org.springframework.context.annotation.internalRequiredAnnotationProcessor'
2016-02-03 20:08:00,331 DEBUG   main [org.springframework.beans.factory.support.DefaultListableBeanFactory] Creating shared instance of singleton bean 'org.springframework.context.annotation.internalCommonAnnotationProcessor'
2016-02-03 20:08:00,331 DEBUG   main [org.springframework.beans.factory.support.DefaultListableBeanFactory] Creating instance of bean 'org.springframework.context.annotation.internalCommonAnnotationProcessor'
2016-02-03 20:08:00,347 DEBUG   main [org.springframework.beans.factory.support.DefaultListableBeanFactory] Eagerly caching bean 'org.springframework.context.annotation.internalCommonAnnotationProcessor' to allow for resolving potential circular references
2016-02-03 20:08:00,347 DEBUG   main [org.springframework.beans.factory.support.DefaultListableBeanFactory] Finished creating instance of bean 'org.springframework.context.annotation.internalCommonAnnotationProcessor'
2016-02-03 20:08:00,347 DEBUG   main [org.springframework.beans.factory.support.DefaultListableBeanFactory] Creating shared instance of singleton bean 'org.springframework.context.annotation.ConfigurationClassPostProcessor.importAwareProcessor'
2016-02-03 20:08:00,348 DEBUG   main [org.springframework.beans.factory.support.DefaultListableBeanFactory] Creating instance of bean 'org.springframework.context.annotation.ConfigurationClassPostProcessor.importAwareProcessor'
2016-02-03 20:08:00,348 DEBUG   main [org.springframework.beans.factory.support.DefaultListableBeanFactory] Eagerly caching bean 'org.springframework.context.annotation.ConfigurationClassPostProcessor.importAwareProcessor' to allow for resolving potential circular references
2016-02-03 20:08:00,348 DEBUG   main [org.springframework.beans.factory.support.DefaultListableBeanFactory] Finished creating instance of bean 'org.springframework.context.annotation.ConfigurationClassPostProcessor.importAwareProcessor'
2016-02-03 20:08:00,348 DEBUG   main [org.springframework.beans.factory.support.DefaultListableBeanFactory] Creating shared instance of singleton bean 'org.springframework.context.annotation.ConfigurationClassPostProcessor.enhancedConfigurationProcessor'
2016-02-03 20:08:00,348 DEBUG   main [org.springframework.beans.factory.support.DefaultListableBeanFactory] Creating instance of bean 'org.springframework.context.annotation.ConfigurationClassPostProcessor.enhancedConfigurationProcessor'
2016-02-03 20:08:00,348 DEBUG   main [org.springframework.beans.factory.support.DefaultListableBeanFactory] Eagerly caching bean 'org.springframework.context.annotation.ConfigurationClassPostProcessor.enhancedConfigurationProcessor' to allow for resolving potential circular references
2016-02-03 20:08:00,349 DEBUG   main [org.springframework.beans.factory.support.DefaultListableBeanFactory] Finished creating instance of bean 'org.springframework.context.annotation.ConfigurationClassPostProcessor.enhancedConfigurationProcessor'
2016-02-03 20:08:00,356 DEBUG   main [org.springframework.context.support.ClassPathXmlApplicationContext] Unable to locate MessageSource with name 'messageSource': using default [org.springframework.context.support.DelegatingMessageSource@190bf402]
2016-02-03 20:08:00,360 DEBUG   main [org.springframework.context.support.ClassPathXmlApplicationContext] Unable to locate ApplicationEventMulticaster with name 'applicationEventMulticaster': using default [org.springframework.context.event.SimpleApplicationEventMulticaster@1b2090ab]
2016-02-03 20:08:00,362 DEBUG   main [org.springframework.beans.factory.support.DefaultListableBeanFactory] Pre-instantiating singletons in org.springframework.beans.factory.support.DefaultListableBeanFactory@56a45c4: defining beans [userRepositoryImpl,org.springframework.context.annotation.internalConfigurationAnnotationProcessor,org.springframework.context.annotation.internalAutowiredAnnotationProcessor,org.springframework.context.annotation.internalRequiredAnnotationProcessor,org.springframework.context.annotation.internalCommonAnnotationProcessor,simpleDirContextAuthenticationStrategy,userReposImpl,contextSource,ldapTemplate,org.springframework.context.annotation.ConfigurationClassPostProcessor.importAwareProcessor,org.springframework.context.annotation.ConfigurationClassPostProcessor.enhancedConfigurationProcessor]; root of factory hierarchy
2016-02-03 20:08:00,362 DEBUG   main [org.springframework.beans.factory.support.DefaultListableBeanFactory] Creating shared instance of singleton bean 'userRepositoryImpl'
2016-02-03 20:08:00,362 DEBUG   main [org.springframework.beans.factory.support.DefaultListableBeanFactory] Creating instance of bean 'userRepositoryImpl'
2016-02-03 20:08:00,424 DEBUG   main [org.springframework.beans.factory.annotation.InjectionMetadata] Registered injected element on class [ldap.advance.example.UserRepositoryImpl]: AutowiredFieldElement for private org.springframework.ldap.core.LdapTemplate ldap.advance.example.UserRepositoryImpl.ldapTemplate
2016-02-03 20:08:00,424 DEBUG   main [org.springframework.beans.factory.support.DefaultListableBeanFactory] Eagerly caching bean 'userRepositoryImpl' to allow for resolving potential circular references
2016-02-03 20:08:00,431 TRACE   main [org.springframework.core.io.support.SpringFactoriesLoader] Loaded [org.springframework.beans.BeanInfoFactory] names: [org.springframework.beans.ExtendedBeanInfoFactory]
2016-02-03 20:08:00,433 TRACE   main [org.springframework.beans.CachedIntrospectionResults] Getting BeanInfo for class [ldap.advance.example.UserRepositoryImpl]
2016-02-03 20:08:00,460 TRACE   main [org.springframework.beans.CachedIntrospectionResults] Caching PropertyDescriptors for class [ldap.advance.example.UserRepositoryImpl]
2016-02-03 20:08:00,460 TRACE   main [org.springframework.beans.CachedIntrospectionResults] Found bean property 'allUserNames' of type [java.util.List]
2016-02-03 20:08:00,471 TRACE   main [org.springframework.beans.CachedIntrospectionResults] Found bean property 'allUsers' of type [java.util.List]
2016-02-03 20:08:00,472 TRACE   main [org.springframework.beans.CachedIntrospectionResults] Found bean property 'class' of type [java.lang.Class]
2016-02-03 20:08:00,480 DEBUG   main [org.springframework.beans.factory.annotation.InjectionMetadata] Processing injected element of bean 'userRepositoryImpl': AutowiredFieldElement for private org.springframework.ldap.core.LdapTemplate ldap.advance.example.UserRepositoryImpl.ldapTemplate
2016-02-03 20:08:00,520 DEBUG   main [org.springframework.beans.factory.support.DefaultListableBeanFactory] Creating shared instance of singleton bean 'ldapTemplate'
2016-02-03 20:08:00,520 DEBUG   main [org.springframework.beans.factory.support.DefaultListableBeanFactory] Creating instance of bean 'ldapTemplate'
2016-02-03 20:08:00,557 DEBUG   main [org.springframework.beans.factory.support.DefaultListableBeanFactory] Eagerly caching bean 'ldapTemplate' to allow for resolving potential circular references
2016-02-03 20:08:00,557 TRACE   main [org.springframework.beans.CachedIntrospectionResults] Getting BeanInfo for class [org.springframework.ldap.core.LdapTemplate]
2016-02-03 20:08:00,599 TRACE   main [org.springframework.beans.CachedIntrospectionResults] Caching PropertyDescriptors for class [org.springframework.ldap.core.LdapTemplate]
2016-02-03 20:08:00,599 TRACE   main [org.springframework.beans.CachedIntrospectionResults] Found bean property 'class' of type [java.lang.Class]
2016-02-03 20:08:00,612 TRACE   main [org.springframework.beans.CachedIntrospectionResults] Found bean property 'contextSource' of type [org.springframework.ldap.core.ContextSource]
2016-02-03 20:08:00,612 TRACE   main [org.springframework.beans.CachedIntrospectionResults] Found bean property 'defaultCountLimit' of type [int]
2016-02-03 20:08:00,612 TRACE   main [org.springframework.beans.CachedIntrospectionResults] Found bean property 'defaultSearchScope' of type [int]
2016-02-03 20:08:00,613 TRACE   main [org.springframework.beans.CachedIntrospectionResults] Found bean property 'defaultTimeLimit' of type [int]
2016-02-03 20:08:00,613 TRACE   main [org.springframework.beans.CachedIntrospectionResults] Found bean property 'ignoreNameNotFoundException' of type [boolean]
2016-02-03 20:08:00,613 TRACE   main [org.springframework.beans.CachedIntrospectionResults] Found bean property 'ignorePartialResultException' of type [boolean]
2016-02-03 20:08:00,614 TRACE   main [org.springframework.beans.CachedIntrospectionResults] Found bean property 'ignoreSizeLimitExceededException' of type [boolean]
2016-02-03 20:08:00,614 TRACE   main [org.springframework.beans.CachedIntrospectionResults] Found bean property 'objectDirectoryMapper' of type [org.springframework.ldap.odm.core.ObjectDirectoryMapper]
2016-02-03 20:08:00,618 DEBUG   main [org.springframework.beans.factory.support.DefaultListableBeanFactory] Creating shared instance of singleton bean 'contextSource'
2016-02-03 20:08:00,619 DEBUG   main [org.springframework.beans.factory.support.DefaultListableBeanFactory] Creating instance of bean 'contextSource'
2016-02-03 20:08:00,626 DEBUG   main [org.springframework.beans.factory.support.DefaultListableBeanFactory] Creating instance of bean '(inner bean)#1f5ffded'
2016-02-03 20:08:00,658 TRACE   main [org.springframework.beans.CachedIntrospectionResults] Getting BeanInfo for class [org.springframework.ldap.core.support.LdapContextSource]
2016-02-03 20:08:00,663 TRACE   main [org.springframework.beans.CachedIntrospectionResults] Caching PropertyDescriptors for class [org.springframework.ldap.core.support.LdapContextSource]
2016-02-03 20:08:00,664 TRACE   main [org.springframework.beans.CachedIntrospectionResults] Found bean property 'anonymousReadOnly' of type [boolean]
2016-02-03 20:08:00,664 TRACE   main [org.springframework.beans.CachedIntrospectionResults] Found bean property 'authenticationSource' of type [org.springframework.ldap.core.AuthenticationSource]
2016-02-03 20:08:00,664 TRACE   main [org.springframework.beans.CachedIntrospectionResults] Found bean property 'authenticationStrategy' of type [org.springframework.ldap.core.support.DirContextAuthenticationStrategy]
2016-02-03 20:08:00,664 TRACE   main [org.springframework.beans.CachedIntrospectionResults] Found bean property 'base' of type [java.lang.String]
2016-02-03 20:08:00,664 TRACE   main [org.springframework.beans.CachedIntrospectionResults] Found bean property 'baseEnvironmentProperties' of type [java.util.Map]
2016-02-03 20:08:00,664 TRACE   main [org.springframework.beans.CachedIntrospectionResults] Found bean property 'baseLdapName' of type [javax.naming.ldap.LdapName]
2016-02-03 20:08:00,664 TRACE   main [org.springframework.beans.CachedIntrospectionResults] Found bean property 'baseLdapPath' of type [org.springframework.ldap.core.DistinguishedName]
2016-02-03 20:08:00,664 TRACE   main [org.springframework.beans.CachedIntrospectionResults] Found bean property 'baseLdapPathAsString' of type [java.lang.String]
2016-02-03 20:08:00,665 TRACE   main [org.springframework.beans.CachedIntrospectionResults] Found bean property 'cacheEnvironmentProperties' of type [boolean]
2016-02-03 20:08:00,665 TRACE   main [org.springframework.beans.CachedIntrospectionResults] Found bean property 'class' of type [java.lang.Class]
2016-02-03 20:08:00,665 TRACE   main [org.springframework.beans.CachedIntrospectionResults] Found bean property 'contextFactory' of type [java.lang.Class]
2016-02-03 20:08:00,665 TRACE   main [org.springframework.beans.CachedIntrospectionResults] Found bean property 'dirObjectFactory' of type [java.lang.Class]
2016-02-03 20:08:00,665 TRACE   main [org.springframework.beans.CachedIntrospectionResults] Found bean property 'password' of type [java.lang.String]
2016-02-03 20:08:00,665 TRACE   main [org.springframework.beans.CachedIntrospectionResults] Found bean property 'pooled' of type [boolean]
2016-02-03 20:08:00,665 TRACE   main [org.springframework.beans.CachedIntrospectionResults] Found bean property 'readOnlyContext' of type [javax.naming.directory.DirContext]
2016-02-03 20:08:00,665 TRACE   main [org.springframework.beans.CachedIntrospectionResults] Found bean property 'readWriteContext' of type [javax.naming.directory.DirContext]
2016-02-03 20:08:00,666 TRACE   main [org.springframework.beans.CachedIntrospectionResults] Found bean property 'referral' of type [java.lang.String]
2016-02-03 20:08:00,666 TRACE   main [org.springframework.beans.CachedIntrospectionResults] Found bean property 'url' of type [java.lang.String]
2016-02-03 20:08:00,668 TRACE   main [org.springframework.beans.CachedIntrospectionResults] Found bean property 'urls' of type [[Ljava.lang.String;]
2016-02-03 20:08:00,668 TRACE   main [org.springframework.beans.CachedIntrospectionResults] Found bean property 'userDn' of type [java.lang.String]
2016-02-03 20:08:00,675 DEBUG   main [org.springframework.beans.factory.support.DefaultListableBeanFactory] Creating instance of bean '(inner bean)#6c7733eb'
2016-02-03 20:08:00,686 TRACE   main [org.springframework.beans.CachedIntrospectionResults] Getting BeanInfo for class [[Ljava.lang.String;]
2016-02-03 20:08:00,687 TRACE   main [org.springframework.beans.CachedIntrospectionResults] Caching PropertyDescriptors for class [[Ljava.lang.String;]
2016-02-03 20:08:00,687 TRACE   main [org.springframework.beans.CachedIntrospectionResults] Found bean property 'class' of type [java.lang.Class]
2016-02-03 20:08:00,688 DEBUG   main [org.springframework.beans.factory.support.DefaultListableBeanFactory] Finished creating instance of bean '(inner bean)#6c7733eb'
2016-02-03 20:08:00,689 DEBUG   main [org.springframework.beans.factory.support.DefaultListableBeanFactory] Creating shared instance of singleton bean 'simpleDirContextAuthenticationStrategy'
2016-02-03 20:08:00,689 DEBUG   main [org.springframework.beans.factory.support.DefaultListableBeanFactory] Creating instance of bean 'simpleDirContextAuthenticationStrategy'
2016-02-03 20:08:00,689 DEBUG   main [org.springframework.beans.factory.support.DefaultListableBeanFactory] Eagerly caching bean 'simpleDirContextAuthenticationStrategy' to allow for resolving potential circular references
2016-02-03 20:08:00,689 TRACE   main [org.springframework.beans.CachedIntrospectionResults] Getting BeanInfo for class [org.springframework.ldap.core.support.SimpleDirContextAuthenticationStrategy]
2016-02-03 20:08:00,691 TRACE   main [org.springframework.beans.CachedIntrospectionResults] Caching PropertyDescriptors for class [org.springframework.ldap.core.support.SimpleDirContextAuthenticationStrategy]
2016-02-03 20:08:00,691 TRACE   main [org.springframework.beans.CachedIntrospectionResults] Found bean property 'class' of type [java.lang.Class]
2016-02-03 20:08:00,692 DEBUG   main [org.springframework.beans.factory.support.DefaultListableBeanFactory] Finished creating instance of bean 'simpleDirContextAuthenticationStrategy'
2016-02-03 20:08:00,694 DEBUG   main [org.springframework.beans.factory.support.DefaultListableBeanFactory] Invoking afterPropertiesSet() on bean with name '(inner bean)#1f5ffded'
2016-02-03 20:08:00,698 DEBUG   main [org.springframework.beans.factory.support.DefaultListableBeanFactory] Finished creating instance of bean '(inner bean)#1f5ffded'
2016-02-03 20:08:00,707 DEBUG   main [org.springframework.beans.factory.support.DefaultListableBeanFactory] Eagerly caching bean 'contextSource' to allow for resolving potential circular references
2016-02-03 20:08:00,707 TRACE   main [org.springframework.beans.CachedIntrospectionResults] Getting BeanInfo for class [org.springframework.ldap.transaction.compensating.manager.TransactionAwareContextSourceProxy]
2016-02-03 20:08:00,711 TRACE   main [org.springframework.beans.CachedIntrospectionResults] Caching PropertyDescriptors for class [org.springframework.ldap.transaction.compensating.manager.TransactionAwareContextSourceProxy]
2016-02-03 20:08:00,712 TRACE   main [org.springframework.beans.CachedIntrospectionResults] Found bean property 'baseLdapName' of type [javax.naming.ldap.LdapName]
2016-02-03 20:08:00,712 TRACE   main [org.springframework.beans.CachedIntrospectionResults] Found bean property 'baseLdapPath' of type [org.springframework.ldap.core.DistinguishedName]
2016-02-03 20:08:00,712 TRACE   main [org.springframework.beans.CachedIntrospectionResults] Found bean property 'baseLdapPathAsString' of type [java.lang.String]
2016-02-03 20:08:00,712 TRACE   main [org.springframework.beans.CachedIntrospectionResults] Found bean property 'class' of type [java.lang.Class]
2016-02-03 20:08:00,712 TRACE   main [org.springframework.beans.CachedIntrospectionResults] Found bean property 'readOnlyContext' of type [javax.naming.directory.DirContext]
2016-02-03 20:08:00,712 TRACE   main [org.springframework.beans.CachedIntrospectionResults] Found bean property 'readWriteContext' of type [javax.naming.directory.DirContext]
2016-02-03 20:08:00,712 TRACE   main [org.springframework.beans.CachedIntrospectionResults] Found bean property 'target' of type [org.springframework.ldap.core.ContextSource]
2016-02-03 20:08:00,712 DEBUG   main [org.springframework.beans.factory.support.DefaultListableBeanFactory] Finished creating instance of bean 'contextSource'
2016-02-03 20:08:00,713 DEBUG   main [org.springframework.beans.factory.support.DefaultListableBeanFactory] Invoking afterPropertiesSet() on bean with name 'ldapTemplate'
2016-02-03 20:08:00,713 DEBUG   main [org.springframework.beans.factory.support.DefaultListableBeanFactory] Finished creating instance of bean 'ldapTemplate'
2016-02-03 20:08:00,713 DEBUG   main [org.springframework.beans.factory.annotation.AutowiredAnnotationBeanPostProcessor] Autowiring by type from bean name 'userRepositoryImpl' to bean named 'ldapTemplate'
2016-02-03 20:08:00,714 DEBUG   main [org.springframework.beans.factory.support.DefaultListableBeanFactory] Finished creating instance of bean 'userRepositoryImpl'
2016-02-03 20:08:00,714 DEBUG   main [org.springframework.beans.factory.support.DefaultListableBeanFactory] Returning cached instance of singleton bean 'org.springframework.context.annotation.internalConfigurationAnnotationProcessor'
2016-02-03 20:08:00,714 DEBUG   main [org.springframework.beans.factory.support.DefaultListableBeanFactory] Returning cached instance of singleton bean 'org.springframework.context.annotation.internalAutowiredAnnotationProcessor'
2016-02-03 20:08:00,714 DEBUG   main [org.springframework.beans.factory.support.DefaultListableBeanFactory] Returning cached instance of singleton bean 'org.springframework.context.annotation.internalRequiredAnnotationProcessor'
2016-02-03 20:08:00,714 DEBUG   main [org.springframework.beans.factory.support.DefaultListableBeanFactory] Returning cached instance of singleton bean 'org.springframework.context.annotation.internalCommonAnnotationProcessor'
2016-02-03 20:08:00,714 DEBUG   main [org.springframework.beans.factory.support.DefaultListableBeanFactory] Returning cached instance of singleton bean 'simpleDirContextAuthenticationStrategy'
2016-02-03 20:08:00,714 DEBUG   main [org.springframework.beans.factory.support.DefaultListableBeanFactory] Creating shared instance of singleton bean 'userReposImpl'
2016-02-03 20:08:00,714 DEBUG   main [org.springframework.beans.factory.support.DefaultListableBeanFactory] Creating instance of bean 'userReposImpl'
2016-02-03 20:08:00,715 DEBUG   main [org.springframework.beans.factory.annotation.InjectionMetadata] Registered injected element on class [ldap.advance.example.UserRepositoryImpl]: AutowiredFieldElement for private org.springframework.ldap.core.LdapTemplate ldap.advance.example.UserRepositoryImpl.ldapTemplate
2016-02-03 20:08:00,715 DEBUG   main [org.springframework.beans.factory.support.DefaultListableBeanFactory] Eagerly caching bean 'userReposImpl' to allow for resolving potential circular references
2016-02-03 20:08:00,715 DEBUG   main [org.springframework.beans.factory.annotation.InjectionMetadata] Processing injected element of bean 'userReposImpl': AutowiredFieldElement for private org.springframework.ldap.core.LdapTemplate ldap.advance.example.UserRepositoryImpl.ldapTemplate
2016-02-03 20:08:00,715 DEBUG   main [org.springframework.beans.factory.support.DefaultListableBeanFactory] Returning cached instance of singleton bean 'ldapTemplate'
2016-02-03 20:08:00,715 DEBUG   main [org.springframework.beans.factory.annotation.AutowiredAnnotationBeanPostProcessor] Autowiring by type from bean name 'userReposImpl' to bean named 'ldapTemplate'
2016-02-03 20:08:00,716 DEBUG   main [org.springframework.beans.factory.support.DefaultListableBeanFactory] Finished creating instance of bean 'userReposImpl'
2016-02-03 20:08:00,716 DEBUG   main [org.springframework.beans.factory.support.DefaultListableBeanFactory] Returning cached instance of singleton bean 'contextSource'
2016-02-03 20:08:00,716 DEBUG   main [org.springframework.beans.factory.support.DefaultListableBeanFactory] Returning cached instance of singleton bean 'ldapTemplate'
2016-02-03 20:08:00,716 DEBUG   main [org.springframework.beans.factory.support.DefaultListableBeanFactory] Returning cached instance of singleton bean 'org.springframework.context.annotation.ConfigurationClassPostProcessor.importAwareProcessor'
2016-02-03 20:08:00,716 DEBUG   main [org.springframework.beans.factory.support.DefaultListableBeanFactory] Returning cached instance of singleton bean 'org.springframework.context.annotation.ConfigurationClassPostProcessor.enhancedConfigurationProcessor'
2016-02-03 20:08:00,726 DEBUG   main [org.springframework.context.support.ClassPathXmlApplicationContext] Unable to locate LifecycleProcessor with name 'lifecycleProcessor': using default [org.springframework.context.support.DefaultLifecycleProcessor@7c182454]
2016-02-03 20:08:00,727 DEBUG   main [org.springframework.beans.factory.support.DefaultListableBeanFactory] Returning cached instance of singleton bean 'lifecycleProcessor'
2016-02-03 20:08:00,727 TRACE   main [org.springframework.context.support.ClassPathXmlApplicationContext] Publishing event in org.springframework.context.support.ClassPathXmlApplicationContext@450faed3: org.springframework.context.event.ContextRefreshedEvent[source=org.springframework.context.support.ClassPathXmlApplicationContext@450faed3: startup date [Wed Feb 03 20:07:58 EST 2016]; root of context hierarchy]
2016-02-03 20:08:00,730 TRACE   main [org.springframework.core.env.PropertySourcesPropertyResolver] getProperty("spring.liveBeansView.mbeanDomain", String)
2016-02-03 20:08:00,730 DEBUG   main [org.springframework.core.env.PropertySourcesPropertyResolver] Searching for key 'spring.liveBeansView.mbeanDomain' in [systemProperties]
2016-02-03 20:08:00,730 DEBUG   main [org.springframework.core.env.PropertySourcesPropertyResolver] Searching for key 'spring.liveBeansView.mbeanDomain' in [systemEnvironment]
2016-02-03 20:08:00,731 DEBUG   main [org.springframework.core.env.PropertySourcesPropertyResolver] Could not find key 'spring.liveBeansView.mbeanDomain' in any property source. Returning [null]
2016-02-03 20:08:00,731 INFO   main [ldap.advance.example.test.LdapApp] Test started at Wed Feb 03 20:07:58 EST 2016
2016-02-03 20:08:00,731 DEBUG   main [org.springframework.beans.factory.support.DefaultListableBeanFactory] Returning cached instance of singleton bean 'userReposImpl'
2016-02-03 20:08:00,731 INFO   main [ldap.advance.example.UserRepositoryImpl] executing {createUser}
2016-02-03 20:08:59,367 DEBUG   main [org.springframework.core.env.StandardEnvironment] Adding [systemProperties] PropertySource with lowest search precedence
2016-02-03 20:08:59,379 DEBUG   main [org.springframework.core.env.StandardEnvironment] Adding [systemEnvironment] PropertySource with lowest search precedence
2016-02-03 20:08:59,380 DEBUG   main [org.springframework.core.env.StandardEnvironment] Initialized StandardEnvironment with PropertySources [systemProperties,systemEnvironment]
2016-02-03 20:08:59,398 INFO   main [org.springframework.context.support.ClassPathXmlApplicationContext] Refreshing org.springframework.context.support.ClassPathXmlApplicationContext@89ec211: startup date [Wed Feb 03 20:08:59 EST 2016]; root of context hierarchy
2016-02-03 20:08:59,455 DEBUG   main [org.springframework.core.env.StandardEnvironment] Adding [systemProperties] PropertySource with lowest search precedence
2016-02-03 20:08:59,456 DEBUG   main [org.springframework.core.env.StandardEnvironment] Adding [systemEnvironment] PropertySource with lowest search precedence
2016-02-03 20:08:59,456 DEBUG   main [org.springframework.core.env.StandardEnvironment] Initialized StandardEnvironment with PropertySources [systemProperties,systemEnvironment]
2016-02-03 20:08:59,480 INFO   main [org.springframework.beans.factory.xml.XmlBeanDefinitionReader] Loading XML bean definitions from class path resource [spring-ldap-example.xml]
2016-02-03 20:08:59,483 DEBUG   main [org.springframework.beans.factory.xml.DefaultDocumentLoader] Using JAXP provider [com.sun.org.apache.xerces.internal.jaxp.DocumentBuilderFactoryImpl]
2016-02-03 20:08:59,534 TRACE   main [org.springframework.beans.factory.xml.PluggableSchemaResolver] Trying to resolve XML entity with public id [null] and system id [http://www.springframework.org/schema/beans/spring-beans.xsd]
2016-02-03 20:08:59,534 DEBUG   main [org.springframework.beans.factory.xml.PluggableSchemaResolver] Loading schema mappings from [META-INF/spring.schemas]
2016-02-03 20:08:59,575 DEBUG   main [org.springframework.beans.factory.xml.PluggableSchemaResolver] Loaded schema mappings: {http://www.springframework.org/schema/tx/spring-tx-2.5.xsd=org/springframework/transaction/config/spring-tx-2.5.xsd, http://www.springframework.org/schema/cache/spring-cache-4.2.xsd=org/springframework/cache/config/spring-cache-4.2.xsd, http://www.springframework.org/schema/aop/spring-aop-4.1.xsd=org/springframework/aop/config/spring-aop-4.1.xsd, http://www.springframework.org/schema/context/spring-context-3.1.xsd=org/springframework/context/config/spring-context-3.1.xsd, http://www.springframework.org/schema/data/repository/spring-repository-1.4.xsd=org/springframework/data/repository/config/spring-repository-1.4.xsd, http://www.springframework.org/schema/util/spring-util-3.0.xsd=org/springframework/beans/factory/xml/spring-util-3.0.xsd, http://www.springframework.org/schema/tool/spring-tool.xsd=org/springframework/beans/factory/xml/spring-tool-4.2.xsd, http://www.springframework.org/schema/aop/spring-aop-3.2.xsd=org/springframework/aop/config/spring-aop-3.2.xsd, http://www.springframework.org/schema/lang/spring-lang-4.1.xsd=org/springframework/scripting/config/spring-lang-4.1.xsd, http://www.springframework.org/schema/context/spring-context-4.0.xsd=org/springframework/context/config/spring-context-4.0.xsd, http://www.springframework.org/schema/beans/spring-beans-4.2.xsd=org/springframework/beans/factory/xml/spring-beans-4.2.xsd, http://www.springframework.org/schema/tool/spring-tool-4.1.xsd=org/springframework/beans/factory/xml/spring-tool-4.1.xsd, http://www.springframework.org/schema/lang/spring-lang-3.2.xsd=org/springframework/scripting/config/spring-lang-3.2.xsd, http://www.springframework.org/schema/cache/spring-cache-3.2.xsd=org/springframework/cache/config/spring-cache-3.2.xsd, http://www.springframework.org/schema/jee/spring-jee-4.1.xsd=org/springframework/ejb/config/spring-jee-4.1.xsd, http://www.springframework.org/schema/task/spring-task-4.2.xsd=org/springframework/scheduling/config/spring-task-4.2.xsd, http://www.springframework.org/schema/util/spring-util-2.0.xsd=org/springframework/beans/factory/xml/spring-util-2.0.xsd, http://www.springframework.org/schema/tool/spring-tool-3.2.xsd=org/springframework/beans/factory/xml/spring-tool-3.2.xsd, http://www.springframework.org/schema/context/spring-context.xsd=org/springframework/context/config/spring-context-4.2.xsd, http://www.springframework.org/schema/tx/spring-tx-4.2.xsd=org/springframework/transaction/config/spring-tx-4.2.xsd, http://www.springframework.org/schema/cache/spring-cache-4.1.xsd=org/springframework/cache/config/spring-cache-4.1.xsd, http://www.springframework.org/schema/aop/spring-aop-4.0.xsd=org/springframework/aop/config/spring-aop-4.0.xsd, http://www.springframework.org/schema/jee/spring-jee-3.2.xsd=org/springframework/ejb/config/spring-jee-3.2.xsd, http://www.springframework.org/schema/context/spring-context-3.0.xsd=org/springframework/context/config/spring-context-3.0.xsd, http://www.springframework.org/schema/util/spring-util-2.5.xsd=org/springframework/beans/factory/xml/spring-util-2.5.xsd, http://www.springframework.org/schema/beans/spring-beans-3.2.xsd=org/springframework/beans/factory/xml/spring-beans-3.2.xsd, http://www.springframework.org/schema/aop/spring-aop-3.1.xsd=org/springframework/aop/config/spring-aop-3.1.xsd, http://www.springframework.org/schema/ldap/spring-ldap-2.0.xsd=org/springframework/ldap/config/spring-ldap-2.0.xsd, http://www.springframework.org/schema/lang/spring-lang-4.0.xsd=org/springframework/scripting/config/spring-lang-4.0.xsd, http://www.springframework.org/schema/beans/spring-beans-4.1.xsd=org/springframework/beans/factory/xml/spring-beans-4.1.xsd, http://www.springframework.org/schema/tool/spring-tool-4.0.xsd=org/springframework/beans/factory/xml/spring-tool-4.0.xsd, http://www.springframework.org/schema/tx/spring-tx-3.2.xsd=org/springframework/transaction/config/spring-tx-3.2.xsd, http://www.springframework.org/schema/lang/spring-lang-3.1.xsd=org/springframework/scripting/config/spring-lang-3.1.xsd, http://www.springframework.org/schema/cache/spring-cache-3.1.xsd=org/springframework/cache/config/spring-cache-3.1.xsd, http://www.springframework.org/schema/jee/spring-jee-4.0.xsd=org/springframework/ejb/config/spring-jee-4.0.xsd, http://www.springframework.org/schema/task/spring-task-4.1.xsd=org/springframework/scheduling/config/spring-task-4.1.xsd, http://www.springframework.org/schema/tool/spring-tool-3.1.xsd=org/springframework/beans/factory/xml/spring-tool-3.1.xsd, http://www.springframework.org/schema/tx/spring-tx-4.1.xsd=org/springframework/transaction/config/spring-tx-4.1.xsd, http://www.springframework.org/schema/cache/spring-cache-4.0.xsd=org/springframework/cache/config/spring-cache-4.0.xsd, http://www.springframework.org/schema/jee/spring-jee-3.1.xsd=org/springframework/ejb/config/spring-jee-3.1.xsd, http://www.springframework.org/schema/task/spring-task-3.2.xsd=org/springframework/scheduling/config/spring-task-3.2.xsd, http://www.springframework.org/schema/util/spring-util-4.2.xsd=org/springframework/beans/factory/xml/spring-util-4.2.xsd, http://www.springframework.org/schema/beans/spring-beans-3.1.xsd=org/springframework/beans/factory/xml/spring-beans-3.1.xsd, http://www.springframework.org/schema/util/spring-util.xsd=org/springframework/beans/factory/xml/spring-util-4.2.xsd, http://www.springframework.org/schema/aop/spring-aop-3.0.xsd=org/springframework/aop/config/spring-aop-3.0.xsd, http://www.springframework.org/schema/data/repository/spring-repository.xsd=org/springframework/data/repository/config/spring-repository-1.7.xsd, http://www.springframework.org/schema/data/repository/spring-repository-1.7.xsd=org/springframework/data/repository/config/spring-repository-1.7.xsd, http://www.springframework.org/schema/ldap/spring-ldap.xsd=org/springframework/ldap/config/spring-ldap-2.0.xsd, http://www.springframework.org/schema/beans/spring-beans-4.0.xsd=org/springframework/beans/factory/xml/spring-beans-4.0.xsd, http://www.springframework.org/schema/beans/spring-beans.xsd=org/springframework/beans/factory/xml/spring-beans-4.2.xsd, http://www.springframework.org/schema/tx/spring-tx-3.1.xsd=org/springframework/transaction/config/spring-tx-3.1.xsd, http://www.springframework.org/schema/lang/spring-lang-3.0.xsd=org/springframework/scripting/config/spring-lang-3.0.xsd, http://www.springframework.org/schema/context/spring-context-2.5.xsd=org/springframework/context/config/spring-context-2.5.xsd, http://www.springframework.org/schema/task/spring-task-4.0.xsd=org/springframework/scheduling/config/spring-task-4.0.xsd, http://www.springframework.org/schema/tool/spring-tool-3.0.xsd=org/springframework/beans/factory/xml/spring-tool-3.0.xsd, http://www.springframework.org/schema/tx/spring-tx-4.0.xsd=org/springframework/transaction/config/spring-tx-4.0.xsd, http://www.springframework.org/schema/aop/spring-aop-2.0.xsd=org/springframework/aop/config/spring-aop-2.0.xsd, http://www.springframework.org/schema/jee/spring-jee-3.0.xsd=org/springframework/ejb/config/spring-jee-3.0.xsd, http://www.springframework.org/schema/util/spring-util-4.1.xsd=org/springframework/beans/factory/xml/spring-util-4.1.xsd, http://www.springframework.org/schema/task/spring-task-3.1.xsd=org/springframework/scheduling/config/spring-task-3.1.xsd, http://www.springframework.org/schema/beans/spring-beans-3.0.xsd=org/springframework/beans/factory/xml/spring-beans-3.0.xsd, http://www.springframework.org/schema/jee/spring-jee.xsd=org/springframework/ejb/config/spring-jee-4.2.xsd, http://www.springframework.org/schema/aop/spring-aop-2.5.xsd=org/springframework/aop/config/spring-aop-2.5.xsd, http://www.springframework.org/schema/lang/spring-lang-2.0.xsd=org/springframework/scripting/config/spring-lang-2.0.xsd, http://www.springframework.org/schema/data/repository/spring-repository-1.6.xsd=org/springframework/data/repository/config/spring-repository-1.6.xsd, http://www.springframework.org/schema/util/spring-util-3.2.xsd=org/springframework/beans/factory/xml/spring-util-3.2.xsd, http://www.springframework.org/schema/task/spring-task.xsd=org/springframework/scheduling/config/spring-task-4.2.xsd, http://www.springframework.org/schema/tool/spring-tool-2.0.xsd=org/springframework/beans/factory/xml/spring-tool-2.0.xsd, http://www.springframework.org/schema/tx/spring-tx-3.0.xsd=org/springframework/transaction/config/spring-tx-3.0.xsd, http://www.springframework.org/schema/lang/spring-lang-2.5.xsd=org/springframework/scripting/config/spring-lang-2.5.xsd, http://www.springframework.org/schema/context/spring-context-4.2.xsd=org/springframework/context/config/spring-context-4.2.xsd, http://www.springframework.org/schema/jee/spring-jee-2.0.xsd=org/springframework/ejb/config/spring-jee-2.0.xsd, http://www.springframework.org/schema/tool/spring-tool-2.5.xsd=org/springframework/beans/factory/xml/spring-tool-2.5.xsd, http://www.springframework.org/schema/jee/spring-jee-2.5.xsd=org/springframework/ejb/config/spring-jee-2.5.xsd, http://www.springframework.org/schema/data/repository/spring-repository-1.0.xsd=org/springframework/data/repository/config/spring-repository-1.0.xsd, http://www.springframework.org/schema/util/spring-util-4.0.xsd=org/springframework/beans/factory/xml/spring-util-4.0.xsd, http://www.springframework.org/schema/task/spring-task-3.0.xsd=org/springframework/scheduling/config/spring-task-3.0.xsd, http://www.springframework.org/schema/aop/spring-aop-4.2.xsd=org/springframework/aop/config/spring-aop-4.2.xsd, http://www.springframework.org/schema/lang/spring-lang.xsd=org/springframework/scripting/config/spring-lang-4.2.xsd, http://www.springframework.org/schema/context/spring-context-3.2.xsd=org/springframework/context/config/spring-context-3.2.xsd, http://www.springframework.org/schema/data/repository/spring-repository-1.5.xsd=org/springframework/data/repository/config/spring-repository-1.5.xsd, http://www.springframework.org/schema/util/spring-util-3.1.xsd=org/springframework/beans/factory/xml/spring-util-3.1.xsd, http://www.springframework.org/schema/beans/spring-beans-2.0.xsd=org/springframework/beans/factory/xml/spring-beans-2.0.xsd, http://www.springframework.org/schema/cache/spring-cache.xsd=org/springframework/cache/config/spring-cache-4.2.xsd, http://www.springframework.org/schema/tx/spring-tx.xsd=org/springframework/transaction/config/spring-tx-4.2.xsd, http://www.springframework.org/schema/lang/spring-lang-4.2.xsd=org/springframework/scripting/config/spring-lang-4.2.xsd, http://www.springframework.org/schema/context/spring-context-4.1.xsd=org/springframework/context/config/spring-context-4.1.xsd, http://www.springframework.org/schema/beans/spring-beans-2.5.xsd=org/springframework/beans/factory/xml/spring-beans-2.5.xsd, http://www.springframework.org/schema/tool/spring-tool-4.2.xsd=org/springframework/beans/factory/xml/spring-tool-4.2.xsd, http://www.springframework.org/schema/tx/spring-tx-2.0.xsd=org/springframework/transaction/config/spring-tx-2.0.xsd, http://www.springframework.org/schema/jee/spring-jee-4.2.xsd=org/springframework/ejb/config/spring-jee-4.2.xsd, http://www.springframework.org/schema/aop/spring-aop.xsd=org/springframework/aop/config/spring-aop-4.2.xsd}
2016-02-03 20:08:59,592 DEBUG   main [org.springframework.beans.factory.xml.PluggableSchemaResolver] Found XML schema [http://www.springframework.org/schema/beans/spring-beans.xsd] in classpath: org/springframework/beans/factory/xml/spring-beans-4.2.xsd
2016-02-03 20:08:59,733 TRACE   main [org.springframework.beans.factory.xml.PluggableSchemaResolver] Trying to resolve XML entity with public id [null] and system id [http://www.springframework.org/schema/context/spring-context.xsd]
2016-02-03 20:08:59,736 DEBUG   main [org.springframework.beans.factory.xml.PluggableSchemaResolver] Found XML schema [http://www.springframework.org/schema/context/spring-context.xsd] in classpath: org/springframework/context/config/spring-context-4.2.xsd
2016-02-03 20:08:59,750 TRACE   main [org.springframework.beans.factory.xml.PluggableSchemaResolver] Trying to resolve XML entity with public id [null] and system id [http://www.springframework.org/schema/tool/spring-tool-4.2.xsd]
2016-02-03 20:08:59,751 DEBUG   main [org.springframework.beans.factory.xml.PluggableSchemaResolver] Found XML schema [http://www.springframework.org/schema/tool/spring-tool-4.2.xsd] in classpath: org/springframework/beans/factory/xml/spring-tool-4.2.xsd
2016-02-03 20:08:59,765 TRACE   main [org.springframework.beans.factory.xml.PluggableSchemaResolver] Trying to resolve XML entity with public id [null] and system id [http://www.springframework.org/schema/ldap/spring-ldap.xsd]
2016-02-03 20:08:59,766 DEBUG   main [org.springframework.beans.factory.xml.PluggableSchemaResolver] Found XML schema [http://www.springframework.org/schema/ldap/spring-ldap.xsd] in classpath: org/springframework/ldap/config/spring-ldap-2.0.xsd
2016-02-03 20:08:59,796 TRACE   main [org.springframework.beans.factory.xml.PluggableSchemaResolver] Trying to resolve XML entity with public id [null] and system id [http://www.springframework.org/schema/data/repository/spring-repository.xsd]
2016-02-03 20:08:59,798 DEBUG   main [org.springframework.beans.factory.xml.PluggableSchemaResolver] Found XML schema [http://www.springframework.org/schema/data/repository/spring-repository.xsd] in classpath: org/springframework/data/repository/config/spring-repository-1.7.xsd
2016-02-03 20:08:59,830 DEBUG   main [org.springframework.beans.factory.xml.DefaultBeanDefinitionDocumentReader] Loading bean definitions
2016-02-03 20:08:59,852 DEBUG   main [org.springframework.beans.factory.xml.DefaultNamespaceHandlerResolver] Loaded NamespaceHandler mappings: {http://www.springframework.org/schema/p=org.springframework.beans.factory.xml.SimplePropertyNamespaceHandler, http://www.springframework.org/schema/util=org.springframework.beans.factory.xml.UtilNamespaceHandler, http://www.springframework.org/schema/jee=org.springframework.ejb.config.JeeNamespaceHandler, http://www.springframework.org/schema/aop=org.springframework.aop.config.AopNamespaceHandler, http://www.springframework.org/schema/data/repository=org.springframework.data.repository.config.RepositoryNameSpaceHandler, http://www.springframework.org/schema/cache=org.springframework.cache.config.CacheNamespaceHandler, http://www.springframework.org/schema/c=org.springframework.beans.factory.xml.SimpleConstructorNamespaceHandler, http://www.springframework.org/schema/ldap=org.springframework.ldap.config.LdapNamespaceHandler, http://www.springframework.org/schema/tx=org.springframework.transaction.config.TxNamespaceHandler, http://www.springframework.org/schema/task=org.springframework.scheduling.config.TaskNamespaceHandler, http://www.springframework.org/schema/lang=org.springframework.scripting.config.LangNamespaceHandler, http://www.springframework.org/schema/context=org.springframework.context.config.ContextNamespaceHandler}
2016-02-03 20:08:59,883 DEBUG   main [org.springframework.core.env.StandardEnvironment] Adding [systemProperties] PropertySource with lowest search precedence
2016-02-03 20:08:59,883 DEBUG   main [org.springframework.core.env.StandardEnvironment] Adding [systemEnvironment] PropertySource with lowest search precedence
2016-02-03 20:08:59,883 DEBUG   main [org.springframework.core.env.StandardEnvironment] Initialized StandardEnvironment with PropertySources [systemProperties,systemEnvironment]
2016-02-03 20:08:59,941 DEBUG   main [org.springframework.core.io.support.PathMatchingResourcePatternResolver] Looking for matching resources in directory tree [C:\Eclipse\workspace\spring-ldap-example\bin\ldap\advance\example]
2016-02-03 20:08:59,943 DEBUG   main [org.springframework.core.io.support.PathMatchingResourcePatternResolver] Searching directory [C:\Eclipse\workspace\spring-ldap-example\bin\ldap\advance\example] for files matching pattern [C:/Eclipse/workspace/spring-ldap-example/bin/ldap/advance/example/**/*.class]
2016-02-03 20:08:59,947 DEBUG   main [org.springframework.core.io.support.PathMatchingResourcePatternResolver] Searching directory [C:\Eclipse\workspace\spring-ldap-example\bin\ldap\advance\example\test] for files matching pattern [C:/Eclipse/workspace/spring-ldap-example/bin/ldap/advance/example/**/*.class]
2016-02-03 20:08:59,951 DEBUG   main [org.springframework.core.io.support.PathMatchingResourcePatternResolver] Resolved location pattern [classpath*:ldap/advance/example/**/*.class] to resources [file [C:\Eclipse\workspace\spring-ldap-example\bin\ldap\advance\example\test\LdapApp.class], file [C:\Eclipse\workspace\spring-ldap-example\bin\ldap\advance\example\User.class], file [C:\Eclipse\workspace\spring-ldap-example\bin\ldap\advance\example\UserRepositoryImpl$MultipleAttributesMapper.class], file [C:\Eclipse\workspace\spring-ldap-example\bin\ldap\advance\example\UserRepositoryImpl$SingleAttributesMapper.class], file [C:\Eclipse\workspace\spring-ldap-example\bin\ldap\advance\example\UserRepositoryImpl$UserAttributesMapper.class], file [C:\Eclipse\workspace\spring-ldap-example\bin\ldap\advance\example\UserRepositoryImpl.class], file [C:\Eclipse\workspace\spring-ldap-example\bin\ldap\advance\example\UserRepositoryIntf.class]]
2016-02-03 20:08:59,952 TRACE   main [org.springframework.context.annotation.ClassPathBeanDefinitionScanner] Scanning file [C:\Eclipse\workspace\spring-ldap-example\bin\ldap\advance\example\test\LdapApp.class]
2016-02-03 20:09:00,016 TRACE   main [org.springframework.context.annotation.ClassPathBeanDefinitionScanner] Ignored because not matching any filter: file [C:\Eclipse\workspace\spring-ldap-example\bin\ldap\advance\example\test\LdapApp.class]
2016-02-03 20:09:00,017 TRACE   main [org.springframework.context.annotation.ClassPathBeanDefinitionScanner] Scanning file [C:\Eclipse\workspace\spring-ldap-example\bin\ldap\advance\example\User.class]
2016-02-03 20:09:00,022 TRACE   main [org.springframework.context.annotation.ClassPathBeanDefinitionScanner] Ignored because not matching any filter: file [C:\Eclipse\workspace\spring-ldap-example\bin\ldap\advance\example\User.class]
2016-02-03 20:09:00,023 TRACE   main [org.springframework.context.annotation.ClassPathBeanDefinitionScanner] Scanning file [C:\Eclipse\workspace\spring-ldap-example\bin\ldap\advance\example\UserRepositoryImpl$MultipleAttributesMapper.class]
2016-02-03 20:09:00,024 TRACE   main [org.springframework.context.annotation.ClassPathBeanDefinitionScanner] Ignored because not matching any filter: file [C:\Eclipse\workspace\spring-ldap-example\bin\ldap\advance\example\UserRepositoryImpl$MultipleAttributesMapper.class]
2016-02-03 20:09:00,024 TRACE   main [org.springframework.context.annotation.ClassPathBeanDefinitionScanner] Scanning file [C:\Eclipse\workspace\spring-ldap-example\bin\ldap\advance\example\UserRepositoryImpl$SingleAttributesMapper.class]
2016-02-03 20:09:00,025 TRACE   main [org.springframework.context.annotation.ClassPathBeanDefinitionScanner] Ignored because not matching any filter: file [C:\Eclipse\workspace\spring-ldap-example\bin\ldap\advance\example\UserRepositoryImpl$SingleAttributesMapper.class]
2016-02-03 20:09:00,025 TRACE   main [org.springframework.context.annotation.ClassPathBeanDefinitionScanner] Scanning file [C:\Eclipse\workspace\spring-ldap-example\bin\ldap\advance\example\UserRepositoryImpl$UserAttributesMapper.class]
2016-02-03 20:09:00,026 TRACE   main [org.springframework.context.annotation.ClassPathBeanDefinitionScanner] Ignored because not matching any filter: file [C:\Eclipse\workspace\spring-ldap-example\bin\ldap\advance\example\UserRepositoryImpl$UserAttributesMapper.class]
2016-02-03 20:09:00,026 TRACE   main [org.springframework.context.annotation.ClassPathBeanDefinitionScanner] Scanning file [C:\Eclipse\workspace\spring-ldap-example\bin\ldap\advance\example\UserRepositoryImpl.class]
2016-02-03 20:09:00,067 DEBUG   main [org.springframework.context.annotation.ClassPathBeanDefinitionScanner] Identified candidate component class: file [C:\Eclipse\workspace\spring-ldap-example\bin\ldap\advance\example\UserRepositoryImpl.class]
2016-02-03 20:09:00,068 TRACE   main [org.springframework.context.annotation.ClassPathBeanDefinitionScanner] Scanning file [C:\Eclipse\workspace\spring-ldap-example\bin\ldap\advance\example\UserRepositoryIntf.class]
2016-02-03 20:09:00,068 TRACE   main [org.springframework.context.annotation.ClassPathBeanDefinitionScanner] Ignored because not matching any filter: file [C:\Eclipse\workspace\spring-ldap-example\bin\ldap\advance\example\UserRepositoryIntf.class]
2016-02-03 20:09:00,291 DEBUG   main [org.springframework.beans.factory.xml.XmlBeanDefinitionReader] Loaded 9 bean definitions from location pattern [spring-ldap-example.xml]
2016-02-03 20:09:00,293 DEBUG   main [org.springframework.context.support.ClassPathXmlApplicationContext] Bean factory for org.springframework.context.support.ClassPathXmlApplicationContext@89ec211: org.springframework.beans.factory.support.DefaultListableBeanFactory@5c5d9afc: defining beans [userRepositoryImpl,org.springframework.context.annotation.internalConfigurationAnnotationProcessor,org.springframework.context.annotation.internalAutowiredAnnotationProcessor,org.springframework.context.annotation.internalRequiredAnnotationProcessor,org.springframework.context.annotation.internalCommonAnnotationProcessor,simpleDirContextAuthenticationStrategy,userReposImpl,contextSource,ldapTemplate]; root of factory hierarchy
2016-02-03 20:09:00,390 DEBUG   main [org.springframework.beans.factory.support.DefaultListableBeanFactory] Creating shared instance of singleton bean 'org.springframework.context.annotation.internalConfigurationAnnotationProcessor'
2016-02-03 20:09:00,391 DEBUG   main [org.springframework.beans.factory.support.DefaultListableBeanFactory] Creating instance of bean 'org.springframework.context.annotation.internalConfigurationAnnotationProcessor'
2016-02-03 20:09:00,414 DEBUG   main [org.springframework.beans.factory.support.DefaultListableBeanFactory] Eagerly caching bean 'org.springframework.context.annotation.internalConfigurationAnnotationProcessor' to allow for resolving potential circular references
2016-02-03 20:09:00,417 DEBUG   main [org.springframework.beans.factory.support.DefaultListableBeanFactory] Finished creating instance of bean 'org.springframework.context.annotation.internalConfigurationAnnotationProcessor'
2016-02-03 20:09:00,485 DEBUG   main [org.springframework.beans.factory.support.DefaultListableBeanFactory] Creating shared instance of singleton bean 'org.springframework.context.annotation.internalAutowiredAnnotationProcessor'
2016-02-03 20:09:00,486 DEBUG   main [org.springframework.beans.factory.support.DefaultListableBeanFactory] Creating instance of bean 'org.springframework.context.annotation.internalAutowiredAnnotationProcessor'
2016-02-03 20:09:00,489 DEBUG   main [org.springframework.beans.factory.support.DefaultListableBeanFactory] Eagerly caching bean 'org.springframework.context.annotation.internalAutowiredAnnotationProcessor' to allow for resolving potential circular references
2016-02-03 20:09:00,489 DEBUG   main [org.springframework.beans.factory.support.DefaultListableBeanFactory] Finished creating instance of bean 'org.springframework.context.annotation.internalAutowiredAnnotationProcessor'
2016-02-03 20:09:00,490 DEBUG   main [org.springframework.beans.factory.support.DefaultListableBeanFactory] Creating shared instance of singleton bean 'org.springframework.context.annotation.internalRequiredAnnotationProcessor'
2016-02-03 20:09:00,491 DEBUG   main [org.springframework.beans.factory.support.DefaultListableBeanFactory] Creating instance of bean 'org.springframework.context.annotation.internalRequiredAnnotationProcessor'
2016-02-03 20:09:00,492 DEBUG   main [org.springframework.beans.factory.support.DefaultListableBeanFactory] Eagerly caching bean 'org.springframework.context.annotation.internalRequiredAnnotationProcessor' to allow for resolving potential circular references
2016-02-03 20:09:00,493 DEBUG   main [org.springframework.beans.factory.support.DefaultListableBeanFactory] Finished creating instance of bean 'org.springframework.context.annotation.internalRequiredAnnotationProcessor'
2016-02-03 20:09:00,493 DEBUG   main [org.springframework.beans.factory.support.DefaultListableBeanFactory] Creating shared instance of singleton bean 'org.springframework.context.annotation.internalCommonAnnotationProcessor'
2016-02-03 20:09:00,494 DEBUG   main [org.springframework.beans.factory.support.DefaultListableBeanFactory] Creating instance of bean 'org.springframework.context.annotation.internalCommonAnnotationProcessor'
2016-02-03 20:09:00,506 DEBUG   main [org.springframework.beans.factory.support.DefaultListableBeanFactory] Eagerly caching bean 'org.springframework.context.annotation.internalCommonAnnotationProcessor' to allow for resolving potential circular references
2016-02-03 20:09:00,507 DEBUG   main [org.springframework.beans.factory.support.DefaultListableBeanFactory] Finished creating instance of bean 'org.springframework.context.annotation.internalCommonAnnotationProcessor'
2016-02-03 20:09:00,508 DEBUG   main [org.springframework.beans.factory.support.DefaultListableBeanFactory] Creating shared instance of singleton bean 'org.springframework.context.annotation.ConfigurationClassPostProcessor.importAwareProcessor'
2016-02-03 20:09:00,508 DEBUG   main [org.springframework.beans.factory.support.DefaultListableBeanFactory] Creating instance of bean 'org.springframework.context.annotation.ConfigurationClassPostProcessor.importAwareProcessor'
2016-02-03 20:09:00,508 DEBUG   main [org.springframework.beans.factory.support.DefaultListableBeanFactory] Eagerly caching bean 'org.springframework.context.annotation.ConfigurationClassPostProcessor.importAwareProcessor' to allow for resolving potential circular references
2016-02-03 20:09:00,508 DEBUG   main [org.springframework.beans.factory.support.DefaultListableBeanFactory] Finished creating instance of bean 'org.springframework.context.annotation.ConfigurationClassPostProcessor.importAwareProcessor'
2016-02-03 20:09:00,508 DEBUG   main [org.springframework.beans.factory.support.DefaultListableBeanFactory] Creating shared instance of singleton bean 'org.springframework.context.annotation.ConfigurationClassPostProcessor.enhancedConfigurationProcessor'
2016-02-03 20:09:00,509 DEBUG   main [org.springframework.beans.factory.support.DefaultListableBeanFactory] Creating instance of bean 'org.springframework.context.annotation.ConfigurationClassPostProcessor.enhancedConfigurationProcessor'
2016-02-03 20:09:00,509 DEBUG   main [org.springframework.beans.factory.support.DefaultListableBeanFactory] Eagerly caching bean 'org.springframework.context.annotation.ConfigurationClassPostProcessor.enhancedConfigurationProcessor' to allow for resolving potential circular references
2016-02-03 20:09:00,509 DEBUG   main [org.springframework.beans.factory.support.DefaultListableBeanFactory] Finished creating instance of bean 'org.springframework.context.annotation.ConfigurationClassPostProcessor.enhancedConfigurationProcessor'
2016-02-03 20:09:00,512 DEBUG   main [org.springframework.context.support.ClassPathXmlApplicationContext] Unable to locate MessageSource with name 'messageSource': using default [org.springframework.context.support.DelegatingMessageSource@423e8eb8]
2016-02-03 20:09:00,515 DEBUG   main [org.springframework.context.support.ClassPathXmlApplicationContext] Unable to locate ApplicationEventMulticaster with name 'applicationEventMulticaster': using default [org.springframework.context.event.SimpleApplicationEventMulticaster@2eaa00e4]
2016-02-03 20:09:00,516 DEBUG   main [org.springframework.beans.factory.support.DefaultListableBeanFactory] Pre-instantiating singletons in org.springframework.beans.factory.support.DefaultListableBeanFactory@5c5d9afc: defining beans [userRepositoryImpl,org.springframework.context.annotation.internalConfigurationAnnotationProcessor,org.springframework.context.annotation.internalAutowiredAnnotationProcessor,org.springframework.context.annotation.internalRequiredAnnotationProcessor,org.springframework.context.annotation.internalCommonAnnotationProcessor,simpleDirContextAuthenticationStrategy,userReposImpl,contextSource,ldapTemplate,org.springframework.context.annotation.ConfigurationClassPostProcessor.importAwareProcessor,org.springframework.context.annotation.ConfigurationClassPostProcessor.enhancedConfigurationProcessor]; root of factory hierarchy
2016-02-03 20:09:00,516 DEBUG   main [org.springframework.beans.factory.support.DefaultListableBeanFactory] Creating shared instance of singleton bean 'userRepositoryImpl'
2016-02-03 20:09:00,516 DEBUG   main [org.springframework.beans.factory.support.DefaultListableBeanFactory] Creating instance of bean 'userRepositoryImpl'
2016-02-03 20:09:00,545 DEBUG   main [org.springframework.beans.factory.annotation.InjectionMetadata] Registered injected element on class [ldap.advance.example.UserRepositoryImpl]: AutowiredFieldElement for private org.springframework.ldap.core.LdapTemplate ldap.advance.example.UserRepositoryImpl.ldapTemplate
2016-02-03 20:09:00,545 DEBUG   main [org.springframework.beans.factory.support.DefaultListableBeanFactory] Eagerly caching bean 'userRepositoryImpl' to allow for resolving potential circular references
2016-02-03 20:09:00,551 TRACE   main [org.springframework.core.io.support.SpringFactoriesLoader] Loaded [org.springframework.beans.BeanInfoFactory] names: [org.springframework.beans.ExtendedBeanInfoFactory]
2016-02-03 20:09:00,552 TRACE   main [org.springframework.beans.CachedIntrospectionResults] Getting BeanInfo for class [ldap.advance.example.UserRepositoryImpl]
2016-02-03 20:09:00,558 TRACE   main [org.springframework.beans.CachedIntrospectionResults] Caching PropertyDescriptors for class [ldap.advance.example.UserRepositoryImpl]
2016-02-03 20:09:00,558 TRACE   main [org.springframework.beans.CachedIntrospectionResults] Found bean property 'allUserNames' of type [java.util.List]
2016-02-03 20:09:00,563 TRACE   main [org.springframework.beans.CachedIntrospectionResults] Found bean property 'allUsers' of type [java.util.List]
2016-02-03 20:09:00,568 TRACE   main [org.springframework.beans.CachedIntrospectionResults] Found bean property 'class' of type [java.lang.Class]
2016-02-03 20:09:00,595 DEBUG   main [org.springframework.beans.factory.annotation.InjectionMetadata] Processing injected element of bean 'userRepositoryImpl': AutowiredFieldElement for private org.springframework.ldap.core.LdapTemplate ldap.advance.example.UserRepositoryImpl.ldapTemplate
2016-02-03 20:09:00,600 DEBUG   main [org.springframework.beans.factory.support.DefaultListableBeanFactory] Creating shared instance of singleton bean 'ldapTemplate'
2016-02-03 20:09:00,600 DEBUG   main [org.springframework.beans.factory.support.DefaultListableBeanFactory] Creating instance of bean 'ldapTemplate'
2016-02-03 20:09:00,627 DEBUG   main [org.springframework.beans.factory.support.DefaultListableBeanFactory] Eagerly caching bean 'ldapTemplate' to allow for resolving potential circular references
2016-02-03 20:09:00,627 TRACE   main [org.springframework.beans.CachedIntrospectionResults] Getting BeanInfo for class [org.springframework.ldap.core.LdapTemplate]
2016-02-03 20:09:00,649 TRACE   main [org.springframework.beans.CachedIntrospectionResults] Caching PropertyDescriptors for class [org.springframework.ldap.core.LdapTemplate]
2016-02-03 20:09:00,650 TRACE   main [org.springframework.beans.CachedIntrospectionResults] Found bean property 'class' of type [java.lang.Class]
2016-02-03 20:09:00,650 TRACE   main [org.springframework.beans.CachedIntrospectionResults] Found bean property 'contextSource' of type [org.springframework.ldap.core.ContextSource]
2016-02-03 20:09:00,650 TRACE   main [org.springframework.beans.CachedIntrospectionResults] Found bean property 'defaultCountLimit' of type [int]
2016-02-03 20:09:00,650 TRACE   main [org.springframework.beans.CachedIntrospectionResults] Found bean property 'defaultSearchScope' of type [int]
2016-02-03 20:09:00,650 TRACE   main [org.springframework.beans.CachedIntrospectionResults] Found bean property 'defaultTimeLimit' of type [int]
2016-02-03 20:09:00,651 TRACE   main [org.springframework.beans.CachedIntrospectionResults] Found bean property 'ignoreNameNotFoundException' of type [boolean]
2016-02-03 20:09:00,651 TRACE   main [org.springframework.beans.CachedIntrospectionResults] Found bean property 'ignorePartialResultException' of type [boolean]
2016-02-03 20:09:00,651 TRACE   main [org.springframework.beans.CachedIntrospectionResults] Found bean property 'ignoreSizeLimitExceededException' of type [boolean]
2016-02-03 20:09:00,652 TRACE   main [org.springframework.beans.CachedIntrospectionResults] Found bean property 'objectDirectoryMapper' of type [org.springframework.ldap.odm.core.ObjectDirectoryMapper]
2016-02-03 20:09:00,657 DEBUG   main [org.springframework.beans.factory.support.DefaultListableBeanFactory] Creating shared instance of singleton bean 'contextSource'
2016-02-03 20:09:00,657 DEBUG   main [org.springframework.beans.factory.support.DefaultListableBeanFactory] Creating instance of bean 'contextSource'
2016-02-03 20:09:00,661 DEBUG   main [org.springframework.beans.factory.support.DefaultListableBeanFactory] Creating instance of bean '(inner bean)#1e7eee8f'
2016-02-03 20:09:00,702 TRACE   main [org.springframework.beans.CachedIntrospectionResults] Getting BeanInfo for class [org.springframework.ldap.core.support.LdapContextSource]
2016-02-03 20:09:00,711 TRACE   main [org.springframework.beans.CachedIntrospectionResults] Caching PropertyDescriptors for class [org.springframework.ldap.core.support.LdapContextSource]
2016-02-03 20:09:00,711 TRACE   main [org.springframework.beans.CachedIntrospectionResults] Found bean property 'anonymousReadOnly' of type [boolean]
2016-02-03 20:09:00,711 TRACE   main [org.springframework.beans.CachedIntrospectionResults] Found bean property 'authenticationSource' of type [org.springframework.ldap.core.AuthenticationSource]
2016-02-03 20:09:00,711 TRACE   main [org.springframework.beans.CachedIntrospectionResults] Found bean property 'authenticationStrategy' of type [org.springframework.ldap.core.support.DirContextAuthenticationStrategy]
2016-02-03 20:09:00,712 TRACE   main [org.springframework.beans.CachedIntrospectionResults] Found bean property 'base' of type [java.lang.String]
2016-02-03 20:09:00,713 TRACE   main [org.springframework.beans.CachedIntrospectionResults] Found bean property 'baseEnvironmentProperties' of type [java.util.Map]
2016-02-03 20:09:00,713 TRACE   main [org.springframework.beans.CachedIntrospectionResults] Found bean property 'baseLdapName' of type [javax.naming.ldap.LdapName]
2016-02-03 20:09:00,713 TRACE   main [org.springframework.beans.CachedIntrospectionResults] Found bean property 'baseLdapPath' of type [org.springframework.ldap.core.DistinguishedName]
2016-02-03 20:09:00,713 TRACE   main [org.springframework.beans.CachedIntrospectionResults] Found bean property 'baseLdapPathAsString' of type [java.lang.String]
2016-02-03 20:09:00,713 TRACE   main [org.springframework.beans.CachedIntrospectionResults] Found bean property 'cacheEnvironmentProperties' of type [boolean]
2016-02-03 20:09:00,714 TRACE   main [org.springframework.beans.CachedIntrospectionResults] Found bean property 'class' of type [java.lang.Class]
2016-02-03 20:09:00,714 TRACE   main [org.springframework.beans.CachedIntrospectionResults] Found bean property 'contextFactory' of type [java.lang.Class]
2016-02-03 20:09:00,714 TRACE   main [org.springframework.beans.CachedIntrospectionResults] Found bean property 'dirObjectFactory' of type [java.lang.Class]
2016-02-03 20:09:00,714 TRACE   main [org.springframework.beans.CachedIntrospectionResults] Found bean property 'password' of type [java.lang.String]
2016-02-03 20:09:00,714 TRACE   main [org.springframework.beans.CachedIntrospectionResults] Found bean property 'pooled' of type [boolean]
2016-02-03 20:09:00,714 TRACE   main [org.springframework.beans.CachedIntrospectionResults] Found bean property 'readOnlyContext' of type [javax.naming.directory.DirContext]
2016-02-03 20:09:00,714 TRACE   main [org.springframework.beans.CachedIntrospectionResults] Found bean property 'readWriteContext' of type [javax.naming.directory.DirContext]
2016-02-03 20:09:00,714 TRACE   main [org.springframework.beans.CachedIntrospectionResults] Found bean property 'referral' of type [java.lang.String]
2016-02-03 20:09:00,714 TRACE   main [org.springframework.beans.CachedIntrospectionResults] Found bean property 'url' of type [java.lang.String]
2016-02-03 20:09:00,715 TRACE   main [org.springframework.beans.CachedIntrospectionResults] Found bean property 'urls' of type [[Ljava.lang.String;]
2016-02-03 20:09:00,715 TRACE   main [org.springframework.beans.CachedIntrospectionResults] Found bean property 'userDn' of type [java.lang.String]
2016-02-03 20:09:00,719 DEBUG   main [org.springframework.beans.factory.support.DefaultListableBeanFactory] Creating instance of bean '(inner bean)#67cbabb9'
2016-02-03 20:09:00,732 TRACE   main [org.springframework.beans.CachedIntrospectionResults] Getting BeanInfo for class [[Ljava.lang.String;]
2016-02-03 20:09:00,732 TRACE   main [org.springframework.beans.CachedIntrospectionResults] Caching PropertyDescriptors for class [[Ljava.lang.String;]
2016-02-03 20:09:00,732 TRACE   main [org.springframework.beans.CachedIntrospectionResults] Found bean property 'class' of type [java.lang.Class]
2016-02-03 20:09:00,733 DEBUG   main [org.springframework.beans.factory.support.DefaultListableBeanFactory] Finished creating instance of bean '(inner bean)#67cbabb9'
2016-02-03 20:09:00,733 DEBUG   main [org.springframework.beans.factory.support.DefaultListableBeanFactory] Creating shared instance of singleton bean 'simpleDirContextAuthenticationStrategy'
2016-02-03 20:09:00,734 DEBUG   main [org.springframework.beans.factory.support.DefaultListableBeanFactory] Creating instance of bean 'simpleDirContextAuthenticationStrategy'
2016-02-03 20:09:00,734 DEBUG   main [org.springframework.beans.factory.support.DefaultListableBeanFactory] Eagerly caching bean 'simpleDirContextAuthenticationStrategy' to allow for resolving potential circular references
2016-02-03 20:09:00,734 TRACE   main [org.springframework.beans.CachedIntrospectionResults] Getting BeanInfo for class [org.springframework.ldap.core.support.SimpleDirContextAuthenticationStrategy]
2016-02-03 20:09:00,735 TRACE   main [org.springframework.beans.CachedIntrospectionResults] Caching PropertyDescriptors for class [org.springframework.ldap.core.support.SimpleDirContextAuthenticationStrategy]
2016-02-03 20:09:00,735 TRACE   main [org.springframework.beans.CachedIntrospectionResults] Found bean property 'class' of type [java.lang.Class]
2016-02-03 20:09:00,736 DEBUG   main [org.springframework.beans.factory.support.DefaultListableBeanFactory] Finished creating instance of bean 'simpleDirContextAuthenticationStrategy'
2016-02-03 20:09:00,738 DEBUG   main [org.springframework.beans.factory.support.DefaultListableBeanFactory] Invoking afterPropertiesSet() on bean with name '(inner bean)#1e7eee8f'
2016-02-03 20:09:00,744 DEBUG   main [org.springframework.beans.factory.support.DefaultListableBeanFactory] Finished creating instance of bean '(inner bean)#1e7eee8f'
2016-02-03 20:09:00,746 DEBUG   main [org.springframework.beans.factory.support.DefaultListableBeanFactory] Eagerly caching bean 'contextSource' to allow for resolving potential circular references
2016-02-03 20:09:00,747 TRACE   main [org.springframework.beans.CachedIntrospectionResults] Getting BeanInfo for class [org.springframework.ldap.transaction.compensating.manager.TransactionAwareContextSourceProxy]
2016-02-03 20:09:00,749 TRACE   main [org.springframework.beans.CachedIntrospectionResults] Caching PropertyDescriptors for class [org.springframework.ldap.transaction.compensating.manager.TransactionAwareContextSourceProxy]
2016-02-03 20:09:00,749 TRACE   main [org.springframework.beans.CachedIntrospectionResults] Found bean property 'baseLdapName' of type [javax.naming.ldap.LdapName]
2016-02-03 20:09:00,749 TRACE   main [org.springframework.beans.CachedIntrospectionResults] Found bean property 'baseLdapPath' of type [org.springframework.ldap.core.DistinguishedName]
2016-02-03 20:09:00,749 TRACE   main [org.springframework.beans.CachedIntrospectionResults] Found bean property 'baseLdapPathAsString' of type [java.lang.String]
2016-02-03 20:09:00,749 TRACE   main [org.springframework.beans.CachedIntrospectionResults] Found bean property 'class' of type [java.lang.Class]
2016-02-03 20:09:00,749 TRACE   main [org.springframework.beans.CachedIntrospectionResults] Found bean property 'readOnlyContext' of type [javax.naming.directory.DirContext]
2016-02-03 20:09:00,749 TRACE   main [org.springframework.beans.CachedIntrospectionResults] Found bean property 'readWriteContext' of type [javax.naming.directory.DirContext]
2016-02-03 20:09:00,749 TRACE   main [org.springframework.beans.CachedIntrospectionResults] Found bean property 'target' of type [org.springframework.ldap.core.ContextSource]
2016-02-03 20:09:00,749 DEBUG   main [org.springframework.beans.factory.support.DefaultListableBeanFactory] Finished creating instance of bean 'contextSource'
2016-02-03 20:09:00,750 DEBUG   main [org.springframework.beans.factory.support.DefaultListableBeanFactory] Invoking afterPropertiesSet() on bean with name 'ldapTemplate'
2016-02-03 20:09:00,750 DEBUG   main [org.springframework.beans.factory.support.DefaultListableBeanFactory] Finished creating instance of bean 'ldapTemplate'
2016-02-03 20:09:00,750 DEBUG   main [org.springframework.beans.factory.annotation.AutowiredAnnotationBeanPostProcessor] Autowiring by type from bean name 'userRepositoryImpl' to bean named 'ldapTemplate'
2016-02-03 20:09:00,751 DEBUG   main [org.springframework.beans.factory.support.DefaultListableBeanFactory] Finished creating instance of bean 'userRepositoryImpl'
2016-02-03 20:09:00,751 DEBUG   main [org.springframework.beans.factory.support.DefaultListableBeanFactory] Returning cached instance of singleton bean 'org.springframework.context.annotation.internalConfigurationAnnotationProcessor'
2016-02-03 20:09:00,751 DEBUG   main [org.springframework.beans.factory.support.DefaultListableBeanFactory] Returning cached instance of singleton bean 'org.springframework.context.annotation.internalAutowiredAnnotationProcessor'
2016-02-03 20:09:00,751 DEBUG   main [org.springframework.beans.factory.support.DefaultListableBeanFactory] Returning cached instance of singleton bean 'org.springframework.context.annotation.internalRequiredAnnotationProcessor'
2016-02-03 20:09:00,751 DEBUG   main [org.springframework.beans.factory.support.DefaultListableBeanFactory] Returning cached instance of singleton bean 'org.springframework.context.annotation.internalCommonAnnotationProcessor'
2016-02-03 20:09:00,752 DEBUG   main [org.springframework.beans.factory.support.DefaultListableBeanFactory] Returning cached instance of singleton bean 'simpleDirContextAuthenticationStrategy'
2016-02-03 20:09:00,752 DEBUG   main [org.springframework.beans.factory.support.DefaultListableBeanFactory] Creating shared instance of singleton bean 'userReposImpl'
2016-02-03 20:09:00,752 DEBUG   main [org.springframework.beans.factory.support.DefaultListableBeanFactory] Creating instance of bean 'userReposImpl'
2016-02-03 20:09:00,752 DEBUG   main [org.springframework.beans.factory.annotation.InjectionMetadata] Registered injected element on class [ldap.advance.example.UserRepositoryImpl]: AutowiredFieldElement for private org.springframework.ldap.core.LdapTemplate ldap.advance.example.UserRepositoryImpl.ldapTemplate
2016-02-03 20:09:00,752 DEBUG   main [org.springframework.beans.factory.support.DefaultListableBeanFactory] Eagerly caching bean 'userReposImpl' to allow for resolving potential circular references
2016-02-03 20:09:00,753 DEBUG   main [org.springframework.beans.factory.annotation.InjectionMetadata] Processing injected element of bean 'userReposImpl': AutowiredFieldElement for private org.springframework.ldap.core.LdapTemplate ldap.advance.example.UserRepositoryImpl.ldapTemplate
2016-02-03 20:09:00,753 DEBUG   main [org.springframework.beans.factory.support.DefaultListableBeanFactory] Returning cached instance of singleton bean 'ldapTemplate'
2016-02-03 20:09:00,755 DEBUG   main [org.springframework.beans.factory.annotation.AutowiredAnnotationBeanPostProcessor] Autowiring by type from bean name 'userReposImpl' to bean named 'ldapTemplate'
2016-02-03 20:09:00,755 DEBUG   main [org.springframework.beans.factory.support.DefaultListableBeanFactory] Finished creating instance of bean 'userReposImpl'
2016-02-03 20:09:00,755 DEBUG   main [org.springframework.beans.factory.support.DefaultListableBeanFactory] Returning cached instance of singleton bean 'contextSource'
2016-02-03 20:09:00,755 DEBUG   main [org.springframework.beans.factory.support.DefaultListableBeanFactory] Returning cached instance of singleton bean 'ldapTemplate'
2016-02-03 20:09:00,755 DEBUG   main [org.springframework.beans.factory.support.DefaultListableBeanFactory] Returning cached instance of singleton bean 'org.springframework.context.annotation.ConfigurationClassPostProcessor.importAwareProcessor'
2016-02-03 20:09:00,756 DEBUG   main [org.springframework.beans.factory.support.DefaultListableBeanFactory] Returning cached instance of singleton bean 'org.springframework.context.annotation.ConfigurationClassPostProcessor.enhancedConfigurationProcessor'
2016-02-03 20:09:00,762 DEBUG   main [org.springframework.context.support.ClassPathXmlApplicationContext] Unable to locate LifecycleProcessor with name 'lifecycleProcessor': using default [org.springframework.context.support.DefaultLifecycleProcessor@7c1ba98b]
2016-02-03 20:09:00,763 DEBUG   main [org.springframework.beans.factory.support.DefaultListableBeanFactory] Returning cached instance of singleton bean 'lifecycleProcessor'
2016-02-03 20:09:00,763 TRACE   main [org.springframework.context.support.ClassPathXmlApplicationContext] Publishing event in org.springframework.context.support.ClassPathXmlApplicationContext@89ec211: org.springframework.context.event.ContextRefreshedEvent[source=org.springframework.context.support.ClassPathXmlApplicationContext@89ec211: startup date [Wed Feb 03 20:08:59 EST 2016]; root of context hierarchy]
2016-02-03 20:09:00,765 TRACE   main [org.springframework.core.env.PropertySourcesPropertyResolver] getProperty("spring.liveBeansView.mbeanDomain", String)
2016-02-03 20:09:00,766 DEBUG   main [org.springframework.core.env.PropertySourcesPropertyResolver] Searching for key 'spring.liveBeansView.mbeanDomain' in [systemProperties]
2016-02-03 20:09:00,767 DEBUG   main [org.springframework.core.env.PropertySourcesPropertyResolver] Searching for key 'spring.liveBeansView.mbeanDomain' in [systemEnvironment]
2016-02-03 20:09:00,767 DEBUG   main [org.springframework.core.env.PropertySourcesPropertyResolver] Could not find key 'spring.liveBeansView.mbeanDomain' in any property source. Returning [null]
2016-02-03 20:09:00,767 INFO   main [ldap.advance.example.test.LdapApp] Test started at Wed Feb 03 20:08:59 EST 2016
2016-02-03 20:09:00,767 DEBUG   main [org.springframework.beans.factory.support.DefaultListableBeanFactory] Returning cached instance of singleton bean 'userReposImpl'
2016-02-03 20:09:00,767 INFO   main [ldap.advance.example.UserRepositoryImpl] executing {createUser}
2016-02-03 20:13:03,655 DEBUG   main [org.springframework.core.env.StandardEnvironment] Adding [systemProperties] PropertySource with lowest search precedence
2016-02-03 20:13:03,660 DEBUG   main [org.springframework.core.env.StandardEnvironment] Adding [systemEnvironment] PropertySource with lowest search precedence
2016-02-03 20:13:03,661 DEBUG   main [org.springframework.core.env.StandardEnvironment] Initialized StandardEnvironment with PropertySources [systemProperties,systemEnvironment]
2016-02-03 20:13:03,669 INFO   main [org.springframework.context.support.ClassPathXmlApplicationContext] Refreshing org.springframework.context.support.ClassPathXmlApplicationContext@450faed3: startup date [Wed Feb 03 20:13:03 EST 2016]; root of context hierarchy
2016-02-03 20:13:03,731 DEBUG   main [org.springframework.core.env.StandardEnvironment] Adding [systemProperties] PropertySource with lowest search precedence
2016-02-03 20:13:03,731 DEBUG   main [org.springframework.core.env.StandardEnvironment] Adding [systemEnvironment] PropertySource with lowest search precedence
2016-02-03 20:13:03,731 DEBUG   main [org.springframework.core.env.StandardEnvironment] Initialized StandardEnvironment with PropertySources [systemProperties,systemEnvironment]
2016-02-03 20:13:03,766 INFO   main [org.springframework.beans.factory.xml.XmlBeanDefinitionReader] Loading XML bean definitions from class path resource [spring-ldap-example.xml]
2016-02-03 20:13:03,781 DEBUG   main [org.springframework.beans.factory.xml.DefaultDocumentLoader] Using JAXP provider [com.sun.org.apache.xerces.internal.jaxp.DocumentBuilderFactoryImpl]
2016-02-03 20:13:03,836 TRACE   main [org.springframework.beans.factory.xml.PluggableSchemaResolver] Trying to resolve XML entity with public id [null] and system id [http://www.springframework.org/schema/beans/spring-beans.xsd]
2016-02-03 20:13:03,836 DEBUG   main [org.springframework.beans.factory.xml.PluggableSchemaResolver] Loading schema mappings from [META-INF/spring.schemas]
2016-02-03 20:13:03,867 DEBUG   main [org.springframework.beans.factory.xml.PluggableSchemaResolver] Loaded schema mappings: {http://www.springframework.org/schema/tx/spring-tx-2.5.xsd=org/springframework/transaction/config/spring-tx-2.5.xsd, http://www.springframework.org/schema/cache/spring-cache-4.2.xsd=org/springframework/cache/config/spring-cache-4.2.xsd, http://www.springframework.org/schema/aop/spring-aop-4.1.xsd=org/springframework/aop/config/spring-aop-4.1.xsd, http://www.springframework.org/schema/context/spring-context-3.1.xsd=org/springframework/context/config/spring-context-3.1.xsd, http://www.springframework.org/schema/data/repository/spring-repository-1.4.xsd=org/springframework/data/repository/config/spring-repository-1.4.xsd, http://www.springframework.org/schema/util/spring-util-3.0.xsd=org/springframework/beans/factory/xml/spring-util-3.0.xsd, http://www.springframework.org/schema/tool/spring-tool.xsd=org/springframework/beans/factory/xml/spring-tool-4.2.xsd, http://www.springframework.org/schema/aop/spring-aop-3.2.xsd=org/springframework/aop/config/spring-aop-3.2.xsd, http://www.springframework.org/schema/lang/spring-lang-4.1.xsd=org/springframework/scripting/config/spring-lang-4.1.xsd, http://www.springframework.org/schema/context/spring-context-4.0.xsd=org/springframework/context/config/spring-context-4.0.xsd, http://www.springframework.org/schema/beans/spring-beans-4.2.xsd=org/springframework/beans/factory/xml/spring-beans-4.2.xsd, http://www.springframework.org/schema/tool/spring-tool-4.1.xsd=org/springframework/beans/factory/xml/spring-tool-4.1.xsd, http://www.springframework.org/schema/lang/spring-lang-3.2.xsd=org/springframework/scripting/config/spring-lang-3.2.xsd, http://www.springframework.org/schema/cache/spring-cache-3.2.xsd=org/springframework/cache/config/spring-cache-3.2.xsd, http://www.springframework.org/schema/jee/spring-jee-4.1.xsd=org/springframework/ejb/config/spring-jee-4.1.xsd, http://www.springframework.org/schema/task/spring-task-4.2.xsd=org/springframework/scheduling/config/spring-task-4.2.xsd, http://www.springframework.org/schema/util/spring-util-2.0.xsd=org/springframework/beans/factory/xml/spring-util-2.0.xsd, http://www.springframework.org/schema/tool/spring-tool-3.2.xsd=org/springframework/beans/factory/xml/spring-tool-3.2.xsd, http://www.springframework.org/schema/context/spring-context.xsd=org/springframework/context/config/spring-context-4.2.xsd, http://www.springframework.org/schema/tx/spring-tx-4.2.xsd=org/springframework/transaction/config/spring-tx-4.2.xsd, http://www.springframework.org/schema/cache/spring-cache-4.1.xsd=org/springframework/cache/config/spring-cache-4.1.xsd, http://www.springframework.org/schema/aop/spring-aop-4.0.xsd=org/springframework/aop/config/spring-aop-4.0.xsd, http://www.springframework.org/schema/jee/spring-jee-3.2.xsd=org/springframework/ejb/config/spring-jee-3.2.xsd, http://www.springframework.org/schema/context/spring-context-3.0.xsd=org/springframework/context/config/spring-context-3.0.xsd, http://www.springframework.org/schema/util/spring-util-2.5.xsd=org/springframework/beans/factory/xml/spring-util-2.5.xsd, http://www.springframework.org/schema/beans/spring-beans-3.2.xsd=org/springframework/beans/factory/xml/spring-beans-3.2.xsd, http://www.springframework.org/schema/aop/spring-aop-3.1.xsd=org/springframework/aop/config/spring-aop-3.1.xsd, http://www.springframework.org/schema/ldap/spring-ldap-2.0.xsd=org/springframework/ldap/config/spring-ldap-2.0.xsd, http://www.springframework.org/schema/lang/spring-lang-4.0.xsd=org/springframework/scripting/config/spring-lang-4.0.xsd, http://www.springframework.org/schema/beans/spring-beans-4.1.xsd=org/springframework/beans/factory/xml/spring-beans-4.1.xsd, http://www.springframework.org/schema/tool/spring-tool-4.0.xsd=org/springframework/beans/factory/xml/spring-tool-4.0.xsd, http://www.springframework.org/schema/tx/spring-tx-3.2.xsd=org/springframework/transaction/config/spring-tx-3.2.xsd, http://www.springframework.org/schema/lang/spring-lang-3.1.xsd=org/springframework/scripting/config/spring-lang-3.1.xsd, http://www.springframework.org/schema/cache/spring-cache-3.1.xsd=org/springframework/cache/config/spring-cache-3.1.xsd, http://www.springframework.org/schema/jee/spring-jee-4.0.xsd=org/springframework/ejb/config/spring-jee-4.0.xsd, http://www.springframework.org/schema/task/spring-task-4.1.xsd=org/springframework/scheduling/config/spring-task-4.1.xsd, http://www.springframework.org/schema/tool/spring-tool-3.1.xsd=org/springframework/beans/factory/xml/spring-tool-3.1.xsd, http://www.springframework.org/schema/tx/spring-tx-4.1.xsd=org/springframework/transaction/config/spring-tx-4.1.xsd, http://www.springframework.org/schema/cache/spring-cache-4.0.xsd=org/springframework/cache/config/spring-cache-4.0.xsd, http://www.springframework.org/schema/jee/spring-jee-3.1.xsd=org/springframework/ejb/config/spring-jee-3.1.xsd, http://www.springframework.org/schema/task/spring-task-3.2.xsd=org/springframework/scheduling/config/spring-task-3.2.xsd, http://www.springframework.org/schema/util/spring-util-4.2.xsd=org/springframework/beans/factory/xml/spring-util-4.2.xsd, http://www.springframework.org/schema/beans/spring-beans-3.1.xsd=org/springframework/beans/factory/xml/spring-beans-3.1.xsd, http://www.springframework.org/schema/util/spring-util.xsd=org/springframework/beans/factory/xml/spring-util-4.2.xsd, http://www.springframework.org/schema/aop/spring-aop-3.0.xsd=org/springframework/aop/config/spring-aop-3.0.xsd, http://www.springframework.org/schema/data/repository/spring-repository.xsd=org/springframework/data/repository/config/spring-repository-1.7.xsd, http://www.springframework.org/schema/data/repository/spring-repository-1.7.xsd=org/springframework/data/repository/config/spring-repository-1.7.xsd, http://www.springframework.org/schema/ldap/spring-ldap.xsd=org/springframework/ldap/config/spring-ldap-2.0.xsd, http://www.springframework.org/schema/beans/spring-beans-4.0.xsd=org/springframework/beans/factory/xml/spring-beans-4.0.xsd, http://www.springframework.org/schema/beans/spring-beans.xsd=org/springframework/beans/factory/xml/spring-beans-4.2.xsd, http://www.springframework.org/schema/tx/spring-tx-3.1.xsd=org/springframework/transaction/config/spring-tx-3.1.xsd, http://www.springframework.org/schema/lang/spring-lang-3.0.xsd=org/springframework/scripting/config/spring-lang-3.0.xsd, http://www.springframework.org/schema/context/spring-context-2.5.xsd=org/springframework/context/config/spring-context-2.5.xsd, http://www.springframework.org/schema/task/spring-task-4.0.xsd=org/springframework/scheduling/config/spring-task-4.0.xsd, http://www.springframework.org/schema/tool/spring-tool-3.0.xsd=org/springframework/beans/factory/xml/spring-tool-3.0.xsd, http://www.springframework.org/schema/tx/spring-tx-4.0.xsd=org/springframework/transaction/config/spring-tx-4.0.xsd, http://www.springframework.org/schema/aop/spring-aop-2.0.xsd=org/springframework/aop/config/spring-aop-2.0.xsd, http://www.springframework.org/schema/jee/spring-jee-3.0.xsd=org/springframework/ejb/config/spring-jee-3.0.xsd, http://www.springframework.org/schema/util/spring-util-4.1.xsd=org/springframework/beans/factory/xml/spring-util-4.1.xsd, http://www.springframework.org/schema/task/spring-task-3.1.xsd=org/springframework/scheduling/config/spring-task-3.1.xsd, http://www.springframework.org/schema/beans/spring-beans-3.0.xsd=org/springframework/beans/factory/xml/spring-beans-3.0.xsd, http://www.springframework.org/schema/jee/spring-jee.xsd=org/springframework/ejb/config/spring-jee-4.2.xsd, http://www.springframework.org/schema/aop/spring-aop-2.5.xsd=org/springframework/aop/config/spring-aop-2.5.xsd, http://www.springframework.org/schema/lang/spring-lang-2.0.xsd=org/springframework/scripting/config/spring-lang-2.0.xsd, http://www.springframework.org/schema/data/repository/spring-repository-1.6.xsd=org/springframework/data/repository/config/spring-repository-1.6.xsd, http://www.springframework.org/schema/util/spring-util-3.2.xsd=org/springframework/beans/factory/xml/spring-util-3.2.xsd, http://www.springframework.org/schema/task/spring-task.xsd=org/springframework/scheduling/config/spring-task-4.2.xsd, http://www.springframework.org/schema/tool/spring-tool-2.0.xsd=org/springframework/beans/factory/xml/spring-tool-2.0.xsd, http://www.springframework.org/schema/tx/spring-tx-3.0.xsd=org/springframework/transaction/config/spring-tx-3.0.xsd, http://www.springframework.org/schema/lang/spring-lang-2.5.xsd=org/springframework/scripting/config/spring-lang-2.5.xsd, http://www.springframework.org/schema/context/spring-context-4.2.xsd=org/springframework/context/config/spring-context-4.2.xsd, http://www.springframework.org/schema/jee/spring-jee-2.0.xsd=org/springframework/ejb/config/spring-jee-2.0.xsd, http://www.springframework.org/schema/tool/spring-tool-2.5.xsd=org/springframework/beans/factory/xml/spring-tool-2.5.xsd, http://www.springframework.org/schema/jee/spring-jee-2.5.xsd=org/springframework/ejb/config/spring-jee-2.5.xsd, http://www.springframework.org/schema/data/repository/spring-repository-1.0.xsd=org/springframework/data/repository/config/spring-repository-1.0.xsd, http://www.springframework.org/schema/util/spring-util-4.0.xsd=org/springframework/beans/factory/xml/spring-util-4.0.xsd, http://www.springframework.org/schema/task/spring-task-3.0.xsd=org/springframework/scheduling/config/spring-task-3.0.xsd, http://www.springframework.org/schema/aop/spring-aop-4.2.xsd=org/springframework/aop/config/spring-aop-4.2.xsd, http://www.springframework.org/schema/lang/spring-lang.xsd=org/springframework/scripting/config/spring-lang-4.2.xsd, http://www.springframework.org/schema/context/spring-context-3.2.xsd=org/springframework/context/config/spring-context-3.2.xsd, http://www.springframework.org/schema/data/repository/spring-repository-1.5.xsd=org/springframework/data/repository/config/spring-repository-1.5.xsd, http://www.springframework.org/schema/util/spring-util-3.1.xsd=org/springframework/beans/factory/xml/spring-util-3.1.xsd, http://www.springframework.org/schema/beans/spring-beans-2.0.xsd=org/springframework/beans/factory/xml/spring-beans-2.0.xsd, http://www.springframework.org/schema/cache/spring-cache.xsd=org/springframework/cache/config/spring-cache-4.2.xsd, http://www.springframework.org/schema/tx/spring-tx.xsd=org/springframework/transaction/config/spring-tx-4.2.xsd, http://www.springframework.org/schema/lang/spring-lang-4.2.xsd=org/springframework/scripting/config/spring-lang-4.2.xsd, http://www.springframework.org/schema/context/spring-context-4.1.xsd=org/springframework/context/config/spring-context-4.1.xsd, http://www.springframework.org/schema/beans/spring-beans-2.5.xsd=org/springframework/beans/factory/xml/spring-beans-2.5.xsd, http://www.springframework.org/schema/tool/spring-tool-4.2.xsd=org/springframework/beans/factory/xml/spring-tool-4.2.xsd, http://www.springframework.org/schema/tx/spring-tx-2.0.xsd=org/springframework/transaction/config/spring-tx-2.0.xsd, http://www.springframework.org/schema/jee/spring-jee-4.2.xsd=org/springframework/ejb/config/spring-jee-4.2.xsd, http://www.springframework.org/schema/aop/spring-aop.xsd=org/springframework/aop/config/spring-aop-4.2.xsd}
2016-02-03 20:13:03,896 DEBUG   main [org.springframework.beans.factory.xml.PluggableSchemaResolver] Found XML schema [http://www.springframework.org/schema/beans/spring-beans.xsd] in classpath: org/springframework/beans/factory/xml/spring-beans-4.2.xsd
2016-02-03 20:13:04,110 TRACE   main [org.springframework.beans.factory.xml.PluggableSchemaResolver] Trying to resolve XML entity with public id [null] and system id [http://www.springframework.org/schema/context/spring-context.xsd]
2016-02-03 20:13:04,113 DEBUG   main [org.springframework.beans.factory.xml.PluggableSchemaResolver] Found XML schema [http://www.springframework.org/schema/context/spring-context.xsd] in classpath: org/springframework/context/config/spring-context-4.2.xsd
2016-02-03 20:13:04,150 TRACE   main [org.springframework.beans.factory.xml.PluggableSchemaResolver] Trying to resolve XML entity with public id [null] and system id [http://www.springframework.org/schema/tool/spring-tool-4.2.xsd]
2016-02-03 20:13:04,155 DEBUG   main [org.springframework.beans.factory.xml.PluggableSchemaResolver] Found XML schema [http://www.springframework.org/schema/tool/spring-tool-4.2.xsd] in classpath: org/springframework/beans/factory/xml/spring-tool-4.2.xsd
2016-02-03 20:13:04,166 TRACE   main [org.springframework.beans.factory.xml.PluggableSchemaResolver] Trying to resolve XML entity with public id [null] and system id [http://www.springframework.org/schema/ldap/spring-ldap.xsd]
2016-02-03 20:13:04,167 DEBUG   main [org.springframework.beans.factory.xml.PluggableSchemaResolver] Found XML schema [http://www.springframework.org/schema/ldap/spring-ldap.xsd] in classpath: org/springframework/ldap/config/spring-ldap-2.0.xsd
2016-02-03 20:13:04,197 TRACE   main [org.springframework.beans.factory.xml.PluggableSchemaResolver] Trying to resolve XML entity with public id [null] and system id [http://www.springframework.org/schema/data/repository/spring-repository.xsd]
2016-02-03 20:13:04,198 DEBUG   main [org.springframework.beans.factory.xml.PluggableSchemaResolver] Found XML schema [http://www.springframework.org/schema/data/repository/spring-repository.xsd] in classpath: org/springframework/data/repository/config/spring-repository-1.7.xsd
2016-02-03 20:13:04,239 DEBUG   main [org.springframework.beans.factory.xml.DefaultBeanDefinitionDocumentReader] Loading bean definitions
2016-02-03 20:13:04,281 DEBUG   main [org.springframework.beans.factory.xml.DefaultNamespaceHandlerResolver] Loaded NamespaceHandler mappings: {http://www.springframework.org/schema/p=org.springframework.beans.factory.xml.SimplePropertyNamespaceHandler, http://www.springframework.org/schema/util=org.springframework.beans.factory.xml.UtilNamespaceHandler, http://www.springframework.org/schema/jee=org.springframework.ejb.config.JeeNamespaceHandler, http://www.springframework.org/schema/aop=org.springframework.aop.config.AopNamespaceHandler, http://www.springframework.org/schema/data/repository=org.springframework.data.repository.config.RepositoryNameSpaceHandler, http://www.springframework.org/schema/cache=org.springframework.cache.config.CacheNamespaceHandler, http://www.springframework.org/schema/c=org.springframework.beans.factory.xml.SimpleConstructorNamespaceHandler, http://www.springframework.org/schema/ldap=org.springframework.ldap.config.LdapNamespaceHandler, http://www.springframework.org/schema/tx=org.springframework.transaction.config.TxNamespaceHandler, http://www.springframework.org/schema/task=org.springframework.scheduling.config.TaskNamespaceHandler, http://www.springframework.org/schema/lang=org.springframework.scripting.config.LangNamespaceHandler, http://www.springframework.org/schema/context=org.springframework.context.config.ContextNamespaceHandler}
2016-02-03 20:13:04,316 DEBUG   main [org.springframework.core.env.StandardEnvironment] Adding [systemProperties] PropertySource with lowest search precedence
2016-02-03 20:13:04,317 DEBUG   main [org.springframework.core.env.StandardEnvironment] Adding [systemEnvironment] PropertySource with lowest search precedence
2016-02-03 20:13:04,323 DEBUG   main [org.springframework.core.env.StandardEnvironment] Initialized StandardEnvironment with PropertySources [systemProperties,systemEnvironment]
2016-02-03 20:13:04,374 DEBUG   main [org.springframework.core.io.support.PathMatchingResourcePatternResolver] Looking for matching resources in directory tree [C:\Eclipse\workspace\spring-ldap-example\bin\ldap\advance\example]
2016-02-03 20:13:04,377 DEBUG   main [org.springframework.core.io.support.PathMatchingResourcePatternResolver] Searching directory [C:\Eclipse\workspace\spring-ldap-example\bin\ldap\advance\example] for files matching pattern [C:/Eclipse/workspace/spring-ldap-example/bin/ldap/advance/example/**/*.class]
2016-02-03 20:13:04,381 DEBUG   main [org.springframework.core.io.support.PathMatchingResourcePatternResolver] Searching directory [C:\Eclipse\workspace\spring-ldap-example\bin\ldap\advance\example\test] for files matching pattern [C:/Eclipse/workspace/spring-ldap-example/bin/ldap/advance/example/**/*.class]
2016-02-03 20:13:04,395 DEBUG   main [org.springframework.core.io.support.PathMatchingResourcePatternResolver] Resolved location pattern [classpath*:ldap/advance/example/**/*.class] to resources [file [C:\Eclipse\workspace\spring-ldap-example\bin\ldap\advance\example\test\LdapApp.class], file [C:\Eclipse\workspace\spring-ldap-example\bin\ldap\advance\example\User.class], file [C:\Eclipse\workspace\spring-ldap-example\bin\ldap\advance\example\UserRepositoryImpl$MultipleAttributesMapper.class], file [C:\Eclipse\workspace\spring-ldap-example\bin\ldap\advance\example\UserRepositoryImpl$SingleAttributesMapper.class], file [C:\Eclipse\workspace\spring-ldap-example\bin\ldap\advance\example\UserRepositoryImpl$UserAttributesMapper.class], file [C:\Eclipse\workspace\spring-ldap-example\bin\ldap\advance\example\UserRepositoryImpl.class], file [C:\Eclipse\workspace\spring-ldap-example\bin\ldap\advance\example\UserRepositoryIntf.class]]
2016-02-03 20:13:04,395 TRACE   main [org.springframework.context.annotation.ClassPathBeanDefinitionScanner] Scanning file [C:\Eclipse\workspace\spring-ldap-example\bin\ldap\advance\example\test\LdapApp.class]
2016-02-03 20:13:04,437 TRACE   main [org.springframework.context.annotation.ClassPathBeanDefinitionScanner] Ignored because not matching any filter: file [C:\Eclipse\workspace\spring-ldap-example\bin\ldap\advance\example\test\LdapApp.class]
2016-02-03 20:13:04,437 TRACE   main [org.springframework.context.annotation.ClassPathBeanDefinitionScanner] Scanning file [C:\Eclipse\workspace\spring-ldap-example\bin\ldap\advance\example\User.class]
2016-02-03 20:13:04,438 TRACE   main [org.springframework.context.annotation.ClassPathBeanDefinitionScanner] Ignored because not matching any filter: file [C:\Eclipse\workspace\spring-ldap-example\bin\ldap\advance\example\User.class]
2016-02-03 20:13:04,438 TRACE   main [org.springframework.context.annotation.ClassPathBeanDefinitionScanner] Scanning file [C:\Eclipse\workspace\spring-ldap-example\bin\ldap\advance\example\UserRepositoryImpl$MultipleAttributesMapper.class]
2016-02-03 20:13:04,439 TRACE   main [org.springframework.context.annotation.ClassPathBeanDefinitionScanner] Ignored because not matching any filter: file [C:\Eclipse\workspace\spring-ldap-example\bin\ldap\advance\example\UserRepositoryImpl$MultipleAttributesMapper.class]
2016-02-03 20:13:04,440 TRACE   main [org.springframework.context.annotation.ClassPathBeanDefinitionScanner] Scanning file [C:\Eclipse\workspace\spring-ldap-example\bin\ldap\advance\example\UserRepositoryImpl$SingleAttributesMapper.class]
2016-02-03 20:13:04,441 TRACE   main [org.springframework.context.annotation.ClassPathBeanDefinitionScanner] Ignored because not matching any filter: file [C:\Eclipse\workspace\spring-ldap-example\bin\ldap\advance\example\UserRepositoryImpl$SingleAttributesMapper.class]
2016-02-03 20:13:04,441 TRACE   main [org.springframework.context.annotation.ClassPathBeanDefinitionScanner] Scanning file [C:\Eclipse\workspace\spring-ldap-example\bin\ldap\advance\example\UserRepositoryImpl$UserAttributesMapper.class]
2016-02-03 20:13:04,444 TRACE   main [org.springframework.context.annotation.ClassPathBeanDefinitionScanner] Ignored because not matching any filter: file [C:\Eclipse\workspace\spring-ldap-example\bin\ldap\advance\example\UserRepositoryImpl$UserAttributesMapper.class]
2016-02-03 20:13:04,444 TRACE   main [org.springframework.context.annotation.ClassPathBeanDefinitionScanner] Scanning file [C:\Eclipse\workspace\spring-ldap-example\bin\ldap\advance\example\UserRepositoryImpl.class]
2016-02-03 20:13:04,479 DEBUG   main [org.springframework.context.annotation.ClassPathBeanDefinitionScanner] Identified candidate component class: file [C:\Eclipse\workspace\spring-ldap-example\bin\ldap\advance\example\UserRepositoryImpl.class]
2016-02-03 20:13:04,479 TRACE   main [org.springframework.context.annotation.ClassPathBeanDefinitionScanner] Scanning file [C:\Eclipse\workspace\spring-ldap-example\bin\ldap\advance\example\UserRepositoryIntf.class]
2016-02-03 20:13:04,480 TRACE   main [org.springframework.context.annotation.ClassPathBeanDefinitionScanner] Ignored because not matching any filter: file [C:\Eclipse\workspace\spring-ldap-example\bin\ldap\advance\example\UserRepositoryIntf.class]
2016-02-03 20:13:04,583 DEBUG   main [org.springframework.beans.factory.xml.XmlBeanDefinitionReader] Loaded 9 bean definitions from location pattern [spring-ldap-example.xml]
2016-02-03 20:13:04,584 DEBUG   main [org.springframework.context.support.ClassPathXmlApplicationContext] Bean factory for org.springframework.context.support.ClassPathXmlApplicationContext@450faed3: org.springframework.beans.factory.support.DefaultListableBeanFactory@5c5d9afc: defining beans [userRepositoryImpl,org.springframework.context.annotation.internalConfigurationAnnotationProcessor,org.springframework.context.annotation.internalAutowiredAnnotationProcessor,org.springframework.context.annotation.internalRequiredAnnotationProcessor,org.springframework.context.annotation.internalCommonAnnotationProcessor,simpleDirContextAuthenticationStrategy,userReposImpl,contextSource,ldapTemplate]; root of factory hierarchy
2016-02-03 20:13:04,656 DEBUG   main [org.springframework.beans.factory.support.DefaultListableBeanFactory] Creating shared instance of singleton bean 'org.springframework.context.annotation.internalConfigurationAnnotationProcessor'
2016-02-03 20:13:04,656 DEBUG   main [org.springframework.beans.factory.support.DefaultListableBeanFactory] Creating instance of bean 'org.springframework.context.annotation.internalConfigurationAnnotationProcessor'
2016-02-03 20:13:04,712 DEBUG   main [org.springframework.beans.factory.support.DefaultListableBeanFactory] Eagerly caching bean 'org.springframework.context.annotation.internalConfigurationAnnotationProcessor' to allow for resolving potential circular references
2016-02-03 20:13:04,715 DEBUG   main [org.springframework.beans.factory.support.DefaultListableBeanFactory] Finished creating instance of bean 'org.springframework.context.annotation.internalConfigurationAnnotationProcessor'
2016-02-03 20:13:04,848 DEBUG   main [org.springframework.beans.factory.support.DefaultListableBeanFactory] Creating shared instance of singleton bean 'org.springframework.context.annotation.internalAutowiredAnnotationProcessor'
2016-02-03 20:13:04,848 DEBUG   main [org.springframework.beans.factory.support.DefaultListableBeanFactory] Creating instance of bean 'org.springframework.context.annotation.internalAutowiredAnnotationProcessor'
2016-02-03 20:13:04,849 DEBUG   main [org.springframework.beans.factory.support.DefaultListableBeanFactory] Eagerly caching bean 'org.springframework.context.annotation.internalAutowiredAnnotationProcessor' to allow for resolving potential circular references
2016-02-03 20:13:04,850 DEBUG   main [org.springframework.beans.factory.support.DefaultListableBeanFactory] Finished creating instance of bean 'org.springframework.context.annotation.internalAutowiredAnnotationProcessor'
2016-02-03 20:13:04,850 DEBUG   main [org.springframework.beans.factory.support.DefaultListableBeanFactory] Creating shared instance of singleton bean 'org.springframework.context.annotation.internalRequiredAnnotationProcessor'
2016-02-03 20:13:04,850 DEBUG   main [org.springframework.beans.factory.support.DefaultListableBeanFactory] Creating instance of bean 'org.springframework.context.annotation.internalRequiredAnnotationProcessor'
2016-02-03 20:13:04,851 DEBUG   main [org.springframework.beans.factory.support.DefaultListableBeanFactory] Eagerly caching bean 'org.springframework.context.annotation.internalRequiredAnnotationProcessor' to allow for resolving potential circular references
2016-02-03 20:13:04,851 DEBUG   main [org.springframework.beans.factory.support.DefaultListableBeanFactory] Finished creating instance of bean 'org.springframework.context.annotation.internalRequiredAnnotationProcessor'
2016-02-03 20:13:04,852 DEBUG   main [org.springframework.beans.factory.support.DefaultListableBeanFactory] Creating shared instance of singleton bean 'org.springframework.context.annotation.internalCommonAnnotationProcessor'
2016-02-03 20:13:04,853 DEBUG   main [org.springframework.beans.factory.support.DefaultListableBeanFactory] Creating instance of bean 'org.springframework.context.annotation.internalCommonAnnotationProcessor'
2016-02-03 20:13:04,861 DEBUG   main [org.springframework.beans.factory.support.DefaultListableBeanFactory] Eagerly caching bean 'org.springframework.context.annotation.internalCommonAnnotationProcessor' to allow for resolving potential circular references
2016-02-03 20:13:04,861 DEBUG   main [org.springframework.beans.factory.support.DefaultListableBeanFactory] Finished creating instance of bean 'org.springframework.context.annotation.internalCommonAnnotationProcessor'
2016-02-03 20:13:04,861 DEBUG   main [org.springframework.beans.factory.support.DefaultListableBeanFactory] Creating shared instance of singleton bean 'org.springframework.context.annotation.ConfigurationClassPostProcessor.importAwareProcessor'
2016-02-03 20:13:04,861 DEBUG   main [org.springframework.beans.factory.support.DefaultListableBeanFactory] Creating instance of bean 'org.springframework.context.annotation.ConfigurationClassPostProcessor.importAwareProcessor'
2016-02-03 20:13:04,862 DEBUG   main [org.springframework.beans.factory.support.DefaultListableBeanFactory] Eagerly caching bean 'org.springframework.context.annotation.ConfigurationClassPostProcessor.importAwareProcessor' to allow for resolving potential circular references
2016-02-03 20:13:04,862 DEBUG   main [org.springframework.beans.factory.support.DefaultListableBeanFactory] Finished creating instance of bean 'org.springframework.context.annotation.ConfigurationClassPostProcessor.importAwareProcessor'
2016-02-03 20:13:04,862 DEBUG   main [org.springframework.beans.factory.support.DefaultListableBeanFactory] Creating shared instance of singleton bean 'org.springframework.context.annotation.ConfigurationClassPostProcessor.enhancedConfigurationProcessor'
2016-02-03 20:13:04,862 DEBUG   main [org.springframework.beans.factory.support.DefaultListableBeanFactory] Creating instance of bean 'org.springframework.context.annotation.ConfigurationClassPostProcessor.enhancedConfigurationProcessor'
2016-02-03 20:13:04,862 DEBUG   main [org.springframework.beans.factory.support.DefaultListableBeanFactory] Eagerly caching bean 'org.springframework.context.annotation.ConfigurationClassPostProcessor.enhancedConfigurationProcessor' to allow for resolving potential circular references
2016-02-03 20:13:04,862 DEBUG   main [org.springframework.beans.factory.support.DefaultListableBeanFactory] Finished creating instance of bean 'org.springframework.context.annotation.ConfigurationClassPostProcessor.enhancedConfigurationProcessor'
2016-02-03 20:13:04,865 DEBUG   main [org.springframework.context.support.ClassPathXmlApplicationContext] Unable to locate MessageSource with name 'messageSource': using default [org.springframework.context.support.DelegatingMessageSource@423e8eb8]
2016-02-03 20:13:04,870 DEBUG   main [org.springframework.context.support.ClassPathXmlApplicationContext] Unable to locate ApplicationEventMulticaster with name 'applicationEventMulticaster': using default [org.springframework.context.event.SimpleApplicationEventMulticaster@2eaa00e4]
2016-02-03 20:13:04,872 DEBUG   main [org.springframework.beans.factory.support.DefaultListableBeanFactory] Pre-instantiating singletons in org.springframework.beans.factory.support.DefaultListableBeanFactory@5c5d9afc: defining beans [userRepositoryImpl,org.springframework.context.annotation.internalConfigurationAnnotationProcessor,org.springframework.context.annotation.internalAutowiredAnnotationProcessor,org.springframework.context.annotation.internalRequiredAnnotationProcessor,org.springframework.context.annotation.internalCommonAnnotationProcessor,simpleDirContextAuthenticationStrategy,userReposImpl,contextSource,ldapTemplate,org.springframework.context.annotation.ConfigurationClassPostProcessor.importAwareProcessor,org.springframework.context.annotation.ConfigurationClassPostProcessor.enhancedConfigurationProcessor]; root of factory hierarchy
2016-02-03 20:13:04,873 DEBUG   main [org.springframework.beans.factory.support.DefaultListableBeanFactory] Creating shared instance of singleton bean 'userRepositoryImpl'
2016-02-03 20:13:04,874 DEBUG   main [org.springframework.beans.factory.support.DefaultListableBeanFactory] Creating instance of bean 'userRepositoryImpl'
2016-02-03 20:13:04,908 DEBUG   main [org.springframework.beans.factory.annotation.InjectionMetadata] Registered injected element on class [ldap.advance.example.UserRepositoryImpl]: AutowiredFieldElement for private org.springframework.ldap.core.LdapTemplate ldap.advance.example.UserRepositoryImpl.ldapTemplate
2016-02-03 20:13:04,909 DEBUG   main [org.springframework.beans.factory.support.DefaultListableBeanFactory] Eagerly caching bean 'userRepositoryImpl' to allow for resolving potential circular references
2016-02-03 20:13:04,914 TRACE   main [org.springframework.core.io.support.SpringFactoriesLoader] Loaded [org.springframework.beans.BeanInfoFactory] names: [org.springframework.beans.ExtendedBeanInfoFactory]
2016-02-03 20:13:04,915 TRACE   main [org.springframework.beans.CachedIntrospectionResults] Getting BeanInfo for class [ldap.advance.example.UserRepositoryImpl]
2016-02-03 20:13:04,930 TRACE   main [org.springframework.beans.CachedIntrospectionResults] Caching PropertyDescriptors for class [ldap.advance.example.UserRepositoryImpl]
2016-02-03 20:13:04,931 TRACE   main [org.springframework.beans.CachedIntrospectionResults] Found bean property 'allUserNames' of type [java.util.List]
2016-02-03 20:13:04,937 TRACE   main [org.springframework.beans.CachedIntrospectionResults] Found bean property 'allUsers' of type [java.util.List]
2016-02-03 20:13:04,938 TRACE   main [org.springframework.beans.CachedIntrospectionResults] Found bean property 'class' of type [java.lang.Class]
2016-02-03 20:13:04,940 DEBUG   main [org.springframework.beans.factory.annotation.InjectionMetadata] Processing injected element of bean 'userRepositoryImpl': AutowiredFieldElement for private org.springframework.ldap.core.LdapTemplate ldap.advance.example.UserRepositoryImpl.ldapTemplate
2016-02-03 20:13:04,947 DEBUG   main [org.springframework.beans.factory.support.DefaultListableBeanFactory] Creating shared instance of singleton bean 'ldapTemplate'
2016-02-03 20:13:04,947 DEBUG   main [org.springframework.beans.factory.support.DefaultListableBeanFactory] Creating instance of bean 'ldapTemplate'
2016-02-03 20:13:04,981 DEBUG   main [org.springframework.beans.factory.support.DefaultListableBeanFactory] Eagerly caching bean 'ldapTemplate' to allow for resolving potential circular references
2016-02-03 20:13:04,981 TRACE   main [org.springframework.beans.CachedIntrospectionResults] Getting BeanInfo for class [org.springframework.ldap.core.LdapTemplate]
2016-02-03 20:13:05,009 TRACE   main [org.springframework.beans.CachedIntrospectionResults] Caching PropertyDescriptors for class [org.springframework.ldap.core.LdapTemplate]
2016-02-03 20:13:05,009 TRACE   main [org.springframework.beans.CachedIntrospectionResults] Found bean property 'class' of type [java.lang.Class]
2016-02-03 20:13:05,010 TRACE   main [org.springframework.beans.CachedIntrospectionResults] Found bean property 'contextSource' of type [org.springframework.ldap.core.ContextSource]
2016-02-03 20:13:05,010 TRACE   main [org.springframework.beans.CachedIntrospectionResults] Found bean property 'defaultCountLimit' of type [int]
2016-02-03 20:13:05,010 TRACE   main [org.springframework.beans.CachedIntrospectionResults] Found bean property 'defaultSearchScope' of type [int]
2016-02-03 20:13:05,010 TRACE   main [org.springframework.beans.CachedIntrospectionResults] Found bean property 'defaultTimeLimit' of type [int]
2016-02-03 20:13:05,011 TRACE   main [org.springframework.beans.CachedIntrospectionResults] Found bean property 'ignoreNameNotFoundException' of type [boolean]
2016-02-03 20:13:05,011 TRACE   main [org.springframework.beans.CachedIntrospectionResults] Found bean property 'ignorePartialResultException' of type [boolean]
2016-02-03 20:13:05,011 TRACE   main [org.springframework.beans.CachedIntrospectionResults] Found bean property 'ignoreSizeLimitExceededException' of type [boolean]
2016-02-03 20:13:05,011 TRACE   main [org.springframework.beans.CachedIntrospectionResults] Found bean property 'objectDirectoryMapper' of type [org.springframework.ldap.odm.core.ObjectDirectoryMapper]
2016-02-03 20:13:05,013 DEBUG   main [org.springframework.beans.factory.support.DefaultListableBeanFactory] Creating shared instance of singleton bean 'contextSource'
2016-02-03 20:13:05,013 DEBUG   main [org.springframework.beans.factory.support.DefaultListableBeanFactory] Creating instance of bean 'contextSource'
2016-02-03 20:13:05,022 DEBUG   main [org.springframework.beans.factory.support.DefaultListableBeanFactory] Creating instance of bean '(inner bean)#1e7eee8f'
2016-02-03 20:13:05,047 TRACE   main [org.springframework.beans.CachedIntrospectionResults] Getting BeanInfo for class [org.springframework.ldap.core.support.LdapContextSource]
2016-02-03 20:13:05,056 TRACE   main [org.springframework.beans.CachedIntrospectionResults] Caching PropertyDescriptors for class [org.springframework.ldap.core.support.LdapContextSource]
2016-02-03 20:13:05,056 TRACE   main [org.springframework.beans.CachedIntrospectionResults] Found bean property 'anonymousReadOnly' of type [boolean]
2016-02-03 20:13:05,056 TRACE   main [org.springframework.beans.CachedIntrospectionResults] Found bean property 'authenticationSource' of type [org.springframework.ldap.core.AuthenticationSource]
2016-02-03 20:13:05,056 TRACE   main [org.springframework.beans.CachedIntrospectionResults] Found bean property 'authenticationStrategy' of type [org.springframework.ldap.core.support.DirContextAuthenticationStrategy]
2016-02-03 20:13:05,057 TRACE   main [org.springframework.beans.CachedIntrospectionResults] Found bean property 'base' of type [java.lang.String]
2016-02-03 20:13:05,057 TRACE   main [org.springframework.beans.CachedIntrospectionResults] Found bean property 'baseEnvironmentProperties' of type [java.util.Map]
2016-02-03 20:13:05,057 TRACE   main [org.springframework.beans.CachedIntrospectionResults] Found bean property 'baseLdapName' of type [javax.naming.ldap.LdapName]
2016-02-03 20:13:05,058 TRACE   main [org.springframework.beans.CachedIntrospectionResults] Found bean property 'baseLdapPath' of type [org.springframework.ldap.core.DistinguishedName]
2016-02-03 20:13:05,058 TRACE   main [org.springframework.beans.CachedIntrospectionResults] Found bean property 'baseLdapPathAsString' of type [java.lang.String]
2016-02-03 20:13:05,058 TRACE   main [org.springframework.beans.CachedIntrospectionResults] Found bean property 'cacheEnvironmentProperties' of type [boolean]
2016-02-03 20:13:05,058 TRACE   main [org.springframework.beans.CachedIntrospectionResults] Found bean property 'class' of type [java.lang.Class]
2016-02-03 20:13:05,058 TRACE   main [org.springframework.beans.CachedIntrospectionResults] Found bean property 'contextFactory' of type [java.lang.Class]
2016-02-03 20:13:05,059 TRACE   main [org.springframework.beans.CachedIntrospectionResults] Found bean property 'dirObjectFactory' of type [java.lang.Class]
2016-02-03 20:13:05,059 TRACE   main [org.springframework.beans.CachedIntrospectionResults] Found bean property 'password' of type [java.lang.String]
2016-02-03 20:13:05,059 TRACE   main [org.springframework.beans.CachedIntrospectionResults] Found bean property 'pooled' of type [boolean]
2016-02-03 20:13:05,059 TRACE   main [org.springframework.beans.CachedIntrospectionResults] Found bean property 'readOnlyContext' of type [javax.naming.directory.DirContext]
2016-02-03 20:13:05,059 TRACE   main [org.springframework.beans.CachedIntrospectionResults] Found bean property 'readWriteContext' of type [javax.naming.directory.DirContext]
2016-02-03 20:13:05,059 TRACE   main [org.springframework.beans.CachedIntrospectionResults] Found bean property 'referral' of type [java.lang.String]
2016-02-03 20:13:05,060 TRACE   main [org.springframework.beans.CachedIntrospectionResults] Found bean property 'url' of type [java.lang.String]
2016-02-03 20:13:05,060 TRACE   main [org.springframework.beans.CachedIntrospectionResults] Found bean property 'urls' of type [[Ljava.lang.String;]
2016-02-03 20:13:05,060 TRACE   main [org.springframework.beans.CachedIntrospectionResults] Found bean property 'userDn' of type [java.lang.String]
2016-02-03 20:13:05,075 DEBUG   main [org.springframework.beans.factory.support.DefaultListableBeanFactory] Creating instance of bean '(inner bean)#67cbabb9'
2016-02-03 20:13:05,083 TRACE   main [org.springframework.beans.CachedIntrospectionResults] Getting BeanInfo for class [[Ljava.lang.String;]
2016-02-03 20:13:05,083 TRACE   main [org.springframework.beans.CachedIntrospectionResults] Caching PropertyDescriptors for class [[Ljava.lang.String;]
2016-02-03 20:13:05,083 TRACE   main [org.springframework.beans.CachedIntrospectionResults] Found bean property 'class' of type [java.lang.Class]
2016-02-03 20:13:05,086 DEBUG   main [org.springframework.beans.factory.support.DefaultListableBeanFactory] Finished creating instance of bean '(inner bean)#67cbabb9'
2016-02-03 20:13:05,087 DEBUG   main [org.springframework.beans.factory.support.DefaultListableBeanFactory] Creating shared instance of singleton bean 'simpleDirContextAuthenticationStrategy'
2016-02-03 20:13:05,087 DEBUG   main [org.springframework.beans.factory.support.DefaultListableBeanFactory] Creating instance of bean 'simpleDirContextAuthenticationStrategy'
2016-02-03 20:13:05,088 DEBUG   main [org.springframework.beans.factory.support.DefaultListableBeanFactory] Eagerly caching bean 'simpleDirContextAuthenticationStrategy' to allow for resolving potential circular references
2016-02-03 20:13:05,088 TRACE   main [org.springframework.beans.CachedIntrospectionResults] Getting BeanInfo for class [org.springframework.ldap.core.support.SimpleDirContextAuthenticationStrategy]
2016-02-03 20:13:05,090 TRACE   main [org.springframework.beans.CachedIntrospectionResults] Caching PropertyDescriptors for class [org.springframework.ldap.core.support.SimpleDirContextAuthenticationStrategy]
2016-02-03 20:13:05,090 TRACE   main [org.springframework.beans.CachedIntrospectionResults] Found bean property 'class' of type [java.lang.Class]
2016-02-03 20:13:05,090 DEBUG   main [org.springframework.beans.factory.support.DefaultListableBeanFactory] Finished creating instance of bean 'simpleDirContextAuthenticationStrategy'
2016-02-03 20:13:05,092 DEBUG   main [org.springframework.beans.factory.support.DefaultListableBeanFactory] Invoking afterPropertiesSet() on bean with name '(inner bean)#1e7eee8f'
2016-02-03 20:13:05,097 DEBUG   main [org.springframework.beans.factory.support.DefaultListableBeanFactory] Finished creating instance of bean '(inner bean)#1e7eee8f'
2016-02-03 20:13:05,099 DEBUG   main [org.springframework.beans.factory.support.DefaultListableBeanFactory] Eagerly caching bean 'contextSource' to allow for resolving potential circular references
2016-02-03 20:13:05,099 TRACE   main [org.springframework.beans.CachedIntrospectionResults] Getting BeanInfo for class [org.springframework.ldap.transaction.compensating.manager.TransactionAwareContextSourceProxy]
2016-02-03 20:13:05,102 TRACE   main [org.springframework.beans.CachedIntrospectionResults] Caching PropertyDescriptors for class [org.springframework.ldap.transaction.compensating.manager.TransactionAwareContextSourceProxy]
2016-02-03 20:13:05,102 TRACE   main [org.springframework.beans.CachedIntrospectionResults] Found bean property 'baseLdapName' of type [javax.naming.ldap.LdapName]
2016-02-03 20:13:05,102 TRACE   main [org.springframework.beans.CachedIntrospectionResults] Found bean property 'baseLdapPath' of type [org.springframework.ldap.core.DistinguishedName]
2016-02-03 20:13:05,104 TRACE   main [org.springframework.beans.CachedIntrospectionResults] Found bean property 'baseLdapPathAsString' of type [java.lang.String]
2016-02-03 20:13:05,104 TRACE   main [org.springframework.beans.CachedIntrospectionResults] Found bean property 'class' of type [java.lang.Class]
2016-02-03 20:13:05,104 TRACE   main [org.springframework.beans.CachedIntrospectionResults] Found bean property 'readOnlyContext' of type [javax.naming.directory.DirContext]
2016-02-03 20:13:05,104 TRACE   main [org.springframework.beans.CachedIntrospectionResults] Found bean property 'readWriteContext' of type [javax.naming.directory.DirContext]
2016-02-03 20:13:05,105 TRACE   main [org.springframework.beans.CachedIntrospectionResults] Found bean property 'target' of type [org.springframework.ldap.core.ContextSource]
2016-02-03 20:13:05,107 DEBUG   main [org.springframework.beans.factory.support.DefaultListableBeanFactory] Finished creating instance of bean 'contextSource'
2016-02-03 20:13:05,109 DEBUG   main [org.springframework.beans.factory.support.DefaultListableBeanFactory] Invoking afterPropertiesSet() on bean with name 'ldapTemplate'
2016-02-03 20:13:05,109 DEBUG   main [org.springframework.beans.factory.support.DefaultListableBeanFactory] Finished creating instance of bean 'ldapTemplate'
2016-02-03 20:13:05,109 DEBUG   main [org.springframework.beans.factory.annotation.AutowiredAnnotationBeanPostProcessor] Autowiring by type from bean name 'userRepositoryImpl' to bean named 'ldapTemplate'
2016-02-03 20:13:05,110 DEBUG   main [org.springframework.beans.factory.support.DefaultListableBeanFactory] Finished creating instance of bean 'userRepositoryImpl'
2016-02-03 20:13:05,110 DEBUG   main [org.springframework.beans.factory.support.DefaultListableBeanFactory] Returning cached instance of singleton bean 'org.springframework.context.annotation.internalConfigurationAnnotationProcessor'
2016-02-03 20:13:05,111 DEBUG   main [org.springframework.beans.factory.support.DefaultListableBeanFactory] Returning cached instance of singleton bean 'org.springframework.context.annotation.internalAutowiredAnnotationProcessor'
2016-02-03 20:13:05,112 DEBUG   main [org.springframework.beans.factory.support.DefaultListableBeanFactory] Returning cached instance of singleton bean 'org.springframework.context.annotation.internalRequiredAnnotationProcessor'
2016-02-03 20:13:05,112 DEBUG   main [org.springframework.beans.factory.support.DefaultListableBeanFactory] Returning cached instance of singleton bean 'org.springframework.context.annotation.internalCommonAnnotationProcessor'
2016-02-03 20:13:05,112 DEBUG   main [org.springframework.beans.factory.support.DefaultListableBeanFactory] Returning cached instance of singleton bean 'simpleDirContextAuthenticationStrategy'
2016-02-03 20:13:05,112 DEBUG   main [org.springframework.beans.factory.support.DefaultListableBeanFactory] Creating shared instance of singleton bean 'userReposImpl'
2016-02-03 20:13:05,112 DEBUG   main [org.springframework.beans.factory.support.DefaultListableBeanFactory] Creating instance of bean 'userReposImpl'
2016-02-03 20:13:05,113 DEBUG   main [org.springframework.beans.factory.annotation.InjectionMetadata] Registered injected element on class [ldap.advance.example.UserRepositoryImpl]: AutowiredFieldElement for private org.springframework.ldap.core.LdapTemplate ldap.advance.example.UserRepositoryImpl.ldapTemplate
2016-02-03 20:13:05,113 DEBUG   main [org.springframework.beans.factory.support.DefaultListableBeanFactory] Eagerly caching bean 'userReposImpl' to allow for resolving potential circular references
2016-02-03 20:13:05,113 DEBUG   main [org.springframework.beans.factory.annotation.InjectionMetadata] Processing injected element of bean 'userReposImpl': AutowiredFieldElement for private org.springframework.ldap.core.LdapTemplate ldap.advance.example.UserRepositoryImpl.ldapTemplate
2016-02-03 20:13:05,113 DEBUG   main [org.springframework.beans.factory.support.DefaultListableBeanFactory] Returning cached instance of singleton bean 'ldapTemplate'
2016-02-03 20:13:05,113 DEBUG   main [org.springframework.beans.factory.annotation.AutowiredAnnotationBeanPostProcessor] Autowiring by type from bean name 'userReposImpl' to bean named 'ldapTemplate'
2016-02-03 20:13:05,113 DEBUG   main [org.springframework.beans.factory.support.DefaultListableBeanFactory] Finished creating instance of bean 'userReposImpl'
2016-02-03 20:13:05,113 DEBUG   main [org.springframework.beans.factory.support.DefaultListableBeanFactory] Returning cached instance of singleton bean 'contextSource'
2016-02-03 20:13:05,113 DEBUG   main [org.springframework.beans.factory.support.DefaultListableBeanFactory] Returning cached instance of singleton bean 'ldapTemplate'
2016-02-03 20:13:05,114 DEBUG   main [org.springframework.beans.factory.support.DefaultListableBeanFactory] Returning cached instance of singleton bean 'org.springframework.context.annotation.ConfigurationClassPostProcessor.importAwareProcessor'
2016-02-03 20:13:05,114 DEBUG   main [org.springframework.beans.factory.support.DefaultListableBeanFactory] Returning cached instance of singleton bean 'org.springframework.context.annotation.ConfigurationClassPostProcessor.enhancedConfigurationProcessor'
2016-02-03 20:13:05,115 DEBUG   main [org.springframework.context.support.ClassPathXmlApplicationContext] Unable to locate LifecycleProcessor with name 'lifecycleProcessor': using default [org.springframework.context.support.DefaultLifecycleProcessor@7c1ba98b]
2016-02-03 20:13:05,115 DEBUG   main [org.springframework.beans.factory.support.DefaultListableBeanFactory] Returning cached instance of singleton bean 'lifecycleProcessor'
2016-02-03 20:13:05,115 TRACE   main [org.springframework.context.support.ClassPathXmlApplicationContext] Publishing event in org.springframework.context.support.ClassPathXmlApplicationContext@450faed3: org.springframework.context.event.ContextRefreshedEvent[source=org.springframework.context.support.ClassPathXmlApplicationContext@450faed3: startup date [Wed Feb 03 20:13:03 EST 2016]; root of context hierarchy]
2016-02-03 20:13:05,117 TRACE   main [org.springframework.core.env.PropertySourcesPropertyResolver] getProperty("spring.liveBeansView.mbeanDomain", String)
2016-02-03 20:13:05,117 DEBUG   main [org.springframework.core.env.PropertySourcesPropertyResolver] Searching for key 'spring.liveBeansView.mbeanDomain' in [systemProperties]
2016-02-03 20:13:05,117 DEBUG   main [org.springframework.core.env.PropertySourcesPropertyResolver] Searching for key 'spring.liveBeansView.mbeanDomain' in [systemEnvironment]
2016-02-03 20:13:05,118 DEBUG   main [org.springframework.core.env.PropertySourcesPropertyResolver] Could not find key 'spring.liveBeansView.mbeanDomain' in any property source. Returning [null]
2016-02-03 20:13:05,118 INFO   main [ldap.advance.example.test.LdapApp] Test started at Wed Feb 03 20:13:03 EST 2016
2016-02-03 20:13:05,118 DEBUG   main [org.springframework.beans.factory.support.DefaultListableBeanFactory] Returning cached instance of singleton bean 'userReposImpl'
2016-02-03 20:13:05,118 INFO   main [ldap.advance.example.UserRepositoryImpl] executing {createUser}
2016-02-03 20:14:44,400 DEBUG   main [org.springframework.core.env.StandardEnvironment] Adding [systemProperties] PropertySource with lowest search precedence
2016-02-03 20:14:44,408 DEBUG   main [org.springframework.core.env.StandardEnvironment] Adding [systemEnvironment] PropertySource with lowest search precedence
2016-02-03 20:14:44,408 DEBUG   main [org.springframework.core.env.StandardEnvironment] Initialized StandardEnvironment with PropertySources [systemProperties,systemEnvironment]
2016-02-03 20:14:44,414 INFO   main [org.springframework.context.support.ClassPathXmlApplicationContext] Refreshing org.springframework.context.support.ClassPathXmlApplicationContext@89ec211: startup date [Wed Feb 03 20:14:44 EST 2016]; root of context hierarchy
2016-02-03 20:14:44,472 DEBUG   main [org.springframework.core.env.StandardEnvironment] Adding [systemProperties] PropertySource with lowest search precedence
2016-02-03 20:14:44,472 DEBUG   main [org.springframework.core.env.StandardEnvironment] Adding [systemEnvironment] PropertySource with lowest search precedence
2016-02-03 20:14:44,472 DEBUG   main [org.springframework.core.env.StandardEnvironment] Initialized StandardEnvironment with PropertySources [systemProperties,systemEnvironment]
2016-02-03 20:14:44,510 INFO   main [org.springframework.beans.factory.xml.XmlBeanDefinitionReader] Loading XML bean definitions from class path resource [spring-ldap-example.xml]
2016-02-03 20:14:44,519 DEBUG   main [org.springframework.beans.factory.xml.DefaultDocumentLoader] Using JAXP provider [com.sun.org.apache.xerces.internal.jaxp.DocumentBuilderFactoryImpl]
2016-02-03 20:14:44,570 TRACE   main [org.springframework.beans.factory.xml.PluggableSchemaResolver] Trying to resolve XML entity with public id [null] and system id [http://www.springframework.org/schema/beans/spring-beans.xsd]
2016-02-03 20:14:44,570 DEBUG   main [org.springframework.beans.factory.xml.PluggableSchemaResolver] Loading schema mappings from [META-INF/spring.schemas]
2016-02-03 20:14:44,603 DEBUG   main [org.springframework.beans.factory.xml.PluggableSchemaResolver] Loaded schema mappings: {http://www.springframework.org/schema/tx/spring-tx-2.5.xsd=org/springframework/transaction/config/spring-tx-2.5.xsd, http://www.springframework.org/schema/cache/spring-cache-4.2.xsd=org/springframework/cache/config/spring-cache-4.2.xsd, http://www.springframework.org/schema/aop/spring-aop-4.1.xsd=org/springframework/aop/config/spring-aop-4.1.xsd, http://www.springframework.org/schema/context/spring-context-3.1.xsd=org/springframework/context/config/spring-context-3.1.xsd, http://www.springframework.org/schema/data/repository/spring-repository-1.4.xsd=org/springframework/data/repository/config/spring-repository-1.4.xsd, http://www.springframework.org/schema/util/spring-util-3.0.xsd=org/springframework/beans/factory/xml/spring-util-3.0.xsd, http://www.springframework.org/schema/tool/spring-tool.xsd=org/springframework/beans/factory/xml/spring-tool-4.2.xsd, http://www.springframework.org/schema/aop/spring-aop-3.2.xsd=org/springframework/aop/config/spring-aop-3.2.xsd, http://www.springframework.org/schema/lang/spring-lang-4.1.xsd=org/springframework/scripting/config/spring-lang-4.1.xsd, http://www.springframework.org/schema/context/spring-context-4.0.xsd=org/springframework/context/config/spring-context-4.0.xsd, http://www.springframework.org/schema/beans/spring-beans-4.2.xsd=org/springframework/beans/factory/xml/spring-beans-4.2.xsd, http://www.springframework.org/schema/tool/spring-tool-4.1.xsd=org/springframework/beans/factory/xml/spring-tool-4.1.xsd, http://www.springframework.org/schema/lang/spring-lang-3.2.xsd=org/springframework/scripting/config/spring-lang-3.2.xsd, http://www.springframework.org/schema/cache/spring-cache-3.2.xsd=org/springframework/cache/config/spring-cache-3.2.xsd, http://www.springframework.org/schema/jee/spring-jee-4.1.xsd=org/springframework/ejb/config/spring-jee-4.1.xsd, http://www.springframework.org/schema/task/spring-task-4.2.xsd=org/springframework/scheduling/config/spring-task-4.2.xsd, http://www.springframework.org/schema/util/spring-util-2.0.xsd=org/springframework/beans/factory/xml/spring-util-2.0.xsd, http://www.springframework.org/schema/tool/spring-tool-3.2.xsd=org/springframework/beans/factory/xml/spring-tool-3.2.xsd, http://www.springframework.org/schema/context/spring-context.xsd=org/springframework/context/config/spring-context-4.2.xsd, http://www.springframework.org/schema/tx/spring-tx-4.2.xsd=org/springframework/transaction/config/spring-tx-4.2.xsd, http://www.springframework.org/schema/cache/spring-cache-4.1.xsd=org/springframework/cache/config/spring-cache-4.1.xsd, http://www.springframework.org/schema/aop/spring-aop-4.0.xsd=org/springframework/aop/config/spring-aop-4.0.xsd, http://www.springframework.org/schema/jee/spring-jee-3.2.xsd=org/springframework/ejb/config/spring-jee-3.2.xsd, http://www.springframework.org/schema/context/spring-context-3.0.xsd=org/springframework/context/config/spring-context-3.0.xsd, http://www.springframework.org/schema/util/spring-util-2.5.xsd=org/springframework/beans/factory/xml/spring-util-2.5.xsd, http://www.springframework.org/schema/beans/spring-beans-3.2.xsd=org/springframework/beans/factory/xml/spring-beans-3.2.xsd, http://www.springframework.org/schema/aop/spring-aop-3.1.xsd=org/springframework/aop/config/spring-aop-3.1.xsd, http://www.springframework.org/schema/ldap/spring-ldap-2.0.xsd=org/springframework/ldap/config/spring-ldap-2.0.xsd, http://www.springframework.org/schema/lang/spring-lang-4.0.xsd=org/springframework/scripting/config/spring-lang-4.0.xsd, http://www.springframework.org/schema/beans/spring-beans-4.1.xsd=org/springframework/beans/factory/xml/spring-beans-4.1.xsd, http://www.springframework.org/schema/tool/spring-tool-4.0.xsd=org/springframework/beans/factory/xml/spring-tool-4.0.xsd, http://www.springframework.org/schema/tx/spring-tx-3.2.xsd=org/springframework/transaction/config/spring-tx-3.2.xsd, http://www.springframework.org/schema/lang/spring-lang-3.1.xsd=org/springframework/scripting/config/spring-lang-3.1.xsd, http://www.springframework.org/schema/cache/spring-cache-3.1.xsd=org/springframework/cache/config/spring-cache-3.1.xsd, http://www.springframework.org/schema/jee/spring-jee-4.0.xsd=org/springframework/ejb/config/spring-jee-4.0.xsd, http://www.springframework.org/schema/task/spring-task-4.1.xsd=org/springframework/scheduling/config/spring-task-4.1.xsd, http://www.springframework.org/schema/tool/spring-tool-3.1.xsd=org/springframework/beans/factory/xml/spring-tool-3.1.xsd, http://www.springframework.org/schema/tx/spring-tx-4.1.xsd=org/springframework/transaction/config/spring-tx-4.1.xsd, http://www.springframework.org/schema/cache/spring-cache-4.0.xsd=org/springframework/cache/config/spring-cache-4.0.xsd, http://www.springframework.org/schema/jee/spring-jee-3.1.xsd=org/springframework/ejb/config/spring-jee-3.1.xsd, http://www.springframework.org/schema/task/spring-task-3.2.xsd=org/springframework/scheduling/config/spring-task-3.2.xsd, http://www.springframework.org/schema/util/spring-util-4.2.xsd=org/springframework/beans/factory/xml/spring-util-4.2.xsd, http://www.springframework.org/schema/beans/spring-beans-3.1.xsd=org/springframework/beans/factory/xml/spring-beans-3.1.xsd, http://www.springframework.org/schema/util/spring-util.xsd=org/springframework/beans/factory/xml/spring-util-4.2.xsd, http://www.springframework.org/schema/aop/spring-aop-3.0.xsd=org/springframework/aop/config/spring-aop-3.0.xsd, http://www.springframework.org/schema/data/repository/spring-repository.xsd=org/springframework/data/repository/config/spring-repository-1.7.xsd, http://www.springframework.org/schema/data/repository/spring-repository-1.7.xsd=org/springframework/data/repository/config/spring-repository-1.7.xsd, http://www.springframework.org/schema/ldap/spring-ldap.xsd=org/springframework/ldap/config/spring-ldap-2.0.xsd, http://www.springframework.org/schema/beans/spring-beans-4.0.xsd=org/springframework/beans/factory/xml/spring-beans-4.0.xsd, http://www.springframework.org/schema/beans/spring-beans.xsd=org/springframework/beans/factory/xml/spring-beans-4.2.xsd, http://www.springframework.org/schema/tx/spring-tx-3.1.xsd=org/springframework/transaction/config/spring-tx-3.1.xsd, http://www.springframework.org/schema/lang/spring-lang-3.0.xsd=org/springframework/scripting/config/spring-lang-3.0.xsd, http://www.springframework.org/schema/context/spring-context-2.5.xsd=org/springframework/context/config/spring-context-2.5.xsd, http://www.springframework.org/schema/task/spring-task-4.0.xsd=org/springframework/scheduling/config/spring-task-4.0.xsd, http://www.springframework.org/schema/tool/spring-tool-3.0.xsd=org/springframework/beans/factory/xml/spring-tool-3.0.xsd, http://www.springframework.org/schema/tx/spring-tx-4.0.xsd=org/springframework/transaction/config/spring-tx-4.0.xsd, http://www.springframework.org/schema/aop/spring-aop-2.0.xsd=org/springframework/aop/config/spring-aop-2.0.xsd, http://www.springframework.org/schema/jee/spring-jee-3.0.xsd=org/springframework/ejb/config/spring-jee-3.0.xsd, http://www.springframework.org/schema/util/spring-util-4.1.xsd=org/springframework/beans/factory/xml/spring-util-4.1.xsd, http://www.springframework.org/schema/task/spring-task-3.1.xsd=org/springframework/scheduling/config/spring-task-3.1.xsd, http://www.springframework.org/schema/beans/spring-beans-3.0.xsd=org/springframework/beans/factory/xml/spring-beans-3.0.xsd, http://www.springframework.org/schema/jee/spring-jee.xsd=org/springframework/ejb/config/spring-jee-4.2.xsd, http://www.springframework.org/schema/aop/spring-aop-2.5.xsd=org/springframework/aop/config/spring-aop-2.5.xsd, http://www.springframework.org/schema/lang/spring-lang-2.0.xsd=org/springframework/scripting/config/spring-lang-2.0.xsd, http://www.springframework.org/schema/data/repository/spring-repository-1.6.xsd=org/springframework/data/repository/config/spring-repository-1.6.xsd, http://www.springframework.org/schema/util/spring-util-3.2.xsd=org/springframework/beans/factory/xml/spring-util-3.2.xsd, http://www.springframework.org/schema/task/spring-task.xsd=org/springframework/scheduling/config/spring-task-4.2.xsd, http://www.springframework.org/schema/tool/spring-tool-2.0.xsd=org/springframework/beans/factory/xml/spring-tool-2.0.xsd, http://www.springframework.org/schema/tx/spring-tx-3.0.xsd=org/springframework/transaction/config/spring-tx-3.0.xsd, http://www.springframework.org/schema/lang/spring-lang-2.5.xsd=org/springframework/scripting/config/spring-lang-2.5.xsd, http://www.springframework.org/schema/context/spring-context-4.2.xsd=org/springframework/context/config/spring-context-4.2.xsd, http://www.springframework.org/schema/jee/spring-jee-2.0.xsd=org/springframework/ejb/config/spring-jee-2.0.xsd, http://www.springframework.org/schema/tool/spring-tool-2.5.xsd=org/springframework/beans/factory/xml/spring-tool-2.5.xsd, http://www.springframework.org/schema/jee/spring-jee-2.5.xsd=org/springframework/ejb/config/spring-jee-2.5.xsd, http://www.springframework.org/schema/data/repository/spring-repository-1.0.xsd=org/springframework/data/repository/config/spring-repository-1.0.xsd, http://www.springframework.org/schema/util/spring-util-4.0.xsd=org/springframework/beans/factory/xml/spring-util-4.0.xsd, http://www.springframework.org/schema/task/spring-task-3.0.xsd=org/springframework/scheduling/config/spring-task-3.0.xsd, http://www.springframework.org/schema/aop/spring-aop-4.2.xsd=org/springframework/aop/config/spring-aop-4.2.xsd, http://www.springframework.org/schema/lang/spring-lang.xsd=org/springframework/scripting/config/spring-lang-4.2.xsd, http://www.springframework.org/schema/context/spring-context-3.2.xsd=org/springframework/context/config/spring-context-3.2.xsd, http://www.springframework.org/schema/data/repository/spring-repository-1.5.xsd=org/springframework/data/repository/config/spring-repository-1.5.xsd, http://www.springframework.org/schema/util/spring-util-3.1.xsd=org/springframework/beans/factory/xml/spring-util-3.1.xsd, http://www.springframework.org/schema/beans/spring-beans-2.0.xsd=org/springframework/beans/factory/xml/spring-beans-2.0.xsd, http://www.springframework.org/schema/cache/spring-cache.xsd=org/springframework/cache/config/spring-cache-4.2.xsd, http://www.springframework.org/schema/tx/spring-tx.xsd=org/springframework/transaction/config/spring-tx-4.2.xsd, http://www.springframework.org/schema/lang/spring-lang-4.2.xsd=org/springframework/scripting/config/spring-lang-4.2.xsd, http://www.springframework.org/schema/context/spring-context-4.1.xsd=org/springframework/context/config/spring-context-4.1.xsd, http://www.springframework.org/schema/beans/spring-beans-2.5.xsd=org/springframework/beans/factory/xml/spring-beans-2.5.xsd, http://www.springframework.org/schema/tool/spring-tool-4.2.xsd=org/springframework/beans/factory/xml/spring-tool-4.2.xsd, http://www.springframework.org/schema/tx/spring-tx-2.0.xsd=org/springframework/transaction/config/spring-tx-2.0.xsd, http://www.springframework.org/schema/jee/spring-jee-4.2.xsd=org/springframework/ejb/config/spring-jee-4.2.xsd, http://www.springframework.org/schema/aop/spring-aop.xsd=org/springframework/aop/config/spring-aop-4.2.xsd}
2016-02-03 20:14:44,614 DEBUG   main [org.springframework.beans.factory.xml.PluggableSchemaResolver] Found XML schema [http://www.springframework.org/schema/beans/spring-beans.xsd] in classpath: org/springframework/beans/factory/xml/spring-beans-4.2.xsd
2016-02-03 20:14:44,764 TRACE   main [org.springframework.beans.factory.xml.PluggableSchemaResolver] Trying to resolve XML entity with public id [null] and system id [http://www.springframework.org/schema/context/spring-context.xsd]
2016-02-03 20:14:44,765 DEBUG   main [org.springframework.beans.factory.xml.PluggableSchemaResolver] Found XML schema [http://www.springframework.org/schema/context/spring-context.xsd] in classpath: org/springframework/context/config/spring-context-4.2.xsd
2016-02-03 20:14:44,787 TRACE   main [org.springframework.beans.factory.xml.PluggableSchemaResolver] Trying to resolve XML entity with public id [null] and system id [http://www.springframework.org/schema/tool/spring-tool-4.2.xsd]
2016-02-03 20:14:44,789 DEBUG   main [org.springframework.beans.factory.xml.PluggableSchemaResolver] Found XML schema [http://www.springframework.org/schema/tool/spring-tool-4.2.xsd] in classpath: org/springframework/beans/factory/xml/spring-tool-4.2.xsd
2016-02-03 20:14:44,801 TRACE   main [org.springframework.beans.factory.xml.PluggableSchemaResolver] Trying to resolve XML entity with public id [null] and system id [http://www.springframework.org/schema/ldap/spring-ldap.xsd]
2016-02-03 20:14:44,801 DEBUG   main [org.springframework.beans.factory.xml.PluggableSchemaResolver] Found XML schema [http://www.springframework.org/schema/ldap/spring-ldap.xsd] in classpath: org/springframework/ldap/config/spring-ldap-2.0.xsd
2016-02-03 20:14:44,836 TRACE   main [org.springframework.beans.factory.xml.PluggableSchemaResolver] Trying to resolve XML entity with public id [null] and system id [http://www.springframework.org/schema/data/repository/spring-repository.xsd]
2016-02-03 20:14:44,838 DEBUG   main [org.springframework.beans.factory.xml.PluggableSchemaResolver] Found XML schema [http://www.springframework.org/schema/data/repository/spring-repository.xsd] in classpath: org/springframework/data/repository/config/spring-repository-1.7.xsd
2016-02-03 20:14:44,889 DEBUG   main [org.springframework.beans.factory.xml.DefaultBeanDefinitionDocumentReader] Loading bean definitions
2016-02-03 20:14:44,922 DEBUG   main [org.springframework.beans.factory.xml.DefaultNamespaceHandlerResolver] Loaded NamespaceHandler mappings: {http://www.springframework.org/schema/p=org.springframework.beans.factory.xml.SimplePropertyNamespaceHandler, http://www.springframework.org/schema/util=org.springframework.beans.factory.xml.UtilNamespaceHandler, http://www.springframework.org/schema/jee=org.springframework.ejb.config.JeeNamespaceHandler, http://www.springframework.org/schema/aop=org.springframework.aop.config.AopNamespaceHandler, http://www.springframework.org/schema/data/repository=org.springframework.data.repository.config.RepositoryNameSpaceHandler, http://www.springframework.org/schema/cache=org.springframework.cache.config.CacheNamespaceHandler, http://www.springframework.org/schema/c=org.springframework.beans.factory.xml.SimpleConstructorNamespaceHandler, http://www.springframework.org/schema/ldap=org.springframework.ldap.config.LdapNamespaceHandler, http://www.springframework.org/schema/tx=org.springframework.transaction.config.TxNamespaceHandler, http://www.springframework.org/schema/task=org.springframework.scheduling.config.TaskNamespaceHandler, http://www.springframework.org/schema/lang=org.springframework.scripting.config.LangNamespaceHandler, http://www.springframework.org/schema/context=org.springframework.context.config.ContextNamespaceHandler}
2016-02-03 20:14:45,034 DEBUG   main [org.springframework.core.env.StandardEnvironment] Adding [systemProperties] PropertySource with lowest search precedence
2016-02-03 20:14:45,034 DEBUG   main [org.springframework.core.env.StandardEnvironment] Adding [systemEnvironment] PropertySource with lowest search precedence
2016-02-03 20:14:45,038 DEBUG   main [org.springframework.core.env.StandardEnvironment] Initialized StandardEnvironment with PropertySources [systemProperties,systemEnvironment]
2016-02-03 20:14:45,081 DEBUG   main [org.springframework.core.io.support.PathMatchingResourcePatternResolver] Looking for matching resources in directory tree [C:\Eclipse\workspace\spring-ldap-example\bin\ldap\advance\example]
2016-02-03 20:14:45,081 DEBUG   main [org.springframework.core.io.support.PathMatchingResourcePatternResolver] Searching directory [C:\Eclipse\workspace\spring-ldap-example\bin\ldap\advance\example] for files matching pattern [C:/Eclipse/workspace/spring-ldap-example/bin/ldap/advance/example/**/*.class]
2016-02-03 20:14:45,096 DEBUG   main [org.springframework.core.io.support.PathMatchingResourcePatternResolver] Searching directory [C:\Eclipse\workspace\spring-ldap-example\bin\ldap\advance\example\test] for files matching pattern [C:/Eclipse/workspace/spring-ldap-example/bin/ldap/advance/example/**/*.class]
2016-02-03 20:14:45,102 DEBUG   main [org.springframework.core.io.support.PathMatchingResourcePatternResolver] Resolved location pattern [classpath*:ldap/advance/example/**/*.class] to resources [file [C:\Eclipse\workspace\spring-ldap-example\bin\ldap\advance\example\test\LdapApp.class], file [C:\Eclipse\workspace\spring-ldap-example\bin\ldap\advance\example\User.class], file [C:\Eclipse\workspace\spring-ldap-example\bin\ldap\advance\example\UserRepositoryImpl$MultipleAttributesMapper.class], file [C:\Eclipse\workspace\spring-ldap-example\bin\ldap\advance\example\UserRepositoryImpl$SingleAttributesMapper.class], file [C:\Eclipse\workspace\spring-ldap-example\bin\ldap\advance\example\UserRepositoryImpl$UserAttributesMapper.class], file [C:\Eclipse\workspace\spring-ldap-example\bin\ldap\advance\example\UserRepositoryImpl.class], file [C:\Eclipse\workspace\spring-ldap-example\bin\ldap\advance\example\UserRepositoryIntf.class]]
2016-02-03 20:14:45,103 TRACE   main [org.springframework.context.annotation.ClassPathBeanDefinitionScanner] Scanning file [C:\Eclipse\workspace\spring-ldap-example\bin\ldap\advance\example\test\LdapApp.class]
2016-02-03 20:14:45,170 TRACE   main [org.springframework.context.annotation.ClassPathBeanDefinitionScanner] Ignored because not matching any filter: file [C:\Eclipse\workspace\spring-ldap-example\bin\ldap\advance\example\test\LdapApp.class]
2016-02-03 20:14:45,171 TRACE   main [org.springframework.context.annotation.ClassPathBeanDefinitionScanner] Scanning file [C:\Eclipse\workspace\spring-ldap-example\bin\ldap\advance\example\User.class]
2016-02-03 20:14:45,172 TRACE   main [org.springframework.context.annotation.ClassPathBeanDefinitionScanner] Ignored because not matching any filter: file [C:\Eclipse\workspace\spring-ldap-example\bin\ldap\advance\example\User.class]
2016-02-03 20:14:45,172 TRACE   main [org.springframework.context.annotation.ClassPathBeanDefinitionScanner] Scanning file [C:\Eclipse\workspace\spring-ldap-example\bin\ldap\advance\example\UserRepositoryImpl$MultipleAttributesMapper.class]
2016-02-03 20:14:45,177 TRACE   main [org.springframework.context.annotation.ClassPathBeanDefinitionScanner] Ignored because not matching any filter: file [C:\Eclipse\workspace\spring-ldap-example\bin\ldap\advance\example\UserRepositoryImpl$MultipleAttributesMapper.class]
2016-02-03 20:14:45,177 TRACE   main [org.springframework.context.annotation.ClassPathBeanDefinitionScanner] Scanning file [C:\Eclipse\workspace\spring-ldap-example\bin\ldap\advance\example\UserRepositoryImpl$SingleAttributesMapper.class]
2016-02-03 20:14:45,178 TRACE   main [org.springframework.context.annotation.ClassPathBeanDefinitionScanner] Ignored because not matching any filter: file [C:\Eclipse\workspace\spring-ldap-example\bin\ldap\advance\example\UserRepositoryImpl$SingleAttributesMapper.class]
2016-02-03 20:14:45,178 TRACE   main [org.springframework.context.annotation.ClassPathBeanDefinitionScanner] Scanning file [C:\Eclipse\workspace\spring-ldap-example\bin\ldap\advance\example\UserRepositoryImpl$UserAttributesMapper.class]
2016-02-03 20:14:45,180 TRACE   main [org.springframework.context.annotation.ClassPathBeanDefinitionScanner] Ignored because not matching any filter: file [C:\Eclipse\workspace\spring-ldap-example\bin\ldap\advance\example\UserRepositoryImpl$UserAttributesMapper.class]
2016-02-03 20:14:45,180 TRACE   main [org.springframework.context.annotation.ClassPathBeanDefinitionScanner] Scanning file [C:\Eclipse\workspace\spring-ldap-example\bin\ldap\advance\example\UserRepositoryImpl.class]
2016-02-03 20:14:45,226 DEBUG   main [org.springframework.context.annotation.ClassPathBeanDefinitionScanner] Identified candidate component class: file [C:\Eclipse\workspace\spring-ldap-example\bin\ldap\advance\example\UserRepositoryImpl.class]
2016-02-03 20:14:45,226 TRACE   main [org.springframework.context.annotation.ClassPathBeanDefinitionScanner] Scanning file [C:\Eclipse\workspace\spring-ldap-example\bin\ldap\advance\example\UserRepositoryIntf.class]
2016-02-03 20:14:45,227 TRACE   main [org.springframework.context.annotation.ClassPathBeanDefinitionScanner] Ignored because not matching any filter: file [C:\Eclipse\workspace\spring-ldap-example\bin\ldap\advance\example\UserRepositoryIntf.class]
2016-02-03 20:14:45,349 DEBUG   main [org.springframework.beans.factory.xml.XmlBeanDefinitionReader] Loaded 9 bean definitions from location pattern [spring-ldap-example.xml]
2016-02-03 20:14:45,350 DEBUG   main [org.springframework.context.support.ClassPathXmlApplicationContext] Bean factory for org.springframework.context.support.ClassPathXmlApplicationContext@89ec211: org.springframework.beans.factory.support.DefaultListableBeanFactory@56a45c4: defining beans [userRepositoryImpl,org.springframework.context.annotation.internalConfigurationAnnotationProcessor,org.springframework.context.annotation.internalAutowiredAnnotationProcessor,org.springframework.context.annotation.internalRequiredAnnotationProcessor,org.springframework.context.annotation.internalCommonAnnotationProcessor,simpleDirContextAuthenticationStrategy,userReposImpl,contextSource,ldapTemplate]; root of factory hierarchy
2016-02-03 20:14:45,434 DEBUG   main [org.springframework.beans.factory.support.DefaultListableBeanFactory] Creating shared instance of singleton bean 'org.springframework.context.annotation.internalConfigurationAnnotationProcessor'
2016-02-03 20:14:45,435 DEBUG   main [org.springframework.beans.factory.support.DefaultListableBeanFactory] Creating instance of bean 'org.springframework.context.annotation.internalConfigurationAnnotationProcessor'
2016-02-03 20:14:45,461 DEBUG   main [org.springframework.beans.factory.support.DefaultListableBeanFactory] Eagerly caching bean 'org.springframework.context.annotation.internalConfigurationAnnotationProcessor' to allow for resolving potential circular references
2016-02-03 20:14:45,467 DEBUG   main [org.springframework.beans.factory.support.DefaultListableBeanFactory] Finished creating instance of bean 'org.springframework.context.annotation.internalConfigurationAnnotationProcessor'
2016-02-03 20:14:45,530 DEBUG   main [org.springframework.beans.factory.support.DefaultListableBeanFactory] Creating shared instance of singleton bean 'org.springframework.context.annotation.internalAutowiredAnnotationProcessor'
2016-02-03 20:14:45,530 DEBUG   main [org.springframework.beans.factory.support.DefaultListableBeanFactory] Creating instance of bean 'org.springframework.context.annotation.internalAutowiredAnnotationProcessor'
2016-02-03 20:14:45,532 DEBUG   main [org.springframework.beans.factory.support.DefaultListableBeanFactory] Eagerly caching bean 'org.springframework.context.annotation.internalAutowiredAnnotationProcessor' to allow for resolving potential circular references
2016-02-03 20:14:45,532 DEBUG   main [org.springframework.beans.factory.support.DefaultListableBeanFactory] Finished creating instance of bean 'org.springframework.context.annotation.internalAutowiredAnnotationProcessor'
2016-02-03 20:14:45,532 DEBUG   main [org.springframework.beans.factory.support.DefaultListableBeanFactory] Creating shared instance of singleton bean 'org.springframework.context.annotation.internalRequiredAnnotationProcessor'
2016-02-03 20:14:45,533 DEBUG   main [org.springframework.beans.factory.support.DefaultListableBeanFactory] Creating instance of bean 'org.springframework.context.annotation.internalRequiredAnnotationProcessor'
2016-02-03 20:14:45,534 DEBUG   main [org.springframework.beans.factory.support.DefaultListableBeanFactory] Eagerly caching bean 'org.springframework.context.annotation.internalRequiredAnnotationProcessor' to allow for resolving potential circular references
2016-02-03 20:14:45,534 DEBUG   main [org.springframework.beans.factory.support.DefaultListableBeanFactory] Finished creating instance of bean 'org.springframework.context.annotation.internalRequiredAnnotationProcessor'
2016-02-03 20:14:45,534 DEBUG   main [org.springframework.beans.factory.support.DefaultListableBeanFactory] Creating shared instance of singleton bean 'org.springframework.context.annotation.internalCommonAnnotationProcessor'
2016-02-03 20:14:45,534 DEBUG   main [org.springframework.beans.factory.support.DefaultListableBeanFactory] Creating instance of bean 'org.springframework.context.annotation.internalCommonAnnotationProcessor'
2016-02-03 20:14:45,550 DEBUG   main [org.springframework.beans.factory.support.DefaultListableBeanFactory] Eagerly caching bean 'org.springframework.context.annotation.internalCommonAnnotationProcessor' to allow for resolving potential circular references
2016-02-03 20:14:45,550 DEBUG   main [org.springframework.beans.factory.support.DefaultListableBeanFactory] Finished creating instance of bean 'org.springframework.context.annotation.internalCommonAnnotationProcessor'
2016-02-03 20:14:45,551 DEBUG   main [org.springframework.beans.factory.support.DefaultListableBeanFactory] Creating shared instance of singleton bean 'org.springframework.context.annotation.ConfigurationClassPostProcessor.importAwareProcessor'
2016-02-03 20:14:45,551 DEBUG   main [org.springframework.beans.factory.support.DefaultListableBeanFactory] Creating instance of bean 'org.springframework.context.annotation.ConfigurationClassPostProcessor.importAwareProcessor'
2016-02-03 20:14:45,551 DEBUG   main [org.springframework.beans.factory.support.DefaultListableBeanFactory] Eagerly caching bean 'org.springframework.context.annotation.ConfigurationClassPostProcessor.importAwareProcessor' to allow for resolving potential circular references
2016-02-03 20:14:45,551 DEBUG   main [org.springframework.beans.factory.support.DefaultListableBeanFactory] Finished creating instance of bean 'org.springframework.context.annotation.ConfigurationClassPostProcessor.importAwareProcessor'
2016-02-03 20:14:45,552 DEBUG   main [org.springframework.beans.factory.support.DefaultListableBeanFactory] Creating shared instance of singleton bean 'org.springframework.context.annotation.ConfigurationClassPostProcessor.enhancedConfigurationProcessor'
2016-02-03 20:14:45,552 DEBUG   main [org.springframework.beans.factory.support.DefaultListableBeanFactory] Creating instance of bean 'org.springframework.context.annotation.ConfigurationClassPostProcessor.enhancedConfigurationProcessor'
2016-02-03 20:14:45,552 DEBUG   main [org.springframework.beans.factory.support.DefaultListableBeanFactory] Eagerly caching bean 'org.springframework.context.annotation.ConfigurationClassPostProcessor.enhancedConfigurationProcessor' to allow for resolving potential circular references
2016-02-03 20:14:45,552 DEBUG   main [org.springframework.beans.factory.support.DefaultListableBeanFactory] Finished creating instance of bean 'org.springframework.context.annotation.ConfigurationClassPostProcessor.enhancedConfigurationProcessor'
2016-02-03 20:14:45,589 DEBUG   main [org.springframework.context.support.ClassPathXmlApplicationContext] Unable to locate MessageSource with name 'messageSource': using default [org.springframework.context.support.DelegatingMessageSource@190bf402]
2016-02-03 20:14:45,604 DEBUG   main [org.springframework.context.support.ClassPathXmlApplicationContext] Unable to locate ApplicationEventMulticaster with name 'applicationEventMulticaster': using default [org.springframework.context.event.SimpleApplicationEventMulticaster@1b2090ab]
2016-02-03 20:14:45,606 DEBUG   main [org.springframework.beans.factory.support.DefaultListableBeanFactory] Pre-instantiating singletons in org.springframework.beans.factory.support.DefaultListableBeanFactory@56a45c4: defining beans [userRepositoryImpl,org.springframework.context.annotation.internalConfigurationAnnotationProcessor,org.springframework.context.annotation.internalAutowiredAnnotationProcessor,org.springframework.context.annotation.internalRequiredAnnotationProcessor,org.springframework.context.annotation.internalCommonAnnotationProcessor,simpleDirContextAuthenticationStrategy,userReposImpl,contextSource,ldapTemplate,org.springframework.context.annotation.ConfigurationClassPostProcessor.importAwareProcessor,org.springframework.context.annotation.ConfigurationClassPostProcessor.enhancedConfigurationProcessor]; root of factory hierarchy
2016-02-03 20:14:45,606 DEBUG   main [org.springframework.beans.factory.support.DefaultListableBeanFactory] Creating shared instance of singleton bean 'userRepositoryImpl'
2016-02-03 20:14:45,606 DEBUG   main [org.springframework.beans.factory.support.DefaultListableBeanFactory] Creating instance of bean 'userRepositoryImpl'
2016-02-03 20:14:45,650 DEBUG   main [org.springframework.beans.factory.annotation.InjectionMetadata] Registered injected element on class [ldap.advance.example.UserRepositoryImpl]: AutowiredFieldElement for private org.springframework.ldap.core.LdapTemplate ldap.advance.example.UserRepositoryImpl.ldapTemplate
2016-02-03 20:14:45,650 DEBUG   main [org.springframework.beans.factory.support.DefaultListableBeanFactory] Eagerly caching bean 'userRepositoryImpl' to allow for resolving potential circular references
2016-02-03 20:14:45,654 TRACE   main [org.springframework.core.io.support.SpringFactoriesLoader] Loaded [org.springframework.beans.BeanInfoFactory] names: [org.springframework.beans.ExtendedBeanInfoFactory]
2016-02-03 20:14:45,656 TRACE   main [org.springframework.beans.CachedIntrospectionResults] Getting BeanInfo for class [ldap.advance.example.UserRepositoryImpl]
2016-02-03 20:14:45,687 TRACE   main [org.springframework.beans.CachedIntrospectionResults] Caching PropertyDescriptors for class [ldap.advance.example.UserRepositoryImpl]
2016-02-03 20:14:45,687 TRACE   main [org.springframework.beans.CachedIntrospectionResults] Found bean property 'allUserNames' of type [java.util.List]
2016-02-03 20:14:45,706 TRACE   main [org.springframework.beans.CachedIntrospectionResults] Found bean property 'allUsers' of type [java.util.List]
2016-02-03 20:14:45,707 TRACE   main [org.springframework.beans.CachedIntrospectionResults] Found bean property 'class' of type [java.lang.Class]
2016-02-03 20:14:45,713 DEBUG   main [org.springframework.beans.factory.annotation.InjectionMetadata] Processing injected element of bean 'userRepositoryImpl': AutowiredFieldElement for private org.springframework.ldap.core.LdapTemplate ldap.advance.example.UserRepositoryImpl.ldapTemplate
2016-02-03 20:14:45,721 DEBUG   main [org.springframework.beans.factory.support.DefaultListableBeanFactory] Creating shared instance of singleton bean 'ldapTemplate'
2016-02-03 20:14:45,721 DEBUG   main [org.springframework.beans.factory.support.DefaultListableBeanFactory] Creating instance of bean 'ldapTemplate'
2016-02-03 20:14:45,751 DEBUG   main [org.springframework.beans.factory.support.DefaultListableBeanFactory] Eagerly caching bean 'ldapTemplate' to allow for resolving potential circular references
2016-02-03 20:14:45,751 TRACE   main [org.springframework.beans.CachedIntrospectionResults] Getting BeanInfo for class [org.springframework.ldap.core.LdapTemplate]
2016-02-03 20:14:45,780 TRACE   main [org.springframework.beans.CachedIntrospectionResults] Caching PropertyDescriptors for class [org.springframework.ldap.core.LdapTemplate]
2016-02-03 20:14:45,781 TRACE   main [org.springframework.beans.CachedIntrospectionResults] Found bean property 'class' of type [java.lang.Class]
2016-02-03 20:14:45,781 TRACE   main [org.springframework.beans.CachedIntrospectionResults] Found bean property 'contextSource' of type [org.springframework.ldap.core.ContextSource]
2016-02-03 20:14:45,781 TRACE   main [org.springframework.beans.CachedIntrospectionResults] Found bean property 'defaultCountLimit' of type [int]
2016-02-03 20:14:45,781 TRACE   main [org.springframework.beans.CachedIntrospectionResults] Found bean property 'defaultSearchScope' of type [int]
2016-02-03 20:14:45,782 TRACE   main [org.springframework.beans.CachedIntrospectionResults] Found bean property 'defaultTimeLimit' of type [int]
2016-02-03 20:14:45,782 TRACE   main [org.springframework.beans.CachedIntrospectionResults] Found bean property 'ignoreNameNotFoundException' of type [boolean]
2016-02-03 20:14:45,783 TRACE   main [org.springframework.beans.CachedIntrospectionResults] Found bean property 'ignorePartialResultException' of type [boolean]
2016-02-03 20:14:45,784 TRACE   main [org.springframework.beans.CachedIntrospectionResults] Found bean property 'ignoreSizeLimitExceededException' of type [boolean]
2016-02-03 20:14:45,784 TRACE   main [org.springframework.beans.CachedIntrospectionResults] Found bean property 'objectDirectoryMapper' of type [org.springframework.ldap.odm.core.ObjectDirectoryMapper]
2016-02-03 20:14:45,786 DEBUG   main [org.springframework.beans.factory.support.DefaultListableBeanFactory] Creating shared instance of singleton bean 'contextSource'
2016-02-03 20:14:45,786 DEBUG   main [org.springframework.beans.factory.support.DefaultListableBeanFactory] Creating instance of bean 'contextSource'
2016-02-03 20:14:45,792 DEBUG   main [org.springframework.beans.factory.support.DefaultListableBeanFactory] Creating instance of bean '(inner bean)#5717e2b2'
2016-02-03 20:14:45,818 TRACE   main [org.springframework.beans.CachedIntrospectionResults] Getting BeanInfo for class [org.springframework.ldap.core.support.LdapContextSource]
2016-02-03 20:14:45,821 TRACE   main [org.springframework.beans.CachedIntrospectionResults] Caching PropertyDescriptors for class [org.springframework.ldap.core.support.LdapContextSource]
2016-02-03 20:14:45,822 TRACE   main [org.springframework.beans.CachedIntrospectionResults] Found bean property 'anonymousReadOnly' of type [boolean]
2016-02-03 20:14:45,822 TRACE   main [org.springframework.beans.CachedIntrospectionResults] Found bean property 'authenticationSource' of type [org.springframework.ldap.core.AuthenticationSource]
2016-02-03 20:14:45,822 TRACE   main [org.springframework.beans.CachedIntrospectionResults] Found bean property 'authenticationStrategy' of type [org.springframework.ldap.core.support.DirContextAuthenticationStrategy]
2016-02-03 20:14:45,822 TRACE   main [org.springframework.beans.CachedIntrospectionResults] Found bean property 'base' of type [java.lang.String]
2016-02-03 20:14:45,822 TRACE   main [org.springframework.beans.CachedIntrospectionResults] Found bean property 'baseEnvironmentProperties' of type [java.util.Map]
2016-02-03 20:14:45,822 TRACE   main [org.springframework.beans.CachedIntrospectionResults] Found bean property 'baseLdapName' of type [javax.naming.ldap.LdapName]
2016-02-03 20:14:45,822 TRACE   main [org.springframework.beans.CachedIntrospectionResults] Found bean property 'baseLdapPath' of type [org.springframework.ldap.core.DistinguishedName]
2016-02-03 20:14:45,822 TRACE   main [org.springframework.beans.CachedIntrospectionResults] Found bean property 'baseLdapPathAsString' of type [java.lang.String]
2016-02-03 20:14:45,823 TRACE   main [org.springframework.beans.CachedIntrospectionResults] Found bean property 'cacheEnvironmentProperties' of type [boolean]
2016-02-03 20:14:45,823 TRACE   main [org.springframework.beans.CachedIntrospectionResults] Found bean property 'class' of type [java.lang.Class]
2016-02-03 20:14:45,824 TRACE   main [org.springframework.beans.CachedIntrospectionResults] Found bean property 'contextFactory' of type [java.lang.Class]
2016-02-03 20:14:45,824 TRACE   main [org.springframework.beans.CachedIntrospectionResults] Found bean property 'dirObjectFactory' of type [java.lang.Class]
2016-02-03 20:14:45,825 TRACE   main [org.springframework.beans.CachedIntrospectionResults] Found bean property 'password' of type [java.lang.String]
2016-02-03 20:14:45,825 TRACE   main [org.springframework.beans.CachedIntrospectionResults] Found bean property 'pooled' of type [boolean]
2016-02-03 20:14:45,825 TRACE   main [org.springframework.beans.CachedIntrospectionResults] Found bean property 'readOnlyContext' of type [javax.naming.directory.DirContext]
2016-02-03 20:14:45,825 TRACE   main [org.springframework.beans.CachedIntrospectionResults] Found bean property 'readWriteContext' of type [javax.naming.directory.DirContext]
2016-02-03 20:14:45,826 TRACE   main [org.springframework.beans.CachedIntrospectionResults] Found bean property 'referral' of type [java.lang.String]
2016-02-03 20:14:45,826 TRACE   main [org.springframework.beans.CachedIntrospectionResults] Found bean property 'url' of type [java.lang.String]
2016-02-03 20:14:45,826 TRACE   main [org.springframework.beans.CachedIntrospectionResults] Found bean property 'urls' of type [[Ljava.lang.String;]
2016-02-03 20:14:45,826 TRACE   main [org.springframework.beans.CachedIntrospectionResults] Found bean property 'userDn' of type [java.lang.String]
2016-02-03 20:14:45,830 DEBUG   main [org.springframework.beans.factory.support.DefaultListableBeanFactory] Creating instance of bean '(inner bean)#5f1c0ef'
2016-02-03 20:14:45,835 TRACE   main [org.springframework.beans.CachedIntrospectionResults] Getting BeanInfo for class [[Ljava.lang.String;]
2016-02-03 20:14:45,835 TRACE   main [org.springframework.beans.CachedIntrospectionResults] Caching PropertyDescriptors for class [[Ljava.lang.String;]
2016-02-03 20:14:45,835 TRACE   main [org.springframework.beans.CachedIntrospectionResults] Found bean property 'class' of type [java.lang.Class]
2016-02-03 20:14:45,836 DEBUG   main [org.springframework.beans.factory.support.DefaultListableBeanFactory] Finished creating instance of bean '(inner bean)#5f1c0ef'
2016-02-03 20:14:45,837 DEBUG   main [org.springframework.beans.factory.support.DefaultListableBeanFactory] Creating shared instance of singleton bean 'simpleDirContextAuthenticationStrategy'
2016-02-03 20:14:45,837 DEBUG   main [org.springframework.beans.factory.support.DefaultListableBeanFactory] Creating instance of bean 'simpleDirContextAuthenticationStrategy'
2016-02-03 20:14:45,837 DEBUG   main [org.springframework.beans.factory.support.DefaultListableBeanFactory] Eagerly caching bean 'simpleDirContextAuthenticationStrategy' to allow for resolving potential circular references
2016-02-03 20:14:45,838 TRACE   main [org.springframework.beans.CachedIntrospectionResults] Getting BeanInfo for class [org.springframework.ldap.core.support.SimpleDirContextAuthenticationStrategy]
2016-02-03 20:14:45,850 TRACE   main [org.springframework.beans.CachedIntrospectionResults] Caching PropertyDescriptors for class [org.springframework.ldap.core.support.SimpleDirContextAuthenticationStrategy]
2016-02-03 20:14:45,850 TRACE   main [org.springframework.beans.CachedIntrospectionResults] Found bean property 'class' of type [java.lang.Class]
2016-02-03 20:14:45,851 DEBUG   main [org.springframework.beans.factory.support.DefaultListableBeanFactory] Finished creating instance of bean 'simpleDirContextAuthenticationStrategy'
2016-02-03 20:14:45,854 DEBUG   main [org.springframework.beans.factory.support.DefaultListableBeanFactory] Invoking afterPropertiesSet() on bean with name '(inner bean)#5717e2b2'
2016-02-03 20:14:45,878 DEBUG   main [org.springframework.beans.factory.support.DefaultListableBeanFactory] Finished creating instance of bean '(inner bean)#5717e2b2'
2016-02-03 20:14:45,886 DEBUG   main [org.springframework.beans.factory.support.DefaultListableBeanFactory] Eagerly caching bean 'contextSource' to allow for resolving potential circular references
2016-02-03 20:14:45,886 TRACE   main [org.springframework.beans.CachedIntrospectionResults] Getting BeanInfo for class [org.springframework.ldap.transaction.compensating.manager.TransactionAwareContextSourceProxy]
2016-02-03 20:14:45,900 TRACE   main [org.springframework.beans.CachedIntrospectionResults] Caching PropertyDescriptors for class [org.springframework.ldap.transaction.compensating.manager.TransactionAwareContextSourceProxy]
2016-02-03 20:14:45,900 TRACE   main [org.springframework.beans.CachedIntrospectionResults] Found bean property 'baseLdapName' of type [javax.naming.ldap.LdapName]
2016-02-03 20:14:45,900 TRACE   main [org.springframework.beans.CachedIntrospectionResults] Found bean property 'baseLdapPath' of type [org.springframework.ldap.core.DistinguishedName]
2016-02-03 20:14:45,900 TRACE   main [org.springframework.beans.CachedIntrospectionResults] Found bean property 'baseLdapPathAsString' of type [java.lang.String]
2016-02-03 20:14:45,900 TRACE   main [org.springframework.beans.CachedIntrospectionResults] Found bean property 'class' of type [java.lang.Class]
2016-02-03 20:14:45,902 TRACE   main [org.springframework.beans.CachedIntrospectionResults] Found bean property 'readOnlyContext' of type [javax.naming.directory.DirContext]
2016-02-03 20:14:45,903 TRACE   main [org.springframework.beans.CachedIntrospectionResults] Found bean property 'readWriteContext' of type [javax.naming.directory.DirContext]
2016-02-03 20:14:45,904 TRACE   main [org.springframework.beans.CachedIntrospectionResults] Found bean property 'target' of type [org.springframework.ldap.core.ContextSource]
2016-02-03 20:14:45,905 DEBUG   main [org.springframework.beans.factory.support.DefaultListableBeanFactory] Finished creating instance of bean 'contextSource'
2016-02-03 20:14:45,907 DEBUG   main [org.springframework.beans.factory.support.DefaultListableBeanFactory] Invoking afterPropertiesSet() on bean with name 'ldapTemplate'
2016-02-03 20:14:45,908 DEBUG   main [org.springframework.beans.factory.support.DefaultListableBeanFactory] Finished creating instance of bean 'ldapTemplate'
2016-02-03 20:14:45,909 DEBUG   main [org.springframework.beans.factory.annotation.AutowiredAnnotationBeanPostProcessor] Autowiring by type from bean name 'userRepositoryImpl' to bean named 'ldapTemplate'
2016-02-03 20:14:45,911 DEBUG   main [org.springframework.beans.factory.support.DefaultListableBeanFactory] Finished creating instance of bean 'userRepositoryImpl'
2016-02-03 20:14:45,912 DEBUG   main [org.springframework.beans.factory.support.DefaultListableBeanFactory] Returning cached instance of singleton bean 'org.springframework.context.annotation.internalConfigurationAnnotationProcessor'
2016-02-03 20:14:45,912 DEBUG   main [org.springframework.beans.factory.support.DefaultListableBeanFactory] Returning cached instance of singleton bean 'org.springframework.context.annotation.internalAutowiredAnnotationProcessor'
2016-02-03 20:14:45,912 DEBUG   main [org.springframework.beans.factory.support.DefaultListableBeanFactory] Returning cached instance of singleton bean 'org.springframework.context.annotation.internalRequiredAnnotationProcessor'
2016-02-03 20:14:45,912 DEBUG   main [org.springframework.beans.factory.support.DefaultListableBeanFactory] Returning cached instance of singleton bean 'org.springframework.context.annotation.internalCommonAnnotationProcessor'
2016-02-03 20:14:45,912 DEBUG   main [org.springframework.beans.factory.support.DefaultListableBeanFactory] Returning cached instance of singleton bean 'simpleDirContextAuthenticationStrategy'
2016-02-03 20:14:45,913 DEBUG   main [org.springframework.beans.factory.support.DefaultListableBeanFactory] Creating shared instance of singleton bean 'userReposImpl'
2016-02-03 20:14:45,913 DEBUG   main [org.springframework.beans.factory.support.DefaultListableBeanFactory] Creating instance of bean 'userReposImpl'
2016-02-03 20:14:45,915 DEBUG   main [org.springframework.beans.factory.annotation.InjectionMetadata] Registered injected element on class [ldap.advance.example.UserRepositoryImpl]: AutowiredFieldElement for private org.springframework.ldap.core.LdapTemplate ldap.advance.example.UserRepositoryImpl.ldapTemplate
2016-02-03 20:14:45,915 DEBUG   main [org.springframework.beans.factory.support.DefaultListableBeanFactory] Eagerly caching bean 'userReposImpl' to allow for resolving potential circular references
2016-02-03 20:14:45,915 DEBUG   main [org.springframework.beans.factory.annotation.InjectionMetadata] Processing injected element of bean 'userReposImpl': AutowiredFieldElement for private org.springframework.ldap.core.LdapTemplate ldap.advance.example.UserRepositoryImpl.ldapTemplate
2016-02-03 20:14:45,916 DEBUG   main [org.springframework.beans.factory.support.DefaultListableBeanFactory] Returning cached instance of singleton bean 'ldapTemplate'
2016-02-03 20:14:45,916 DEBUG   main [org.springframework.beans.factory.annotation.AutowiredAnnotationBeanPostProcessor] Autowiring by type from bean name 'userReposImpl' to bean named 'ldapTemplate'
2016-02-03 20:14:45,917 DEBUG   main [org.springframework.beans.factory.support.DefaultListableBeanFactory] Finished creating instance of bean 'userReposImpl'
2016-02-03 20:14:45,917 DEBUG   main [org.springframework.beans.factory.support.DefaultListableBeanFactory] Returning cached instance of singleton bean 'contextSource'
2016-02-03 20:14:45,917 DEBUG   main [org.springframework.beans.factory.support.DefaultListableBeanFactory] Returning cached instance of singleton bean 'ldapTemplate'
2016-02-03 20:14:45,917 DEBUG   main [org.springframework.beans.factory.support.DefaultListableBeanFactory] Returning cached instance of singleton bean 'org.springframework.context.annotation.ConfigurationClassPostProcessor.importAwareProcessor'
2016-02-03 20:14:45,917 DEBUG   main [org.springframework.beans.factory.support.DefaultListableBeanFactory] Returning cached instance of singleton bean 'org.springframework.context.annotation.ConfigurationClassPostProcessor.enhancedConfigurationProcessor'
2016-02-03 20:14:45,920 DEBUG   main [org.springframework.context.support.ClassPathXmlApplicationContext] Unable to locate LifecycleProcessor with name 'lifecycleProcessor': using default [org.springframework.context.support.DefaultLifecycleProcessor@14f94672]
2016-02-03 20:14:45,921 DEBUG   main [org.springframework.beans.factory.support.DefaultListableBeanFactory] Returning cached instance of singleton bean 'lifecycleProcessor'
2016-02-03 20:14:45,923 TRACE   main [org.springframework.context.support.ClassPathXmlApplicationContext] Publishing event in org.springframework.context.support.ClassPathXmlApplicationContext@89ec211: org.springframework.context.event.ContextRefreshedEvent[source=org.springframework.context.support.ClassPathXmlApplicationContext@89ec211: startup date [Wed Feb 03 20:14:44 EST 2016]; root of context hierarchy]
2016-02-03 20:14:45,931 TRACE   main [org.springframework.core.env.PropertySourcesPropertyResolver] getProperty("spring.liveBeansView.mbeanDomain", String)
2016-02-03 20:14:45,932 DEBUG   main [org.springframework.core.env.PropertySourcesPropertyResolver] Searching for key 'spring.liveBeansView.mbeanDomain' in [systemProperties]
2016-02-03 20:14:45,932 DEBUG   main [org.springframework.core.env.PropertySourcesPropertyResolver] Searching for key 'spring.liveBeansView.mbeanDomain' in [systemEnvironment]
2016-02-03 20:14:45,932 DEBUG   main [org.springframework.core.env.PropertySourcesPropertyResolver] Could not find key 'spring.liveBeansView.mbeanDomain' in any property source. Returning [null]
2016-02-03 20:14:45,933 INFO   main [ldap.advance.example.test.LdapApp] Test started at Wed Feb 03 20:14:44 EST 2016
2016-02-03 20:14:45,933 DEBUG   main [org.springframework.beans.factory.support.DefaultListableBeanFactory] Returning cached instance of singleton bean 'userReposImpl'
2016-02-03 20:14:45,933 INFO   main [ldap.advance.example.UserRepositoryImpl] executing {createUser}
2016-02-03 20:17:19,080 DEBUG   main [org.springframework.core.env.StandardEnvironment] Adding [systemProperties] PropertySource with lowest search precedence
2016-02-03 20:17:19,088 DEBUG   main [org.springframework.core.env.StandardEnvironment] Adding [systemEnvironment] PropertySource with lowest search precedence
2016-02-03 20:17:19,089 DEBUG   main [org.springframework.core.env.StandardEnvironment] Initialized StandardEnvironment with PropertySources [systemProperties,systemEnvironment]
2016-02-03 20:17:19,095 INFO   main [org.springframework.context.support.ClassPathXmlApplicationContext] Refreshing org.springframework.context.support.ClassPathXmlApplicationContext@6ed6ee82: startup date [Wed Feb 03 20:17:19 EST 2016]; root of context hierarchy
2016-02-03 20:17:19,186 DEBUG   main [org.springframework.core.env.StandardEnvironment] Adding [systemProperties] PropertySource with lowest search precedence
2016-02-03 20:17:19,186 DEBUG   main [org.springframework.core.env.StandardEnvironment] Adding [systemEnvironment] PropertySource with lowest search precedence
2016-02-03 20:17:19,187 DEBUG   main [org.springframework.core.env.StandardEnvironment] Initialized StandardEnvironment with PropertySources [systemProperties,systemEnvironment]
2016-02-03 20:17:19,233 INFO   main [org.springframework.beans.factory.xml.XmlBeanDefinitionReader] Loading XML bean definitions from class path resource [spring-ldap-example.xml]
2016-02-03 20:17:19,238 DEBUG   main [org.springframework.beans.factory.xml.DefaultDocumentLoader] Using JAXP provider [com.sun.org.apache.xerces.internal.jaxp.DocumentBuilderFactoryImpl]
2016-02-03 20:17:19,296 TRACE   main [org.springframework.beans.factory.xml.PluggableSchemaResolver] Trying to resolve XML entity with public id [null] and system id [http://www.springframework.org/schema/beans/spring-beans.xsd]
2016-02-03 20:17:19,297 DEBUG   main [org.springframework.beans.factory.xml.PluggableSchemaResolver] Loading schema mappings from [META-INF/spring.schemas]
2016-02-03 20:17:19,331 DEBUG   main [org.springframework.beans.factory.xml.PluggableSchemaResolver] Loaded schema mappings: {http://www.springframework.org/schema/tx/spring-tx-2.5.xsd=org/springframework/transaction/config/spring-tx-2.5.xsd, http://www.springframework.org/schema/cache/spring-cache-4.2.xsd=org/springframework/cache/config/spring-cache-4.2.xsd, http://www.springframework.org/schema/aop/spring-aop-4.1.xsd=org/springframework/aop/config/spring-aop-4.1.xsd, http://www.springframework.org/schema/context/spring-context-3.1.xsd=org/springframework/context/config/spring-context-3.1.xsd, http://www.springframework.org/schema/data/repository/spring-repository-1.4.xsd=org/springframework/data/repository/config/spring-repository-1.4.xsd, http://www.springframework.org/schema/util/spring-util-3.0.xsd=org/springframework/beans/factory/xml/spring-util-3.0.xsd, http://www.springframework.org/schema/tool/spring-tool.xsd=org/springframework/beans/factory/xml/spring-tool-4.2.xsd, http://www.springframework.org/schema/aop/spring-aop-3.2.xsd=org/springframework/aop/config/spring-aop-3.2.xsd, http://www.springframework.org/schema/lang/spring-lang-4.1.xsd=org/springframework/scripting/config/spring-lang-4.1.xsd, http://www.springframework.org/schema/context/spring-context-4.0.xsd=org/springframework/context/config/spring-context-4.0.xsd, http://www.springframework.org/schema/beans/spring-beans-4.2.xsd=org/springframework/beans/factory/xml/spring-beans-4.2.xsd, http://www.springframework.org/schema/tool/spring-tool-4.1.xsd=org/springframework/beans/factory/xml/spring-tool-4.1.xsd, http://www.springframework.org/schema/lang/spring-lang-3.2.xsd=org/springframework/scripting/config/spring-lang-3.2.xsd, http://www.springframework.org/schema/cache/spring-cache-3.2.xsd=org/springframework/cache/config/spring-cache-3.2.xsd, http://www.springframework.org/schema/jee/spring-jee-4.1.xsd=org/springframework/ejb/config/spring-jee-4.1.xsd, http://www.springframework.org/schema/task/spring-task-4.2.xsd=org/springframework/scheduling/config/spring-task-4.2.xsd, http://www.springframework.org/schema/util/spring-util-2.0.xsd=org/springframework/beans/factory/xml/spring-util-2.0.xsd, http://www.springframework.org/schema/tool/spring-tool-3.2.xsd=org/springframework/beans/factory/xml/spring-tool-3.2.xsd, http://www.springframework.org/schema/context/spring-context.xsd=org/springframework/context/config/spring-context-4.2.xsd, http://www.springframework.org/schema/tx/spring-tx-4.2.xsd=org/springframework/transaction/config/spring-tx-4.2.xsd, http://www.springframework.org/schema/cache/spring-cache-4.1.xsd=org/springframework/cache/config/spring-cache-4.1.xsd, http://www.springframework.org/schema/aop/spring-aop-4.0.xsd=org/springframework/aop/config/spring-aop-4.0.xsd, http://www.springframework.org/schema/jee/spring-jee-3.2.xsd=org/springframework/ejb/config/spring-jee-3.2.xsd, http://www.springframework.org/schema/context/spring-context-3.0.xsd=org/springframework/context/config/spring-context-3.0.xsd, http://www.springframework.org/schema/util/spring-util-2.5.xsd=org/springframework/beans/factory/xml/spring-util-2.5.xsd, http://www.springframework.org/schema/beans/spring-beans-3.2.xsd=org/springframework/beans/factory/xml/spring-beans-3.2.xsd, http://www.springframework.org/schema/aop/spring-aop-3.1.xsd=org/springframework/aop/config/spring-aop-3.1.xsd, http://www.springframework.org/schema/ldap/spring-ldap-2.0.xsd=org/springframework/ldap/config/spring-ldap-2.0.xsd, http://www.springframework.org/schema/lang/spring-lang-4.0.xsd=org/springframework/scripting/config/spring-lang-4.0.xsd, http://www.springframework.org/schema/beans/spring-beans-4.1.xsd=org/springframework/beans/factory/xml/spring-beans-4.1.xsd, http://www.springframework.org/schema/tool/spring-tool-4.0.xsd=org/springframework/beans/factory/xml/spring-tool-4.0.xsd, http://www.springframework.org/schema/tx/spring-tx-3.2.xsd=org/springframework/transaction/config/spring-tx-3.2.xsd, http://www.springframework.org/schema/lang/spring-lang-3.1.xsd=org/springframework/scripting/config/spring-lang-3.1.xsd, http://www.springframework.org/schema/cache/spring-cache-3.1.xsd=org/springframework/cache/config/spring-cache-3.1.xsd, http://www.springframework.org/schema/jee/spring-jee-4.0.xsd=org/springframework/ejb/config/spring-jee-4.0.xsd, http://www.springframework.org/schema/task/spring-task-4.1.xsd=org/springframework/scheduling/config/spring-task-4.1.xsd, http://www.springframework.org/schema/tool/spring-tool-3.1.xsd=org/springframework/beans/factory/xml/spring-tool-3.1.xsd, http://www.springframework.org/schema/tx/spring-tx-4.1.xsd=org/springframework/transaction/config/spring-tx-4.1.xsd, http://www.springframework.org/schema/cache/spring-cache-4.0.xsd=org/springframework/cache/config/spring-cache-4.0.xsd, http://www.springframework.org/schema/jee/spring-jee-3.1.xsd=org/springframework/ejb/config/spring-jee-3.1.xsd, http://www.springframework.org/schema/task/spring-task-3.2.xsd=org/springframework/scheduling/config/spring-task-3.2.xsd, http://www.springframework.org/schema/util/spring-util-4.2.xsd=org/springframework/beans/factory/xml/spring-util-4.2.xsd, http://www.springframework.org/schema/beans/spring-beans-3.1.xsd=org/springframework/beans/factory/xml/spring-beans-3.1.xsd, http://www.springframework.org/schema/util/spring-util.xsd=org/springframework/beans/factory/xml/spring-util-4.2.xsd, http://www.springframework.org/schema/aop/spring-aop-3.0.xsd=org/springframework/aop/config/spring-aop-3.0.xsd, http://www.springframework.org/schema/data/repository/spring-repository.xsd=org/springframework/data/repository/config/spring-repository-1.7.xsd, http://www.springframework.org/schema/data/repository/spring-repository-1.7.xsd=org/springframework/data/repository/config/spring-repository-1.7.xsd, http://www.springframework.org/schema/ldap/spring-ldap.xsd=org/springframework/ldap/config/spring-ldap-2.0.xsd, http://www.springframework.org/schema/beans/spring-beans-4.0.xsd=org/springframework/beans/factory/xml/spring-beans-4.0.xsd, http://www.springframework.org/schema/beans/spring-beans.xsd=org/springframework/beans/factory/xml/spring-beans-4.2.xsd, http://www.springframework.org/schema/tx/spring-tx-3.1.xsd=org/springframework/transaction/config/spring-tx-3.1.xsd, http://www.springframework.org/schema/lang/spring-lang-3.0.xsd=org/springframework/scripting/config/spring-lang-3.0.xsd, http://www.springframework.org/schema/context/spring-context-2.5.xsd=org/springframework/context/config/spring-context-2.5.xsd, http://www.springframework.org/schema/task/spring-task-4.0.xsd=org/springframework/scheduling/config/spring-task-4.0.xsd, http://www.springframework.org/schema/tool/spring-tool-3.0.xsd=org/springframework/beans/factory/xml/spring-tool-3.0.xsd, http://www.springframework.org/schema/tx/spring-tx-4.0.xsd=org/springframework/transaction/config/spring-tx-4.0.xsd, http://www.springframework.org/schema/aop/spring-aop-2.0.xsd=org/springframework/aop/config/spring-aop-2.0.xsd, http://www.springframework.org/schema/jee/spring-jee-3.0.xsd=org/springframework/ejb/config/spring-jee-3.0.xsd, http://www.springframework.org/schema/util/spring-util-4.1.xsd=org/springframework/beans/factory/xml/spring-util-4.1.xsd, http://www.springframework.org/schema/task/spring-task-3.1.xsd=org/springframework/scheduling/config/spring-task-3.1.xsd, http://www.springframework.org/schema/beans/spring-beans-3.0.xsd=org/springframework/beans/factory/xml/spring-beans-3.0.xsd, http://www.springframework.org/schema/jee/spring-jee.xsd=org/springframework/ejb/config/spring-jee-4.2.xsd, http://www.springframework.org/schema/aop/spring-aop-2.5.xsd=org/springframework/aop/config/spring-aop-2.5.xsd, http://www.springframework.org/schema/lang/spring-lang-2.0.xsd=org/springframework/scripting/config/spring-lang-2.0.xsd, http://www.springframework.org/schema/data/repository/spring-repository-1.6.xsd=org/springframework/data/repository/config/spring-repository-1.6.xsd, http://www.springframework.org/schema/util/spring-util-3.2.xsd=org/springframework/beans/factory/xml/spring-util-3.2.xsd, http://www.springframework.org/schema/task/spring-task.xsd=org/springframework/scheduling/config/spring-task-4.2.xsd, http://www.springframework.org/schema/tool/spring-tool-2.0.xsd=org/springframework/beans/factory/xml/spring-tool-2.0.xsd, http://www.springframework.org/schema/tx/spring-tx-3.0.xsd=org/springframework/transaction/config/spring-tx-3.0.xsd, http://www.springframework.org/schema/lang/spring-lang-2.5.xsd=org/springframework/scripting/config/spring-lang-2.5.xsd, http://www.springframework.org/schema/context/spring-context-4.2.xsd=org/springframework/context/config/spring-context-4.2.xsd, http://www.springframework.org/schema/jee/spring-jee-2.0.xsd=org/springframework/ejb/config/spring-jee-2.0.xsd, http://www.springframework.org/schema/tool/spring-tool-2.5.xsd=org/springframework/beans/factory/xml/spring-tool-2.5.xsd, http://www.springframework.org/schema/jee/spring-jee-2.5.xsd=org/springframework/ejb/config/spring-jee-2.5.xsd, http://www.springframework.org/schema/data/repository/spring-repository-1.0.xsd=org/springframework/data/repository/config/spring-repository-1.0.xsd, http://www.springframework.org/schema/util/spring-util-4.0.xsd=org/springframework/beans/factory/xml/spring-util-4.0.xsd, http://www.springframework.org/schema/task/spring-task-3.0.xsd=org/springframework/scheduling/config/spring-task-3.0.xsd, http://www.springframework.org/schema/aop/spring-aop-4.2.xsd=org/springframework/aop/config/spring-aop-4.2.xsd, http://www.springframework.org/schema/lang/spring-lang.xsd=org/springframework/scripting/config/spring-lang-4.2.xsd, http://www.springframework.org/schema/context/spring-context-3.2.xsd=org/springframework/context/config/spring-context-3.2.xsd, http://www.springframework.org/schema/data/repository/spring-repository-1.5.xsd=org/springframework/data/repository/config/spring-repository-1.5.xsd, http://www.springframework.org/schema/util/spring-util-3.1.xsd=org/springframework/beans/factory/xml/spring-util-3.1.xsd, http://www.springframework.org/schema/beans/spring-beans-2.0.xsd=org/springframework/beans/factory/xml/spring-beans-2.0.xsd, http://www.springframework.org/schema/cache/spring-cache.xsd=org/springframework/cache/config/spring-cache-4.2.xsd, http://www.springframework.org/schema/tx/spring-tx.xsd=org/springframework/transaction/config/spring-tx-4.2.xsd, http://www.springframework.org/schema/lang/spring-lang-4.2.xsd=org/springframework/scripting/config/spring-lang-4.2.xsd, http://www.springframework.org/schema/context/spring-context-4.1.xsd=org/springframework/context/config/spring-context-4.1.xsd, http://www.springframework.org/schema/beans/spring-beans-2.5.xsd=org/springframework/beans/factory/xml/spring-beans-2.5.xsd, http://www.springframework.org/schema/tool/spring-tool-4.2.xsd=org/springframework/beans/factory/xml/spring-tool-4.2.xsd, http://www.springframework.org/schema/tx/spring-tx-2.0.xsd=org/springframework/transaction/config/spring-tx-2.0.xsd, http://www.springframework.org/schema/jee/spring-jee-4.2.xsd=org/springframework/ejb/config/spring-jee-4.2.xsd, http://www.springframework.org/schema/aop/spring-aop.xsd=org/springframework/aop/config/spring-aop-4.2.xsd}
2016-02-03 20:17:19,347 DEBUG   main [org.springframework.beans.factory.xml.PluggableSchemaResolver] Found XML schema [http://www.springframework.org/schema/beans/spring-beans.xsd] in classpath: org/springframework/beans/factory/xml/spring-beans-4.2.xsd
2016-02-03 20:17:19,490 TRACE   main [org.springframework.beans.factory.xml.PluggableSchemaResolver] Trying to resolve XML entity with public id [null] and system id [http://www.springframework.org/schema/context/spring-context.xsd]
2016-02-03 20:17:19,495 DEBUG   main [org.springframework.beans.factory.xml.PluggableSchemaResolver] Found XML schema [http://www.springframework.org/schema/context/spring-context.xsd] in classpath: org/springframework/context/config/spring-context-4.2.xsd
2016-02-03 20:17:19,530 TRACE   main [org.springframework.beans.factory.xml.PluggableSchemaResolver] Trying to resolve XML entity with public id [null] and system id [http://www.springframework.org/schema/tool/spring-tool-4.2.xsd]
2016-02-03 20:17:19,536 DEBUG   main [org.springframework.beans.factory.xml.PluggableSchemaResolver] Found XML schema [http://www.springframework.org/schema/tool/spring-tool-4.2.xsd] in classpath: org/springframework/beans/factory/xml/spring-tool-4.2.xsd
2016-02-03 20:17:19,560 TRACE   main [org.springframework.beans.factory.xml.PluggableSchemaResolver] Trying to resolve XML entity with public id [null] and system id [http://www.springframework.org/schema/ldap/spring-ldap.xsd]
2016-02-03 20:17:19,570 DEBUG   main [org.springframework.beans.factory.xml.PluggableSchemaResolver] Found XML schema [http://www.springframework.org/schema/ldap/spring-ldap.xsd] in classpath: org/springframework/ldap/config/spring-ldap-2.0.xsd
2016-02-03 20:17:19,618 TRACE   main [org.springframework.beans.factory.xml.PluggableSchemaResolver] Trying to resolve XML entity with public id [null] and system id [http://www.springframework.org/schema/data/repository/spring-repository.xsd]
2016-02-03 20:17:19,620 DEBUG   main [org.springframework.beans.factory.xml.PluggableSchemaResolver] Found XML schema [http://www.springframework.org/schema/data/repository/spring-repository.xsd] in classpath: org/springframework/data/repository/config/spring-repository-1.7.xsd
2016-02-03 20:17:19,692 DEBUG   main [org.springframework.beans.factory.xml.DefaultBeanDefinitionDocumentReader] Loading bean definitions
2016-02-03 20:17:19,768 DEBUG   main [org.springframework.beans.factory.xml.DefaultNamespaceHandlerResolver] Loaded NamespaceHandler mappings: {http://www.springframework.org/schema/p=org.springframework.beans.factory.xml.SimplePropertyNamespaceHandler, http://www.springframework.org/schema/util=org.springframework.beans.factory.xml.UtilNamespaceHandler, http://www.springframework.org/schema/jee=org.springframework.ejb.config.JeeNamespaceHandler, http://www.springframework.org/schema/aop=org.springframework.aop.config.AopNamespaceHandler, http://www.springframework.org/schema/data/repository=org.springframework.data.repository.config.RepositoryNameSpaceHandler, http://www.springframework.org/schema/cache=org.springframework.cache.config.CacheNamespaceHandler, http://www.springframework.org/schema/c=org.springframework.beans.factory.xml.SimpleConstructorNamespaceHandler, http://www.springframework.org/schema/ldap=org.springframework.ldap.config.LdapNamespaceHandler, http://www.springframework.org/schema/tx=org.springframework.transaction.config.TxNamespaceHandler, http://www.springframework.org/schema/task=org.springframework.scheduling.config.TaskNamespaceHandler, http://www.springframework.org/schema/lang=org.springframework.scripting.config.LangNamespaceHandler, http://www.springframework.org/schema/context=org.springframework.context.config.ContextNamespaceHandler}
2016-02-03 20:17:19,826 DEBUG   main [org.springframework.core.env.StandardEnvironment] Adding [systemProperties] PropertySource with lowest search precedence
2016-02-03 20:17:19,827 DEBUG   main [org.springframework.core.env.StandardEnvironment] Adding [systemEnvironment] PropertySource with lowest search precedence
2016-02-03 20:17:19,827 DEBUG   main [org.springframework.core.env.StandardEnvironment] Initialized StandardEnvironment with PropertySources [systemProperties,systemEnvironment]
2016-02-03 20:17:19,870 DEBUG   main [org.springframework.core.io.support.PathMatchingResourcePatternResolver] Looking for matching resources in directory tree [C:\Eclipse\workspace\spring-ldap-example\bin\ldap\advance\example]
2016-02-03 20:17:19,874 DEBUG   main [org.springframework.core.io.support.PathMatchingResourcePatternResolver] Searching directory [C:\Eclipse\workspace\spring-ldap-example\bin\ldap\advance\example] for files matching pattern [C:/Eclipse/workspace/spring-ldap-example/bin/ldap/advance/example/**/*.class]
2016-02-03 20:17:19,882 DEBUG   main [org.springframework.core.io.support.PathMatchingResourcePatternResolver] Searching directory [C:\Eclipse\workspace\spring-ldap-example\bin\ldap\advance\example\test] for files matching pattern [C:/Eclipse/workspace/spring-ldap-example/bin/ldap/advance/example/**/*.class]
2016-02-03 20:17:19,889 DEBUG   main [org.springframework.core.io.support.PathMatchingResourcePatternResolver] Resolved location pattern [classpath*:ldap/advance/example/**/*.class] to resources [file [C:\Eclipse\workspace\spring-ldap-example\bin\ldap\advance\example\test\LdapApp.class], file [C:\Eclipse\workspace\spring-ldap-example\bin\ldap\advance\example\User.class], file [C:\Eclipse\workspace\spring-ldap-example\bin\ldap\advance\example\UserRepositoryImpl$MultipleAttributesMapper.class], file [C:\Eclipse\workspace\spring-ldap-example\bin\ldap\advance\example\UserRepositoryImpl$SingleAttributesMapper.class], file [C:\Eclipse\workspace\spring-ldap-example\bin\ldap\advance\example\UserRepositoryImpl$UserAttributesMapper.class], file [C:\Eclipse\workspace\spring-ldap-example\bin\ldap\advance\example\UserRepositoryImpl.class], file [C:\Eclipse\workspace\spring-ldap-example\bin\ldap\advance\example\UserRepositoryIntf.class]]
2016-02-03 20:17:19,889 TRACE   main [org.springframework.context.annotation.ClassPathBeanDefinitionScanner] Scanning file [C:\Eclipse\workspace\spring-ldap-example\bin\ldap\advance\example\test\LdapApp.class]
2016-02-03 20:17:19,944 TRACE   main [org.springframework.context.annotation.ClassPathBeanDefinitionScanner] Ignored because not matching any filter: file [C:\Eclipse\workspace\spring-ldap-example\bin\ldap\advance\example\test\LdapApp.class]
2016-02-03 20:17:19,944 TRACE   main [org.springframework.context.annotation.ClassPathBeanDefinitionScanner] Scanning file [C:\Eclipse\workspace\spring-ldap-example\bin\ldap\advance\example\User.class]
2016-02-03 20:17:19,945 TRACE   main [org.springframework.context.annotation.ClassPathBeanDefinitionScanner] Ignored because not matching any filter: file [C:\Eclipse\workspace\spring-ldap-example\bin\ldap\advance\example\User.class]
2016-02-03 20:17:19,945 TRACE   main [org.springframework.context.annotation.ClassPathBeanDefinitionScanner] Scanning file [C:\Eclipse\workspace\spring-ldap-example\bin\ldap\advance\example\UserRepositoryImpl$MultipleAttributesMapper.class]
2016-02-03 20:17:19,946 TRACE   main [org.springframework.context.annotation.ClassPathBeanDefinitionScanner] Ignored because not matching any filter: file [C:\Eclipse\workspace\spring-ldap-example\bin\ldap\advance\example\UserRepositoryImpl$MultipleAttributesMapper.class]
2016-02-03 20:17:19,946 TRACE   main [org.springframework.context.annotation.ClassPathBeanDefinitionScanner] Scanning file [C:\Eclipse\workspace\spring-ldap-example\bin\ldap\advance\example\UserRepositoryImpl$SingleAttributesMapper.class]
2016-02-03 20:17:19,947 TRACE   main [org.springframework.context.annotation.ClassPathBeanDefinitionScanner] Ignored because not matching any filter: file [C:\Eclipse\workspace\spring-ldap-example\bin\ldap\advance\example\UserRepositoryImpl$SingleAttributesMapper.class]
2016-02-03 20:17:19,947 TRACE   main [org.springframework.context.annotation.ClassPathBeanDefinitionScanner] Scanning file [C:\Eclipse\workspace\spring-ldap-example\bin\ldap\advance\example\UserRepositoryImpl$UserAttributesMapper.class]
2016-02-03 20:17:19,948 TRACE   main [org.springframework.context.annotation.ClassPathBeanDefinitionScanner] Ignored because not matching any filter: file [C:\Eclipse\workspace\spring-ldap-example\bin\ldap\advance\example\UserRepositoryImpl$UserAttributesMapper.class]
2016-02-03 20:17:19,948 TRACE   main [org.springframework.context.annotation.ClassPathBeanDefinitionScanner] Scanning file [C:\Eclipse\workspace\spring-ldap-example\bin\ldap\advance\example\UserRepositoryImpl.class]
2016-02-03 20:17:19,981 DEBUG   main [org.springframework.context.annotation.ClassPathBeanDefinitionScanner] Identified candidate component class: file [C:\Eclipse\workspace\spring-ldap-example\bin\ldap\advance\example\UserRepositoryImpl.class]
2016-02-03 20:17:19,981 TRACE   main [org.springframework.context.annotation.ClassPathBeanDefinitionScanner] Scanning file [C:\Eclipse\workspace\spring-ldap-example\bin\ldap\advance\example\UserRepositoryIntf.class]
2016-02-03 20:17:19,992 TRACE   main [org.springframework.context.annotation.ClassPathBeanDefinitionScanner] Ignored because not matching any filter: file [C:\Eclipse\workspace\spring-ldap-example\bin\ldap\advance\example\UserRepositoryIntf.class]
2016-02-03 20:17:20,084 DEBUG   main [org.springframework.beans.factory.xml.XmlBeanDefinitionReader] Loaded 9 bean definitions from location pattern [spring-ldap-example.xml]
2016-02-03 20:17:20,084 DEBUG   main [org.springframework.context.support.ClassPathXmlApplicationContext] Bean factory for org.springframework.context.support.ClassPathXmlApplicationContext@6ed6ee82: org.springframework.beans.factory.support.DefaultListableBeanFactory@56a45c4: defining beans [userRepositoryImpl,org.springframework.context.annotation.internalConfigurationAnnotationProcessor,org.springframework.context.annotation.internalAutowiredAnnotationProcessor,org.springframework.context.annotation.internalRequiredAnnotationProcessor,org.springframework.context.annotation.internalCommonAnnotationProcessor,simpleDirContextAuthenticationStrategy,userReposImpl,contextSource,ldapTemplate]; root of factory hierarchy
2016-02-03 20:17:20,143 DEBUG   main [org.springframework.beans.factory.support.DefaultListableBeanFactory] Creating shared instance of singleton bean 'org.springframework.context.annotation.internalConfigurationAnnotationProcessor'
2016-02-03 20:17:20,143 DEBUG   main [org.springframework.beans.factory.support.DefaultListableBeanFactory] Creating instance of bean 'org.springframework.context.annotation.internalConfigurationAnnotationProcessor'
2016-02-03 20:17:20,168 DEBUG   main [org.springframework.beans.factory.support.DefaultListableBeanFactory] Eagerly caching bean 'org.springframework.context.annotation.internalConfigurationAnnotationProcessor' to allow for resolving potential circular references
2016-02-03 20:17:20,171 DEBUG   main [org.springframework.beans.factory.support.DefaultListableBeanFactory] Finished creating instance of bean 'org.springframework.context.annotation.internalConfigurationAnnotationProcessor'
2016-02-03 20:17:20,247 DEBUG   main [org.springframework.beans.factory.support.DefaultListableBeanFactory] Creating shared instance of singleton bean 'org.springframework.context.annotation.internalAutowiredAnnotationProcessor'
2016-02-03 20:17:20,247 DEBUG   main [org.springframework.beans.factory.support.DefaultListableBeanFactory] Creating instance of bean 'org.springframework.context.annotation.internalAutowiredAnnotationProcessor'
2016-02-03 20:17:20,249 DEBUG   main [org.springframework.beans.factory.support.DefaultListableBeanFactory] Eagerly caching bean 'org.springframework.context.annotation.internalAutowiredAnnotationProcessor' to allow for resolving potential circular references
2016-02-03 20:17:20,249 DEBUG   main [org.springframework.beans.factory.support.DefaultListableBeanFactory] Finished creating instance of bean 'org.springframework.context.annotation.internalAutowiredAnnotationProcessor'
2016-02-03 20:17:20,249 DEBUG   main [org.springframework.beans.factory.support.DefaultListableBeanFactory] Creating shared instance of singleton bean 'org.springframework.context.annotation.internalRequiredAnnotationProcessor'
2016-02-03 20:17:20,249 DEBUG   main [org.springframework.beans.factory.support.DefaultListableBeanFactory] Creating instance of bean 'org.springframework.context.annotation.internalRequiredAnnotationProcessor'
2016-02-03 20:17:20,258 DEBUG   main [org.springframework.beans.factory.support.DefaultListableBeanFactory] Eagerly caching bean 'org.springframework.context.annotation.internalRequiredAnnotationProcessor' to allow for resolving potential circular references
2016-02-03 20:17:20,258 DEBUG   main [org.springframework.beans.factory.support.DefaultListableBeanFactory] Finished creating instance of bean 'org.springframework.context.annotation.internalRequiredAnnotationProcessor'
2016-02-03 20:17:20,258 DEBUG   main [org.springframework.beans.factory.support.DefaultListableBeanFactory] Creating shared instance of singleton bean 'org.springframework.context.annotation.internalCommonAnnotationProcessor'
2016-02-03 20:17:20,259 DEBUG   main [org.springframework.beans.factory.support.DefaultListableBeanFactory] Creating instance of bean 'org.springframework.context.annotation.internalCommonAnnotationProcessor'
2016-02-03 20:17:20,263 DEBUG   main [org.springframework.beans.factory.support.DefaultListableBeanFactory] Eagerly caching bean 'org.springframework.context.annotation.internalCommonAnnotationProcessor' to allow for resolving potential circular references
2016-02-03 20:17:20,263 DEBUG   main [org.springframework.beans.factory.support.DefaultListableBeanFactory] Finished creating instance of bean 'org.springframework.context.annotation.internalCommonAnnotationProcessor'
2016-02-03 20:17:20,263 DEBUG   main [org.springframework.beans.factory.support.DefaultListableBeanFactory] Creating shared instance of singleton bean 'org.springframework.context.annotation.ConfigurationClassPostProcessor.importAwareProcessor'
2016-02-03 20:17:20,263 DEBUG   main [org.springframework.beans.factory.support.DefaultListableBeanFactory] Creating instance of bean 'org.springframework.context.annotation.ConfigurationClassPostProcessor.importAwareProcessor'
2016-02-03 20:17:20,263 DEBUG   main [org.springframework.beans.factory.support.DefaultListableBeanFactory] Eagerly caching bean 'org.springframework.context.annotation.ConfigurationClassPostProcessor.importAwareProcessor' to allow for resolving potential circular references
2016-02-03 20:17:20,263 DEBUG   main [org.springframework.beans.factory.support.DefaultListableBeanFactory] Finished creating instance of bean 'org.springframework.context.annotation.ConfigurationClassPostProcessor.importAwareProcessor'
2016-02-03 20:17:20,263 DEBUG   main [org.springframework.beans.factory.support.DefaultListableBeanFactory] Creating shared instance of singleton bean 'org.springframework.context.annotation.ConfigurationClassPostProcessor.enhancedConfigurationProcessor'
2016-02-03 20:17:20,263 DEBUG   main [org.springframework.beans.factory.support.DefaultListableBeanFactory] Creating instance of bean 'org.springframework.context.annotation.ConfigurationClassPostProcessor.enhancedConfigurationProcessor'
2016-02-03 20:17:20,264 DEBUG   main [org.springframework.beans.factory.support.DefaultListableBeanFactory] Eagerly caching bean 'org.springframework.context.annotation.ConfigurationClassPostProcessor.enhancedConfigurationProcessor' to allow for resolving potential circular references
2016-02-03 20:17:20,264 DEBUG   main [org.springframework.beans.factory.support.DefaultListableBeanFactory] Finished creating instance of bean 'org.springframework.context.annotation.ConfigurationClassPostProcessor.enhancedConfigurationProcessor'
2016-02-03 20:17:20,268 DEBUG   main [org.springframework.context.support.ClassPathXmlApplicationContext] Unable to locate MessageSource with name 'messageSource': using default [org.springframework.context.support.DelegatingMessageSource@190bf402]
2016-02-03 20:17:20,271 DEBUG   main [org.springframework.context.support.ClassPathXmlApplicationContext] Unable to locate ApplicationEventMulticaster with name 'applicationEventMulticaster': using default [org.springframework.context.event.SimpleApplicationEventMulticaster@1b2090ab]
2016-02-03 20:17:20,272 DEBUG   main [org.springframework.beans.factory.support.DefaultListableBeanFactory] Pre-instantiating singletons in org.springframework.beans.factory.support.DefaultListableBeanFactory@56a45c4: defining beans [userRepositoryImpl,org.springframework.context.annotation.internalConfigurationAnnotationProcessor,org.springframework.context.annotation.internalAutowiredAnnotationProcessor,org.springframework.context.annotation.internalRequiredAnnotationProcessor,org.springframework.context.annotation.internalCommonAnnotationProcessor,simpleDirContextAuthenticationStrategy,userReposImpl,contextSource,ldapTemplate,org.springframework.context.annotation.ConfigurationClassPostProcessor.importAwareProcessor,org.springframework.context.annotation.ConfigurationClassPostProcessor.enhancedConfigurationProcessor]; root of factory hierarchy
2016-02-03 20:17:20,273 DEBUG   main [org.springframework.beans.factory.support.DefaultListableBeanFactory] Creating shared instance of singleton bean 'userRepositoryImpl'
2016-02-03 20:17:20,273 DEBUG   main [org.springframework.beans.factory.support.DefaultListableBeanFactory] Creating instance of bean 'userRepositoryImpl'
2016-02-03 20:17:20,304 DEBUG   main [org.springframework.beans.factory.annotation.InjectionMetadata] Registered injected element on class [ldap.advance.example.UserRepositoryImpl]: AutowiredFieldElement for private org.springframework.ldap.core.LdapTemplate ldap.advance.example.UserRepositoryImpl.ldapTemplate
2016-02-03 20:17:20,304 DEBUG   main [org.springframework.beans.factory.support.DefaultListableBeanFactory] Eagerly caching bean 'userRepositoryImpl' to allow for resolving potential circular references
2016-02-03 20:17:20,312 TRACE   main [org.springframework.core.io.support.SpringFactoriesLoader] Loaded [org.springframework.beans.BeanInfoFactory] names: [org.springframework.beans.ExtendedBeanInfoFactory]
2016-02-03 20:17:20,314 TRACE   main [org.springframework.beans.CachedIntrospectionResults] Getting BeanInfo for class [ldap.advance.example.UserRepositoryImpl]
2016-02-03 20:17:20,320 TRACE   main [org.springframework.beans.CachedIntrospectionResults] Caching PropertyDescriptors for class [ldap.advance.example.UserRepositoryImpl]
2016-02-03 20:17:20,321 TRACE   main [org.springframework.beans.CachedIntrospectionResults] Found bean property 'allUserNames' of type [java.util.List]
2016-02-03 20:17:20,324 TRACE   main [org.springframework.beans.CachedIntrospectionResults] Found bean property 'allUsers' of type [java.util.List]
2016-02-03 20:17:20,324 TRACE   main [org.springframework.beans.CachedIntrospectionResults] Found bean property 'class' of type [java.lang.Class]
2016-02-03 20:17:20,330 DEBUG   main [org.springframework.beans.factory.annotation.InjectionMetadata] Processing injected element of bean 'userRepositoryImpl': AutowiredFieldElement for private org.springframework.ldap.core.LdapTemplate ldap.advance.example.UserRepositoryImpl.ldapTemplate
2016-02-03 20:17:20,357 DEBUG   main [org.springframework.beans.factory.support.DefaultListableBeanFactory] Creating shared instance of singleton bean 'ldapTemplate'
2016-02-03 20:17:20,357 DEBUG   main [org.springframework.beans.factory.support.DefaultListableBeanFactory] Creating instance of bean 'ldapTemplate'
2016-02-03 20:17:20,411 DEBUG   main [org.springframework.beans.factory.support.DefaultListableBeanFactory] Eagerly caching bean 'ldapTemplate' to allow for resolving potential circular references
2016-02-03 20:17:20,412 TRACE   main [org.springframework.beans.CachedIntrospectionResults] Getting BeanInfo for class [org.springframework.ldap.core.LdapTemplate]
2016-02-03 20:17:20,429 TRACE   main [org.springframework.beans.CachedIntrospectionResults] Caching PropertyDescriptors for class [org.springframework.ldap.core.LdapTemplate]
2016-02-03 20:17:20,429 TRACE   main [org.springframework.beans.CachedIntrospectionResults] Found bean property 'class' of type [java.lang.Class]
2016-02-03 20:17:20,429 TRACE   main [org.springframework.beans.CachedIntrospectionResults] Found bean property 'contextSource' of type [org.springframework.ldap.core.ContextSource]
2016-02-03 20:17:20,429 TRACE   main [org.springframework.beans.CachedIntrospectionResults] Found bean property 'defaultCountLimit' of type [int]
2016-02-03 20:17:20,429 TRACE   main [org.springframework.beans.CachedIntrospectionResults] Found bean property 'defaultSearchScope' of type [int]
2016-02-03 20:17:20,430 TRACE   main [org.springframework.beans.CachedIntrospectionResults] Found bean property 'defaultTimeLimit' of type [int]
2016-02-03 20:17:20,431 TRACE   main [org.springframework.beans.CachedIntrospectionResults] Found bean property 'ignoreNameNotFoundException' of type [boolean]
2016-02-03 20:17:20,431 TRACE   main [org.springframework.beans.CachedIntrospectionResults] Found bean property 'ignorePartialResultException' of type [boolean]
2016-02-03 20:17:20,431 TRACE   main [org.springframework.beans.CachedIntrospectionResults] Found bean property 'ignoreSizeLimitExceededException' of type [boolean]
2016-02-03 20:17:20,431 TRACE   main [org.springframework.beans.CachedIntrospectionResults] Found bean property 'objectDirectoryMapper' of type [org.springframework.ldap.odm.core.ObjectDirectoryMapper]
2016-02-03 20:17:20,436 DEBUG   main [org.springframework.beans.factory.support.DefaultListableBeanFactory] Creating shared instance of singleton bean 'contextSource'
2016-02-03 20:17:20,436 DEBUG   main [org.springframework.beans.factory.support.DefaultListableBeanFactory] Creating instance of bean 'contextSource'
2016-02-03 20:17:20,447 DEBUG   main [org.springframework.beans.factory.support.DefaultListableBeanFactory] Creating instance of bean '(inner bean)#1f5ffded'
2016-02-03 20:17:20,493 TRACE   main [org.springframework.beans.CachedIntrospectionResults] Getting BeanInfo for class [org.springframework.ldap.core.support.LdapContextSource]
2016-02-03 20:17:20,503 TRACE   main [org.springframework.beans.CachedIntrospectionResults] Caching PropertyDescriptors for class [org.springframework.ldap.core.support.LdapContextSource]
2016-02-03 20:17:20,504 TRACE   main [org.springframework.beans.CachedIntrospectionResults] Found bean property 'anonymousReadOnly' of type [boolean]
2016-02-03 20:17:20,504 TRACE   main [org.springframework.beans.CachedIntrospectionResults] Found bean property 'authenticationSource' of type [org.springframework.ldap.core.AuthenticationSource]
2016-02-03 20:17:20,504 TRACE   main [org.springframework.beans.CachedIntrospectionResults] Found bean property 'authenticationStrategy' of type [org.springframework.ldap.core.support.DirContextAuthenticationStrategy]
2016-02-03 20:17:20,504 TRACE   main [org.springframework.beans.CachedIntrospectionResults] Found bean property 'base' of type [java.lang.String]
2016-02-03 20:17:20,504 TRACE   main [org.springframework.beans.CachedIntrospectionResults] Found bean property 'baseEnvironmentProperties' of type [java.util.Map]
2016-02-03 20:17:20,505 TRACE   main [org.springframework.beans.CachedIntrospectionResults] Found bean property 'baseLdapName' of type [javax.naming.ldap.LdapName]
2016-02-03 20:17:20,509 TRACE   main [org.springframework.beans.CachedIntrospectionResults] Found bean property 'baseLdapPath' of type [org.springframework.ldap.core.DistinguishedName]
2016-02-03 20:17:20,510 TRACE   main [org.springframework.beans.CachedIntrospectionResults] Found bean property 'baseLdapPathAsString' of type [java.lang.String]
2016-02-03 20:17:20,511 TRACE   main [org.springframework.beans.CachedIntrospectionResults] Found bean property 'cacheEnvironmentProperties' of type [boolean]
2016-02-03 20:17:20,511 TRACE   main [org.springframework.beans.CachedIntrospectionResults] Found bean property 'class' of type [java.lang.Class]
2016-02-03 20:17:20,511 TRACE   main [org.springframework.beans.CachedIntrospectionResults] Found bean property 'contextFactory' of type [java.lang.Class]
2016-02-03 20:17:20,512 TRACE   main [org.springframework.beans.CachedIntrospectionResults] Found bean property 'dirObjectFactory' of type [java.lang.Class]
2016-02-03 20:17:20,512 TRACE   main [org.springframework.beans.CachedIntrospectionResults] Found bean property 'password' of type [java.lang.String]
2016-02-03 20:17:20,512 TRACE   main [org.springframework.beans.CachedIntrospectionResults] Found bean property 'pooled' of type [boolean]
2016-02-03 20:17:20,512 TRACE   main [org.springframework.beans.CachedIntrospectionResults] Found bean property 'readOnlyContext' of type [javax.naming.directory.DirContext]
2016-02-03 20:17:20,513 TRACE   main [org.springframework.beans.CachedIntrospectionResults] Found bean property 'readWriteContext' of type [javax.naming.directory.DirContext]
2016-02-03 20:17:20,513 TRACE   main [org.springframework.beans.CachedIntrospectionResults] Found bean property 'referral' of type [java.lang.String]
2016-02-03 20:17:20,513 TRACE   main [org.springframework.beans.CachedIntrospectionResults] Found bean property 'url' of type [java.lang.String]
2016-02-03 20:17:20,513 TRACE   main [org.springframework.beans.CachedIntrospectionResults] Found bean property 'urls' of type [[Ljava.lang.String;]
2016-02-03 20:17:20,513 TRACE   main [org.springframework.beans.CachedIntrospectionResults] Found bean property 'userDn' of type [java.lang.String]
2016-02-03 20:17:20,540 DEBUG   main [org.springframework.beans.factory.support.DefaultListableBeanFactory] Creating instance of bean '(inner bean)#6c7733eb'
2016-02-03 20:17:20,547 TRACE   main [org.springframework.beans.CachedIntrospectionResults] Getting BeanInfo for class [[Ljava.lang.String;]
2016-02-03 20:17:20,548 TRACE   main [org.springframework.beans.CachedIntrospectionResults] Caching PropertyDescriptors for class [[Ljava.lang.String;]
2016-02-03 20:17:20,548 TRACE   main [org.springframework.beans.CachedIntrospectionResults] Found bean property 'class' of type [java.lang.Class]
2016-02-03 20:17:20,549 DEBUG   main [org.springframework.beans.factory.support.DefaultListableBeanFactory] Finished creating instance of bean '(inner bean)#6c7733eb'
2016-02-03 20:17:20,552 DEBUG   main [org.springframework.beans.factory.support.DefaultListableBeanFactory] Creating shared instance of singleton bean 'simpleDirContextAuthenticationStrategy'
2016-02-03 20:17:20,552 DEBUG   main [org.springframework.beans.factory.support.DefaultListableBeanFactory] Creating instance of bean 'simpleDirContextAuthenticationStrategy'
2016-02-03 20:17:20,553 DEBUG   main [org.springframework.beans.factory.support.DefaultListableBeanFactory] Eagerly caching bean 'simpleDirContextAuthenticationStrategy' to allow for resolving potential circular references
2016-02-03 20:17:20,554 TRACE   main [org.springframework.beans.CachedIntrospectionResults] Getting BeanInfo for class [org.springframework.ldap.core.support.SimpleDirContextAuthenticationStrategy]
2016-02-03 20:17:20,564 TRACE   main [org.springframework.beans.CachedIntrospectionResults] Caching PropertyDescriptors for class [org.springframework.ldap.core.support.SimpleDirContextAuthenticationStrategy]
2016-02-03 20:17:20,564 TRACE   main [org.springframework.beans.CachedIntrospectionResults] Found bean property 'class' of type [java.lang.Class]
2016-02-03 20:17:20,565 DEBUG   main [org.springframework.beans.factory.support.DefaultListableBeanFactory] Finished creating instance of bean 'simpleDirContextAuthenticationStrategy'
2016-02-03 20:17:20,572 DEBUG   main [org.springframework.beans.factory.support.DefaultListableBeanFactory] Invoking afterPropertiesSet() on bean with name '(inner bean)#1f5ffded'
2016-02-03 20:17:20,586 DEBUG   main [org.springframework.beans.factory.support.DefaultListableBeanFactory] Finished creating instance of bean '(inner bean)#1f5ffded'
2016-02-03 20:17:20,609 DEBUG   main [org.springframework.beans.factory.support.DefaultListableBeanFactory] Eagerly caching bean 'contextSource' to allow for resolving potential circular references
2016-02-03 20:17:20,609 TRACE   main [org.springframework.beans.CachedIntrospectionResults] Getting BeanInfo for class [org.springframework.ldap.transaction.compensating.manager.TransactionAwareContextSourceProxy]
2016-02-03 20:17:20,621 TRACE   main [org.springframework.beans.CachedIntrospectionResults] Caching PropertyDescriptors for class [org.springframework.ldap.transaction.compensating.manager.TransactionAwareContextSourceProxy]
2016-02-03 20:17:20,621 TRACE   main [org.springframework.beans.CachedIntrospectionResults] Found bean property 'baseLdapName' of type [javax.naming.ldap.LdapName]
2016-02-03 20:17:20,621 TRACE   main [org.springframework.beans.CachedIntrospectionResults] Found bean property 'baseLdapPath' of type [org.springframework.ldap.core.DistinguishedName]
2016-02-03 20:17:20,622 TRACE   main [org.springframework.beans.CachedIntrospectionResults] Found bean property 'baseLdapPathAsString' of type [java.lang.String]
2016-02-03 20:17:20,622 TRACE   main [org.springframework.beans.CachedIntrospectionResults] Found bean property 'class' of type [java.lang.Class]
2016-02-03 20:17:20,622 TRACE   main [org.springframework.beans.CachedIntrospectionResults] Found bean property 'readOnlyContext' of type [javax.naming.directory.DirContext]
2016-02-03 20:17:20,622 TRACE   main [org.springframework.beans.CachedIntrospectionResults] Found bean property 'readWriteContext' of type [javax.naming.directory.DirContext]
2016-02-03 20:17:20,622 TRACE   main [org.springframework.beans.CachedIntrospectionResults] Found bean property 'target' of type [org.springframework.ldap.core.ContextSource]
2016-02-03 20:17:20,623 DEBUG   main [org.springframework.beans.factory.support.DefaultListableBeanFactory] Finished creating instance of bean 'contextSource'
2016-02-03 20:17:20,624 DEBUG   main [org.springframework.beans.factory.support.DefaultListableBeanFactory] Invoking afterPropertiesSet() on bean with name 'ldapTemplate'
2016-02-03 20:17:20,625 DEBUG   main [org.springframework.beans.factory.support.DefaultListableBeanFactory] Finished creating instance of bean 'ldapTemplate'
2016-02-03 20:17:20,626 DEBUG   main [org.springframework.beans.factory.annotation.AutowiredAnnotationBeanPostProcessor] Autowiring by type from bean name 'userRepositoryImpl' to bean named 'ldapTemplate'
2016-02-03 20:17:20,627 DEBUG   main [org.springframework.beans.factory.support.DefaultListableBeanFactory] Finished creating instance of bean 'userRepositoryImpl'
2016-02-03 20:17:20,627 DEBUG   main [org.springframework.beans.factory.support.DefaultListableBeanFactory] Returning cached instance of singleton bean 'org.springframework.context.annotation.internalConfigurationAnnotationProcessor'
2016-02-03 20:17:20,627 DEBUG   main [org.springframework.beans.factory.support.DefaultListableBeanFactory] Returning cached instance of singleton bean 'org.springframework.context.annotation.internalAutowiredAnnotationProcessor'
2016-02-03 20:17:20,627 DEBUG   main [org.springframework.beans.factory.support.DefaultListableBeanFactory] Returning cached instance of singleton bean 'org.springframework.context.annotation.internalRequiredAnnotationProcessor'
2016-02-03 20:17:20,627 DEBUG   main [org.springframework.beans.factory.support.DefaultListableBeanFactory] Returning cached instance of singleton bean 'org.springframework.context.annotation.internalCommonAnnotationProcessor'
2016-02-03 20:17:20,627 DEBUG   main [org.springframework.beans.factory.support.DefaultListableBeanFactory] Returning cached instance of singleton bean 'simpleDirContextAuthenticationStrategy'
2016-02-03 20:17:20,628 DEBUG   main [org.springframework.beans.factory.support.DefaultListableBeanFactory] Creating shared instance of singleton bean 'userReposImpl'
2016-02-03 20:17:20,628 DEBUG   main [org.springframework.beans.factory.support.DefaultListableBeanFactory] Creating instance of bean 'userReposImpl'
2016-02-03 20:17:20,629 DEBUG   main [org.springframework.beans.factory.annotation.InjectionMetadata] Registered injected element on class [ldap.advance.example.UserRepositoryImpl]: AutowiredFieldElement for private org.springframework.ldap.core.LdapTemplate ldap.advance.example.UserRepositoryImpl.ldapTemplate
2016-02-03 20:17:20,629 DEBUG   main [org.springframework.beans.factory.support.DefaultListableBeanFactory] Eagerly caching bean 'userReposImpl' to allow for resolving potential circular references
2016-02-03 20:17:20,629 DEBUG   main [org.springframework.beans.factory.annotation.InjectionMetadata] Processing injected element of bean 'userReposImpl': AutowiredFieldElement for private org.springframework.ldap.core.LdapTemplate ldap.advance.example.UserRepositoryImpl.ldapTemplate
2016-02-03 20:17:20,630 DEBUG   main [org.springframework.beans.factory.support.DefaultListableBeanFactory] Returning cached instance of singleton bean 'ldapTemplate'
2016-02-03 20:17:20,630 DEBUG   main [org.springframework.beans.factory.annotation.AutowiredAnnotationBeanPostProcessor] Autowiring by type from bean name 'userReposImpl' to bean named 'ldapTemplate'
2016-02-03 20:17:20,630 DEBUG   main [org.springframework.beans.factory.support.DefaultListableBeanFactory] Finished creating instance of bean 'userReposImpl'
2016-02-03 20:17:20,630 DEBUG   main [org.springframework.beans.factory.support.DefaultListableBeanFactory] Returning cached instance of singleton bean 'contextSource'
2016-02-03 20:17:20,631 DEBUG   main [org.springframework.beans.factory.support.DefaultListableBeanFactory] Returning cached instance of singleton bean 'ldapTemplate'
2016-02-03 20:17:20,631 DEBUG   main [org.springframework.beans.factory.support.DefaultListableBeanFactory] Returning cached instance of singleton bean 'org.springframework.context.annotation.ConfigurationClassPostProcessor.importAwareProcessor'
2016-02-03 20:17:20,631 DEBUG   main [org.springframework.beans.factory.support.DefaultListableBeanFactory] Returning cached instance of singleton bean 'org.springframework.context.annotation.ConfigurationClassPostProcessor.enhancedConfigurationProcessor'
2016-02-03 20:17:20,639 DEBUG   main [org.springframework.context.support.ClassPathXmlApplicationContext] Unable to locate LifecycleProcessor with name 'lifecycleProcessor': using default [org.springframework.context.support.DefaultLifecycleProcessor@7c182454]
2016-02-03 20:17:20,641 DEBUG   main [org.springframework.beans.factory.support.DefaultListableBeanFactory] Returning cached instance of singleton bean 'lifecycleProcessor'
2016-02-03 20:17:20,642 TRACE   main [org.springframework.context.support.ClassPathXmlApplicationContext] Publishing event in org.springframework.context.support.ClassPathXmlApplicationContext@6ed6ee82: org.springframework.context.event.ContextRefreshedEvent[source=org.springframework.context.support.ClassPathXmlApplicationContext@6ed6ee82: startup date [Wed Feb 03 20:17:19 EST 2016]; root of context hierarchy]
2016-02-03 20:17:20,648 TRACE   main [org.springframework.core.env.PropertySourcesPropertyResolver] getProperty("spring.liveBeansView.mbeanDomain", String)
2016-02-03 20:17:20,648 DEBUG   main [org.springframework.core.env.PropertySourcesPropertyResolver] Searching for key 'spring.liveBeansView.mbeanDomain' in [systemProperties]
2016-02-03 20:17:20,648 DEBUG   main [org.springframework.core.env.PropertySourcesPropertyResolver] Searching for key 'spring.liveBeansView.mbeanDomain' in [systemEnvironment]
2016-02-03 20:17:20,649 DEBUG   main [org.springframework.core.env.PropertySourcesPropertyResolver] Could not find key 'spring.liveBeansView.mbeanDomain' in any property source. Returning [null]
2016-02-03 20:17:20,651 INFO   main [ldap.advance.example.test.LdapApp] Test started at Wed Feb 03 20:17:19 EST 2016
2016-02-03 20:17:20,652 DEBUG   main [org.springframework.beans.factory.support.DefaultListableBeanFactory] Returning cached instance of singleton bean 'userReposImpl'
2016-02-03 20:17:20,652 INFO   main [ldap.advance.example.UserRepositoryImpl] executing {createUser}
2016-02-03 20:18:24,992 DEBUG   main [org.springframework.core.env.StandardEnvironment] Adding [systemProperties] PropertySource with lowest search precedence
2016-02-03 20:18:24,997 DEBUG   main [org.springframework.core.env.StandardEnvironment] Adding [systemEnvironment] PropertySource with lowest search precedence
2016-02-03 20:18:24,998 DEBUG   main [org.springframework.core.env.StandardEnvironment] Initialized StandardEnvironment with PropertySources [systemProperties,systemEnvironment]
2016-02-03 20:18:25,018 INFO   main [org.springframework.context.support.ClassPathXmlApplicationContext] Refreshing org.springframework.context.support.ClassPathXmlApplicationContext@6ed6ee82: startup date [Wed Feb 03 20:18:25 EST 2016]; root of context hierarchy
2016-02-03 20:18:25,098 DEBUG   main [org.springframework.core.env.StandardEnvironment] Adding [systemProperties] PropertySource with lowest search precedence
2016-02-03 20:18:25,098 DEBUG   main [org.springframework.core.env.StandardEnvironment] Adding [systemEnvironment] PropertySource with lowest search precedence
2016-02-03 20:18:25,098 DEBUG   main [org.springframework.core.env.StandardEnvironment] Initialized StandardEnvironment with PropertySources [systemProperties,systemEnvironment]
2016-02-03 20:18:25,116 INFO   main [org.springframework.beans.factory.xml.XmlBeanDefinitionReader] Loading XML bean definitions from class path resource [spring-ldap-example.xml]
2016-02-03 20:18:25,119 DEBUG   main [org.springframework.beans.factory.xml.DefaultDocumentLoader] Using JAXP provider [com.sun.org.apache.xerces.internal.jaxp.DocumentBuilderFactoryImpl]
2016-02-03 20:18:25,157 TRACE   main [org.springframework.beans.factory.xml.PluggableSchemaResolver] Trying to resolve XML entity with public id [null] and system id [http://www.springframework.org/schema/beans/spring-beans.xsd]
2016-02-03 20:18:25,160 DEBUG   main [org.springframework.beans.factory.xml.PluggableSchemaResolver] Loading schema mappings from [META-INF/spring.schemas]
2016-02-03 20:18:25,184 DEBUG   main [org.springframework.beans.factory.xml.PluggableSchemaResolver] Loaded schema mappings: {http://www.springframework.org/schema/tx/spring-tx-2.5.xsd=org/springframework/transaction/config/spring-tx-2.5.xsd, http://www.springframework.org/schema/cache/spring-cache-4.2.xsd=org/springframework/cache/config/spring-cache-4.2.xsd, http://www.springframework.org/schema/aop/spring-aop-4.1.xsd=org/springframework/aop/config/spring-aop-4.1.xsd, http://www.springframework.org/schema/context/spring-context-3.1.xsd=org/springframework/context/config/spring-context-3.1.xsd, http://www.springframework.org/schema/data/repository/spring-repository-1.4.xsd=org/springframework/data/repository/config/spring-repository-1.4.xsd, http://www.springframework.org/schema/util/spring-util-3.0.xsd=org/springframework/beans/factory/xml/spring-util-3.0.xsd, http://www.springframework.org/schema/tool/spring-tool.xsd=org/springframework/beans/factory/xml/spring-tool-4.2.xsd, http://www.springframework.org/schema/aop/spring-aop-3.2.xsd=org/springframework/aop/config/spring-aop-3.2.xsd, http://www.springframework.org/schema/lang/spring-lang-4.1.xsd=org/springframework/scripting/config/spring-lang-4.1.xsd, http://www.springframework.org/schema/context/spring-context-4.0.xsd=org/springframework/context/config/spring-context-4.0.xsd, http://www.springframework.org/schema/beans/spring-beans-4.2.xsd=org/springframework/beans/factory/xml/spring-beans-4.2.xsd, http://www.springframework.org/schema/tool/spring-tool-4.1.xsd=org/springframework/beans/factory/xml/spring-tool-4.1.xsd, http://www.springframework.org/schema/lang/spring-lang-3.2.xsd=org/springframework/scripting/config/spring-lang-3.2.xsd, http://www.springframework.org/schema/cache/spring-cache-3.2.xsd=org/springframework/cache/config/spring-cache-3.2.xsd, http://www.springframework.org/schema/jee/spring-jee-4.1.xsd=org/springframework/ejb/config/spring-jee-4.1.xsd, http://www.springframework.org/schema/task/spring-task-4.2.xsd=org/springframework/scheduling/config/spring-task-4.2.xsd, http://www.springframework.org/schema/util/spring-util-2.0.xsd=org/springframework/beans/factory/xml/spring-util-2.0.xsd, http://www.springframework.org/schema/tool/spring-tool-3.2.xsd=org/springframework/beans/factory/xml/spring-tool-3.2.xsd, http://www.springframework.org/schema/context/spring-context.xsd=org/springframework/context/config/spring-context-4.2.xsd, http://www.springframework.org/schema/tx/spring-tx-4.2.xsd=org/springframework/transaction/config/spring-tx-4.2.xsd, http://www.springframework.org/schema/cache/spring-cache-4.1.xsd=org/springframework/cache/config/spring-cache-4.1.xsd, http://www.springframework.org/schema/aop/spring-aop-4.0.xsd=org/springframework/aop/config/spring-aop-4.0.xsd, http://www.springframework.org/schema/jee/spring-jee-3.2.xsd=org/springframework/ejb/config/spring-jee-3.2.xsd, http://www.springframework.org/schema/context/spring-context-3.0.xsd=org/springframework/context/config/spring-context-3.0.xsd, http://www.springframework.org/schema/util/spring-util-2.5.xsd=org/springframework/beans/factory/xml/spring-util-2.5.xsd, http://www.springframework.org/schema/beans/spring-beans-3.2.xsd=org/springframework/beans/factory/xml/spring-beans-3.2.xsd, http://www.springframework.org/schema/aop/spring-aop-3.1.xsd=org/springframework/aop/config/spring-aop-3.1.xsd, http://www.springframework.org/schema/ldap/spring-ldap-2.0.xsd=org/springframework/ldap/config/spring-ldap-2.0.xsd, http://www.springframework.org/schema/lang/spring-lang-4.0.xsd=org/springframework/scripting/config/spring-lang-4.0.xsd, http://www.springframework.org/schema/beans/spring-beans-4.1.xsd=org/springframework/beans/factory/xml/spring-beans-4.1.xsd, http://www.springframework.org/schema/tool/spring-tool-4.0.xsd=org/springframework/beans/factory/xml/spring-tool-4.0.xsd, http://www.springframework.org/schema/tx/spring-tx-3.2.xsd=org/springframework/transaction/config/spring-tx-3.2.xsd, http://www.springframework.org/schema/lang/spring-lang-3.1.xsd=org/springframework/scripting/config/spring-lang-3.1.xsd, http://www.springframework.org/schema/cache/spring-cache-3.1.xsd=org/springframework/cache/config/spring-cache-3.1.xsd, http://www.springframework.org/schema/jee/spring-jee-4.0.xsd=org/springframework/ejb/config/spring-jee-4.0.xsd, http://www.springframework.org/schema/task/spring-task-4.1.xsd=org/springframework/scheduling/config/spring-task-4.1.xsd, http://www.springframework.org/schema/tool/spring-tool-3.1.xsd=org/springframework/beans/factory/xml/spring-tool-3.1.xsd, http://www.springframework.org/schema/tx/spring-tx-4.1.xsd=org/springframework/transaction/config/spring-tx-4.1.xsd, http://www.springframework.org/schema/cache/spring-cache-4.0.xsd=org/springframework/cache/config/spring-cache-4.0.xsd, http://www.springframework.org/schema/jee/spring-jee-3.1.xsd=org/springframework/ejb/config/spring-jee-3.1.xsd, http://www.springframework.org/schema/task/spring-task-3.2.xsd=org/springframework/scheduling/config/spring-task-3.2.xsd, http://www.springframework.org/schema/util/spring-util-4.2.xsd=org/springframework/beans/factory/xml/spring-util-4.2.xsd, http://www.springframework.org/schema/beans/spring-beans-3.1.xsd=org/springframework/beans/factory/xml/spring-beans-3.1.xsd, http://www.springframework.org/schema/util/spring-util.xsd=org/springframework/beans/factory/xml/spring-util-4.2.xsd, http://www.springframework.org/schema/aop/spring-aop-3.0.xsd=org/springframework/aop/config/spring-aop-3.0.xsd, http://www.springframework.org/schema/data/repository/spring-repository.xsd=org/springframework/data/repository/config/spring-repository-1.7.xsd, http://www.springframework.org/schema/data/repository/spring-repository-1.7.xsd=org/springframework/data/repository/config/spring-repository-1.7.xsd, http://www.springframework.org/schema/ldap/spring-ldap.xsd=org/springframework/ldap/config/spring-ldap-2.0.xsd, http://www.springframework.org/schema/beans/spring-beans-4.0.xsd=org/springframework/beans/factory/xml/spring-beans-4.0.xsd, http://www.springframework.org/schema/beans/spring-beans.xsd=org/springframework/beans/factory/xml/spring-beans-4.2.xsd, http://www.springframework.org/schema/tx/spring-tx-3.1.xsd=org/springframework/transaction/config/spring-tx-3.1.xsd, http://www.springframework.org/schema/lang/spring-lang-3.0.xsd=org/springframework/scripting/config/spring-lang-3.0.xsd, http://www.springframework.org/schema/context/spring-context-2.5.xsd=org/springframework/context/config/spring-context-2.5.xsd, http://www.springframework.org/schema/task/spring-task-4.0.xsd=org/springframework/scheduling/config/spring-task-4.0.xsd, http://www.springframework.org/schema/tool/spring-tool-3.0.xsd=org/springframework/beans/factory/xml/spring-tool-3.0.xsd, http://www.springframework.org/schema/tx/spring-tx-4.0.xsd=org/springframework/transaction/config/spring-tx-4.0.xsd, http://www.springframework.org/schema/aop/spring-aop-2.0.xsd=org/springframework/aop/config/spring-aop-2.0.xsd, http://www.springframework.org/schema/jee/spring-jee-3.0.xsd=org/springframework/ejb/config/spring-jee-3.0.xsd, http://www.springframework.org/schema/util/spring-util-4.1.xsd=org/springframework/beans/factory/xml/spring-util-4.1.xsd, http://www.springframework.org/schema/task/spring-task-3.1.xsd=org/springframework/scheduling/config/spring-task-3.1.xsd, http://www.springframework.org/schema/beans/spring-beans-3.0.xsd=org/springframework/beans/factory/xml/spring-beans-3.0.xsd, http://www.springframework.org/schema/jee/spring-jee.xsd=org/springframework/ejb/config/spring-jee-4.2.xsd, http://www.springframework.org/schema/aop/spring-aop-2.5.xsd=org/springframework/aop/config/spring-aop-2.5.xsd, http://www.springframework.org/schema/lang/spring-lang-2.0.xsd=org/springframework/scripting/config/spring-lang-2.0.xsd, http://www.springframework.org/schema/data/repository/spring-repository-1.6.xsd=org/springframework/data/repository/config/spring-repository-1.6.xsd, http://www.springframework.org/schema/util/spring-util-3.2.xsd=org/springframework/beans/factory/xml/spring-util-3.2.xsd, http://www.springframework.org/schema/task/spring-task.xsd=org/springframework/scheduling/config/spring-task-4.2.xsd, http://www.springframework.org/schema/tool/spring-tool-2.0.xsd=org/springframework/beans/factory/xml/spring-tool-2.0.xsd, http://www.springframework.org/schema/tx/spring-tx-3.0.xsd=org/springframework/transaction/config/spring-tx-3.0.xsd, http://www.springframework.org/schema/lang/spring-lang-2.5.xsd=org/springframework/scripting/config/spring-lang-2.5.xsd, http://www.springframework.org/schema/context/spring-context-4.2.xsd=org/springframework/context/config/spring-context-4.2.xsd, http://www.springframework.org/schema/jee/spring-jee-2.0.xsd=org/springframework/ejb/config/spring-jee-2.0.xsd, http://www.springframework.org/schema/tool/spring-tool-2.5.xsd=org/springframework/beans/factory/xml/spring-tool-2.5.xsd, http://www.springframework.org/schema/jee/spring-jee-2.5.xsd=org/springframework/ejb/config/spring-jee-2.5.xsd, http://www.springframework.org/schema/data/repository/spring-repository-1.0.xsd=org/springframework/data/repository/config/spring-repository-1.0.xsd, http://www.springframework.org/schema/util/spring-util-4.0.xsd=org/springframework/beans/factory/xml/spring-util-4.0.xsd, http://www.springframework.org/schema/task/spring-task-3.0.xsd=org/springframework/scheduling/config/spring-task-3.0.xsd, http://www.springframework.org/schema/aop/spring-aop-4.2.xsd=org/springframework/aop/config/spring-aop-4.2.xsd, http://www.springframework.org/schema/lang/spring-lang.xsd=org/springframework/scripting/config/spring-lang-4.2.xsd, http://www.springframework.org/schema/context/spring-context-3.2.xsd=org/springframework/context/config/spring-context-3.2.xsd, http://www.springframework.org/schema/data/repository/spring-repository-1.5.xsd=org/springframework/data/repository/config/spring-repository-1.5.xsd, http://www.springframework.org/schema/util/spring-util-3.1.xsd=org/springframework/beans/factory/xml/spring-util-3.1.xsd, http://www.springframework.org/schema/beans/spring-beans-2.0.xsd=org/springframework/beans/factory/xml/spring-beans-2.0.xsd, http://www.springframework.org/schema/cache/spring-cache.xsd=org/springframework/cache/config/spring-cache-4.2.xsd, http://www.springframework.org/schema/tx/spring-tx.xsd=org/springframework/transaction/config/spring-tx-4.2.xsd, http://www.springframework.org/schema/lang/spring-lang-4.2.xsd=org/springframework/scripting/config/spring-lang-4.2.xsd, http://www.springframework.org/schema/context/spring-context-4.1.xsd=org/springframework/context/config/spring-context-4.1.xsd, http://www.springframework.org/schema/beans/spring-beans-2.5.xsd=org/springframework/beans/factory/xml/spring-beans-2.5.xsd, http://www.springframework.org/schema/tool/spring-tool-4.2.xsd=org/springframework/beans/factory/xml/spring-tool-4.2.xsd, http://www.springframework.org/schema/tx/spring-tx-2.0.xsd=org/springframework/transaction/config/spring-tx-2.0.xsd, http://www.springframework.org/schema/jee/spring-jee-4.2.xsd=org/springframework/ejb/config/spring-jee-4.2.xsd, http://www.springframework.org/schema/aop/spring-aop.xsd=org/springframework/aop/config/spring-aop-4.2.xsd}
2016-02-03 20:18:25,190 DEBUG   main [org.springframework.beans.factory.xml.PluggableSchemaResolver] Found XML schema [http://www.springframework.org/schema/beans/spring-beans.xsd] in classpath: org/springframework/beans/factory/xml/spring-beans-4.2.xsd
2016-02-03 20:18:25,325 TRACE   main [org.springframework.beans.factory.xml.PluggableSchemaResolver] Trying to resolve XML entity with public id [null] and system id [http://www.springframework.org/schema/context/spring-context.xsd]
2016-02-03 20:18:25,330 DEBUG   main [org.springframework.beans.factory.xml.PluggableSchemaResolver] Found XML schema [http://www.springframework.org/schema/context/spring-context.xsd] in classpath: org/springframework/context/config/spring-context-4.2.xsd
2016-02-03 20:18:25,358 TRACE   main [org.springframework.beans.factory.xml.PluggableSchemaResolver] Trying to resolve XML entity with public id [null] and system id [http://www.springframework.org/schema/tool/spring-tool-4.2.xsd]
2016-02-03 20:18:25,362 DEBUG   main [org.springframework.beans.factory.xml.PluggableSchemaResolver] Found XML schema [http://www.springframework.org/schema/tool/spring-tool-4.2.xsd] in classpath: org/springframework/beans/factory/xml/spring-tool-4.2.xsd
2016-02-03 20:18:25,376 TRACE   main [org.springframework.beans.factory.xml.PluggableSchemaResolver] Trying to resolve XML entity with public id [null] and system id [http://www.springframework.org/schema/ldap/spring-ldap.xsd]
2016-02-03 20:18:25,379 DEBUG   main [org.springframework.beans.factory.xml.PluggableSchemaResolver] Found XML schema [http://www.springframework.org/schema/ldap/spring-ldap.xsd] in classpath: org/springframework/ldap/config/spring-ldap-2.0.xsd
2016-02-03 20:18:25,401 TRACE   main [org.springframework.beans.factory.xml.PluggableSchemaResolver] Trying to resolve XML entity with public id [null] and system id [http://www.springframework.org/schema/data/repository/spring-repository.xsd]
2016-02-03 20:18:25,402 DEBUG   main [org.springframework.beans.factory.xml.PluggableSchemaResolver] Found XML schema [http://www.springframework.org/schema/data/repository/spring-repository.xsd] in classpath: org/springframework/data/repository/config/spring-repository-1.7.xsd
2016-02-03 20:18:25,443 DEBUG   main [org.springframework.beans.factory.xml.DefaultBeanDefinitionDocumentReader] Loading bean definitions
2016-02-03 20:18:25,499 DEBUG   main [org.springframework.beans.factory.xml.DefaultNamespaceHandlerResolver] Loaded NamespaceHandler mappings: {http://www.springframework.org/schema/p=org.springframework.beans.factory.xml.SimplePropertyNamespaceHandler, http://www.springframework.org/schema/util=org.springframework.beans.factory.xml.UtilNamespaceHandler, http://www.springframework.org/schema/jee=org.springframework.ejb.config.JeeNamespaceHandler, http://www.springframework.org/schema/aop=org.springframework.aop.config.AopNamespaceHandler, http://www.springframework.org/schema/data/repository=org.springframework.data.repository.config.RepositoryNameSpaceHandler, http://www.springframework.org/schema/cache=org.springframework.cache.config.CacheNamespaceHandler, http://www.springframework.org/schema/c=org.springframework.beans.factory.xml.SimpleConstructorNamespaceHandler, http://www.springframework.org/schema/ldap=org.springframework.ldap.config.LdapNamespaceHandler, http://www.springframework.org/schema/tx=org.springframework.transaction.config.TxNamespaceHandler, http://www.springframework.org/schema/task=org.springframework.scheduling.config.TaskNamespaceHandler, http://www.springframework.org/schema/lang=org.springframework.scripting.config.LangNamespaceHandler, http://www.springframework.org/schema/context=org.springframework.context.config.ContextNamespaceHandler}
2016-02-03 20:18:25,551 DEBUG   main [org.springframework.core.env.StandardEnvironment] Adding [systemProperties] PropertySource with lowest search precedence
2016-02-03 20:18:25,552 DEBUG   main [org.springframework.core.env.StandardEnvironment] Adding [systemEnvironment] PropertySource with lowest search precedence
2016-02-03 20:18:25,552 DEBUG   main [org.springframework.core.env.StandardEnvironment] Initialized StandardEnvironment with PropertySources [systemProperties,systemEnvironment]
2016-02-03 20:18:25,580 DEBUG   main [org.springframework.core.io.support.PathMatchingResourcePatternResolver] Looking for matching resources in directory tree [C:\Eclipse\workspace\spring-ldap-example\bin\ldap\advance\example]
2016-02-03 20:18:25,580 DEBUG   main [org.springframework.core.io.support.PathMatchingResourcePatternResolver] Searching directory [C:\Eclipse\workspace\spring-ldap-example\bin\ldap\advance\example] for files matching pattern [C:/Eclipse/workspace/spring-ldap-example/bin/ldap/advance/example/**/*.class]
2016-02-03 20:18:25,583 DEBUG   main [org.springframework.core.io.support.PathMatchingResourcePatternResolver] Searching directory [C:\Eclipse\workspace\spring-ldap-example\bin\ldap\advance\example\test] for files matching pattern [C:/Eclipse/workspace/spring-ldap-example/bin/ldap/advance/example/**/*.class]
2016-02-03 20:18:25,587 DEBUG   main [org.springframework.core.io.support.PathMatchingResourcePatternResolver] Resolved location pattern [classpath*:ldap/advance/example/**/*.class] to resources [file [C:\Eclipse\workspace\spring-ldap-example\bin\ldap\advance\example\test\LdapApp.class], file [C:\Eclipse\workspace\spring-ldap-example\bin\ldap\advance\example\User.class], file [C:\Eclipse\workspace\spring-ldap-example\bin\ldap\advance\example\UserRepositoryImpl$MultipleAttributesMapper.class], file [C:\Eclipse\workspace\spring-ldap-example\bin\ldap\advance\example\UserRepositoryImpl$SingleAttributesMapper.class], file [C:\Eclipse\workspace\spring-ldap-example\bin\ldap\advance\example\UserRepositoryImpl$UserAttributesMapper.class], file [C:\Eclipse\workspace\spring-ldap-example\bin\ldap\advance\example\UserRepositoryImpl.class], file [C:\Eclipse\workspace\spring-ldap-example\bin\ldap\advance\example\UserRepositoryIntf.class]]
2016-02-03 20:18:25,587 TRACE   main [org.springframework.context.annotation.ClassPathBeanDefinitionScanner] Scanning file [C:\Eclipse\workspace\spring-ldap-example\bin\ldap\advance\example\test\LdapApp.class]
2016-02-03 20:18:25,609 TRACE   main [org.springframework.context.annotation.ClassPathBeanDefinitionScanner] Ignored because not matching any filter: file [C:\Eclipse\workspace\spring-ldap-example\bin\ldap\advance\example\test\LdapApp.class]
2016-02-03 20:18:25,609 TRACE   main [org.springframework.context.annotation.ClassPathBeanDefinitionScanner] Scanning file [C:\Eclipse\workspace\spring-ldap-example\bin\ldap\advance\example\User.class]
2016-02-03 20:18:25,610 TRACE   main [org.springframework.context.annotation.ClassPathBeanDefinitionScanner] Ignored because not matching any filter: file [C:\Eclipse\workspace\spring-ldap-example\bin\ldap\advance\example\User.class]
2016-02-03 20:18:25,610 TRACE   main [org.springframework.context.annotation.ClassPathBeanDefinitionScanner] Scanning file [C:\Eclipse\workspace\spring-ldap-example\bin\ldap\advance\example\UserRepositoryImpl$MultipleAttributesMapper.class]
2016-02-03 20:18:25,611 TRACE   main [org.springframework.context.annotation.ClassPathBeanDefinitionScanner] Ignored because not matching any filter: file [C:\Eclipse\workspace\spring-ldap-example\bin\ldap\advance\example\UserRepositoryImpl$MultipleAttributesMapper.class]
2016-02-03 20:18:25,612 TRACE   main [org.springframework.context.annotation.ClassPathBeanDefinitionScanner] Scanning file [C:\Eclipse\workspace\spring-ldap-example\bin\ldap\advance\example\UserRepositoryImpl$SingleAttributesMapper.class]
2016-02-03 20:18:25,613 TRACE   main [org.springframework.context.annotation.ClassPathBeanDefinitionScanner] Ignored because not matching any filter: file [C:\Eclipse\workspace\spring-ldap-example\bin\ldap\advance\example\UserRepositoryImpl$SingleAttributesMapper.class]
2016-02-03 20:18:25,614 TRACE   main [org.springframework.context.annotation.ClassPathBeanDefinitionScanner] Scanning file [C:\Eclipse\workspace\spring-ldap-example\bin\ldap\advance\example\UserRepositoryImpl$UserAttributesMapper.class]
2016-02-03 20:18:25,617 TRACE   main [org.springframework.context.annotation.ClassPathBeanDefinitionScanner] Ignored because not matching any filter: file [C:\Eclipse\workspace\spring-ldap-example\bin\ldap\advance\example\UserRepositoryImpl$UserAttributesMapper.class]
2016-02-03 20:18:25,617 TRACE   main [org.springframework.context.annotation.ClassPathBeanDefinitionScanner] Scanning file [C:\Eclipse\workspace\spring-ldap-example\bin\ldap\advance\example\UserRepositoryImpl.class]
2016-02-03 20:18:25,633 DEBUG   main [org.springframework.context.annotation.ClassPathBeanDefinitionScanner] Identified candidate component class: file [C:\Eclipse\workspace\spring-ldap-example\bin\ldap\advance\example\UserRepositoryImpl.class]
2016-02-03 20:18:25,633 TRACE   main [org.springframework.context.annotation.ClassPathBeanDefinitionScanner] Scanning file [C:\Eclipse\workspace\spring-ldap-example\bin\ldap\advance\example\UserRepositoryIntf.class]
2016-02-03 20:18:25,634 TRACE   main [org.springframework.context.annotation.ClassPathBeanDefinitionScanner] Ignored because not matching any filter: file [C:\Eclipse\workspace\spring-ldap-example\bin\ldap\advance\example\UserRepositoryIntf.class]
2016-02-03 20:18:25,740 DEBUG   main [org.springframework.beans.factory.xml.XmlBeanDefinitionReader] Loaded 9 bean definitions from location pattern [spring-ldap-example.xml]
2016-02-03 20:18:25,741 DEBUG   main [org.springframework.context.support.ClassPathXmlApplicationContext] Bean factory for org.springframework.context.support.ClassPathXmlApplicationContext@6ed6ee82: org.springframework.beans.factory.support.DefaultListableBeanFactory@40a49a3: defining beans [userRepositoryImpl,org.springframework.context.annotation.internalConfigurationAnnotationProcessor,org.springframework.context.annotation.internalAutowiredAnnotationProcessor,org.springframework.context.annotation.internalRequiredAnnotationProcessor,org.springframework.context.annotation.internalCommonAnnotationProcessor,simpleDirContextAuthenticationStrategy,userReposImpl,contextSource,ldapTemplate]; root of factory hierarchy
2016-02-03 20:18:25,814 DEBUG   main [org.springframework.beans.factory.support.DefaultListableBeanFactory] Creating shared instance of singleton bean 'org.springframework.context.annotation.internalConfigurationAnnotationProcessor'
2016-02-03 20:18:25,814 DEBUG   main [org.springframework.beans.factory.support.DefaultListableBeanFactory] Creating instance of bean 'org.springframework.context.annotation.internalConfigurationAnnotationProcessor'
2016-02-03 20:18:25,850 DEBUG   main [org.springframework.beans.factory.support.DefaultListableBeanFactory] Eagerly caching bean 'org.springframework.context.annotation.internalConfigurationAnnotationProcessor' to allow for resolving potential circular references
2016-02-03 20:18:25,857 DEBUG   main [org.springframework.beans.factory.support.DefaultListableBeanFactory] Finished creating instance of bean 'org.springframework.context.annotation.internalConfigurationAnnotationProcessor'
2016-02-03 20:18:25,941 DEBUG   main [org.springframework.beans.factory.support.DefaultListableBeanFactory] Creating shared instance of singleton bean 'org.springframework.context.annotation.internalAutowiredAnnotationProcessor'
2016-02-03 20:18:25,942 DEBUG   main [org.springframework.beans.factory.support.DefaultListableBeanFactory] Creating instance of bean 'org.springframework.context.annotation.internalAutowiredAnnotationProcessor'
2016-02-03 20:18:25,946 DEBUG   main [org.springframework.beans.factory.support.DefaultListableBeanFactory] Eagerly caching bean 'org.springframework.context.annotation.internalAutowiredAnnotationProcessor' to allow for resolving potential circular references
2016-02-03 20:18:25,947 DEBUG   main [org.springframework.beans.factory.support.DefaultListableBeanFactory] Finished creating instance of bean 'org.springframework.context.annotation.internalAutowiredAnnotationProcessor'
2016-02-03 20:18:25,947 DEBUG   main [org.springframework.beans.factory.support.DefaultListableBeanFactory] Creating shared instance of singleton bean 'org.springframework.context.annotation.internalRequiredAnnotationProcessor'
2016-02-03 20:18:25,947 DEBUG   main [org.springframework.beans.factory.support.DefaultListableBeanFactory] Creating instance of bean 'org.springframework.context.annotation.internalRequiredAnnotationProcessor'
2016-02-03 20:18:25,948 DEBUG   main [org.springframework.beans.factory.support.DefaultListableBeanFactory] Eagerly caching bean 'org.springframework.context.annotation.internalRequiredAnnotationProcessor' to allow for resolving potential circular references
2016-02-03 20:18:25,948 DEBUG   main [org.springframework.beans.factory.support.DefaultListableBeanFactory] Finished creating instance of bean 'org.springframework.context.annotation.internalRequiredAnnotationProcessor'
2016-02-03 20:18:25,949 DEBUG   main [org.springframework.beans.factory.support.DefaultListableBeanFactory] Creating shared instance of singleton bean 'org.springframework.context.annotation.internalCommonAnnotationProcessor'
2016-02-03 20:18:25,949 DEBUG   main [org.springframework.beans.factory.support.DefaultListableBeanFactory] Creating instance of bean 'org.springframework.context.annotation.internalCommonAnnotationProcessor'
2016-02-03 20:18:25,968 DEBUG   main [org.springframework.beans.factory.support.DefaultListableBeanFactory] Eagerly caching bean 'org.springframework.context.annotation.internalCommonAnnotationProcessor' to allow for resolving potential circular references
2016-02-03 20:18:25,968 DEBUG   main [org.springframework.beans.factory.support.DefaultListableBeanFactory] Finished creating instance of bean 'org.springframework.context.annotation.internalCommonAnnotationProcessor'
2016-02-03 20:18:25,968 DEBUG   main [org.springframework.beans.factory.support.DefaultListableBeanFactory] Creating shared instance of singleton bean 'org.springframework.context.annotation.ConfigurationClassPostProcessor.importAwareProcessor'
2016-02-03 20:18:25,968 DEBUG   main [org.springframework.beans.factory.support.DefaultListableBeanFactory] Creating instance of bean 'org.springframework.context.annotation.ConfigurationClassPostProcessor.importAwareProcessor'
2016-02-03 20:18:25,968 DEBUG   main [org.springframework.beans.factory.support.DefaultListableBeanFactory] Eagerly caching bean 'org.springframework.context.annotation.ConfigurationClassPostProcessor.importAwareProcessor' to allow for resolving potential circular references
2016-02-03 20:18:25,969 DEBUG   main [org.springframework.beans.factory.support.DefaultListableBeanFactory] Finished creating instance of bean 'org.springframework.context.annotation.ConfigurationClassPostProcessor.importAwareProcessor'
2016-02-03 20:18:25,969 DEBUG   main [org.springframework.beans.factory.support.DefaultListableBeanFactory] Creating shared instance of singleton bean 'org.springframework.context.annotation.ConfigurationClassPostProcessor.enhancedConfigurationProcessor'
2016-02-03 20:18:25,969 DEBUG   main [org.springframework.beans.factory.support.DefaultListableBeanFactory] Creating instance of bean 'org.springframework.context.annotation.ConfigurationClassPostProcessor.enhancedConfigurationProcessor'
2016-02-03 20:18:25,970 DEBUG   main [org.springframework.beans.factory.support.DefaultListableBeanFactory] Eagerly caching bean 'org.springframework.context.annotation.ConfigurationClassPostProcessor.enhancedConfigurationProcessor' to allow for resolving potential circular references
2016-02-03 20:18:25,971 DEBUG   main [org.springframework.beans.factory.support.DefaultListableBeanFactory] Finished creating instance of bean 'org.springframework.context.annotation.ConfigurationClassPostProcessor.enhancedConfigurationProcessor'
2016-02-03 20:18:25,978 DEBUG   main [org.springframework.context.support.ClassPathXmlApplicationContext] Unable to locate MessageSource with name 'messageSource': using default [org.springframework.context.support.DelegatingMessageSource@5fc0bc26]
2016-02-03 20:18:25,982 DEBUG   main [org.springframework.context.support.ClassPathXmlApplicationContext] Unable to locate ApplicationEventMulticaster with name 'applicationEventMulticaster': using default [org.springframework.context.event.SimpleApplicationEventMulticaster@76f9d876]
2016-02-03 20:18:25,983 DEBUG   main [org.springframework.beans.factory.support.DefaultListableBeanFactory] Pre-instantiating singletons in org.springframework.beans.factory.support.DefaultListableBeanFactory@40a49a3: defining beans [userRepositoryImpl,org.springframework.context.annotation.internalConfigurationAnnotationProcessor,org.springframework.context.annotation.internalAutowiredAnnotationProcessor,org.springframework.context.annotation.internalRequiredAnnotationProcessor,org.springframework.context.annotation.internalCommonAnnotationProcessor,simpleDirContextAuthenticationStrategy,userReposImpl,contextSource,ldapTemplate,org.springframework.context.annotation.ConfigurationClassPostProcessor.importAwareProcessor,org.springframework.context.annotation.ConfigurationClassPostProcessor.enhancedConfigurationProcessor]; root of factory hierarchy
2016-02-03 20:18:25,983 DEBUG   main [org.springframework.beans.factory.support.DefaultListableBeanFactory] Creating shared instance of singleton bean 'userRepositoryImpl'
2016-02-03 20:18:25,983 DEBUG   main [org.springframework.beans.factory.support.DefaultListableBeanFactory] Creating instance of bean 'userRepositoryImpl'
2016-02-03 20:18:26,023 DEBUG   main [org.springframework.beans.factory.annotation.InjectionMetadata] Registered injected element on class [ldap.advance.example.UserRepositoryImpl]: AutowiredFieldElement for private org.springframework.ldap.core.LdapTemplate ldap.advance.example.UserRepositoryImpl.ldapTemplate
2016-02-03 20:18:26,023 DEBUG   main [org.springframework.beans.factory.support.DefaultListableBeanFactory] Eagerly caching bean 'userRepositoryImpl' to allow for resolving potential circular references
2016-02-03 20:18:26,027 TRACE   main [org.springframework.core.io.support.SpringFactoriesLoader] Loaded [org.springframework.beans.BeanInfoFactory] names: [org.springframework.beans.ExtendedBeanInfoFactory]
2016-02-03 20:18:26,028 TRACE   main [org.springframework.beans.CachedIntrospectionResults] Getting BeanInfo for class [ldap.advance.example.UserRepositoryImpl]
2016-02-03 20:18:26,042 TRACE   main [org.springframework.beans.CachedIntrospectionResults] Caching PropertyDescriptors for class [ldap.advance.example.UserRepositoryImpl]
2016-02-03 20:18:26,043 TRACE   main [org.springframework.beans.CachedIntrospectionResults] Found bean property 'allUserNames' of type [java.util.List]
2016-02-03 20:18:26,046 TRACE   main [org.springframework.beans.CachedIntrospectionResults] Found bean property 'allUsers' of type [java.util.List]
2016-02-03 20:18:26,047 TRACE   main [org.springframework.beans.CachedIntrospectionResults] Found bean property 'class' of type [java.lang.Class]
2016-02-03 20:18:26,055 DEBUG   main [org.springframework.beans.factory.annotation.InjectionMetadata] Processing injected element of bean 'userRepositoryImpl': AutowiredFieldElement for private org.springframework.ldap.core.LdapTemplate ldap.advance.example.UserRepositoryImpl.ldapTemplate
2016-02-03 20:18:26,065 DEBUG   main [org.springframework.beans.factory.support.DefaultListableBeanFactory] Creating shared instance of singleton bean 'ldapTemplate'
2016-02-03 20:18:26,065 DEBUG   main [org.springframework.beans.factory.support.DefaultListableBeanFactory] Creating instance of bean 'ldapTemplate'
2016-02-03 20:18:26,093 DEBUG   main [org.springframework.beans.factory.support.DefaultListableBeanFactory] Eagerly caching bean 'ldapTemplate' to allow for resolving potential circular references
2016-02-03 20:18:26,093 TRACE   main [org.springframework.beans.CachedIntrospectionResults] Getting BeanInfo for class [org.springframework.ldap.core.LdapTemplate]
2016-02-03 20:18:26,115 TRACE   main [org.springframework.beans.CachedIntrospectionResults] Caching PropertyDescriptors for class [org.springframework.ldap.core.LdapTemplate]
2016-02-03 20:18:26,116 TRACE   main [org.springframework.beans.CachedIntrospectionResults] Found bean property 'class' of type [java.lang.Class]
2016-02-03 20:18:26,116 TRACE   main [org.springframework.beans.CachedIntrospectionResults] Found bean property 'contextSource' of type [org.springframework.ldap.core.ContextSource]
2016-02-03 20:18:26,116 TRACE   main [org.springframework.beans.CachedIntrospectionResults] Found bean property 'defaultCountLimit' of type [int]
2016-02-03 20:18:26,116 TRACE   main [org.springframework.beans.CachedIntrospectionResults] Found bean property 'defaultSearchScope' of type [int]
2016-02-03 20:18:26,116 TRACE   main [org.springframework.beans.CachedIntrospectionResults] Found bean property 'defaultTimeLimit' of type [int]
2016-02-03 20:18:26,117 TRACE   main [org.springframework.beans.CachedIntrospectionResults] Found bean property 'ignoreNameNotFoundException' of type [boolean]
2016-02-03 20:18:26,117 TRACE   main [org.springframework.beans.CachedIntrospectionResults] Found bean property 'ignorePartialResultException' of type [boolean]
2016-02-03 20:18:26,118 TRACE   main [org.springframework.beans.CachedIntrospectionResults] Found bean property 'ignoreSizeLimitExceededException' of type [boolean]
2016-02-03 20:18:26,118 TRACE   main [org.springframework.beans.CachedIntrospectionResults] Found bean property 'objectDirectoryMapper' of type [org.springframework.ldap.odm.core.ObjectDirectoryMapper]
2016-02-03 20:18:26,128 DEBUG   main [org.springframework.beans.factory.support.DefaultListableBeanFactory] Creating shared instance of singleton bean 'contextSource'
2016-02-03 20:18:26,130 DEBUG   main [org.springframework.beans.factory.support.DefaultListableBeanFactory] Creating instance of bean 'contextSource'
2016-02-03 20:18:26,143 DEBUG   main [org.springframework.beans.factory.support.DefaultListableBeanFactory] Creating instance of bean '(inner bean)#5717e2b2'
2016-02-03 20:18:26,173 TRACE   main [org.springframework.beans.CachedIntrospectionResults] Getting BeanInfo for class [org.springframework.ldap.core.support.LdapContextSource]
2016-02-03 20:18:26,177 TRACE   main [org.springframework.beans.CachedIntrospectionResults] Caching PropertyDescriptors for class [org.springframework.ldap.core.support.LdapContextSource]
2016-02-03 20:18:26,178 TRACE   main [org.springframework.beans.CachedIntrospectionResults] Found bean property 'anonymousReadOnly' of type [boolean]
2016-02-03 20:18:26,178 TRACE   main [org.springframework.beans.CachedIntrospectionResults] Found bean property 'authenticationSource' of type [org.springframework.ldap.core.AuthenticationSource]
2016-02-03 20:18:26,178 TRACE   main [org.springframework.beans.CachedIntrospectionResults] Found bean property 'authenticationStrategy' of type [org.springframework.ldap.core.support.DirContextAuthenticationStrategy]
2016-02-03 20:18:26,178 TRACE   main [org.springframework.beans.CachedIntrospectionResults] Found bean property 'base' of type [java.lang.String]
2016-02-03 20:18:26,178 TRACE   main [org.springframework.beans.CachedIntrospectionResults] Found bean property 'baseEnvironmentProperties' of type [java.util.Map]
2016-02-03 20:18:26,178 TRACE   main [org.springframework.beans.CachedIntrospectionResults] Found bean property 'baseLdapName' of type [javax.naming.ldap.LdapName]
2016-02-03 20:18:26,178 TRACE   main [org.springframework.beans.CachedIntrospectionResults] Found bean property 'baseLdapPath' of type [org.springframework.ldap.core.DistinguishedName]
2016-02-03 20:18:26,178 TRACE   main [org.springframework.beans.CachedIntrospectionResults] Found bean property 'baseLdapPathAsString' of type [java.lang.String]
2016-02-03 20:18:26,178 TRACE   main [org.springframework.beans.CachedIntrospectionResults] Found bean property 'cacheEnvironmentProperties' of type [boolean]
2016-02-03 20:18:26,179 TRACE   main [org.springframework.beans.CachedIntrospectionResults] Found bean property 'class' of type [java.lang.Class]
2016-02-03 20:18:26,179 TRACE   main [org.springframework.beans.CachedIntrospectionResults] Found bean property 'contextFactory' of type [java.lang.Class]
2016-02-03 20:18:26,179 TRACE   main [org.springframework.beans.CachedIntrospectionResults] Found bean property 'dirObjectFactory' of type [java.lang.Class]
2016-02-03 20:18:26,179 TRACE   main [org.springframework.beans.CachedIntrospectionResults] Found bean property 'password' of type [java.lang.String]
2016-02-03 20:18:26,179 TRACE   main [org.springframework.beans.CachedIntrospectionResults] Found bean property 'pooled' of type [boolean]
2016-02-03 20:18:26,179 TRACE   main [org.springframework.beans.CachedIntrospectionResults] Found bean property 'readOnlyContext' of type [javax.naming.directory.DirContext]
2016-02-03 20:18:26,179 TRACE   main [org.springframework.beans.CachedIntrospectionResults] Found bean property 'readWriteContext' of type [javax.naming.directory.DirContext]
2016-02-03 20:18:26,180 TRACE   main [org.springframework.beans.CachedIntrospectionResults] Found bean property 'referral' of type [java.lang.String]
2016-02-03 20:18:26,180 TRACE   main [org.springframework.beans.CachedIntrospectionResults] Found bean property 'url' of type [java.lang.String]
2016-02-03 20:18:26,180 TRACE   main [org.springframework.beans.CachedIntrospectionResults] Found bean property 'urls' of type [[Ljava.lang.String;]
2016-02-03 20:18:26,180 TRACE   main [org.springframework.beans.CachedIntrospectionResults] Found bean property 'userDn' of type [java.lang.String]
2016-02-03 20:18:26,184 DEBUG   main [org.springframework.beans.factory.support.DefaultListableBeanFactory] Creating instance of bean '(inner bean)#5f1c0ef'
2016-02-03 20:18:26,198 TRACE   main [org.springframework.beans.CachedIntrospectionResults] Getting BeanInfo for class [[Ljava.lang.String;]
2016-02-03 20:18:26,199 TRACE   main [org.springframework.beans.CachedIntrospectionResults] Caching PropertyDescriptors for class [[Ljava.lang.String;]
2016-02-03 20:18:26,199 TRACE   main [org.springframework.beans.CachedIntrospectionResults] Found bean property 'class' of type [java.lang.Class]
2016-02-03 20:18:26,200 DEBUG   main [org.springframework.beans.factory.support.DefaultListableBeanFactory] Finished creating instance of bean '(inner bean)#5f1c0ef'
2016-02-03 20:18:26,201 DEBUG   main [org.springframework.beans.factory.support.DefaultListableBeanFactory] Creating shared instance of singleton bean 'simpleDirContextAuthenticationStrategy'
2016-02-03 20:18:26,201 DEBUG   main [org.springframework.beans.factory.support.DefaultListableBeanFactory] Creating instance of bean 'simpleDirContextAuthenticationStrategy'
2016-02-03 20:18:26,202 DEBUG   main [org.springframework.beans.factory.support.DefaultListableBeanFactory] Eagerly caching bean 'simpleDirContextAuthenticationStrategy' to allow for resolving potential circular references
2016-02-03 20:18:26,203 TRACE   main [org.springframework.beans.CachedIntrospectionResults] Getting BeanInfo for class [org.springframework.ldap.core.support.SimpleDirContextAuthenticationStrategy]
2016-02-03 20:18:26,205 TRACE   main [org.springframework.beans.CachedIntrospectionResults] Caching PropertyDescriptors for class [org.springframework.ldap.core.support.SimpleDirContextAuthenticationStrategy]
2016-02-03 20:18:26,206 TRACE   main [org.springframework.beans.CachedIntrospectionResults] Found bean property 'class' of type [java.lang.Class]
2016-02-03 20:18:26,206 DEBUG   main [org.springframework.beans.factory.support.DefaultListableBeanFactory] Finished creating instance of bean 'simpleDirContextAuthenticationStrategy'
2016-02-03 20:18:26,208 DEBUG   main [org.springframework.beans.factory.support.DefaultListableBeanFactory] Invoking afterPropertiesSet() on bean with name '(inner bean)#5717e2b2'
2016-02-03 20:18:26,213 DEBUG   main [org.springframework.beans.factory.support.DefaultListableBeanFactory] Finished creating instance of bean '(inner bean)#5717e2b2'
2016-02-03 20:18:26,216 DEBUG   main [org.springframework.beans.factory.support.DefaultListableBeanFactory] Eagerly caching bean 'contextSource' to allow for resolving potential circular references
2016-02-03 20:18:26,216 TRACE   main [org.springframework.beans.CachedIntrospectionResults] Getting BeanInfo for class [org.springframework.ldap.transaction.compensating.manager.TransactionAwareContextSourceProxy]
2016-02-03 20:18:26,218 TRACE   main [org.springframework.beans.CachedIntrospectionResults] Caching PropertyDescriptors for class [org.springframework.ldap.transaction.compensating.manager.TransactionAwareContextSourceProxy]
2016-02-03 20:18:26,218 TRACE   main [org.springframework.beans.CachedIntrospectionResults] Found bean property 'baseLdapName' of type [javax.naming.ldap.LdapName]
2016-02-03 20:18:26,218 TRACE   main [org.springframework.beans.CachedIntrospectionResults] Found bean property 'baseLdapPath' of type [org.springframework.ldap.core.DistinguishedName]
2016-02-03 20:18:26,218 TRACE   main [org.springframework.beans.CachedIntrospectionResults] Found bean property 'baseLdapPathAsString' of type [java.lang.String]
2016-02-03 20:18:26,218 TRACE   main [org.springframework.beans.CachedIntrospectionResults] Found bean property 'class' of type [java.lang.Class]
2016-02-03 20:18:26,219 TRACE   main [org.springframework.beans.CachedIntrospectionResults] Found bean property 'readOnlyContext' of type [javax.naming.directory.DirContext]
2016-02-03 20:18:26,219 TRACE   main [org.springframework.beans.CachedIntrospectionResults] Found bean property 'readWriteContext' of type [javax.naming.directory.DirContext]
2016-02-03 20:18:26,219 TRACE   main [org.springframework.beans.CachedIntrospectionResults] Found bean property 'target' of type [org.springframework.ldap.core.ContextSource]
2016-02-03 20:18:26,219 DEBUG   main [org.springframework.beans.factory.support.DefaultListableBeanFactory] Finished creating instance of bean 'contextSource'
2016-02-03 20:18:26,223 DEBUG   main [org.springframework.beans.factory.support.DefaultListableBeanFactory] Invoking afterPropertiesSet() on bean with name 'ldapTemplate'
2016-02-03 20:18:26,224 DEBUG   main [org.springframework.beans.factory.support.DefaultListableBeanFactory] Finished creating instance of bean 'ldapTemplate'
2016-02-03 20:18:26,225 DEBUG   main [org.springframework.beans.factory.annotation.AutowiredAnnotationBeanPostProcessor] Autowiring by type from bean name 'userRepositoryImpl' to bean named 'ldapTemplate'
2016-02-03 20:18:26,226 DEBUG   main [org.springframework.beans.factory.support.DefaultListableBeanFactory] Finished creating instance of bean 'userRepositoryImpl'
2016-02-03 20:18:26,227 DEBUG   main [org.springframework.beans.factory.support.DefaultListableBeanFactory] Returning cached instance of singleton bean 'org.springframework.context.annotation.internalConfigurationAnnotationProcessor'
2016-02-03 20:18:26,228 DEBUG   main [org.springframework.beans.factory.support.DefaultListableBeanFactory] Returning cached instance of singleton bean 'org.springframework.context.annotation.internalAutowiredAnnotationProcessor'
2016-02-03 20:18:26,228 DEBUG   main [org.springframework.beans.factory.support.DefaultListableBeanFactory] Returning cached instance of singleton bean 'org.springframework.context.annotation.internalRequiredAnnotationProcessor'
2016-02-03 20:18:26,228 DEBUG   main [org.springframework.beans.factory.support.DefaultListableBeanFactory] Returning cached instance of singleton bean 'org.springframework.context.annotation.internalCommonAnnotationProcessor'
2016-02-03 20:18:26,228 DEBUG   main [org.springframework.beans.factory.support.DefaultListableBeanFactory] Returning cached instance of singleton bean 'simpleDirContextAuthenticationStrategy'
2016-02-03 20:18:26,228 DEBUG   main [org.springframework.beans.factory.support.DefaultListableBeanFactory] Creating shared instance of singleton bean 'userReposImpl'
2016-02-03 20:18:26,228 DEBUG   main [org.springframework.beans.factory.support.DefaultListableBeanFactory] Creating instance of bean 'userReposImpl'
2016-02-03 20:18:26,229 DEBUG   main [org.springframework.beans.factory.annotation.InjectionMetadata] Registered injected element on class [ldap.advance.example.UserRepositoryImpl]: AutowiredFieldElement for private org.springframework.ldap.core.LdapTemplate ldap.advance.example.UserRepositoryImpl.ldapTemplate
2016-02-03 20:18:26,229 DEBUG   main [org.springframework.beans.factory.support.DefaultListableBeanFactory] Eagerly caching bean 'userReposImpl' to allow for resolving potential circular references
2016-02-03 20:18:26,230 DEBUG   main [org.springframework.beans.factory.annotation.InjectionMetadata] Processing injected element of bean 'userReposImpl': AutowiredFieldElement for private org.springframework.ldap.core.LdapTemplate ldap.advance.example.UserRepositoryImpl.ldapTemplate
2016-02-03 20:18:26,230 DEBUG   main [org.springframework.beans.factory.support.DefaultListableBeanFactory] Returning cached instance of singleton bean 'ldapTemplate'
2016-02-03 20:18:26,230 DEBUG   main [org.springframework.beans.factory.annotation.AutowiredAnnotationBeanPostProcessor] Autowiring by type from bean name 'userReposImpl' to bean named 'ldapTemplate'
2016-02-03 20:18:26,230 DEBUG   main [org.springframework.beans.factory.support.DefaultListableBeanFactory] Finished creating instance of bean 'userReposImpl'
2016-02-03 20:18:26,231 DEBUG   main [org.springframework.beans.factory.support.DefaultListableBeanFactory] Returning cached instance of singleton bean 'contextSource'
2016-02-03 20:18:26,231 DEBUG   main [org.springframework.beans.factory.support.DefaultListableBeanFactory] Returning cached instance of singleton bean 'ldapTemplate'
2016-02-03 20:18:26,231 DEBUG   main [org.springframework.beans.factory.support.DefaultListableBeanFactory] Returning cached instance of singleton bean 'org.springframework.context.annotation.ConfigurationClassPostProcessor.importAwareProcessor'
2016-02-03 20:18:26,231 DEBUG   main [org.springframework.beans.factory.support.DefaultListableBeanFactory] Returning cached instance of singleton bean 'org.springframework.context.annotation.ConfigurationClassPostProcessor.enhancedConfigurationProcessor'
2016-02-03 20:18:26,232 DEBUG   main [org.springframework.context.support.ClassPathXmlApplicationContext] Unable to locate LifecycleProcessor with name 'lifecycleProcessor': using default [org.springframework.context.support.DefaultLifecycleProcessor@14f94672]
2016-02-03 20:18:26,233 DEBUG   main [org.springframework.beans.factory.support.DefaultListableBeanFactory] Returning cached instance of singleton bean 'lifecycleProcessor'
2016-02-03 20:18:26,233 TRACE   main [org.springframework.context.support.ClassPathXmlApplicationContext] Publishing event in org.springframework.context.support.ClassPathXmlApplicationContext@6ed6ee82: org.springframework.context.event.ContextRefreshedEvent[source=org.springframework.context.support.ClassPathXmlApplicationContext@6ed6ee82: startup date [Wed Feb 03 20:18:25 EST 2016]; root of context hierarchy]
2016-02-03 20:18:26,235 TRACE   main [org.springframework.core.env.PropertySourcesPropertyResolver] getProperty("spring.liveBeansView.mbeanDomain", String)
2016-02-03 20:18:26,235 DEBUG   main [org.springframework.core.env.PropertySourcesPropertyResolver] Searching for key 'spring.liveBeansView.mbeanDomain' in [systemProperties]
2016-02-03 20:18:26,235 DEBUG   main [org.springframework.core.env.PropertySourcesPropertyResolver] Searching for key 'spring.liveBeansView.mbeanDomain' in [systemEnvironment]
2016-02-03 20:18:26,236 DEBUG   main [org.springframework.core.env.PropertySourcesPropertyResolver] Could not find key 'spring.liveBeansView.mbeanDomain' in any property source. Returning [null]
2016-02-03 20:18:26,236 INFO   main [ldap.advance.example.test.LdapApp] Test started at Wed Feb 03 20:18:25 EST 2016
2016-02-03 20:18:26,236 DEBUG   main [org.springframework.beans.factory.support.DefaultListableBeanFactory] Returning cached instance of singleton bean 'userReposImpl'
2016-02-03 20:18:26,236 INFO   main [ldap.advance.example.UserRepositoryImpl] executing {createUser}
2016-02-03 20:25:21,359 DEBUG   main [org.springframework.core.env.StandardEnvironment] Adding [systemProperties] PropertySource with lowest search precedence
2016-02-03 20:25:21,369 DEBUG   main [org.springframework.core.env.StandardEnvironment] Adding [systemEnvironment] PropertySource with lowest search precedence
2016-02-03 20:25:21,370 DEBUG   main [org.springframework.core.env.StandardEnvironment] Initialized StandardEnvironment with PropertySources [systemProperties,systemEnvironment]
2016-02-03 20:25:21,377 INFO   main [org.springframework.context.support.ClassPathXmlApplicationContext] Refreshing org.springframework.context.support.ClassPathXmlApplicationContext@6ed6ee82: startup date [Wed Feb 03 20:25:21 EST 2016]; root of context hierarchy
2016-02-03 20:25:21,449 DEBUG   main [org.springframework.core.env.StandardEnvironment] Adding [systemProperties] PropertySource with lowest search precedence
2016-02-03 20:25:21,450 DEBUG   main [org.springframework.core.env.StandardEnvironment] Adding [systemEnvironment] PropertySource with lowest search precedence
2016-02-03 20:25:21,450 DEBUG   main [org.springframework.core.env.StandardEnvironment] Initialized StandardEnvironment with PropertySources [systemProperties,systemEnvironment]
2016-02-03 20:25:21,471 INFO   main [org.springframework.beans.factory.xml.XmlBeanDefinitionReader] Loading XML bean definitions from class path resource [spring-ldap-example.xml]
2016-02-03 20:25:21,473 DEBUG   main [org.springframework.beans.factory.xml.DefaultDocumentLoader] Using JAXP provider [com.sun.org.apache.xerces.internal.jaxp.DocumentBuilderFactoryImpl]
2016-02-03 20:25:21,513 TRACE   main [org.springframework.beans.factory.xml.PluggableSchemaResolver] Trying to resolve XML entity with public id [null] and system id [http://www.springframework.org/schema/beans/spring-beans.xsd]
2016-02-03 20:25:21,514 DEBUG   main [org.springframework.beans.factory.xml.PluggableSchemaResolver] Loading schema mappings from [META-INF/spring.schemas]
2016-02-03 20:25:21,549 DEBUG   main [org.springframework.beans.factory.xml.PluggableSchemaResolver] Loaded schema mappings: {http://www.springframework.org/schema/tx/spring-tx-2.5.xsd=org/springframework/transaction/config/spring-tx-2.5.xsd, http://www.springframework.org/schema/cache/spring-cache-4.2.xsd=org/springframework/cache/config/spring-cache-4.2.xsd, http://www.springframework.org/schema/aop/spring-aop-4.1.xsd=org/springframework/aop/config/spring-aop-4.1.xsd, http://www.springframework.org/schema/context/spring-context-3.1.xsd=org/springframework/context/config/spring-context-3.1.xsd, http://www.springframework.org/schema/data/repository/spring-repository-1.4.xsd=org/springframework/data/repository/config/spring-repository-1.4.xsd, http://www.springframework.org/schema/util/spring-util-3.0.xsd=org/springframework/beans/factory/xml/spring-util-3.0.xsd, http://www.springframework.org/schema/tool/spring-tool.xsd=org/springframework/beans/factory/xml/spring-tool-4.2.xsd, http://www.springframework.org/schema/aop/spring-aop-3.2.xsd=org/springframework/aop/config/spring-aop-3.2.xsd, http://www.springframework.org/schema/lang/spring-lang-4.1.xsd=org/springframework/scripting/config/spring-lang-4.1.xsd, http://www.springframework.org/schema/context/spring-context-4.0.xsd=org/springframework/context/config/spring-context-4.0.xsd, http://www.springframework.org/schema/beans/spring-beans-4.2.xsd=org/springframework/beans/factory/xml/spring-beans-4.2.xsd, http://www.springframework.org/schema/tool/spring-tool-4.1.xsd=org/springframework/beans/factory/xml/spring-tool-4.1.xsd, http://www.springframework.org/schema/lang/spring-lang-3.2.xsd=org/springframework/scripting/config/spring-lang-3.2.xsd, http://www.springframework.org/schema/cache/spring-cache-3.2.xsd=org/springframework/cache/config/spring-cache-3.2.xsd, http://www.springframework.org/schema/jee/spring-jee-4.1.xsd=org/springframework/ejb/config/spring-jee-4.1.xsd, http://www.springframework.org/schema/task/spring-task-4.2.xsd=org/springframework/scheduling/config/spring-task-4.2.xsd, http://www.springframework.org/schema/util/spring-util-2.0.xsd=org/springframework/beans/factory/xml/spring-util-2.0.xsd, http://www.springframework.org/schema/tool/spring-tool-3.2.xsd=org/springframework/beans/factory/xml/spring-tool-3.2.xsd, http://www.springframework.org/schema/context/spring-context.xsd=org/springframework/context/config/spring-context-4.2.xsd, http://www.springframework.org/schema/tx/spring-tx-4.2.xsd=org/springframework/transaction/config/spring-tx-4.2.xsd, http://www.springframework.org/schema/cache/spring-cache-4.1.xsd=org/springframework/cache/config/spring-cache-4.1.xsd, http://www.springframework.org/schema/aop/spring-aop-4.0.xsd=org/springframework/aop/config/spring-aop-4.0.xsd, http://www.springframework.org/schema/jee/spring-jee-3.2.xsd=org/springframework/ejb/config/spring-jee-3.2.xsd, http://www.springframework.org/schema/context/spring-context-3.0.xsd=org/springframework/context/config/spring-context-3.0.xsd, http://www.springframework.org/schema/util/spring-util-2.5.xsd=org/springframework/beans/factory/xml/spring-util-2.5.xsd, http://www.springframework.org/schema/beans/spring-beans-3.2.xsd=org/springframework/beans/factory/xml/spring-beans-3.2.xsd, http://www.springframework.org/schema/aop/spring-aop-3.1.xsd=org/springframework/aop/config/spring-aop-3.1.xsd, http://www.springframework.org/schema/ldap/spring-ldap-2.0.xsd=org/springframework/ldap/config/spring-ldap-2.0.xsd, http://www.springframework.org/schema/lang/spring-lang-4.0.xsd=org/springframework/scripting/config/spring-lang-4.0.xsd, http://www.springframework.org/schema/beans/spring-beans-4.1.xsd=org/springframework/beans/factory/xml/spring-beans-4.1.xsd, http://www.springframework.org/schema/tool/spring-tool-4.0.xsd=org/springframework/beans/factory/xml/spring-tool-4.0.xsd, http://www.springframework.org/schema/tx/spring-tx-3.2.xsd=org/springframework/transaction/config/spring-tx-3.2.xsd, http://www.springframework.org/schema/lang/spring-lang-3.1.xsd=org/springframework/scripting/config/spring-lang-3.1.xsd, http://www.springframework.org/schema/cache/spring-cache-3.1.xsd=org/springframework/cache/config/spring-cache-3.1.xsd, http://www.springframework.org/schema/jee/spring-jee-4.0.xsd=org/springframework/ejb/config/spring-jee-4.0.xsd, http://www.springframework.org/schema/task/spring-task-4.1.xsd=org/springframework/scheduling/config/spring-task-4.1.xsd, http://www.springframework.org/schema/tool/spring-tool-3.1.xsd=org/springframework/beans/factory/xml/spring-tool-3.1.xsd, http://www.springframework.org/schema/tx/spring-tx-4.1.xsd=org/springframework/transaction/config/spring-tx-4.1.xsd, http://www.springframework.org/schema/cache/spring-cache-4.0.xsd=org/springframework/cache/config/spring-cache-4.0.xsd, http://www.springframework.org/schema/jee/spring-jee-3.1.xsd=org/springframework/ejb/config/spring-jee-3.1.xsd, http://www.springframework.org/schema/task/spring-task-3.2.xsd=org/springframework/scheduling/config/spring-task-3.2.xsd, http://www.springframework.org/schema/util/spring-util-4.2.xsd=org/springframework/beans/factory/xml/spring-util-4.2.xsd, http://www.springframework.org/schema/beans/spring-beans-3.1.xsd=org/springframework/beans/factory/xml/spring-beans-3.1.xsd, http://www.springframework.org/schema/util/spring-util.xsd=org/springframework/beans/factory/xml/spring-util-4.2.xsd, http://www.springframework.org/schema/aop/spring-aop-3.0.xsd=org/springframework/aop/config/spring-aop-3.0.xsd, http://www.springframework.org/schema/data/repository/spring-repository.xsd=org/springframework/data/repository/config/spring-repository-1.7.xsd, http://www.springframework.org/schema/data/repository/spring-repository-1.7.xsd=org/springframework/data/repository/config/spring-repository-1.7.xsd, http://www.springframework.org/schema/ldap/spring-ldap.xsd=org/springframework/ldap/config/spring-ldap-2.0.xsd, http://www.springframework.org/schema/beans/spring-beans-4.0.xsd=org/springframework/beans/factory/xml/spring-beans-4.0.xsd, http://www.springframework.org/schema/beans/spring-beans.xsd=org/springframework/beans/factory/xml/spring-beans-4.2.xsd, http://www.springframework.org/schema/tx/spring-tx-3.1.xsd=org/springframework/transaction/config/spring-tx-3.1.xsd, http://www.springframework.org/schema/lang/spring-lang-3.0.xsd=org/springframework/scripting/config/spring-lang-3.0.xsd, http://www.springframework.org/schema/context/spring-context-2.5.xsd=org/springframework/context/config/spring-context-2.5.xsd, http://www.springframework.org/schema/task/spring-task-4.0.xsd=org/springframework/scheduling/config/spring-task-4.0.xsd, http://www.springframework.org/schema/tool/spring-tool-3.0.xsd=org/springframework/beans/factory/xml/spring-tool-3.0.xsd, http://www.springframework.org/schema/tx/spring-tx-4.0.xsd=org/springframework/transaction/config/spring-tx-4.0.xsd, http://www.springframework.org/schema/aop/spring-aop-2.0.xsd=org/springframework/aop/config/spring-aop-2.0.xsd, http://www.springframework.org/schema/jee/spring-jee-3.0.xsd=org/springframework/ejb/config/spring-jee-3.0.xsd, http://www.springframework.org/schema/util/spring-util-4.1.xsd=org/springframework/beans/factory/xml/spring-util-4.1.xsd, http://www.springframework.org/schema/task/spring-task-3.1.xsd=org/springframework/scheduling/config/spring-task-3.1.xsd, http://www.springframework.org/schema/beans/spring-beans-3.0.xsd=org/springframework/beans/factory/xml/spring-beans-3.0.xsd, http://www.springframework.org/schema/jee/spring-jee.xsd=org/springframework/ejb/config/spring-jee-4.2.xsd, http://www.springframework.org/schema/aop/spring-aop-2.5.xsd=org/springframework/aop/config/spring-aop-2.5.xsd, http://www.springframework.org/schema/lang/spring-lang-2.0.xsd=org/springframework/scripting/config/spring-lang-2.0.xsd, http://www.springframework.org/schema/data/repository/spring-repository-1.6.xsd=org/springframework/data/repository/config/spring-repository-1.6.xsd, http://www.springframework.org/schema/util/spring-util-3.2.xsd=org/springframework/beans/factory/xml/spring-util-3.2.xsd, http://www.springframework.org/schema/task/spring-task.xsd=org/springframework/scheduling/config/spring-task-4.2.xsd, http://www.springframework.org/schema/tool/spring-tool-2.0.xsd=org/springframework/beans/factory/xml/spring-tool-2.0.xsd, http://www.springframework.org/schema/tx/spring-tx-3.0.xsd=org/springframework/transaction/config/spring-tx-3.0.xsd, http://www.springframework.org/schema/lang/spring-lang-2.5.xsd=org/springframework/scripting/config/spring-lang-2.5.xsd, http://www.springframework.org/schema/context/spring-context-4.2.xsd=org/springframework/context/config/spring-context-4.2.xsd, http://www.springframework.org/schema/jee/spring-jee-2.0.xsd=org/springframework/ejb/config/spring-jee-2.0.xsd, http://www.springframework.org/schema/tool/spring-tool-2.5.xsd=org/springframework/beans/factory/xml/spring-tool-2.5.xsd, http://www.springframework.org/schema/jee/spring-jee-2.5.xsd=org/springframework/ejb/config/spring-jee-2.5.xsd, http://www.springframework.org/schema/data/repository/spring-repository-1.0.xsd=org/springframework/data/repository/config/spring-repository-1.0.xsd, http://www.springframework.org/schema/util/spring-util-4.0.xsd=org/springframework/beans/factory/xml/spring-util-4.0.xsd, http://www.springframework.org/schema/task/spring-task-3.0.xsd=org/springframework/scheduling/config/spring-task-3.0.xsd, http://www.springframework.org/schema/aop/spring-aop-4.2.xsd=org/springframework/aop/config/spring-aop-4.2.xsd, http://www.springframework.org/schema/lang/spring-lang.xsd=org/springframework/scripting/config/spring-lang-4.2.xsd, http://www.springframework.org/schema/context/spring-context-3.2.xsd=org/springframework/context/config/spring-context-3.2.xsd, http://www.springframework.org/schema/data/repository/spring-repository-1.5.xsd=org/springframework/data/repository/config/spring-repository-1.5.xsd, http://www.springframework.org/schema/util/spring-util-3.1.xsd=org/springframework/beans/factory/xml/spring-util-3.1.xsd, http://www.springframework.org/schema/beans/spring-beans-2.0.xsd=org/springframework/beans/factory/xml/spring-beans-2.0.xsd, http://www.springframework.org/schema/cache/spring-cache.xsd=org/springframework/cache/config/spring-cache-4.2.xsd, http://www.springframework.org/schema/tx/spring-tx.xsd=org/springframework/transaction/config/spring-tx-4.2.xsd, http://www.springframework.org/schema/lang/spring-lang-4.2.xsd=org/springframework/scripting/config/spring-lang-4.2.xsd, http://www.springframework.org/schema/context/spring-context-4.1.xsd=org/springframework/context/config/spring-context-4.1.xsd, http://www.springframework.org/schema/beans/spring-beans-2.5.xsd=org/springframework/beans/factory/xml/spring-beans-2.5.xsd, http://www.springframework.org/schema/tool/spring-tool-4.2.xsd=org/springframework/beans/factory/xml/spring-tool-4.2.xsd, http://www.springframework.org/schema/tx/spring-tx-2.0.xsd=org/springframework/transaction/config/spring-tx-2.0.xsd, http://www.springframework.org/schema/jee/spring-jee-4.2.xsd=org/springframework/ejb/config/spring-jee-4.2.xsd, http://www.springframework.org/schema/aop/spring-aop.xsd=org/springframework/aop/config/spring-aop-4.2.xsd}
2016-02-03 20:25:21,556 DEBUG   main [org.springframework.beans.factory.xml.PluggableSchemaResolver] Found XML schema [http://www.springframework.org/schema/beans/spring-beans.xsd] in classpath: org/springframework/beans/factory/xml/spring-beans-4.2.xsd
2016-02-03 20:25:21,671 TRACE   main [org.springframework.beans.factory.xml.PluggableSchemaResolver] Trying to resolve XML entity with public id [null] and system id [http://www.springframework.org/schema/context/spring-context.xsd]
2016-02-03 20:25:21,671 DEBUG   main [org.springframework.beans.factory.xml.PluggableSchemaResolver] Found XML schema [http://www.springframework.org/schema/context/spring-context.xsd] in classpath: org/springframework/context/config/spring-context-4.2.xsd
2016-02-03 20:25:21,681 TRACE   main [org.springframework.beans.factory.xml.PluggableSchemaResolver] Trying to resolve XML entity with public id [null] and system id [http://www.springframework.org/schema/tool/spring-tool-4.2.xsd]
2016-02-03 20:25:21,682 DEBUG   main [org.springframework.beans.factory.xml.PluggableSchemaResolver] Found XML schema [http://www.springframework.org/schema/tool/spring-tool-4.2.xsd] in classpath: org/springframework/beans/factory/xml/spring-tool-4.2.xsd
2016-02-03 20:25:21,693 TRACE   main [org.springframework.beans.factory.xml.PluggableSchemaResolver] Trying to resolve XML entity with public id [null] and system id [http://www.springframework.org/schema/ldap/spring-ldap.xsd]
2016-02-03 20:25:21,695 DEBUG   main [org.springframework.beans.factory.xml.PluggableSchemaResolver] Found XML schema [http://www.springframework.org/schema/ldap/spring-ldap.xsd] in classpath: org/springframework/ldap/config/spring-ldap-2.0.xsd
2016-02-03 20:25:21,713 TRACE   main [org.springframework.beans.factory.xml.PluggableSchemaResolver] Trying to resolve XML entity with public id [null] and system id [http://www.springframework.org/schema/data/repository/spring-repository.xsd]
2016-02-03 20:25:21,714 DEBUG   main [org.springframework.beans.factory.xml.PluggableSchemaResolver] Found XML schema [http://www.springframework.org/schema/data/repository/spring-repository.xsd] in classpath: org/springframework/data/repository/config/spring-repository-1.7.xsd
2016-02-03 20:25:21,742 DEBUG   main [org.springframework.beans.factory.xml.DefaultBeanDefinitionDocumentReader] Loading bean definitions
2016-02-03 20:25:21,763 DEBUG   main [org.springframework.beans.factory.xml.DefaultNamespaceHandlerResolver] Loaded NamespaceHandler mappings: {http://www.springframework.org/schema/p=org.springframework.beans.factory.xml.SimplePropertyNamespaceHandler, http://www.springframework.org/schema/util=org.springframework.beans.factory.xml.UtilNamespaceHandler, http://www.springframework.org/schema/jee=org.springframework.ejb.config.JeeNamespaceHandler, http://www.springframework.org/schema/aop=org.springframework.aop.config.AopNamespaceHandler, http://www.springframework.org/schema/data/repository=org.springframework.data.repository.config.RepositoryNameSpaceHandler, http://www.springframework.org/schema/cache=org.springframework.cache.config.CacheNamespaceHandler, http://www.springframework.org/schema/c=org.springframework.beans.factory.xml.SimpleConstructorNamespaceHandler, http://www.springframework.org/schema/ldap=org.springframework.ldap.config.LdapNamespaceHandler, http://www.springframework.org/schema/tx=org.springframework.transaction.config.TxNamespaceHandler, http://www.springframework.org/schema/task=org.springframework.scheduling.config.TaskNamespaceHandler, http://www.springframework.org/schema/lang=org.springframework.scripting.config.LangNamespaceHandler, http://www.springframework.org/schema/context=org.springframework.context.config.ContextNamespaceHandler}
2016-02-03 20:25:21,810 DEBUG   main [org.springframework.core.env.StandardEnvironment] Adding [systemProperties] PropertySource with lowest search precedence
2016-02-03 20:25:21,811 DEBUG   main [org.springframework.core.env.StandardEnvironment] Adding [systemEnvironment] PropertySource with lowest search precedence
2016-02-03 20:25:21,811 DEBUG   main [org.springframework.core.env.StandardEnvironment] Initialized StandardEnvironment with PropertySources [systemProperties,systemEnvironment]
2016-02-03 20:25:21,866 DEBUG   main [org.springframework.core.io.support.PathMatchingResourcePatternResolver] Looking for matching resources in directory tree [C:\Eclipse\workspace\spring-ldap-example\bin\ldap\advance\example]
2016-02-03 20:25:21,867 DEBUG   main [org.springframework.core.io.support.PathMatchingResourcePatternResolver] Searching directory [C:\Eclipse\workspace\spring-ldap-example\bin\ldap\advance\example] for files matching pattern [C:/Eclipse/workspace/spring-ldap-example/bin/ldap/advance/example/**/*.class]
2016-02-03 20:25:21,872 DEBUG   main [org.springframework.core.io.support.PathMatchingResourcePatternResolver] Searching directory [C:\Eclipse\workspace\spring-ldap-example\bin\ldap\advance\example\test] for files matching pattern [C:/Eclipse/workspace/spring-ldap-example/bin/ldap/advance/example/**/*.class]
2016-02-03 20:25:21,883 DEBUG   main [org.springframework.core.io.support.PathMatchingResourcePatternResolver] Resolved location pattern [classpath*:ldap/advance/example/**/*.class] to resources [file [C:\Eclipse\workspace\spring-ldap-example\bin\ldap\advance\example\test\LdapApp.class], file [C:\Eclipse\workspace\spring-ldap-example\bin\ldap\advance\example\User.class], file [C:\Eclipse\workspace\spring-ldap-example\bin\ldap\advance\example\UserRepositoryImpl$MultipleAttributesMapper.class], file [C:\Eclipse\workspace\spring-ldap-example\bin\ldap\advance\example\UserRepositoryImpl$SingleAttributesMapper.class], file [C:\Eclipse\workspace\spring-ldap-example\bin\ldap\advance\example\UserRepositoryImpl$UserAttributesMapper.class], file [C:\Eclipse\workspace\spring-ldap-example\bin\ldap\advance\example\UserRepositoryImpl.class], file [C:\Eclipse\workspace\spring-ldap-example\bin\ldap\advance\example\UserRepositoryIntf.class]]
2016-02-03 20:25:21,883 TRACE   main [org.springframework.context.annotation.ClassPathBeanDefinitionScanner] Scanning file [C:\Eclipse\workspace\spring-ldap-example\bin\ldap\advance\example\test\LdapApp.class]
2016-02-03 20:25:21,920 TRACE   main [org.springframework.context.annotation.ClassPathBeanDefinitionScanner] Ignored because not matching any filter: file [C:\Eclipse\workspace\spring-ldap-example\bin\ldap\advance\example\test\LdapApp.class]
2016-02-03 20:25:21,920 TRACE   main [org.springframework.context.annotation.ClassPathBeanDefinitionScanner] Scanning file [C:\Eclipse\workspace\spring-ldap-example\bin\ldap\advance\example\User.class]
2016-02-03 20:25:21,921 TRACE   main [org.springframework.context.annotation.ClassPathBeanDefinitionScanner] Ignored because not matching any filter: file [C:\Eclipse\workspace\spring-ldap-example\bin\ldap\advance\example\User.class]
2016-02-03 20:25:21,921 TRACE   main [org.springframework.context.annotation.ClassPathBeanDefinitionScanner] Scanning file [C:\Eclipse\workspace\spring-ldap-example\bin\ldap\advance\example\UserRepositoryImpl$MultipleAttributesMapper.class]
2016-02-03 20:25:21,922 TRACE   main [org.springframework.context.annotation.ClassPathBeanDefinitionScanner] Ignored because not matching any filter: file [C:\Eclipse\workspace\spring-ldap-example\bin\ldap\advance\example\UserRepositoryImpl$MultipleAttributesMapper.class]
2016-02-03 20:25:21,922 TRACE   main [org.springframework.context.annotation.ClassPathBeanDefinitionScanner] Scanning file [C:\Eclipse\workspace\spring-ldap-example\bin\ldap\advance\example\UserRepositoryImpl$SingleAttributesMapper.class]
2016-02-03 20:25:21,923 TRACE   main [org.springframework.context.annotation.ClassPathBeanDefinitionScanner] Ignored because not matching any filter: file [C:\Eclipse\workspace\spring-ldap-example\bin\ldap\advance\example\UserRepositoryImpl$SingleAttributesMapper.class]
2016-02-03 20:25:21,923 TRACE   main [org.springframework.context.annotation.ClassPathBeanDefinitionScanner] Scanning file [C:\Eclipse\workspace\spring-ldap-example\bin\ldap\advance\example\UserRepositoryImpl$UserAttributesMapper.class]
2016-02-03 20:25:21,924 TRACE   main [org.springframework.context.annotation.ClassPathBeanDefinitionScanner] Ignored because not matching any filter: file [C:\Eclipse\workspace\spring-ldap-example\bin\ldap\advance\example\UserRepositoryImpl$UserAttributesMapper.class]
2016-02-03 20:25:21,924 TRACE   main [org.springframework.context.annotation.ClassPathBeanDefinitionScanner] Scanning file [C:\Eclipse\workspace\spring-ldap-example\bin\ldap\advance\example\UserRepositoryImpl.class]
2016-02-03 20:25:21,939 DEBUG   main [org.springframework.context.annotation.ClassPathBeanDefinitionScanner] Identified candidate component class: file [C:\Eclipse\workspace\spring-ldap-example\bin\ldap\advance\example\UserRepositoryImpl.class]
2016-02-03 20:25:21,939 TRACE   main [org.springframework.context.annotation.ClassPathBeanDefinitionScanner] Scanning file [C:\Eclipse\workspace\spring-ldap-example\bin\ldap\advance\example\UserRepositoryIntf.class]
2016-02-03 20:25:21,939 TRACE   main [org.springframework.context.annotation.ClassPathBeanDefinitionScanner] Ignored because not matching any filter: file [C:\Eclipse\workspace\spring-ldap-example\bin\ldap\advance\example\UserRepositoryIntf.class]
2016-02-03 20:25:22,018 DEBUG   main [org.springframework.beans.factory.xml.XmlBeanDefinitionReader] Loaded 9 bean definitions from location pattern [spring-ldap-example.xml]
2016-02-03 20:25:22,018 DEBUG   main [org.springframework.context.support.ClassPathXmlApplicationContext] Bean factory for org.springframework.context.support.ClassPathXmlApplicationContext@6ed6ee82: org.springframework.beans.factory.support.DefaultListableBeanFactory@5c5d9afc: defining beans [userRepositoryImpl,org.springframework.context.annotation.internalConfigurationAnnotationProcessor,org.springframework.context.annotation.internalAutowiredAnnotationProcessor,org.springframework.context.annotation.internalRequiredAnnotationProcessor,org.springframework.context.annotation.internalCommonAnnotationProcessor,simpleDirContextAuthenticationStrategy,userReposImpl,contextSource,ldapTemplate]; root of factory hierarchy
2016-02-03 20:25:22,091 DEBUG   main [org.springframework.beans.factory.support.DefaultListableBeanFactory] Creating shared instance of singleton bean 'org.springframework.context.annotation.internalConfigurationAnnotationProcessor'
2016-02-03 20:25:22,091 DEBUG   main [org.springframework.beans.factory.support.DefaultListableBeanFactory] Creating instance of bean 'org.springframework.context.annotation.internalConfigurationAnnotationProcessor'
2016-02-03 20:25:22,121 DEBUG   main [org.springframework.beans.factory.support.DefaultListableBeanFactory] Eagerly caching bean 'org.springframework.context.annotation.internalConfigurationAnnotationProcessor' to allow for resolving potential circular references
2016-02-03 20:25:22,123 DEBUG   main [org.springframework.beans.factory.support.DefaultListableBeanFactory] Finished creating instance of bean 'org.springframework.context.annotation.internalConfigurationAnnotationProcessor'
2016-02-03 20:25:22,190 DEBUG   main [org.springframework.beans.factory.support.DefaultListableBeanFactory] Creating shared instance of singleton bean 'org.springframework.context.annotation.internalAutowiredAnnotationProcessor'
2016-02-03 20:25:22,191 DEBUG   main [org.springframework.beans.factory.support.DefaultListableBeanFactory] Creating instance of bean 'org.springframework.context.annotation.internalAutowiredAnnotationProcessor'
2016-02-03 20:25:22,192 DEBUG   main [org.springframework.beans.factory.support.DefaultListableBeanFactory] Eagerly caching bean 'org.springframework.context.annotation.internalAutowiredAnnotationProcessor' to allow for resolving potential circular references
2016-02-03 20:25:22,192 DEBUG   main [org.springframework.beans.factory.support.DefaultListableBeanFactory] Finished creating instance of bean 'org.springframework.context.annotation.internalAutowiredAnnotationProcessor'
2016-02-03 20:25:22,192 DEBUG   main [org.springframework.beans.factory.support.DefaultListableBeanFactory] Creating shared instance of singleton bean 'org.springframework.context.annotation.internalRequiredAnnotationProcessor'
2016-02-03 20:25:22,192 DEBUG   main [org.springframework.beans.factory.support.DefaultListableBeanFactory] Creating instance of bean 'org.springframework.context.annotation.internalRequiredAnnotationProcessor'
2016-02-03 20:25:22,193 DEBUG   main [org.springframework.beans.factory.support.DefaultListableBeanFactory] Eagerly caching bean 'org.springframework.context.annotation.internalRequiredAnnotationProcessor' to allow for resolving potential circular references
2016-02-03 20:25:22,193 DEBUG   main [org.springframework.beans.factory.support.DefaultListableBeanFactory] Finished creating instance of bean 'org.springframework.context.annotation.internalRequiredAnnotationProcessor'
2016-02-03 20:25:22,193 DEBUG   main [org.springframework.beans.factory.support.DefaultListableBeanFactory] Creating shared instance of singleton bean 'org.springframework.context.annotation.internalCommonAnnotationProcessor'
2016-02-03 20:25:22,193 DEBUG   main [org.springframework.beans.factory.support.DefaultListableBeanFactory] Creating instance of bean 'org.springframework.context.annotation.internalCommonAnnotationProcessor'
2016-02-03 20:25:22,201 DEBUG   main [org.springframework.beans.factory.support.DefaultListableBeanFactory] Eagerly caching bean 'org.springframework.context.annotation.internalCommonAnnotationProcessor' to allow for resolving potential circular references
2016-02-03 20:25:22,201 DEBUG   main [org.springframework.beans.factory.support.DefaultListableBeanFactory] Finished creating instance of bean 'org.springframework.context.annotation.internalCommonAnnotationProcessor'
2016-02-03 20:25:22,201 DEBUG   main [org.springframework.beans.factory.support.DefaultListableBeanFactory] Creating shared instance of singleton bean 'org.springframework.context.annotation.ConfigurationClassPostProcessor.importAwareProcessor'
2016-02-03 20:25:22,202 DEBUG   main [org.springframework.beans.factory.support.DefaultListableBeanFactory] Creating instance of bean 'org.springframework.context.annotation.ConfigurationClassPostProcessor.importAwareProcessor'
2016-02-03 20:25:22,202 DEBUG   main [org.springframework.beans.factory.support.DefaultListableBeanFactory] Eagerly caching bean 'org.springframework.context.annotation.ConfigurationClassPostProcessor.importAwareProcessor' to allow for resolving potential circular references
2016-02-03 20:25:22,203 DEBUG   main [org.springframework.beans.factory.support.DefaultListableBeanFactory] Finished creating instance of bean 'org.springframework.context.annotation.ConfigurationClassPostProcessor.importAwareProcessor'
2016-02-03 20:25:22,203 DEBUG   main [org.springframework.beans.factory.support.DefaultListableBeanFactory] Creating shared instance of singleton bean 'org.springframework.context.annotation.ConfigurationClassPostProcessor.enhancedConfigurationProcessor'
2016-02-03 20:25:22,203 DEBUG   main [org.springframework.beans.factory.support.DefaultListableBeanFactory] Creating instance of bean 'org.springframework.context.annotation.ConfigurationClassPostProcessor.enhancedConfigurationProcessor'
2016-02-03 20:25:22,203 DEBUG   main [org.springframework.beans.factory.support.DefaultListableBeanFactory] Eagerly caching bean 'org.springframework.context.annotation.ConfigurationClassPostProcessor.enhancedConfigurationProcessor' to allow for resolving potential circular references
2016-02-03 20:25:22,203 DEBUG   main [org.springframework.beans.factory.support.DefaultListableBeanFactory] Finished creating instance of bean 'org.springframework.context.annotation.ConfigurationClassPostProcessor.enhancedConfigurationProcessor'
2016-02-03 20:25:22,206 DEBUG   main [org.springframework.context.support.ClassPathXmlApplicationContext] Unable to locate MessageSource with name 'messageSource': using default [org.springframework.context.support.DelegatingMessageSource@423e8eb8]
2016-02-03 20:25:22,208 DEBUG   main [org.springframework.context.support.ClassPathXmlApplicationContext] Unable to locate ApplicationEventMulticaster with name 'applicationEventMulticaster': using default [org.springframework.context.event.SimpleApplicationEventMulticaster@2eaa00e4]
2016-02-03 20:25:22,209 DEBUG   main [org.springframework.beans.factory.support.DefaultListableBeanFactory] Pre-instantiating singletons in org.springframework.beans.factory.support.DefaultListableBeanFactory@5c5d9afc: defining beans [userRepositoryImpl,org.springframework.context.annotation.internalConfigurationAnnotationProcessor,org.springframework.context.annotation.internalAutowiredAnnotationProcessor,org.springframework.context.annotation.internalRequiredAnnotationProcessor,org.springframework.context.annotation.internalCommonAnnotationProcessor,simpleDirContextAuthenticationStrategy,userReposImpl,contextSource,ldapTemplate,org.springframework.context.annotation.ConfigurationClassPostProcessor.importAwareProcessor,org.springframework.context.annotation.ConfigurationClassPostProcessor.enhancedConfigurationProcessor]; root of factory hierarchy
2016-02-03 20:25:22,209 DEBUG   main [org.springframework.beans.factory.support.DefaultListableBeanFactory] Creating shared instance of singleton bean 'userRepositoryImpl'
2016-02-03 20:25:22,209 DEBUG   main [org.springframework.beans.factory.support.DefaultListableBeanFactory] Creating instance of bean 'userRepositoryImpl'
2016-02-03 20:25:22,240 DEBUG   main [org.springframework.beans.factory.annotation.InjectionMetadata] Registered injected element on class [ldap.advance.example.UserRepositoryImpl]: AutowiredFieldElement for private org.springframework.ldap.core.LdapTemplate ldap.advance.example.UserRepositoryImpl.ldapTemplate
2016-02-03 20:25:22,241 DEBUG   main [org.springframework.beans.factory.support.DefaultListableBeanFactory] Eagerly caching bean 'userRepositoryImpl' to allow for resolving potential circular references
2016-02-03 20:25:22,249 TRACE   main [org.springframework.core.io.support.SpringFactoriesLoader] Loaded [org.springframework.beans.BeanInfoFactory] names: [org.springframework.beans.ExtendedBeanInfoFactory]
2016-02-03 20:25:22,250 TRACE   main [org.springframework.beans.CachedIntrospectionResults] Getting BeanInfo for class [ldap.advance.example.UserRepositoryImpl]
2016-02-03 20:25:22,260 TRACE   main [org.springframework.beans.CachedIntrospectionResults] Caching PropertyDescriptors for class [ldap.advance.example.UserRepositoryImpl]
2016-02-03 20:25:22,260 TRACE   main [org.springframework.beans.CachedIntrospectionResults] Found bean property 'allUserNames' of type [java.util.List]
2016-02-03 20:25:22,268 TRACE   main [org.springframework.beans.CachedIntrospectionResults] Found bean property 'allUsers' of type [java.util.List]
2016-02-03 20:25:22,268 TRACE   main [org.springframework.beans.CachedIntrospectionResults] Found bean property 'class' of type [java.lang.Class]
2016-02-03 20:25:22,273 DEBUG   main [org.springframework.beans.factory.annotation.InjectionMetadata] Processing injected element of bean 'userRepositoryImpl': AutowiredFieldElement for private org.springframework.ldap.core.LdapTemplate ldap.advance.example.UserRepositoryImpl.ldapTemplate
2016-02-03 20:25:22,285 DEBUG   main [org.springframework.beans.factory.support.DefaultListableBeanFactory] Creating shared instance of singleton bean 'ldapTemplate'
2016-02-03 20:25:22,285 DEBUG   main [org.springframework.beans.factory.support.DefaultListableBeanFactory] Creating instance of bean 'ldapTemplate'
2016-02-03 20:25:22,321 DEBUG   main [org.springframework.beans.factory.support.DefaultListableBeanFactory] Eagerly caching bean 'ldapTemplate' to allow for resolving potential circular references
2016-02-03 20:25:22,322 TRACE   main [org.springframework.beans.CachedIntrospectionResults] Getting BeanInfo for class [org.springframework.ldap.core.LdapTemplate]
2016-02-03 20:25:22,360 TRACE   main [org.springframework.beans.CachedIntrospectionResults] Caching PropertyDescriptors for class [org.springframework.ldap.core.LdapTemplate]
2016-02-03 20:25:22,363 TRACE   main [org.springframework.beans.CachedIntrospectionResults] Found bean property 'class' of type [java.lang.Class]
2016-02-03 20:25:22,366 TRACE   main [org.springframework.beans.CachedIntrospectionResults] Found bean property 'contextSource' of type [org.springframework.ldap.core.ContextSource]
2016-02-03 20:25:22,367 TRACE   main [org.springframework.beans.CachedIntrospectionResults] Found bean property 'defaultCountLimit' of type [int]
2016-02-03 20:25:22,367 TRACE   main [org.springframework.beans.CachedIntrospectionResults] Found bean property 'defaultSearchScope' of type [int]
2016-02-03 20:25:22,368 TRACE   main [org.springframework.beans.CachedIntrospectionResults] Found bean property 'defaultTimeLimit' of type [int]
2016-02-03 20:25:22,368 TRACE   main [org.springframework.beans.CachedIntrospectionResults] Found bean property 'ignoreNameNotFoundException' of type [boolean]
2016-02-03 20:25:22,368 TRACE   main [org.springframework.beans.CachedIntrospectionResults] Found bean property 'ignorePartialResultException' of type [boolean]
2016-02-03 20:25:22,369 TRACE   main [org.springframework.beans.CachedIntrospectionResults] Found bean property 'ignoreSizeLimitExceededException' of type [boolean]
2016-02-03 20:25:22,370 TRACE   main [org.springframework.beans.CachedIntrospectionResults] Found bean property 'objectDirectoryMapper' of type [org.springframework.ldap.odm.core.ObjectDirectoryMapper]
2016-02-03 20:25:22,373 DEBUG   main [org.springframework.beans.factory.support.DefaultListableBeanFactory] Creating shared instance of singleton bean 'contextSource'
2016-02-03 20:25:22,374 DEBUG   main [org.springframework.beans.factory.support.DefaultListableBeanFactory] Creating instance of bean 'contextSource'
2016-02-03 20:25:22,415 DEBUG   main [org.springframework.beans.factory.support.DefaultListableBeanFactory] Creating instance of bean '(inner bean)#1f5ffded'
2016-02-03 20:25:22,452 TRACE   main [org.springframework.beans.CachedIntrospectionResults] Getting BeanInfo for class [org.springframework.ldap.core.support.LdapContextSource]
2016-02-03 20:25:22,462 TRACE   main [org.springframework.beans.CachedIntrospectionResults] Caching PropertyDescriptors for class [org.springframework.ldap.core.support.LdapContextSource]
2016-02-03 20:25:22,463 TRACE   main [org.springframework.beans.CachedIntrospectionResults] Found bean property 'anonymousReadOnly' of type [boolean]
2016-02-03 20:25:22,464 TRACE   main [org.springframework.beans.CachedIntrospectionResults] Found bean property 'authenticationSource' of type [org.springframework.ldap.core.AuthenticationSource]
2016-02-03 20:25:22,465 TRACE   main [org.springframework.beans.CachedIntrospectionResults] Found bean property 'authenticationStrategy' of type [org.springframework.ldap.core.support.DirContextAuthenticationStrategy]
2016-02-03 20:25:22,465 TRACE   main [org.springframework.beans.CachedIntrospectionResults] Found bean property 'base' of type [java.lang.String]
2016-02-03 20:25:22,465 TRACE   main [org.springframework.beans.CachedIntrospectionResults] Found bean property 'baseEnvironmentProperties' of type [java.util.Map]
2016-02-03 20:25:22,465 TRACE   main [org.springframework.beans.CachedIntrospectionResults] Found bean property 'baseLdapName' of type [javax.naming.ldap.LdapName]
2016-02-03 20:25:22,466 TRACE   main [org.springframework.beans.CachedIntrospectionResults] Found bean property 'baseLdapPath' of type [org.springframework.ldap.core.DistinguishedName]
2016-02-03 20:25:22,466 TRACE   main [org.springframework.beans.CachedIntrospectionResults] Found bean property 'baseLdapPathAsString' of type [java.lang.String]
2016-02-03 20:25:22,466 TRACE   main [org.springframework.beans.CachedIntrospectionResults] Found bean property 'cacheEnvironmentProperties' of type [boolean]
2016-02-03 20:25:22,466 TRACE   main [org.springframework.beans.CachedIntrospectionResults] Found bean property 'class' of type [java.lang.Class]
2016-02-03 20:25:22,466 TRACE   main [org.springframework.beans.CachedIntrospectionResults] Found bean property 'contextFactory' of type [java.lang.Class]
2016-02-03 20:25:22,468 TRACE   main [org.springframework.beans.CachedIntrospectionResults] Found bean property 'dirObjectFactory' of type [java.lang.Class]
2016-02-03 20:25:22,469 TRACE   main [org.springframework.beans.CachedIntrospectionResults] Found bean property 'password' of type [java.lang.String]
2016-02-03 20:25:22,469 TRACE   main [org.springframework.beans.CachedIntrospectionResults] Found bean property 'pooled' of type [boolean]
2016-02-03 20:25:22,469 TRACE   main [org.springframework.beans.CachedIntrospectionResults] Found bean property 'readOnlyContext' of type [javax.naming.directory.DirContext]
2016-02-03 20:25:22,469 TRACE   main [org.springframework.beans.CachedIntrospectionResults] Found bean property 'readWriteContext' of type [javax.naming.directory.DirContext]
2016-02-03 20:25:22,470 TRACE   main [org.springframework.beans.CachedIntrospectionResults] Found bean property 'referral' of type [java.lang.String]
2016-02-03 20:25:22,470 TRACE   main [org.springframework.beans.CachedIntrospectionResults] Found bean property 'url' of type [java.lang.String]
2016-02-03 20:25:22,471 TRACE   main [org.springframework.beans.CachedIntrospectionResults] Found bean property 'urls' of type [[Ljava.lang.String;]
2016-02-03 20:25:22,471 TRACE   main [org.springframework.beans.CachedIntrospectionResults] Found bean property 'userDn' of type [java.lang.String]
2016-02-03 20:25:22,484 DEBUG   main [org.springframework.beans.factory.support.DefaultListableBeanFactory] Creating instance of bean '(inner bean)#6c7733eb'
2016-02-03 20:25:22,493 TRACE   main [org.springframework.beans.CachedIntrospectionResults] Getting BeanInfo for class [[Ljava.lang.String;]
2016-02-03 20:25:22,494 TRACE   main [org.springframework.beans.CachedIntrospectionResults] Caching PropertyDescriptors for class [[Ljava.lang.String;]
2016-02-03 20:25:22,494 TRACE   main [org.springframework.beans.CachedIntrospectionResults] Found bean property 'class' of type [java.lang.Class]
2016-02-03 20:25:22,496 DEBUG   main [org.springframework.beans.factory.support.DefaultListableBeanFactory] Finished creating instance of bean '(inner bean)#6c7733eb'
2016-02-03 20:25:22,497 DEBUG   main [org.springframework.beans.factory.support.DefaultListableBeanFactory] Creating shared instance of singleton bean 'simpleDirContextAuthenticationStrategy'
2016-02-03 20:25:22,498 DEBUG   main [org.springframework.beans.factory.support.DefaultListableBeanFactory] Creating instance of bean 'simpleDirContextAuthenticationStrategy'
2016-02-03 20:25:22,498 DEBUG   main [org.springframework.beans.factory.support.DefaultListableBeanFactory] Eagerly caching bean 'simpleDirContextAuthenticationStrategy' to allow for resolving potential circular references
2016-02-03 20:25:22,498 TRACE   main [org.springframework.beans.CachedIntrospectionResults] Getting BeanInfo for class [org.springframework.ldap.core.support.SimpleDirContextAuthenticationStrategy]
2016-02-03 20:25:22,500 TRACE   main [org.springframework.beans.CachedIntrospectionResults] Caching PropertyDescriptors for class [org.springframework.ldap.core.support.SimpleDirContextAuthenticationStrategy]
2016-02-03 20:25:22,503 TRACE   main [org.springframework.beans.CachedIntrospectionResults] Found bean property 'class' of type [java.lang.Class]
2016-02-03 20:25:22,504 DEBUG   main [org.springframework.beans.factory.support.DefaultListableBeanFactory] Finished creating instance of bean 'simpleDirContextAuthenticationStrategy'
2016-02-03 20:25:22,507 DEBUG   main [org.springframework.beans.factory.support.DefaultListableBeanFactory] Invoking afterPropertiesSet() on bean with name '(inner bean)#1f5ffded'
2016-02-03 20:25:22,512 DEBUG   main [org.springframework.beans.factory.support.DefaultListableBeanFactory] Finished creating instance of bean '(inner bean)#1f5ffded'
2016-02-03 20:25:22,516 DEBUG   main [org.springframework.beans.factory.support.DefaultListableBeanFactory] Eagerly caching bean 'contextSource' to allow for resolving potential circular references
2016-02-03 20:25:22,516 TRACE   main [org.springframework.beans.CachedIntrospectionResults] Getting BeanInfo for class [org.springframework.ldap.transaction.compensating.manager.TransactionAwareContextSourceProxy]
2016-02-03 20:25:22,520 TRACE   main [org.springframework.beans.CachedIntrospectionResults] Caching PropertyDescriptors for class [org.springframework.ldap.transaction.compensating.manager.TransactionAwareContextSourceProxy]
2016-02-03 20:25:22,521 TRACE   main [org.springframework.beans.CachedIntrospectionResults] Found bean property 'baseLdapName' of type [javax.naming.ldap.LdapName]
2016-02-03 20:25:22,521 TRACE   main [org.springframework.beans.CachedIntrospectionResults] Found bean property 'baseLdapPath' of type [org.springframework.ldap.core.DistinguishedName]
2016-02-03 20:25:22,521 TRACE   main [org.springframework.beans.CachedIntrospectionResults] Found bean property 'baseLdapPathAsString' of type [java.lang.String]
2016-02-03 20:25:22,521 TRACE   main [org.springframework.beans.CachedIntrospectionResults] Found bean property 'class' of type [java.lang.Class]
2016-02-03 20:25:22,521 TRACE   main [org.springframework.beans.CachedIntrospectionResults] Found bean property 'readOnlyContext' of type [javax.naming.directory.DirContext]
2016-02-03 20:25:22,521 TRACE   main [org.springframework.beans.CachedIntrospectionResults] Found bean property 'readWriteContext' of type [javax.naming.directory.DirContext]
2016-02-03 20:25:22,522 TRACE   main [org.springframework.beans.CachedIntrospectionResults] Found bean property 'target' of type [org.springframework.ldap.core.ContextSource]
2016-02-03 20:25:22,522 DEBUG   main [org.springframework.beans.factory.support.DefaultListableBeanFactory] Finished creating instance of bean 'contextSource'
2016-02-03 20:25:22,523 DEBUG   main [org.springframework.beans.factory.support.DefaultListableBeanFactory] Invoking afterPropertiesSet() on bean with name 'ldapTemplate'
2016-02-03 20:25:22,523 DEBUG   main [org.springframework.beans.factory.support.DefaultListableBeanFactory] Finished creating instance of bean 'ldapTemplate'
2016-02-03 20:25:22,523 DEBUG   main [org.springframework.beans.factory.annotation.AutowiredAnnotationBeanPostProcessor] Autowiring by type from bean name 'userRepositoryImpl' to bean named 'ldapTemplate'
2016-02-03 20:25:22,524 DEBUG   main [org.springframework.beans.factory.support.DefaultListableBeanFactory] Finished creating instance of bean 'userRepositoryImpl'
2016-02-03 20:25:22,524 DEBUG   main [org.springframework.beans.factory.support.DefaultListableBeanFactory] Returning cached instance of singleton bean 'org.springframework.context.annotation.internalConfigurationAnnotationProcessor'
2016-02-03 20:25:22,524 DEBUG   main [org.springframework.beans.factory.support.DefaultListableBeanFactory] Returning cached instance of singleton bean 'org.springframework.context.annotation.internalAutowiredAnnotationProcessor'
2016-02-03 20:25:22,524 DEBUG   main [org.springframework.beans.factory.support.DefaultListableBeanFactory] Returning cached instance of singleton bean 'org.springframework.context.annotation.internalRequiredAnnotationProcessor'
2016-02-03 20:25:22,524 DEBUG   main [org.springframework.beans.factory.support.DefaultListableBeanFactory] Returning cached instance of singleton bean 'org.springframework.context.annotation.internalCommonAnnotationProcessor'
2016-02-03 20:25:22,524 DEBUG   main [org.springframework.beans.factory.support.DefaultListableBeanFactory] Returning cached instance of singleton bean 'simpleDirContextAuthenticationStrategy'
2016-02-03 20:25:22,524 DEBUG   main [org.springframework.beans.factory.support.DefaultListableBeanFactory] Creating shared instance of singleton bean 'userReposImpl'
2016-02-03 20:25:22,525 DEBUG   main [org.springframework.beans.factory.support.DefaultListableBeanFactory] Creating instance of bean 'userReposImpl'
2016-02-03 20:25:22,525 DEBUG   main [org.springframework.beans.factory.annotation.InjectionMetadata] Registered injected element on class [ldap.advance.example.UserRepositoryImpl]: AutowiredFieldElement for private org.springframework.ldap.core.LdapTemplate ldap.advance.example.UserRepositoryImpl.ldapTemplate
2016-02-03 20:25:22,525 DEBUG   main [org.springframework.beans.factory.support.DefaultListableBeanFactory] Eagerly caching bean 'userReposImpl' to allow for resolving potential circular references
2016-02-03 20:25:22,525 DEBUG   main [org.springframework.beans.factory.annotation.InjectionMetadata] Processing injected element of bean 'userReposImpl': AutowiredFieldElement for private org.springframework.ldap.core.LdapTemplate ldap.advance.example.UserRepositoryImpl.ldapTemplate
2016-02-03 20:25:22,526 DEBUG   main [org.springframework.beans.factory.support.DefaultListableBeanFactory] Returning cached instance of singleton bean 'ldapTemplate'
2016-02-03 20:25:22,526 DEBUG   main [org.springframework.beans.factory.annotation.AutowiredAnnotationBeanPostProcessor] Autowiring by type from bean name 'userReposImpl' to bean named 'ldapTemplate'
2016-02-03 20:25:22,526 DEBUG   main [org.springframework.beans.factory.support.DefaultListableBeanFactory] Finished creating instance of bean 'userReposImpl'
2016-02-03 20:25:22,526 DEBUG   main [org.springframework.beans.factory.support.DefaultListableBeanFactory] Returning cached instance of singleton bean 'contextSource'
2016-02-03 20:25:22,526 DEBUG   main [org.springframework.beans.factory.support.DefaultListableBeanFactory] Returning cached instance of singleton bean 'ldapTemplate'
2016-02-03 20:25:22,526 DEBUG   main [org.springframework.beans.factory.support.DefaultListableBeanFactory] Returning cached instance of singleton bean 'org.springframework.context.annotation.ConfigurationClassPostProcessor.importAwareProcessor'
2016-02-03 20:25:22,526 DEBUG   main [org.springframework.beans.factory.support.DefaultListableBeanFactory] Returning cached instance of singleton bean 'org.springframework.context.annotation.ConfigurationClassPostProcessor.enhancedConfigurationProcessor'
2016-02-03 20:25:22,529 DEBUG   main [org.springframework.context.support.ClassPathXmlApplicationContext] Unable to locate LifecycleProcessor with name 'lifecycleProcessor': using default [org.springframework.context.support.DefaultLifecycleProcessor@7c182454]
2016-02-03 20:25:22,530 DEBUG   main [org.springframework.beans.factory.support.DefaultListableBeanFactory] Returning cached instance of singleton bean 'lifecycleProcessor'
2016-02-03 20:25:22,532 TRACE   main [org.springframework.context.support.ClassPathXmlApplicationContext] Publishing event in org.springframework.context.support.ClassPathXmlApplicationContext@6ed6ee82: org.springframework.context.event.ContextRefreshedEvent[source=org.springframework.context.support.ClassPathXmlApplicationContext@6ed6ee82: startup date [Wed Feb 03 20:25:21 EST 2016]; root of context hierarchy]
2016-02-03 20:25:22,541 TRACE   main [org.springframework.core.env.PropertySourcesPropertyResolver] getProperty("spring.liveBeansView.mbeanDomain", String)
2016-02-03 20:25:22,541 DEBUG   main [org.springframework.core.env.PropertySourcesPropertyResolver] Searching for key 'spring.liveBeansView.mbeanDomain' in [systemProperties]
2016-02-03 20:25:22,541 DEBUG   main [org.springframework.core.env.PropertySourcesPropertyResolver] Searching for key 'spring.liveBeansView.mbeanDomain' in [systemEnvironment]
2016-02-03 20:25:22,541 DEBUG   main [org.springframework.core.env.PropertySourcesPropertyResolver] Could not find key 'spring.liveBeansView.mbeanDomain' in any property source. Returning [null]
2016-02-03 20:25:22,541 INFO   main [ldap.advance.example.test.LdapApp] Test started at Wed Feb 03 20:25:21 EST 2016
2016-02-03 20:25:22,541 DEBUG   main [org.springframework.beans.factory.support.DefaultListableBeanFactory] Returning cached instance of singleton bean 'userReposImpl'
2016-02-03 20:25:22,542 INFO   main [ldap.advance.example.UserRepositoryImpl] executing {createUser}
2016-02-03 20:28:54,481 DEBUG   main [org.springframework.core.env.StandardEnvironment] Adding [systemProperties] PropertySource with lowest search precedence
2016-02-03 20:28:54,486 DEBUG   main [org.springframework.core.env.StandardEnvironment] Adding [systemEnvironment] PropertySource with lowest search precedence
2016-02-03 20:28:54,486 DEBUG   main [org.springframework.core.env.StandardEnvironment] Initialized StandardEnvironment with PropertySources [systemProperties,systemEnvironment]
2016-02-03 20:28:54,492 INFO   main [org.springframework.context.support.ClassPathXmlApplicationContext] Refreshing org.springframework.context.support.ClassPathXmlApplicationContext@6ed6ee82: startup date [Wed Feb 03 20:28:54 EST 2016]; root of context hierarchy
2016-02-03 20:28:54,540 DEBUG   main [org.springframework.core.env.StandardEnvironment] Adding [systemProperties] PropertySource with lowest search precedence
2016-02-03 20:28:54,542 DEBUG   main [org.springframework.core.env.StandardEnvironment] Adding [systemEnvironment] PropertySource with lowest search precedence
2016-02-03 20:28:54,542 DEBUG   main [org.springframework.core.env.StandardEnvironment] Initialized StandardEnvironment with PropertySources [systemProperties,systemEnvironment]
2016-02-03 20:28:54,557 INFO   main [org.springframework.beans.factory.xml.XmlBeanDefinitionReader] Loading XML bean definitions from class path resource [spring-ldap-example.xml]
2016-02-03 20:28:54,561 DEBUG   main [org.springframework.beans.factory.xml.DefaultDocumentLoader] Using JAXP provider [com.sun.org.apache.xerces.internal.jaxp.DocumentBuilderFactoryImpl]
2016-02-03 20:28:54,589 TRACE   main [org.springframework.beans.factory.xml.PluggableSchemaResolver] Trying to resolve XML entity with public id [null] and system id [http://www.springframework.org/schema/beans/spring-beans.xsd]
2016-02-03 20:28:54,589 DEBUG   main [org.springframework.beans.factory.xml.PluggableSchemaResolver] Loading schema mappings from [META-INF/spring.schemas]
2016-02-03 20:28:54,605 DEBUG   main [org.springframework.beans.factory.xml.PluggableSchemaResolver] Loaded schema mappings: {http://www.springframework.org/schema/tx/spring-tx-2.5.xsd=org/springframework/transaction/config/spring-tx-2.5.xsd, http://www.springframework.org/schema/cache/spring-cache-4.2.xsd=org/springframework/cache/config/spring-cache-4.2.xsd, http://www.springframework.org/schema/aop/spring-aop-4.1.xsd=org/springframework/aop/config/spring-aop-4.1.xsd, http://www.springframework.org/schema/context/spring-context-3.1.xsd=org/springframework/context/config/spring-context-3.1.xsd, http://www.springframework.org/schema/data/repository/spring-repository-1.4.xsd=org/springframework/data/repository/config/spring-repository-1.4.xsd, http://www.springframework.org/schema/util/spring-util-3.0.xsd=org/springframework/beans/factory/xml/spring-util-3.0.xsd, http://www.springframework.org/schema/tool/spring-tool.xsd=org/springframework/beans/factory/xml/spring-tool-4.2.xsd, http://www.springframework.org/schema/aop/spring-aop-3.2.xsd=org/springframework/aop/config/spring-aop-3.2.xsd, http://www.springframework.org/schema/lang/spring-lang-4.1.xsd=org/springframework/scripting/config/spring-lang-4.1.xsd, http://www.springframework.org/schema/context/spring-context-4.0.xsd=org/springframework/context/config/spring-context-4.0.xsd, http://www.springframework.org/schema/beans/spring-beans-4.2.xsd=org/springframework/beans/factory/xml/spring-beans-4.2.xsd, http://www.springframework.org/schema/tool/spring-tool-4.1.xsd=org/springframework/beans/factory/xml/spring-tool-4.1.xsd, http://www.springframework.org/schema/lang/spring-lang-3.2.xsd=org/springframework/scripting/config/spring-lang-3.2.xsd, http://www.springframework.org/schema/cache/spring-cache-3.2.xsd=org/springframework/cache/config/spring-cache-3.2.xsd, http://www.springframework.org/schema/jee/spring-jee-4.1.xsd=org/springframework/ejb/config/spring-jee-4.1.xsd, http://www.springframework.org/schema/task/spring-task-4.2.xsd=org/springframework/scheduling/config/spring-task-4.2.xsd, http://www.springframework.org/schema/util/spring-util-2.0.xsd=org/springframework/beans/factory/xml/spring-util-2.0.xsd, http://www.springframework.org/schema/tool/spring-tool-3.2.xsd=org/springframework/beans/factory/xml/spring-tool-3.2.xsd, http://www.springframework.org/schema/context/spring-context.xsd=org/springframework/context/config/spring-context-4.2.xsd, http://www.springframework.org/schema/tx/spring-tx-4.2.xsd=org/springframework/transaction/config/spring-tx-4.2.xsd, http://www.springframework.org/schema/cache/spring-cache-4.1.xsd=org/springframework/cache/config/spring-cache-4.1.xsd, http://www.springframework.org/schema/aop/spring-aop-4.0.xsd=org/springframework/aop/config/spring-aop-4.0.xsd, http://www.springframework.org/schema/jee/spring-jee-3.2.xsd=org/springframework/ejb/config/spring-jee-3.2.xsd, http://www.springframework.org/schema/context/spring-context-3.0.xsd=org/springframework/context/config/spring-context-3.0.xsd, http://www.springframework.org/schema/util/spring-util-2.5.xsd=org/springframework/beans/factory/xml/spring-util-2.5.xsd, http://www.springframework.org/schema/beans/spring-beans-3.2.xsd=org/springframework/beans/factory/xml/spring-beans-3.2.xsd, http://www.springframework.org/schema/aop/spring-aop-3.1.xsd=org/springframework/aop/config/spring-aop-3.1.xsd, http://www.springframework.org/schema/ldap/spring-ldap-2.0.xsd=org/springframework/ldap/config/spring-ldap-2.0.xsd, http://www.springframework.org/schema/lang/spring-lang-4.0.xsd=org/springframework/scripting/config/spring-lang-4.0.xsd, http://www.springframework.org/schema/beans/spring-beans-4.1.xsd=org/springframework/beans/factory/xml/spring-beans-4.1.xsd, http://www.springframework.org/schema/tool/spring-tool-4.0.xsd=org/springframework/beans/factory/xml/spring-tool-4.0.xsd, http://www.springframework.org/schema/tx/spring-tx-3.2.xsd=org/springframework/transaction/config/spring-tx-3.2.xsd, http://www.springframework.org/schema/lang/spring-lang-3.1.xsd=org/springframework/scripting/config/spring-lang-3.1.xsd, http://www.springframework.org/schema/cache/spring-cache-3.1.xsd=org/springframework/cache/config/spring-cache-3.1.xsd, http://www.springframework.org/schema/jee/spring-jee-4.0.xsd=org/springframework/ejb/config/spring-jee-4.0.xsd, http://www.springframework.org/schema/task/spring-task-4.1.xsd=org/springframework/scheduling/config/spring-task-4.1.xsd, http://www.springframework.org/schema/tool/spring-tool-3.1.xsd=org/springframework/beans/factory/xml/spring-tool-3.1.xsd, http://www.springframework.org/schema/tx/spring-tx-4.1.xsd=org/springframework/transaction/config/spring-tx-4.1.xsd, http://www.springframework.org/schema/cache/spring-cache-4.0.xsd=org/springframework/cache/config/spring-cache-4.0.xsd, http://www.springframework.org/schema/jee/spring-jee-3.1.xsd=org/springframework/ejb/config/spring-jee-3.1.xsd, http://www.springframework.org/schema/task/spring-task-3.2.xsd=org/springframework/scheduling/config/spring-task-3.2.xsd, http://www.springframework.org/schema/util/spring-util-4.2.xsd=org/springframework/beans/factory/xml/spring-util-4.2.xsd, http://www.springframework.org/schema/beans/spring-beans-3.1.xsd=org/springframework/beans/factory/xml/spring-beans-3.1.xsd, http://www.springframework.org/schema/util/spring-util.xsd=org/springframework/beans/factory/xml/spring-util-4.2.xsd, http://www.springframework.org/schema/aop/spring-aop-3.0.xsd=org/springframework/aop/config/spring-aop-3.0.xsd, http://www.springframework.org/schema/data/repository/spring-repository.xsd=org/springframework/data/repository/config/spring-repository-1.7.xsd, http://www.springframework.org/schema/data/repository/spring-repository-1.7.xsd=org/springframework/data/repository/config/spring-repository-1.7.xsd, http://www.springframework.org/schema/ldap/spring-ldap.xsd=org/springframework/ldap/config/spring-ldap-2.0.xsd, http://www.springframework.org/schema/beans/spring-beans-4.0.xsd=org/springframework/beans/factory/xml/spring-beans-4.0.xsd, http://www.springframework.org/schema/beans/spring-beans.xsd=org/springframework/beans/factory/xml/spring-beans-4.2.xsd, http://www.springframework.org/schema/tx/spring-tx-3.1.xsd=org/springframework/transaction/config/spring-tx-3.1.xsd, http://www.springframework.org/schema/lang/spring-lang-3.0.xsd=org/springframework/scripting/config/spring-lang-3.0.xsd, http://www.springframework.org/schema/context/spring-context-2.5.xsd=org/springframework/context/config/spring-context-2.5.xsd, http://www.springframework.org/schema/task/spring-task-4.0.xsd=org/springframework/scheduling/config/spring-task-4.0.xsd, http://www.springframework.org/schema/tool/spring-tool-3.0.xsd=org/springframework/beans/factory/xml/spring-tool-3.0.xsd, http://www.springframework.org/schema/tx/spring-tx-4.0.xsd=org/springframework/transaction/config/spring-tx-4.0.xsd, http://www.springframework.org/schema/aop/spring-aop-2.0.xsd=org/springframework/aop/config/spring-aop-2.0.xsd, http://www.springframework.org/schema/jee/spring-jee-3.0.xsd=org/springframework/ejb/config/spring-jee-3.0.xsd, http://www.springframework.org/schema/util/spring-util-4.1.xsd=org/springframework/beans/factory/xml/spring-util-4.1.xsd, http://www.springframework.org/schema/task/spring-task-3.1.xsd=org/springframework/scheduling/config/spring-task-3.1.xsd, http://www.springframework.org/schema/beans/spring-beans-3.0.xsd=org/springframework/beans/factory/xml/spring-beans-3.0.xsd, http://www.springframework.org/schema/jee/spring-jee.xsd=org/springframework/ejb/config/spring-jee-4.2.xsd, http://www.springframework.org/schema/aop/spring-aop-2.5.xsd=org/springframework/aop/config/spring-aop-2.5.xsd, http://www.springframework.org/schema/lang/spring-lang-2.0.xsd=org/springframework/scripting/config/spring-lang-2.0.xsd, http://www.springframework.org/schema/data/repository/spring-repository-1.6.xsd=org/springframework/data/repository/config/spring-repository-1.6.xsd, http://www.springframework.org/schema/util/spring-util-3.2.xsd=org/springframework/beans/factory/xml/spring-util-3.2.xsd, http://www.springframework.org/schema/task/spring-task.xsd=org/springframework/scheduling/config/spring-task-4.2.xsd, http://www.springframework.org/schema/tool/spring-tool-2.0.xsd=org/springframework/beans/factory/xml/spring-tool-2.0.xsd, http://www.springframework.org/schema/tx/spring-tx-3.0.xsd=org/springframework/transaction/config/spring-tx-3.0.xsd, http://www.springframework.org/schema/lang/spring-lang-2.5.xsd=org/springframework/scripting/config/spring-lang-2.5.xsd, http://www.springframework.org/schema/context/spring-context-4.2.xsd=org/springframework/context/config/spring-context-4.2.xsd, http://www.springframework.org/schema/jee/spring-jee-2.0.xsd=org/springframework/ejb/config/spring-jee-2.0.xsd, http://www.springframework.org/schema/tool/spring-tool-2.5.xsd=org/springframework/beans/factory/xml/spring-tool-2.5.xsd, http://www.springframework.org/schema/jee/spring-jee-2.5.xsd=org/springframework/ejb/config/spring-jee-2.5.xsd, http://www.springframework.org/schema/data/repository/spring-repository-1.0.xsd=org/springframework/data/repository/config/spring-repository-1.0.xsd, http://www.springframework.org/schema/util/spring-util-4.0.xsd=org/springframework/beans/factory/xml/spring-util-4.0.xsd, http://www.springframework.org/schema/task/spring-task-3.0.xsd=org/springframework/scheduling/config/spring-task-3.0.xsd, http://www.springframework.org/schema/aop/spring-aop-4.2.xsd=org/springframework/aop/config/spring-aop-4.2.xsd, http://www.springframework.org/schema/lang/spring-lang.xsd=org/springframework/scripting/config/spring-lang-4.2.xsd, http://www.springframework.org/schema/context/spring-context-3.2.xsd=org/springframework/context/config/spring-context-3.2.xsd, http://www.springframework.org/schema/data/repository/spring-repository-1.5.xsd=org/springframework/data/repository/config/spring-repository-1.5.xsd, http://www.springframework.org/schema/util/spring-util-3.1.xsd=org/springframework/beans/factory/xml/spring-util-3.1.xsd, http://www.springframework.org/schema/beans/spring-beans-2.0.xsd=org/springframework/beans/factory/xml/spring-beans-2.0.xsd, http://www.springframework.org/schema/cache/spring-cache.xsd=org/springframework/cache/config/spring-cache-4.2.xsd, http://www.springframework.org/schema/tx/spring-tx.xsd=org/springframework/transaction/config/spring-tx-4.2.xsd, http://www.springframework.org/schema/lang/spring-lang-4.2.xsd=org/springframework/scripting/config/spring-lang-4.2.xsd, http://www.springframework.org/schema/context/spring-context-4.1.xsd=org/springframework/context/config/spring-context-4.1.xsd, http://www.springframework.org/schema/beans/spring-beans-2.5.xsd=org/springframework/beans/factory/xml/spring-beans-2.5.xsd, http://www.springframework.org/schema/tool/spring-tool-4.2.xsd=org/springframework/beans/factory/xml/spring-tool-4.2.xsd, http://www.springframework.org/schema/tx/spring-tx-2.0.xsd=org/springframework/transaction/config/spring-tx-2.0.xsd, http://www.springframework.org/schema/jee/spring-jee-4.2.xsd=org/springframework/ejb/config/spring-jee-4.2.xsd, http://www.springframework.org/schema/aop/spring-aop.xsd=org/springframework/aop/config/spring-aop-4.2.xsd}
2016-02-03 20:28:54,616 DEBUG   main [org.springframework.beans.factory.xml.PluggableSchemaResolver] Found XML schema [http://www.springframework.org/schema/beans/spring-beans.xsd] in classpath: org/springframework/beans/factory/xml/spring-beans-4.2.xsd
2016-02-03 20:28:54,705 TRACE   main [org.springframework.beans.factory.xml.PluggableSchemaResolver] Trying to resolve XML entity with public id [null] and system id [http://www.springframework.org/schema/context/spring-context.xsd]
2016-02-03 20:28:54,710 DEBUG   main [org.springframework.beans.factory.xml.PluggableSchemaResolver] Found XML schema [http://www.springframework.org/schema/context/spring-context.xsd] in classpath: org/springframework/context/config/spring-context-4.2.xsd
2016-02-03 20:28:54,722 TRACE   main [org.springframework.beans.factory.xml.PluggableSchemaResolver] Trying to resolve XML entity with public id [null] and system id [http://www.springframework.org/schema/tool/spring-tool-4.2.xsd]
2016-02-03 20:28:54,725 DEBUG   main [org.springframework.beans.factory.xml.PluggableSchemaResolver] Found XML schema [http://www.springframework.org/schema/tool/spring-tool-4.2.xsd] in classpath: org/springframework/beans/factory/xml/spring-tool-4.2.xsd
2016-02-03 20:28:54,735 TRACE   main [org.springframework.beans.factory.xml.PluggableSchemaResolver] Trying to resolve XML entity with public id [null] and system id [http://www.springframework.org/schema/ldap/spring-ldap.xsd]
2016-02-03 20:28:54,735 DEBUG   main [org.springframework.beans.factory.xml.PluggableSchemaResolver] Found XML schema [http://www.springframework.org/schema/ldap/spring-ldap.xsd] in classpath: org/springframework/ldap/config/spring-ldap-2.0.xsd
2016-02-03 20:28:54,752 TRACE   main [org.springframework.beans.factory.xml.PluggableSchemaResolver] Trying to resolve XML entity with public id [null] and system id [http://www.springframework.org/schema/data/repository/spring-repository.xsd]
2016-02-03 20:28:54,753 DEBUG   main [org.springframework.beans.factory.xml.PluggableSchemaResolver] Found XML schema [http://www.springframework.org/schema/data/repository/spring-repository.xsd] in classpath: org/springframework/data/repository/config/spring-repository-1.7.xsd
2016-02-03 20:28:54,799 DEBUG   main [org.springframework.beans.factory.xml.DefaultBeanDefinitionDocumentReader] Loading bean definitions
2016-02-03 20:28:54,813 DEBUG   main [org.springframework.beans.factory.xml.DefaultNamespaceHandlerResolver] Loaded NamespaceHandler mappings: {http://www.springframework.org/schema/p=org.springframework.beans.factory.xml.SimplePropertyNamespaceHandler, http://www.springframework.org/schema/util=org.springframework.beans.factory.xml.UtilNamespaceHandler, http://www.springframework.org/schema/jee=org.springframework.ejb.config.JeeNamespaceHandler, http://www.springframework.org/schema/aop=org.springframework.aop.config.AopNamespaceHandler, http://www.springframework.org/schema/data/repository=org.springframework.data.repository.config.RepositoryNameSpaceHandler, http://www.springframework.org/schema/cache=org.springframework.cache.config.CacheNamespaceHandler, http://www.springframework.org/schema/c=org.springframework.beans.factory.xml.SimpleConstructorNamespaceHandler, http://www.springframework.org/schema/ldap=org.springframework.ldap.config.LdapNamespaceHandler, http://www.springframework.org/schema/tx=org.springframework.transaction.config.TxNamespaceHandler, http://www.springframework.org/schema/task=org.springframework.scheduling.config.TaskNamespaceHandler, http://www.springframework.org/schema/lang=org.springframework.scripting.config.LangNamespaceHandler, http://www.springframework.org/schema/context=org.springframework.context.config.ContextNamespaceHandler}
2016-02-03 20:28:54,837 DEBUG   main [org.springframework.core.env.StandardEnvironment] Adding [systemProperties] PropertySource with lowest search precedence
2016-02-03 20:28:54,837 DEBUG   main [org.springframework.core.env.StandardEnvironment] Adding [systemEnvironment] PropertySource with lowest search precedence
2016-02-03 20:28:54,837 DEBUG   main [org.springframework.core.env.StandardEnvironment] Initialized StandardEnvironment with PropertySources [systemProperties,systemEnvironment]
2016-02-03 20:28:54,855 DEBUG   main [org.springframework.core.io.support.PathMatchingResourcePatternResolver] Looking for matching resources in directory tree [C:\Eclipse\workspace\spring-ldap-example\bin\ldap\advance\example]
2016-02-03 20:28:54,855 DEBUG   main [org.springframework.core.io.support.PathMatchingResourcePatternResolver] Searching directory [C:\Eclipse\workspace\spring-ldap-example\bin\ldap\advance\example] for files matching pattern [C:/Eclipse/workspace/spring-ldap-example/bin/ldap/advance/example/**/*.class]
2016-02-03 20:28:54,858 DEBUG   main [org.springframework.core.io.support.PathMatchingResourcePatternResolver] Searching directory [C:\Eclipse\workspace\spring-ldap-example\bin\ldap\advance\example\test] for files matching pattern [C:/Eclipse/workspace/spring-ldap-example/bin/ldap/advance/example/**/*.class]
2016-02-03 20:28:54,861 DEBUG   main [org.springframework.core.io.support.PathMatchingResourcePatternResolver] Resolved location pattern [classpath*:ldap/advance/example/**/*.class] to resources [file [C:\Eclipse\workspace\spring-ldap-example\bin\ldap\advance\example\test\LdapApp.class], file [C:\Eclipse\workspace\spring-ldap-example\bin\ldap\advance\example\User.class], file [C:\Eclipse\workspace\spring-ldap-example\bin\ldap\advance\example\UserRepositoryImpl$MultipleAttributesMapper.class], file [C:\Eclipse\workspace\spring-ldap-example\bin\ldap\advance\example\UserRepositoryImpl$SingleAttributesMapper.class], file [C:\Eclipse\workspace\spring-ldap-example\bin\ldap\advance\example\UserRepositoryImpl$UserAttributesMapper.class], file [C:\Eclipse\workspace\spring-ldap-example\bin\ldap\advance\example\UserRepositoryImpl.class], file [C:\Eclipse\workspace\spring-ldap-example\bin\ldap\advance\example\UserRepositoryIntf.class]]
2016-02-03 20:28:54,861 TRACE   main [org.springframework.context.annotation.ClassPathBeanDefinitionScanner] Scanning file [C:\Eclipse\workspace\spring-ldap-example\bin\ldap\advance\example\test\LdapApp.class]
2016-02-03 20:28:54,887 TRACE   main [org.springframework.context.annotation.ClassPathBeanDefinitionScanner] Ignored because not matching any filter: file [C:\Eclipse\workspace\spring-ldap-example\bin\ldap\advance\example\test\LdapApp.class]
2016-02-03 20:28:54,887 TRACE   main [org.springframework.context.annotation.ClassPathBeanDefinitionScanner] Scanning file [C:\Eclipse\workspace\spring-ldap-example\bin\ldap\advance\example\User.class]
2016-02-03 20:28:54,887 TRACE   main [org.springframework.context.annotation.ClassPathBeanDefinitionScanner] Ignored because not matching any filter: file [C:\Eclipse\workspace\spring-ldap-example\bin\ldap\advance\example\User.class]
2016-02-03 20:28:54,888 TRACE   main [org.springframework.context.annotation.ClassPathBeanDefinitionScanner] Scanning file [C:\Eclipse\workspace\spring-ldap-example\bin\ldap\advance\example\UserRepositoryImpl$MultipleAttributesMapper.class]
2016-02-03 20:28:54,888 TRACE   main [org.springframework.context.annotation.ClassPathBeanDefinitionScanner] Ignored because not matching any filter: file [C:\Eclipse\workspace\spring-ldap-example\bin\ldap\advance\example\UserRepositoryImpl$MultipleAttributesMapper.class]
2016-02-03 20:28:54,888 TRACE   main [org.springframework.context.annotation.ClassPathBeanDefinitionScanner] Scanning file [C:\Eclipse\workspace\spring-ldap-example\bin\ldap\advance\example\UserRepositoryImpl$SingleAttributesMapper.class]
2016-02-03 20:28:54,889 TRACE   main [org.springframework.context.annotation.ClassPathBeanDefinitionScanner] Ignored because not matching any filter: file [C:\Eclipse\workspace\spring-ldap-example\bin\ldap\advance\example\UserRepositoryImpl$SingleAttributesMapper.class]
2016-02-03 20:28:54,889 TRACE   main [org.springframework.context.annotation.ClassPathBeanDefinitionScanner] Scanning file [C:\Eclipse\workspace\spring-ldap-example\bin\ldap\advance\example\UserRepositoryImpl$UserAttributesMapper.class]
2016-02-03 20:28:54,889 TRACE   main [org.springframework.context.annotation.ClassPathBeanDefinitionScanner] Ignored because not matching any filter: file [C:\Eclipse\workspace\spring-ldap-example\bin\ldap\advance\example\UserRepositoryImpl$UserAttributesMapper.class]
2016-02-03 20:28:54,889 TRACE   main [org.springframework.context.annotation.ClassPathBeanDefinitionScanner] Scanning file [C:\Eclipse\workspace\spring-ldap-example\bin\ldap\advance\example\UserRepositoryImpl.class]
2016-02-03 20:28:54,906 DEBUG   main [org.springframework.context.annotation.ClassPathBeanDefinitionScanner] Identified candidate component class: file [C:\Eclipse\workspace\spring-ldap-example\bin\ldap\advance\example\UserRepositoryImpl.class]
2016-02-03 20:28:54,906 TRACE   main [org.springframework.context.annotation.ClassPathBeanDefinitionScanner] Scanning file [C:\Eclipse\workspace\spring-ldap-example\bin\ldap\advance\example\UserRepositoryIntf.class]
2016-02-03 20:28:54,909 TRACE   main [org.springframework.context.annotation.ClassPathBeanDefinitionScanner] Ignored because not matching any filter: file [C:\Eclipse\workspace\spring-ldap-example\bin\ldap\advance\example\UserRepositoryIntf.class]
2016-02-03 20:28:54,993 DEBUG   main [org.springframework.beans.factory.xml.XmlBeanDefinitionReader] Loaded 9 bean definitions from location pattern [spring-ldap-example.xml]
2016-02-03 20:28:54,993 DEBUG   main [org.springframework.context.support.ClassPathXmlApplicationContext] Bean factory for org.springframework.context.support.ClassPathXmlApplicationContext@6ed6ee82: org.springframework.beans.factory.support.DefaultListableBeanFactory@40a49a3: defining beans [userRepositoryImpl,org.springframework.context.annotation.internalConfigurationAnnotationProcessor,org.springframework.context.annotation.internalAutowiredAnnotationProcessor,org.springframework.context.annotation.internalRequiredAnnotationProcessor,org.springframework.context.annotation.internalCommonAnnotationProcessor,simpleDirContextAuthenticationStrategy,userReposImpl,contextSource,ldapTemplate]; root of factory hierarchy
2016-02-03 20:28:55,054 DEBUG   main [org.springframework.beans.factory.support.DefaultListableBeanFactory] Creating shared instance of singleton bean 'org.springframework.context.annotation.internalConfigurationAnnotationProcessor'
2016-02-03 20:28:55,054 DEBUG   main [org.springframework.beans.factory.support.DefaultListableBeanFactory] Creating instance of bean 'org.springframework.context.annotation.internalConfigurationAnnotationProcessor'
2016-02-03 20:28:55,074 DEBUG   main [org.springframework.beans.factory.support.DefaultListableBeanFactory] Eagerly caching bean 'org.springframework.context.annotation.internalConfigurationAnnotationProcessor' to allow for resolving potential circular references
2016-02-03 20:28:55,078 DEBUG   main [org.springframework.beans.factory.support.DefaultListableBeanFactory] Finished creating instance of bean 'org.springframework.context.annotation.internalConfigurationAnnotationProcessor'
2016-02-03 20:28:55,150 DEBUG   main [org.springframework.beans.factory.support.DefaultListableBeanFactory] Creating shared instance of singleton bean 'org.springframework.context.annotation.internalAutowiredAnnotationProcessor'
2016-02-03 20:28:55,150 DEBUG   main [org.springframework.beans.factory.support.DefaultListableBeanFactory] Creating instance of bean 'org.springframework.context.annotation.internalAutowiredAnnotationProcessor'
2016-02-03 20:28:55,152 DEBUG   main [org.springframework.beans.factory.support.DefaultListableBeanFactory] Eagerly caching bean 'org.springframework.context.annotation.internalAutowiredAnnotationProcessor' to allow for resolving potential circular references
2016-02-03 20:28:55,155 DEBUG   main [org.springframework.beans.factory.support.DefaultListableBeanFactory] Finished creating instance of bean 'org.springframework.context.annotation.internalAutowiredAnnotationProcessor'
2016-02-03 20:28:55,155 DEBUG   main [org.springframework.beans.factory.support.DefaultListableBeanFactory] Creating shared instance of singleton bean 'org.springframework.context.annotation.internalRequiredAnnotationProcessor'
2016-02-03 20:28:55,155 DEBUG   main [org.springframework.beans.factory.support.DefaultListableBeanFactory] Creating instance of bean 'org.springframework.context.annotation.internalRequiredAnnotationProcessor'
2016-02-03 20:28:55,161 DEBUG   main [org.springframework.beans.factory.support.DefaultListableBeanFactory] Eagerly caching bean 'org.springframework.context.annotation.internalRequiredAnnotationProcessor' to allow for resolving potential circular references
2016-02-03 20:28:55,162 DEBUG   main [org.springframework.beans.factory.support.DefaultListableBeanFactory] Finished creating instance of bean 'org.springframework.context.annotation.internalRequiredAnnotationProcessor'
2016-02-03 20:28:55,162 DEBUG   main [org.springframework.beans.factory.support.DefaultListableBeanFactory] Creating shared instance of singleton bean 'org.springframework.context.annotation.internalCommonAnnotationProcessor'
2016-02-03 20:28:55,162 DEBUG   main [org.springframework.beans.factory.support.DefaultListableBeanFactory] Creating instance of bean 'org.springframework.context.annotation.internalCommonAnnotationProcessor'
2016-02-03 20:28:55,169 DEBUG   main [org.springframework.beans.factory.support.DefaultListableBeanFactory] Eagerly caching bean 'org.springframework.context.annotation.internalCommonAnnotationProcessor' to allow for resolving potential circular references
2016-02-03 20:28:55,169 DEBUG   main [org.springframework.beans.factory.support.DefaultListableBeanFactory] Finished creating instance of bean 'org.springframework.context.annotation.internalCommonAnnotationProcessor'
2016-02-03 20:28:55,170 DEBUG   main [org.springframework.beans.factory.support.DefaultListableBeanFactory] Creating shared instance of singleton bean 'org.springframework.context.annotation.ConfigurationClassPostProcessor.importAwareProcessor'
2016-02-03 20:28:55,170 DEBUG   main [org.springframework.beans.factory.support.DefaultListableBeanFactory] Creating instance of bean 'org.springframework.context.annotation.ConfigurationClassPostProcessor.importAwareProcessor'
2016-02-03 20:28:55,171 DEBUG   main [org.springframework.beans.factory.support.DefaultListableBeanFactory] Eagerly caching bean 'org.springframework.context.annotation.ConfigurationClassPostProcessor.importAwareProcessor' to allow for resolving potential circular references
2016-02-03 20:28:55,171 DEBUG   main [org.springframework.beans.factory.support.DefaultListableBeanFactory] Finished creating instance of bean 'org.springframework.context.annotation.ConfigurationClassPostProcessor.importAwareProcessor'
2016-02-03 20:28:55,171 DEBUG   main [org.springframework.beans.factory.support.DefaultListableBeanFactory] Creating shared instance of singleton bean 'org.springframework.context.annotation.ConfigurationClassPostProcessor.enhancedConfigurationProcessor'
2016-02-03 20:28:55,171 DEBUG   main [org.springframework.beans.factory.support.DefaultListableBeanFactory] Creating instance of bean 'org.springframework.context.annotation.ConfigurationClassPostProcessor.enhancedConfigurationProcessor'
2016-02-03 20:28:55,172 DEBUG   main [org.springframework.beans.factory.support.DefaultListableBeanFactory] Eagerly caching bean 'org.springframework.context.annotation.ConfigurationClassPostProcessor.enhancedConfigurationProcessor' to allow for resolving potential circular references
2016-02-03 20:28:55,172 DEBUG   main [org.springframework.beans.factory.support.DefaultListableBeanFactory] Finished creating instance of bean 'org.springframework.context.annotation.ConfigurationClassPostProcessor.enhancedConfigurationProcessor'
2016-02-03 20:28:55,178 DEBUG   main [org.springframework.context.support.ClassPathXmlApplicationContext] Unable to locate MessageSource with name 'messageSource': using default [org.springframework.context.support.DelegatingMessageSource@5fc0bc26]
2016-02-03 20:28:55,181 DEBUG   main [org.springframework.context.support.ClassPathXmlApplicationContext] Unable to locate ApplicationEventMulticaster with name 'applicationEventMulticaster': using default [org.springframework.context.event.SimpleApplicationEventMulticaster@76f9d876]
2016-02-03 20:28:55,185 DEBUG   main [org.springframework.beans.factory.support.DefaultListableBeanFactory] Pre-instantiating singletons in org.springframework.beans.factory.support.DefaultListableBeanFactory@40a49a3: defining beans [userRepositoryImpl,org.springframework.context.annotation.internalConfigurationAnnotationProcessor,org.springframework.context.annotation.internalAutowiredAnnotationProcessor,org.springframework.context.annotation.internalRequiredAnnotationProcessor,org.springframework.context.annotation.internalCommonAnnotationProcessor,simpleDirContextAuthenticationStrategy,userReposImpl,contextSource,ldapTemplate,org.springframework.context.annotation.ConfigurationClassPostProcessor.importAwareProcessor,org.springframework.context.annotation.ConfigurationClassPostProcessor.enhancedConfigurationProcessor]; root of factory hierarchy
2016-02-03 20:28:55,185 DEBUG   main [org.springframework.beans.factory.support.DefaultListableBeanFactory] Creating shared instance of singleton bean 'userRepositoryImpl'
2016-02-03 20:28:55,186 DEBUG   main [org.springframework.beans.factory.support.DefaultListableBeanFactory] Creating instance of bean 'userRepositoryImpl'
2016-02-03 20:28:55,217 DEBUG   main [org.springframework.beans.factory.annotation.InjectionMetadata] Registered injected element on class [ldap.advance.example.UserRepositoryImpl]: AutowiredFieldElement for private org.springframework.ldap.core.LdapTemplate ldap.advance.example.UserRepositoryImpl.ldapTemplate
2016-02-03 20:28:55,218 DEBUG   main [org.springframework.beans.factory.support.DefaultListableBeanFactory] Eagerly caching bean 'userRepositoryImpl' to allow for resolving potential circular references
2016-02-03 20:28:55,223 TRACE   main [org.springframework.core.io.support.SpringFactoriesLoader] Loaded [org.springframework.beans.BeanInfoFactory] names: [org.springframework.beans.ExtendedBeanInfoFactory]
2016-02-03 20:28:55,225 TRACE   main [org.springframework.beans.CachedIntrospectionResults] Getting BeanInfo for class [ldap.advance.example.UserRepositoryImpl]
2016-02-03 20:28:55,232 TRACE   main [org.springframework.beans.CachedIntrospectionResults] Caching PropertyDescriptors for class [ldap.advance.example.UserRepositoryImpl]
2016-02-03 20:28:55,232 TRACE   main [org.springframework.beans.CachedIntrospectionResults] Found bean property 'allUserNames' of type [java.util.List]
2016-02-03 20:28:55,236 TRACE   main [org.springframework.beans.CachedIntrospectionResults] Found bean property 'allUsers' of type [java.util.List]
2016-02-03 20:28:55,236 TRACE   main [org.springframework.beans.CachedIntrospectionResults] Found bean property 'class' of type [java.lang.Class]
2016-02-03 20:28:55,248 DEBUG   main [org.springframework.beans.factory.annotation.InjectionMetadata] Processing injected element of bean 'userRepositoryImpl': AutowiredFieldElement for private org.springframework.ldap.core.LdapTemplate ldap.advance.example.UserRepositoryImpl.ldapTemplate
2016-02-03 20:28:55,267 DEBUG   main [org.springframework.beans.factory.support.DefaultListableBeanFactory] Creating shared instance of singleton bean 'ldapTemplate'
2016-02-03 20:28:55,267 DEBUG   main [org.springframework.beans.factory.support.DefaultListableBeanFactory] Creating instance of bean 'ldapTemplate'
2016-02-03 20:28:55,293 DEBUG   main [org.springframework.beans.factory.support.DefaultListableBeanFactory] Eagerly caching bean 'ldapTemplate' to allow for resolving potential circular references
2016-02-03 20:28:55,293 TRACE   main [org.springframework.beans.CachedIntrospectionResults] Getting BeanInfo for class [org.springframework.ldap.core.LdapTemplate]
2016-02-03 20:28:55,313 TRACE   main [org.springframework.beans.CachedIntrospectionResults] Caching PropertyDescriptors for class [org.springframework.ldap.core.LdapTemplate]
2016-02-03 20:28:55,313 TRACE   main [org.springframework.beans.CachedIntrospectionResults] Found bean property 'class' of type [java.lang.Class]
2016-02-03 20:28:55,314 TRACE   main [org.springframework.beans.CachedIntrospectionResults] Found bean property 'contextSource' of type [org.springframework.ldap.core.ContextSource]
2016-02-03 20:28:55,314 TRACE   main [org.springframework.beans.CachedIntrospectionResults] Found bean property 'defaultCountLimit' of type [int]
2016-02-03 20:28:55,314 TRACE   main [org.springframework.beans.CachedIntrospectionResults] Found bean property 'defaultSearchScope' of type [int]
2016-02-03 20:28:55,315 TRACE   main [org.springframework.beans.CachedIntrospectionResults] Found bean property 'defaultTimeLimit' of type [int]
2016-02-03 20:28:55,316 TRACE   main [org.springframework.beans.CachedIntrospectionResults] Found bean property 'ignoreNameNotFoundException' of type [boolean]
2016-02-03 20:28:55,317 TRACE   main [org.springframework.beans.CachedIntrospectionResults] Found bean property 'ignorePartialResultException' of type [boolean]
2016-02-03 20:28:55,317 TRACE   main [org.springframework.beans.CachedIntrospectionResults] Found bean property 'ignoreSizeLimitExceededException' of type [boolean]
2016-02-03 20:28:55,317 TRACE   main [org.springframework.beans.CachedIntrospectionResults] Found bean property 'objectDirectoryMapper' of type [org.springframework.ldap.odm.core.ObjectDirectoryMapper]
2016-02-03 20:28:55,321 DEBUG   main [org.springframework.beans.factory.support.DefaultListableBeanFactory] Creating shared instance of singleton bean 'contextSource'
2016-02-03 20:28:55,321 DEBUG   main [org.springframework.beans.factory.support.DefaultListableBeanFactory] Creating instance of bean 'contextSource'
2016-02-03 20:28:55,329 DEBUG   main [org.springframework.beans.factory.support.DefaultListableBeanFactory] Creating instance of bean '(inner bean)#5717e2b2'
2016-02-03 20:28:55,370 TRACE   main [org.springframework.beans.CachedIntrospectionResults] Getting BeanInfo for class [org.springframework.ldap.core.support.LdapContextSource]
2016-02-03 20:28:55,382 TRACE   main [org.springframework.beans.CachedIntrospectionResults] Caching PropertyDescriptors for class [org.springframework.ldap.core.support.LdapContextSource]
2016-02-03 20:28:55,382 TRACE   main [org.springframework.beans.CachedIntrospectionResults] Found bean property 'anonymousReadOnly' of type [boolean]
2016-02-03 20:28:55,382 TRACE   main [org.springframework.beans.CachedIntrospectionResults] Found bean property 'authenticationSource' of type [org.springframework.ldap.core.AuthenticationSource]
2016-02-03 20:28:55,382 TRACE   main [org.springframework.beans.CachedIntrospectionResults] Found bean property 'authenticationStrategy' of type [org.springframework.ldap.core.support.DirContextAuthenticationStrategy]
2016-02-03 20:28:55,382 TRACE   main [org.springframework.beans.CachedIntrospectionResults] Found bean property 'base' of type [java.lang.String]
2016-02-03 20:28:55,383 TRACE   main [org.springframework.beans.CachedIntrospectionResults] Found bean property 'baseEnvironmentProperties' of type [java.util.Map]
2016-02-03 20:28:55,383 TRACE   main [org.springframework.beans.CachedIntrospectionResults] Found bean property 'baseLdapName' of type [javax.naming.ldap.LdapName]
2016-02-03 20:28:55,383 TRACE   main [org.springframework.beans.CachedIntrospectionResults] Found bean property 'baseLdapPath' of type [org.springframework.ldap.core.DistinguishedName]
2016-02-03 20:28:55,383 TRACE   main [org.springframework.beans.CachedIntrospectionResults] Found bean property 'baseLdapPathAsString' of type [java.lang.String]
2016-02-03 20:28:55,383 TRACE   main [org.springframework.beans.CachedIntrospectionResults] Found bean property 'cacheEnvironmentProperties' of type [boolean]
2016-02-03 20:28:55,384 TRACE   main [org.springframework.beans.CachedIntrospectionResults] Found bean property 'class' of type [java.lang.Class]
2016-02-03 20:28:55,384 TRACE   main [org.springframework.beans.CachedIntrospectionResults] Found bean property 'contextFactory' of type [java.lang.Class]
2016-02-03 20:28:55,384 TRACE   main [org.springframework.beans.CachedIntrospectionResults] Found bean property 'dirObjectFactory' of type [java.lang.Class]
2016-02-03 20:28:55,384 TRACE   main [org.springframework.beans.CachedIntrospectionResults] Found bean property 'password' of type [java.lang.String]
2016-02-03 20:28:55,384 TRACE   main [org.springframework.beans.CachedIntrospectionResults] Found bean property 'pooled' of type [boolean]
2016-02-03 20:28:55,384 TRACE   main [org.springframework.beans.CachedIntrospectionResults] Found bean property 'readOnlyContext' of type [javax.naming.directory.DirContext]
2016-02-03 20:28:55,385 TRACE   main [org.springframework.beans.CachedIntrospectionResults] Found bean property 'readWriteContext' of type [javax.naming.directory.DirContext]
2016-02-03 20:28:55,385 TRACE   main [org.springframework.beans.CachedIntrospectionResults] Found bean property 'referral' of type [java.lang.String]
2016-02-03 20:28:55,385 TRACE   main [org.springframework.beans.CachedIntrospectionResults] Found bean property 'url' of type [java.lang.String]
2016-02-03 20:28:55,385 TRACE   main [org.springframework.beans.CachedIntrospectionResults] Found bean property 'urls' of type [[Ljava.lang.String;]
2016-02-03 20:28:55,385 TRACE   main [org.springframework.beans.CachedIntrospectionResults] Found bean property 'userDn' of type [java.lang.String]
2016-02-03 20:28:55,393 DEBUG   main [org.springframework.beans.factory.support.DefaultListableBeanFactory] Creating instance of bean '(inner bean)#5f1c0ef'
2016-02-03 20:28:55,399 TRACE   main [org.springframework.beans.CachedIntrospectionResults] Getting BeanInfo for class [[Ljava.lang.String;]
2016-02-03 20:28:55,400 TRACE   main [org.springframework.beans.CachedIntrospectionResults] Caching PropertyDescriptors for class [[Ljava.lang.String;]
2016-02-03 20:28:55,400 TRACE   main [org.springframework.beans.CachedIntrospectionResults] Found bean property 'class' of type [java.lang.Class]
2016-02-03 20:28:55,401 DEBUG   main [org.springframework.beans.factory.support.DefaultListableBeanFactory] Finished creating instance of bean '(inner bean)#5f1c0ef'
2016-02-03 20:28:55,401 DEBUG   main [org.springframework.beans.factory.support.DefaultListableBeanFactory] Creating shared instance of singleton bean 'simpleDirContextAuthenticationStrategy'
2016-02-03 20:28:55,401 DEBUG   main [org.springframework.beans.factory.support.DefaultListableBeanFactory] Creating instance of bean 'simpleDirContextAuthenticationStrategy'
2016-02-03 20:28:55,402 DEBUG   main [org.springframework.beans.factory.support.DefaultListableBeanFactory] Eagerly caching bean 'simpleDirContextAuthenticationStrategy' to allow for resolving potential circular references
2016-02-03 20:28:55,402 TRACE   main [org.springframework.beans.CachedIntrospectionResults] Getting BeanInfo for class [org.springframework.ldap.core.support.SimpleDirContextAuthenticationStrategy]
2016-02-03 20:28:55,403 TRACE   main [org.springframework.beans.CachedIntrospectionResults] Caching PropertyDescriptors for class [org.springframework.ldap.core.support.SimpleDirContextAuthenticationStrategy]
2016-02-03 20:28:55,403 TRACE   main [org.springframework.beans.CachedIntrospectionResults] Found bean property 'class' of type [java.lang.Class]
2016-02-03 20:28:55,403 DEBUG   main [org.springframework.beans.factory.support.DefaultListableBeanFactory] Finished creating instance of bean 'simpleDirContextAuthenticationStrategy'
2016-02-03 20:28:55,405 DEBUG   main [org.springframework.beans.factory.support.DefaultListableBeanFactory] Invoking afterPropertiesSet() on bean with name '(inner bean)#5717e2b2'
2016-02-03 20:28:55,412 DEBUG   main [org.springframework.beans.factory.support.DefaultListableBeanFactory] Finished creating instance of bean '(inner bean)#5717e2b2'
2016-02-03 20:28:55,415 DEBUG   main [org.springframework.beans.factory.support.DefaultListableBeanFactory] Eagerly caching bean 'contextSource' to allow for resolving potential circular references
2016-02-03 20:28:55,415 TRACE   main [org.springframework.beans.CachedIntrospectionResults] Getting BeanInfo for class [org.springframework.ldap.transaction.compensating.manager.TransactionAwareContextSourceProxy]
2016-02-03 20:28:55,418 TRACE   main [org.springframework.beans.CachedIntrospectionResults] Caching PropertyDescriptors for class [org.springframework.ldap.transaction.compensating.manager.TransactionAwareContextSourceProxy]
2016-02-03 20:28:55,418 TRACE   main [org.springframework.beans.CachedIntrospectionResults] Found bean property 'baseLdapName' of type [javax.naming.ldap.LdapName]
2016-02-03 20:28:55,418 TRACE   main [org.springframework.beans.CachedIntrospectionResults] Found bean property 'baseLdapPath' of type [org.springframework.ldap.core.DistinguishedName]
2016-02-03 20:28:55,418 TRACE   main [org.springframework.beans.CachedIntrospectionResults] Found bean property 'baseLdapPathAsString' of type [java.lang.String]
2016-02-03 20:28:55,419 TRACE   main [org.springframework.beans.CachedIntrospectionResults] Found bean property 'class' of type [java.lang.Class]
2016-02-03 20:28:55,419 TRACE   main [org.springframework.beans.CachedIntrospectionResults] Found bean property 'readOnlyContext' of type [javax.naming.directory.DirContext]
2016-02-03 20:28:55,419 TRACE   main [org.springframework.beans.CachedIntrospectionResults] Found bean property 'readWriteContext' of type [javax.naming.directory.DirContext]
2016-02-03 20:28:55,419 TRACE   main [org.springframework.beans.CachedIntrospectionResults] Found bean property 'target' of type [org.springframework.ldap.core.ContextSource]
2016-02-03 20:28:55,419 DEBUG   main [org.springframework.beans.factory.support.DefaultListableBeanFactory] Finished creating instance of bean 'contextSource'
2016-02-03 20:28:55,422 DEBUG   main [org.springframework.beans.factory.support.DefaultListableBeanFactory] Invoking afterPropertiesSet() on bean with name 'ldapTemplate'
2016-02-03 20:28:55,422 DEBUG   main [org.springframework.beans.factory.support.DefaultListableBeanFactory] Finished creating instance of bean 'ldapTemplate'
2016-02-03 20:28:55,422 DEBUG   main [org.springframework.beans.factory.annotation.AutowiredAnnotationBeanPostProcessor] Autowiring by type from bean name 'userRepositoryImpl' to bean named 'ldapTemplate'
2016-02-03 20:28:55,426 DEBUG   main [org.springframework.beans.factory.support.DefaultListableBeanFactory] Finished creating instance of bean 'userRepositoryImpl'
2016-02-03 20:28:55,427 DEBUG   main [org.springframework.beans.factory.support.DefaultListableBeanFactory] Returning cached instance of singleton bean 'org.springframework.context.annotation.internalConfigurationAnnotationProcessor'
2016-02-03 20:28:55,428 DEBUG   main [org.springframework.beans.factory.support.DefaultListableBeanFactory] Returning cached instance of singleton bean 'org.springframework.context.annotation.internalAutowiredAnnotationProcessor'
2016-02-03 20:28:55,428 DEBUG   main [org.springframework.beans.factory.support.DefaultListableBeanFactory] Returning cached instance of singleton bean 'org.springframework.context.annotation.internalRequiredAnnotationProcessor'
2016-02-03 20:28:55,429 DEBUG   main [org.springframework.beans.factory.support.DefaultListableBeanFactory] Returning cached instance of singleton bean 'org.springframework.context.annotation.internalCommonAnnotationProcessor'
2016-02-03 20:28:55,429 DEBUG   main [org.springframework.beans.factory.support.DefaultListableBeanFactory] Returning cached instance of singleton bean 'simpleDirContextAuthenticationStrategy'
2016-02-03 20:28:55,430 DEBUG   main [org.springframework.beans.factory.support.DefaultListableBeanFactory] Creating shared instance of singleton bean 'userReposImpl'
2016-02-03 20:28:55,430 DEBUG   main [org.springframework.beans.factory.support.DefaultListableBeanFactory] Creating instance of bean 'userReposImpl'
2016-02-03 20:28:55,431 DEBUG   main [org.springframework.beans.factory.annotation.InjectionMetadata] Registered injected element on class [ldap.advance.example.UserRepositoryImpl]: AutowiredFieldElement for private org.springframework.ldap.core.LdapTemplate ldap.advance.example.UserRepositoryImpl.ldapTemplate
2016-02-03 20:28:55,432 DEBUG   main [org.springframework.beans.factory.support.DefaultListableBeanFactory] Eagerly caching bean 'userReposImpl' to allow for resolving potential circular references
2016-02-03 20:28:55,432 DEBUG   main [org.springframework.beans.factory.annotation.InjectionMetadata] Processing injected element of bean 'userReposImpl': AutowiredFieldElement for private org.springframework.ldap.core.LdapTemplate ldap.advance.example.UserRepositoryImpl.ldapTemplate
2016-02-03 20:28:55,433 DEBUG   main [org.springframework.beans.factory.support.DefaultListableBeanFactory] Returning cached instance of singleton bean 'ldapTemplate'
2016-02-03 20:28:55,434 DEBUG   main [org.springframework.beans.factory.annotation.AutowiredAnnotationBeanPostProcessor] Autowiring by type from bean name 'userReposImpl' to bean named 'ldapTemplate'
2016-02-03 20:28:55,434 DEBUG   main [org.springframework.beans.factory.support.DefaultListableBeanFactory] Finished creating instance of bean 'userReposImpl'
2016-02-03 20:28:55,434 DEBUG   main [org.springframework.beans.factory.support.DefaultListableBeanFactory] Returning cached instance of singleton bean 'contextSource'
2016-02-03 20:28:55,434 DEBUG   main [org.springframework.beans.factory.support.DefaultListableBeanFactory] Returning cached instance of singleton bean 'ldapTemplate'
2016-02-03 20:28:55,434 DEBUG   main [org.springframework.beans.factory.support.DefaultListableBeanFactory] Returning cached instance of singleton bean 'org.springframework.context.annotation.ConfigurationClassPostProcessor.importAwareProcessor'
2016-02-03 20:28:55,434 DEBUG   main [org.springframework.beans.factory.support.DefaultListableBeanFactory] Returning cached instance of singleton bean 'org.springframework.context.annotation.ConfigurationClassPostProcessor.enhancedConfigurationProcessor'
2016-02-03 20:28:55,436 DEBUG   main [org.springframework.context.support.ClassPathXmlApplicationContext] Unable to locate LifecycleProcessor with name 'lifecycleProcessor': using default [org.springframework.context.support.DefaultLifecycleProcessor@14f94672]
2016-02-03 20:28:55,436 DEBUG   main [org.springframework.beans.factory.support.DefaultListableBeanFactory] Returning cached instance of singleton bean 'lifecycleProcessor'
2016-02-03 20:28:55,436 TRACE   main [org.springframework.context.support.ClassPathXmlApplicationContext] Publishing event in org.springframework.context.support.ClassPathXmlApplicationContext@6ed6ee82: org.springframework.context.event.ContextRefreshedEvent[source=org.springframework.context.support.ClassPathXmlApplicationContext@6ed6ee82: startup date [Wed Feb 03 20:28:54 EST 2016]; root of context hierarchy]
2016-02-03 20:28:55,442 TRACE   main [org.springframework.core.env.PropertySourcesPropertyResolver] getProperty("spring.liveBeansView.mbeanDomain", String)
2016-02-03 20:28:55,443 DEBUG   main [org.springframework.core.env.PropertySourcesPropertyResolver] Searching for key 'spring.liveBeansView.mbeanDomain' in [systemProperties]
2016-02-03 20:28:55,443 DEBUG   main [org.springframework.core.env.PropertySourcesPropertyResolver] Searching for key 'spring.liveBeansView.mbeanDomain' in [systemEnvironment]
2016-02-03 20:28:55,444 DEBUG   main [org.springframework.core.env.PropertySourcesPropertyResolver] Could not find key 'spring.liveBeansView.mbeanDomain' in any property source. Returning [null]
2016-02-03 20:28:55,444 INFO   main [ldap.advance.example.test.LdapApp] Test started at Wed Feb 03 20:28:54 EST 2016
2016-02-03 20:28:55,444 DEBUG   main [org.springframework.beans.factory.support.DefaultListableBeanFactory] Returning cached instance of singleton bean 'userReposImpl'
2016-02-03 20:28:55,444 INFO   main [ldap.advance.example.UserRepositoryImpl] executing {createUser}
2016-02-03 20:29:30,624 DEBUG   main [org.springframework.core.env.StandardEnvironment] Adding [systemProperties] PropertySource with lowest search precedence
2016-02-03 20:29:30,633 DEBUG   main [org.springframework.core.env.StandardEnvironment] Adding [systemEnvironment] PropertySource with lowest search precedence
2016-02-03 20:29:30,633 DEBUG   main [org.springframework.core.env.StandardEnvironment] Initialized StandardEnvironment with PropertySources [systemProperties,systemEnvironment]
2016-02-03 20:29:30,639 INFO   main [org.springframework.context.support.ClassPathXmlApplicationContext] Refreshing org.springframework.context.support.ClassPathXmlApplicationContext@450faed3: startup date [Wed Feb 03 20:29:30 EST 2016]; root of context hierarchy
2016-02-03 20:29:30,684 DEBUG   main [org.springframework.core.env.StandardEnvironment] Adding [systemProperties] PropertySource with lowest search precedence
2016-02-03 20:29:30,685 DEBUG   main [org.springframework.core.env.StandardEnvironment] Adding [systemEnvironment] PropertySource with lowest search precedence
2016-02-03 20:29:30,685 DEBUG   main [org.springframework.core.env.StandardEnvironment] Initialized StandardEnvironment with PropertySources [systemProperties,systemEnvironment]
2016-02-03 20:29:30,708 INFO   main [org.springframework.beans.factory.xml.XmlBeanDefinitionReader] Loading XML bean definitions from class path resource [spring-ldap-example.xml]
2016-02-03 20:29:30,715 DEBUG   main [org.springframework.beans.factory.xml.DefaultDocumentLoader] Using JAXP provider [com.sun.org.apache.xerces.internal.jaxp.DocumentBuilderFactoryImpl]
2016-02-03 20:29:30,754 TRACE   main [org.springframework.beans.factory.xml.PluggableSchemaResolver] Trying to resolve XML entity with public id [null] and system id [http://www.springframework.org/schema/beans/spring-beans.xsd]
2016-02-03 20:29:30,755 DEBUG   main [org.springframework.beans.factory.xml.PluggableSchemaResolver] Loading schema mappings from [META-INF/spring.schemas]
2016-02-03 20:29:30,781 DEBUG   main [org.springframework.beans.factory.xml.PluggableSchemaResolver] Loaded schema mappings: {http://www.springframework.org/schema/tx/spring-tx-2.5.xsd=org/springframework/transaction/config/spring-tx-2.5.xsd, http://www.springframework.org/schema/cache/spring-cache-4.2.xsd=org/springframework/cache/config/spring-cache-4.2.xsd, http://www.springframework.org/schema/aop/spring-aop-4.1.xsd=org/springframework/aop/config/spring-aop-4.1.xsd, http://www.springframework.org/schema/context/spring-context-3.1.xsd=org/springframework/context/config/spring-context-3.1.xsd, http://www.springframework.org/schema/data/repository/spring-repository-1.4.xsd=org/springframework/data/repository/config/spring-repository-1.4.xsd, http://www.springframework.org/schema/util/spring-util-3.0.xsd=org/springframework/beans/factory/xml/spring-util-3.0.xsd, http://www.springframework.org/schema/tool/spring-tool.xsd=org/springframework/beans/factory/xml/spring-tool-4.2.xsd, http://www.springframework.org/schema/aop/spring-aop-3.2.xsd=org/springframework/aop/config/spring-aop-3.2.xsd, http://www.springframework.org/schema/lang/spring-lang-4.1.xsd=org/springframework/scripting/config/spring-lang-4.1.xsd, http://www.springframework.org/schema/context/spring-context-4.0.xsd=org/springframework/context/config/spring-context-4.0.xsd, http://www.springframework.org/schema/beans/spring-beans-4.2.xsd=org/springframework/beans/factory/xml/spring-beans-4.2.xsd, http://www.springframework.org/schema/tool/spring-tool-4.1.xsd=org/springframework/beans/factory/xml/spring-tool-4.1.xsd, http://www.springframework.org/schema/lang/spring-lang-3.2.xsd=org/springframework/scripting/config/spring-lang-3.2.xsd, http://www.springframework.org/schema/cache/spring-cache-3.2.xsd=org/springframework/cache/config/spring-cache-3.2.xsd, http://www.springframework.org/schema/jee/spring-jee-4.1.xsd=org/springframework/ejb/config/spring-jee-4.1.xsd, http://www.springframework.org/schema/task/spring-task-4.2.xsd=org/springframework/scheduling/config/spring-task-4.2.xsd, http://www.springframework.org/schema/util/spring-util-2.0.xsd=org/springframework/beans/factory/xml/spring-util-2.0.xsd, http://www.springframework.org/schema/tool/spring-tool-3.2.xsd=org/springframework/beans/factory/xml/spring-tool-3.2.xsd, http://www.springframework.org/schema/context/spring-context.xsd=org/springframework/context/config/spring-context-4.2.xsd, http://www.springframework.org/schema/tx/spring-tx-4.2.xsd=org/springframework/transaction/config/spring-tx-4.2.xsd, http://www.springframework.org/schema/cache/spring-cache-4.1.xsd=org/springframework/cache/config/spring-cache-4.1.xsd, http://www.springframework.org/schema/aop/spring-aop-4.0.xsd=org/springframework/aop/config/spring-aop-4.0.xsd, http://www.springframework.org/schema/jee/spring-jee-3.2.xsd=org/springframework/ejb/config/spring-jee-3.2.xsd, http://www.springframework.org/schema/context/spring-context-3.0.xsd=org/springframework/context/config/spring-context-3.0.xsd, http://www.springframework.org/schema/util/spring-util-2.5.xsd=org/springframework/beans/factory/xml/spring-util-2.5.xsd, http://www.springframework.org/schema/beans/spring-beans-3.2.xsd=org/springframework/beans/factory/xml/spring-beans-3.2.xsd, http://www.springframework.org/schema/aop/spring-aop-3.1.xsd=org/springframework/aop/config/spring-aop-3.1.xsd, http://www.springframework.org/schema/ldap/spring-ldap-2.0.xsd=org/springframework/ldap/config/spring-ldap-2.0.xsd, http://www.springframework.org/schema/lang/spring-lang-4.0.xsd=org/springframework/scripting/config/spring-lang-4.0.xsd, http://www.springframework.org/schema/beans/spring-beans-4.1.xsd=org/springframework/beans/factory/xml/spring-beans-4.1.xsd, http://www.springframework.org/schema/tool/spring-tool-4.0.xsd=org/springframework/beans/factory/xml/spring-tool-4.0.xsd, http://www.springframework.org/schema/tx/spring-tx-3.2.xsd=org/springframework/transaction/config/spring-tx-3.2.xsd, http://www.springframework.org/schema/lang/spring-lang-3.1.xsd=org/springframework/scripting/config/spring-lang-3.1.xsd, http://www.springframework.org/schema/cache/spring-cache-3.1.xsd=org/springframework/cache/config/spring-cache-3.1.xsd, http://www.springframework.org/schema/jee/spring-jee-4.0.xsd=org/springframework/ejb/config/spring-jee-4.0.xsd, http://www.springframework.org/schema/task/spring-task-4.1.xsd=org/springframework/scheduling/config/spring-task-4.1.xsd, http://www.springframework.org/schema/tool/spring-tool-3.1.xsd=org/springframework/beans/factory/xml/spring-tool-3.1.xsd, http://www.springframework.org/schema/tx/spring-tx-4.1.xsd=org/springframework/transaction/config/spring-tx-4.1.xsd, http://www.springframework.org/schema/cache/spring-cache-4.0.xsd=org/springframework/cache/config/spring-cache-4.0.xsd, http://www.springframework.org/schema/jee/spring-jee-3.1.xsd=org/springframework/ejb/config/spring-jee-3.1.xsd, http://www.springframework.org/schema/task/spring-task-3.2.xsd=org/springframework/scheduling/config/spring-task-3.2.xsd, http://www.springframework.org/schema/util/spring-util-4.2.xsd=org/springframework/beans/factory/xml/spring-util-4.2.xsd, http://www.springframework.org/schema/beans/spring-beans-3.1.xsd=org/springframework/beans/factory/xml/spring-beans-3.1.xsd, http://www.springframework.org/schema/util/spring-util.xsd=org/springframework/beans/factory/xml/spring-util-4.2.xsd, http://www.springframework.org/schema/aop/spring-aop-3.0.xsd=org/springframework/aop/config/spring-aop-3.0.xsd, http://www.springframework.org/schema/data/repository/spring-repository.xsd=org/springframework/data/repository/config/spring-repository-1.7.xsd, http://www.springframework.org/schema/data/repository/spring-repository-1.7.xsd=org/springframework/data/repository/config/spring-repository-1.7.xsd, http://www.springframework.org/schema/ldap/spring-ldap.xsd=org/springframework/ldap/config/spring-ldap-2.0.xsd, http://www.springframework.org/schema/beans/spring-beans-4.0.xsd=org/springframework/beans/factory/xml/spring-beans-4.0.xsd, http://www.springframework.org/schema/beans/spring-beans.xsd=org/springframework/beans/factory/xml/spring-beans-4.2.xsd, http://www.springframework.org/schema/tx/spring-tx-3.1.xsd=org/springframework/transaction/config/spring-tx-3.1.xsd, http://www.springframework.org/schema/lang/spring-lang-3.0.xsd=org/springframework/scripting/config/spring-lang-3.0.xsd, http://www.springframework.org/schema/context/spring-context-2.5.xsd=org/springframework/context/config/spring-context-2.5.xsd, http://www.springframework.org/schema/task/spring-task-4.0.xsd=org/springframework/scheduling/config/spring-task-4.0.xsd, http://www.springframework.org/schema/tool/spring-tool-3.0.xsd=org/springframework/beans/factory/xml/spring-tool-3.0.xsd, http://www.springframework.org/schema/tx/spring-tx-4.0.xsd=org/springframework/transaction/config/spring-tx-4.0.xsd, http://www.springframework.org/schema/aop/spring-aop-2.0.xsd=org/springframework/aop/config/spring-aop-2.0.xsd, http://www.springframework.org/schema/jee/spring-jee-3.0.xsd=org/springframework/ejb/config/spring-jee-3.0.xsd, http://www.springframework.org/schema/util/spring-util-4.1.xsd=org/springframework/beans/factory/xml/spring-util-4.1.xsd, http://www.springframework.org/schema/task/spring-task-3.1.xsd=org/springframework/scheduling/config/spring-task-3.1.xsd, http://www.springframework.org/schema/beans/spring-beans-3.0.xsd=org/springframework/beans/factory/xml/spring-beans-3.0.xsd, http://www.springframework.org/schema/jee/spring-jee.xsd=org/springframework/ejb/config/spring-jee-4.2.xsd, http://www.springframework.org/schema/aop/spring-aop-2.5.xsd=org/springframework/aop/config/spring-aop-2.5.xsd, http://www.springframework.org/schema/lang/spring-lang-2.0.xsd=org/springframework/scripting/config/spring-lang-2.0.xsd, http://www.springframework.org/schema/data/repository/spring-repository-1.6.xsd=org/springframework/data/repository/config/spring-repository-1.6.xsd, http://www.springframework.org/schema/util/spring-util-3.2.xsd=org/springframework/beans/factory/xml/spring-util-3.2.xsd, http://www.springframework.org/schema/task/spring-task.xsd=org/springframework/scheduling/config/spring-task-4.2.xsd, http://www.springframework.org/schema/tool/spring-tool-2.0.xsd=org/springframework/beans/factory/xml/spring-tool-2.0.xsd, http://www.springframework.org/schema/tx/spring-tx-3.0.xsd=org/springframework/transaction/config/spring-tx-3.0.xsd, http://www.springframework.org/schema/lang/spring-lang-2.5.xsd=org/springframework/scripting/config/spring-lang-2.5.xsd, http://www.springframework.org/schema/context/spring-context-4.2.xsd=org/springframework/context/config/spring-context-4.2.xsd, http://www.springframework.org/schema/jee/spring-jee-2.0.xsd=org/springframework/ejb/config/spring-jee-2.0.xsd, http://www.springframework.org/schema/tool/spring-tool-2.5.xsd=org/springframework/beans/factory/xml/spring-tool-2.5.xsd, http://www.springframework.org/schema/jee/spring-jee-2.5.xsd=org/springframework/ejb/config/spring-jee-2.5.xsd, http://www.springframework.org/schema/data/repository/spring-repository-1.0.xsd=org/springframework/data/repository/config/spring-repository-1.0.xsd, http://www.springframework.org/schema/util/spring-util-4.0.xsd=org/springframework/beans/factory/xml/spring-util-4.0.xsd, http://www.springframework.org/schema/task/spring-task-3.0.xsd=org/springframework/scheduling/config/spring-task-3.0.xsd, http://www.springframework.org/schema/aop/spring-aop-4.2.xsd=org/springframework/aop/config/spring-aop-4.2.xsd, http://www.springframework.org/schema/lang/spring-lang.xsd=org/springframework/scripting/config/spring-lang-4.2.xsd, http://www.springframework.org/schema/context/spring-context-3.2.xsd=org/springframework/context/config/spring-context-3.2.xsd, http://www.springframework.org/schema/data/repository/spring-repository-1.5.xsd=org/springframework/data/repository/config/spring-repository-1.5.xsd, http://www.springframework.org/schema/util/spring-util-3.1.xsd=org/springframework/beans/factory/xml/spring-util-3.1.xsd, http://www.springframework.org/schema/beans/spring-beans-2.0.xsd=org/springframework/beans/factory/xml/spring-beans-2.0.xsd, http://www.springframework.org/schema/cache/spring-cache.xsd=org/springframework/cache/config/spring-cache-4.2.xsd, http://www.springframework.org/schema/tx/spring-tx.xsd=org/springframework/transaction/config/spring-tx-4.2.xsd, http://www.springframework.org/schema/lang/spring-lang-4.2.xsd=org/springframework/scripting/config/spring-lang-4.2.xsd, http://www.springframework.org/schema/context/spring-context-4.1.xsd=org/springframework/context/config/spring-context-4.1.xsd, http://www.springframework.org/schema/beans/spring-beans-2.5.xsd=org/springframework/beans/factory/xml/spring-beans-2.5.xsd, http://www.springframework.org/schema/tool/spring-tool-4.2.xsd=org/springframework/beans/factory/xml/spring-tool-4.2.xsd, http://www.springframework.org/schema/tx/spring-tx-2.0.xsd=org/springframework/transaction/config/spring-tx-2.0.xsd, http://www.springframework.org/schema/jee/spring-jee-4.2.xsd=org/springframework/ejb/config/spring-jee-4.2.xsd, http://www.springframework.org/schema/aop/spring-aop.xsd=org/springframework/aop/config/spring-aop-4.2.xsd}
2016-02-03 20:29:30,788 DEBUG   main [org.springframework.beans.factory.xml.PluggableSchemaResolver] Found XML schema [http://www.springframework.org/schema/beans/spring-beans.xsd] in classpath: org/springframework/beans/factory/xml/spring-beans-4.2.xsd
2016-02-03 20:29:30,901 TRACE   main [org.springframework.beans.factory.xml.PluggableSchemaResolver] Trying to resolve XML entity with public id [null] and system id [http://www.springframework.org/schema/context/spring-context.xsd]
2016-02-03 20:29:30,902 DEBUG   main [org.springframework.beans.factory.xml.PluggableSchemaResolver] Found XML schema [http://www.springframework.org/schema/context/spring-context.xsd] in classpath: org/springframework/context/config/spring-context-4.2.xsd
2016-02-03 20:29:30,918 TRACE   main [org.springframework.beans.factory.xml.PluggableSchemaResolver] Trying to resolve XML entity with public id [null] and system id [http://www.springframework.org/schema/tool/spring-tool-4.2.xsd]
2016-02-03 20:29:30,920 DEBUG   main [org.springframework.beans.factory.xml.PluggableSchemaResolver] Found XML schema [http://www.springframework.org/schema/tool/spring-tool-4.2.xsd] in classpath: org/springframework/beans/factory/xml/spring-tool-4.2.xsd
2016-02-03 20:29:30,934 TRACE   main [org.springframework.beans.factory.xml.PluggableSchemaResolver] Trying to resolve XML entity with public id [null] and system id [http://www.springframework.org/schema/ldap/spring-ldap.xsd]
2016-02-03 20:29:30,935 DEBUG   main [org.springframework.beans.factory.xml.PluggableSchemaResolver] Found XML schema [http://www.springframework.org/schema/ldap/spring-ldap.xsd] in classpath: org/springframework/ldap/config/spring-ldap-2.0.xsd
2016-02-03 20:29:30,952 TRACE   main [org.springframework.beans.factory.xml.PluggableSchemaResolver] Trying to resolve XML entity with public id [null] and system id [http://www.springframework.org/schema/data/repository/spring-repository.xsd]
2016-02-03 20:29:30,954 DEBUG   main [org.springframework.beans.factory.xml.PluggableSchemaResolver] Found XML schema [http://www.springframework.org/schema/data/repository/spring-repository.xsd] in classpath: org/springframework/data/repository/config/spring-repository-1.7.xsd
2016-02-03 20:29:30,976 DEBUG   main [org.springframework.beans.factory.xml.DefaultBeanDefinitionDocumentReader] Loading bean definitions
2016-02-03 20:29:30,993 DEBUG   main [org.springframework.beans.factory.xml.DefaultNamespaceHandlerResolver] Loaded NamespaceHandler mappings: {http://www.springframework.org/schema/p=org.springframework.beans.factory.xml.SimplePropertyNamespaceHandler, http://www.springframework.org/schema/util=org.springframework.beans.factory.xml.UtilNamespaceHandler, http://www.springframework.org/schema/jee=org.springframework.ejb.config.JeeNamespaceHandler, http://www.springframework.org/schema/aop=org.springframework.aop.config.AopNamespaceHandler, http://www.springframework.org/schema/data/repository=org.springframework.data.repository.config.RepositoryNameSpaceHandler, http://www.springframework.org/schema/cache=org.springframework.cache.config.CacheNamespaceHandler, http://www.springframework.org/schema/c=org.springframework.beans.factory.xml.SimpleConstructorNamespaceHandler, http://www.springframework.org/schema/ldap=org.springframework.ldap.config.LdapNamespaceHandler, http://www.springframework.org/schema/tx=org.springframework.transaction.config.TxNamespaceHandler, http://www.springframework.org/schema/task=org.springframework.scheduling.config.TaskNamespaceHandler, http://www.springframework.org/schema/lang=org.springframework.scripting.config.LangNamespaceHandler, http://www.springframework.org/schema/context=org.springframework.context.config.ContextNamespaceHandler}
2016-02-03 20:29:31,020 DEBUG   main [org.springframework.core.env.StandardEnvironment] Adding [systemProperties] PropertySource with lowest search precedence
2016-02-03 20:29:31,020 DEBUG   main [org.springframework.core.env.StandardEnvironment] Adding [systemEnvironment] PropertySource with lowest search precedence
2016-02-03 20:29:31,021 DEBUG   main [org.springframework.core.env.StandardEnvironment] Initialized StandardEnvironment with PropertySources [systemProperties,systemEnvironment]
2016-02-03 20:29:31,042 DEBUG   main [org.springframework.core.io.support.PathMatchingResourcePatternResolver] Looking for matching resources in directory tree [C:\Eclipse\workspace\spring-ldap-example\bin\ldap\advance\example]
2016-02-03 20:29:31,042 DEBUG   main [org.springframework.core.io.support.PathMatchingResourcePatternResolver] Searching directory [C:\Eclipse\workspace\spring-ldap-example\bin\ldap\advance\example] for files matching pattern [C:/Eclipse/workspace/spring-ldap-example/bin/ldap/advance/example/**/*.class]
2016-02-03 20:29:31,045 DEBUG   main [org.springframework.core.io.support.PathMatchingResourcePatternResolver] Searching directory [C:\Eclipse\workspace\spring-ldap-example\bin\ldap\advance\example\test] for files matching pattern [C:/Eclipse/workspace/spring-ldap-example/bin/ldap/advance/example/**/*.class]
2016-02-03 20:29:31,048 DEBUG   main [org.springframework.core.io.support.PathMatchingResourcePatternResolver] Resolved location pattern [classpath*:ldap/advance/example/**/*.class] to resources [file [C:\Eclipse\workspace\spring-ldap-example\bin\ldap\advance\example\test\LdapApp.class], file [C:\Eclipse\workspace\spring-ldap-example\bin\ldap\advance\example\User.class], file [C:\Eclipse\workspace\spring-ldap-example\bin\ldap\advance\example\UserRepositoryImpl$MultipleAttributesMapper.class], file [C:\Eclipse\workspace\spring-ldap-example\bin\ldap\advance\example\UserRepositoryImpl$SingleAttributesMapper.class], file [C:\Eclipse\workspace\spring-ldap-example\bin\ldap\advance\example\UserRepositoryImpl$UserAttributesMapper.class], file [C:\Eclipse\workspace\spring-ldap-example\bin\ldap\advance\example\UserRepositoryImpl.class], file [C:\Eclipse\workspace\spring-ldap-example\bin\ldap\advance\example\UserRepositoryIntf.class]]
2016-02-03 20:29:31,048 TRACE   main [org.springframework.context.annotation.ClassPathBeanDefinitionScanner] Scanning file [C:\Eclipse\workspace\spring-ldap-example\bin\ldap\advance\example\test\LdapApp.class]
2016-02-03 20:29:31,068 TRACE   main [org.springframework.context.annotation.ClassPathBeanDefinitionScanner] Ignored because not matching any filter: file [C:\Eclipse\workspace\spring-ldap-example\bin\ldap\advance\example\test\LdapApp.class]
2016-02-03 20:29:31,068 TRACE   main [org.springframework.context.annotation.ClassPathBeanDefinitionScanner] Scanning file [C:\Eclipse\workspace\spring-ldap-example\bin\ldap\advance\example\User.class]
2016-02-03 20:29:31,069 TRACE   main [org.springframework.context.annotation.ClassPathBeanDefinitionScanner] Ignored because not matching any filter: file [C:\Eclipse\workspace\spring-ldap-example\bin\ldap\advance\example\User.class]
2016-02-03 20:29:31,069 TRACE   main [org.springframework.context.annotation.ClassPathBeanDefinitionScanner] Scanning file [C:\Eclipse\workspace\spring-ldap-example\bin\ldap\advance\example\UserRepositoryImpl$MultipleAttributesMapper.class]
2016-02-03 20:29:31,069 TRACE   main [org.springframework.context.annotation.ClassPathBeanDefinitionScanner] Ignored because not matching any filter: file [C:\Eclipse\workspace\spring-ldap-example\bin\ldap\advance\example\UserRepositoryImpl$MultipleAttributesMapper.class]
2016-02-03 20:29:31,070 TRACE   main [org.springframework.context.annotation.ClassPathBeanDefinitionScanner] Scanning file [C:\Eclipse\workspace\spring-ldap-example\bin\ldap\advance\example\UserRepositoryImpl$SingleAttributesMapper.class]
2016-02-03 20:29:31,071 TRACE   main [org.springframework.context.annotation.ClassPathBeanDefinitionScanner] Ignored because not matching any filter: file [C:\Eclipse\workspace\spring-ldap-example\bin\ldap\advance\example\UserRepositoryImpl$SingleAttributesMapper.class]
2016-02-03 20:29:31,071 TRACE   main [org.springframework.context.annotation.ClassPathBeanDefinitionScanner] Scanning file [C:\Eclipse\workspace\spring-ldap-example\bin\ldap\advance\example\UserRepositoryImpl$UserAttributesMapper.class]
2016-02-03 20:29:31,071 TRACE   main [org.springframework.context.annotation.ClassPathBeanDefinitionScanner] Ignored because not matching any filter: file [C:\Eclipse\workspace\spring-ldap-example\bin\ldap\advance\example\UserRepositoryImpl$UserAttributesMapper.class]
2016-02-03 20:29:31,071 TRACE   main [org.springframework.context.annotation.ClassPathBeanDefinitionScanner] Scanning file [C:\Eclipse\workspace\spring-ldap-example\bin\ldap\advance\example\UserRepositoryImpl.class]
2016-02-03 20:29:31,089 DEBUG   main [org.springframework.context.annotation.ClassPathBeanDefinitionScanner] Identified candidate component class: file [C:\Eclipse\workspace\spring-ldap-example\bin\ldap\advance\example\UserRepositoryImpl.class]
2016-02-03 20:29:31,089 TRACE   main [org.springframework.context.annotation.ClassPathBeanDefinitionScanner] Scanning file [C:\Eclipse\workspace\spring-ldap-example\bin\ldap\advance\example\UserRepositoryIntf.class]
2016-02-03 20:29:31,089 TRACE   main [org.springframework.context.annotation.ClassPathBeanDefinitionScanner] Ignored because not matching any filter: file [C:\Eclipse\workspace\spring-ldap-example\bin\ldap\advance\example\UserRepositoryIntf.class]
2016-02-03 20:29:31,170 DEBUG   main [org.springframework.beans.factory.xml.XmlBeanDefinitionReader] Loaded 9 bean definitions from location pattern [spring-ldap-example.xml]
2016-02-03 20:29:31,170 DEBUG   main [org.springframework.context.support.ClassPathXmlApplicationContext] Bean factory for org.springframework.context.support.ClassPathXmlApplicationContext@450faed3: org.springframework.beans.factory.support.DefaultListableBeanFactory@5c5d9afc: defining beans [userRepositoryImpl,org.springframework.context.annotation.internalConfigurationAnnotationProcessor,org.springframework.context.annotation.internalAutowiredAnnotationProcessor,org.springframework.context.annotation.internalRequiredAnnotationProcessor,org.springframework.context.annotation.internalCommonAnnotationProcessor,simpleDirContextAuthenticationStrategy,userReposImpl,contextSource,ldapTemplate]; root of factory hierarchy
2016-02-03 20:29:31,209 DEBUG   main [org.springframework.beans.factory.support.DefaultListableBeanFactory] Creating shared instance of singleton bean 'org.springframework.context.annotation.internalConfigurationAnnotationProcessor'
2016-02-03 20:29:31,209 DEBUG   main [org.springframework.beans.factory.support.DefaultListableBeanFactory] Creating instance of bean 'org.springframework.context.annotation.internalConfigurationAnnotationProcessor'
2016-02-03 20:29:31,231 DEBUG   main [org.springframework.beans.factory.support.DefaultListableBeanFactory] Eagerly caching bean 'org.springframework.context.annotation.internalConfigurationAnnotationProcessor' to allow for resolving potential circular references
2016-02-03 20:29:31,233 DEBUG   main [org.springframework.beans.factory.support.DefaultListableBeanFactory] Finished creating instance of bean 'org.springframework.context.annotation.internalConfigurationAnnotationProcessor'
2016-02-03 20:29:31,303 DEBUG   main [org.springframework.beans.factory.support.DefaultListableBeanFactory] Creating shared instance of singleton bean 'org.springframework.context.annotation.internalAutowiredAnnotationProcessor'
2016-02-03 20:29:31,303 DEBUG   main [org.springframework.beans.factory.support.DefaultListableBeanFactory] Creating instance of bean 'org.springframework.context.annotation.internalAutowiredAnnotationProcessor'
2016-02-03 20:29:31,304 DEBUG   main [org.springframework.beans.factory.support.DefaultListableBeanFactory] Eagerly caching bean 'org.springframework.context.annotation.internalAutowiredAnnotationProcessor' to allow for resolving potential circular references
2016-02-03 20:29:31,304 DEBUG   main [org.springframework.beans.factory.support.DefaultListableBeanFactory] Finished creating instance of bean 'org.springframework.context.annotation.internalAutowiredAnnotationProcessor'
2016-02-03 20:29:31,305 DEBUG   main [org.springframework.beans.factory.support.DefaultListableBeanFactory] Creating shared instance of singleton bean 'org.springframework.context.annotation.internalRequiredAnnotationProcessor'
2016-02-03 20:29:31,305 DEBUG   main [org.springframework.beans.factory.support.DefaultListableBeanFactory] Creating instance of bean 'org.springframework.context.annotation.internalRequiredAnnotationProcessor'
2016-02-03 20:29:31,305 DEBUG   main [org.springframework.beans.factory.support.DefaultListableBeanFactory] Eagerly caching bean 'org.springframework.context.annotation.internalRequiredAnnotationProcessor' to allow for resolving potential circular references
2016-02-03 20:29:31,306 DEBUG   main [org.springframework.beans.factory.support.DefaultListableBeanFactory] Finished creating instance of bean 'org.springframework.context.annotation.internalRequiredAnnotationProcessor'
2016-02-03 20:29:31,306 DEBUG   main [org.springframework.beans.factory.support.DefaultListableBeanFactory] Creating shared instance of singleton bean 'org.springframework.context.annotation.internalCommonAnnotationProcessor'
2016-02-03 20:29:31,306 DEBUG   main [org.springframework.beans.factory.support.DefaultListableBeanFactory] Creating instance of bean 'org.springframework.context.annotation.internalCommonAnnotationProcessor'
2016-02-03 20:29:31,316 DEBUG   main [org.springframework.beans.factory.support.DefaultListableBeanFactory] Eagerly caching bean 'org.springframework.context.annotation.internalCommonAnnotationProcessor' to allow for resolving potential circular references
2016-02-03 20:29:31,317 DEBUG   main [org.springframework.beans.factory.support.DefaultListableBeanFactory] Finished creating instance of bean 'org.springframework.context.annotation.internalCommonAnnotationProcessor'
2016-02-03 20:29:31,317 DEBUG   main [org.springframework.beans.factory.support.DefaultListableBeanFactory] Creating shared instance of singleton bean 'org.springframework.context.annotation.ConfigurationClassPostProcessor.importAwareProcessor'
2016-02-03 20:29:31,317 DEBUG   main [org.springframework.beans.factory.support.DefaultListableBeanFactory] Creating instance of bean 'org.springframework.context.annotation.ConfigurationClassPostProcessor.importAwareProcessor'
2016-02-03 20:29:31,318 DEBUG   main [org.springframework.beans.factory.support.DefaultListableBeanFactory] Eagerly caching bean 'org.springframework.context.annotation.ConfigurationClassPostProcessor.importAwareProcessor' to allow for resolving potential circular references
2016-02-03 20:29:31,318 DEBUG   main [org.springframework.beans.factory.support.DefaultListableBeanFactory] Finished creating instance of bean 'org.springframework.context.annotation.ConfigurationClassPostProcessor.importAwareProcessor'
2016-02-03 20:29:31,319 DEBUG   main [org.springframework.beans.factory.support.DefaultListableBeanFactory] Creating shared instance of singleton bean 'org.springframework.context.annotation.ConfigurationClassPostProcessor.enhancedConfigurationProcessor'
2016-02-03 20:29:31,319 DEBUG   main [org.springframework.beans.factory.support.DefaultListableBeanFactory] Creating instance of bean 'org.springframework.context.annotation.ConfigurationClassPostProcessor.enhancedConfigurationProcessor'
2016-02-03 20:29:31,319 DEBUG   main [org.springframework.beans.factory.support.DefaultListableBeanFactory] Eagerly caching bean 'org.springframework.context.annotation.ConfigurationClassPostProcessor.enhancedConfigurationProcessor' to allow for resolving potential circular references
2016-02-03 20:29:31,319 DEBUG   main [org.springframework.beans.factory.support.DefaultListableBeanFactory] Finished creating instance of bean 'org.springframework.context.annotation.ConfigurationClassPostProcessor.enhancedConfigurationProcessor'
2016-02-03 20:29:31,323 DEBUG   main [org.springframework.context.support.ClassPathXmlApplicationContext] Unable to locate MessageSource with name 'messageSource': using default [org.springframework.context.support.DelegatingMessageSource@190bf402]
2016-02-03 20:29:31,329 DEBUG   main [org.springframework.context.support.ClassPathXmlApplicationContext] Unable to locate ApplicationEventMulticaster with name 'applicationEventMulticaster': using default [org.springframework.context.event.SimpleApplicationEventMulticaster@1b2090ab]
2016-02-03 20:29:31,331 DEBUG   main [org.springframework.beans.factory.support.DefaultListableBeanFactory] Pre-instantiating singletons in org.springframework.beans.factory.support.DefaultListableBeanFactory@5c5d9afc: defining beans [userRepositoryImpl,org.springframework.context.annotation.internalConfigurationAnnotationProcessor,org.springframework.context.annotation.internalAutowiredAnnotationProcessor,org.springframework.context.annotation.internalRequiredAnnotationProcessor,org.springframework.context.annotation.internalCommonAnnotationProcessor,simpleDirContextAuthenticationStrategy,userReposImpl,contextSource,ldapTemplate,org.springframework.context.annotation.ConfigurationClassPostProcessor.importAwareProcessor,org.springframework.context.annotation.ConfigurationClassPostProcessor.enhancedConfigurationProcessor]; root of factory hierarchy
2016-02-03 20:29:31,331 DEBUG   main [org.springframework.beans.factory.support.DefaultListableBeanFactory] Creating shared instance of singleton bean 'userRepositoryImpl'
2016-02-03 20:29:31,331 DEBUG   main [org.springframework.beans.factory.support.DefaultListableBeanFactory] Creating instance of bean 'userRepositoryImpl'
2016-02-03 20:29:31,358 DEBUG   main [org.springframework.beans.factory.annotation.InjectionMetadata] Registered injected element on class [ldap.advance.example.UserRepositoryImpl]: AutowiredFieldElement for private org.springframework.ldap.core.LdapTemplate ldap.advance.example.UserRepositoryImpl.ldapTemplate
2016-02-03 20:29:31,358 DEBUG   main [org.springframework.beans.factory.support.DefaultListableBeanFactory] Eagerly caching bean 'userRepositoryImpl' to allow for resolving potential circular references
2016-02-03 20:29:31,366 TRACE   main [org.springframework.core.io.support.SpringFactoriesLoader] Loaded [org.springframework.beans.BeanInfoFactory] names: [org.springframework.beans.ExtendedBeanInfoFactory]
2016-02-03 20:29:31,369 TRACE   main [org.springframework.beans.CachedIntrospectionResults] Getting BeanInfo for class [ldap.advance.example.UserRepositoryImpl]
2016-02-03 20:29:31,382 TRACE   main [org.springframework.beans.CachedIntrospectionResults] Caching PropertyDescriptors for class [ldap.advance.example.UserRepositoryImpl]
2016-02-03 20:29:31,384 TRACE   main [org.springframework.beans.CachedIntrospectionResults] Found bean property 'allUserNames' of type [java.util.List]
2016-02-03 20:29:31,391 TRACE   main [org.springframework.beans.CachedIntrospectionResults] Found bean property 'allUsers' of type [java.util.List]
2016-02-03 20:29:31,392 TRACE   main [org.springframework.beans.CachedIntrospectionResults] Found bean property 'class' of type [java.lang.Class]
2016-02-03 20:29:31,398 DEBUG   main [org.springframework.beans.factory.annotation.InjectionMetadata] Processing injected element of bean 'userRepositoryImpl': AutowiredFieldElement for private org.springframework.ldap.core.LdapTemplate ldap.advance.example.UserRepositoryImpl.ldapTemplate
2016-02-03 20:29:31,406 DEBUG   main [org.springframework.beans.factory.support.DefaultListableBeanFactory] Creating shared instance of singleton bean 'ldapTemplate'
2016-02-03 20:29:31,407 DEBUG   main [org.springframework.beans.factory.support.DefaultListableBeanFactory] Creating instance of bean 'ldapTemplate'
2016-02-03 20:29:31,429 DEBUG   main [org.springframework.beans.factory.support.DefaultListableBeanFactory] Eagerly caching bean 'ldapTemplate' to allow for resolving potential circular references
2016-02-03 20:29:31,430 TRACE   main [org.springframework.beans.CachedIntrospectionResults] Getting BeanInfo for class [org.springframework.ldap.core.LdapTemplate]
2016-02-03 20:29:31,452 TRACE   main [org.springframework.beans.CachedIntrospectionResults] Caching PropertyDescriptors for class [org.springframework.ldap.core.LdapTemplate]
2016-02-03 20:29:31,452 TRACE   main [org.springframework.beans.CachedIntrospectionResults] Found bean property 'class' of type [java.lang.Class]
2016-02-03 20:29:31,452 TRACE   main [org.springframework.beans.CachedIntrospectionResults] Found bean property 'contextSource' of type [org.springframework.ldap.core.ContextSource]
2016-02-03 20:29:31,452 TRACE   main [org.springframework.beans.CachedIntrospectionResults] Found bean property 'defaultCountLimit' of type [int]
2016-02-03 20:29:31,453 TRACE   main [org.springframework.beans.CachedIntrospectionResults] Found bean property 'defaultSearchScope' of type [int]
2016-02-03 20:29:31,453 TRACE   main [org.springframework.beans.CachedIntrospectionResults] Found bean property 'defaultTimeLimit' of type [int]
2016-02-03 20:29:31,454 TRACE   main [org.springframework.beans.CachedIntrospectionResults] Found bean property 'ignoreNameNotFoundException' of type [boolean]
2016-02-03 20:29:31,455 TRACE   main [org.springframework.beans.CachedIntrospectionResults] Found bean property 'ignorePartialResultException' of type [boolean]
2016-02-03 20:29:31,455 TRACE   main [org.springframework.beans.CachedIntrospectionResults] Found bean property 'ignoreSizeLimitExceededException' of type [boolean]
2016-02-03 20:29:31,455 TRACE   main [org.springframework.beans.CachedIntrospectionResults] Found bean property 'objectDirectoryMapper' of type [org.springframework.ldap.odm.core.ObjectDirectoryMapper]
2016-02-03 20:29:31,466 DEBUG   main [org.springframework.beans.factory.support.DefaultListableBeanFactory] Creating shared instance of singleton bean 'contextSource'
2016-02-03 20:29:31,467 DEBUG   main [org.springframework.beans.factory.support.DefaultListableBeanFactory] Creating instance of bean 'contextSource'
2016-02-03 20:29:31,476 DEBUG   main [org.springframework.beans.factory.support.DefaultListableBeanFactory] Creating instance of bean '(inner bean)#1f5ffded'
2016-02-03 20:29:31,510 TRACE   main [org.springframework.beans.CachedIntrospectionResults] Getting BeanInfo for class [org.springframework.ldap.core.support.LdapContextSource]
2016-02-03 20:29:31,520 TRACE   main [org.springframework.beans.CachedIntrospectionResults] Caching PropertyDescriptors for class [org.springframework.ldap.core.support.LdapContextSource]
2016-02-03 20:29:31,521 TRACE   main [org.springframework.beans.CachedIntrospectionResults] Found bean property 'anonymousReadOnly' of type [boolean]
2016-02-03 20:29:31,521 TRACE   main [org.springframework.beans.CachedIntrospectionResults] Found bean property 'authenticationSource' of type [org.springframework.ldap.core.AuthenticationSource]
2016-02-03 20:29:31,521 TRACE   main [org.springframework.beans.CachedIntrospectionResults] Found bean property 'authenticationStrategy' of type [org.springframework.ldap.core.support.DirContextAuthenticationStrategy]
2016-02-03 20:29:31,521 TRACE   main [org.springframework.beans.CachedIntrospectionResults] Found bean property 'base' of type [java.lang.String]
2016-02-03 20:29:31,521 TRACE   main [org.springframework.beans.CachedIntrospectionResults] Found bean property 'baseEnvironmentProperties' of type [java.util.Map]
2016-02-03 20:29:31,521 TRACE   main [org.springframework.beans.CachedIntrospectionResults] Found bean property 'baseLdapName' of type [javax.naming.ldap.LdapName]
2016-02-03 20:29:31,522 TRACE   main [org.springframework.beans.CachedIntrospectionResults] Found bean property 'baseLdapPath' of type [org.springframework.ldap.core.DistinguishedName]
2016-02-03 20:29:31,522 TRACE   main [org.springframework.beans.CachedIntrospectionResults] Found bean property 'baseLdapPathAsString' of type [java.lang.String]
2016-02-03 20:29:31,522 TRACE   main [org.springframework.beans.CachedIntrospectionResults] Found bean property 'cacheEnvironmentProperties' of type [boolean]
2016-02-03 20:29:31,522 TRACE   main [org.springframework.beans.CachedIntrospectionResults] Found bean property 'class' of type [java.lang.Class]
2016-02-03 20:29:31,522 TRACE   main [org.springframework.beans.CachedIntrospectionResults] Found bean property 'contextFactory' of type [java.lang.Class]
2016-02-03 20:29:31,522 TRACE   main [org.springframework.beans.CachedIntrospectionResults] Found bean property 'dirObjectFactory' of type [java.lang.Class]
2016-02-03 20:29:31,523 TRACE   main [org.springframework.beans.CachedIntrospectionResults] Found bean property 'password' of type [java.lang.String]
2016-02-03 20:29:31,523 TRACE   main [org.springframework.beans.CachedIntrospectionResults] Found bean property 'pooled' of type [boolean]
2016-02-03 20:29:31,523 TRACE   main [org.springframework.beans.CachedIntrospectionResults] Found bean property 'readOnlyContext' of type [javax.naming.directory.DirContext]
2016-02-03 20:29:31,523 TRACE   main [org.springframework.beans.CachedIntrospectionResults] Found bean property 'readWriteContext' of type [javax.naming.directory.DirContext]
2016-02-03 20:29:31,523 TRACE   main [org.springframework.beans.CachedIntrospectionResults] Found bean property 'referral' of type [java.lang.String]
2016-02-03 20:29:31,524 TRACE   main [org.springframework.beans.CachedIntrospectionResults] Found bean property 'url' of type [java.lang.String]
2016-02-03 20:29:31,524 TRACE   main [org.springframework.beans.CachedIntrospectionResults] Found bean property 'urls' of type [[Ljava.lang.String;]
2016-02-03 20:29:31,524 TRACE   main [org.springframework.beans.CachedIntrospectionResults] Found bean property 'userDn' of type [java.lang.String]
2016-02-03 20:29:31,539 DEBUG   main [org.springframework.beans.factory.support.DefaultListableBeanFactory] Creating instance of bean '(inner bean)#6c7733eb'
2016-02-03 20:29:31,554 TRACE   main [org.springframework.beans.CachedIntrospectionResults] Getting BeanInfo for class [[Ljava.lang.String;]
2016-02-03 20:29:31,555 TRACE   main [org.springframework.beans.CachedIntrospectionResults] Caching PropertyDescriptors for class [[Ljava.lang.String;]
2016-02-03 20:29:31,556 TRACE   main [org.springframework.beans.CachedIntrospectionResults] Found bean property 'class' of type [java.lang.Class]
2016-02-03 20:29:31,557 DEBUG   main [org.springframework.beans.factory.support.DefaultListableBeanFactory] Finished creating instance of bean '(inner bean)#6c7733eb'
2016-02-03 20:29:31,558 DEBUG   main [org.springframework.beans.factory.support.DefaultListableBeanFactory] Creating shared instance of singleton bean 'simpleDirContextAuthenticationStrategy'
2016-02-03 20:29:31,558 DEBUG   main [org.springframework.beans.factory.support.DefaultListableBeanFactory] Creating instance of bean 'simpleDirContextAuthenticationStrategy'
2016-02-03 20:29:31,558 DEBUG   main [org.springframework.beans.factory.support.DefaultListableBeanFactory] Eagerly caching bean 'simpleDirContextAuthenticationStrategy' to allow for resolving potential circular references
2016-02-03 20:29:31,559 TRACE   main [org.springframework.beans.CachedIntrospectionResults] Getting BeanInfo for class [org.springframework.ldap.core.support.SimpleDirContextAuthenticationStrategy]
2016-02-03 20:29:31,567 TRACE   main [org.springframework.beans.CachedIntrospectionResults] Caching PropertyDescriptors for class [org.springframework.ldap.core.support.SimpleDirContextAuthenticationStrategy]
2016-02-03 20:29:31,567 TRACE   main [org.springframework.beans.CachedIntrospectionResults] Found bean property 'class' of type [java.lang.Class]
2016-02-03 20:29:31,569 DEBUG   main [org.springframework.beans.factory.support.DefaultListableBeanFactory] Finished creating instance of bean 'simpleDirContextAuthenticationStrategy'
2016-02-03 20:29:31,572 DEBUG   main [org.springframework.beans.factory.support.DefaultListableBeanFactory] Invoking afterPropertiesSet() on bean with name '(inner bean)#1f5ffded'
2016-02-03 20:29:31,580 DEBUG   main [org.springframework.beans.factory.support.DefaultListableBeanFactory] Finished creating instance of bean '(inner bean)#1f5ffded'
2016-02-03 20:29:31,584 DEBUG   main [org.springframework.beans.factory.support.DefaultListableBeanFactory] Eagerly caching bean 'contextSource' to allow for resolving potential circular references
2016-02-03 20:29:31,584 TRACE   main [org.springframework.beans.CachedIntrospectionResults] Getting BeanInfo for class [org.springframework.ldap.transaction.compensating.manager.TransactionAwareContextSourceProxy]
2016-02-03 20:29:31,588 TRACE   main [org.springframework.beans.CachedIntrospectionResults] Caching PropertyDescriptors for class [org.springframework.ldap.transaction.compensating.manager.TransactionAwareContextSourceProxy]
2016-02-03 20:29:31,588 TRACE   main [org.springframework.beans.CachedIntrospectionResults] Found bean property 'baseLdapName' of type [javax.naming.ldap.LdapName]
2016-02-03 20:29:31,589 TRACE   main [org.springframework.beans.CachedIntrospectionResults] Found bean property 'baseLdapPath' of type [org.springframework.ldap.core.DistinguishedName]
2016-02-03 20:29:31,589 TRACE   main [org.springframework.beans.CachedIntrospectionResults] Found bean property 'baseLdapPathAsString' of type [java.lang.String]
2016-02-03 20:29:31,589 TRACE   main [org.springframework.beans.CachedIntrospectionResults] Found bean property 'class' of type [java.lang.Class]
2016-02-03 20:29:31,589 TRACE   main [org.springframework.beans.CachedIntrospectionResults] Found bean property 'readOnlyContext' of type [javax.naming.directory.DirContext]
2016-02-03 20:29:31,589 TRACE   main [org.springframework.beans.CachedIntrospectionResults] Found bean property 'readWriteContext' of type [javax.naming.directory.DirContext]
2016-02-03 20:29:31,589 TRACE   main [org.springframework.beans.CachedIntrospectionResults] Found bean property 'target' of type [org.springframework.ldap.core.ContextSource]
2016-02-03 20:29:31,590 DEBUG   main [org.springframework.beans.factory.support.DefaultListableBeanFactory] Finished creating instance of bean 'contextSource'
2016-02-03 20:29:31,590 DEBUG   main [org.springframework.beans.factory.support.DefaultListableBeanFactory] Invoking afterPropertiesSet() on bean with name 'ldapTemplate'
2016-02-03 20:29:31,590 DEBUG   main [org.springframework.beans.factory.support.DefaultListableBeanFactory] Finished creating instance of bean 'ldapTemplate'
2016-02-03 20:29:31,591 DEBUG   main [org.springframework.beans.factory.annotation.AutowiredAnnotationBeanPostProcessor] Autowiring by type from bean name 'userRepositoryImpl' to bean named 'ldapTemplate'
2016-02-03 20:29:31,591 DEBUG   main [org.springframework.beans.factory.support.DefaultListableBeanFactory] Finished creating instance of bean 'userRepositoryImpl'
2016-02-03 20:29:31,591 DEBUG   main [org.springframework.beans.factory.support.DefaultListableBeanFactory] Returning cached instance of singleton bean 'org.springframework.context.annotation.internalConfigurationAnnotationProcessor'
2016-02-03 20:29:31,591 DEBUG   main [org.springframework.beans.factory.support.DefaultListableBeanFactory] Returning cached instance of singleton bean 'org.springframework.context.annotation.internalAutowiredAnnotationProcessor'
2016-02-03 20:29:31,592 DEBUG   main [org.springframework.beans.factory.support.DefaultListableBeanFactory] Returning cached instance of singleton bean 'org.springframework.context.annotation.internalRequiredAnnotationProcessor'
2016-02-03 20:29:31,592 DEBUG   main [org.springframework.beans.factory.support.DefaultListableBeanFactory] Returning cached instance of singleton bean 'org.springframework.context.annotation.internalCommonAnnotationProcessor'
2016-02-03 20:29:31,592 DEBUG   main [org.springframework.beans.factory.support.DefaultListableBeanFactory] Returning cached instance of singleton bean 'simpleDirContextAuthenticationStrategy'
2016-02-03 20:29:31,592 DEBUG   main [org.springframework.beans.factory.support.DefaultListableBeanFactory] Creating shared instance of singleton bean 'userReposImpl'
2016-02-03 20:29:31,594 DEBUG   main [org.springframework.beans.factory.support.DefaultListableBeanFactory] Creating instance of bean 'userReposImpl'
2016-02-03 20:29:31,597 DEBUG   main [org.springframework.beans.factory.annotation.InjectionMetadata] Registered injected element on class [ldap.advance.example.UserRepositoryImpl]: AutowiredFieldElement for private org.springframework.ldap.core.LdapTemplate ldap.advance.example.UserRepositoryImpl.ldapTemplate
2016-02-03 20:29:31,597 DEBUG   main [org.springframework.beans.factory.support.DefaultListableBeanFactory] Eagerly caching bean 'userReposImpl' to allow for resolving potential circular references
2016-02-03 20:29:31,597 DEBUG   main [org.springframework.beans.factory.annotation.InjectionMetadata] Processing injected element of bean 'userReposImpl': AutowiredFieldElement for private org.springframework.ldap.core.LdapTemplate ldap.advance.example.UserRepositoryImpl.ldapTemplate
2016-02-03 20:29:31,598 DEBUG   main [org.springframework.beans.factory.support.DefaultListableBeanFactory] Returning cached instance of singleton bean 'ldapTemplate'
2016-02-03 20:29:31,598 DEBUG   main [org.springframework.beans.factory.annotation.AutowiredAnnotationBeanPostProcessor] Autowiring by type from bean name 'userReposImpl' to bean named 'ldapTemplate'
2016-02-03 20:29:31,599 DEBUG   main [org.springframework.beans.factory.support.DefaultListableBeanFactory] Finished creating instance of bean 'userReposImpl'
2016-02-03 20:29:31,599 DEBUG   main [org.springframework.beans.factory.support.DefaultListableBeanFactory] Returning cached instance of singleton bean 'contextSource'
2016-02-03 20:29:31,599 DEBUG   main [org.springframework.beans.factory.support.DefaultListableBeanFactory] Returning cached instance of singleton bean 'ldapTemplate'
2016-02-03 20:29:31,599 DEBUG   main [org.springframework.beans.factory.support.DefaultListableBeanFactory] Returning cached instance of singleton bean 'org.springframework.context.annotation.ConfigurationClassPostProcessor.importAwareProcessor'
2016-02-03 20:29:31,599 DEBUG   main [org.springframework.beans.factory.support.DefaultListableBeanFactory] Returning cached instance of singleton bean 'org.springframework.context.annotation.ConfigurationClassPostProcessor.enhancedConfigurationProcessor'
2016-02-03 20:29:31,602 DEBUG   main [org.springframework.context.support.ClassPathXmlApplicationContext] Unable to locate LifecycleProcessor with name 'lifecycleProcessor': using default [org.springframework.context.support.DefaultLifecycleProcessor@7c182454]
2016-02-03 20:29:31,602 DEBUG   main [org.springframework.beans.factory.support.DefaultListableBeanFactory] Returning cached instance of singleton bean 'lifecycleProcessor'
2016-02-03 20:29:31,603 TRACE   main [org.springframework.context.support.ClassPathXmlApplicationContext] Publishing event in org.springframework.context.support.ClassPathXmlApplicationContext@450faed3: org.springframework.context.event.ContextRefreshedEvent[source=org.springframework.context.support.ClassPathXmlApplicationContext@450faed3: startup date [Wed Feb 03 20:29:30 EST 2016]; root of context hierarchy]
2016-02-03 20:29:31,605 TRACE   main [org.springframework.core.env.PropertySourcesPropertyResolver] getProperty("spring.liveBeansView.mbeanDomain", String)
2016-02-03 20:29:31,606 DEBUG   main [org.springframework.core.env.PropertySourcesPropertyResolver] Searching for key 'spring.liveBeansView.mbeanDomain' in [systemProperties]
2016-02-03 20:29:31,606 DEBUG   main [org.springframework.core.env.PropertySourcesPropertyResolver] Searching for key 'spring.liveBeansView.mbeanDomain' in [systemEnvironment]
2016-02-03 20:29:31,606 DEBUG   main [org.springframework.core.env.PropertySourcesPropertyResolver] Could not find key 'spring.liveBeansView.mbeanDomain' in any property source. Returning [null]
2016-02-03 20:29:31,606 INFO   main [ldap.advance.example.test.LdapApp] Test started at Wed Feb 03 20:29:30 EST 2016
2016-02-03 20:29:31,606 DEBUG   main [org.springframework.beans.factory.support.DefaultListableBeanFactory] Returning cached instance of singleton bean 'userReposImpl'
2016-02-03 20:29:31,607 INFO   main [ldap.advance.example.UserRepositoryImpl] executing {createUser}
2016-02-03 20:29:32,582 INFO   main [ldap.advance.example.test.LdapApp] 
 =>true
2016-02-03 20:29:32,624 INFO   main [ldap.advance.example.test.LdapApp] 
 =>[User [uid=admin, cn=system administrator, sn=administrator, userPassword=secret, ], User [uid=tahsan, cn=Tariq Ahsan, sn=Ahsan, userPassword={sha}nBLtm0Ej/mJG4VZYEu/b+7fQ2YU=, ], User [uid=jsoule, cn=Joseph Soule, sn=Soule, ], User [uid=jdoe, cn=John Doe, sn=Doe, userPassword={SSHA}F04/pvCWN8a1NJshxa/XIzrNqH7F89MTgn3J6A==, ], User [uid=awadsworth, cn=Anthony Wadsworth, sn=Wadsworth, ], User [uid=fahsan, cn=Farzeen Ahsan, sn=Ahsan, ], User [uid=awadsworth, cn=Anthony Wadsworth, sn=Wadsworth, ], User [uid=tahsan, cn=tahsan, sn=Ahsan, userPassword={SHA}5en6G6MezRroT3XKqkdPOmY/BfQ=, ], User [uid=spring_ldap_test, cn=spring_ldap_test, sn=spring_ldap_test, userPassword={SSHA}p5Yy01ybmva64IeKqwF8nCNMFG2BzZgZDEwSCw==, postalAddress=spring_ldap_test, telephoneNumber=9830098301]]
2016-02-03 20:29:32,625 INFO   main [ldap.advance.example.UserRepositoryImpl] executing {getAllUserNames}
2016-02-03 20:29:32,636 INFO   main [ldap.advance.example.UserRepositoryImpl] Users -> [uid=tahsan, uid=awadsworth, uid=jdoe, uid=spring_ldap_test]
2016-02-03 20:29:32,676 INFO   main [ldap.advance.example.test.LdapApp] 
 =>[cn: Tariq Ahsan, cn: Anthony Wadsworth, cn: John Doe, cn: spring_ldap_test]
2016-02-03 20:29:32,676 INFO   main [org.springframework.context.support.ClassPathXmlApplicationContext] Refreshing org.springframework.context.support.ClassPathXmlApplicationContext@450faed3: startup date [Wed Feb 03 20:29:32 EST 2016]; root of context hierarchy
2016-02-03 20:29:32,676 DEBUG   main [org.springframework.beans.factory.support.DefaultListableBeanFactory] Destroying singletons in org.springframework.beans.factory.support.DefaultListableBeanFactory@5c5d9afc: defining beans [userRepositoryImpl,org.springframework.context.annotation.internalConfigurationAnnotationProcessor,org.springframework.context.annotation.internalAutowiredAnnotationProcessor,org.springframework.context.annotation.internalRequiredAnnotationProcessor,org.springframework.context.annotation.internalCommonAnnotationProcessor,simpleDirContextAuthenticationStrategy,userReposImpl,contextSource,ldapTemplate,org.springframework.context.annotation.ConfigurationClassPostProcessor.importAwareProcessor,org.springframework.context.annotation.ConfigurationClassPostProcessor.enhancedConfigurationProcessor]; root of factory hierarchy
2016-02-03 20:29:32,677 DEBUG   main [org.springframework.beans.factory.support.DefaultListableBeanFactory] Retrieved dependent beans for bean '(inner bean)#1f5ffded': [contextSource]
2016-02-03 20:29:32,677 DEBUG   main [org.springframework.beans.factory.support.DefaultListableBeanFactory] Retrieved dependent beans for bean '(inner bean)#6c7733eb': [(inner bean)#1f5ffded]
2016-02-03 20:29:32,678 DEBUG   main [org.springframework.core.env.StandardEnvironment] Adding [systemProperties] PropertySource with lowest search precedence
2016-02-03 20:29:32,678 DEBUG   main [org.springframework.core.env.StandardEnvironment] Adding [systemEnvironment] PropertySource with lowest search precedence
2016-02-03 20:29:32,679 DEBUG   main [org.springframework.core.env.StandardEnvironment] Initialized StandardEnvironment with PropertySources [systemProperties,systemEnvironment]
2016-02-03 20:29:32,679 INFO   main [org.springframework.beans.factory.xml.XmlBeanDefinitionReader] Loading XML bean definitions from class path resource [spring-ldap-example.xml]
2016-02-03 20:29:32,681 DEBUG   main [org.springframework.beans.factory.xml.DefaultDocumentLoader] Using JAXP provider [com.sun.org.apache.xerces.internal.jaxp.DocumentBuilderFactoryImpl]
2016-02-03 20:29:32,695 TRACE   main [org.springframework.beans.factory.xml.PluggableSchemaResolver] Trying to resolve XML entity with public id [null] and system id [http://www.springframework.org/schema/beans/spring-beans.xsd]
2016-02-03 20:29:32,696 DEBUG   main [org.springframework.beans.factory.xml.PluggableSchemaResolver] Loading schema mappings from [META-INF/spring.schemas]
2016-02-03 20:29:32,703 DEBUG   main [org.springframework.beans.factory.xml.PluggableSchemaResolver] Loaded schema mappings: {http://www.springframework.org/schema/tx/spring-tx-2.5.xsd=org/springframework/transaction/config/spring-tx-2.5.xsd, http://www.springframework.org/schema/cache/spring-cache-4.2.xsd=org/springframework/cache/config/spring-cache-4.2.xsd, http://www.springframework.org/schema/aop/spring-aop-4.1.xsd=org/springframework/aop/config/spring-aop-4.1.xsd, http://www.springframework.org/schema/context/spring-context-3.1.xsd=org/springframework/context/config/spring-context-3.1.xsd, http://www.springframework.org/schema/data/repository/spring-repository-1.4.xsd=org/springframework/data/repository/config/spring-repository-1.4.xsd, http://www.springframework.org/schema/util/spring-util-3.0.xsd=org/springframework/beans/factory/xml/spring-util-3.0.xsd, http://www.springframework.org/schema/tool/spring-tool.xsd=org/springframework/beans/factory/xml/spring-tool-4.2.xsd, http://www.springframework.org/schema/aop/spring-aop-3.2.xsd=org/springframework/aop/config/spring-aop-3.2.xsd, http://www.springframework.org/schema/lang/spring-lang-4.1.xsd=org/springframework/scripting/config/spring-lang-4.1.xsd, http://www.springframework.org/schema/context/spring-context-4.0.xsd=org/springframework/context/config/spring-context-4.0.xsd, http://www.springframework.org/schema/beans/spring-beans-4.2.xsd=org/springframework/beans/factory/xml/spring-beans-4.2.xsd, http://www.springframework.org/schema/tool/spring-tool-4.1.xsd=org/springframework/beans/factory/xml/spring-tool-4.1.xsd, http://www.springframework.org/schema/lang/spring-lang-3.2.xsd=org/springframework/scripting/config/spring-lang-3.2.xsd, http://www.springframework.org/schema/cache/spring-cache-3.2.xsd=org/springframework/cache/config/spring-cache-3.2.xsd, http://www.springframework.org/schema/jee/spring-jee-4.1.xsd=org/springframework/ejb/config/spring-jee-4.1.xsd, http://www.springframework.org/schema/task/spring-task-4.2.xsd=org/springframework/scheduling/config/spring-task-4.2.xsd, http://www.springframework.org/schema/util/spring-util-2.0.xsd=org/springframework/beans/factory/xml/spring-util-2.0.xsd, http://www.springframework.org/schema/tool/spring-tool-3.2.xsd=org/springframework/beans/factory/xml/spring-tool-3.2.xsd, http://www.springframework.org/schema/context/spring-context.xsd=org/springframework/context/config/spring-context-4.2.xsd, http://www.springframework.org/schema/tx/spring-tx-4.2.xsd=org/springframework/transaction/config/spring-tx-4.2.xsd, http://www.springframework.org/schema/cache/spring-cache-4.1.xsd=org/springframework/cache/config/spring-cache-4.1.xsd, http://www.springframework.org/schema/aop/spring-aop-4.0.xsd=org/springframework/aop/config/spring-aop-4.0.xsd, http://www.springframework.org/schema/jee/spring-jee-3.2.xsd=org/springframework/ejb/config/spring-jee-3.2.xsd, http://www.springframework.org/schema/context/spring-context-3.0.xsd=org/springframework/context/config/spring-context-3.0.xsd, http://www.springframework.org/schema/util/spring-util-2.5.xsd=org/springframework/beans/factory/xml/spring-util-2.5.xsd, http://www.springframework.org/schema/beans/spring-beans-3.2.xsd=org/springframework/beans/factory/xml/spring-beans-3.2.xsd, http://www.springframework.org/schema/aop/spring-aop-3.1.xsd=org/springframework/aop/config/spring-aop-3.1.xsd, http://www.springframework.org/schema/ldap/spring-ldap-2.0.xsd=org/springframework/ldap/config/spring-ldap-2.0.xsd, http://www.springframework.org/schema/lang/spring-lang-4.0.xsd=org/springframework/scripting/config/spring-lang-4.0.xsd, http://www.springframework.org/schema/beans/spring-beans-4.1.xsd=org/springframework/beans/factory/xml/spring-beans-4.1.xsd, http://www.springframework.org/schema/tool/spring-tool-4.0.xsd=org/springframework/beans/factory/xml/spring-tool-4.0.xsd, http://www.springframework.org/schema/tx/spring-tx-3.2.xsd=org/springframework/transaction/config/spring-tx-3.2.xsd, http://www.springframework.org/schema/lang/spring-lang-3.1.xsd=org/springframework/scripting/config/spring-lang-3.1.xsd, http://www.springframework.org/schema/cache/spring-cache-3.1.xsd=org/springframework/cache/config/spring-cache-3.1.xsd, http://www.springframework.org/schema/jee/spring-jee-4.0.xsd=org/springframework/ejb/config/spring-jee-4.0.xsd, http://www.springframework.org/schema/task/spring-task-4.1.xsd=org/springframework/scheduling/config/spring-task-4.1.xsd, http://www.springframework.org/schema/tool/spring-tool-3.1.xsd=org/springframework/beans/factory/xml/spring-tool-3.1.xsd, http://www.springframework.org/schema/tx/spring-tx-4.1.xsd=org/springframework/transaction/config/spring-tx-4.1.xsd, http://www.springframework.org/schema/cache/spring-cache-4.0.xsd=org/springframework/cache/config/spring-cache-4.0.xsd, http://www.springframework.org/schema/jee/spring-jee-3.1.xsd=org/springframework/ejb/config/spring-jee-3.1.xsd, http://www.springframework.org/schema/task/spring-task-3.2.xsd=org/springframework/scheduling/config/spring-task-3.2.xsd, http://www.springframework.org/schema/util/spring-util-4.2.xsd=org/springframework/beans/factory/xml/spring-util-4.2.xsd, http://www.springframework.org/schema/beans/spring-beans-3.1.xsd=org/springframework/beans/factory/xml/spring-beans-3.1.xsd, http://www.springframework.org/schema/util/spring-util.xsd=org/springframework/beans/factory/xml/spring-util-4.2.xsd, http://www.springframework.org/schema/aop/spring-aop-3.0.xsd=org/springframework/aop/config/spring-aop-3.0.xsd, http://www.springframework.org/schema/data/repository/spring-repository.xsd=org/springframework/data/repository/config/spring-repository-1.7.xsd, http://www.springframework.org/schema/data/repository/spring-repository-1.7.xsd=org/springframework/data/repository/config/spring-repository-1.7.xsd, http://www.springframework.org/schema/ldap/spring-ldap.xsd=org/springframework/ldap/config/spring-ldap-2.0.xsd, http://www.springframework.org/schema/beans/spring-beans-4.0.xsd=org/springframework/beans/factory/xml/spring-beans-4.0.xsd, http://www.springframework.org/schema/beans/spring-beans.xsd=org/springframework/beans/factory/xml/spring-beans-4.2.xsd, http://www.springframework.org/schema/tx/spring-tx-3.1.xsd=org/springframework/transaction/config/spring-tx-3.1.xsd, http://www.springframework.org/schema/lang/spring-lang-3.0.xsd=org/springframework/scripting/config/spring-lang-3.0.xsd, http://www.springframework.org/schema/context/spring-context-2.5.xsd=org/springframework/context/config/spring-context-2.5.xsd, http://www.springframework.org/schema/task/spring-task-4.0.xsd=org/springframework/scheduling/config/spring-task-4.0.xsd, http://www.springframework.org/schema/tool/spring-tool-3.0.xsd=org/springframework/beans/factory/xml/spring-tool-3.0.xsd, http://www.springframework.org/schema/tx/spring-tx-4.0.xsd=org/springframework/transaction/config/spring-tx-4.0.xsd, http://www.springframework.org/schema/aop/spring-aop-2.0.xsd=org/springframework/aop/config/spring-aop-2.0.xsd, http://www.springframework.org/schema/jee/spring-jee-3.0.xsd=org/springframework/ejb/config/spring-jee-3.0.xsd, http://www.springframework.org/schema/util/spring-util-4.1.xsd=org/springframework/beans/factory/xml/spring-util-4.1.xsd, http://www.springframework.org/schema/task/spring-task-3.1.xsd=org/springframework/scheduling/config/spring-task-3.1.xsd, http://www.springframework.org/schema/beans/spring-beans-3.0.xsd=org/springframework/beans/factory/xml/spring-beans-3.0.xsd, http://www.springframework.org/schema/jee/spring-jee.xsd=org/springframework/ejb/config/spring-jee-4.2.xsd, http://www.springframework.org/schema/aop/spring-aop-2.5.xsd=org/springframework/aop/config/spring-aop-2.5.xsd, http://www.springframework.org/schema/lang/spring-lang-2.0.xsd=org/springframework/scripting/config/spring-lang-2.0.xsd, http://www.springframework.org/schema/data/repository/spring-repository-1.6.xsd=org/springframework/data/repository/config/spring-repository-1.6.xsd, http://www.springframework.org/schema/util/spring-util-3.2.xsd=org/springframework/beans/factory/xml/spring-util-3.2.xsd, http://www.springframework.org/schema/task/spring-task.xsd=org/springframework/scheduling/config/spring-task-4.2.xsd, http://www.springframework.org/schema/tool/spring-tool-2.0.xsd=org/springframework/beans/factory/xml/spring-tool-2.0.xsd, http://www.springframework.org/schema/tx/spring-tx-3.0.xsd=org/springframework/transaction/config/spring-tx-3.0.xsd, http://www.springframework.org/schema/lang/spring-lang-2.5.xsd=org/springframework/scripting/config/spring-lang-2.5.xsd, http://www.springframework.org/schema/context/spring-context-4.2.xsd=org/springframework/context/config/spring-context-4.2.xsd, http://www.springframework.org/schema/jee/spring-jee-2.0.xsd=org/springframework/ejb/config/spring-jee-2.0.xsd, http://www.springframework.org/schema/tool/spring-tool-2.5.xsd=org/springframework/beans/factory/xml/spring-tool-2.5.xsd, http://www.springframework.org/schema/jee/spring-jee-2.5.xsd=org/springframework/ejb/config/spring-jee-2.5.xsd, http://www.springframework.org/schema/data/repository/spring-repository-1.0.xsd=org/springframework/data/repository/config/spring-repository-1.0.xsd, http://www.springframework.org/schema/util/spring-util-4.0.xsd=org/springframework/beans/factory/xml/spring-util-4.0.xsd, http://www.springframework.org/schema/task/spring-task-3.0.xsd=org/springframework/scheduling/config/spring-task-3.0.xsd, http://www.springframework.org/schema/aop/spring-aop-4.2.xsd=org/springframework/aop/config/spring-aop-4.2.xsd, http://www.springframework.org/schema/lang/spring-lang.xsd=org/springframework/scripting/config/spring-lang-4.2.xsd, http://www.springframework.org/schema/context/spring-context-3.2.xsd=org/springframework/context/config/spring-context-3.2.xsd, http://www.springframework.org/schema/data/repository/spring-repository-1.5.xsd=org/springframework/data/repository/config/spring-repository-1.5.xsd, http://www.springframework.org/schema/util/spring-util-3.1.xsd=org/springframework/beans/factory/xml/spring-util-3.1.xsd, http://www.springframework.org/schema/beans/spring-beans-2.0.xsd=org/springframework/beans/factory/xml/spring-beans-2.0.xsd, http://www.springframework.org/schema/cache/spring-cache.xsd=org/springframework/cache/config/spring-cache-4.2.xsd, http://www.springframework.org/schema/tx/spring-tx.xsd=org/springframework/transaction/config/spring-tx-4.2.xsd, http://www.springframework.org/schema/lang/spring-lang-4.2.xsd=org/springframework/scripting/config/spring-lang-4.2.xsd, http://www.springframework.org/schema/context/spring-context-4.1.xsd=org/springframework/context/config/spring-context-4.1.xsd, http://www.springframework.org/schema/beans/spring-beans-2.5.xsd=org/springframework/beans/factory/xml/spring-beans-2.5.xsd, http://www.springframework.org/schema/tool/spring-tool-4.2.xsd=org/springframework/beans/factory/xml/spring-tool-4.2.xsd, http://www.springframework.org/schema/tx/spring-tx-2.0.xsd=org/springframework/transaction/config/spring-tx-2.0.xsd, http://www.springframework.org/schema/jee/spring-jee-4.2.xsd=org/springframework/ejb/config/spring-jee-4.2.xsd, http://www.springframework.org/schema/aop/spring-aop.xsd=org/springframework/aop/config/spring-aop-4.2.xsd}
2016-02-03 20:29:32,704 DEBUG   main [org.springframework.beans.factory.xml.PluggableSchemaResolver] Found XML schema [http://www.springframework.org/schema/beans/spring-beans.xsd] in classpath: org/springframework/beans/factory/xml/spring-beans-4.2.xsd
2016-02-03 20:29:32,724 TRACE   main [org.springframework.beans.factory.xml.PluggableSchemaResolver] Trying to resolve XML entity with public id [null] and system id [http://www.springframework.org/schema/context/spring-context.xsd]
2016-02-03 20:29:32,725 DEBUG   main [org.springframework.beans.factory.xml.PluggableSchemaResolver] Found XML schema [http://www.springframework.org/schema/context/spring-context.xsd] in classpath: org/springframework/context/config/spring-context-4.2.xsd
2016-02-03 20:29:32,731 TRACE   main [org.springframework.beans.factory.xml.PluggableSchemaResolver] Trying to resolve XML entity with public id [null] and system id [http://www.springframework.org/schema/tool/spring-tool-4.2.xsd]
2016-02-03 20:29:32,733 DEBUG   main [org.springframework.beans.factory.xml.PluggableSchemaResolver] Found XML schema [http://www.springframework.org/schema/tool/spring-tool-4.2.xsd] in classpath: org/springframework/beans/factory/xml/spring-tool-4.2.xsd
2016-02-03 20:29:32,740 TRACE   main [org.springframework.beans.factory.xml.PluggableSchemaResolver] Trying to resolve XML entity with public id [null] and system id [http://www.springframework.org/schema/ldap/spring-ldap.xsd]
2016-02-03 20:29:32,740 DEBUG   main [org.springframework.beans.factory.xml.PluggableSchemaResolver] Found XML schema [http://www.springframework.org/schema/ldap/spring-ldap.xsd] in classpath: org/springframework/ldap/config/spring-ldap-2.0.xsd
2016-02-03 20:29:32,745 TRACE   main [org.springframework.beans.factory.xml.PluggableSchemaResolver] Trying to resolve XML entity with public id [null] and system id [http://www.springframework.org/schema/data/repository/spring-repository.xsd]
2016-02-03 20:29:32,746 DEBUG   main [org.springframework.beans.factory.xml.PluggableSchemaResolver] Found XML schema [http://www.springframework.org/schema/data/repository/spring-repository.xsd] in classpath: org/springframework/data/repository/config/spring-repository-1.7.xsd
2016-02-03 20:29:32,755 DEBUG   main [org.springframework.beans.factory.xml.DefaultBeanDefinitionDocumentReader] Loading bean definitions
2016-02-03 20:29:32,758 DEBUG   main [org.springframework.beans.factory.xml.DefaultNamespaceHandlerResolver] Loaded NamespaceHandler mappings: {http://www.springframework.org/schema/p=org.springframework.beans.factory.xml.SimplePropertyNamespaceHandler, http://www.springframework.org/schema/util=org.springframework.beans.factory.xml.UtilNamespaceHandler, http://www.springframework.org/schema/jee=org.springframework.ejb.config.JeeNamespaceHandler, http://www.springframework.org/schema/aop=org.springframework.aop.config.AopNamespaceHandler, http://www.springframework.org/schema/data/repository=org.springframework.data.repository.config.RepositoryNameSpaceHandler, http://www.springframework.org/schema/cache=org.springframework.cache.config.CacheNamespaceHandler, http://www.springframework.org/schema/c=org.springframework.beans.factory.xml.SimpleConstructorNamespaceHandler, http://www.springframework.org/schema/ldap=org.springframework.ldap.config.LdapNamespaceHandler, http://www.springframework.org/schema/tx=org.springframework.transaction.config.TxNamespaceHandler, http://www.springframework.org/schema/task=org.springframework.scheduling.config.TaskNamespaceHandler, http://www.springframework.org/schema/lang=org.springframework.scripting.config.LangNamespaceHandler, http://www.springframework.org/schema/context=org.springframework.context.config.ContextNamespaceHandler}
2016-02-03 20:29:32,761 DEBUG   main [org.springframework.core.env.StandardEnvironment] Adding [systemProperties] PropertySource with lowest search precedence
2016-02-03 20:29:32,762 DEBUG   main [org.springframework.core.env.StandardEnvironment] Adding [systemEnvironment] PropertySource with lowest search precedence
2016-02-03 20:29:32,763 DEBUG   main [org.springframework.core.env.StandardEnvironment] Initialized StandardEnvironment with PropertySources [systemProperties,systemEnvironment]
2016-02-03 20:29:32,765 DEBUG   main [org.springframework.core.io.support.PathMatchingResourcePatternResolver] Looking for matching resources in directory tree [C:\Eclipse\workspace\spring-ldap-example\bin\ldap\advance\example]
2016-02-03 20:29:32,768 DEBUG   main [org.springframework.core.io.support.PathMatchingResourcePatternResolver] Searching directory [C:\Eclipse\workspace\spring-ldap-example\bin\ldap\advance\example] for files matching pattern [C:/Eclipse/workspace/spring-ldap-example/bin/ldap/advance/example/**/*.class]
2016-02-03 20:29:32,771 DEBUG   main [org.springframework.core.io.support.PathMatchingResourcePatternResolver] Searching directory [C:\Eclipse\workspace\spring-ldap-example\bin\ldap\advance\example\test] for files matching pattern [C:/Eclipse/workspace/spring-ldap-example/bin/ldap/advance/example/**/*.class]
2016-02-03 20:29:32,774 DEBUG   main [org.springframework.core.io.support.PathMatchingResourcePatternResolver] Resolved location pattern [classpath*:ldap/advance/example/**/*.class] to resources [file [C:\Eclipse\workspace\spring-ldap-example\bin\ldap\advance\example\test\LdapApp.class], file [C:\Eclipse\workspace\spring-ldap-example\bin\ldap\advance\example\User.class], file [C:\Eclipse\workspace\spring-ldap-example\bin\ldap\advance\example\UserRepositoryImpl$MultipleAttributesMapper.class], file [C:\Eclipse\workspace\spring-ldap-example\bin\ldap\advance\example\UserRepositoryImpl$SingleAttributesMapper.class], file [C:\Eclipse\workspace\spring-ldap-example\bin\ldap\advance\example\UserRepositoryImpl$UserAttributesMapper.class], file [C:\Eclipse\workspace\spring-ldap-example\bin\ldap\advance\example\UserRepositoryImpl.class], file [C:\Eclipse\workspace\spring-ldap-example\bin\ldap\advance\example\UserRepositoryIntf.class]]
2016-02-03 20:29:32,774 TRACE   main [org.springframework.context.annotation.ClassPathBeanDefinitionScanner] Scanning file [C:\Eclipse\workspace\spring-ldap-example\bin\ldap\advance\example\test\LdapApp.class]
2016-02-03 20:29:32,777 TRACE   main [org.springframework.context.annotation.ClassPathBeanDefinitionScanner] Ignored because not matching any filter: file [C:\Eclipse\workspace\spring-ldap-example\bin\ldap\advance\example\test\LdapApp.class]
2016-02-03 20:29:32,779 TRACE   main [org.springframework.context.annotation.ClassPathBeanDefinitionScanner] Scanning file [C:\Eclipse\workspace\spring-ldap-example\bin\ldap\advance\example\User.class]
2016-02-03 20:29:32,781 TRACE   main [org.springframework.context.annotation.ClassPathBeanDefinitionScanner] Ignored because not matching any filter: file [C:\Eclipse\workspace\spring-ldap-example\bin\ldap\advance\example\User.class]
2016-02-03 20:29:32,781 TRACE   main [org.springframework.context.annotation.ClassPathBeanDefinitionScanner] Scanning file [C:\Eclipse\workspace\spring-ldap-example\bin\ldap\advance\example\UserRepositoryImpl$MultipleAttributesMapper.class]
2016-02-03 20:29:32,782 TRACE   main [org.springframework.context.annotation.ClassPathBeanDefinitionScanner] Ignored because not matching any filter: file [C:\Eclipse\workspace\spring-ldap-example\bin\ldap\advance\example\UserRepositoryImpl$MultipleAttributesMapper.class]
2016-02-03 20:29:32,782 TRACE   main [org.springframework.context.annotation.ClassPathBeanDefinitionScanner] Scanning file [C:\Eclipse\workspace\spring-ldap-example\bin\ldap\advance\example\UserRepositoryImpl$SingleAttributesMapper.class]
2016-02-03 20:29:32,783 TRACE   main [org.springframework.context.annotation.ClassPathBeanDefinitionScanner] Ignored because not matching any filter: file [C:\Eclipse\workspace\spring-ldap-example\bin\ldap\advance\example\UserRepositoryImpl$SingleAttributesMapper.class]
2016-02-03 20:29:32,783 TRACE   main [org.springframework.context.annotation.ClassPathBeanDefinitionScanner] Scanning file [C:\Eclipse\workspace\spring-ldap-example\bin\ldap\advance\example\UserRepositoryImpl$UserAttributesMapper.class]
2016-02-03 20:29:32,784 TRACE   main [org.springframework.context.annotation.ClassPathBeanDefinitionScanner] Ignored because not matching any filter: file [C:\Eclipse\workspace\spring-ldap-example\bin\ldap\advance\example\UserRepositoryImpl$UserAttributesMapper.class]
2016-02-03 20:29:32,785 TRACE   main [org.springframework.context.annotation.ClassPathBeanDefinitionScanner] Scanning file [C:\Eclipse\workspace\spring-ldap-example\bin\ldap\advance\example\UserRepositoryImpl.class]
2016-02-03 20:29:32,787 DEBUG   main [org.springframework.context.annotation.ClassPathBeanDefinitionScanner] Identified candidate component class: file [C:\Eclipse\workspace\spring-ldap-example\bin\ldap\advance\example\UserRepositoryImpl.class]
2016-02-03 20:29:32,787 TRACE   main [org.springframework.context.annotation.ClassPathBeanDefinitionScanner] Scanning file [C:\Eclipse\workspace\spring-ldap-example\bin\ldap\advance\example\UserRepositoryIntf.class]
2016-02-03 20:29:32,788 TRACE   main [org.springframework.context.annotation.ClassPathBeanDefinitionScanner] Ignored because not matching any filter: file [C:\Eclipse\workspace\spring-ldap-example\bin\ldap\advance\example\UserRepositoryIntf.class]
2016-02-03 20:29:32,790 DEBUG   main [org.springframework.beans.factory.xml.XmlBeanDefinitionReader] Loaded 9 bean definitions from location pattern [spring-ldap-example.xml]
2016-02-03 20:29:32,791 DEBUG   main [org.springframework.context.support.ClassPathXmlApplicationContext] Bean factory for org.springframework.context.support.ClassPathXmlApplicationContext@450faed3: org.springframework.beans.factory.support.DefaultListableBeanFactory@fed27f0: defining beans [userRepositoryImpl,org.springframework.context.annotation.internalConfigurationAnnotationProcessor,org.springframework.context.annotation.internalAutowiredAnnotationProcessor,org.springframework.context.annotation.internalRequiredAnnotationProcessor,org.springframework.context.annotation.internalCommonAnnotationProcessor,simpleDirContextAuthenticationStrategy,userReposImpl,contextSource,ldapTemplate]; root of factory hierarchy
2016-02-03 20:29:32,795 DEBUG   main [org.springframework.beans.factory.support.DefaultListableBeanFactory] Creating shared instance of singleton bean 'org.springframework.context.annotation.internalConfigurationAnnotationProcessor'
2016-02-03 20:29:32,796 DEBUG   main [org.springframework.beans.factory.support.DefaultListableBeanFactory] Creating instance of bean 'org.springframework.context.annotation.internalConfigurationAnnotationProcessor'
2016-02-03 20:29:32,796 DEBUG   main [org.springframework.beans.factory.support.DefaultListableBeanFactory] Eagerly caching bean 'org.springframework.context.annotation.internalConfigurationAnnotationProcessor' to allow for resolving potential circular references
2016-02-03 20:29:32,796 DEBUG   main [org.springframework.beans.factory.support.DefaultListableBeanFactory] Finished creating instance of bean 'org.springframework.context.annotation.internalConfigurationAnnotationProcessor'
2016-02-03 20:29:32,818 DEBUG   main [org.springframework.beans.factory.support.DefaultListableBeanFactory] Creating shared instance of singleton bean 'org.springframework.context.annotation.internalAutowiredAnnotationProcessor'
2016-02-03 20:29:32,819 DEBUG   main [org.springframework.beans.factory.support.DefaultListableBeanFactory] Creating instance of bean 'org.springframework.context.annotation.internalAutowiredAnnotationProcessor'
2016-02-03 20:29:32,819 DEBUG   main [org.springframework.beans.factory.support.DefaultListableBeanFactory] Eagerly caching bean 'org.springframework.context.annotation.internalAutowiredAnnotationProcessor' to allow for resolving potential circular references
2016-02-03 20:29:32,820 DEBUG   main [org.springframework.beans.factory.support.DefaultListableBeanFactory] Finished creating instance of bean 'org.springframework.context.annotation.internalAutowiredAnnotationProcessor'
2016-02-03 20:29:32,820 DEBUG   main [org.springframework.beans.factory.support.DefaultListableBeanFactory] Creating shared instance of singleton bean 'org.springframework.context.annotation.internalRequiredAnnotationProcessor'
2016-02-03 20:29:32,820 DEBUG   main [org.springframework.beans.factory.support.DefaultListableBeanFactory] Creating instance of bean 'org.springframework.context.annotation.internalRequiredAnnotationProcessor'
2016-02-03 20:29:32,820 DEBUG   main [org.springframework.beans.factory.support.DefaultListableBeanFactory] Eagerly caching bean 'org.springframework.context.annotation.internalRequiredAnnotationProcessor' to allow for resolving potential circular references
2016-02-03 20:29:32,820 DEBUG   main [org.springframework.beans.factory.support.DefaultListableBeanFactory] Finished creating instance of bean 'org.springframework.context.annotation.internalRequiredAnnotationProcessor'
2016-02-03 20:29:32,820 DEBUG   main [org.springframework.beans.factory.support.DefaultListableBeanFactory] Creating shared instance of singleton bean 'org.springframework.context.annotation.internalCommonAnnotationProcessor'
2016-02-03 20:29:32,820 DEBUG   main [org.springframework.beans.factory.support.DefaultListableBeanFactory] Creating instance of bean 'org.springframework.context.annotation.internalCommonAnnotationProcessor'
2016-02-03 20:29:32,821 DEBUG   main [org.springframework.beans.factory.support.DefaultListableBeanFactory] Eagerly caching bean 'org.springframework.context.annotation.internalCommonAnnotationProcessor' to allow for resolving potential circular references
2016-02-03 20:29:32,821 DEBUG   main [org.springframework.beans.factory.support.DefaultListableBeanFactory] Finished creating instance of bean 'org.springframework.context.annotation.internalCommonAnnotationProcessor'
2016-02-03 20:29:32,821 DEBUG   main [org.springframework.beans.factory.support.DefaultListableBeanFactory] Creating shared instance of singleton bean 'org.springframework.context.annotation.ConfigurationClassPostProcessor.importAwareProcessor'
2016-02-03 20:29:32,822 DEBUG   main [org.springframework.beans.factory.support.DefaultListableBeanFactory] Creating instance of bean 'org.springframework.context.annotation.ConfigurationClassPostProcessor.importAwareProcessor'
2016-02-03 20:29:32,822 DEBUG   main [org.springframework.beans.factory.support.DefaultListableBeanFactory] Eagerly caching bean 'org.springframework.context.annotation.ConfigurationClassPostProcessor.importAwareProcessor' to allow for resolving potential circular references
2016-02-03 20:29:32,822 DEBUG   main [org.springframework.beans.factory.support.DefaultListableBeanFactory] Finished creating instance of bean 'org.springframework.context.annotation.ConfigurationClassPostProcessor.importAwareProcessor'
2016-02-03 20:29:32,823 DEBUG   main [org.springframework.beans.factory.support.DefaultListableBeanFactory] Creating shared instance of singleton bean 'org.springframework.context.annotation.ConfigurationClassPostProcessor.enhancedConfigurationProcessor'
2016-02-03 20:29:32,823 DEBUG   main [org.springframework.beans.factory.support.DefaultListableBeanFactory] Creating instance of bean 'org.springframework.context.annotation.ConfigurationClassPostProcessor.enhancedConfigurationProcessor'
2016-02-03 20:29:32,823 DEBUG   main [org.springframework.beans.factory.support.DefaultListableBeanFactory] Eagerly caching bean 'org.springframework.context.annotation.ConfigurationClassPostProcessor.enhancedConfigurationProcessor' to allow for resolving potential circular references
2016-02-03 20:29:32,823 DEBUG   main [org.springframework.beans.factory.support.DefaultListableBeanFactory] Finished creating instance of bean 'org.springframework.context.annotation.ConfigurationClassPostProcessor.enhancedConfigurationProcessor'
2016-02-03 20:29:32,824 DEBUG   main [org.springframework.context.support.ClassPathXmlApplicationContext] Unable to locate MessageSource with name 'messageSource': using default [org.springframework.context.support.DelegatingMessageSource@3397a6b5]
2016-02-03 20:29:32,825 DEBUG   main [org.springframework.context.support.ClassPathXmlApplicationContext] Unable to locate ApplicationEventMulticaster with name 'applicationEventMulticaster': using default [org.springframework.context.event.SimpleApplicationEventMulticaster@2941cf89]
2016-02-03 20:29:32,826 DEBUG   main [org.springframework.beans.factory.support.DefaultListableBeanFactory] Pre-instantiating singletons in org.springframework.beans.factory.support.DefaultListableBeanFactory@fed27f0: defining beans [userRepositoryImpl,org.springframework.context.annotation.internalConfigurationAnnotationProcessor,org.springframework.context.annotation.internalAutowiredAnnotationProcessor,org.springframework.context.annotation.internalRequiredAnnotationProcessor,org.springframework.context.annotation.internalCommonAnnotationProcessor,simpleDirContextAuthenticationStrategy,userReposImpl,contextSource,ldapTemplate,org.springframework.context.annotation.ConfigurationClassPostProcessor.importAwareProcessor,org.springframework.context.annotation.ConfigurationClassPostProcessor.enhancedConfigurationProcessor]; root of factory hierarchy
2016-02-03 20:29:32,827 DEBUG   main [org.springframework.beans.factory.support.DefaultListableBeanFactory] Creating shared instance of singleton bean 'userRepositoryImpl'
2016-02-03 20:29:32,827 DEBUG   main [org.springframework.beans.factory.support.DefaultListableBeanFactory] Creating instance of bean 'userRepositoryImpl'
2016-02-03 20:29:32,828 DEBUG   main [org.springframework.beans.factory.annotation.InjectionMetadata] Registered injected element on class [ldap.advance.example.UserRepositoryImpl]: AutowiredFieldElement for private org.springframework.ldap.core.LdapTemplate ldap.advance.example.UserRepositoryImpl.ldapTemplate
2016-02-03 20:29:32,828 DEBUG   main [org.springframework.beans.factory.support.DefaultListableBeanFactory] Eagerly caching bean 'userRepositoryImpl' to allow for resolving potential circular references
2016-02-03 20:29:32,829 DEBUG   main [org.springframework.beans.factory.annotation.InjectionMetadata] Processing injected element of bean 'userRepositoryImpl': AutowiredFieldElement for private org.springframework.ldap.core.LdapTemplate ldap.advance.example.UserRepositoryImpl.ldapTemplate
2016-02-03 20:29:32,829 DEBUG   main [org.springframework.beans.factory.support.DefaultListableBeanFactory] Creating shared instance of singleton bean 'ldapTemplate'
2016-02-03 20:29:32,830 DEBUG   main [org.springframework.beans.factory.support.DefaultListableBeanFactory] Creating instance of bean 'ldapTemplate'
2016-02-03 20:29:32,834 DEBUG   main [org.springframework.beans.factory.support.DefaultListableBeanFactory] Eagerly caching bean 'ldapTemplate' to allow for resolving potential circular references
2016-02-03 20:29:32,835 DEBUG   main [org.springframework.beans.factory.support.DefaultListableBeanFactory] Creating shared instance of singleton bean 'contextSource'
2016-02-03 20:29:32,835 DEBUG   main [org.springframework.beans.factory.support.DefaultListableBeanFactory] Creating instance of bean 'contextSource'
2016-02-03 20:29:32,835 DEBUG   main [org.springframework.beans.factory.support.DefaultListableBeanFactory] Creating instance of bean '(inner bean)#1fa04088'
2016-02-03 20:29:32,838 DEBUG   main [org.springframework.beans.factory.support.DefaultListableBeanFactory] Creating instance of bean '(inner bean)#51ecb0f0'
2016-02-03 20:29:32,840 DEBUG   main [org.springframework.beans.factory.support.DefaultListableBeanFactory] Finished creating instance of bean '(inner bean)#51ecb0f0'
2016-02-03 20:29:32,840 DEBUG   main [org.springframework.beans.factory.support.DefaultListableBeanFactory] Creating shared instance of singleton bean 'simpleDirContextAuthenticationStrategy'
2016-02-03 20:29:32,840 DEBUG   main [org.springframework.beans.factory.support.DefaultListableBeanFactory] Creating instance of bean 'simpleDirContextAuthenticationStrategy'
2016-02-03 20:29:32,841 DEBUG   main [org.springframework.beans.factory.support.DefaultListableBeanFactory] Eagerly caching bean 'simpleDirContextAuthenticationStrategy' to allow for resolving potential circular references
2016-02-03 20:29:32,841 DEBUG   main [org.springframework.beans.factory.support.DefaultListableBeanFactory] Finished creating instance of bean 'simpleDirContextAuthenticationStrategy'
2016-02-03 20:29:32,841 DEBUG   main [org.springframework.beans.factory.support.DefaultListableBeanFactory] Invoking afterPropertiesSet() on bean with name '(inner bean)#1fa04088'
2016-02-03 20:29:32,842 DEBUG   main [org.springframework.beans.factory.support.DefaultListableBeanFactory] Finished creating instance of bean '(inner bean)#1fa04088'
2016-02-03 20:29:32,844 DEBUG   main [org.springframework.beans.factory.support.DefaultListableBeanFactory] Eagerly caching bean 'contextSource' to allow for resolving potential circular references
2016-02-03 20:29:32,845 DEBUG   main [org.springframework.beans.factory.support.DefaultListableBeanFactory] Finished creating instance of bean 'contextSource'
2016-02-03 20:29:32,845 DEBUG   main [org.springframework.beans.factory.support.DefaultListableBeanFactory] Invoking afterPropertiesSet() on bean with name 'ldapTemplate'
2016-02-03 20:29:32,845 DEBUG   main [org.springframework.beans.factory.support.DefaultListableBeanFactory] Finished creating instance of bean 'ldapTemplate'
2016-02-03 20:29:32,845 DEBUG   main [org.springframework.beans.factory.annotation.AutowiredAnnotationBeanPostProcessor] Autowiring by type from bean name 'userRepositoryImpl' to bean named 'ldapTemplate'
2016-02-03 20:29:32,846 DEBUG   main [org.springframework.beans.factory.support.DefaultListableBeanFactory] Finished creating instance of bean 'userRepositoryImpl'
2016-02-03 20:29:32,846 DEBUG   main [org.springframework.beans.factory.support.DefaultListableBeanFactory] Returning cached instance of singleton bean 'org.springframework.context.annotation.internalConfigurationAnnotationProcessor'
2016-02-03 20:29:32,846 DEBUG   main [org.springframework.beans.factory.support.DefaultListableBeanFactory] Returning cached instance of singleton bean 'org.springframework.context.annotation.internalAutowiredAnnotationProcessor'
2016-02-03 20:29:32,846 DEBUG   main [org.springframework.beans.factory.support.DefaultListableBeanFactory] Returning cached instance of singleton bean 'org.springframework.context.annotation.internalRequiredAnnotationProcessor'
2016-02-03 20:29:32,846 DEBUG   main [org.springframework.beans.factory.support.DefaultListableBeanFactory] Returning cached instance of singleton bean 'org.springframework.context.annotation.internalCommonAnnotationProcessor'
2016-02-03 20:29:32,846 DEBUG   main [org.springframework.beans.factory.support.DefaultListableBeanFactory] Returning cached instance of singleton bean 'simpleDirContextAuthenticationStrategy'
2016-02-03 20:29:32,846 DEBUG   main [org.springframework.beans.factory.support.DefaultListableBeanFactory] Creating shared instance of singleton bean 'userReposImpl'
2016-02-03 20:29:32,847 DEBUG   main [org.springframework.beans.factory.support.DefaultListableBeanFactory] Creating instance of bean 'userReposImpl'
2016-02-03 20:29:32,847 DEBUG   main [org.springframework.beans.factory.annotation.InjectionMetadata] Registered injected element on class [ldap.advance.example.UserRepositoryImpl]: AutowiredFieldElement for private org.springframework.ldap.core.LdapTemplate ldap.advance.example.UserRepositoryImpl.ldapTemplate
2016-02-03 20:29:32,847 DEBUG   main [org.springframework.beans.factory.support.DefaultListableBeanFactory] Eagerly caching bean 'userReposImpl' to allow for resolving potential circular references
2016-02-03 20:29:32,847 DEBUG   main [org.springframework.beans.factory.annotation.InjectionMetadata] Processing injected element of bean 'userReposImpl': AutowiredFieldElement for private org.springframework.ldap.core.LdapTemplate ldap.advance.example.UserRepositoryImpl.ldapTemplate
2016-02-03 20:29:32,848 DEBUG   main [org.springframework.beans.factory.support.DefaultListableBeanFactory] Returning cached instance of singleton bean 'ldapTemplate'
2016-02-03 20:29:32,849 DEBUG   main [org.springframework.beans.factory.annotation.AutowiredAnnotationBeanPostProcessor] Autowiring by type from bean name 'userReposImpl' to bean named 'ldapTemplate'
2016-02-03 20:29:32,849 DEBUG   main [org.springframework.beans.factory.support.DefaultListableBeanFactory] Finished creating instance of bean 'userReposImpl'
2016-02-03 20:29:32,849 DEBUG   main [org.springframework.beans.factory.support.DefaultListableBeanFactory] Returning cached instance of singleton bean 'contextSource'
2016-02-03 20:29:32,849 DEBUG   main [org.springframework.beans.factory.support.DefaultListableBeanFactory] Returning cached instance of singleton bean 'ldapTemplate'
2016-02-03 20:29:32,849 DEBUG   main [org.springframework.beans.factory.support.DefaultListableBeanFactory] Returning cached instance of singleton bean 'org.springframework.context.annotation.ConfigurationClassPostProcessor.importAwareProcessor'
2016-02-03 20:29:32,850 DEBUG   main [org.springframework.beans.factory.support.DefaultListableBeanFactory] Returning cached instance of singleton bean 'org.springframework.context.annotation.ConfigurationClassPostProcessor.enhancedConfigurationProcessor'
2016-02-03 20:29:32,850 DEBUG   main [org.springframework.context.support.ClassPathXmlApplicationContext] Unable to locate LifecycleProcessor with name 'lifecycleProcessor': using default [org.springframework.context.support.DefaultLifecycleProcessor@2651177]
2016-02-03 20:29:32,851 DEBUG   main [org.springframework.beans.factory.support.DefaultListableBeanFactory] Returning cached instance of singleton bean 'lifecycleProcessor'
2016-02-03 20:29:32,851 TRACE   main [org.springframework.context.support.ClassPathXmlApplicationContext] Publishing event in org.springframework.context.support.ClassPathXmlApplicationContext@450faed3: org.springframework.context.event.ContextRefreshedEvent[source=org.springframework.context.support.ClassPathXmlApplicationContext@450faed3: startup date [Wed Feb 03 20:29:32 EST 2016]; root of context hierarchy]
2016-02-03 20:29:32,851 TRACE   main [org.springframework.core.env.PropertySourcesPropertyResolver] getProperty("spring.liveBeansView.mbeanDomain", String)
2016-02-03 20:29:32,851 DEBUG   main [org.springframework.core.env.PropertySourcesPropertyResolver] Searching for key 'spring.liveBeansView.mbeanDomain' in [systemProperties]
2016-02-03 20:29:32,852 DEBUG   main [org.springframework.core.env.PropertySourcesPropertyResolver] Searching for key 'spring.liveBeansView.mbeanDomain' in [systemEnvironment]
2016-02-03 20:29:32,852 DEBUG   main [org.springframework.core.env.PropertySourcesPropertyResolver] Could not find key 'spring.liveBeansView.mbeanDomain' in any property source. Returning [null]
2016-02-03 20:29:32,852 INFO   main [ldap.advance.example.UserRepositoryImpl] executing {getUserDetails}
2016-02-03 20:29:32,854 INFO   main [ldap.advance.example.test.LdapApp] 
 =>User [uid=spring_ldap_test, cn=spring_ldap_test, sn=spring_ldap_test, userPassword={SSHA}p5Yy01ybmva64IeKqwF8nCNMFG2BzZgZDEwSCw==, postalAddress=spring_ldap_test, telephoneNumber=9830098301]
2016-02-03 20:29:32,854 INFO   main [ldap.advance.example.UserRepositoryImpl] executing {getUserDetails}
2016-02-03 20:29:32,857 INFO   main [ldap.advance.example.UserRepositoryImpl] telephoneNumber	 | 9830098301
2016-02-03 20:29:32,858 INFO   main [ldap.advance.example.UserRepositoryImpl] userPassword	 | [B@8f7b3cf
2016-02-03 20:29:32,858 INFO   main [ldap.advance.example.UserRepositoryImpl] uid	 | spring_ldap_test
2016-02-03 20:29:32,858 INFO   main [ldap.advance.example.UserRepositoryImpl] objectClass	 | organizationalPerson
2016-02-03 20:29:32,858 INFO   main [ldap.advance.example.UserRepositoryImpl] postalAddress	 | spring_ldap_test
2016-02-03 20:29:32,858 INFO   main [ldap.advance.example.UserRepositoryImpl] sn	 | spring_ldap_test
2016-02-03 20:29:32,858 INFO   main [ldap.advance.example.UserRepositoryImpl] cn	 | spring_ldap_test
2016-02-03 20:29:32,858 INFO   main [ldap.advance.example.test.LdapApp] 
 =>
 Result { 
 	 |_  #telephoneNumber= [ 9830098301 ]  
 	 |_  #userPassword= [ [B@8f7b3cf ]  
 	 |_  #uid= [ spring_ldap_test ]  
 	 |_  #objectClass= [ organizationalPerson ]  
 	 |_  #postalAddress= [ spring_ldap_test ]  
 	 |_  #sn= [ spring_ldap_test ]  
 	 |_  #cn= [ spring_ldap_test ]  

 } 
2016-02-03 20:29:32,858 INFO   main [ldap.advance.example.UserRepositoryImpl] executing {updateTelePhone}
2016-02-03 20:35:50,156 DEBUG   main [org.springframework.core.env.StandardEnvironment] Adding [systemProperties] PropertySource with lowest search precedence
2016-02-03 20:35:50,165 DEBUG   main [org.springframework.core.env.StandardEnvironment] Adding [systemEnvironment] PropertySource with lowest search precedence
2016-02-03 20:35:50,166 DEBUG   main [org.springframework.core.env.StandardEnvironment] Initialized StandardEnvironment with PropertySources [systemProperties,systemEnvironment]
2016-02-03 20:35:50,175 INFO   main [org.springframework.context.support.ClassPathXmlApplicationContext] Refreshing org.springframework.context.support.ClassPathXmlApplicationContext@60c4d1a7: startup date [Wed Feb 03 20:35:50 EST 2016]; root of context hierarchy
2016-02-03 20:35:50,230 DEBUG   main [org.springframework.core.env.StandardEnvironment] Adding [systemProperties] PropertySource with lowest search precedence
2016-02-03 20:35:50,230 DEBUG   main [org.springframework.core.env.StandardEnvironment] Adding [systemEnvironment] PropertySource with lowest search precedence
2016-02-03 20:35:50,231 DEBUG   main [org.springframework.core.env.StandardEnvironment] Initialized StandardEnvironment with PropertySources [systemProperties,systemEnvironment]
2016-02-03 20:35:50,248 INFO   main [org.springframework.beans.factory.xml.XmlBeanDefinitionReader] Loading XML bean definitions from class path resource [spring-ldap-example.xml]
2016-02-03 20:35:50,253 DEBUG   main [org.springframework.beans.factory.xml.DefaultDocumentLoader] Using JAXP provider [com.sun.org.apache.xerces.internal.jaxp.DocumentBuilderFactoryImpl]
2016-02-03 20:35:50,286 TRACE   main [org.springframework.beans.factory.xml.PluggableSchemaResolver] Trying to resolve XML entity with public id [null] and system id [http://www.springframework.org/schema/beans/spring-beans.xsd]
2016-02-03 20:35:50,286 DEBUG   main [org.springframework.beans.factory.xml.PluggableSchemaResolver] Loading schema mappings from [META-INF/spring.schemas]
2016-02-03 20:35:50,304 DEBUG   main [org.springframework.beans.factory.xml.PluggableSchemaResolver] Loaded schema mappings: {http://www.springframework.org/schema/tx/spring-tx-2.5.xsd=org/springframework/transaction/config/spring-tx-2.5.xsd, http://www.springframework.org/schema/cache/spring-cache-4.2.xsd=org/springframework/cache/config/spring-cache-4.2.xsd, http://www.springframework.org/schema/aop/spring-aop-4.1.xsd=org/springframework/aop/config/spring-aop-4.1.xsd, http://www.springframework.org/schema/context/spring-context-3.1.xsd=org/springframework/context/config/spring-context-3.1.xsd, http://www.springframework.org/schema/data/repository/spring-repository-1.4.xsd=org/springframework/data/repository/config/spring-repository-1.4.xsd, http://www.springframework.org/schema/util/spring-util-3.0.xsd=org/springframework/beans/factory/xml/spring-util-3.0.xsd, http://www.springframework.org/schema/tool/spring-tool.xsd=org/springframework/beans/factory/xml/spring-tool-4.2.xsd, http://www.springframework.org/schema/aop/spring-aop-3.2.xsd=org/springframework/aop/config/spring-aop-3.2.xsd, http://www.springframework.org/schema/lang/spring-lang-4.1.xsd=org/springframework/scripting/config/spring-lang-4.1.xsd, http://www.springframework.org/schema/context/spring-context-4.0.xsd=org/springframework/context/config/spring-context-4.0.xsd, http://www.springframework.org/schema/beans/spring-beans-4.2.xsd=org/springframework/beans/factory/xml/spring-beans-4.2.xsd, http://www.springframework.org/schema/tool/spring-tool-4.1.xsd=org/springframework/beans/factory/xml/spring-tool-4.1.xsd, http://www.springframework.org/schema/lang/spring-lang-3.2.xsd=org/springframework/scripting/config/spring-lang-3.2.xsd, http://www.springframework.org/schema/cache/spring-cache-3.2.xsd=org/springframework/cache/config/spring-cache-3.2.xsd, http://www.springframework.org/schema/jee/spring-jee-4.1.xsd=org/springframework/ejb/config/spring-jee-4.1.xsd, http://www.springframework.org/schema/task/spring-task-4.2.xsd=org/springframework/scheduling/config/spring-task-4.2.xsd, http://www.springframework.org/schema/util/spring-util-2.0.xsd=org/springframework/beans/factory/xml/spring-util-2.0.xsd, http://www.springframework.org/schema/tool/spring-tool-3.2.xsd=org/springframework/beans/factory/xml/spring-tool-3.2.xsd, http://www.springframework.org/schema/context/spring-context.xsd=org/springframework/context/config/spring-context-4.2.xsd, http://www.springframework.org/schema/tx/spring-tx-4.2.xsd=org/springframework/transaction/config/spring-tx-4.2.xsd, http://www.springframework.org/schema/cache/spring-cache-4.1.xsd=org/springframework/cache/config/spring-cache-4.1.xsd, http://www.springframework.org/schema/aop/spring-aop-4.0.xsd=org/springframework/aop/config/spring-aop-4.0.xsd, http://www.springframework.org/schema/jee/spring-jee-3.2.xsd=org/springframework/ejb/config/spring-jee-3.2.xsd, http://www.springframework.org/schema/context/spring-context-3.0.xsd=org/springframework/context/config/spring-context-3.0.xsd, http://www.springframework.org/schema/util/spring-util-2.5.xsd=org/springframework/beans/factory/xml/spring-util-2.5.xsd, http://www.springframework.org/schema/beans/spring-beans-3.2.xsd=org/springframework/beans/factory/xml/spring-beans-3.2.xsd, http://www.springframework.org/schema/aop/spring-aop-3.1.xsd=org/springframework/aop/config/spring-aop-3.1.xsd, http://www.springframework.org/schema/ldap/spring-ldap-2.0.xsd=org/springframework/ldap/config/spring-ldap-2.0.xsd, http://www.springframework.org/schema/lang/spring-lang-4.0.xsd=org/springframework/scripting/config/spring-lang-4.0.xsd, http://www.springframework.org/schema/beans/spring-beans-4.1.xsd=org/springframework/beans/factory/xml/spring-beans-4.1.xsd, http://www.springframework.org/schema/tool/spring-tool-4.0.xsd=org/springframework/beans/factory/xml/spring-tool-4.0.xsd, http://www.springframework.org/schema/tx/spring-tx-3.2.xsd=org/springframework/transaction/config/spring-tx-3.2.xsd, http://www.springframework.org/schema/lang/spring-lang-3.1.xsd=org/springframework/scripting/config/spring-lang-3.1.xsd, http://www.springframework.org/schema/cache/spring-cache-3.1.xsd=org/springframework/cache/config/spring-cache-3.1.xsd, http://www.springframework.org/schema/jee/spring-jee-4.0.xsd=org/springframework/ejb/config/spring-jee-4.0.xsd, http://www.springframework.org/schema/task/spring-task-4.1.xsd=org/springframework/scheduling/config/spring-task-4.1.xsd, http://www.springframework.org/schema/tool/spring-tool-3.1.xsd=org/springframework/beans/factory/xml/spring-tool-3.1.xsd, http://www.springframework.org/schema/tx/spring-tx-4.1.xsd=org/springframework/transaction/config/spring-tx-4.1.xsd, http://www.springframework.org/schema/cache/spring-cache-4.0.xsd=org/springframework/cache/config/spring-cache-4.0.xsd, http://www.springframework.org/schema/jee/spring-jee-3.1.xsd=org/springframework/ejb/config/spring-jee-3.1.xsd, http://www.springframework.org/schema/task/spring-task-3.2.xsd=org/springframework/scheduling/config/spring-task-3.2.xsd, http://www.springframework.org/schema/util/spring-util-4.2.xsd=org/springframework/beans/factory/xml/spring-util-4.2.xsd, http://www.springframework.org/schema/beans/spring-beans-3.1.xsd=org/springframework/beans/factory/xml/spring-beans-3.1.xsd, http://www.springframework.org/schema/util/spring-util.xsd=org/springframework/beans/factory/xml/spring-util-4.2.xsd, http://www.springframework.org/schema/aop/spring-aop-3.0.xsd=org/springframework/aop/config/spring-aop-3.0.xsd, http://www.springframework.org/schema/data/repository/spring-repository.xsd=org/springframework/data/repository/config/spring-repository-1.7.xsd, http://www.springframework.org/schema/data/repository/spring-repository-1.7.xsd=org/springframework/data/repository/config/spring-repository-1.7.xsd, http://www.springframework.org/schema/ldap/spring-ldap.xsd=org/springframework/ldap/config/spring-ldap-2.0.xsd, http://www.springframework.org/schema/beans/spring-beans-4.0.xsd=org/springframework/beans/factory/xml/spring-beans-4.0.xsd, http://www.springframework.org/schema/beans/spring-beans.xsd=org/springframework/beans/factory/xml/spring-beans-4.2.xsd, http://www.springframework.org/schema/tx/spring-tx-3.1.xsd=org/springframework/transaction/config/spring-tx-3.1.xsd, http://www.springframework.org/schema/lang/spring-lang-3.0.xsd=org/springframework/scripting/config/spring-lang-3.0.xsd, http://www.springframework.org/schema/context/spring-context-2.5.xsd=org/springframework/context/config/spring-context-2.5.xsd, http://www.springframework.org/schema/task/spring-task-4.0.xsd=org/springframework/scheduling/config/spring-task-4.0.xsd, http://www.springframework.org/schema/tool/spring-tool-3.0.xsd=org/springframework/beans/factory/xml/spring-tool-3.0.xsd, http://www.springframework.org/schema/tx/spring-tx-4.0.xsd=org/springframework/transaction/config/spring-tx-4.0.xsd, http://www.springframework.org/schema/aop/spring-aop-2.0.xsd=org/springframework/aop/config/spring-aop-2.0.xsd, http://www.springframework.org/schema/jee/spring-jee-3.0.xsd=org/springframework/ejb/config/spring-jee-3.0.xsd, http://www.springframework.org/schema/util/spring-util-4.1.xsd=org/springframework/beans/factory/xml/spring-util-4.1.xsd, http://www.springframework.org/schema/task/spring-task-3.1.xsd=org/springframework/scheduling/config/spring-task-3.1.xsd, http://www.springframework.org/schema/beans/spring-beans-3.0.xsd=org/springframework/beans/factory/xml/spring-beans-3.0.xsd, http://www.springframework.org/schema/jee/spring-jee.xsd=org/springframework/ejb/config/spring-jee-4.2.xsd, http://www.springframework.org/schema/aop/spring-aop-2.5.xsd=org/springframework/aop/config/spring-aop-2.5.xsd, http://www.springframework.org/schema/lang/spring-lang-2.0.xsd=org/springframework/scripting/config/spring-lang-2.0.xsd, http://www.springframework.org/schema/data/repository/spring-repository-1.6.xsd=org/springframework/data/repository/config/spring-repository-1.6.xsd, http://www.springframework.org/schema/util/spring-util-3.2.xsd=org/springframework/beans/factory/xml/spring-util-3.2.xsd, http://www.springframework.org/schema/task/spring-task.xsd=org/springframework/scheduling/config/spring-task-4.2.xsd, http://www.springframework.org/schema/tool/spring-tool-2.0.xsd=org/springframework/beans/factory/xml/spring-tool-2.0.xsd, http://www.springframework.org/schema/tx/spring-tx-3.0.xsd=org/springframework/transaction/config/spring-tx-3.0.xsd, http://www.springframework.org/schema/lang/spring-lang-2.5.xsd=org/springframework/scripting/config/spring-lang-2.5.xsd, http://www.springframework.org/schema/context/spring-context-4.2.xsd=org/springframework/context/config/spring-context-4.2.xsd, http://www.springframework.org/schema/jee/spring-jee-2.0.xsd=org/springframework/ejb/config/spring-jee-2.0.xsd, http://www.springframework.org/schema/tool/spring-tool-2.5.xsd=org/springframework/beans/factory/xml/spring-tool-2.5.xsd, http://www.springframework.org/schema/jee/spring-jee-2.5.xsd=org/springframework/ejb/config/spring-jee-2.5.xsd, http://www.springframework.org/schema/data/repository/spring-repository-1.0.xsd=org/springframework/data/repository/config/spring-repository-1.0.xsd, http://www.springframework.org/schema/util/spring-util-4.0.xsd=org/springframework/beans/factory/xml/spring-util-4.0.xsd, http://www.springframework.org/schema/task/spring-task-3.0.xsd=org/springframework/scheduling/config/spring-task-3.0.xsd, http://www.springframework.org/schema/aop/spring-aop-4.2.xsd=org/springframework/aop/config/spring-aop-4.2.xsd, http://www.springframework.org/schema/lang/spring-lang.xsd=org/springframework/scripting/config/spring-lang-4.2.xsd, http://www.springframework.org/schema/context/spring-context-3.2.xsd=org/springframework/context/config/spring-context-3.2.xsd, http://www.springframework.org/schema/data/repository/spring-repository-1.5.xsd=org/springframework/data/repository/config/spring-repository-1.5.xsd, http://www.springframework.org/schema/util/spring-util-3.1.xsd=org/springframework/beans/factory/xml/spring-util-3.1.xsd, http://www.springframework.org/schema/beans/spring-beans-2.0.xsd=org/springframework/beans/factory/xml/spring-beans-2.0.xsd, http://www.springframework.org/schema/cache/spring-cache.xsd=org/springframework/cache/config/spring-cache-4.2.xsd, http://www.springframework.org/schema/tx/spring-tx.xsd=org/springframework/transaction/config/spring-tx-4.2.xsd, http://www.springframework.org/schema/lang/spring-lang-4.2.xsd=org/springframework/scripting/config/spring-lang-4.2.xsd, http://www.springframework.org/schema/context/spring-context-4.1.xsd=org/springframework/context/config/spring-context-4.1.xsd, http://www.springframework.org/schema/beans/spring-beans-2.5.xsd=org/springframework/beans/factory/xml/spring-beans-2.5.xsd, http://www.springframework.org/schema/tool/spring-tool-4.2.xsd=org/springframework/beans/factory/xml/spring-tool-4.2.xsd, http://www.springframework.org/schema/tx/spring-tx-2.0.xsd=org/springframework/transaction/config/spring-tx-2.0.xsd, http://www.springframework.org/schema/jee/spring-jee-4.2.xsd=org/springframework/ejb/config/spring-jee-4.2.xsd, http://www.springframework.org/schema/aop/spring-aop.xsd=org/springframework/aop/config/spring-aop-4.2.xsd}
2016-02-03 20:35:50,309 DEBUG   main [org.springframework.beans.factory.xml.PluggableSchemaResolver] Found XML schema [http://www.springframework.org/schema/beans/spring-beans.xsd] in classpath: org/springframework/beans/factory/xml/spring-beans-4.2.xsd
2016-02-03 20:35:50,408 TRACE   main [org.springframework.beans.factory.xml.PluggableSchemaResolver] Trying to resolve XML entity with public id [null] and system id [http://www.springframework.org/schema/context/spring-context.xsd]
2016-02-03 20:35:50,408 DEBUG   main [org.springframework.beans.factory.xml.PluggableSchemaResolver] Found XML schema [http://www.springframework.org/schema/context/spring-context.xsd] in classpath: org/springframework/context/config/spring-context-4.2.xsd
2016-02-03 20:35:50,421 TRACE   main [org.springframework.beans.factory.xml.PluggableSchemaResolver] Trying to resolve XML entity with public id [null] and system id [http://www.springframework.org/schema/tool/spring-tool-4.2.xsd]
2016-02-03 20:35:50,421 DEBUG   main [org.springframework.beans.factory.xml.PluggableSchemaResolver] Found XML schema [http://www.springframework.org/schema/tool/spring-tool-4.2.xsd] in classpath: org/springframework/beans/factory/xml/spring-tool-4.2.xsd
2016-02-03 20:35:50,434 TRACE   main [org.springframework.beans.factory.xml.PluggableSchemaResolver] Trying to resolve XML entity with public id [null] and system id [http://www.springframework.org/schema/ldap/spring-ldap.xsd]
2016-02-03 20:35:50,435 DEBUG   main [org.springframework.beans.factory.xml.PluggableSchemaResolver] Found XML schema [http://www.springframework.org/schema/ldap/spring-ldap.xsd] in classpath: org/springframework/ldap/config/spring-ldap-2.0.xsd
2016-02-03 20:35:50,452 TRACE   main [org.springframework.beans.factory.xml.PluggableSchemaResolver] Trying to resolve XML entity with public id [null] and system id [http://www.springframework.org/schema/data/repository/spring-repository.xsd]
2016-02-03 20:35:50,453 DEBUG   main [org.springframework.beans.factory.xml.PluggableSchemaResolver] Found XML schema [http://www.springframework.org/schema/data/repository/spring-repository.xsd] in classpath: org/springframework/data/repository/config/spring-repository-1.7.xsd
2016-02-03 20:35:50,480 DEBUG   main [org.springframework.beans.factory.xml.DefaultBeanDefinitionDocumentReader] Loading bean definitions
2016-02-03 20:35:50,503 DEBUG   main [org.springframework.beans.factory.xml.DefaultNamespaceHandlerResolver] Loaded NamespaceHandler mappings: {http://www.springframework.org/schema/p=org.springframework.beans.factory.xml.SimplePropertyNamespaceHandler, http://www.springframework.org/schema/util=org.springframework.beans.factory.xml.UtilNamespaceHandler, http://www.springframework.org/schema/jee=org.springframework.ejb.config.JeeNamespaceHandler, http://www.springframework.org/schema/aop=org.springframework.aop.config.AopNamespaceHandler, http://www.springframework.org/schema/data/repository=org.springframework.data.repository.config.RepositoryNameSpaceHandler, http://www.springframework.org/schema/cache=org.springframework.cache.config.CacheNamespaceHandler, http://www.springframework.org/schema/c=org.springframework.beans.factory.xml.SimpleConstructorNamespaceHandler, http://www.springframework.org/schema/ldap=org.springframework.ldap.config.LdapNamespaceHandler, http://www.springframework.org/schema/tx=org.springframework.transaction.config.TxNamespaceHandler, http://www.springframework.org/schema/task=org.springframework.scheduling.config.TaskNamespaceHandler, http://www.springframework.org/schema/lang=org.springframework.scripting.config.LangNamespaceHandler, http://www.springframework.org/schema/context=org.springframework.context.config.ContextNamespaceHandler}
2016-02-03 20:35:50,528 DEBUG   main [org.springframework.core.env.StandardEnvironment] Adding [systemProperties] PropertySource with lowest search precedence
2016-02-03 20:35:50,528 DEBUG   main [org.springframework.core.env.StandardEnvironment] Adding [systemEnvironment] PropertySource with lowest search precedence
2016-02-03 20:35:50,528 DEBUG   main [org.springframework.core.env.StandardEnvironment] Initialized StandardEnvironment with PropertySources [systemProperties,systemEnvironment]
2016-02-03 20:35:50,546 DEBUG   main [org.springframework.core.io.support.PathMatchingResourcePatternResolver] Looking for matching resources in directory tree [C:\Eclipse\workspace\spring-ldap-example\bin\ldap\advance\example]
2016-02-03 20:35:50,546 DEBUG   main [org.springframework.core.io.support.PathMatchingResourcePatternResolver] Searching directory [C:\Eclipse\workspace\spring-ldap-example\bin\ldap\advance\example] for files matching pattern [C:/Eclipse/workspace/spring-ldap-example/bin/ldap/advance/example/**/*.class]
2016-02-03 20:35:50,552 DEBUG   main [org.springframework.core.io.support.PathMatchingResourcePatternResolver] Searching directory [C:\Eclipse\workspace\spring-ldap-example\bin\ldap\advance\example\test] for files matching pattern [C:/Eclipse/workspace/spring-ldap-example/bin/ldap/advance/example/**/*.class]
2016-02-03 20:35:50,555 DEBUG   main [org.springframework.core.io.support.PathMatchingResourcePatternResolver] Resolved location pattern [classpath*:ldap/advance/example/**/*.class] to resources [file [C:\Eclipse\workspace\spring-ldap-example\bin\ldap\advance\example\test\LdapApp.class], file [C:\Eclipse\workspace\spring-ldap-example\bin\ldap\advance\example\User.class], file [C:\Eclipse\workspace\spring-ldap-example\bin\ldap\advance\example\UserRepositoryImpl$MultipleAttributesMapper.class], file [C:\Eclipse\workspace\spring-ldap-example\bin\ldap\advance\example\UserRepositoryImpl$SingleAttributesMapper.class], file [C:\Eclipse\workspace\spring-ldap-example\bin\ldap\advance\example\UserRepositoryImpl$UserAttributesMapper.class], file [C:\Eclipse\workspace\spring-ldap-example\bin\ldap\advance\example\UserRepositoryImpl.class], file [C:\Eclipse\workspace\spring-ldap-example\bin\ldap\advance\example\UserRepositoryIntf.class]]
2016-02-03 20:35:50,555 TRACE   main [org.springframework.context.annotation.ClassPathBeanDefinitionScanner] Scanning file [C:\Eclipse\workspace\spring-ldap-example\bin\ldap\advance\example\test\LdapApp.class]
2016-02-03 20:35:50,599 TRACE   main [org.springframework.context.annotation.ClassPathBeanDefinitionScanner] Ignored because not matching any filter: file [C:\Eclipse\workspace\spring-ldap-example\bin\ldap\advance\example\test\LdapApp.class]
2016-02-03 20:35:50,599 TRACE   main [org.springframework.context.annotation.ClassPathBeanDefinitionScanner] Scanning file [C:\Eclipse\workspace\spring-ldap-example\bin\ldap\advance\example\User.class]
2016-02-03 20:35:50,600 TRACE   main [org.springframework.context.annotation.ClassPathBeanDefinitionScanner] Ignored because not matching any filter: file [C:\Eclipse\workspace\spring-ldap-example\bin\ldap\advance\example\User.class]
2016-02-03 20:35:50,601 TRACE   main [org.springframework.context.annotation.ClassPathBeanDefinitionScanner] Scanning file [C:\Eclipse\workspace\spring-ldap-example\bin\ldap\advance\example\UserRepositoryImpl$MultipleAttributesMapper.class]
2016-02-03 20:35:50,602 TRACE   main [org.springframework.context.annotation.ClassPathBeanDefinitionScanner] Ignored because not matching any filter: file [C:\Eclipse\workspace\spring-ldap-example\bin\ldap\advance\example\UserRepositoryImpl$MultipleAttributesMapper.class]
2016-02-03 20:35:50,602 TRACE   main [org.springframework.context.annotation.ClassPathBeanDefinitionScanner] Scanning file [C:\Eclipse\workspace\spring-ldap-example\bin\ldap\advance\example\UserRepositoryImpl$SingleAttributesMapper.class]
2016-02-03 20:35:50,603 TRACE   main [org.springframework.context.annotation.ClassPathBeanDefinitionScanner] Ignored because not matching any filter: file [C:\Eclipse\workspace\spring-ldap-example\bin\ldap\advance\example\UserRepositoryImpl$SingleAttributesMapper.class]
2016-02-03 20:35:50,603 TRACE   main [org.springframework.context.annotation.ClassPathBeanDefinitionScanner] Scanning file [C:\Eclipse\workspace\spring-ldap-example\bin\ldap\advance\example\UserRepositoryImpl$UserAttributesMapper.class]
2016-02-03 20:35:50,604 TRACE   main [org.springframework.context.annotation.ClassPathBeanDefinitionScanner] Ignored because not matching any filter: file [C:\Eclipse\workspace\spring-ldap-example\bin\ldap\advance\example\UserRepositoryImpl$UserAttributesMapper.class]
2016-02-03 20:35:50,604 TRACE   main [org.springframework.context.annotation.ClassPathBeanDefinitionScanner] Scanning file [C:\Eclipse\workspace\spring-ldap-example\bin\ldap\advance\example\UserRepositoryImpl.class]
2016-02-03 20:35:50,630 DEBUG   main [org.springframework.context.annotation.ClassPathBeanDefinitionScanner] Identified candidate component class: file [C:\Eclipse\workspace\spring-ldap-example\bin\ldap\advance\example\UserRepositoryImpl.class]
2016-02-03 20:35:50,630 TRACE   main [org.springframework.context.annotation.ClassPathBeanDefinitionScanner] Scanning file [C:\Eclipse\workspace\spring-ldap-example\bin\ldap\advance\example\UserRepositoryIntf.class]
2016-02-03 20:35:50,631 TRACE   main [org.springframework.context.annotation.ClassPathBeanDefinitionScanner] Ignored because not matching any filter: file [C:\Eclipse\workspace\spring-ldap-example\bin\ldap\advance\example\UserRepositoryIntf.class]
2016-02-03 20:35:50,703 DEBUG   main [org.springframework.beans.factory.xml.XmlBeanDefinitionReader] Loaded 9 bean definitions from location pattern [spring-ldap-example.xml]
2016-02-03 20:35:50,704 DEBUG   main [org.springframework.context.support.ClassPathXmlApplicationContext] Bean factory for org.springframework.context.support.ClassPathXmlApplicationContext@60c4d1a7: org.springframework.beans.factory.support.DefaultListableBeanFactory@3f686e67: defining beans [userRepositoryImpl,org.springframework.context.annotation.internalConfigurationAnnotationProcessor,org.springframework.context.annotation.internalAutowiredAnnotationProcessor,org.springframework.context.annotation.internalRequiredAnnotationProcessor,org.springframework.context.annotation.internalCommonAnnotationProcessor,simpleDirContextAuthenticationStrategy,userReposImpl,contextSource,ldapTemplate]; root of factory hierarchy
2016-02-03 20:35:50,752 DEBUG   main [org.springframework.beans.factory.support.DefaultListableBeanFactory] Creating shared instance of singleton bean 'org.springframework.context.annotation.internalConfigurationAnnotationProcessor'
2016-02-03 20:35:50,752 DEBUG   main [org.springframework.beans.factory.support.DefaultListableBeanFactory] Creating instance of bean 'org.springframework.context.annotation.internalConfigurationAnnotationProcessor'
2016-02-03 20:35:50,773 DEBUG   main [org.springframework.beans.factory.support.DefaultListableBeanFactory] Eagerly caching bean 'org.springframework.context.annotation.internalConfigurationAnnotationProcessor' to allow for resolving potential circular references
2016-02-03 20:35:50,776 DEBUG   main [org.springframework.beans.factory.support.DefaultListableBeanFactory] Finished creating instance of bean 'org.springframework.context.annotation.internalConfigurationAnnotationProcessor'
2016-02-03 20:35:50,826 DEBUG   main [org.springframework.beans.factory.support.DefaultListableBeanFactory] Creating shared instance of singleton bean 'org.springframework.context.annotation.internalAutowiredAnnotationProcessor'
2016-02-03 20:35:50,826 DEBUG   main [org.springframework.beans.factory.support.DefaultListableBeanFactory] Creating instance of bean 'org.springframework.context.annotation.internalAutowiredAnnotationProcessor'
2016-02-03 20:35:50,827 DEBUG   main [org.springframework.beans.factory.support.DefaultListableBeanFactory] Eagerly caching bean 'org.springframework.context.annotation.internalAutowiredAnnotationProcessor' to allow for resolving potential circular references
2016-02-03 20:35:50,828 DEBUG   main [org.springframework.beans.factory.support.DefaultListableBeanFactory] Finished creating instance of bean 'org.springframework.context.annotation.internalAutowiredAnnotationProcessor'
2016-02-03 20:35:50,828 DEBUG   main [org.springframework.beans.factory.support.DefaultListableBeanFactory] Creating shared instance of singleton bean 'org.springframework.context.annotation.internalRequiredAnnotationProcessor'
2016-02-03 20:35:50,828 DEBUG   main [org.springframework.beans.factory.support.DefaultListableBeanFactory] Creating instance of bean 'org.springframework.context.annotation.internalRequiredAnnotationProcessor'
2016-02-03 20:35:50,828 DEBUG   main [org.springframework.beans.factory.support.DefaultListableBeanFactory] Eagerly caching bean 'org.springframework.context.annotation.internalRequiredAnnotationProcessor' to allow for resolving potential circular references
2016-02-03 20:35:50,829 DEBUG   main [org.springframework.beans.factory.support.DefaultListableBeanFactory] Finished creating instance of bean 'org.springframework.context.annotation.internalRequiredAnnotationProcessor'
2016-02-03 20:35:50,829 DEBUG   main [org.springframework.beans.factory.support.DefaultListableBeanFactory] Creating shared instance of singleton bean 'org.springframework.context.annotation.internalCommonAnnotationProcessor'
2016-02-03 20:35:50,829 DEBUG   main [org.springframework.beans.factory.support.DefaultListableBeanFactory] Creating instance of bean 'org.springframework.context.annotation.internalCommonAnnotationProcessor'
2016-02-03 20:35:50,838 DEBUG   main [org.springframework.beans.factory.support.DefaultListableBeanFactory] Eagerly caching bean 'org.springframework.context.annotation.internalCommonAnnotationProcessor' to allow for resolving potential circular references
2016-02-03 20:35:50,839 DEBUG   main [org.springframework.beans.factory.support.DefaultListableBeanFactory] Finished creating instance of bean 'org.springframework.context.annotation.internalCommonAnnotationProcessor'
2016-02-03 20:35:50,839 DEBUG   main [org.springframework.beans.factory.support.DefaultListableBeanFactory] Creating shared instance of singleton bean 'org.springframework.context.annotation.ConfigurationClassPostProcessor.importAwareProcessor'
2016-02-03 20:35:50,839 DEBUG   main [org.springframework.beans.factory.support.DefaultListableBeanFactory] Creating instance of bean 'org.springframework.context.annotation.ConfigurationClassPostProcessor.importAwareProcessor'
2016-02-03 20:35:50,839 DEBUG   main [org.springframework.beans.factory.support.DefaultListableBeanFactory] Eagerly caching bean 'org.springframework.context.annotation.ConfigurationClassPostProcessor.importAwareProcessor' to allow for resolving potential circular references
2016-02-03 20:35:50,839 DEBUG   main [org.springframework.beans.factory.support.DefaultListableBeanFactory] Finished creating instance of bean 'org.springframework.context.annotation.ConfigurationClassPostProcessor.importAwareProcessor'
2016-02-03 20:35:50,840 DEBUG   main [org.springframework.beans.factory.support.DefaultListableBeanFactory] Creating shared instance of singleton bean 'org.springframework.context.annotation.ConfigurationClassPostProcessor.enhancedConfigurationProcessor'
2016-02-03 20:35:50,840 DEBUG   main [org.springframework.beans.factory.support.DefaultListableBeanFactory] Creating instance of bean 'org.springframework.context.annotation.ConfigurationClassPostProcessor.enhancedConfigurationProcessor'
2016-02-03 20:35:50,840 DEBUG   main [org.springframework.beans.factory.support.DefaultListableBeanFactory] Eagerly caching bean 'org.springframework.context.annotation.ConfigurationClassPostProcessor.enhancedConfigurationProcessor' to allow for resolving potential circular references
2016-02-03 20:35:50,840 DEBUG   main [org.springframework.beans.factory.support.DefaultListableBeanFactory] Finished creating instance of bean 'org.springframework.context.annotation.ConfigurationClassPostProcessor.enhancedConfigurationProcessor'
2016-02-03 20:35:50,844 DEBUG   main [org.springframework.context.support.ClassPathXmlApplicationContext] Unable to locate MessageSource with name 'messageSource': using default [org.springframework.context.support.DelegatingMessageSource@668093e6]
2016-02-03 20:35:50,850 DEBUG   main [org.springframework.context.support.ClassPathXmlApplicationContext] Unable to locate ApplicationEventMulticaster with name 'applicationEventMulticaster': using default [org.springframework.context.event.SimpleApplicationEventMulticaster@cf26800]
2016-02-03 20:35:50,853 DEBUG   main [org.springframework.beans.factory.support.DefaultListableBeanFactory] Pre-instantiating singletons in org.springframework.beans.factory.support.DefaultListableBeanFactory@3f686e67: defining beans [userRepositoryImpl,org.springframework.context.annotation.internalConfigurationAnnotationProcessor,org.springframework.context.annotation.internalAutowiredAnnotationProcessor,org.springframework.context.annotation.internalRequiredAnnotationProcessor,org.springframework.context.annotation.internalCommonAnnotationProcessor,simpleDirContextAuthenticationStrategy,userReposImpl,contextSource,ldapTemplate,org.springframework.context.annotation.ConfigurationClassPostProcessor.importAwareProcessor,org.springframework.context.annotation.ConfigurationClassPostProcessor.enhancedConfigurationProcessor]; root of factory hierarchy
2016-02-03 20:35:50,853 DEBUG   main [org.springframework.beans.factory.support.DefaultListableBeanFactory] Creating shared instance of singleton bean 'userRepositoryImpl'
2016-02-03 20:35:50,853 DEBUG   main [org.springframework.beans.factory.support.DefaultListableBeanFactory] Creating instance of bean 'userRepositoryImpl'
2016-02-03 20:35:50,884 DEBUG   main [org.springframework.beans.factory.annotation.InjectionMetadata] Registered injected element on class [ldap.advance.example.UserRepositoryImpl]: AutowiredFieldElement for private org.springframework.ldap.core.LdapTemplate ldap.advance.example.UserRepositoryImpl.ldapTemplate
2016-02-03 20:35:50,884 DEBUG   main [org.springframework.beans.factory.support.DefaultListableBeanFactory] Eagerly caching bean 'userRepositoryImpl' to allow for resolving potential circular references
2016-02-03 20:35:50,895 TRACE   main [org.springframework.core.io.support.SpringFactoriesLoader] Loaded [org.springframework.beans.BeanInfoFactory] names: [org.springframework.beans.ExtendedBeanInfoFactory]
2016-02-03 20:35:50,896 TRACE   main [org.springframework.beans.CachedIntrospectionResults] Getting BeanInfo for class [ldap.advance.example.UserRepositoryImpl]
2016-02-03 20:35:50,916 TRACE   main [org.springframework.beans.CachedIntrospectionResults] Caching PropertyDescriptors for class [ldap.advance.example.UserRepositoryImpl]
2016-02-03 20:35:50,917 TRACE   main [org.springframework.beans.CachedIntrospectionResults] Found bean property 'allUserNames' of type [java.util.List]
2016-02-03 20:35:50,922 TRACE   main [org.springframework.beans.CachedIntrospectionResults] Found bean property 'allUsers' of type [java.util.List]
2016-02-03 20:35:50,922 TRACE   main [org.springframework.beans.CachedIntrospectionResults] Found bean property 'class' of type [java.lang.Class]
2016-02-03 20:35:50,928 DEBUG   main [org.springframework.beans.factory.annotation.InjectionMetadata] Processing injected element of bean 'userRepositoryImpl': AutowiredFieldElement for private org.springframework.ldap.core.LdapTemplate ldap.advance.example.UserRepositoryImpl.ldapTemplate
2016-02-03 20:35:50,934 DEBUG   main [org.springframework.beans.factory.support.DefaultListableBeanFactory] Creating shared instance of singleton bean 'ldapTemplate'
2016-02-03 20:35:50,935 DEBUG   main [org.springframework.beans.factory.support.DefaultListableBeanFactory] Creating instance of bean 'ldapTemplate'
2016-02-03 20:35:50,958 DEBUG   main [org.springframework.beans.factory.support.DefaultListableBeanFactory] Eagerly caching bean 'ldapTemplate' to allow for resolving potential circular references
2016-02-03 20:35:50,958 TRACE   main [org.springframework.beans.CachedIntrospectionResults] Getting BeanInfo for class [org.springframework.ldap.core.LdapTemplate]
2016-02-03 20:35:50,980 TRACE   main [org.springframework.beans.CachedIntrospectionResults] Caching PropertyDescriptors for class [org.springframework.ldap.core.LdapTemplate]
2016-02-03 20:35:50,984 TRACE   main [org.springframework.beans.CachedIntrospectionResults] Found bean property 'class' of type [java.lang.Class]
2016-02-03 20:35:50,984 TRACE   main [org.springframework.beans.CachedIntrospectionResults] Found bean property 'contextSource' of type [org.springframework.ldap.core.ContextSource]
2016-02-03 20:35:50,985 TRACE   main [org.springframework.beans.CachedIntrospectionResults] Found bean property 'defaultCountLimit' of type [int]
2016-02-03 20:35:50,985 TRACE   main [org.springframework.beans.CachedIntrospectionResults] Found bean property 'defaultSearchScope' of type [int]
2016-02-03 20:35:50,986 TRACE   main [org.springframework.beans.CachedIntrospectionResults] Found bean property 'defaultTimeLimit' of type [int]
2016-02-03 20:35:50,986 TRACE   main [org.springframework.beans.CachedIntrospectionResults] Found bean property 'ignoreNameNotFoundException' of type [boolean]
2016-02-03 20:35:50,986 TRACE   main [org.springframework.beans.CachedIntrospectionResults] Found bean property 'ignorePartialResultException' of type [boolean]
2016-02-03 20:35:50,987 TRACE   main [org.springframework.beans.CachedIntrospectionResults] Found bean property 'ignoreSizeLimitExceededException' of type [boolean]
2016-02-03 20:35:50,987 TRACE   main [org.springframework.beans.CachedIntrospectionResults] Found bean property 'objectDirectoryMapper' of type [org.springframework.ldap.odm.core.ObjectDirectoryMapper]
2016-02-03 20:35:50,992 DEBUG   main [org.springframework.beans.factory.support.DefaultListableBeanFactory] Creating shared instance of singleton bean 'contextSource'
2016-02-03 20:35:50,992 DEBUG   main [org.springframework.beans.factory.support.DefaultListableBeanFactory] Creating instance of bean 'contextSource'
2016-02-03 20:35:51,003 DEBUG   main [org.springframework.beans.factory.support.DefaultListableBeanFactory] Creating instance of bean '(inner bean)#612440c9'
2016-02-03 20:35:51,028 TRACE   main [org.springframework.beans.CachedIntrospectionResults] Getting BeanInfo for class [org.springframework.ldap.core.support.LdapContextSource]
2016-02-03 20:35:51,035 TRACE   main [org.springframework.beans.CachedIntrospectionResults] Caching PropertyDescriptors for class [org.springframework.ldap.core.support.LdapContextSource]
2016-02-03 20:35:51,035 TRACE   main [org.springframework.beans.CachedIntrospectionResults] Found bean property 'anonymousReadOnly' of type [boolean]
2016-02-03 20:35:51,035 TRACE   main [org.springframework.beans.CachedIntrospectionResults] Found bean property 'authenticationSource' of type [org.springframework.ldap.core.AuthenticationSource]
2016-02-03 20:35:51,036 TRACE   main [org.springframework.beans.CachedIntrospectionResults] Found bean property 'authenticationStrategy' of type [org.springframework.ldap.core.support.DirContextAuthenticationStrategy]
2016-02-03 20:35:51,036 TRACE   main [org.springframework.beans.CachedIntrospectionResults] Found bean property 'base' of type [java.lang.String]
2016-02-03 20:35:51,036 TRACE   main [org.springframework.beans.CachedIntrospectionResults] Found bean property 'baseEnvironmentProperties' of type [java.util.Map]
2016-02-03 20:35:51,036 TRACE   main [org.springframework.beans.CachedIntrospectionResults] Found bean property 'baseLdapName' of type [javax.naming.ldap.LdapName]
2016-02-03 20:35:51,036 TRACE   main [org.springframework.beans.CachedIntrospectionResults] Found bean property 'baseLdapPath' of type [org.springframework.ldap.core.DistinguishedName]
2016-02-03 20:35:51,036 TRACE   main [org.springframework.beans.CachedIntrospectionResults] Found bean property 'baseLdapPathAsString' of type [java.lang.String]
2016-02-03 20:35:51,036 TRACE   main [org.springframework.beans.CachedIntrospectionResults] Found bean property 'cacheEnvironmentProperties' of type [boolean]
2016-02-03 20:35:51,037 TRACE   main [org.springframework.beans.CachedIntrospectionResults] Found bean property 'class' of type [java.lang.Class]
2016-02-03 20:35:51,037 TRACE   main [org.springframework.beans.CachedIntrospectionResults] Found bean property 'contextFactory' of type [java.lang.Class]
2016-02-03 20:35:51,037 TRACE   main [org.springframework.beans.CachedIntrospectionResults] Found bean property 'dirObjectFactory' of type [java.lang.Class]
2016-02-03 20:35:51,037 TRACE   main [org.springframework.beans.CachedIntrospectionResults] Found bean property 'password' of type [java.lang.String]
2016-02-03 20:35:51,037 TRACE   main [org.springframework.beans.CachedIntrospectionResults] Found bean property 'pooled' of type [boolean]
2016-02-03 20:35:51,037 TRACE   main [org.springframework.beans.CachedIntrospectionResults] Found bean property 'readOnlyContext' of type [javax.naming.directory.DirContext]
2016-02-03 20:35:51,038 TRACE   main [org.springframework.beans.CachedIntrospectionResults] Found bean property 'readWriteContext' of type [javax.naming.directory.DirContext]
2016-02-03 20:35:51,038 TRACE   main [org.springframework.beans.CachedIntrospectionResults] Found bean property 'referral' of type [java.lang.String]
2016-02-03 20:35:51,038 TRACE   main [org.springframework.beans.CachedIntrospectionResults] Found bean property 'url' of type [java.lang.String]
2016-02-03 20:35:51,038 TRACE   main [org.springframework.beans.CachedIntrospectionResults] Found bean property 'urls' of type [[Ljava.lang.String;]
2016-02-03 20:35:51,038 TRACE   main [org.springframework.beans.CachedIntrospectionResults] Found bean property 'userDn' of type [java.lang.String]
2016-02-03 20:35:51,045 DEBUG   main [org.springframework.beans.factory.support.DefaultListableBeanFactory] Creating instance of bean '(inner bean)#42b18df5'
2016-02-03 20:35:51,053 TRACE   main [org.springframework.beans.CachedIntrospectionResults] Getting BeanInfo for class [[Ljava.lang.String;]
2016-02-03 20:35:51,054 TRACE   main [org.springframework.beans.CachedIntrospectionResults] Caching PropertyDescriptors for class [[Ljava.lang.String;]
2016-02-03 20:35:51,054 TRACE   main [org.springframework.beans.CachedIntrospectionResults] Found bean property 'class' of type [java.lang.Class]
2016-02-03 20:35:51,056 DEBUG   main [org.springframework.beans.factory.support.DefaultListableBeanFactory] Finished creating instance of bean '(inner bean)#42b18df5'
2016-02-03 20:35:51,057 DEBUG   main [org.springframework.beans.factory.support.DefaultListableBeanFactory] Creating shared instance of singleton bean 'simpleDirContextAuthenticationStrategy'
2016-02-03 20:35:51,058 DEBUG   main [org.springframework.beans.factory.support.DefaultListableBeanFactory] Creating instance of bean 'simpleDirContextAuthenticationStrategy'
2016-02-03 20:35:51,058 DEBUG   main [org.springframework.beans.factory.support.DefaultListableBeanFactory] Eagerly caching bean 'simpleDirContextAuthenticationStrategy' to allow for resolving potential circular references
2016-02-03 20:35:51,059 TRACE   main [org.springframework.beans.CachedIntrospectionResults] Getting BeanInfo for class [org.springframework.ldap.core.support.SimpleDirContextAuthenticationStrategy]
2016-02-03 20:35:51,061 TRACE   main [org.springframework.beans.CachedIntrospectionResults] Caching PropertyDescriptors for class [org.springframework.ldap.core.support.SimpleDirContextAuthenticationStrategy]
2016-02-03 20:35:51,061 TRACE   main [org.springframework.beans.CachedIntrospectionResults] Found bean property 'class' of type [java.lang.Class]
2016-02-03 20:35:51,062 DEBUG   main [org.springframework.beans.factory.support.DefaultListableBeanFactory] Finished creating instance of bean 'simpleDirContextAuthenticationStrategy'
2016-02-03 20:35:51,065 DEBUG   main [org.springframework.beans.factory.support.DefaultListableBeanFactory] Invoking afterPropertiesSet() on bean with name '(inner bean)#612440c9'
2016-02-03 20:35:51,071 DEBUG   main [org.springframework.beans.factory.support.DefaultListableBeanFactory] Finished creating instance of bean '(inner bean)#612440c9'
2016-02-03 20:35:51,076 DEBUG   main [org.springframework.beans.factory.support.DefaultListableBeanFactory] Eagerly caching bean 'contextSource' to allow for resolving potential circular references
2016-02-03 20:35:51,077 TRACE   main [org.springframework.beans.CachedIntrospectionResults] Getting BeanInfo for class [org.springframework.ldap.transaction.compensating.manager.TransactionAwareContextSourceProxy]
2016-02-03 20:35:51,080 TRACE   main [org.springframework.beans.CachedIntrospectionResults] Caching PropertyDescriptors for class [org.springframework.ldap.transaction.compensating.manager.TransactionAwareContextSourceProxy]
2016-02-03 20:35:51,080 TRACE   main [org.springframework.beans.CachedIntrospectionResults] Found bean property 'baseLdapName' of type [javax.naming.ldap.LdapName]
2016-02-03 20:35:51,080 TRACE   main [org.springframework.beans.CachedIntrospectionResults] Found bean property 'baseLdapPath' of type [org.springframework.ldap.core.DistinguishedName]
2016-02-03 20:35:51,080 TRACE   main [org.springframework.beans.CachedIntrospectionResults] Found bean property 'baseLdapPathAsString' of type [java.lang.String]
2016-02-03 20:35:51,080 TRACE   main [org.springframework.beans.CachedIntrospectionResults] Found bean property 'class' of type [java.lang.Class]
2016-02-03 20:35:51,081 TRACE   main [org.springframework.beans.CachedIntrospectionResults] Found bean property 'readOnlyContext' of type [javax.naming.directory.DirContext]
2016-02-03 20:35:51,082 TRACE   main [org.springframework.beans.CachedIntrospectionResults] Found bean property 'readWriteContext' of type [javax.naming.directory.DirContext]
2016-02-03 20:35:51,082 TRACE   main [org.springframework.beans.CachedIntrospectionResults] Found bean property 'target' of type [org.springframework.ldap.core.ContextSource]
2016-02-03 20:35:51,082 DEBUG   main [org.springframework.beans.factory.support.DefaultListableBeanFactory] Finished creating instance of bean 'contextSource'
2016-02-03 20:35:51,091 DEBUG   main [org.springframework.beans.factory.support.DefaultListableBeanFactory] Invoking afterPropertiesSet() on bean with name 'ldapTemplate'
2016-02-03 20:35:51,091 DEBUG   main [org.springframework.beans.factory.support.DefaultListableBeanFactory] Finished creating instance of bean 'ldapTemplate'
2016-02-03 20:35:51,091 DEBUG   main [org.springframework.beans.factory.annotation.AutowiredAnnotationBeanPostProcessor] Autowiring by type from bean name 'userRepositoryImpl' to bean named 'ldapTemplate'
2016-02-03 20:35:51,092 DEBUG   main [org.springframework.beans.factory.support.DefaultListableBeanFactory] Finished creating instance of bean 'userRepositoryImpl'
2016-02-03 20:35:51,092 DEBUG   main [org.springframework.beans.factory.support.DefaultListableBeanFactory] Returning cached instance of singleton bean 'org.springframework.context.annotation.internalConfigurationAnnotationProcessor'
2016-02-03 20:35:51,092 DEBUG   main [org.springframework.beans.factory.support.DefaultListableBeanFactory] Returning cached instance of singleton bean 'org.springframework.context.annotation.internalAutowiredAnnotationProcessor'
2016-02-03 20:35:51,092 DEBUG   main [org.springframework.beans.factory.support.DefaultListableBeanFactory] Returning cached instance of singleton bean 'org.springframework.context.annotation.internalRequiredAnnotationProcessor'
2016-02-03 20:35:51,092 DEBUG   main [org.springframework.beans.factory.support.DefaultListableBeanFactory] Returning cached instance of singleton bean 'org.springframework.context.annotation.internalCommonAnnotationProcessor'
2016-02-03 20:35:51,092 DEBUG   main [org.springframework.beans.factory.support.DefaultListableBeanFactory] Returning cached instance of singleton bean 'simpleDirContextAuthenticationStrategy'
2016-02-03 20:35:51,092 DEBUG   main [org.springframework.beans.factory.support.DefaultListableBeanFactory] Creating shared instance of singleton bean 'userReposImpl'
2016-02-03 20:35:51,092 DEBUG   main [org.springframework.beans.factory.support.DefaultListableBeanFactory] Creating instance of bean 'userReposImpl'
2016-02-03 20:35:51,093 DEBUG   main [org.springframework.beans.factory.annotation.InjectionMetadata] Registered injected element on class [ldap.advance.example.UserRepositoryImpl]: AutowiredFieldElement for private org.springframework.ldap.core.LdapTemplate ldap.advance.example.UserRepositoryImpl.ldapTemplate
2016-02-03 20:35:51,093 DEBUG   main [org.springframework.beans.factory.support.DefaultListableBeanFactory] Eagerly caching bean 'userReposImpl' to allow for resolving potential circular references
2016-02-03 20:35:51,093 DEBUG   main [org.springframework.beans.factory.annotation.InjectionMetadata] Processing injected element of bean 'userReposImpl': AutowiredFieldElement for private org.springframework.ldap.core.LdapTemplate ldap.advance.example.UserRepositoryImpl.ldapTemplate
2016-02-03 20:35:51,094 DEBUG   main [org.springframework.beans.factory.support.DefaultListableBeanFactory] Returning cached instance of singleton bean 'ldapTemplate'
2016-02-03 20:35:51,094 DEBUG   main [org.springframework.beans.factory.annotation.AutowiredAnnotationBeanPostProcessor] Autowiring by type from bean name 'userReposImpl' to bean named 'ldapTemplate'
2016-02-03 20:35:51,094 DEBUG   main [org.springframework.beans.factory.support.DefaultListableBeanFactory] Finished creating instance of bean 'userReposImpl'
2016-02-03 20:35:51,094 DEBUG   main [org.springframework.beans.factory.support.DefaultListableBeanFactory] Returning cached instance of singleton bean 'contextSource'
2016-02-03 20:35:51,094 DEBUG   main [org.springframework.beans.factory.support.DefaultListableBeanFactory] Returning cached instance of singleton bean 'ldapTemplate'
2016-02-03 20:35:51,094 DEBUG   main [org.springframework.beans.factory.support.DefaultListableBeanFactory] Returning cached instance of singleton bean 'org.springframework.context.annotation.ConfigurationClassPostProcessor.importAwareProcessor'
2016-02-03 20:35:51,094 DEBUG   main [org.springframework.beans.factory.support.DefaultListableBeanFactory] Returning cached instance of singleton bean 'org.springframework.context.annotation.ConfigurationClassPostProcessor.enhancedConfigurationProcessor'
2016-02-03 20:35:51,096 DEBUG   main [org.springframework.context.support.ClassPathXmlApplicationContext] Unable to locate LifecycleProcessor with name 'lifecycleProcessor': using default [org.springframework.context.support.DefaultLifecycleProcessor@797ff11f]
2016-02-03 20:35:51,096 DEBUG   main [org.springframework.beans.factory.support.DefaultListableBeanFactory] Returning cached instance of singleton bean 'lifecycleProcessor'
2016-02-03 20:35:51,099 TRACE   main [org.springframework.context.support.ClassPathXmlApplicationContext] Publishing event in org.springframework.context.support.ClassPathXmlApplicationContext@60c4d1a7: org.springframework.context.event.ContextRefreshedEvent[source=org.springframework.context.support.ClassPathXmlApplicationContext@60c4d1a7: startup date [Wed Feb 03 20:35:50 EST 2016]; root of context hierarchy]
2016-02-03 20:35:51,105 TRACE   main [org.springframework.core.env.PropertySourcesPropertyResolver] getProperty("spring.liveBeansView.mbeanDomain", String)
2016-02-03 20:35:51,105 DEBUG   main [org.springframework.core.env.PropertySourcesPropertyResolver] Searching for key 'spring.liveBeansView.mbeanDomain' in [systemProperties]
2016-02-03 20:35:51,106 DEBUG   main [org.springframework.core.env.PropertySourcesPropertyResolver] Searching for key 'spring.liveBeansView.mbeanDomain' in [systemEnvironment]
2016-02-03 20:35:51,107 DEBUG   main [org.springframework.core.env.PropertySourcesPropertyResolver] Could not find key 'spring.liveBeansView.mbeanDomain' in any property source. Returning [null]
2016-02-03 20:35:51,107 INFO   main [ldap.advance.example.test.LdapApp] Test started at Wed Feb 03 20:35:50 EST 2016
2016-02-03 20:35:51,107 DEBUG   main [org.springframework.beans.factory.support.DefaultListableBeanFactory] Returning cached instance of singleton bean 'userReposImpl'
2016-02-03 20:35:51,107 INFO   main [ldap.advance.example.UserRepositoryImpl] executing {createUser}
2016-02-03 20:36:34,944 DEBUG   main [org.springframework.core.env.StandardEnvironment] Adding [systemProperties] PropertySource with lowest search precedence
2016-02-03 20:36:34,953 DEBUG   main [org.springframework.core.env.StandardEnvironment] Adding [systemEnvironment] PropertySource with lowest search precedence
2016-02-03 20:36:34,954 DEBUG   main [org.springframework.core.env.StandardEnvironment] Initialized StandardEnvironment with PropertySources [systemProperties,systemEnvironment]
2016-02-03 20:36:34,966 INFO   main [org.springframework.context.support.ClassPathXmlApplicationContext] Refreshing org.springframework.context.support.ClassPathXmlApplicationContext@3eed2cab: startup date [Wed Feb 03 20:36:34 EST 2016]; root of context hierarchy
2016-02-03 20:36:35,032 DEBUG   main [org.springframework.core.env.StandardEnvironment] Adding [systemProperties] PropertySource with lowest search precedence
2016-02-03 20:36:35,033 DEBUG   main [org.springframework.core.env.StandardEnvironment] Adding [systemEnvironment] PropertySource with lowest search precedence
2016-02-03 20:36:35,033 DEBUG   main [org.springframework.core.env.StandardEnvironment] Initialized StandardEnvironment with PropertySources [systemProperties,systemEnvironment]
2016-02-03 20:36:35,058 INFO   main [org.springframework.beans.factory.xml.XmlBeanDefinitionReader] Loading XML bean definitions from class path resource [spring-ldap-example.xml]
2016-02-03 20:36:35,062 DEBUG   main [org.springframework.beans.factory.xml.DefaultDocumentLoader] Using JAXP provider [com.sun.org.apache.xerces.internal.jaxp.DocumentBuilderFactoryImpl]
2016-02-03 20:36:35,106 TRACE   main [org.springframework.beans.factory.xml.PluggableSchemaResolver] Trying to resolve XML entity with public id [null] and system id [http://www.springframework.org/schema/beans/spring-beans.xsd]
2016-02-03 20:36:35,106 DEBUG   main [org.springframework.beans.factory.xml.PluggableSchemaResolver] Loading schema mappings from [META-INF/spring.schemas]
2016-02-03 20:36:35,129 DEBUG   main [org.springframework.beans.factory.xml.PluggableSchemaResolver] Loaded schema mappings: {http://www.springframework.org/schema/tx/spring-tx-2.5.xsd=org/springframework/transaction/config/spring-tx-2.5.xsd, http://www.springframework.org/schema/cache/spring-cache-4.2.xsd=org/springframework/cache/config/spring-cache-4.2.xsd, http://www.springframework.org/schema/aop/spring-aop-4.1.xsd=org/springframework/aop/config/spring-aop-4.1.xsd, http://www.springframework.org/schema/context/spring-context-3.1.xsd=org/springframework/context/config/spring-context-3.1.xsd, http://www.springframework.org/schema/data/repository/spring-repository-1.4.xsd=org/springframework/data/repository/config/spring-repository-1.4.xsd, http://www.springframework.org/schema/util/spring-util-3.0.xsd=org/springframework/beans/factory/xml/spring-util-3.0.xsd, http://www.springframework.org/schema/tool/spring-tool.xsd=org/springframework/beans/factory/xml/spring-tool-4.2.xsd, http://www.springframework.org/schema/aop/spring-aop-3.2.xsd=org/springframework/aop/config/spring-aop-3.2.xsd, http://www.springframework.org/schema/lang/spring-lang-4.1.xsd=org/springframework/scripting/config/spring-lang-4.1.xsd, http://www.springframework.org/schema/context/spring-context-4.0.xsd=org/springframework/context/config/spring-context-4.0.xsd, http://www.springframework.org/schema/beans/spring-beans-4.2.xsd=org/springframework/beans/factory/xml/spring-beans-4.2.xsd, http://www.springframework.org/schema/tool/spring-tool-4.1.xsd=org/springframework/beans/factory/xml/spring-tool-4.1.xsd, http://www.springframework.org/schema/lang/spring-lang-3.2.xsd=org/springframework/scripting/config/spring-lang-3.2.xsd, http://www.springframework.org/schema/cache/spring-cache-3.2.xsd=org/springframework/cache/config/spring-cache-3.2.xsd, http://www.springframework.org/schema/jee/spring-jee-4.1.xsd=org/springframework/ejb/config/spring-jee-4.1.xsd, http://www.springframework.org/schema/task/spring-task-4.2.xsd=org/springframework/scheduling/config/spring-task-4.2.xsd, http://www.springframework.org/schema/util/spring-util-2.0.xsd=org/springframework/beans/factory/xml/spring-util-2.0.xsd, http://www.springframework.org/schema/tool/spring-tool-3.2.xsd=org/springframework/beans/factory/xml/spring-tool-3.2.xsd, http://www.springframework.org/schema/context/spring-context.xsd=org/springframework/context/config/spring-context-4.2.xsd, http://www.springframework.org/schema/tx/spring-tx-4.2.xsd=org/springframework/transaction/config/spring-tx-4.2.xsd, http://www.springframework.org/schema/cache/spring-cache-4.1.xsd=org/springframework/cache/config/spring-cache-4.1.xsd, http://www.springframework.org/schema/aop/spring-aop-4.0.xsd=org/springframework/aop/config/spring-aop-4.0.xsd, http://www.springframework.org/schema/jee/spring-jee-3.2.xsd=org/springframework/ejb/config/spring-jee-3.2.xsd, http://www.springframework.org/schema/context/spring-context-3.0.xsd=org/springframework/context/config/spring-context-3.0.xsd, http://www.springframework.org/schema/util/spring-util-2.5.xsd=org/springframework/beans/factory/xml/spring-util-2.5.xsd, http://www.springframework.org/schema/beans/spring-beans-3.2.xsd=org/springframework/beans/factory/xml/spring-beans-3.2.xsd, http://www.springframework.org/schema/aop/spring-aop-3.1.xsd=org/springframework/aop/config/spring-aop-3.1.xsd, http://www.springframework.org/schema/ldap/spring-ldap-2.0.xsd=org/springframework/ldap/config/spring-ldap-2.0.xsd, http://www.springframework.org/schema/lang/spring-lang-4.0.xsd=org/springframework/scripting/config/spring-lang-4.0.xsd, http://www.springframework.org/schema/beans/spring-beans-4.1.xsd=org/springframework/beans/factory/xml/spring-beans-4.1.xsd, http://www.springframework.org/schema/tool/spring-tool-4.0.xsd=org/springframework/beans/factory/xml/spring-tool-4.0.xsd, http://www.springframework.org/schema/tx/spring-tx-3.2.xsd=org/springframework/transaction/config/spring-tx-3.2.xsd, http://www.springframework.org/schema/lang/spring-lang-3.1.xsd=org/springframework/scripting/config/spring-lang-3.1.xsd, http://www.springframework.org/schema/cache/spring-cache-3.1.xsd=org/springframework/cache/config/spring-cache-3.1.xsd, http://www.springframework.org/schema/jee/spring-jee-4.0.xsd=org/springframework/ejb/config/spring-jee-4.0.xsd, http://www.springframework.org/schema/task/spring-task-4.1.xsd=org/springframework/scheduling/config/spring-task-4.1.xsd, http://www.springframework.org/schema/tool/spring-tool-3.1.xsd=org/springframework/beans/factory/xml/spring-tool-3.1.xsd, http://www.springframework.org/schema/tx/spring-tx-4.1.xsd=org/springframework/transaction/config/spring-tx-4.1.xsd, http://www.springframework.org/schema/cache/spring-cache-4.0.xsd=org/springframework/cache/config/spring-cache-4.0.xsd, http://www.springframework.org/schema/jee/spring-jee-3.1.xsd=org/springframework/ejb/config/spring-jee-3.1.xsd, http://www.springframework.org/schema/task/spring-task-3.2.xsd=org/springframework/scheduling/config/spring-task-3.2.xsd, http://www.springframework.org/schema/util/spring-util-4.2.xsd=org/springframework/beans/factory/xml/spring-util-4.2.xsd, http://www.springframework.org/schema/beans/spring-beans-3.1.xsd=org/springframework/beans/factory/xml/spring-beans-3.1.xsd, http://www.springframework.org/schema/util/spring-util.xsd=org/springframework/beans/factory/xml/spring-util-4.2.xsd, http://www.springframework.org/schema/aop/spring-aop-3.0.xsd=org/springframework/aop/config/spring-aop-3.0.xsd, http://www.springframework.org/schema/data/repository/spring-repository.xsd=org/springframework/data/repository/config/spring-repository-1.7.xsd, http://www.springframework.org/schema/data/repository/spring-repository-1.7.xsd=org/springframework/data/repository/config/spring-repository-1.7.xsd, http://www.springframework.org/schema/ldap/spring-ldap.xsd=org/springframework/ldap/config/spring-ldap-2.0.xsd, http://www.springframework.org/schema/beans/spring-beans-4.0.xsd=org/springframework/beans/factory/xml/spring-beans-4.0.xsd, http://www.springframework.org/schema/beans/spring-beans.xsd=org/springframework/beans/factory/xml/spring-beans-4.2.xsd, http://www.springframework.org/schema/tx/spring-tx-3.1.xsd=org/springframework/transaction/config/spring-tx-3.1.xsd, http://www.springframework.org/schema/lang/spring-lang-3.0.xsd=org/springframework/scripting/config/spring-lang-3.0.xsd, http://www.springframework.org/schema/context/spring-context-2.5.xsd=org/springframework/context/config/spring-context-2.5.xsd, http://www.springframework.org/schema/task/spring-task-4.0.xsd=org/springframework/scheduling/config/spring-task-4.0.xsd, http://www.springframework.org/schema/tool/spring-tool-3.0.xsd=org/springframework/beans/factory/xml/spring-tool-3.0.xsd, http://www.springframework.org/schema/tx/spring-tx-4.0.xsd=org/springframework/transaction/config/spring-tx-4.0.xsd, http://www.springframework.org/schema/aop/spring-aop-2.0.xsd=org/springframework/aop/config/spring-aop-2.0.xsd, http://www.springframework.org/schema/jee/spring-jee-3.0.xsd=org/springframework/ejb/config/spring-jee-3.0.xsd, http://www.springframework.org/schema/util/spring-util-4.1.xsd=org/springframework/beans/factory/xml/spring-util-4.1.xsd, http://www.springframework.org/schema/task/spring-task-3.1.xsd=org/springframework/scheduling/config/spring-task-3.1.xsd, http://www.springframework.org/schema/beans/spring-beans-3.0.xsd=org/springframework/beans/factory/xml/spring-beans-3.0.xsd, http://www.springframework.org/schema/jee/spring-jee.xsd=org/springframework/ejb/config/spring-jee-4.2.xsd, http://www.springframework.org/schema/aop/spring-aop-2.5.xsd=org/springframework/aop/config/spring-aop-2.5.xsd, http://www.springframework.org/schema/lang/spring-lang-2.0.xsd=org/springframework/scripting/config/spring-lang-2.0.xsd, http://www.springframework.org/schema/data/repository/spring-repository-1.6.xsd=org/springframework/data/repository/config/spring-repository-1.6.xsd, http://www.springframework.org/schema/util/spring-util-3.2.xsd=org/springframework/beans/factory/xml/spring-util-3.2.xsd, http://www.springframework.org/schema/task/spring-task.xsd=org/springframework/scheduling/config/spring-task-4.2.xsd, http://www.springframework.org/schema/tool/spring-tool-2.0.xsd=org/springframework/beans/factory/xml/spring-tool-2.0.xsd, http://www.springframework.org/schema/tx/spring-tx-3.0.xsd=org/springframework/transaction/config/spring-tx-3.0.xsd, http://www.springframework.org/schema/lang/spring-lang-2.5.xsd=org/springframework/scripting/config/spring-lang-2.5.xsd, http://www.springframework.org/schema/context/spring-context-4.2.xsd=org/springframework/context/config/spring-context-4.2.xsd, http://www.springframework.org/schema/jee/spring-jee-2.0.xsd=org/springframework/ejb/config/spring-jee-2.0.xsd, http://www.springframework.org/schema/tool/spring-tool-2.5.xsd=org/springframework/beans/factory/xml/spring-tool-2.5.xsd, http://www.springframework.org/schema/jee/spring-jee-2.5.xsd=org/springframework/ejb/config/spring-jee-2.5.xsd, http://www.springframework.org/schema/data/repository/spring-repository-1.0.xsd=org/springframework/data/repository/config/spring-repository-1.0.xsd, http://www.springframework.org/schema/util/spring-util-4.0.xsd=org/springframework/beans/factory/xml/spring-util-4.0.xsd, http://www.springframework.org/schema/task/spring-task-3.0.xsd=org/springframework/scheduling/config/spring-task-3.0.xsd, http://www.springframework.org/schema/aop/spring-aop-4.2.xsd=org/springframework/aop/config/spring-aop-4.2.xsd, http://www.springframework.org/schema/lang/spring-lang.xsd=org/springframework/scripting/config/spring-lang-4.2.xsd, http://www.springframework.org/schema/context/spring-context-3.2.xsd=org/springframework/context/config/spring-context-3.2.xsd, http://www.springframework.org/schema/data/repository/spring-repository-1.5.xsd=org/springframework/data/repository/config/spring-repository-1.5.xsd, http://www.springframework.org/schema/util/spring-util-3.1.xsd=org/springframework/beans/factory/xml/spring-util-3.1.xsd, http://www.springframework.org/schema/beans/spring-beans-2.0.xsd=org/springframework/beans/factory/xml/spring-beans-2.0.xsd, http://www.springframework.org/schema/cache/spring-cache.xsd=org/springframework/cache/config/spring-cache-4.2.xsd, http://www.springframework.org/schema/tx/spring-tx.xsd=org/springframework/transaction/config/spring-tx-4.2.xsd, http://www.springframework.org/schema/lang/spring-lang-4.2.xsd=org/springframework/scripting/config/spring-lang-4.2.xsd, http://www.springframework.org/schema/context/spring-context-4.1.xsd=org/springframework/context/config/spring-context-4.1.xsd, http://www.springframework.org/schema/beans/spring-beans-2.5.xsd=org/springframework/beans/factory/xml/spring-beans-2.5.xsd, http://www.springframework.org/schema/tool/spring-tool-4.2.xsd=org/springframework/beans/factory/xml/spring-tool-4.2.xsd, http://www.springframework.org/schema/tx/spring-tx-2.0.xsd=org/springframework/transaction/config/spring-tx-2.0.xsd, http://www.springframework.org/schema/jee/spring-jee-4.2.xsd=org/springframework/ejb/config/spring-jee-4.2.xsd, http://www.springframework.org/schema/aop/spring-aop.xsd=org/springframework/aop/config/spring-aop-4.2.xsd}
2016-02-03 20:36:35,133 DEBUG   main [org.springframework.beans.factory.xml.PluggableSchemaResolver] Found XML schema [http://www.springframework.org/schema/beans/spring-beans.xsd] in classpath: org/springframework/beans/factory/xml/spring-beans-4.2.xsd
2016-02-03 20:36:35,231 TRACE   main [org.springframework.beans.factory.xml.PluggableSchemaResolver] Trying to resolve XML entity with public id [null] and system id [http://www.springframework.org/schema/context/spring-context.xsd]
2016-02-03 20:36:35,232 DEBUG   main [org.springframework.beans.factory.xml.PluggableSchemaResolver] Found XML schema [http://www.springframework.org/schema/context/spring-context.xsd] in classpath: org/springframework/context/config/spring-context-4.2.xsd
2016-02-03 20:36:35,242 TRACE   main [org.springframework.beans.factory.xml.PluggableSchemaResolver] Trying to resolve XML entity with public id [null] and system id [http://www.springframework.org/schema/tool/spring-tool-4.2.xsd]
2016-02-03 20:36:35,242 DEBUG   main [org.springframework.beans.factory.xml.PluggableSchemaResolver] Found XML schema [http://www.springframework.org/schema/tool/spring-tool-4.2.xsd] in classpath: org/springframework/beans/factory/xml/spring-tool-4.2.xsd
2016-02-03 20:36:35,253 TRACE   main [org.springframework.beans.factory.xml.PluggableSchemaResolver] Trying to resolve XML entity with public id [null] and system id [http://www.springframework.org/schema/ldap/spring-ldap.xsd]
2016-02-03 20:36:35,255 DEBUG   main [org.springframework.beans.factory.xml.PluggableSchemaResolver] Found XML schema [http://www.springframework.org/schema/ldap/spring-ldap.xsd] in classpath: org/springframework/ldap/config/spring-ldap-2.0.xsd
2016-02-03 20:36:35,264 TRACE   main [org.springframework.beans.factory.xml.PluggableSchemaResolver] Trying to resolve XML entity with public id [null] and system id [http://www.springframework.org/schema/data/repository/spring-repository.xsd]
2016-02-03 20:36:35,265 DEBUG   main [org.springframework.beans.factory.xml.PluggableSchemaResolver] Found XML schema [http://www.springframework.org/schema/data/repository/spring-repository.xsd] in classpath: org/springframework/data/repository/config/spring-repository-1.7.xsd
2016-02-03 20:36:35,297 DEBUG   main [org.springframework.beans.factory.xml.DefaultBeanDefinitionDocumentReader] Loading bean definitions
2016-02-03 20:36:35,314 DEBUG   main [org.springframework.beans.factory.xml.DefaultNamespaceHandlerResolver] Loaded NamespaceHandler mappings: {http://www.springframework.org/schema/p=org.springframework.beans.factory.xml.SimplePropertyNamespaceHandler, http://www.springframework.org/schema/util=org.springframework.beans.factory.xml.UtilNamespaceHandler, http://www.springframework.org/schema/jee=org.springframework.ejb.config.JeeNamespaceHandler, http://www.springframework.org/schema/aop=org.springframework.aop.config.AopNamespaceHandler, http://www.springframework.org/schema/data/repository=org.springframework.data.repository.config.RepositoryNameSpaceHandler, http://www.springframework.org/schema/cache=org.springframework.cache.config.CacheNamespaceHandler, http://www.springframework.org/schema/c=org.springframework.beans.factory.xml.SimpleConstructorNamespaceHandler, http://www.springframework.org/schema/ldap=org.springframework.ldap.config.LdapNamespaceHandler, http://www.springframework.org/schema/tx=org.springframework.transaction.config.TxNamespaceHandler, http://www.springframework.org/schema/task=org.springframework.scheduling.config.TaskNamespaceHandler, http://www.springframework.org/schema/lang=org.springframework.scripting.config.LangNamespaceHandler, http://www.springframework.org/schema/context=org.springframework.context.config.ContextNamespaceHandler}
2016-02-03 20:36:35,342 DEBUG   main [org.springframework.core.env.StandardEnvironment] Adding [systemProperties] PropertySource with lowest search precedence
2016-02-03 20:36:35,342 DEBUG   main [org.springframework.core.env.StandardEnvironment] Adding [systemEnvironment] PropertySource with lowest search precedence
2016-02-03 20:36:35,342 DEBUG   main [org.springframework.core.env.StandardEnvironment] Initialized StandardEnvironment with PropertySources [systemProperties,systemEnvironment]
2016-02-03 20:36:35,360 DEBUG   main [org.springframework.core.io.support.PathMatchingResourcePatternResolver] Looking for matching resources in directory tree [C:\Eclipse\workspace\spring-ldap-example\bin\ldap\advance\example]
2016-02-03 20:36:35,361 DEBUG   main [org.springframework.core.io.support.PathMatchingResourcePatternResolver] Searching directory [C:\Eclipse\workspace\spring-ldap-example\bin\ldap\advance\example] for files matching pattern [C:/Eclipse/workspace/spring-ldap-example/bin/ldap/advance/example/**/*.class]
2016-02-03 20:36:35,363 DEBUG   main [org.springframework.core.io.support.PathMatchingResourcePatternResolver] Searching directory [C:\Eclipse\workspace\spring-ldap-example\bin\ldap\advance\example\test] for files matching pattern [C:/Eclipse/workspace/spring-ldap-example/bin/ldap/advance/example/**/*.class]
2016-02-03 20:36:35,366 DEBUG   main [org.springframework.core.io.support.PathMatchingResourcePatternResolver] Resolved location pattern [classpath*:ldap/advance/example/**/*.class] to resources [file [C:\Eclipse\workspace\spring-ldap-example\bin\ldap\advance\example\test\LdapApp.class], file [C:\Eclipse\workspace\spring-ldap-example\bin\ldap\advance\example\User.class], file [C:\Eclipse\workspace\spring-ldap-example\bin\ldap\advance\example\UserRepositoryImpl$MultipleAttributesMapper.class], file [C:\Eclipse\workspace\spring-ldap-example\bin\ldap\advance\example\UserRepositoryImpl$SingleAttributesMapper.class], file [C:\Eclipse\workspace\spring-ldap-example\bin\ldap\advance\example\UserRepositoryImpl$UserAttributesMapper.class], file [C:\Eclipse\workspace\spring-ldap-example\bin\ldap\advance\example\UserRepositoryImpl.class], file [C:\Eclipse\workspace\spring-ldap-example\bin\ldap\advance\example\UserRepositoryIntf.class]]
2016-02-03 20:36:35,366 TRACE   main [org.springframework.context.annotation.ClassPathBeanDefinitionScanner] Scanning file [C:\Eclipse\workspace\spring-ldap-example\bin\ldap\advance\example\test\LdapApp.class]
2016-02-03 20:36:35,389 TRACE   main [org.springframework.context.annotation.ClassPathBeanDefinitionScanner] Ignored because not matching any filter: file [C:\Eclipse\workspace\spring-ldap-example\bin\ldap\advance\example\test\LdapApp.class]
2016-02-03 20:36:35,389 TRACE   main [org.springframework.context.annotation.ClassPathBeanDefinitionScanner] Scanning file [C:\Eclipse\workspace\spring-ldap-example\bin\ldap\advance\example\User.class]
2016-02-03 20:36:35,390 TRACE   main [org.springframework.context.annotation.ClassPathBeanDefinitionScanner] Ignored because not matching any filter: file [C:\Eclipse\workspace\spring-ldap-example\bin\ldap\advance\example\User.class]
2016-02-03 20:36:35,390 TRACE   main [org.springframework.context.annotation.ClassPathBeanDefinitionScanner] Scanning file [C:\Eclipse\workspace\spring-ldap-example\bin\ldap\advance\example\UserRepositoryImpl$MultipleAttributesMapper.class]
2016-02-03 20:36:35,392 TRACE   main [org.springframework.context.annotation.ClassPathBeanDefinitionScanner] Ignored because not matching any filter: file [C:\Eclipse\workspace\spring-ldap-example\bin\ldap\advance\example\UserRepositoryImpl$MultipleAttributesMapper.class]
2016-02-03 20:36:35,392 TRACE   main [org.springframework.context.annotation.ClassPathBeanDefinitionScanner] Scanning file [C:\Eclipse\workspace\spring-ldap-example\bin\ldap\advance\example\UserRepositoryImpl$SingleAttributesMapper.class]
2016-02-03 20:36:35,393 TRACE   main [org.springframework.context.annotation.ClassPathBeanDefinitionScanner] Ignored because not matching any filter: file [C:\Eclipse\workspace\spring-ldap-example\bin\ldap\advance\example\UserRepositoryImpl$SingleAttributesMapper.class]
2016-02-03 20:36:35,393 TRACE   main [org.springframework.context.annotation.ClassPathBeanDefinitionScanner] Scanning file [C:\Eclipse\workspace\spring-ldap-example\bin\ldap\advance\example\UserRepositoryImpl$UserAttributesMapper.class]
2016-02-03 20:36:35,394 TRACE   main [org.springframework.context.annotation.ClassPathBeanDefinitionScanner] Ignored because not matching any filter: file [C:\Eclipse\workspace\spring-ldap-example\bin\ldap\advance\example\UserRepositoryImpl$UserAttributesMapper.class]
2016-02-03 20:36:35,394 TRACE   main [org.springframework.context.annotation.ClassPathBeanDefinitionScanner] Scanning file [C:\Eclipse\workspace\spring-ldap-example\bin\ldap\advance\example\UserRepositoryImpl.class]
2016-02-03 20:36:35,415 DEBUG   main [org.springframework.context.annotation.ClassPathBeanDefinitionScanner] Identified candidate component class: file [C:\Eclipse\workspace\spring-ldap-example\bin\ldap\advance\example\UserRepositoryImpl.class]
2016-02-03 20:36:35,415 TRACE   main [org.springframework.context.annotation.ClassPathBeanDefinitionScanner] Scanning file [C:\Eclipse\workspace\spring-ldap-example\bin\ldap\advance\example\UserRepositoryIntf.class]
2016-02-03 20:36:35,416 TRACE   main [org.springframework.context.annotation.ClassPathBeanDefinitionScanner] Ignored because not matching any filter: file [C:\Eclipse\workspace\spring-ldap-example\bin\ldap\advance\example\UserRepositoryIntf.class]
2016-02-03 20:36:35,482 DEBUG   main [org.springframework.beans.factory.xml.XmlBeanDefinitionReader] Loaded 9 bean definitions from location pattern [spring-ldap-example.xml]
2016-02-03 20:36:35,483 DEBUG   main [org.springframework.context.support.ClassPathXmlApplicationContext] Bean factory for org.springframework.context.support.ClassPathXmlApplicationContext@3eed2cab: org.springframework.beans.factory.support.DefaultListableBeanFactory@5c5d9afc: defining beans [userRepositoryImpl,org.springframework.context.annotation.internalConfigurationAnnotationProcessor,org.springframework.context.annotation.internalAutowiredAnnotationProcessor,org.springframework.context.annotation.internalRequiredAnnotationProcessor,org.springframework.context.annotation.internalCommonAnnotationProcessor,simpleDirContextAuthenticationStrategy,userReposImpl,contextSource,ldapTemplate]; root of factory hierarchy
2016-02-03 20:36:35,579 DEBUG   main [org.springframework.beans.factory.support.DefaultListableBeanFactory] Creating shared instance of singleton bean 'org.springframework.context.annotation.internalConfigurationAnnotationProcessor'
2016-02-03 20:36:35,579 DEBUG   main [org.springframework.beans.factory.support.DefaultListableBeanFactory] Creating instance of bean 'org.springframework.context.annotation.internalConfigurationAnnotationProcessor'
2016-02-03 20:36:35,611 DEBUG   main [org.springframework.beans.factory.support.DefaultListableBeanFactory] Eagerly caching bean 'org.springframework.context.annotation.internalConfigurationAnnotationProcessor' to allow for resolving potential circular references
2016-02-03 20:36:35,614 DEBUG   main [org.springframework.beans.factory.support.DefaultListableBeanFactory] Finished creating instance of bean 'org.springframework.context.annotation.internalConfigurationAnnotationProcessor'
2016-02-03 20:36:35,745 DEBUG   main [org.springframework.beans.factory.support.DefaultListableBeanFactory] Creating shared instance of singleton bean 'org.springframework.context.annotation.internalAutowiredAnnotationProcessor'
2016-02-03 20:36:35,745 DEBUG   main [org.springframework.beans.factory.support.DefaultListableBeanFactory] Creating instance of bean 'org.springframework.context.annotation.internalAutowiredAnnotationProcessor'
2016-02-03 20:36:35,747 DEBUG   main [org.springframework.beans.factory.support.DefaultListableBeanFactory] Eagerly caching bean 'org.springframework.context.annotation.internalAutowiredAnnotationProcessor' to allow for resolving potential circular references
2016-02-03 20:36:35,747 DEBUG   main [org.springframework.beans.factory.support.DefaultListableBeanFactory] Finished creating instance of bean 'org.springframework.context.annotation.internalAutowiredAnnotationProcessor'
2016-02-03 20:36:35,748 DEBUG   main [org.springframework.beans.factory.support.DefaultListableBeanFactory] Creating shared instance of singleton bean 'org.springframework.context.annotation.internalRequiredAnnotationProcessor'
2016-02-03 20:36:35,748 DEBUG   main [org.springframework.beans.factory.support.DefaultListableBeanFactory] Creating instance of bean 'org.springframework.context.annotation.internalRequiredAnnotationProcessor'
2016-02-03 20:36:35,749 DEBUG   main [org.springframework.beans.factory.support.DefaultListableBeanFactory] Eagerly caching bean 'org.springframework.context.annotation.internalRequiredAnnotationProcessor' to allow for resolving potential circular references
2016-02-03 20:36:35,750 DEBUG   main [org.springframework.beans.factory.support.DefaultListableBeanFactory] Finished creating instance of bean 'org.springframework.context.annotation.internalRequiredAnnotationProcessor'
2016-02-03 20:36:35,754 DEBUG   main [org.springframework.beans.factory.support.DefaultListableBeanFactory] Creating shared instance of singleton bean 'org.springframework.context.annotation.internalCommonAnnotationProcessor'
2016-02-03 20:36:35,754 DEBUG   main [org.springframework.beans.factory.support.DefaultListableBeanFactory] Creating instance of bean 'org.springframework.context.annotation.internalCommonAnnotationProcessor'
2016-02-03 20:36:35,761 DEBUG   main [org.springframework.beans.factory.support.DefaultListableBeanFactory] Eagerly caching bean 'org.springframework.context.annotation.internalCommonAnnotationProcessor' to allow for resolving potential circular references
2016-02-03 20:36:35,761 DEBUG   main [org.springframework.beans.factory.support.DefaultListableBeanFactory] Finished creating instance of bean 'org.springframework.context.annotation.internalCommonAnnotationProcessor'
2016-02-03 20:36:35,762 DEBUG   main [org.springframework.beans.factory.support.DefaultListableBeanFactory] Creating shared instance of singleton bean 'org.springframework.context.annotation.ConfigurationClassPostProcessor.importAwareProcessor'
2016-02-03 20:36:35,762 DEBUG   main [org.springframework.beans.factory.support.DefaultListableBeanFactory] Creating instance of bean 'org.springframework.context.annotation.ConfigurationClassPostProcessor.importAwareProcessor'
2016-02-03 20:36:35,762 DEBUG   main [org.springframework.beans.factory.support.DefaultListableBeanFactory] Eagerly caching bean 'org.springframework.context.annotation.ConfigurationClassPostProcessor.importAwareProcessor' to allow for resolving potential circular references
2016-02-03 20:36:35,763 DEBUG   main [org.springframework.beans.factory.support.DefaultListableBeanFactory] Finished creating instance of bean 'org.springframework.context.annotation.ConfigurationClassPostProcessor.importAwareProcessor'
2016-02-03 20:36:35,763 DEBUG   main [org.springframework.beans.factory.support.DefaultListableBeanFactory] Creating shared instance of singleton bean 'org.springframework.context.annotation.ConfigurationClassPostProcessor.enhancedConfigurationProcessor'
2016-02-03 20:36:35,763 DEBUG   main [org.springframework.beans.factory.support.DefaultListableBeanFactory] Creating instance of bean 'org.springframework.context.annotation.ConfigurationClassPostProcessor.enhancedConfigurationProcessor'
2016-02-03 20:36:35,763 DEBUG   main [org.springframework.beans.factory.support.DefaultListableBeanFactory] Eagerly caching bean 'org.springframework.context.annotation.ConfigurationClassPostProcessor.enhancedConfigurationProcessor' to allow for resolving potential circular references
2016-02-03 20:36:35,763 DEBUG   main [org.springframework.beans.factory.support.DefaultListableBeanFactory] Finished creating instance of bean 'org.springframework.context.annotation.ConfigurationClassPostProcessor.enhancedConfigurationProcessor'
2016-02-03 20:36:35,771 DEBUG   main [org.springframework.context.support.ClassPathXmlApplicationContext] Unable to locate MessageSource with name 'messageSource': using default [org.springframework.context.support.DelegatingMessageSource@423e8eb8]
2016-02-03 20:36:35,776 DEBUG   main [org.springframework.context.support.ClassPathXmlApplicationContext] Unable to locate ApplicationEventMulticaster with name 'applicationEventMulticaster': using default [org.springframework.context.event.SimpleApplicationEventMulticaster@2eaa00e4]
2016-02-03 20:36:35,778 DEBUG   main [org.springframework.beans.factory.support.DefaultListableBeanFactory] Pre-instantiating singletons in org.springframework.beans.factory.support.DefaultListableBeanFactory@5c5d9afc: defining beans [userRepositoryImpl,org.springframework.context.annotation.internalConfigurationAnnotationProcessor,org.springframework.context.annotation.internalAutowiredAnnotationProcessor,org.springframework.context.annotation.internalRequiredAnnotationProcessor,org.springframework.context.annotation.internalCommonAnnotationProcessor,simpleDirContextAuthenticationStrategy,userReposImpl,contextSource,ldapTemplate,org.springframework.context.annotation.ConfigurationClassPostProcessor.importAwareProcessor,org.springframework.context.annotation.ConfigurationClassPostProcessor.enhancedConfigurationProcessor]; root of factory hierarchy
2016-02-03 20:36:35,779 DEBUG   main [org.springframework.beans.factory.support.DefaultListableBeanFactory] Creating shared instance of singleton bean 'userRepositoryImpl'
2016-02-03 20:36:35,779 DEBUG   main [org.springframework.beans.factory.support.DefaultListableBeanFactory] Creating instance of bean 'userRepositoryImpl'
2016-02-03 20:36:35,809 DEBUG   main [org.springframework.beans.factory.annotation.InjectionMetadata] Registered injected element on class [ldap.advance.example.UserRepositoryImpl]: AutowiredFieldElement for private org.springframework.ldap.core.LdapTemplate ldap.advance.example.UserRepositoryImpl.ldapTemplate
2016-02-03 20:36:35,810 DEBUG   main [org.springframework.beans.factory.support.DefaultListableBeanFactory] Eagerly caching bean 'userRepositoryImpl' to allow for resolving potential circular references
2016-02-03 20:36:35,813 TRACE   main [org.springframework.core.io.support.SpringFactoriesLoader] Loaded [org.springframework.beans.BeanInfoFactory] names: [org.springframework.beans.ExtendedBeanInfoFactory]
2016-02-03 20:36:35,815 TRACE   main [org.springframework.beans.CachedIntrospectionResults] Getting BeanInfo for class [ldap.advance.example.UserRepositoryImpl]
2016-02-03 20:36:35,821 TRACE   main [org.springframework.beans.CachedIntrospectionResults] Caching PropertyDescriptors for class [ldap.advance.example.UserRepositoryImpl]
2016-02-03 20:36:35,821 TRACE   main [org.springframework.beans.CachedIntrospectionResults] Found bean property 'allUserNames' of type [java.util.List]
2016-02-03 20:36:35,826 TRACE   main [org.springframework.beans.CachedIntrospectionResults] Found bean property 'allUsers' of type [java.util.List]
2016-02-03 20:36:35,826 TRACE   main [org.springframework.beans.CachedIntrospectionResults] Found bean property 'class' of type [java.lang.Class]
2016-02-03 20:36:35,830 DEBUG   main [org.springframework.beans.factory.annotation.InjectionMetadata] Processing injected element of bean 'userRepositoryImpl': AutowiredFieldElement for private org.springframework.ldap.core.LdapTemplate ldap.advance.example.UserRepositoryImpl.ldapTemplate
2016-02-03 20:36:35,841 DEBUG   main [org.springframework.beans.factory.support.DefaultListableBeanFactory] Creating shared instance of singleton bean 'ldapTemplate'
2016-02-03 20:36:35,841 DEBUG   main [org.springframework.beans.factory.support.DefaultListableBeanFactory] Creating instance of bean 'ldapTemplate'
2016-02-03 20:36:35,868 DEBUG   main [org.springframework.beans.factory.support.DefaultListableBeanFactory] Eagerly caching bean 'ldapTemplate' to allow for resolving potential circular references
2016-02-03 20:36:35,868 TRACE   main [org.springframework.beans.CachedIntrospectionResults] Getting BeanInfo for class [org.springframework.ldap.core.LdapTemplate]
2016-02-03 20:36:35,888 TRACE   main [org.springframework.beans.CachedIntrospectionResults] Caching PropertyDescriptors for class [org.springframework.ldap.core.LdapTemplate]
2016-02-03 20:36:35,888 TRACE   main [org.springframework.beans.CachedIntrospectionResults] Found bean property 'class' of type [java.lang.Class]
2016-02-03 20:36:35,889 TRACE   main [org.springframework.beans.CachedIntrospectionResults] Found bean property 'contextSource' of type [org.springframework.ldap.core.ContextSource]
2016-02-03 20:36:35,889 TRACE   main [org.springframework.beans.CachedIntrospectionResults] Found bean property 'defaultCountLimit' of type [int]
2016-02-03 20:36:35,889 TRACE   main [org.springframework.beans.CachedIntrospectionResults] Found bean property 'defaultSearchScope' of type [int]
2016-02-03 20:36:35,890 TRACE   main [org.springframework.beans.CachedIntrospectionResults] Found bean property 'defaultTimeLimit' of type [int]
2016-02-03 20:36:35,894 TRACE   main [org.springframework.beans.CachedIntrospectionResults] Found bean property 'ignoreNameNotFoundException' of type [boolean]
2016-02-03 20:36:35,895 TRACE   main [org.springframework.beans.CachedIntrospectionResults] Found bean property 'ignorePartialResultException' of type [boolean]
2016-02-03 20:36:35,895 TRACE   main [org.springframework.beans.CachedIntrospectionResults] Found bean property 'ignoreSizeLimitExceededException' of type [boolean]
2016-02-03 20:36:35,895 TRACE   main [org.springframework.beans.CachedIntrospectionResults] Found bean property 'objectDirectoryMapper' of type [org.springframework.ldap.odm.core.ObjectDirectoryMapper]
2016-02-03 20:36:35,898 DEBUG   main [org.springframework.beans.factory.support.DefaultListableBeanFactory] Creating shared instance of singleton bean 'contextSource'
2016-02-03 20:36:35,898 DEBUG   main [org.springframework.beans.factory.support.DefaultListableBeanFactory] Creating instance of bean 'contextSource'
2016-02-03 20:36:35,904 DEBUG   main [org.springframework.beans.factory.support.DefaultListableBeanFactory] Creating instance of bean '(inner bean)#1e7eee8f'
2016-02-03 20:36:35,926 TRACE   main [org.springframework.beans.CachedIntrospectionResults] Getting BeanInfo for class [org.springframework.ldap.core.support.LdapContextSource]
2016-02-03 20:36:35,930 TRACE   main [org.springframework.beans.CachedIntrospectionResults] Caching PropertyDescriptors for class [org.springframework.ldap.core.support.LdapContextSource]
2016-02-03 20:36:35,931 TRACE   main [org.springframework.beans.CachedIntrospectionResults] Found bean property 'anonymousReadOnly' of type [boolean]
2016-02-03 20:36:35,931 TRACE   main [org.springframework.beans.CachedIntrospectionResults] Found bean property 'authenticationSource' of type [org.springframework.ldap.core.AuthenticationSource]
2016-02-03 20:36:35,931 TRACE   main [org.springframework.beans.CachedIntrospectionResults] Found bean property 'authenticationStrategy' of type [org.springframework.ldap.core.support.DirContextAuthenticationStrategy]
2016-02-03 20:36:35,932 TRACE   main [org.springframework.beans.CachedIntrospectionResults] Found bean property 'base' of type [java.lang.String]
2016-02-03 20:36:35,932 TRACE   main [org.springframework.beans.CachedIntrospectionResults] Found bean property 'baseEnvironmentProperties' of type [java.util.Map]
2016-02-03 20:36:35,932 TRACE   main [org.springframework.beans.CachedIntrospectionResults] Found bean property 'baseLdapName' of type [javax.naming.ldap.LdapName]
2016-02-03 20:36:35,932 TRACE   main [org.springframework.beans.CachedIntrospectionResults] Found bean property 'baseLdapPath' of type [org.springframework.ldap.core.DistinguishedName]
2016-02-03 20:36:35,932 TRACE   main [org.springframework.beans.CachedIntrospectionResults] Found bean property 'baseLdapPathAsString' of type [java.lang.String]
2016-02-03 20:36:35,932 TRACE   main [org.springframework.beans.CachedIntrospectionResults] Found bean property 'cacheEnvironmentProperties' of type [boolean]
2016-02-03 20:36:35,932 TRACE   main [org.springframework.beans.CachedIntrospectionResults] Found bean property 'class' of type [java.lang.Class]
2016-02-03 20:36:35,932 TRACE   main [org.springframework.beans.CachedIntrospectionResults] Found bean property 'contextFactory' of type [java.lang.Class]
2016-02-03 20:36:35,933 TRACE   main [org.springframework.beans.CachedIntrospectionResults] Found bean property 'dirObjectFactory' of type [java.lang.Class]
2016-02-03 20:36:35,933 TRACE   main [org.springframework.beans.CachedIntrospectionResults] Found bean property 'password' of type [java.lang.String]
2016-02-03 20:36:35,933 TRACE   main [org.springframework.beans.CachedIntrospectionResults] Found bean property 'pooled' of type [boolean]
2016-02-03 20:36:35,933 TRACE   main [org.springframework.beans.CachedIntrospectionResults] Found bean property 'readOnlyContext' of type [javax.naming.directory.DirContext]
2016-02-03 20:36:35,933 TRACE   main [org.springframework.beans.CachedIntrospectionResults] Found bean property 'readWriteContext' of type [javax.naming.directory.DirContext]
2016-02-03 20:36:35,933 TRACE   main [org.springframework.beans.CachedIntrospectionResults] Found bean property 'referral' of type [java.lang.String]
2016-02-03 20:36:35,933 TRACE   main [org.springframework.beans.CachedIntrospectionResults] Found bean property 'url' of type [java.lang.String]
2016-02-03 20:36:35,934 TRACE   main [org.springframework.beans.CachedIntrospectionResults] Found bean property 'urls' of type [[Ljava.lang.String;]
2016-02-03 20:36:35,934 TRACE   main [org.springframework.beans.CachedIntrospectionResults] Found bean property 'userDn' of type [java.lang.String]
2016-02-03 20:36:35,946 DEBUG   main [org.springframework.beans.factory.support.DefaultListableBeanFactory] Creating instance of bean '(inner bean)#67cbabb9'
2016-02-03 20:36:35,956 TRACE   main [org.springframework.beans.CachedIntrospectionResults] Getting BeanInfo for class [[Ljava.lang.String;]
2016-02-03 20:36:35,958 TRACE   main [org.springframework.beans.CachedIntrospectionResults] Caching PropertyDescriptors for class [[Ljava.lang.String;]
2016-02-03 20:36:35,958 TRACE   main [org.springframework.beans.CachedIntrospectionResults] Found bean property 'class' of type [java.lang.Class]
2016-02-03 20:36:35,960 DEBUG   main [org.springframework.beans.factory.support.DefaultListableBeanFactory] Finished creating instance of bean '(inner bean)#67cbabb9'
2016-02-03 20:36:35,961 DEBUG   main [org.springframework.beans.factory.support.DefaultListableBeanFactory] Creating shared instance of singleton bean 'simpleDirContextAuthenticationStrategy'
2016-02-03 20:36:35,961 DEBUG   main [org.springframework.beans.factory.support.DefaultListableBeanFactory] Creating instance of bean 'simpleDirContextAuthenticationStrategy'
2016-02-03 20:36:35,963 DEBUG   main [org.springframework.beans.factory.support.DefaultListableBeanFactory] Eagerly caching bean 'simpleDirContextAuthenticationStrategy' to allow for resolving potential circular references
2016-02-03 20:36:35,963 TRACE   main [org.springframework.beans.CachedIntrospectionResults] Getting BeanInfo for class [org.springframework.ldap.core.support.SimpleDirContextAuthenticationStrategy]
2016-02-03 20:36:35,965 TRACE   main [org.springframework.beans.CachedIntrospectionResults] Caching PropertyDescriptors for class [org.springframework.ldap.core.support.SimpleDirContextAuthenticationStrategy]
2016-02-03 20:36:35,965 TRACE   main [org.springframework.beans.CachedIntrospectionResults] Found bean property 'class' of type [java.lang.Class]
2016-02-03 20:36:35,965 DEBUG   main [org.springframework.beans.factory.support.DefaultListableBeanFactory] Finished creating instance of bean 'simpleDirContextAuthenticationStrategy'
2016-02-03 20:36:35,966 DEBUG   main [org.springframework.beans.factory.support.DefaultListableBeanFactory] Invoking afterPropertiesSet() on bean with name '(inner bean)#1e7eee8f'
2016-02-03 20:36:35,977 DEBUG   main [org.springframework.beans.factory.support.DefaultListableBeanFactory] Finished creating instance of bean '(inner bean)#1e7eee8f'
2016-02-03 20:36:35,981 DEBUG   main [org.springframework.beans.factory.support.DefaultListableBeanFactory] Eagerly caching bean 'contextSource' to allow for resolving potential circular references
2016-02-03 20:36:35,981 TRACE   main [org.springframework.beans.CachedIntrospectionResults] Getting BeanInfo for class [org.springframework.ldap.transaction.compensating.manager.TransactionAwareContextSourceProxy]
2016-02-03 20:36:35,985 TRACE   main [org.springframework.beans.CachedIntrospectionResults] Caching PropertyDescriptors for class [org.springframework.ldap.transaction.compensating.manager.TransactionAwareContextSourceProxy]
2016-02-03 20:36:35,986 TRACE   main [org.springframework.beans.CachedIntrospectionResults] Found bean property 'baseLdapName' of type [javax.naming.ldap.LdapName]
2016-02-03 20:36:35,986 TRACE   main [org.springframework.beans.CachedIntrospectionResults] Found bean property 'baseLdapPath' of type [org.springframework.ldap.core.DistinguishedName]
2016-02-03 20:36:35,986 TRACE   main [org.springframework.beans.CachedIntrospectionResults] Found bean property 'baseLdapPathAsString' of type [java.lang.String]
2016-02-03 20:36:35,986 TRACE   main [org.springframework.beans.CachedIntrospectionResults] Found bean property 'class' of type [java.lang.Class]
2016-02-03 20:36:35,987 TRACE   main [org.springframework.beans.CachedIntrospectionResults] Found bean property 'readOnlyContext' of type [javax.naming.directory.DirContext]
2016-02-03 20:36:35,987 TRACE   main [org.springframework.beans.CachedIntrospectionResults] Found bean property 'readWriteContext' of type [javax.naming.directory.DirContext]
2016-02-03 20:36:35,987 TRACE   main [org.springframework.beans.CachedIntrospectionResults] Found bean property 'target' of type [org.springframework.ldap.core.ContextSource]
2016-02-03 20:36:35,987 DEBUG   main [org.springframework.beans.factory.support.DefaultListableBeanFactory] Finished creating instance of bean 'contextSource'
2016-02-03 20:36:35,988 DEBUG   main [org.springframework.beans.factory.support.DefaultListableBeanFactory] Invoking afterPropertiesSet() on bean with name 'ldapTemplate'
2016-02-03 20:36:35,988 DEBUG   main [org.springframework.beans.factory.support.DefaultListableBeanFactory] Finished creating instance of bean 'ldapTemplate'
2016-02-03 20:36:35,988 DEBUG   main [org.springframework.beans.factory.annotation.AutowiredAnnotationBeanPostProcessor] Autowiring by type from bean name 'userRepositoryImpl' to bean named 'ldapTemplate'
2016-02-03 20:36:35,989 DEBUG   main [org.springframework.beans.factory.support.DefaultListableBeanFactory] Finished creating instance of bean 'userRepositoryImpl'
2016-02-03 20:36:35,989 DEBUG   main [org.springframework.beans.factory.support.DefaultListableBeanFactory] Returning cached instance of singleton bean 'org.springframework.context.annotation.internalConfigurationAnnotationProcessor'
2016-02-03 20:36:35,989 DEBUG   main [org.springframework.beans.factory.support.DefaultListableBeanFactory] Returning cached instance of singleton bean 'org.springframework.context.annotation.internalAutowiredAnnotationProcessor'
2016-02-03 20:36:35,989 DEBUG   main [org.springframework.beans.factory.support.DefaultListableBeanFactory] Returning cached instance of singleton bean 'org.springframework.context.annotation.internalRequiredAnnotationProcessor'
2016-02-03 20:36:35,989 DEBUG   main [org.springframework.beans.factory.support.DefaultListableBeanFactory] Returning cached instance of singleton bean 'org.springframework.context.annotation.internalCommonAnnotationProcessor'
2016-02-03 20:36:35,989 DEBUG   main [org.springframework.beans.factory.support.DefaultListableBeanFactory] Returning cached instance of singleton bean 'simpleDirContextAuthenticationStrategy'
2016-02-03 20:36:35,990 DEBUG   main [org.springframework.beans.factory.support.DefaultListableBeanFactory] Creating shared instance of singleton bean 'userReposImpl'
2016-02-03 20:36:35,990 DEBUG   main [org.springframework.beans.factory.support.DefaultListableBeanFactory] Creating instance of bean 'userReposImpl'
2016-02-03 20:36:35,992 DEBUG   main [org.springframework.beans.factory.annotation.InjectionMetadata] Registered injected element on class [ldap.advance.example.UserRepositoryImpl]: AutowiredFieldElement for private org.springframework.ldap.core.LdapTemplate ldap.advance.example.UserRepositoryImpl.ldapTemplate
2016-02-03 20:36:35,993 DEBUG   main [org.springframework.beans.factory.support.DefaultListableBeanFactory] Eagerly caching bean 'userReposImpl' to allow for resolving potential circular references
2016-02-03 20:36:35,993 DEBUG   main [org.springframework.beans.factory.annotation.InjectionMetadata] Processing injected element of bean 'userReposImpl': AutowiredFieldElement for private org.springframework.ldap.core.LdapTemplate ldap.advance.example.UserRepositoryImpl.ldapTemplate
2016-02-03 20:36:35,993 DEBUG   main [org.springframework.beans.factory.support.DefaultListableBeanFactory] Returning cached instance of singleton bean 'ldapTemplate'
2016-02-03 20:36:35,993 DEBUG   main [org.springframework.beans.factory.annotation.AutowiredAnnotationBeanPostProcessor] Autowiring by type from bean name 'userReposImpl' to bean named 'ldapTemplate'
2016-02-03 20:36:35,994 DEBUG   main [org.springframework.beans.factory.support.DefaultListableBeanFactory] Finished creating instance of bean 'userReposImpl'
2016-02-03 20:36:35,994 DEBUG   main [org.springframework.beans.factory.support.DefaultListableBeanFactory] Returning cached instance of singleton bean 'contextSource'
2016-02-03 20:36:35,994 DEBUG   main [org.springframework.beans.factory.support.DefaultListableBeanFactory] Returning cached instance of singleton bean 'ldapTemplate'
2016-02-03 20:36:35,994 DEBUG   main [org.springframework.beans.factory.support.DefaultListableBeanFactory] Returning cached instance of singleton bean 'org.springframework.context.annotation.ConfigurationClassPostProcessor.importAwareProcessor'
2016-02-03 20:36:35,994 DEBUG   main [org.springframework.beans.factory.support.DefaultListableBeanFactory] Returning cached instance of singleton bean 'org.springframework.context.annotation.ConfigurationClassPostProcessor.enhancedConfigurationProcessor'
2016-02-03 20:36:35,995 DEBUG   main [org.springframework.context.support.ClassPathXmlApplicationContext] Unable to locate LifecycleProcessor with name 'lifecycleProcessor': using default [org.springframework.context.support.DefaultLifecycleProcessor@7c1ba98b]
2016-02-03 20:36:35,996 DEBUG   main [org.springframework.beans.factory.support.DefaultListableBeanFactory] Returning cached instance of singleton bean 'lifecycleProcessor'
2016-02-03 20:36:35,996 TRACE   main [org.springframework.context.support.ClassPathXmlApplicationContext] Publishing event in org.springframework.context.support.ClassPathXmlApplicationContext@3eed2cab: org.springframework.context.event.ContextRefreshedEvent[source=org.springframework.context.support.ClassPathXmlApplicationContext@3eed2cab: startup date [Wed Feb 03 20:36:34 EST 2016]; root of context hierarchy]
2016-02-03 20:36:35,998 TRACE   main [org.springframework.core.env.PropertySourcesPropertyResolver] getProperty("spring.liveBeansView.mbeanDomain", String)
2016-02-03 20:36:35,999 DEBUG   main [org.springframework.core.env.PropertySourcesPropertyResolver] Searching for key 'spring.liveBeansView.mbeanDomain' in [systemProperties]
2016-02-03 20:36:35,999 DEBUG   main [org.springframework.core.env.PropertySourcesPropertyResolver] Searching for key 'spring.liveBeansView.mbeanDomain' in [systemEnvironment]
2016-02-03 20:36:35,999 DEBUG   main [org.springframework.core.env.PropertySourcesPropertyResolver] Could not find key 'spring.liveBeansView.mbeanDomain' in any property source. Returning [null]
2016-02-03 20:36:35,999 INFO   main [ldap.advance.example.test.LdapApp] Test started at Wed Feb 03 20:36:34 EST 2016
2016-02-03 20:36:35,999 DEBUG   main [org.springframework.beans.factory.support.DefaultListableBeanFactory] Returning cached instance of singleton bean 'userReposImpl'
2016-02-03 20:36:35,999 INFO   main [ldap.advance.example.UserRepositoryImpl] executing {createUser}
2016-02-03 20:36:36,864 INFO   main [ldap.advance.example.test.LdapApp] 
 =>true
2016-02-03 20:36:36,883 INFO   main [ldap.advance.example.test.LdapApp] 
 =>[User [uid=admin, cn=system administrator, sn=administrator, userPassword=secret, ], User [uid=tahsan, cn=Tariq Ahsan, sn=Ahsan, userPassword={sha}nBLtm0Ej/mJG4VZYEu/b+7fQ2YU=, ], User [uid=jsoule, cn=Joseph Soule, sn=Soule, ], User [uid=jdoe, cn=John Doe, sn=Doe, userPassword={SSHA}F04/pvCWN8a1NJshxa/XIzrNqH7F89MTgn3J6A==, ], User [uid=awadsworth, cn=Anthony Wadsworth, sn=Wadsworth, ], User [uid=fahsan, cn=Farzeen Ahsan, sn=Ahsan, ], User [uid=awadsworth, cn=Anthony Wadsworth, sn=Wadsworth, ], User [uid=tahsan, cn=tahsan, sn=Ahsan, userPassword={SHA}5en6G6MezRroT3XKqkdPOmY/BfQ=, ], User [uid=spring_ldap_test, cn=spring_ldap_test, sn=spring_ldap_test, userPassword={SSHA}hDdT+HPg1qjkh/6WGPjEnRkq2Wea6H8zEDwS7g==, postalAddress=spring_ldap_test, telephoneNumber=9830098301]]
2016-02-03 20:36:36,884 INFO   main [ldap.advance.example.UserRepositoryImpl] executing {getAllUserNames}
2016-02-03 20:36:36,893 INFO   main [ldap.advance.example.UserRepositoryImpl] Users -> [uid=tahsan, uid=awadsworth, uid=jdoe, uid=spring_ldap_test]
2016-02-03 20:36:36,904 INFO   main [ldap.advance.example.test.LdapApp] 
 =>[cn: Tariq Ahsan, cn: Anthony Wadsworth, cn: John Doe, cn: spring_ldap_test]
2016-02-03 20:36:36,904 INFO   main [org.springframework.context.support.ClassPathXmlApplicationContext] Refreshing org.springframework.context.support.ClassPathXmlApplicationContext@3eed2cab: startup date [Wed Feb 03 20:36:36 EST 2016]; root of context hierarchy
2016-02-03 20:36:36,904 DEBUG   main [org.springframework.beans.factory.support.DefaultListableBeanFactory] Destroying singletons in org.springframework.beans.factory.support.DefaultListableBeanFactory@5c5d9afc: defining beans [userRepositoryImpl,org.springframework.context.annotation.internalConfigurationAnnotationProcessor,org.springframework.context.annotation.internalAutowiredAnnotationProcessor,org.springframework.context.annotation.internalRequiredAnnotationProcessor,org.springframework.context.annotation.internalCommonAnnotationProcessor,simpleDirContextAuthenticationStrategy,userReposImpl,contextSource,ldapTemplate,org.springframework.context.annotation.ConfigurationClassPostProcessor.importAwareProcessor,org.springframework.context.annotation.ConfigurationClassPostProcessor.enhancedConfigurationProcessor]; root of factory hierarchy
2016-02-03 20:36:36,905 DEBUG   main [org.springframework.beans.factory.support.DefaultListableBeanFactory] Retrieved dependent beans for bean '(inner bean)#1e7eee8f': [contextSource]
2016-02-03 20:36:36,905 DEBUG   main [org.springframework.beans.factory.support.DefaultListableBeanFactory] Retrieved dependent beans for bean '(inner bean)#67cbabb9': [(inner bean)#1e7eee8f]
2016-02-03 20:36:36,908 DEBUG   main [org.springframework.core.env.StandardEnvironment] Adding [systemProperties] PropertySource with lowest search precedence
2016-02-03 20:36:36,908 DEBUG   main [org.springframework.core.env.StandardEnvironment] Adding [systemEnvironment] PropertySource with lowest search precedence
2016-02-03 20:36:36,909 DEBUG   main [org.springframework.core.env.StandardEnvironment] Initialized StandardEnvironment with PropertySources [systemProperties,systemEnvironment]
2016-02-03 20:36:36,909 INFO   main [org.springframework.beans.factory.xml.XmlBeanDefinitionReader] Loading XML bean definitions from class path resource [spring-ldap-example.xml]
2016-02-03 20:36:36,912 DEBUG   main [org.springframework.beans.factory.xml.DefaultDocumentLoader] Using JAXP provider [com.sun.org.apache.xerces.internal.jaxp.DocumentBuilderFactoryImpl]
2016-02-03 20:36:36,930 TRACE   main [org.springframework.beans.factory.xml.PluggableSchemaResolver] Trying to resolve XML entity with public id [null] and system id [http://www.springframework.org/schema/beans/spring-beans.xsd]
2016-02-03 20:36:36,930 DEBUG   main [org.springframework.beans.factory.xml.PluggableSchemaResolver] Loading schema mappings from [META-INF/spring.schemas]
2016-02-03 20:36:36,936 DEBUG   main [org.springframework.beans.factory.xml.PluggableSchemaResolver] Loaded schema mappings: {http://www.springframework.org/schema/tx/spring-tx-2.5.xsd=org/springframework/transaction/config/spring-tx-2.5.xsd, http://www.springframework.org/schema/cache/spring-cache-4.2.xsd=org/springframework/cache/config/spring-cache-4.2.xsd, http://www.springframework.org/schema/aop/spring-aop-4.1.xsd=org/springframework/aop/config/spring-aop-4.1.xsd, http://www.springframework.org/schema/context/spring-context-3.1.xsd=org/springframework/context/config/spring-context-3.1.xsd, http://www.springframework.org/schema/data/repository/spring-repository-1.4.xsd=org/springframework/data/repository/config/spring-repository-1.4.xsd, http://www.springframework.org/schema/util/spring-util-3.0.xsd=org/springframework/beans/factory/xml/spring-util-3.0.xsd, http://www.springframework.org/schema/tool/spring-tool.xsd=org/springframework/beans/factory/xml/spring-tool-4.2.xsd, http://www.springframework.org/schema/aop/spring-aop-3.2.xsd=org/springframework/aop/config/spring-aop-3.2.xsd, http://www.springframework.org/schema/lang/spring-lang-4.1.xsd=org/springframework/scripting/config/spring-lang-4.1.xsd, http://www.springframework.org/schema/context/spring-context-4.0.xsd=org/springframework/context/config/spring-context-4.0.xsd, http://www.springframework.org/schema/beans/spring-beans-4.2.xsd=org/springframework/beans/factory/xml/spring-beans-4.2.xsd, http://www.springframework.org/schema/tool/spring-tool-4.1.xsd=org/springframework/beans/factory/xml/spring-tool-4.1.xsd, http://www.springframework.org/schema/lang/spring-lang-3.2.xsd=org/springframework/scripting/config/spring-lang-3.2.xsd, http://www.springframework.org/schema/cache/spring-cache-3.2.xsd=org/springframework/cache/config/spring-cache-3.2.xsd, http://www.springframework.org/schema/jee/spring-jee-4.1.xsd=org/springframework/ejb/config/spring-jee-4.1.xsd, http://www.springframework.org/schema/task/spring-task-4.2.xsd=org/springframework/scheduling/config/spring-task-4.2.xsd, http://www.springframework.org/schema/util/spring-util-2.0.xsd=org/springframework/beans/factory/xml/spring-util-2.0.xsd, http://www.springframework.org/schema/tool/spring-tool-3.2.xsd=org/springframework/beans/factory/xml/spring-tool-3.2.xsd, http://www.springframework.org/schema/context/spring-context.xsd=org/springframework/context/config/spring-context-4.2.xsd, http://www.springframework.org/schema/tx/spring-tx-4.2.xsd=org/springframework/transaction/config/spring-tx-4.2.xsd, http://www.springframework.org/schema/cache/spring-cache-4.1.xsd=org/springframework/cache/config/spring-cache-4.1.xsd, http://www.springframework.org/schema/aop/spring-aop-4.0.xsd=org/springframework/aop/config/spring-aop-4.0.xsd, http://www.springframework.org/schema/jee/spring-jee-3.2.xsd=org/springframework/ejb/config/spring-jee-3.2.xsd, http://www.springframework.org/schema/context/spring-context-3.0.xsd=org/springframework/context/config/spring-context-3.0.xsd, http://www.springframework.org/schema/util/spring-util-2.5.xsd=org/springframework/beans/factory/xml/spring-util-2.5.xsd, http://www.springframework.org/schema/beans/spring-beans-3.2.xsd=org/springframework/beans/factory/xml/spring-beans-3.2.xsd, http://www.springframework.org/schema/aop/spring-aop-3.1.xsd=org/springframework/aop/config/spring-aop-3.1.xsd, http://www.springframework.org/schema/ldap/spring-ldap-2.0.xsd=org/springframework/ldap/config/spring-ldap-2.0.xsd, http://www.springframework.org/schema/lang/spring-lang-4.0.xsd=org/springframework/scripting/config/spring-lang-4.0.xsd, http://www.springframework.org/schema/beans/spring-beans-4.1.xsd=org/springframework/beans/factory/xml/spring-beans-4.1.xsd, http://www.springframework.org/schema/tool/spring-tool-4.0.xsd=org/springframework/beans/factory/xml/spring-tool-4.0.xsd, http://www.springframework.org/schema/tx/spring-tx-3.2.xsd=org/springframework/transaction/config/spring-tx-3.2.xsd, http://www.springframework.org/schema/lang/spring-lang-3.1.xsd=org/springframework/scripting/config/spring-lang-3.1.xsd, http://www.springframework.org/schema/cache/spring-cache-3.1.xsd=org/springframework/cache/config/spring-cache-3.1.xsd, http://www.springframework.org/schema/jee/spring-jee-4.0.xsd=org/springframework/ejb/config/spring-jee-4.0.xsd, http://www.springframework.org/schema/task/spring-task-4.1.xsd=org/springframework/scheduling/config/spring-task-4.1.xsd, http://www.springframework.org/schema/tool/spring-tool-3.1.xsd=org/springframework/beans/factory/xml/spring-tool-3.1.xsd, http://www.springframework.org/schema/tx/spring-tx-4.1.xsd=org/springframework/transaction/config/spring-tx-4.1.xsd, http://www.springframework.org/schema/cache/spring-cache-4.0.xsd=org/springframework/cache/config/spring-cache-4.0.xsd, http://www.springframework.org/schema/jee/spring-jee-3.1.xsd=org/springframework/ejb/config/spring-jee-3.1.xsd, http://www.springframework.org/schema/task/spring-task-3.2.xsd=org/springframework/scheduling/config/spring-task-3.2.xsd, http://www.springframework.org/schema/util/spring-util-4.2.xsd=org/springframework/beans/factory/xml/spring-util-4.2.xsd, http://www.springframework.org/schema/beans/spring-beans-3.1.xsd=org/springframework/beans/factory/xml/spring-beans-3.1.xsd, http://www.springframework.org/schema/util/spring-util.xsd=org/springframework/beans/factory/xml/spring-util-4.2.xsd, http://www.springframework.org/schema/aop/spring-aop-3.0.xsd=org/springframework/aop/config/spring-aop-3.0.xsd, http://www.springframework.org/schema/data/repository/spring-repository.xsd=org/springframework/data/repository/config/spring-repository-1.7.xsd, http://www.springframework.org/schema/data/repository/spring-repository-1.7.xsd=org/springframework/data/repository/config/spring-repository-1.7.xsd, http://www.springframework.org/schema/ldap/spring-ldap.xsd=org/springframework/ldap/config/spring-ldap-2.0.xsd, http://www.springframework.org/schema/beans/spring-beans-4.0.xsd=org/springframework/beans/factory/xml/spring-beans-4.0.xsd, http://www.springframework.org/schema/beans/spring-beans.xsd=org/springframework/beans/factory/xml/spring-beans-4.2.xsd, http://www.springframework.org/schema/tx/spring-tx-3.1.xsd=org/springframework/transaction/config/spring-tx-3.1.xsd, http://www.springframework.org/schema/lang/spring-lang-3.0.xsd=org/springframework/scripting/config/spring-lang-3.0.xsd, http://www.springframework.org/schema/context/spring-context-2.5.xsd=org/springframework/context/config/spring-context-2.5.xsd, http://www.springframework.org/schema/task/spring-task-4.0.xsd=org/springframework/scheduling/config/spring-task-4.0.xsd, http://www.springframework.org/schema/tool/spring-tool-3.0.xsd=org/springframework/beans/factory/xml/spring-tool-3.0.xsd, http://www.springframework.org/schema/tx/spring-tx-4.0.xsd=org/springframework/transaction/config/spring-tx-4.0.xsd, http://www.springframework.org/schema/aop/spring-aop-2.0.xsd=org/springframework/aop/config/spring-aop-2.0.xsd, http://www.springframework.org/schema/jee/spring-jee-3.0.xsd=org/springframework/ejb/config/spring-jee-3.0.xsd, http://www.springframework.org/schema/util/spring-util-4.1.xsd=org/springframework/beans/factory/xml/spring-util-4.1.xsd, http://www.springframework.org/schema/task/spring-task-3.1.xsd=org/springframework/scheduling/config/spring-task-3.1.xsd, http://www.springframework.org/schema/beans/spring-beans-3.0.xsd=org/springframework/beans/factory/xml/spring-beans-3.0.xsd, http://www.springframework.org/schema/jee/spring-jee.xsd=org/springframework/ejb/config/spring-jee-4.2.xsd, http://www.springframework.org/schema/aop/spring-aop-2.5.xsd=org/springframework/aop/config/spring-aop-2.5.xsd, http://www.springframework.org/schema/lang/spring-lang-2.0.xsd=org/springframework/scripting/config/spring-lang-2.0.xsd, http://www.springframework.org/schema/data/repository/spring-repository-1.6.xsd=org/springframework/data/repository/config/spring-repository-1.6.xsd, http://www.springframework.org/schema/util/spring-util-3.2.xsd=org/springframework/beans/factory/xml/spring-util-3.2.xsd, http://www.springframework.org/schema/task/spring-task.xsd=org/springframework/scheduling/config/spring-task-4.2.xsd, http://www.springframework.org/schema/tool/spring-tool-2.0.xsd=org/springframework/beans/factory/xml/spring-tool-2.0.xsd, http://www.springframework.org/schema/tx/spring-tx-3.0.xsd=org/springframework/transaction/config/spring-tx-3.0.xsd, http://www.springframework.org/schema/lang/spring-lang-2.5.xsd=org/springframework/scripting/config/spring-lang-2.5.xsd, http://www.springframework.org/schema/context/spring-context-4.2.xsd=org/springframework/context/config/spring-context-4.2.xsd, http://www.springframework.org/schema/jee/spring-jee-2.0.xsd=org/springframework/ejb/config/spring-jee-2.0.xsd, http://www.springframework.org/schema/tool/spring-tool-2.5.xsd=org/springframework/beans/factory/xml/spring-tool-2.5.xsd, http://www.springframework.org/schema/jee/spring-jee-2.5.xsd=org/springframework/ejb/config/spring-jee-2.5.xsd, http://www.springframework.org/schema/data/repository/spring-repository-1.0.xsd=org/springframework/data/repository/config/spring-repository-1.0.xsd, http://www.springframework.org/schema/util/spring-util-4.0.xsd=org/springframework/beans/factory/xml/spring-util-4.0.xsd, http://www.springframework.org/schema/task/spring-task-3.0.xsd=org/springframework/scheduling/config/spring-task-3.0.xsd, http://www.springframework.org/schema/aop/spring-aop-4.2.xsd=org/springframework/aop/config/spring-aop-4.2.xsd, http://www.springframework.org/schema/lang/spring-lang.xsd=org/springframework/scripting/config/spring-lang-4.2.xsd, http://www.springframework.org/schema/context/spring-context-3.2.xsd=org/springframework/context/config/spring-context-3.2.xsd, http://www.springframework.org/schema/data/repository/spring-repository-1.5.xsd=org/springframework/data/repository/config/spring-repository-1.5.xsd, http://www.springframework.org/schema/util/spring-util-3.1.xsd=org/springframework/beans/factory/xml/spring-util-3.1.xsd, http://www.springframework.org/schema/beans/spring-beans-2.0.xsd=org/springframework/beans/factory/xml/spring-beans-2.0.xsd, http://www.springframework.org/schema/cache/spring-cache.xsd=org/springframework/cache/config/spring-cache-4.2.xsd, http://www.springframework.org/schema/tx/spring-tx.xsd=org/springframework/transaction/config/spring-tx-4.2.xsd, http://www.springframework.org/schema/lang/spring-lang-4.2.xsd=org/springframework/scripting/config/spring-lang-4.2.xsd, http://www.springframework.org/schema/context/spring-context-4.1.xsd=org/springframework/context/config/spring-context-4.1.xsd, http://www.springframework.org/schema/beans/spring-beans-2.5.xsd=org/springframework/beans/factory/xml/spring-beans-2.5.xsd, http://www.springframework.org/schema/tool/spring-tool-4.2.xsd=org/springframework/beans/factory/xml/spring-tool-4.2.xsd, http://www.springframework.org/schema/tx/spring-tx-2.0.xsd=org/springframework/transaction/config/spring-tx-2.0.xsd, http://www.springframework.org/schema/jee/spring-jee-4.2.xsd=org/springframework/ejb/config/spring-jee-4.2.xsd, http://www.springframework.org/schema/aop/spring-aop.xsd=org/springframework/aop/config/spring-aop-4.2.xsd}
2016-02-03 20:36:36,939 DEBUG   main [org.springframework.beans.factory.xml.PluggableSchemaResolver] Found XML schema [http://www.springframework.org/schema/beans/spring-beans.xsd] in classpath: org/springframework/beans/factory/xml/spring-beans-4.2.xsd
2016-02-03 20:36:36,964 TRACE   main [org.springframework.beans.factory.xml.PluggableSchemaResolver] Trying to resolve XML entity with public id [null] and system id [http://www.springframework.org/schema/context/spring-context.xsd]
2016-02-03 20:36:36,965 DEBUG   main [org.springframework.beans.factory.xml.PluggableSchemaResolver] Found XML schema [http://www.springframework.org/schema/context/spring-context.xsd] in classpath: org/springframework/context/config/spring-context-4.2.xsd
2016-02-03 20:36:36,975 TRACE   main [org.springframework.beans.factory.xml.PluggableSchemaResolver] Trying to resolve XML entity with public id [null] and system id [http://www.springframework.org/schema/tool/spring-tool-4.2.xsd]
2016-02-03 20:36:36,976 DEBUG   main [org.springframework.beans.factory.xml.PluggableSchemaResolver] Found XML schema [http://www.springframework.org/schema/tool/spring-tool-4.2.xsd] in classpath: org/springframework/beans/factory/xml/spring-tool-4.2.xsd
2016-02-03 20:36:36,985 TRACE   main [org.springframework.beans.factory.xml.PluggableSchemaResolver] Trying to resolve XML entity with public id [null] and system id [http://www.springframework.org/schema/ldap/spring-ldap.xsd]
2016-02-03 20:36:36,986 DEBUG   main [org.springframework.beans.factory.xml.PluggableSchemaResolver] Found XML schema [http://www.springframework.org/schema/ldap/spring-ldap.xsd] in classpath: org/springframework/ldap/config/spring-ldap-2.0.xsd
2016-02-03 20:36:36,994 TRACE   main [org.springframework.beans.factory.xml.PluggableSchemaResolver] Trying to resolve XML entity with public id [null] and system id [http://www.springframework.org/schema/data/repository/spring-repository.xsd]
2016-02-03 20:36:36,995 DEBUG   main [org.springframework.beans.factory.xml.PluggableSchemaResolver] Found XML schema [http://www.springframework.org/schema/data/repository/spring-repository.xsd] in classpath: org/springframework/data/repository/config/spring-repository-1.7.xsd
2016-02-03 20:36:37,011 DEBUG   main [org.springframework.beans.factory.xml.DefaultBeanDefinitionDocumentReader] Loading bean definitions
2016-02-03 20:36:37,016 DEBUG   main [org.springframework.beans.factory.xml.DefaultNamespaceHandlerResolver] Loaded NamespaceHandler mappings: {http://www.springframework.org/schema/p=org.springframework.beans.factory.xml.SimplePropertyNamespaceHandler, http://www.springframework.org/schema/util=org.springframework.beans.factory.xml.UtilNamespaceHandler, http://www.springframework.org/schema/jee=org.springframework.ejb.config.JeeNamespaceHandler, http://www.springframework.org/schema/aop=org.springframework.aop.config.AopNamespaceHandler, http://www.springframework.org/schema/data/repository=org.springframework.data.repository.config.RepositoryNameSpaceHandler, http://www.springframework.org/schema/cache=org.springframework.cache.config.CacheNamespaceHandler, http://www.springframework.org/schema/c=org.springframework.beans.factory.xml.SimpleConstructorNamespaceHandler, http://www.springframework.org/schema/ldap=org.springframework.ldap.config.LdapNamespaceHandler, http://www.springframework.org/schema/tx=org.springframework.transaction.config.TxNamespaceHandler, http://www.springframework.org/schema/task=org.springframework.scheduling.config.TaskNamespaceHandler, http://www.springframework.org/schema/lang=org.springframework.scripting.config.LangNamespaceHandler, http://www.springframework.org/schema/context=org.springframework.context.config.ContextNamespaceHandler}
2016-02-03 20:36:37,019 DEBUG   main [org.springframework.core.env.StandardEnvironment] Adding [systemProperties] PropertySource with lowest search precedence
2016-02-03 20:36:37,020 DEBUG   main [org.springframework.core.env.StandardEnvironment] Adding [systemEnvironment] PropertySource with lowest search precedence
2016-02-03 20:36:37,020 DEBUG   main [org.springframework.core.env.StandardEnvironment] Initialized StandardEnvironment with PropertySources [systemProperties,systemEnvironment]
2016-02-03 20:36:37,032 DEBUG   main [org.springframework.core.io.support.PathMatchingResourcePatternResolver] Looking for matching resources in directory tree [C:\Eclipse\workspace\spring-ldap-example\bin\ldap\advance\example]
2016-02-03 20:36:37,033 DEBUG   main [org.springframework.core.io.support.PathMatchingResourcePatternResolver] Searching directory [C:\Eclipse\workspace\spring-ldap-example\bin\ldap\advance\example] for files matching pattern [C:/Eclipse/workspace/spring-ldap-example/bin/ldap/advance/example/**/*.class]
2016-02-03 20:36:37,047 DEBUG   main [org.springframework.core.io.support.PathMatchingResourcePatternResolver] Searching directory [C:\Eclipse\workspace\spring-ldap-example\bin\ldap\advance\example\test] for files matching pattern [C:/Eclipse/workspace/spring-ldap-example/bin/ldap/advance/example/**/*.class]
2016-02-03 20:36:37,055 DEBUG   main [org.springframework.core.io.support.PathMatchingResourcePatternResolver] Resolved location pattern [classpath*:ldap/advance/example/**/*.class] to resources [file [C:\Eclipse\workspace\spring-ldap-example\bin\ldap\advance\example\test\LdapApp.class], file [C:\Eclipse\workspace\spring-ldap-example\bin\ldap\advance\example\User.class], file [C:\Eclipse\workspace\spring-ldap-example\bin\ldap\advance\example\UserRepositoryImpl$MultipleAttributesMapper.class], file [C:\Eclipse\workspace\spring-ldap-example\bin\ldap\advance\example\UserRepositoryImpl$SingleAttributesMapper.class], file [C:\Eclipse\workspace\spring-ldap-example\bin\ldap\advance\example\UserRepositoryImpl$UserAttributesMapper.class], file [C:\Eclipse\workspace\spring-ldap-example\bin\ldap\advance\example\UserRepositoryImpl.class], file [C:\Eclipse\workspace\spring-ldap-example\bin\ldap\advance\example\UserRepositoryIntf.class]]
2016-02-03 20:36:37,055 TRACE   main [org.springframework.context.annotation.ClassPathBeanDefinitionScanner] Scanning file [C:\Eclipse\workspace\spring-ldap-example\bin\ldap\advance\example\test\LdapApp.class]
2016-02-03 20:36:37,058 TRACE   main [org.springframework.context.annotation.ClassPathBeanDefinitionScanner] Ignored because not matching any filter: file [C:\Eclipse\workspace\spring-ldap-example\bin\ldap\advance\example\test\LdapApp.class]
2016-02-03 20:36:37,059 TRACE   main [org.springframework.context.annotation.ClassPathBeanDefinitionScanner] Scanning file [C:\Eclipse\workspace\spring-ldap-example\bin\ldap\advance\example\User.class]
2016-02-03 20:36:37,060 TRACE   main [org.springframework.context.annotation.ClassPathBeanDefinitionScanner] Ignored because not matching any filter: file [C:\Eclipse\workspace\spring-ldap-example\bin\ldap\advance\example\User.class]
2016-02-03 20:36:37,061 TRACE   main [org.springframework.context.annotation.ClassPathBeanDefinitionScanner] Scanning file [C:\Eclipse\workspace\spring-ldap-example\bin\ldap\advance\example\UserRepositoryImpl$MultipleAttributesMapper.class]
2016-02-03 20:36:37,062 TRACE   main [org.springframework.context.annotation.ClassPathBeanDefinitionScanner] Ignored because not matching any filter: file [C:\Eclipse\workspace\spring-ldap-example\bin\ldap\advance\example\UserRepositoryImpl$MultipleAttributesMapper.class]
2016-02-03 20:36:37,062 TRACE   main [org.springframework.context.annotation.ClassPathBeanDefinitionScanner] Scanning file [C:\Eclipse\workspace\spring-ldap-example\bin\ldap\advance\example\UserRepositoryImpl$SingleAttributesMapper.class]
2016-02-03 20:36:37,063 TRACE   main [org.springframework.context.annotation.ClassPathBeanDefinitionScanner] Ignored because not matching any filter: file [C:\Eclipse\workspace\spring-ldap-example\bin\ldap\advance\example\UserRepositoryImpl$SingleAttributesMapper.class]
2016-02-03 20:36:37,063 TRACE   main [org.springframework.context.annotation.ClassPathBeanDefinitionScanner] Scanning file [C:\Eclipse\workspace\spring-ldap-example\bin\ldap\advance\example\UserRepositoryImpl$UserAttributesMapper.class]
2016-02-03 20:36:37,064 TRACE   main [org.springframework.context.annotation.ClassPathBeanDefinitionScanner] Ignored because not matching any filter: file [C:\Eclipse\workspace\spring-ldap-example\bin\ldap\advance\example\UserRepositoryImpl$UserAttributesMapper.class]
2016-02-03 20:36:37,064 TRACE   main [org.springframework.context.annotation.ClassPathBeanDefinitionScanner] Scanning file [C:\Eclipse\workspace\spring-ldap-example\bin\ldap\advance\example\UserRepositoryImpl.class]
2016-02-03 20:36:37,066 DEBUG   main [org.springframework.context.annotation.ClassPathBeanDefinitionScanner] Identified candidate component class: file [C:\Eclipse\workspace\spring-ldap-example\bin\ldap\advance\example\UserRepositoryImpl.class]
2016-02-03 20:36:37,066 TRACE   main [org.springframework.context.annotation.ClassPathBeanDefinitionScanner] Scanning file [C:\Eclipse\workspace\spring-ldap-example\bin\ldap\advance\example\UserRepositoryIntf.class]
2016-02-03 20:36:37,067 TRACE   main [org.springframework.context.annotation.ClassPathBeanDefinitionScanner] Ignored because not matching any filter: file [C:\Eclipse\workspace\spring-ldap-example\bin\ldap\advance\example\UserRepositoryIntf.class]
2016-02-03 20:36:37,071 DEBUG   main [org.springframework.beans.factory.xml.XmlBeanDefinitionReader] Loaded 9 bean definitions from location pattern [spring-ldap-example.xml]
2016-02-03 20:36:37,071 DEBUG   main [org.springframework.context.support.ClassPathXmlApplicationContext] Bean factory for org.springframework.context.support.ClassPathXmlApplicationContext@3eed2cab: org.springframework.beans.factory.support.DefaultListableBeanFactory@265e65c6: defining beans [userRepositoryImpl,org.springframework.context.annotation.internalConfigurationAnnotationProcessor,org.springframework.context.annotation.internalAutowiredAnnotationProcessor,org.springframework.context.annotation.internalRequiredAnnotationProcessor,org.springframework.context.annotation.internalCommonAnnotationProcessor,simpleDirContextAuthenticationStrategy,userReposImpl,contextSource,ldapTemplate]; root of factory hierarchy
2016-02-03 20:36:37,074 DEBUG   main [org.springframework.beans.factory.support.DefaultListableBeanFactory] Creating shared instance of singleton bean 'org.springframework.context.annotation.internalConfigurationAnnotationProcessor'
2016-02-03 20:36:37,074 DEBUG   main [org.springframework.beans.factory.support.DefaultListableBeanFactory] Creating instance of bean 'org.springframework.context.annotation.internalConfigurationAnnotationProcessor'
2016-02-03 20:36:37,074 DEBUG   main [org.springframework.beans.factory.support.DefaultListableBeanFactory] Eagerly caching bean 'org.springframework.context.annotation.internalConfigurationAnnotationProcessor' to allow for resolving potential circular references
2016-02-03 20:36:37,075 DEBUG   main [org.springframework.beans.factory.support.DefaultListableBeanFactory] Finished creating instance of bean 'org.springframework.context.annotation.internalConfigurationAnnotationProcessor'
2016-02-03 20:36:37,096 DEBUG   main [org.springframework.beans.factory.support.DefaultListableBeanFactory] Creating shared instance of singleton bean 'org.springframework.context.annotation.internalAutowiredAnnotationProcessor'
2016-02-03 20:36:37,096 DEBUG   main [org.springframework.beans.factory.support.DefaultListableBeanFactory] Creating instance of bean 'org.springframework.context.annotation.internalAutowiredAnnotationProcessor'
2016-02-03 20:36:37,098 DEBUG   main [org.springframework.beans.factory.support.DefaultListableBeanFactory] Eagerly caching bean 'org.springframework.context.annotation.internalAutowiredAnnotationProcessor' to allow for resolving potential circular references
2016-02-03 20:36:37,098 DEBUG   main [org.springframework.beans.factory.support.DefaultListableBeanFactory] Finished creating instance of bean 'org.springframework.context.annotation.internalAutowiredAnnotationProcessor'
2016-02-03 20:36:37,098 DEBUG   main [org.springframework.beans.factory.support.DefaultListableBeanFactory] Creating shared instance of singleton bean 'org.springframework.context.annotation.internalRequiredAnnotationProcessor'
2016-02-03 20:36:37,098 DEBUG   main [org.springframework.beans.factory.support.DefaultListableBeanFactory] Creating instance of bean 'org.springframework.context.annotation.internalRequiredAnnotationProcessor'
2016-02-03 20:36:37,098 DEBUG   main [org.springframework.beans.factory.support.DefaultListableBeanFactory] Eagerly caching bean 'org.springframework.context.annotation.internalRequiredAnnotationProcessor' to allow for resolving potential circular references
2016-02-03 20:36:37,098 DEBUG   main [org.springframework.beans.factory.support.DefaultListableBeanFactory] Finished creating instance of bean 'org.springframework.context.annotation.internalRequiredAnnotationProcessor'
2016-02-03 20:36:37,099 DEBUG   main [org.springframework.beans.factory.support.DefaultListableBeanFactory] Creating shared instance of singleton bean 'org.springframework.context.annotation.internalCommonAnnotationProcessor'
2016-02-03 20:36:37,099 DEBUG   main [org.springframework.beans.factory.support.DefaultListableBeanFactory] Creating instance of bean 'org.springframework.context.annotation.internalCommonAnnotationProcessor'
2016-02-03 20:36:37,099 DEBUG   main [org.springframework.beans.factory.support.DefaultListableBeanFactory] Eagerly caching bean 'org.springframework.context.annotation.internalCommonAnnotationProcessor' to allow for resolving potential circular references
2016-02-03 20:36:37,099 DEBUG   main [org.springframework.beans.factory.support.DefaultListableBeanFactory] Finished creating instance of bean 'org.springframework.context.annotation.internalCommonAnnotationProcessor'
2016-02-03 20:36:37,099 DEBUG   main [org.springframework.beans.factory.support.DefaultListableBeanFactory] Creating shared instance of singleton bean 'org.springframework.context.annotation.ConfigurationClassPostProcessor.importAwareProcessor'
2016-02-03 20:36:37,099 DEBUG   main [org.springframework.beans.factory.support.DefaultListableBeanFactory] Creating instance of bean 'org.springframework.context.annotation.ConfigurationClassPostProcessor.importAwareProcessor'
2016-02-03 20:36:37,099 DEBUG   main [org.springframework.beans.factory.support.DefaultListableBeanFactory] Eagerly caching bean 'org.springframework.context.annotation.ConfigurationClassPostProcessor.importAwareProcessor' to allow for resolving potential circular references
2016-02-03 20:36:37,100 DEBUG   main [org.springframework.beans.factory.support.DefaultListableBeanFactory] Finished creating instance of bean 'org.springframework.context.annotation.ConfigurationClassPostProcessor.importAwareProcessor'
2016-02-03 20:36:37,104 DEBUG   main [org.springframework.beans.factory.support.DefaultListableBeanFactory] Creating shared instance of singleton bean 'org.springframework.context.annotation.ConfigurationClassPostProcessor.enhancedConfigurationProcessor'
2016-02-03 20:36:37,104 DEBUG   main [org.springframework.beans.factory.support.DefaultListableBeanFactory] Creating instance of bean 'org.springframework.context.annotation.ConfigurationClassPostProcessor.enhancedConfigurationProcessor'
2016-02-03 20:36:37,104 DEBUG   main [org.springframework.beans.factory.support.DefaultListableBeanFactory] Eagerly caching bean 'org.springframework.context.annotation.ConfigurationClassPostProcessor.enhancedConfigurationProcessor' to allow for resolving potential circular references
2016-02-03 20:36:37,104 DEBUG   main [org.springframework.beans.factory.support.DefaultListableBeanFactory] Finished creating instance of bean 'org.springframework.context.annotation.ConfigurationClassPostProcessor.enhancedConfigurationProcessor'
2016-02-03 20:36:37,105 DEBUG   main [org.springframework.context.support.ClassPathXmlApplicationContext] Unable to locate MessageSource with name 'messageSource': using default [org.springframework.context.support.DelegatingMessageSource@64b0a168]
2016-02-03 20:36:37,105 DEBUG   main [org.springframework.context.support.ClassPathXmlApplicationContext] Unable to locate ApplicationEventMulticaster with name 'applicationEventMulticaster': using default [org.springframework.context.event.SimpleApplicationEventMulticaster@834e67d]
2016-02-03 20:36:37,106 DEBUG   main [org.springframework.beans.factory.support.DefaultListableBeanFactory] Pre-instantiating singletons in org.springframework.beans.factory.support.DefaultListableBeanFactory@265e65c6: defining beans [userRepositoryImpl,org.springframework.context.annotation.internalConfigurationAnnotationProcessor,org.springframework.context.annotation.internalAutowiredAnnotationProcessor,org.springframework.context.annotation.internalRequiredAnnotationProcessor,org.springframework.context.annotation.internalCommonAnnotationProcessor,simpleDirContextAuthenticationStrategy,userReposImpl,contextSource,ldapTemplate,org.springframework.context.annotation.ConfigurationClassPostProcessor.importAwareProcessor,org.springframework.context.annotation.ConfigurationClassPostProcessor.enhancedConfigurationProcessor]; root of factory hierarchy
2016-02-03 20:36:37,106 DEBUG   main [org.springframework.beans.factory.support.DefaultListableBeanFactory] Creating shared instance of singleton bean 'userRepositoryImpl'
2016-02-03 20:36:37,106 DEBUG   main [org.springframework.beans.factory.support.DefaultListableBeanFactory] Creating instance of bean 'userRepositoryImpl'
2016-02-03 20:36:37,107 DEBUG   main [org.springframework.beans.factory.annotation.InjectionMetadata] Registered injected element on class [ldap.advance.example.UserRepositoryImpl]: AutowiredFieldElement for private org.springframework.ldap.core.LdapTemplate ldap.advance.example.UserRepositoryImpl.ldapTemplate
2016-02-03 20:36:37,107 DEBUG   main [org.springframework.beans.factory.support.DefaultListableBeanFactory] Eagerly caching bean 'userRepositoryImpl' to allow for resolving potential circular references
2016-02-03 20:36:37,107 DEBUG   main [org.springframework.beans.factory.annotation.InjectionMetadata] Processing injected element of bean 'userRepositoryImpl': AutowiredFieldElement for private org.springframework.ldap.core.LdapTemplate ldap.advance.example.UserRepositoryImpl.ldapTemplate
2016-02-03 20:36:37,108 DEBUG   main [org.springframework.beans.factory.support.DefaultListableBeanFactory] Creating shared instance of singleton bean 'ldapTemplate'
2016-02-03 20:36:37,108 DEBUG   main [org.springframework.beans.factory.support.DefaultListableBeanFactory] Creating instance of bean 'ldapTemplate'
2016-02-03 20:36:37,110 DEBUG   main [org.springframework.beans.factory.support.DefaultListableBeanFactory] Eagerly caching bean 'ldapTemplate' to allow for resolving potential circular references
2016-02-03 20:36:37,111 DEBUG   main [org.springframework.beans.factory.support.DefaultListableBeanFactory] Creating shared instance of singleton bean 'contextSource'
2016-02-03 20:36:37,111 DEBUG   main [org.springframework.beans.factory.support.DefaultListableBeanFactory] Creating instance of bean 'contextSource'
2016-02-03 20:36:37,111 DEBUG   main [org.springframework.beans.factory.support.DefaultListableBeanFactory] Creating instance of bean '(inner bean)#49081cc0'
2016-02-03 20:36:37,113 DEBUG   main [org.springframework.beans.factory.support.DefaultListableBeanFactory] Creating instance of bean '(inner bean)#3397a6b5'
2016-02-03 20:36:37,114 DEBUG   main [org.springframework.beans.factory.support.DefaultListableBeanFactory] Finished creating instance of bean '(inner bean)#3397a6b5'
2016-02-03 20:36:37,114 DEBUG   main [org.springframework.beans.factory.support.DefaultListableBeanFactory] Creating shared instance of singleton bean 'simpleDirContextAuthenticationStrategy'
2016-02-03 20:36:37,115 DEBUG   main [org.springframework.beans.factory.support.DefaultListableBeanFactory] Creating instance of bean 'simpleDirContextAuthenticationStrategy'
2016-02-03 20:36:37,115 DEBUG   main [org.springframework.beans.factory.support.DefaultListableBeanFactory] Eagerly caching bean 'simpleDirContextAuthenticationStrategy' to allow for resolving potential circular references
2016-02-03 20:36:37,115 DEBUG   main [org.springframework.beans.factory.support.DefaultListableBeanFactory] Finished creating instance of bean 'simpleDirContextAuthenticationStrategy'
2016-02-03 20:36:37,116 DEBUG   main [org.springframework.beans.factory.support.DefaultListableBeanFactory] Invoking afterPropertiesSet() on bean with name '(inner bean)#49081cc0'
2016-02-03 20:36:37,117 DEBUG   main [org.springframework.beans.factory.support.DefaultListableBeanFactory] Finished creating instance of bean '(inner bean)#49081cc0'
2016-02-03 20:36:37,120 DEBUG   main [org.springframework.beans.factory.support.DefaultListableBeanFactory] Eagerly caching bean 'contextSource' to allow for resolving potential circular references
2016-02-03 20:36:37,121 DEBUG   main [org.springframework.beans.factory.support.DefaultListableBeanFactory] Finished creating instance of bean 'contextSource'
2016-02-03 20:36:37,121 DEBUG   main [org.springframework.beans.factory.support.DefaultListableBeanFactory] Invoking afterPropertiesSet() on bean with name 'ldapTemplate'
2016-02-03 20:36:37,121 DEBUG   main [org.springframework.beans.factory.support.DefaultListableBeanFactory] Finished creating instance of bean 'ldapTemplate'
2016-02-03 20:36:37,121 DEBUG   main [org.springframework.beans.factory.annotation.AutowiredAnnotationBeanPostProcessor] Autowiring by type from bean name 'userRepositoryImpl' to bean named 'ldapTemplate'
2016-02-03 20:36:37,121 DEBUG   main [org.springframework.beans.factory.support.DefaultListableBeanFactory] Finished creating instance of bean 'userRepositoryImpl'
2016-02-03 20:36:37,122 DEBUG   main [org.springframework.beans.factory.support.DefaultListableBeanFactory] Returning cached instance of singleton bean 'org.springframework.context.annotation.internalConfigurationAnnotationProcessor'
2016-02-03 20:36:37,122 DEBUG   main [org.springframework.beans.factory.support.DefaultListableBeanFactory] Returning cached instance of singleton bean 'org.springframework.context.annotation.internalAutowiredAnnotationProcessor'
2016-02-03 20:36:37,122 DEBUG   main [org.springframework.beans.factory.support.DefaultListableBeanFactory] Returning cached instance of singleton bean 'org.springframework.context.annotation.internalRequiredAnnotationProcessor'
2016-02-03 20:36:37,122 DEBUG   main [org.springframework.beans.factory.support.DefaultListableBeanFactory] Returning cached instance of singleton bean 'org.springframework.context.annotation.internalCommonAnnotationProcessor'
2016-02-03 20:36:37,122 DEBUG   main [org.springframework.beans.factory.support.DefaultListableBeanFactory] Returning cached instance of singleton bean 'simpleDirContextAuthenticationStrategy'
2016-02-03 20:36:37,122 DEBUG   main [org.springframework.beans.factory.support.DefaultListableBeanFactory] Creating shared instance of singleton bean 'userReposImpl'
2016-02-03 20:36:37,123 DEBUG   main [org.springframework.beans.factory.support.DefaultListableBeanFactory] Creating instance of bean 'userReposImpl'
2016-02-03 20:36:37,123 DEBUG   main [org.springframework.beans.factory.annotation.InjectionMetadata] Registered injected element on class [ldap.advance.example.UserRepositoryImpl]: AutowiredFieldElement for private org.springframework.ldap.core.LdapTemplate ldap.advance.example.UserRepositoryImpl.ldapTemplate
2016-02-03 20:36:37,123 DEBUG   main [org.springframework.beans.factory.support.DefaultListableBeanFactory] Eagerly caching bean 'userReposImpl' to allow for resolving potential circular references
2016-02-03 20:36:37,124 DEBUG   main [org.springframework.beans.factory.annotation.InjectionMetadata] Processing injected element of bean 'userReposImpl': AutowiredFieldElement for private org.springframework.ldap.core.LdapTemplate ldap.advance.example.UserRepositoryImpl.ldapTemplate
2016-02-03 20:36:37,124 DEBUG   main [org.springframework.beans.factory.support.DefaultListableBeanFactory] Returning cached instance of singleton bean 'ldapTemplate'
2016-02-03 20:36:37,124 DEBUG   main [org.springframework.beans.factory.annotation.AutowiredAnnotationBeanPostProcessor] Autowiring by type from bean name 'userReposImpl' to bean named 'ldapTemplate'
2016-02-03 20:36:37,124 DEBUG   main [org.springframework.beans.factory.support.DefaultListableBeanFactory] Finished creating instance of bean 'userReposImpl'
2016-02-03 20:36:37,124 DEBUG   main [org.springframework.beans.factory.support.DefaultListableBeanFactory] Returning cached instance of singleton bean 'contextSource'
2016-02-03 20:36:37,125 DEBUG   main [org.springframework.beans.factory.support.DefaultListableBeanFactory] Returning cached instance of singleton bean 'ldapTemplate'
2016-02-03 20:36:37,125 DEBUG   main [org.springframework.beans.factory.support.DefaultListableBeanFactory] Returning cached instance of singleton bean 'org.springframework.context.annotation.ConfigurationClassPostProcessor.importAwareProcessor'
2016-02-03 20:36:37,125 DEBUG   main [org.springframework.beans.factory.support.DefaultListableBeanFactory] Returning cached instance of singleton bean 'org.springframework.context.annotation.ConfigurationClassPostProcessor.enhancedConfigurationProcessor'
2016-02-03 20:36:37,125 DEBUG   main [org.springframework.context.support.ClassPathXmlApplicationContext] Unable to locate LifecycleProcessor with name 'lifecycleProcessor': using default [org.springframework.context.support.DefaultLifecycleProcessor@28636808]
2016-02-03 20:36:37,125 DEBUG   main [org.springframework.beans.factory.support.DefaultListableBeanFactory] Returning cached instance of singleton bean 'lifecycleProcessor'
2016-02-03 20:36:37,125 TRACE   main [org.springframework.context.support.ClassPathXmlApplicationContext] Publishing event in org.springframework.context.support.ClassPathXmlApplicationContext@3eed2cab: org.springframework.context.event.ContextRefreshedEvent[source=org.springframework.context.support.ClassPathXmlApplicationContext@3eed2cab: startup date [Wed Feb 03 20:36:36 EST 2016]; root of context hierarchy]
2016-02-03 20:36:37,126 TRACE   main [org.springframework.core.env.PropertySourcesPropertyResolver] getProperty("spring.liveBeansView.mbeanDomain", String)
2016-02-03 20:36:37,126 DEBUG   main [org.springframework.core.env.PropertySourcesPropertyResolver] Searching for key 'spring.liveBeansView.mbeanDomain' in [systemProperties]
2016-02-03 20:36:37,126 DEBUG   main [org.springframework.core.env.PropertySourcesPropertyResolver] Searching for key 'spring.liveBeansView.mbeanDomain' in [systemEnvironment]
2016-02-03 20:36:37,126 DEBUG   main [org.springframework.core.env.PropertySourcesPropertyResolver] Could not find key 'spring.liveBeansView.mbeanDomain' in any property source. Returning [null]
2016-02-03 20:36:37,126 INFO   main [ldap.advance.example.UserRepositoryImpl] executing {getUserDetails}
2016-02-03 20:36:37,129 INFO   main [ldap.advance.example.test.LdapApp] 
 =>User [uid=spring_ldap_test, cn=spring_ldap_test, sn=spring_ldap_test, userPassword={SSHA}hDdT+HPg1qjkh/6WGPjEnRkq2Wea6H8zEDwS7g==, postalAddress=spring_ldap_test, telephoneNumber=9830098301]
2016-02-03 20:36:37,129 INFO   main [ldap.advance.example.UserRepositoryImpl] executing {getUserDetails}
2016-02-03 20:36:37,134 INFO   main [ldap.advance.example.UserRepositoryImpl] telephoneNumber	 | 9830098301
2016-02-03 20:36:37,134 INFO   main [ldap.advance.example.UserRepositoryImpl] userPassword	 | [B@6bdc8ed4
2016-02-03 20:36:37,134 INFO   main [ldap.advance.example.UserRepositoryImpl] uid	 | spring_ldap_test
2016-02-03 20:36:37,134 INFO   main [ldap.advance.example.UserRepositoryImpl] objectClass	 | organizationalPerson
2016-02-03 20:36:37,135 INFO   main [ldap.advance.example.UserRepositoryImpl] postalAddress	 | spring_ldap_test
2016-02-03 20:36:37,135 INFO   main [ldap.advance.example.UserRepositoryImpl] sn	 | spring_ldap_test
2016-02-03 20:36:37,135 INFO   main [ldap.advance.example.UserRepositoryImpl] cn	 | spring_ldap_test
2016-02-03 20:36:37,135 INFO   main [ldap.advance.example.test.LdapApp] 
 =>
 Result { 
 	 |_  #telephoneNumber= [ 9830098301 ]  
 	 |_  #userPassword= [ [B@6bdc8ed4 ]  
 	 |_  #uid= [ spring_ldap_test ]  
 	 |_  #objectClass= [ organizationalPerson ]  
 	 |_  #postalAddress= [ spring_ldap_test ]  
 	 |_  #sn= [ spring_ldap_test ]  
 	 |_  #cn= [ spring_ldap_test ]  

 } 
2016-02-03 20:36:37,136 INFO   main [ldap.advance.example.UserRepositoryImpl] executing {updateTelePhone}
2016-02-03 20:36:37,706 INFO   main [ldap.advance.example.UserRepositoryImpl] executing {getUserDetails}
2016-02-03 20:36:37,708 INFO   main [ldap.advance.example.test.LdapApp] 
 =>User [uid=spring_ldap_test, cn=spring_ldap_test, sn=spring_ldap_test, userPassword={SSHA}hDdT+HPg1qjkh/6WGPjEnRkq2Wea6H8zEDwS7g==, postalAddress=spring_ldap_test, telephoneNumber=(630)728-2091]
2016-02-03 20:36:38,437 INFO   main [ldap.advance.example.test.LdapApp] 
 =>true
2016-02-03 20:36:38,439 INFO   main [org.springframework.context.support.ClassPathXmlApplicationContext] Closing org.springframework.context.support.ClassPathXmlApplicationContext@3eed2cab: startup date [Wed Feb 03 20:36:36 EST 2016]; root of context hierarchy
2016-02-03 20:36:38,439 TRACE   main [org.springframework.context.support.ClassPathXmlApplicationContext] Publishing event in org.springframework.context.support.ClassPathXmlApplicationContext@3eed2cab: org.springframework.context.event.ContextClosedEvent[source=org.springframework.context.support.ClassPathXmlApplicationContext@3eed2cab: startup date [Wed Feb 03 20:36:36 EST 2016]; root of context hierarchy]
2016-02-03 20:36:38,439 DEBUG   main [org.springframework.beans.factory.support.DefaultListableBeanFactory] Returning cached instance of singleton bean 'lifecycleProcessor'
2016-02-03 20:36:38,439 DEBUG   main [org.springframework.beans.factory.support.DefaultListableBeanFactory] Destroying singletons in org.springframework.beans.factory.support.DefaultListableBeanFactory@265e65c6: defining beans [userRepositoryImpl,org.springframework.context.annotation.internalConfigurationAnnotationProcessor,org.springframework.context.annotation.internalAutowiredAnnotationProcessor,org.springframework.context.annotation.internalRequiredAnnotationProcessor,org.springframework.context.annotation.internalCommonAnnotationProcessor,simpleDirContextAuthenticationStrategy,userReposImpl,contextSource,ldapTemplate,org.springframework.context.annotation.ConfigurationClassPostProcessor.importAwareProcessor,org.springframework.context.annotation.ConfigurationClassPostProcessor.enhancedConfigurationProcessor]; root of factory hierarchy
2016-02-03 20:36:38,440 DEBUG   main [org.springframework.beans.factory.support.DefaultListableBeanFactory] Retrieved dependent beans for bean '(inner bean)#49081cc0': [contextSource]
2016-02-03 20:36:38,440 DEBUG   main [org.springframework.beans.factory.support.DefaultListableBeanFactory] Retrieved dependent beans for bean '(inner bean)#3397a6b5': [(inner bean)#49081cc0]
2016-02-03 20:38:08,237 DEBUG   main [org.springframework.core.env.StandardEnvironment] Adding [systemProperties] PropertySource with lowest search precedence
2016-02-03 20:38:08,244 DEBUG   main [org.springframework.core.env.StandardEnvironment] Adding [systemEnvironment] PropertySource with lowest search precedence
2016-02-03 20:38:08,244 DEBUG   main [org.springframework.core.env.StandardEnvironment] Initialized StandardEnvironment with PropertySources [systemProperties,systemEnvironment]
2016-02-03 20:38:08,249 INFO   main [org.springframework.context.support.ClassPathXmlApplicationContext] Refreshing org.springframework.context.support.ClassPathXmlApplicationContext@450faed3: startup date [Wed Feb 03 20:38:08 EST 2016]; root of context hierarchy
2016-02-03 20:38:08,301 DEBUG   main [org.springframework.core.env.StandardEnvironment] Adding [systemProperties] PropertySource with lowest search precedence
2016-02-03 20:38:08,302 DEBUG   main [org.springframework.core.env.StandardEnvironment] Adding [systemEnvironment] PropertySource with lowest search precedence
2016-02-03 20:38:08,302 DEBUG   main [org.springframework.core.env.StandardEnvironment] Initialized StandardEnvironment with PropertySources [systemProperties,systemEnvironment]
2016-02-03 20:38:08,318 INFO   main [org.springframework.beans.factory.xml.XmlBeanDefinitionReader] Loading XML bean definitions from class path resource [spring-ldap-example.xml]
2016-02-03 20:38:08,321 DEBUG   main [org.springframework.beans.factory.xml.DefaultDocumentLoader] Using JAXP provider [com.sun.org.apache.xerces.internal.jaxp.DocumentBuilderFactoryImpl]
2016-02-03 20:38:08,359 TRACE   main [org.springframework.beans.factory.xml.PluggableSchemaResolver] Trying to resolve XML entity with public id [null] and system id [http://www.springframework.org/schema/beans/spring-beans.xsd]
2016-02-03 20:38:08,359 DEBUG   main [org.springframework.beans.factory.xml.PluggableSchemaResolver] Loading schema mappings from [META-INF/spring.schemas]
2016-02-03 20:38:08,385 DEBUG   main [org.springframework.beans.factory.xml.PluggableSchemaResolver] Loaded schema mappings: {http://www.springframework.org/schema/tx/spring-tx-2.5.xsd=org/springframework/transaction/config/spring-tx-2.5.xsd, http://www.springframework.org/schema/cache/spring-cache-4.2.xsd=org/springframework/cache/config/spring-cache-4.2.xsd, http://www.springframework.org/schema/aop/spring-aop-4.1.xsd=org/springframework/aop/config/spring-aop-4.1.xsd, http://www.springframework.org/schema/context/spring-context-3.1.xsd=org/springframework/context/config/spring-context-3.1.xsd, http://www.springframework.org/schema/data/repository/spring-repository-1.4.xsd=org/springframework/data/repository/config/spring-repository-1.4.xsd, http://www.springframework.org/schema/util/spring-util-3.0.xsd=org/springframework/beans/factory/xml/spring-util-3.0.xsd, http://www.springframework.org/schema/tool/spring-tool.xsd=org/springframework/beans/factory/xml/spring-tool-4.2.xsd, http://www.springframework.org/schema/aop/spring-aop-3.2.xsd=org/springframework/aop/config/spring-aop-3.2.xsd, http://www.springframework.org/schema/lang/spring-lang-4.1.xsd=org/springframework/scripting/config/spring-lang-4.1.xsd, http://www.springframework.org/schema/context/spring-context-4.0.xsd=org/springframework/context/config/spring-context-4.0.xsd, http://www.springframework.org/schema/beans/spring-beans-4.2.xsd=org/springframework/beans/factory/xml/spring-beans-4.2.xsd, http://www.springframework.org/schema/tool/spring-tool-4.1.xsd=org/springframework/beans/factory/xml/spring-tool-4.1.xsd, http://www.springframework.org/schema/lang/spring-lang-3.2.xsd=org/springframework/scripting/config/spring-lang-3.2.xsd, http://www.springframework.org/schema/cache/spring-cache-3.2.xsd=org/springframework/cache/config/spring-cache-3.2.xsd, http://www.springframework.org/schema/jee/spring-jee-4.1.xsd=org/springframework/ejb/config/spring-jee-4.1.xsd, http://www.springframework.org/schema/task/spring-task-4.2.xsd=org/springframework/scheduling/config/spring-task-4.2.xsd, http://www.springframework.org/schema/util/spring-util-2.0.xsd=org/springframework/beans/factory/xml/spring-util-2.0.xsd, http://www.springframework.org/schema/tool/spring-tool-3.2.xsd=org/springframework/beans/factory/xml/spring-tool-3.2.xsd, http://www.springframework.org/schema/context/spring-context.xsd=org/springframework/context/config/spring-context-4.2.xsd, http://www.springframework.org/schema/tx/spring-tx-4.2.xsd=org/springframework/transaction/config/spring-tx-4.2.xsd, http://www.springframework.org/schema/cache/spring-cache-4.1.xsd=org/springframework/cache/config/spring-cache-4.1.xsd, http://www.springframework.org/schema/aop/spring-aop-4.0.xsd=org/springframework/aop/config/spring-aop-4.0.xsd, http://www.springframework.org/schema/jee/spring-jee-3.2.xsd=org/springframework/ejb/config/spring-jee-3.2.xsd, http://www.springframework.org/schema/context/spring-context-3.0.xsd=org/springframework/context/config/spring-context-3.0.xsd, http://www.springframework.org/schema/util/spring-util-2.5.xsd=org/springframework/beans/factory/xml/spring-util-2.5.xsd, http://www.springframework.org/schema/beans/spring-beans-3.2.xsd=org/springframework/beans/factory/xml/spring-beans-3.2.xsd, http://www.springframework.org/schema/aop/spring-aop-3.1.xsd=org/springframework/aop/config/spring-aop-3.1.xsd, http://www.springframework.org/schema/ldap/spring-ldap-2.0.xsd=org/springframework/ldap/config/spring-ldap-2.0.xsd, http://www.springframework.org/schema/lang/spring-lang-4.0.xsd=org/springframework/scripting/config/spring-lang-4.0.xsd, http://www.springframework.org/schema/beans/spring-beans-4.1.xsd=org/springframework/beans/factory/xml/spring-beans-4.1.xsd, http://www.springframework.org/schema/tool/spring-tool-4.0.xsd=org/springframework/beans/factory/xml/spring-tool-4.0.xsd, http://www.springframework.org/schema/tx/spring-tx-3.2.xsd=org/springframework/transaction/config/spring-tx-3.2.xsd, http://www.springframework.org/schema/lang/spring-lang-3.1.xsd=org/springframework/scripting/config/spring-lang-3.1.xsd, http://www.springframework.org/schema/cache/spring-cache-3.1.xsd=org/springframework/cache/config/spring-cache-3.1.xsd, http://www.springframework.org/schema/jee/spring-jee-4.0.xsd=org/springframework/ejb/config/spring-jee-4.0.xsd, http://www.springframework.org/schema/task/spring-task-4.1.xsd=org/springframework/scheduling/config/spring-task-4.1.xsd, http://www.springframework.org/schema/tool/spring-tool-3.1.xsd=org/springframework/beans/factory/xml/spring-tool-3.1.xsd, http://www.springframework.org/schema/tx/spring-tx-4.1.xsd=org/springframework/transaction/config/spring-tx-4.1.xsd, http://www.springframework.org/schema/cache/spring-cache-4.0.xsd=org/springframework/cache/config/spring-cache-4.0.xsd, http://www.springframework.org/schema/jee/spring-jee-3.1.xsd=org/springframework/ejb/config/spring-jee-3.1.xsd, http://www.springframework.org/schema/task/spring-task-3.2.xsd=org/springframework/scheduling/config/spring-task-3.2.xsd, http://www.springframework.org/schema/util/spring-util-4.2.xsd=org/springframework/beans/factory/xml/spring-util-4.2.xsd, http://www.springframework.org/schema/beans/spring-beans-3.1.xsd=org/springframework/beans/factory/xml/spring-beans-3.1.xsd, http://www.springframework.org/schema/util/spring-util.xsd=org/springframework/beans/factory/xml/spring-util-4.2.xsd, http://www.springframework.org/schema/aop/spring-aop-3.0.xsd=org/springframework/aop/config/spring-aop-3.0.xsd, http://www.springframework.org/schema/data/repository/spring-repository.xsd=org/springframework/data/repository/config/spring-repository-1.7.xsd, http://www.springframework.org/schema/data/repository/spring-repository-1.7.xsd=org/springframework/data/repository/config/spring-repository-1.7.xsd, http://www.springframework.org/schema/ldap/spring-ldap.xsd=org/springframework/ldap/config/spring-ldap-2.0.xsd, http://www.springframework.org/schema/beans/spring-beans-4.0.xsd=org/springframework/beans/factory/xml/spring-beans-4.0.xsd, http://www.springframework.org/schema/beans/spring-beans.xsd=org/springframework/beans/factory/xml/spring-beans-4.2.xsd, http://www.springframework.org/schema/tx/spring-tx-3.1.xsd=org/springframework/transaction/config/spring-tx-3.1.xsd, http://www.springframework.org/schema/lang/spring-lang-3.0.xsd=org/springframework/scripting/config/spring-lang-3.0.xsd, http://www.springframework.org/schema/context/spring-context-2.5.xsd=org/springframework/context/config/spring-context-2.5.xsd, http://www.springframework.org/schema/task/spring-task-4.0.xsd=org/springframework/scheduling/config/spring-task-4.0.xsd, http://www.springframework.org/schema/tool/spring-tool-3.0.xsd=org/springframework/beans/factory/xml/spring-tool-3.0.xsd, http://www.springframework.org/schema/tx/spring-tx-4.0.xsd=org/springframework/transaction/config/spring-tx-4.0.xsd, http://www.springframework.org/schema/aop/spring-aop-2.0.xsd=org/springframework/aop/config/spring-aop-2.0.xsd, http://www.springframework.org/schema/jee/spring-jee-3.0.xsd=org/springframework/ejb/config/spring-jee-3.0.xsd, http://www.springframework.org/schema/util/spring-util-4.1.xsd=org/springframework/beans/factory/xml/spring-util-4.1.xsd, http://www.springframework.org/schema/task/spring-task-3.1.xsd=org/springframework/scheduling/config/spring-task-3.1.xsd, http://www.springframework.org/schema/beans/spring-beans-3.0.xsd=org/springframework/beans/factory/xml/spring-beans-3.0.xsd, http://www.springframework.org/schema/jee/spring-jee.xsd=org/springframework/ejb/config/spring-jee-4.2.xsd, http://www.springframework.org/schema/aop/spring-aop-2.5.xsd=org/springframework/aop/config/spring-aop-2.5.xsd, http://www.springframework.org/schema/lang/spring-lang-2.0.xsd=org/springframework/scripting/config/spring-lang-2.0.xsd, http://www.springframework.org/schema/data/repository/spring-repository-1.6.xsd=org/springframework/data/repository/config/spring-repository-1.6.xsd, http://www.springframework.org/schema/util/spring-util-3.2.xsd=org/springframework/beans/factory/xml/spring-util-3.2.xsd, http://www.springframework.org/schema/task/spring-task.xsd=org/springframework/scheduling/config/spring-task-4.2.xsd, http://www.springframework.org/schema/tool/spring-tool-2.0.xsd=org/springframework/beans/factory/xml/spring-tool-2.0.xsd, http://www.springframework.org/schema/tx/spring-tx-3.0.xsd=org/springframework/transaction/config/spring-tx-3.0.xsd, http://www.springframework.org/schema/lang/spring-lang-2.5.xsd=org/springframework/scripting/config/spring-lang-2.5.xsd, http://www.springframework.org/schema/context/spring-context-4.2.xsd=org/springframework/context/config/spring-context-4.2.xsd, http://www.springframework.org/schema/jee/spring-jee-2.0.xsd=org/springframework/ejb/config/spring-jee-2.0.xsd, http://www.springframework.org/schema/tool/spring-tool-2.5.xsd=org/springframework/beans/factory/xml/spring-tool-2.5.xsd, http://www.springframework.org/schema/jee/spring-jee-2.5.xsd=org/springframework/ejb/config/spring-jee-2.5.xsd, http://www.springframework.org/schema/data/repository/spring-repository-1.0.xsd=org/springframework/data/repository/config/spring-repository-1.0.xsd, http://www.springframework.org/schema/util/spring-util-4.0.xsd=org/springframework/beans/factory/xml/spring-util-4.0.xsd, http://www.springframework.org/schema/task/spring-task-3.0.xsd=org/springframework/scheduling/config/spring-task-3.0.xsd, http://www.springframework.org/schema/aop/spring-aop-4.2.xsd=org/springframework/aop/config/spring-aop-4.2.xsd, http://www.springframework.org/schema/lang/spring-lang.xsd=org/springframework/scripting/config/spring-lang-4.2.xsd, http://www.springframework.org/schema/context/spring-context-3.2.xsd=org/springframework/context/config/spring-context-3.2.xsd, http://www.springframework.org/schema/data/repository/spring-repository-1.5.xsd=org/springframework/data/repository/config/spring-repository-1.5.xsd, http://www.springframework.org/schema/util/spring-util-3.1.xsd=org/springframework/beans/factory/xml/spring-util-3.1.xsd, http://www.springframework.org/schema/beans/spring-beans-2.0.xsd=org/springframework/beans/factory/xml/spring-beans-2.0.xsd, http://www.springframework.org/schema/cache/spring-cache.xsd=org/springframework/cache/config/spring-cache-4.2.xsd, http://www.springframework.org/schema/tx/spring-tx.xsd=org/springframework/transaction/config/spring-tx-4.2.xsd, http://www.springframework.org/schema/lang/spring-lang-4.2.xsd=org/springframework/scripting/config/spring-lang-4.2.xsd, http://www.springframework.org/schema/context/spring-context-4.1.xsd=org/springframework/context/config/spring-context-4.1.xsd, http://www.springframework.org/schema/beans/spring-beans-2.5.xsd=org/springframework/beans/factory/xml/spring-beans-2.5.xsd, http://www.springframework.org/schema/tool/spring-tool-4.2.xsd=org/springframework/beans/factory/xml/spring-tool-4.2.xsd, http://www.springframework.org/schema/tx/spring-tx-2.0.xsd=org/springframework/transaction/config/spring-tx-2.0.xsd, http://www.springframework.org/schema/jee/spring-jee-4.2.xsd=org/springframework/ejb/config/spring-jee-4.2.xsd, http://www.springframework.org/schema/aop/spring-aop.xsd=org/springframework/aop/config/spring-aop-4.2.xsd}
2016-02-03 20:38:08,395 DEBUG   main [org.springframework.beans.factory.xml.PluggableSchemaResolver] Found XML schema [http://www.springframework.org/schema/beans/spring-beans.xsd] in classpath: org/springframework/beans/factory/xml/spring-beans-4.2.xsd
2016-02-03 20:38:08,509 TRACE   main [org.springframework.beans.factory.xml.PluggableSchemaResolver] Trying to resolve XML entity with public id [null] and system id [http://www.springframework.org/schema/context/spring-context.xsd]
2016-02-03 20:38:08,512 DEBUG   main [org.springframework.beans.factory.xml.PluggableSchemaResolver] Found XML schema [http://www.springframework.org/schema/context/spring-context.xsd] in classpath: org/springframework/context/config/spring-context-4.2.xsd
2016-02-03 20:38:08,522 TRACE   main [org.springframework.beans.factory.xml.PluggableSchemaResolver] Trying to resolve XML entity with public id [null] and system id [http://www.springframework.org/schema/tool/spring-tool-4.2.xsd]
2016-02-03 20:38:08,524 DEBUG   main [org.springframework.beans.factory.xml.PluggableSchemaResolver] Found XML schema [http://www.springframework.org/schema/tool/spring-tool-4.2.xsd] in classpath: org/springframework/beans/factory/xml/spring-tool-4.2.xsd
2016-02-03 20:38:08,537 TRACE   main [org.springframework.beans.factory.xml.PluggableSchemaResolver] Trying to resolve XML entity with public id [null] and system id [http://www.springframework.org/schema/ldap/spring-ldap.xsd]
2016-02-03 20:38:08,538 DEBUG   main [org.springframework.beans.factory.xml.PluggableSchemaResolver] Found XML schema [http://www.springframework.org/schema/ldap/spring-ldap.xsd] in classpath: org/springframework/ldap/config/spring-ldap-2.0.xsd
2016-02-03 20:38:08,554 TRACE   main [org.springframework.beans.factory.xml.PluggableSchemaResolver] Trying to resolve XML entity with public id [null] and system id [http://www.springframework.org/schema/data/repository/spring-repository.xsd]
2016-02-03 20:38:08,560 DEBUG   main [org.springframework.beans.factory.xml.PluggableSchemaResolver] Found XML schema [http://www.springframework.org/schema/data/repository/spring-repository.xsd] in classpath: org/springframework/data/repository/config/spring-repository-1.7.xsd
2016-02-03 20:38:08,604 DEBUG   main [org.springframework.beans.factory.xml.DefaultBeanDefinitionDocumentReader] Loading bean definitions
2016-02-03 20:38:08,632 DEBUG   main [org.springframework.beans.factory.xml.DefaultNamespaceHandlerResolver] Loaded NamespaceHandler mappings: {http://www.springframework.org/schema/p=org.springframework.beans.factory.xml.SimplePropertyNamespaceHandler, http://www.springframework.org/schema/util=org.springframework.beans.factory.xml.UtilNamespaceHandler, http://www.springframework.org/schema/jee=org.springframework.ejb.config.JeeNamespaceHandler, http://www.springframework.org/schema/aop=org.springframework.aop.config.AopNamespaceHandler, http://www.springframework.org/schema/data/repository=org.springframework.data.repository.config.RepositoryNameSpaceHandler, http://www.springframework.org/schema/cache=org.springframework.cache.config.CacheNamespaceHandler, http://www.springframework.org/schema/c=org.springframework.beans.factory.xml.SimpleConstructorNamespaceHandler, http://www.springframework.org/schema/ldap=org.springframework.ldap.config.LdapNamespaceHandler, http://www.springframework.org/schema/tx=org.springframework.transaction.config.TxNamespaceHandler, http://www.springframework.org/schema/task=org.springframework.scheduling.config.TaskNamespaceHandler, http://www.springframework.org/schema/lang=org.springframework.scripting.config.LangNamespaceHandler, http://www.springframework.org/schema/context=org.springframework.context.config.ContextNamespaceHandler}
2016-02-03 20:38:08,679 DEBUG   main [org.springframework.core.env.StandardEnvironment] Adding [systemProperties] PropertySource with lowest search precedence
2016-02-03 20:38:08,680 DEBUG   main [org.springframework.core.env.StandardEnvironment] Adding [systemEnvironment] PropertySource with lowest search precedence
2016-02-03 20:38:08,680 DEBUG   main [org.springframework.core.env.StandardEnvironment] Initialized StandardEnvironment with PropertySources [systemProperties,systemEnvironment]
2016-02-03 20:38:08,716 DEBUG   main [org.springframework.core.io.support.PathMatchingResourcePatternResolver] Looking for matching resources in directory tree [C:\Eclipse\workspace\spring-ldap-example\bin\ldap\advance\example]
2016-02-03 20:38:08,717 DEBUG   main [org.springframework.core.io.support.PathMatchingResourcePatternResolver] Searching directory [C:\Eclipse\workspace\spring-ldap-example\bin\ldap\advance\example] for files matching pattern [C:/Eclipse/workspace/spring-ldap-example/bin/ldap/advance/example/**/*.class]
2016-02-03 20:38:08,722 DEBUG   main [org.springframework.core.io.support.PathMatchingResourcePatternResolver] Searching directory [C:\Eclipse\workspace\spring-ldap-example\bin\ldap\advance\example\test] for files matching pattern [C:/Eclipse/workspace/spring-ldap-example/bin/ldap/advance/example/**/*.class]
2016-02-03 20:38:08,729 DEBUG   main [org.springframework.core.io.support.PathMatchingResourcePatternResolver] Resolved location pattern [classpath*:ldap/advance/example/**/*.class] to resources [file [C:\Eclipse\workspace\spring-ldap-example\bin\ldap\advance\example\test\LdapApp.class], file [C:\Eclipse\workspace\spring-ldap-example\bin\ldap\advance\example\User.class], file [C:\Eclipse\workspace\spring-ldap-example\bin\ldap\advance\example\UserRepositoryImpl$MultipleAttributesMapper.class], file [C:\Eclipse\workspace\spring-ldap-example\bin\ldap\advance\example\UserRepositoryImpl$SingleAttributesMapper.class], file [C:\Eclipse\workspace\spring-ldap-example\bin\ldap\advance\example\UserRepositoryImpl$UserAttributesMapper.class], file [C:\Eclipse\workspace\spring-ldap-example\bin\ldap\advance\example\UserRepositoryImpl.class], file [C:\Eclipse\workspace\spring-ldap-example\bin\ldap\advance\example\UserRepositoryIntf.class]]
2016-02-03 20:38:08,730 TRACE   main [org.springframework.context.annotation.ClassPathBeanDefinitionScanner] Scanning file [C:\Eclipse\workspace\spring-ldap-example\bin\ldap\advance\example\test\LdapApp.class]
2016-02-03 20:38:08,774 TRACE   main [org.springframework.context.annotation.ClassPathBeanDefinitionScanner] Ignored because not matching any filter: file [C:\Eclipse\workspace\spring-ldap-example\bin\ldap\advance\example\test\LdapApp.class]
2016-02-03 20:38:08,775 TRACE   main [org.springframework.context.annotation.ClassPathBeanDefinitionScanner] Scanning file [C:\Eclipse\workspace\spring-ldap-example\bin\ldap\advance\example\User.class]
2016-02-03 20:38:08,776 TRACE   main [org.springframework.context.annotation.ClassPathBeanDefinitionScanner] Ignored because not matching any filter: file [C:\Eclipse\workspace\spring-ldap-example\bin\ldap\advance\example\User.class]
2016-02-03 20:38:08,776 TRACE   main [org.springframework.context.annotation.ClassPathBeanDefinitionScanner] Scanning file [C:\Eclipse\workspace\spring-ldap-example\bin\ldap\advance\example\UserRepositoryImpl$MultipleAttributesMapper.class]
2016-02-03 20:38:08,778 TRACE   main [org.springframework.context.annotation.ClassPathBeanDefinitionScanner] Ignored because not matching any filter: file [C:\Eclipse\workspace\spring-ldap-example\bin\ldap\advance\example\UserRepositoryImpl$MultipleAttributesMapper.class]
2016-02-03 20:38:08,779 TRACE   main [org.springframework.context.annotation.ClassPathBeanDefinitionScanner] Scanning file [C:\Eclipse\workspace\spring-ldap-example\bin\ldap\advance\example\UserRepositoryImpl$SingleAttributesMapper.class]
2016-02-03 20:38:08,780 TRACE   main [org.springframework.context.annotation.ClassPathBeanDefinitionScanner] Ignored because not matching any filter: file [C:\Eclipse\workspace\spring-ldap-example\bin\ldap\advance\example\UserRepositoryImpl$SingleAttributesMapper.class]
2016-02-03 20:38:08,782 TRACE   main [org.springframework.context.annotation.ClassPathBeanDefinitionScanner] Scanning file [C:\Eclipse\workspace\spring-ldap-example\bin\ldap\advance\example\UserRepositoryImpl$UserAttributesMapper.class]
2016-02-03 20:38:08,783 TRACE   main [org.springframework.context.annotation.ClassPathBeanDefinitionScanner] Ignored because not matching any filter: file [C:\Eclipse\workspace\spring-ldap-example\bin\ldap\advance\example\UserRepositoryImpl$UserAttributesMapper.class]
2016-02-03 20:38:08,783 TRACE   main [org.springframework.context.annotation.ClassPathBeanDefinitionScanner] Scanning file [C:\Eclipse\workspace\spring-ldap-example\bin\ldap\advance\example\UserRepositoryImpl.class]
2016-02-03 20:38:08,802 DEBUG   main [org.springframework.context.annotation.ClassPathBeanDefinitionScanner] Identified candidate component class: file [C:\Eclipse\workspace\spring-ldap-example\bin\ldap\advance\example\UserRepositoryImpl.class]
2016-02-03 20:38:08,803 TRACE   main [org.springframework.context.annotation.ClassPathBeanDefinitionScanner] Scanning file [C:\Eclipse\workspace\spring-ldap-example\bin\ldap\advance\example\UserRepositoryIntf.class]
2016-02-03 20:38:08,804 TRACE   main [org.springframework.context.annotation.ClassPathBeanDefinitionScanner] Ignored because not matching any filter: file [C:\Eclipse\workspace\spring-ldap-example\bin\ldap\advance\example\UserRepositoryIntf.class]
2016-02-03 20:38:08,902 DEBUG   main [org.springframework.beans.factory.xml.XmlBeanDefinitionReader] Loaded 9 bean definitions from location pattern [spring-ldap-example.xml]
2016-02-03 20:38:08,903 DEBUG   main [org.springframework.context.support.ClassPathXmlApplicationContext] Bean factory for org.springframework.context.support.ClassPathXmlApplicationContext@450faed3: org.springframework.beans.factory.support.DefaultListableBeanFactory@56a45c4: defining beans [userRepositoryImpl,org.springframework.context.annotation.internalConfigurationAnnotationProcessor,org.springframework.context.annotation.internalAutowiredAnnotationProcessor,org.springframework.context.annotation.internalRequiredAnnotationProcessor,org.springframework.context.annotation.internalCommonAnnotationProcessor,simpleDirContextAuthenticationStrategy,userReposImpl,contextSource,ldapTemplate]; root of factory hierarchy
2016-02-03 20:38:08,989 DEBUG   main [org.springframework.beans.factory.support.DefaultListableBeanFactory] Creating shared instance of singleton bean 'org.springframework.context.annotation.internalConfigurationAnnotationProcessor'
2016-02-03 20:38:08,989 DEBUG   main [org.springframework.beans.factory.support.DefaultListableBeanFactory] Creating instance of bean 'org.springframework.context.annotation.internalConfigurationAnnotationProcessor'
2016-02-03 20:38:09,047 DEBUG   main [org.springframework.beans.factory.support.DefaultListableBeanFactory] Eagerly caching bean 'org.springframework.context.annotation.internalConfigurationAnnotationProcessor' to allow for resolving potential circular references
2016-02-03 20:38:09,051 DEBUG   main [org.springframework.beans.factory.support.DefaultListableBeanFactory] Finished creating instance of bean 'org.springframework.context.annotation.internalConfigurationAnnotationProcessor'
2016-02-03 20:38:09,150 DEBUG   main [org.springframework.beans.factory.support.DefaultListableBeanFactory] Creating shared instance of singleton bean 'org.springframework.context.annotation.internalAutowiredAnnotationProcessor'
2016-02-03 20:38:09,150 DEBUG   main [org.springframework.beans.factory.support.DefaultListableBeanFactory] Creating instance of bean 'org.springframework.context.annotation.internalAutowiredAnnotationProcessor'
2016-02-03 20:38:09,152 DEBUG   main [org.springframework.beans.factory.support.DefaultListableBeanFactory] Eagerly caching bean 'org.springframework.context.annotation.internalAutowiredAnnotationProcessor' to allow for resolving potential circular references
2016-02-03 20:38:09,152 DEBUG   main [org.springframework.beans.factory.support.DefaultListableBeanFactory] Finished creating instance of bean 'org.springframework.context.annotation.internalAutowiredAnnotationProcessor'
2016-02-03 20:38:09,153 DEBUG   main [org.springframework.beans.factory.support.DefaultListableBeanFactory] Creating shared instance of singleton bean 'org.springframework.context.annotation.internalRequiredAnnotationProcessor'
2016-02-03 20:38:09,153 DEBUG   main [org.springframework.beans.factory.support.DefaultListableBeanFactory] Creating instance of bean 'org.springframework.context.annotation.internalRequiredAnnotationProcessor'
2016-02-03 20:38:09,153 DEBUG   main [org.springframework.beans.factory.support.DefaultListableBeanFactory] Eagerly caching bean 'org.springframework.context.annotation.internalRequiredAnnotationProcessor' to allow for resolving potential circular references
2016-02-03 20:38:09,154 DEBUG   main [org.springframework.beans.factory.support.DefaultListableBeanFactory] Finished creating instance of bean 'org.springframework.context.annotation.internalRequiredAnnotationProcessor'
2016-02-03 20:38:09,154 DEBUG   main [org.springframework.beans.factory.support.DefaultListableBeanFactory] Creating shared instance of singleton bean 'org.springframework.context.annotation.internalCommonAnnotationProcessor'
2016-02-03 20:38:09,154 DEBUG   main [org.springframework.beans.factory.support.DefaultListableBeanFactory] Creating instance of bean 'org.springframework.context.annotation.internalCommonAnnotationProcessor'
2016-02-03 20:38:09,166 DEBUG   main [org.springframework.beans.factory.support.DefaultListableBeanFactory] Eagerly caching bean 'org.springframework.context.annotation.internalCommonAnnotationProcessor' to allow for resolving potential circular references
2016-02-03 20:38:09,166 DEBUG   main [org.springframework.beans.factory.support.DefaultListableBeanFactory] Finished creating instance of bean 'org.springframework.context.annotation.internalCommonAnnotationProcessor'
2016-02-03 20:38:09,167 DEBUG   main [org.springframework.beans.factory.support.DefaultListableBeanFactory] Creating shared instance of singleton bean 'org.springframework.context.annotation.ConfigurationClassPostProcessor.importAwareProcessor'
2016-02-03 20:38:09,167 DEBUG   main [org.springframework.beans.factory.support.DefaultListableBeanFactory] Creating instance of bean 'org.springframework.context.annotation.ConfigurationClassPostProcessor.importAwareProcessor'
2016-02-03 20:38:09,167 DEBUG   main [org.springframework.beans.factory.support.DefaultListableBeanFactory] Eagerly caching bean 'org.springframework.context.annotation.ConfigurationClassPostProcessor.importAwareProcessor' to allow for resolving potential circular references
2016-02-03 20:38:09,167 DEBUG   main [org.springframework.beans.factory.support.DefaultListableBeanFactory] Finished creating instance of bean 'org.springframework.context.annotation.ConfigurationClassPostProcessor.importAwareProcessor'
2016-02-03 20:38:09,167 DEBUG   main [org.springframework.beans.factory.support.DefaultListableBeanFactory] Creating shared instance of singleton bean 'org.springframework.context.annotation.ConfigurationClassPostProcessor.enhancedConfigurationProcessor'
2016-02-03 20:38:09,167 DEBUG   main [org.springframework.beans.factory.support.DefaultListableBeanFactory] Creating instance of bean 'org.springframework.context.annotation.ConfigurationClassPostProcessor.enhancedConfigurationProcessor'
2016-02-03 20:38:09,168 DEBUG   main [org.springframework.beans.factory.support.DefaultListableBeanFactory] Eagerly caching bean 'org.springframework.context.annotation.ConfigurationClassPostProcessor.enhancedConfigurationProcessor' to allow for resolving potential circular references
2016-02-03 20:38:09,168 DEBUG   main [org.springframework.beans.factory.support.DefaultListableBeanFactory] Finished creating instance of bean 'org.springframework.context.annotation.ConfigurationClassPostProcessor.enhancedConfigurationProcessor'
2016-02-03 20:38:09,179 DEBUG   main [org.springframework.context.support.ClassPathXmlApplicationContext] Unable to locate MessageSource with name 'messageSource': using default [org.springframework.context.support.DelegatingMessageSource@190bf402]
2016-02-03 20:38:09,183 DEBUG   main [org.springframework.context.support.ClassPathXmlApplicationContext] Unable to locate ApplicationEventMulticaster with name 'applicationEventMulticaster': using default [org.springframework.context.event.SimpleApplicationEventMulticaster@1b2090ab]
2016-02-03 20:38:09,184 DEBUG   main [org.springframework.beans.factory.support.DefaultListableBeanFactory] Pre-instantiating singletons in org.springframework.beans.factory.support.DefaultListableBeanFactory@56a45c4: defining beans [userRepositoryImpl,org.springframework.context.annotation.internalConfigurationAnnotationProcessor,org.springframework.context.annotation.internalAutowiredAnnotationProcessor,org.springframework.context.annotation.internalRequiredAnnotationProcessor,org.springframework.context.annotation.internalCommonAnnotationProcessor,simpleDirContextAuthenticationStrategy,userReposImpl,contextSource,ldapTemplate,org.springframework.context.annotation.ConfigurationClassPostProcessor.importAwareProcessor,org.springframework.context.annotation.ConfigurationClassPostProcessor.enhancedConfigurationProcessor]; root of factory hierarchy
2016-02-03 20:38:09,184 DEBUG   main [org.springframework.beans.factory.support.DefaultListableBeanFactory] Creating shared instance of singleton bean 'userRepositoryImpl'
2016-02-03 20:38:09,184 DEBUG   main [org.springframework.beans.factory.support.DefaultListableBeanFactory] Creating instance of bean 'userRepositoryImpl'
2016-02-03 20:38:09,209 DEBUG   main [org.springframework.beans.factory.annotation.InjectionMetadata] Registered injected element on class [ldap.advance.example.UserRepositoryImpl]: AutowiredFieldElement for private org.springframework.ldap.core.LdapTemplate ldap.advance.example.UserRepositoryImpl.ldapTemplate
2016-02-03 20:38:09,210 DEBUG   main [org.springframework.beans.factory.support.DefaultListableBeanFactory] Eagerly caching bean 'userRepositoryImpl' to allow for resolving potential circular references
2016-02-03 20:38:09,219 TRACE   main [org.springframework.core.io.support.SpringFactoriesLoader] Loaded [org.springframework.beans.BeanInfoFactory] names: [org.springframework.beans.ExtendedBeanInfoFactory]
2016-02-03 20:38:09,221 TRACE   main [org.springframework.beans.CachedIntrospectionResults] Getting BeanInfo for class [ldap.advance.example.UserRepositoryImpl]
2016-02-03 20:38:09,235 TRACE   main [org.springframework.beans.CachedIntrospectionResults] Caching PropertyDescriptors for class [ldap.advance.example.UserRepositoryImpl]
2016-02-03 20:38:09,235 TRACE   main [org.springframework.beans.CachedIntrospectionResults] Found bean property 'allUserNames' of type [java.util.List]
2016-02-03 20:38:09,238 TRACE   main [org.springframework.beans.CachedIntrospectionResults] Found bean property 'allUsers' of type [java.util.List]
2016-02-03 20:38:09,241 TRACE   main [org.springframework.beans.CachedIntrospectionResults] Found bean property 'class' of type [java.lang.Class]
2016-02-03 20:38:09,245 DEBUG   main [org.springframework.beans.factory.annotation.InjectionMetadata] Processing injected element of bean 'userRepositoryImpl': AutowiredFieldElement for private org.springframework.ldap.core.LdapTemplate ldap.advance.example.UserRepositoryImpl.ldapTemplate
2016-02-03 20:38:09,251 DEBUG   main [org.springframework.beans.factory.support.DefaultListableBeanFactory] Creating shared instance of singleton bean 'ldapTemplate'
2016-02-03 20:38:09,251 DEBUG   main [org.springframework.beans.factory.support.DefaultListableBeanFactory] Creating instance of bean 'ldapTemplate'
2016-02-03 20:38:09,267 DEBUG   main [org.springframework.beans.factory.support.DefaultListableBeanFactory] Eagerly caching bean 'ldapTemplate' to allow for resolving potential circular references
2016-02-03 20:38:09,267 TRACE   main [org.springframework.beans.CachedIntrospectionResults] Getting BeanInfo for class [org.springframework.ldap.core.LdapTemplate]
2016-02-03 20:38:09,282 TRACE   main [org.springframework.beans.CachedIntrospectionResults] Caching PropertyDescriptors for class [org.springframework.ldap.core.LdapTemplate]
2016-02-03 20:38:09,282 TRACE   main [org.springframework.beans.CachedIntrospectionResults] Found bean property 'class' of type [java.lang.Class]
2016-02-03 20:38:09,282 TRACE   main [org.springframework.beans.CachedIntrospectionResults] Found bean property 'contextSource' of type [org.springframework.ldap.core.ContextSource]
2016-02-03 20:38:09,282 TRACE   main [org.springframework.beans.CachedIntrospectionResults] Found bean property 'defaultCountLimit' of type [int]
2016-02-03 20:38:09,282 TRACE   main [org.springframework.beans.CachedIntrospectionResults] Found bean property 'defaultSearchScope' of type [int]
2016-02-03 20:38:09,283 TRACE   main [org.springframework.beans.CachedIntrospectionResults] Found bean property 'defaultTimeLimit' of type [int]
2016-02-03 20:38:09,283 TRACE   main [org.springframework.beans.CachedIntrospectionResults] Found bean property 'ignoreNameNotFoundException' of type [boolean]
2016-02-03 20:38:09,283 TRACE   main [org.springframework.beans.CachedIntrospectionResults] Found bean property 'ignorePartialResultException' of type [boolean]
2016-02-03 20:38:09,283 TRACE   main [org.springframework.beans.CachedIntrospectionResults] Found bean property 'ignoreSizeLimitExceededException' of type [boolean]
2016-02-03 20:38:09,283 TRACE   main [org.springframework.beans.CachedIntrospectionResults] Found bean property 'objectDirectoryMapper' of type [org.springframework.ldap.odm.core.ObjectDirectoryMapper]
2016-02-03 20:38:09,285 DEBUG   main [org.springframework.beans.factory.support.DefaultListableBeanFactory] Creating shared instance of singleton bean 'contextSource'
2016-02-03 20:38:09,285 DEBUG   main [org.springframework.beans.factory.support.DefaultListableBeanFactory] Creating instance of bean 'contextSource'
2016-02-03 20:38:09,289 DEBUG   main [org.springframework.beans.factory.support.DefaultListableBeanFactory] Creating instance of bean '(inner bean)#1f5ffded'
2016-02-03 20:38:09,314 TRACE   main [org.springframework.beans.CachedIntrospectionResults] Getting BeanInfo for class [org.springframework.ldap.core.support.LdapContextSource]
2016-02-03 20:38:09,326 TRACE   main [org.springframework.beans.CachedIntrospectionResults] Caching PropertyDescriptors for class [org.springframework.ldap.core.support.LdapContextSource]
2016-02-03 20:38:09,326 TRACE   main [org.springframework.beans.CachedIntrospectionResults] Found bean property 'anonymousReadOnly' of type [boolean]
2016-02-03 20:38:09,326 TRACE   main [org.springframework.beans.CachedIntrospectionResults] Found bean property 'authenticationSource' of type [org.springframework.ldap.core.AuthenticationSource]
2016-02-03 20:38:09,326 TRACE   main [org.springframework.beans.CachedIntrospectionResults] Found bean property 'authenticationStrategy' of type [org.springframework.ldap.core.support.DirContextAuthenticationStrategy]
2016-02-03 20:38:09,327 TRACE   main [org.springframework.beans.CachedIntrospectionResults] Found bean property 'base' of type [java.lang.String]
2016-02-03 20:38:09,327 TRACE   main [org.springframework.beans.CachedIntrospectionResults] Found bean property 'baseEnvironmentProperties' of type [java.util.Map]
2016-02-03 20:38:09,327 TRACE   main [org.springframework.beans.CachedIntrospectionResults] Found bean property 'baseLdapName' of type [javax.naming.ldap.LdapName]
2016-02-03 20:38:09,328 TRACE   main [org.springframework.beans.CachedIntrospectionResults] Found bean property 'baseLdapPath' of type [org.springframework.ldap.core.DistinguishedName]
2016-02-03 20:38:09,328 TRACE   main [org.springframework.beans.CachedIntrospectionResults] Found bean property 'baseLdapPathAsString' of type [java.lang.String]
2016-02-03 20:38:09,328 TRACE   main [org.springframework.beans.CachedIntrospectionResults] Found bean property 'cacheEnvironmentProperties' of type [boolean]
2016-02-03 20:38:09,328 TRACE   main [org.springframework.beans.CachedIntrospectionResults] Found bean property 'class' of type [java.lang.Class]
2016-02-03 20:38:09,328 TRACE   main [org.springframework.beans.CachedIntrospectionResults] Found bean property 'contextFactory' of type [java.lang.Class]
2016-02-03 20:38:09,328 TRACE   main [org.springframework.beans.CachedIntrospectionResults] Found bean property 'dirObjectFactory' of type [java.lang.Class]
2016-02-03 20:38:09,329 TRACE   main [org.springframework.beans.CachedIntrospectionResults] Found bean property 'password' of type [java.lang.String]
2016-02-03 20:38:09,329 TRACE   main [org.springframework.beans.CachedIntrospectionResults] Found bean property 'pooled' of type [boolean]
2016-02-03 20:38:09,329 TRACE   main [org.springframework.beans.CachedIntrospectionResults] Found bean property 'readOnlyContext' of type [javax.naming.directory.DirContext]
2016-02-03 20:38:09,329 TRACE   main [org.springframework.beans.CachedIntrospectionResults] Found bean property 'readWriteContext' of type [javax.naming.directory.DirContext]
2016-02-03 20:38:09,329 TRACE   main [org.springframework.beans.CachedIntrospectionResults] Found bean property 'referral' of type [java.lang.String]
2016-02-03 20:38:09,329 TRACE   main [org.springframework.beans.CachedIntrospectionResults] Found bean property 'url' of type [java.lang.String]
2016-02-03 20:38:09,330 TRACE   main [org.springframework.beans.CachedIntrospectionResults] Found bean property 'urls' of type [[Ljava.lang.String;]
2016-02-03 20:38:09,330 TRACE   main [org.springframework.beans.CachedIntrospectionResults] Found bean property 'userDn' of type [java.lang.String]
2016-02-03 20:38:09,334 DEBUG   main [org.springframework.beans.factory.support.DefaultListableBeanFactory] Creating instance of bean '(inner bean)#6c7733eb'
2016-02-03 20:38:09,340 TRACE   main [org.springframework.beans.CachedIntrospectionResults] Getting BeanInfo for class [[Ljava.lang.String;]
2016-02-03 20:38:09,341 TRACE   main [org.springframework.beans.CachedIntrospectionResults] Caching PropertyDescriptors for class [[Ljava.lang.String;]
2016-02-03 20:38:09,341 TRACE   main [org.springframework.beans.CachedIntrospectionResults] Found bean property 'class' of type [java.lang.Class]
2016-02-03 20:38:09,342 DEBUG   main [org.springframework.beans.factory.support.DefaultListableBeanFactory] Finished creating instance of bean '(inner bean)#6c7733eb'
2016-02-03 20:38:09,343 DEBUG   main [org.springframework.beans.factory.support.DefaultListableBeanFactory] Creating shared instance of singleton bean 'simpleDirContextAuthenticationStrategy'
2016-02-03 20:38:09,343 DEBUG   main [org.springframework.beans.factory.support.DefaultListableBeanFactory] Creating instance of bean 'simpleDirContextAuthenticationStrategy'
2016-02-03 20:38:09,344 DEBUG   main [org.springframework.beans.factory.support.DefaultListableBeanFactory] Eagerly caching bean 'simpleDirContextAuthenticationStrategy' to allow for resolving potential circular references
2016-02-03 20:38:09,344 TRACE   main [org.springframework.beans.CachedIntrospectionResults] Getting BeanInfo for class [org.springframework.ldap.core.support.SimpleDirContextAuthenticationStrategy]
2016-02-03 20:38:09,345 TRACE   main [org.springframework.beans.CachedIntrospectionResults] Caching PropertyDescriptors for class [org.springframework.ldap.core.support.SimpleDirContextAuthenticationStrategy]
2016-02-03 20:38:09,345 TRACE   main [org.springframework.beans.CachedIntrospectionResults] Found bean property 'class' of type [java.lang.Class]
2016-02-03 20:38:09,345 DEBUG   main [org.springframework.beans.factory.support.DefaultListableBeanFactory] Finished creating instance of bean 'simpleDirContextAuthenticationStrategy'
2016-02-03 20:38:09,347 DEBUG   main [org.springframework.beans.factory.support.DefaultListableBeanFactory] Invoking afterPropertiesSet() on bean with name '(inner bean)#1f5ffded'
2016-02-03 20:38:09,350 DEBUG   main [org.springframework.beans.factory.support.DefaultListableBeanFactory] Finished creating instance of bean '(inner bean)#1f5ffded'
2016-02-03 20:38:09,353 DEBUG   main [org.springframework.beans.factory.support.DefaultListableBeanFactory] Eagerly caching bean 'contextSource' to allow for resolving potential circular references
2016-02-03 20:38:09,353 TRACE   main [org.springframework.beans.CachedIntrospectionResults] Getting BeanInfo for class [org.springframework.ldap.transaction.compensating.manager.TransactionAwareContextSourceProxy]
2016-02-03 20:38:09,355 TRACE   main [org.springframework.beans.CachedIntrospectionResults] Caching PropertyDescriptors for class [org.springframework.ldap.transaction.compensating.manager.TransactionAwareContextSourceProxy]
2016-02-03 20:38:09,355 TRACE   main [org.springframework.beans.CachedIntrospectionResults] Found bean property 'baseLdapName' of type [javax.naming.ldap.LdapName]
2016-02-03 20:38:09,355 TRACE   main [org.springframework.beans.CachedIntrospectionResults] Found bean property 'baseLdapPath' of type [org.springframework.ldap.core.DistinguishedName]
2016-02-03 20:38:09,356 TRACE   main [org.springframework.beans.CachedIntrospectionResults] Found bean property 'baseLdapPathAsString' of type [java.lang.String]
2016-02-03 20:38:09,356 TRACE   main [org.springframework.beans.CachedIntrospectionResults] Found bean property 'class' of type [java.lang.Class]
2016-02-03 20:38:09,356 TRACE   main [org.springframework.beans.CachedIntrospectionResults] Found bean property 'readOnlyContext' of type [javax.naming.directory.DirContext]
2016-02-03 20:38:09,356 TRACE   main [org.springframework.beans.CachedIntrospectionResults] Found bean property 'readWriteContext' of type [javax.naming.directory.DirContext]
2016-02-03 20:38:09,356 TRACE   main [org.springframework.beans.CachedIntrospectionResults] Found bean property 'target' of type [org.springframework.ldap.core.ContextSource]
2016-02-03 20:38:09,357 DEBUG   main [org.springframework.beans.factory.support.DefaultListableBeanFactory] Finished creating instance of bean 'contextSource'
2016-02-03 20:38:09,358 DEBUG   main [org.springframework.beans.factory.support.DefaultListableBeanFactory] Invoking afterPropertiesSet() on bean with name 'ldapTemplate'
2016-02-03 20:38:09,358 DEBUG   main [org.springframework.beans.factory.support.DefaultListableBeanFactory] Finished creating instance of bean 'ldapTemplate'
2016-02-03 20:38:09,359 DEBUG   main [org.springframework.beans.factory.annotation.AutowiredAnnotationBeanPostProcessor] Autowiring by type from bean name 'userRepositoryImpl' to bean named 'ldapTemplate'
2016-02-03 20:38:09,359 DEBUG   main [org.springframework.beans.factory.support.DefaultListableBeanFactory] Finished creating instance of bean 'userRepositoryImpl'
2016-02-03 20:38:09,359 DEBUG   main [org.springframework.beans.factory.support.DefaultListableBeanFactory] Returning cached instance of singleton bean 'org.springframework.context.annotation.internalConfigurationAnnotationProcessor'
2016-02-03 20:38:09,359 DEBUG   main [org.springframework.beans.factory.support.DefaultListableBeanFactory] Returning cached instance of singleton bean 'org.springframework.context.annotation.internalAutowiredAnnotationProcessor'
2016-02-03 20:38:09,359 DEBUG   main [org.springframework.beans.factory.support.DefaultListableBeanFactory] Returning cached instance of singleton bean 'org.springframework.context.annotation.internalRequiredAnnotationProcessor'
2016-02-03 20:38:09,359 DEBUG   main [org.springframework.beans.factory.support.DefaultListableBeanFactory] Returning cached instance of singleton bean 'org.springframework.context.annotation.internalCommonAnnotationProcessor'
2016-02-03 20:38:09,359 DEBUG   main [org.springframework.beans.factory.support.DefaultListableBeanFactory] Returning cached instance of singleton bean 'simpleDirContextAuthenticationStrategy'
2016-02-03 20:38:09,360 DEBUG   main [org.springframework.beans.factory.support.DefaultListableBeanFactory] Creating shared instance of singleton bean 'userReposImpl'
2016-02-03 20:38:09,360 DEBUG   main [org.springframework.beans.factory.support.DefaultListableBeanFactory] Creating instance of bean 'userReposImpl'
2016-02-03 20:38:09,360 DEBUG   main [org.springframework.beans.factory.annotation.InjectionMetadata] Registered injected element on class [ldap.advance.example.UserRepositoryImpl]: AutowiredFieldElement for private org.springframework.ldap.core.LdapTemplate ldap.advance.example.UserRepositoryImpl.ldapTemplate
2016-02-03 20:38:09,361 DEBUG   main [org.springframework.beans.factory.support.DefaultListableBeanFactory] Eagerly caching bean 'userReposImpl' to allow for resolving potential circular references
2016-02-03 20:38:09,361 DEBUG   main [org.springframework.beans.factory.annotation.InjectionMetadata] Processing injected element of bean 'userReposImpl': AutowiredFieldElement for private org.springframework.ldap.core.LdapTemplate ldap.advance.example.UserRepositoryImpl.ldapTemplate
2016-02-03 20:38:09,361 DEBUG   main [org.springframework.beans.factory.support.DefaultListableBeanFactory] Returning cached instance of singleton bean 'ldapTemplate'
2016-02-03 20:38:09,361 DEBUG   main [org.springframework.beans.factory.annotation.AutowiredAnnotationBeanPostProcessor] Autowiring by type from bean name 'userReposImpl' to bean named 'ldapTemplate'
2016-02-03 20:38:09,361 DEBUG   main [org.springframework.beans.factory.support.DefaultListableBeanFactory] Finished creating instance of bean 'userReposImpl'
2016-02-03 20:38:09,361 DEBUG   main [org.springframework.beans.factory.support.DefaultListableBeanFactory] Returning cached instance of singleton bean 'contextSource'
2016-02-03 20:38:09,361 DEBUG   main [org.springframework.beans.factory.support.DefaultListableBeanFactory] Returning cached instance of singleton bean 'ldapTemplate'
2016-02-03 20:38:09,361 DEBUG   main [org.springframework.beans.factory.support.DefaultListableBeanFactory] Returning cached instance of singleton bean 'org.springframework.context.annotation.ConfigurationClassPostProcessor.importAwareProcessor'
2016-02-03 20:38:09,362 DEBUG   main [org.springframework.beans.factory.support.DefaultListableBeanFactory] Returning cached instance of singleton bean 'org.springframework.context.annotation.ConfigurationClassPostProcessor.enhancedConfigurationProcessor'
2016-02-03 20:38:09,363 DEBUG   main [org.springframework.context.support.ClassPathXmlApplicationContext] Unable to locate LifecycleProcessor with name 'lifecycleProcessor': using default [org.springframework.context.support.DefaultLifecycleProcessor@7c182454]
2016-02-03 20:38:09,364 DEBUG   main [org.springframework.beans.factory.support.DefaultListableBeanFactory] Returning cached instance of singleton bean 'lifecycleProcessor'
2016-02-03 20:38:09,364 TRACE   main [org.springframework.context.support.ClassPathXmlApplicationContext] Publishing event in org.springframework.context.support.ClassPathXmlApplicationContext@450faed3: org.springframework.context.event.ContextRefreshedEvent[source=org.springframework.context.support.ClassPathXmlApplicationContext@450faed3: startup date [Wed Feb 03 20:38:08 EST 2016]; root of context hierarchy]
2016-02-03 20:38:09,367 TRACE   main [org.springframework.core.env.PropertySourcesPropertyResolver] getProperty("spring.liveBeansView.mbeanDomain", String)
2016-02-03 20:38:09,367 DEBUG   main [org.springframework.core.env.PropertySourcesPropertyResolver] Searching for key 'spring.liveBeansView.mbeanDomain' in [systemProperties]
2016-02-03 20:38:09,367 DEBUG   main [org.springframework.core.env.PropertySourcesPropertyResolver] Searching for key 'spring.liveBeansView.mbeanDomain' in [systemEnvironment]
2016-02-03 20:38:09,367 DEBUG   main [org.springframework.core.env.PropertySourcesPropertyResolver] Could not find key 'spring.liveBeansView.mbeanDomain' in any property source. Returning [null]
2016-02-03 20:38:09,368 INFO   main [ldap.advance.example.test.LdapApp] Test started at Wed Feb 03 20:38:08 EST 2016
2016-02-03 20:38:09,368 DEBUG   main [org.springframework.beans.factory.support.DefaultListableBeanFactory] Returning cached instance of singleton bean 'userReposImpl'
2016-02-03 20:38:09,368 INFO   main [ldap.advance.example.UserRepositoryImpl] executing {createUser}
2016-02-03 20:38:10,338 INFO   main [ldap.advance.example.test.LdapApp] 
 =>true
2016-02-03 20:38:10,350 INFO   main [ldap.advance.example.test.LdapApp] 
 =>[User [uid=admin, cn=system administrator, sn=administrator, userPassword=secret, ], User [uid=tahsan, cn=Tariq Ahsan, sn=Ahsan, userPassword={sha}nBLtm0Ej/mJG4VZYEu/b+7fQ2YU=, ], User [uid=jsoule, cn=Joseph Soule, sn=Soule, ], User [uid=jdoe, cn=John Doe, sn=Doe, userPassword={SSHA}F04/pvCWN8a1NJshxa/XIzrNqH7F89MTgn3J6A==, ], User [uid=awadsworth, cn=Anthony Wadsworth, sn=Wadsworth, ], User [uid=fahsan, cn=Farzeen Ahsan, sn=Ahsan, ], User [uid=awadsworth, cn=Anthony Wadsworth, sn=Wadsworth, ], User [uid=tahsan, cn=tahsan, sn=Ahsan, userPassword={SHA}5en6G6MezRroT3XKqkdPOmY/BfQ=, ], User [uid=spring_ldap_test, cn=spring_ldap_test, sn=spring_ldap_test, userPassword={SSHA}/gmHkRwTSPeyTVZ1yPW57BGbWEdorLz/gmU99g==, postalAddress=spring_ldap_test, telephoneNumber=9830098301]]
2016-02-03 20:38:10,350 INFO   main [ldap.advance.example.UserRepositoryImpl] executing {getAllUserNames}
2016-02-03 20:38:10,358 INFO   main [ldap.advance.example.UserRepositoryImpl] Users -> [uid=tahsan, uid=awadsworth, uid=jdoe, uid=spring_ldap_test]
2016-02-03 20:38:10,365 INFO   main [ldap.advance.example.test.LdapApp] 
 =>[cn: Tariq Ahsan, cn: Anthony Wadsworth, cn: John Doe, cn: spring_ldap_test]
2016-02-03 20:38:10,365 INFO   main [org.springframework.context.support.ClassPathXmlApplicationContext] Refreshing org.springframework.context.support.ClassPathXmlApplicationContext@450faed3: startup date [Wed Feb 03 20:38:10 EST 2016]; root of context hierarchy
2016-02-03 20:38:10,365 DEBUG   main [org.springframework.beans.factory.support.DefaultListableBeanFactory] Destroying singletons in org.springframework.beans.factory.support.DefaultListableBeanFactory@56a45c4: defining beans [userRepositoryImpl,org.springframework.context.annotation.internalConfigurationAnnotationProcessor,org.springframework.context.annotation.internalAutowiredAnnotationProcessor,org.springframework.context.annotation.internalRequiredAnnotationProcessor,org.springframework.context.annotation.internalCommonAnnotationProcessor,simpleDirContextAuthenticationStrategy,userReposImpl,contextSource,ldapTemplate,org.springframework.context.annotation.ConfigurationClassPostProcessor.importAwareProcessor,org.springframework.context.annotation.ConfigurationClassPostProcessor.enhancedConfigurationProcessor]; root of factory hierarchy
2016-02-03 20:38:10,365 DEBUG   main [org.springframework.beans.factory.support.DefaultListableBeanFactory] Retrieved dependent beans for bean '(inner bean)#1f5ffded': [contextSource]
2016-02-03 20:38:10,366 DEBUG   main [org.springframework.beans.factory.support.DefaultListableBeanFactory] Retrieved dependent beans for bean '(inner bean)#6c7733eb': [(inner bean)#1f5ffded]
2016-02-03 20:38:10,367 DEBUG   main [org.springframework.core.env.StandardEnvironment] Adding [systemProperties] PropertySource with lowest search precedence
2016-02-03 20:38:10,367 DEBUG   main [org.springframework.core.env.StandardEnvironment] Adding [systemEnvironment] PropertySource with lowest search precedence
2016-02-03 20:38:10,367 DEBUG   main [org.springframework.core.env.StandardEnvironment] Initialized StandardEnvironment with PropertySources [systemProperties,systemEnvironment]
2016-02-03 20:38:10,367 INFO   main [org.springframework.beans.factory.xml.XmlBeanDefinitionReader] Loading XML bean definitions from class path resource [spring-ldap-example.xml]
2016-02-03 20:38:10,369 DEBUG   main [org.springframework.beans.factory.xml.DefaultDocumentLoader] Using JAXP provider [com.sun.org.apache.xerces.internal.jaxp.DocumentBuilderFactoryImpl]
2016-02-03 20:38:10,383 TRACE   main [org.springframework.beans.factory.xml.PluggableSchemaResolver] Trying to resolve XML entity with public id [null] and system id [http://www.springframework.org/schema/beans/spring-beans.xsd]
2016-02-03 20:38:10,383 DEBUG   main [org.springframework.beans.factory.xml.PluggableSchemaResolver] Loading schema mappings from [META-INF/spring.schemas]
2016-02-03 20:38:10,387 DEBUG   main [org.springframework.beans.factory.xml.PluggableSchemaResolver] Loaded schema mappings: {http://www.springframework.org/schema/tx/spring-tx-2.5.xsd=org/springframework/transaction/config/spring-tx-2.5.xsd, http://www.springframework.org/schema/cache/spring-cache-4.2.xsd=org/springframework/cache/config/spring-cache-4.2.xsd, http://www.springframework.org/schema/aop/spring-aop-4.1.xsd=org/springframework/aop/config/spring-aop-4.1.xsd, http://www.springframework.org/schema/context/spring-context-3.1.xsd=org/springframework/context/config/spring-context-3.1.xsd, http://www.springframework.org/schema/data/repository/spring-repository-1.4.xsd=org/springframework/data/repository/config/spring-repository-1.4.xsd, http://www.springframework.org/schema/util/spring-util-3.0.xsd=org/springframework/beans/factory/xml/spring-util-3.0.xsd, http://www.springframework.org/schema/tool/spring-tool.xsd=org/springframework/beans/factory/xml/spring-tool-4.2.xsd, http://www.springframework.org/schema/aop/spring-aop-3.2.xsd=org/springframework/aop/config/spring-aop-3.2.xsd, http://www.springframework.org/schema/lang/spring-lang-4.1.xsd=org/springframework/scripting/config/spring-lang-4.1.xsd, http://www.springframework.org/schema/context/spring-context-4.0.xsd=org/springframework/context/config/spring-context-4.0.xsd, http://www.springframework.org/schema/beans/spring-beans-4.2.xsd=org/springframework/beans/factory/xml/spring-beans-4.2.xsd, http://www.springframework.org/schema/tool/spring-tool-4.1.xsd=org/springframework/beans/factory/xml/spring-tool-4.1.xsd, http://www.springframework.org/schema/lang/spring-lang-3.2.xsd=org/springframework/scripting/config/spring-lang-3.2.xsd, http://www.springframework.org/schema/cache/spring-cache-3.2.xsd=org/springframework/cache/config/spring-cache-3.2.xsd, http://www.springframework.org/schema/jee/spring-jee-4.1.xsd=org/springframework/ejb/config/spring-jee-4.1.xsd, http://www.springframework.org/schema/task/spring-task-4.2.xsd=org/springframework/scheduling/config/spring-task-4.2.xsd, http://www.springframework.org/schema/util/spring-util-2.0.xsd=org/springframework/beans/factory/xml/spring-util-2.0.xsd, http://www.springframework.org/schema/tool/spring-tool-3.2.xsd=org/springframework/beans/factory/xml/spring-tool-3.2.xsd, http://www.springframework.org/schema/context/spring-context.xsd=org/springframework/context/config/spring-context-4.2.xsd, http://www.springframework.org/schema/tx/spring-tx-4.2.xsd=org/springframework/transaction/config/spring-tx-4.2.xsd, http://www.springframework.org/schema/cache/spring-cache-4.1.xsd=org/springframework/cache/config/spring-cache-4.1.xsd, http://www.springframework.org/schema/aop/spring-aop-4.0.xsd=org/springframework/aop/config/spring-aop-4.0.xsd, http://www.springframework.org/schema/jee/spring-jee-3.2.xsd=org/springframework/ejb/config/spring-jee-3.2.xsd, http://www.springframework.org/schema/context/spring-context-3.0.xsd=org/springframework/context/config/spring-context-3.0.xsd, http://www.springframework.org/schema/util/spring-util-2.5.xsd=org/springframework/beans/factory/xml/spring-util-2.5.xsd, http://www.springframework.org/schema/beans/spring-beans-3.2.xsd=org/springframework/beans/factory/xml/spring-beans-3.2.xsd, http://www.springframework.org/schema/aop/spring-aop-3.1.xsd=org/springframework/aop/config/spring-aop-3.1.xsd, http://www.springframework.org/schema/ldap/spring-ldap-2.0.xsd=org/springframework/ldap/config/spring-ldap-2.0.xsd, http://www.springframework.org/schema/lang/spring-lang-4.0.xsd=org/springframework/scripting/config/spring-lang-4.0.xsd, http://www.springframework.org/schema/beans/spring-beans-4.1.xsd=org/springframework/beans/factory/xml/spring-beans-4.1.xsd, http://www.springframework.org/schema/tool/spring-tool-4.0.xsd=org/springframework/beans/factory/xml/spring-tool-4.0.xsd, http://www.springframework.org/schema/tx/spring-tx-3.2.xsd=org/springframework/transaction/config/spring-tx-3.2.xsd, http://www.springframework.org/schema/lang/spring-lang-3.1.xsd=org/springframework/scripting/config/spring-lang-3.1.xsd, http://www.springframework.org/schema/cache/spring-cache-3.1.xsd=org/springframework/cache/config/spring-cache-3.1.xsd, http://www.springframework.org/schema/jee/spring-jee-4.0.xsd=org/springframework/ejb/config/spring-jee-4.0.xsd, http://www.springframework.org/schema/task/spring-task-4.1.xsd=org/springframework/scheduling/config/spring-task-4.1.xsd, http://www.springframework.org/schema/tool/spring-tool-3.1.xsd=org/springframework/beans/factory/xml/spring-tool-3.1.xsd, http://www.springframework.org/schema/tx/spring-tx-4.1.xsd=org/springframework/transaction/config/spring-tx-4.1.xsd, http://www.springframework.org/schema/cache/spring-cache-4.0.xsd=org/springframework/cache/config/spring-cache-4.0.xsd, http://www.springframework.org/schema/jee/spring-jee-3.1.xsd=org/springframework/ejb/config/spring-jee-3.1.xsd, http://www.springframework.org/schema/task/spring-task-3.2.xsd=org/springframework/scheduling/config/spring-task-3.2.xsd, http://www.springframework.org/schema/util/spring-util-4.2.xsd=org/springframework/beans/factory/xml/spring-util-4.2.xsd, http://www.springframework.org/schema/beans/spring-beans-3.1.xsd=org/springframework/beans/factory/xml/spring-beans-3.1.xsd, http://www.springframework.org/schema/util/spring-util.xsd=org/springframework/beans/factory/xml/spring-util-4.2.xsd, http://www.springframework.org/schema/aop/spring-aop-3.0.xsd=org/springframework/aop/config/spring-aop-3.0.xsd, http://www.springframework.org/schema/data/repository/spring-repository.xsd=org/springframework/data/repository/config/spring-repository-1.7.xsd, http://www.springframework.org/schema/data/repository/spring-repository-1.7.xsd=org/springframework/data/repository/config/spring-repository-1.7.xsd, http://www.springframework.org/schema/ldap/spring-ldap.xsd=org/springframework/ldap/config/spring-ldap-2.0.xsd, http://www.springframework.org/schema/beans/spring-beans-4.0.xsd=org/springframework/beans/factory/xml/spring-beans-4.0.xsd, http://www.springframework.org/schema/beans/spring-beans.xsd=org/springframework/beans/factory/xml/spring-beans-4.2.xsd, http://www.springframework.org/schema/tx/spring-tx-3.1.xsd=org/springframework/transaction/config/spring-tx-3.1.xsd, http://www.springframework.org/schema/lang/spring-lang-3.0.xsd=org/springframework/scripting/config/spring-lang-3.0.xsd, http://www.springframework.org/schema/context/spring-context-2.5.xsd=org/springframework/context/config/spring-context-2.5.xsd, http://www.springframework.org/schema/task/spring-task-4.0.xsd=org/springframework/scheduling/config/spring-task-4.0.xsd, http://www.springframework.org/schema/tool/spring-tool-3.0.xsd=org/springframework/beans/factory/xml/spring-tool-3.0.xsd, http://www.springframework.org/schema/tx/spring-tx-4.0.xsd=org/springframework/transaction/config/spring-tx-4.0.xsd, http://www.springframework.org/schema/aop/spring-aop-2.0.xsd=org/springframework/aop/config/spring-aop-2.0.xsd, http://www.springframework.org/schema/jee/spring-jee-3.0.xsd=org/springframework/ejb/config/spring-jee-3.0.xsd, http://www.springframework.org/schema/util/spring-util-4.1.xsd=org/springframework/beans/factory/xml/spring-util-4.1.xsd, http://www.springframework.org/schema/task/spring-task-3.1.xsd=org/springframework/scheduling/config/spring-task-3.1.xsd, http://www.springframework.org/schema/beans/spring-beans-3.0.xsd=org/springframework/beans/factory/xml/spring-beans-3.0.xsd, http://www.springframework.org/schema/jee/spring-jee.xsd=org/springframework/ejb/config/spring-jee-4.2.xsd, http://www.springframework.org/schema/aop/spring-aop-2.5.xsd=org/springframework/aop/config/spring-aop-2.5.xsd, http://www.springframework.org/schema/lang/spring-lang-2.0.xsd=org/springframework/scripting/config/spring-lang-2.0.xsd, http://www.springframework.org/schema/data/repository/spring-repository-1.6.xsd=org/springframework/data/repository/config/spring-repository-1.6.xsd, http://www.springframework.org/schema/util/spring-util-3.2.xsd=org/springframework/beans/factory/xml/spring-util-3.2.xsd, http://www.springframework.org/schema/task/spring-task.xsd=org/springframework/scheduling/config/spring-task-4.2.xsd, http://www.springframework.org/schema/tool/spring-tool-2.0.xsd=org/springframework/beans/factory/xml/spring-tool-2.0.xsd, http://www.springframework.org/schema/tx/spring-tx-3.0.xsd=org/springframework/transaction/config/spring-tx-3.0.xsd, http://www.springframework.org/schema/lang/spring-lang-2.5.xsd=org/springframework/scripting/config/spring-lang-2.5.xsd, http://www.springframework.org/schema/context/spring-context-4.2.xsd=org/springframework/context/config/spring-context-4.2.xsd, http://www.springframework.org/schema/jee/spring-jee-2.0.xsd=org/springframework/ejb/config/spring-jee-2.0.xsd, http://www.springframework.org/schema/tool/spring-tool-2.5.xsd=org/springframework/beans/factory/xml/spring-tool-2.5.xsd, http://www.springframework.org/schema/jee/spring-jee-2.5.xsd=org/springframework/ejb/config/spring-jee-2.5.xsd, http://www.springframework.org/schema/data/repository/spring-repository-1.0.xsd=org/springframework/data/repository/config/spring-repository-1.0.xsd, http://www.springframework.org/schema/util/spring-util-4.0.xsd=org/springframework/beans/factory/xml/spring-util-4.0.xsd, http://www.springframework.org/schema/task/spring-task-3.0.xsd=org/springframework/scheduling/config/spring-task-3.0.xsd, http://www.springframework.org/schema/aop/spring-aop-4.2.xsd=org/springframework/aop/config/spring-aop-4.2.xsd, http://www.springframework.org/schema/lang/spring-lang.xsd=org/springframework/scripting/config/spring-lang-4.2.xsd, http://www.springframework.org/schema/context/spring-context-3.2.xsd=org/springframework/context/config/spring-context-3.2.xsd, http://www.springframework.org/schema/data/repository/spring-repository-1.5.xsd=org/springframework/data/repository/config/spring-repository-1.5.xsd, http://www.springframework.org/schema/util/spring-util-3.1.xsd=org/springframework/beans/factory/xml/spring-util-3.1.xsd, http://www.springframework.org/schema/beans/spring-beans-2.0.xsd=org/springframework/beans/factory/xml/spring-beans-2.0.xsd, http://www.springframework.org/schema/cache/spring-cache.xsd=org/springframework/cache/config/spring-cache-4.2.xsd, http://www.springframework.org/schema/tx/spring-tx.xsd=org/springframework/transaction/config/spring-tx-4.2.xsd, http://www.springframework.org/schema/lang/spring-lang-4.2.xsd=org/springframework/scripting/config/spring-lang-4.2.xsd, http://www.springframework.org/schema/context/spring-context-4.1.xsd=org/springframework/context/config/spring-context-4.1.xsd, http://www.springframework.org/schema/beans/spring-beans-2.5.xsd=org/springframework/beans/factory/xml/spring-beans-2.5.xsd, http://www.springframework.org/schema/tool/spring-tool-4.2.xsd=org/springframework/beans/factory/xml/spring-tool-4.2.xsd, http://www.springframework.org/schema/tx/spring-tx-2.0.xsd=org/springframework/transaction/config/spring-tx-2.0.xsd, http://www.springframework.org/schema/jee/spring-jee-4.2.xsd=org/springframework/ejb/config/spring-jee-4.2.xsd, http://www.springframework.org/schema/aop/spring-aop.xsd=org/springframework/aop/config/spring-aop-4.2.xsd}
2016-02-03 20:38:10,388 DEBUG   main [org.springframework.beans.factory.xml.PluggableSchemaResolver] Found XML schema [http://www.springframework.org/schema/beans/spring-beans.xsd] in classpath: org/springframework/beans/factory/xml/spring-beans-4.2.xsd
2016-02-03 20:38:10,410 TRACE   main [org.springframework.beans.factory.xml.PluggableSchemaResolver] Trying to resolve XML entity with public id [null] and system id [http://www.springframework.org/schema/context/spring-context.xsd]
2016-02-03 20:38:10,410 DEBUG   main [org.springframework.beans.factory.xml.PluggableSchemaResolver] Found XML schema [http://www.springframework.org/schema/context/spring-context.xsd] in classpath: org/springframework/context/config/spring-context-4.2.xsd
2016-02-03 20:38:10,415 TRACE   main [org.springframework.beans.factory.xml.PluggableSchemaResolver] Trying to resolve XML entity with public id [null] and system id [http://www.springframework.org/schema/tool/spring-tool-4.2.xsd]
2016-02-03 20:38:10,417 DEBUG   main [org.springframework.beans.factory.xml.PluggableSchemaResolver] Found XML schema [http://www.springframework.org/schema/tool/spring-tool-4.2.xsd] in classpath: org/springframework/beans/factory/xml/spring-tool-4.2.xsd
2016-02-03 20:38:10,428 TRACE   main [org.springframework.beans.factory.xml.PluggableSchemaResolver] Trying to resolve XML entity with public id [null] and system id [http://www.springframework.org/schema/ldap/spring-ldap.xsd]
2016-02-03 20:38:10,429 DEBUG   main [org.springframework.beans.factory.xml.PluggableSchemaResolver] Found XML schema [http://www.springframework.org/schema/ldap/spring-ldap.xsd] in classpath: org/springframework/ldap/config/spring-ldap-2.0.xsd
2016-02-03 20:38:10,436 TRACE   main [org.springframework.beans.factory.xml.PluggableSchemaResolver] Trying to resolve XML entity with public id [null] and system id [http://www.springframework.org/schema/data/repository/spring-repository.xsd]
2016-02-03 20:38:10,437 DEBUG   main [org.springframework.beans.factory.xml.PluggableSchemaResolver] Found XML schema [http://www.springframework.org/schema/data/repository/spring-repository.xsd] in classpath: org/springframework/data/repository/config/spring-repository-1.7.xsd
2016-02-03 20:38:10,449 DEBUG   main [org.springframework.beans.factory.xml.DefaultBeanDefinitionDocumentReader] Loading bean definitions
2016-02-03 20:38:10,453 DEBUG   main [org.springframework.beans.factory.xml.DefaultNamespaceHandlerResolver] Loaded NamespaceHandler mappings: {http://www.springframework.org/schema/p=org.springframework.beans.factory.xml.SimplePropertyNamespaceHandler, http://www.springframework.org/schema/util=org.springframework.beans.factory.xml.UtilNamespaceHandler, http://www.springframework.org/schema/jee=org.springframework.ejb.config.JeeNamespaceHandler, http://www.springframework.org/schema/aop=org.springframework.aop.config.AopNamespaceHandler, http://www.springframework.org/schema/data/repository=org.springframework.data.repository.config.RepositoryNameSpaceHandler, http://www.springframework.org/schema/cache=org.springframework.cache.config.CacheNamespaceHandler, http://www.springframework.org/schema/c=org.springframework.beans.factory.xml.SimpleConstructorNamespaceHandler, http://www.springframework.org/schema/ldap=org.springframework.ldap.config.LdapNamespaceHandler, http://www.springframework.org/schema/tx=org.springframework.transaction.config.TxNamespaceHandler, http://www.springframework.org/schema/task=org.springframework.scheduling.config.TaskNamespaceHandler, http://www.springframework.org/schema/lang=org.springframework.scripting.config.LangNamespaceHandler, http://www.springframework.org/schema/context=org.springframework.context.config.ContextNamespaceHandler}
2016-02-03 20:38:10,455 DEBUG   main [org.springframework.core.env.StandardEnvironment] Adding [systemProperties] PropertySource with lowest search precedence
2016-02-03 20:38:10,455 DEBUG   main [org.springframework.core.env.StandardEnvironment] Adding [systemEnvironment] PropertySource with lowest search precedence
2016-02-03 20:38:10,455 DEBUG   main [org.springframework.core.env.StandardEnvironment] Initialized StandardEnvironment with PropertySources [systemProperties,systemEnvironment]
2016-02-03 20:38:10,462 DEBUG   main [org.springframework.core.io.support.PathMatchingResourcePatternResolver] Looking for matching resources in directory tree [C:\Eclipse\workspace\spring-ldap-example\bin\ldap\advance\example]
2016-02-03 20:38:10,463 DEBUG   main [org.springframework.core.io.support.PathMatchingResourcePatternResolver] Searching directory [C:\Eclipse\workspace\spring-ldap-example\bin\ldap\advance\example] for files matching pattern [C:/Eclipse/workspace/spring-ldap-example/bin/ldap/advance/example/**/*.class]
2016-02-03 20:38:10,463 DEBUG   main [org.springframework.core.io.support.PathMatchingResourcePatternResolver] Searching directory [C:\Eclipse\workspace\spring-ldap-example\bin\ldap\advance\example\test] for files matching pattern [C:/Eclipse/workspace/spring-ldap-example/bin/ldap/advance/example/**/*.class]
2016-02-03 20:38:10,467 DEBUG   main [org.springframework.core.io.support.PathMatchingResourcePatternResolver] Resolved location pattern [classpath*:ldap/advance/example/**/*.class] to resources [file [C:\Eclipse\workspace\spring-ldap-example\bin\ldap\advance\example\test\LdapApp.class], file [C:\Eclipse\workspace\spring-ldap-example\bin\ldap\advance\example\User.class], file [C:\Eclipse\workspace\spring-ldap-example\bin\ldap\advance\example\UserRepositoryImpl$MultipleAttributesMapper.class], file [C:\Eclipse\workspace\spring-ldap-example\bin\ldap\advance\example\UserRepositoryImpl$SingleAttributesMapper.class], file [C:\Eclipse\workspace\spring-ldap-example\bin\ldap\advance\example\UserRepositoryImpl$UserAttributesMapper.class], file [C:\Eclipse\workspace\spring-ldap-example\bin\ldap\advance\example\UserRepositoryImpl.class], file [C:\Eclipse\workspace\spring-ldap-example\bin\ldap\advance\example\UserRepositoryIntf.class]]
2016-02-03 20:38:10,468 TRACE   main [org.springframework.context.annotation.ClassPathBeanDefinitionScanner] Scanning file [C:\Eclipse\workspace\spring-ldap-example\bin\ldap\advance\example\test\LdapApp.class]
2016-02-03 20:38:10,469 TRACE   main [org.springframework.context.annotation.ClassPathBeanDefinitionScanner] Ignored because not matching any filter: file [C:\Eclipse\workspace\spring-ldap-example\bin\ldap\advance\example\test\LdapApp.class]
2016-02-03 20:38:10,469 TRACE   main [org.springframework.context.annotation.ClassPathBeanDefinitionScanner] Scanning file [C:\Eclipse\workspace\spring-ldap-example\bin\ldap\advance\example\User.class]
2016-02-03 20:38:10,470 TRACE   main [org.springframework.context.annotation.ClassPathBeanDefinitionScanner] Ignored because not matching any filter: file [C:\Eclipse\workspace\spring-ldap-example\bin\ldap\advance\example\User.class]
2016-02-03 20:38:10,471 TRACE   main [org.springframework.context.annotation.ClassPathBeanDefinitionScanner] Scanning file [C:\Eclipse\workspace\spring-ldap-example\bin\ldap\advance\example\UserRepositoryImpl$MultipleAttributesMapper.class]
2016-02-03 20:38:10,471 TRACE   main [org.springframework.context.annotation.ClassPathBeanDefinitionScanner] Ignored because not matching any filter: file [C:\Eclipse\workspace\spring-ldap-example\bin\ldap\advance\example\UserRepositoryImpl$MultipleAttributesMapper.class]
2016-02-03 20:38:10,471 TRACE   main [org.springframework.context.annotation.ClassPathBeanDefinitionScanner] Scanning file [C:\Eclipse\workspace\spring-ldap-example\bin\ldap\advance\example\UserRepositoryImpl$SingleAttributesMapper.class]
2016-02-03 20:38:10,472 TRACE   main [org.springframework.context.annotation.ClassPathBeanDefinitionScanner] Ignored because not matching any filter: file [C:\Eclipse\workspace\spring-ldap-example\bin\ldap\advance\example\UserRepositoryImpl$SingleAttributesMapper.class]
2016-02-03 20:38:10,472 TRACE   main [org.springframework.context.annotation.ClassPathBeanDefinitionScanner] Scanning file [C:\Eclipse\workspace\spring-ldap-example\bin\ldap\advance\example\UserRepositoryImpl$UserAttributesMapper.class]
2016-02-03 20:38:10,479 TRACE   main [org.springframework.context.annotation.ClassPathBeanDefinitionScanner] Ignored because not matching any filter: file [C:\Eclipse\workspace\spring-ldap-example\bin\ldap\advance\example\UserRepositoryImpl$UserAttributesMapper.class]
2016-02-03 20:38:10,479 TRACE   main [org.springframework.context.annotation.ClassPathBeanDefinitionScanner] Scanning file [C:\Eclipse\workspace\spring-ldap-example\bin\ldap\advance\example\UserRepositoryImpl.class]
2016-02-03 20:38:10,482 DEBUG   main [org.springframework.context.annotation.ClassPathBeanDefinitionScanner] Identified candidate component class: file [C:\Eclipse\workspace\spring-ldap-example\bin\ldap\advance\example\UserRepositoryImpl.class]
2016-02-03 20:38:10,482 TRACE   main [org.springframework.context.annotation.ClassPathBeanDefinitionScanner] Scanning file [C:\Eclipse\workspace\spring-ldap-example\bin\ldap\advance\example\UserRepositoryIntf.class]
2016-02-03 20:38:10,483 TRACE   main [org.springframework.context.annotation.ClassPathBeanDefinitionScanner] Ignored because not matching any filter: file [C:\Eclipse\workspace\spring-ldap-example\bin\ldap\advance\example\UserRepositoryIntf.class]
2016-02-03 20:38:10,484 DEBUG   main [org.springframework.beans.factory.xml.XmlBeanDefinitionReader] Loaded 9 bean definitions from location pattern [spring-ldap-example.xml]
2016-02-03 20:38:10,484 DEBUG   main [org.springframework.context.support.ClassPathXmlApplicationContext] Bean factory for org.springframework.context.support.ClassPathXmlApplicationContext@450faed3: org.springframework.beans.factory.support.DefaultListableBeanFactory@7f6bbdd7: defining beans [userRepositoryImpl,org.springframework.context.annotation.internalConfigurationAnnotationProcessor,org.springframework.context.annotation.internalAutowiredAnnotationProcessor,org.springframework.context.annotation.internalRequiredAnnotationProcessor,org.springframework.context.annotation.internalCommonAnnotationProcessor,simpleDirContextAuthenticationStrategy,userReposImpl,contextSource,ldapTemplate]; root of factory hierarchy
2016-02-03 20:38:10,486 DEBUG   main [org.springframework.beans.factory.support.DefaultListableBeanFactory] Creating shared instance of singleton bean 'org.springframework.context.annotation.internalConfigurationAnnotationProcessor'
2016-02-03 20:38:10,486 DEBUG   main [org.springframework.beans.factory.support.DefaultListableBeanFactory] Creating instance of bean 'org.springframework.context.annotation.internalConfigurationAnnotationProcessor'
2016-02-03 20:38:10,486 DEBUG   main [org.springframework.beans.factory.support.DefaultListableBeanFactory] Eagerly caching bean 'org.springframework.context.annotation.internalConfigurationAnnotationProcessor' to allow for resolving potential circular references
2016-02-03 20:38:10,486 DEBUG   main [org.springframework.beans.factory.support.DefaultListableBeanFactory] Finished creating instance of bean 'org.springframework.context.annotation.internalConfigurationAnnotationProcessor'
2016-02-03 20:38:10,533 DEBUG   main [org.springframework.beans.factory.support.DefaultListableBeanFactory] Creating shared instance of singleton bean 'org.springframework.context.annotation.internalAutowiredAnnotationProcessor'
2016-02-03 20:38:10,534 DEBUG   main [org.springframework.beans.factory.support.DefaultListableBeanFactory] Creating instance of bean 'org.springframework.context.annotation.internalAutowiredAnnotationProcessor'
2016-02-03 20:38:10,537 DEBUG   main [org.springframework.beans.factory.support.DefaultListableBeanFactory] Eagerly caching bean 'org.springframework.context.annotation.internalAutowiredAnnotationProcessor' to allow for resolving potential circular references
2016-02-03 20:38:10,538 DEBUG   main [org.springframework.beans.factory.support.DefaultListableBeanFactory] Finished creating instance of bean 'org.springframework.context.annotation.internalAutowiredAnnotationProcessor'
2016-02-03 20:38:10,538 DEBUG   main [org.springframework.beans.factory.support.DefaultListableBeanFactory] Creating shared instance of singleton bean 'org.springframework.context.annotation.internalRequiredAnnotationProcessor'
2016-02-03 20:38:10,538 DEBUG   main [org.springframework.beans.factory.support.DefaultListableBeanFactory] Creating instance of bean 'org.springframework.context.annotation.internalRequiredAnnotationProcessor'
2016-02-03 20:38:10,538 DEBUG   main [org.springframework.beans.factory.support.DefaultListableBeanFactory] Eagerly caching bean 'org.springframework.context.annotation.internalRequiredAnnotationProcessor' to allow for resolving potential circular references
2016-02-03 20:38:10,538 DEBUG   main [org.springframework.beans.factory.support.DefaultListableBeanFactory] Finished creating instance of bean 'org.springframework.context.annotation.internalRequiredAnnotationProcessor'
2016-02-03 20:38:10,538 DEBUG   main [org.springframework.beans.factory.support.DefaultListableBeanFactory] Creating shared instance of singleton bean 'org.springframework.context.annotation.internalCommonAnnotationProcessor'
2016-02-03 20:38:10,538 DEBUG   main [org.springframework.beans.factory.support.DefaultListableBeanFactory] Creating instance of bean 'org.springframework.context.annotation.internalCommonAnnotationProcessor'
2016-02-03 20:38:10,538 DEBUG   main [org.springframework.beans.factory.support.DefaultListableBeanFactory] Eagerly caching bean 'org.springframework.context.annotation.internalCommonAnnotationProcessor' to allow for resolving potential circular references
2016-02-03 20:38:10,538 DEBUG   main [org.springframework.beans.factory.support.DefaultListableBeanFactory] Finished creating instance of bean 'org.springframework.context.annotation.internalCommonAnnotationProcessor'
2016-02-03 20:38:10,538 DEBUG   main [org.springframework.beans.factory.support.DefaultListableBeanFactory] Creating shared instance of singleton bean 'org.springframework.context.annotation.ConfigurationClassPostProcessor.importAwareProcessor'
2016-02-03 20:38:10,539 DEBUG   main [org.springframework.beans.factory.support.DefaultListableBeanFactory] Creating instance of bean 'org.springframework.context.annotation.ConfigurationClassPostProcessor.importAwareProcessor'
2016-02-03 20:38:10,539 DEBUG   main [org.springframework.beans.factory.support.DefaultListableBeanFactory] Eagerly caching bean 'org.springframework.context.annotation.ConfigurationClassPostProcessor.importAwareProcessor' to allow for resolving potential circular references
2016-02-03 20:38:10,539 DEBUG   main [org.springframework.beans.factory.support.DefaultListableBeanFactory] Finished creating instance of bean 'org.springframework.context.annotation.ConfigurationClassPostProcessor.importAwareProcessor'
2016-02-03 20:38:10,539 DEBUG   main [org.springframework.beans.factory.support.DefaultListableBeanFactory] Creating shared instance of singleton bean 'org.springframework.context.annotation.ConfigurationClassPostProcessor.enhancedConfigurationProcessor'
2016-02-03 20:38:10,539 DEBUG   main [org.springframework.beans.factory.support.DefaultListableBeanFactory] Creating instance of bean 'org.springframework.context.annotation.ConfigurationClassPostProcessor.enhancedConfigurationProcessor'
2016-02-03 20:38:10,539 DEBUG   main [org.springframework.beans.factory.support.DefaultListableBeanFactory] Eagerly caching bean 'org.springframework.context.annotation.ConfigurationClassPostProcessor.enhancedConfigurationProcessor' to allow for resolving potential circular references
2016-02-03 20:38:10,540 DEBUG   main [org.springframework.beans.factory.support.DefaultListableBeanFactory] Finished creating instance of bean 'org.springframework.context.annotation.ConfigurationClassPostProcessor.enhancedConfigurationProcessor'
2016-02-03 20:38:10,540 DEBUG   main [org.springframework.context.support.ClassPathXmlApplicationContext] Unable to locate MessageSource with name 'messageSource': using default [org.springframework.context.support.DelegatingMessageSource@834e67d]
2016-02-03 20:38:10,541 DEBUG   main [org.springframework.context.support.ClassPathXmlApplicationContext] Unable to locate ApplicationEventMulticaster with name 'applicationEventMulticaster': using default [org.springframework.context.event.SimpleApplicationEventMulticaster@49081cc0]
2016-02-03 20:38:10,542 DEBUG   main [org.springframework.beans.factory.support.DefaultListableBeanFactory] Pre-instantiating singletons in org.springframework.beans.factory.support.DefaultListableBeanFactory@7f6bbdd7: defining beans [userRepositoryImpl,org.springframework.context.annotation.internalConfigurationAnnotationProcessor,org.springframework.context.annotation.internalAutowiredAnnotationProcessor,org.springframework.context.annotation.internalRequiredAnnotationProcessor,org.springframework.context.annotation.internalCommonAnnotationProcessor,simpleDirContextAuthenticationStrategy,userReposImpl,contextSource,ldapTemplate,org.springframework.context.annotation.ConfigurationClassPostProcessor.importAwareProcessor,org.springframework.context.annotation.ConfigurationClassPostProcessor.enhancedConfigurationProcessor]; root of factory hierarchy
2016-02-03 20:38:10,542 DEBUG   main [org.springframework.beans.factory.support.DefaultListableBeanFactory] Creating shared instance of singleton bean 'userRepositoryImpl'
2016-02-03 20:38:10,542 DEBUG   main [org.springframework.beans.factory.support.DefaultListableBeanFactory] Creating instance of bean 'userRepositoryImpl'
2016-02-03 20:38:10,543 DEBUG   main [org.springframework.beans.factory.annotation.InjectionMetadata] Registered injected element on class [ldap.advance.example.UserRepositoryImpl]: AutowiredFieldElement for private org.springframework.ldap.core.LdapTemplate ldap.advance.example.UserRepositoryImpl.ldapTemplate
2016-02-03 20:38:10,543 DEBUG   main [org.springframework.beans.factory.support.DefaultListableBeanFactory] Eagerly caching bean 'userRepositoryImpl' to allow for resolving potential circular references
2016-02-03 20:38:10,543 DEBUG   main [org.springframework.beans.factory.annotation.InjectionMetadata] Processing injected element of bean 'userRepositoryImpl': AutowiredFieldElement for private org.springframework.ldap.core.LdapTemplate ldap.advance.example.UserRepositoryImpl.ldapTemplate
2016-02-03 20:38:10,543 DEBUG   main [org.springframework.beans.factory.support.DefaultListableBeanFactory] Creating shared instance of singleton bean 'ldapTemplate'
2016-02-03 20:38:10,543 DEBUG   main [org.springframework.beans.factory.support.DefaultListableBeanFactory] Creating instance of bean 'ldapTemplate'
2016-02-03 20:38:10,545 DEBUG   main [org.springframework.beans.factory.support.DefaultListableBeanFactory] Eagerly caching bean 'ldapTemplate' to allow for resolving potential circular references
2016-02-03 20:38:10,546 DEBUG   main [org.springframework.beans.factory.support.DefaultListableBeanFactory] Creating shared instance of singleton bean 'contextSource'
2016-02-03 20:38:10,546 DEBUG   main [org.springframework.beans.factory.support.DefaultListableBeanFactory] Creating instance of bean 'contextSource'
2016-02-03 20:38:10,546 DEBUG   main [org.springframework.beans.factory.support.DefaultListableBeanFactory] Creating instance of bean '(inner bean)#3397a6b5'
2016-02-03 20:38:10,548 DEBUG   main [org.springframework.beans.factory.support.DefaultListableBeanFactory] Creating instance of bean '(inner bean)#2941cf89'
2016-02-03 20:38:10,550 DEBUG   main [org.springframework.beans.factory.support.DefaultListableBeanFactory] Finished creating instance of bean '(inner bean)#2941cf89'
2016-02-03 20:38:10,550 DEBUG   main [org.springframework.beans.factory.support.DefaultListableBeanFactory] Creating shared instance of singleton bean 'simpleDirContextAuthenticationStrategy'
2016-02-03 20:38:10,550 DEBUG   main [org.springframework.beans.factory.support.DefaultListableBeanFactory] Creating instance of bean 'simpleDirContextAuthenticationStrategy'
2016-02-03 20:38:10,550 DEBUG   main [org.springframework.beans.factory.support.DefaultListableBeanFactory] Eagerly caching bean 'simpleDirContextAuthenticationStrategy' to allow for resolving potential circular references
2016-02-03 20:38:10,551 DEBUG   main [org.springframework.beans.factory.support.DefaultListableBeanFactory] Finished creating instance of bean 'simpleDirContextAuthenticationStrategy'
2016-02-03 20:38:10,551 DEBUG   main [org.springframework.beans.factory.support.DefaultListableBeanFactory] Invoking afterPropertiesSet() on bean with name '(inner bean)#3397a6b5'
2016-02-03 20:38:10,552 DEBUG   main [org.springframework.beans.factory.support.DefaultListableBeanFactory] Finished creating instance of bean '(inner bean)#3397a6b5'
2016-02-03 20:38:10,553 DEBUG   main [org.springframework.beans.factory.support.DefaultListableBeanFactory] Eagerly caching bean 'contextSource' to allow for resolving potential circular references
2016-02-03 20:38:10,553 DEBUG   main [org.springframework.beans.factory.support.DefaultListableBeanFactory] Finished creating instance of bean 'contextSource'
2016-02-03 20:38:10,553 DEBUG   main [org.springframework.beans.factory.support.DefaultListableBeanFactory] Invoking afterPropertiesSet() on bean with name 'ldapTemplate'
2016-02-03 20:38:10,553 DEBUG   main [org.springframework.beans.factory.support.DefaultListableBeanFactory] Finished creating instance of bean 'ldapTemplate'
2016-02-03 20:38:10,553 DEBUG   main [org.springframework.beans.factory.annotation.AutowiredAnnotationBeanPostProcessor] Autowiring by type from bean name 'userRepositoryImpl' to bean named 'ldapTemplate'
2016-02-03 20:38:10,553 DEBUG   main [org.springframework.beans.factory.support.DefaultListableBeanFactory] Finished creating instance of bean 'userRepositoryImpl'
2016-02-03 20:38:10,554 DEBUG   main [org.springframework.beans.factory.support.DefaultListableBeanFactory] Returning cached instance of singleton bean 'org.springframework.context.annotation.internalConfigurationAnnotationProcessor'
2016-02-03 20:38:10,554 DEBUG   main [org.springframework.beans.factory.support.DefaultListableBeanFactory] Returning cached instance of singleton bean 'org.springframework.context.annotation.internalAutowiredAnnotationProcessor'
2016-02-03 20:38:10,554 DEBUG   main [org.springframework.beans.factory.support.DefaultListableBeanFactory] Returning cached instance of singleton bean 'org.springframework.context.annotation.internalRequiredAnnotationProcessor'
2016-02-03 20:38:10,554 DEBUG   main [org.springframework.beans.factory.support.DefaultListableBeanFactory] Returning cached instance of singleton bean 'org.springframework.context.annotation.internalCommonAnnotationProcessor'
2016-02-03 20:38:10,554 DEBUG   main [org.springframework.beans.factory.support.DefaultListableBeanFactory] Returning cached instance of singleton bean 'simpleDirContextAuthenticationStrategy'
2016-02-03 20:38:10,554 DEBUG   main [org.springframework.beans.factory.support.DefaultListableBeanFactory] Creating shared instance of singleton bean 'userReposImpl'
2016-02-03 20:38:10,554 DEBUG   main [org.springframework.beans.factory.support.DefaultListableBeanFactory] Creating instance of bean 'userReposImpl'
2016-02-03 20:38:10,554 DEBUG   main [org.springframework.beans.factory.annotation.InjectionMetadata] Registered injected element on class [ldap.advance.example.UserRepositoryImpl]: AutowiredFieldElement for private org.springframework.ldap.core.LdapTemplate ldap.advance.example.UserRepositoryImpl.ldapTemplate
2016-02-03 20:38:10,554 DEBUG   main [org.springframework.beans.factory.support.DefaultListableBeanFactory] Eagerly caching bean 'userReposImpl' to allow for resolving potential circular references
2016-02-03 20:38:10,555 DEBUG   main [org.springframework.beans.factory.annotation.InjectionMetadata] Processing injected element of bean 'userReposImpl': AutowiredFieldElement for private org.springframework.ldap.core.LdapTemplate ldap.advance.example.UserRepositoryImpl.ldapTemplate
2016-02-03 20:38:10,555 DEBUG   main [org.springframework.beans.factory.support.DefaultListableBeanFactory] Returning cached instance of singleton bean 'ldapTemplate'
2016-02-03 20:38:10,555 DEBUG   main [org.springframework.beans.factory.annotation.AutowiredAnnotationBeanPostProcessor] Autowiring by type from bean name 'userReposImpl' to bean named 'ldapTemplate'
2016-02-03 20:38:10,555 DEBUG   main [org.springframework.beans.factory.support.DefaultListableBeanFactory] Finished creating instance of bean 'userReposImpl'
2016-02-03 20:38:10,555 DEBUG   main [org.springframework.beans.factory.support.DefaultListableBeanFactory] Returning cached instance of singleton bean 'contextSource'
2016-02-03 20:38:10,555 DEBUG   main [org.springframework.beans.factory.support.DefaultListableBeanFactory] Returning cached instance of singleton bean 'ldapTemplate'
2016-02-03 20:38:10,555 DEBUG   main [org.springframework.beans.factory.support.DefaultListableBeanFactory] Returning cached instance of singleton bean 'org.springframework.context.annotation.ConfigurationClassPostProcessor.importAwareProcessor'
2016-02-03 20:38:10,555 DEBUG   main [org.springframework.beans.factory.support.DefaultListableBeanFactory] Returning cached instance of singleton bean 'org.springframework.context.annotation.ConfigurationClassPostProcessor.enhancedConfigurationProcessor'
2016-02-03 20:38:10,555 DEBUG   main [org.springframework.context.support.ClassPathXmlApplicationContext] Unable to locate LifecycleProcessor with name 'lifecycleProcessor': using default [org.springframework.context.support.DefaultLifecycleProcessor@1642f9ef]
2016-02-03 20:38:10,556 DEBUG   main [org.springframework.beans.factory.support.DefaultListableBeanFactory] Returning cached instance of singleton bean 'lifecycleProcessor'
2016-02-03 20:38:10,556 TRACE   main [org.springframework.context.support.ClassPathXmlApplicationContext] Publishing event in org.springframework.context.support.ClassPathXmlApplicationContext@450faed3: org.springframework.context.event.ContextRefreshedEvent[source=org.springframework.context.support.ClassPathXmlApplicationContext@450faed3: startup date [Wed Feb 03 20:38:10 EST 2016]; root of context hierarchy]
2016-02-03 20:38:10,557 TRACE   main [org.springframework.core.env.PropertySourcesPropertyResolver] getProperty("spring.liveBeansView.mbeanDomain", String)
2016-02-03 20:38:10,557 DEBUG   main [org.springframework.core.env.PropertySourcesPropertyResolver] Searching for key 'spring.liveBeansView.mbeanDomain' in [systemProperties]
2016-02-03 20:38:10,557 DEBUG   main [org.springframework.core.env.PropertySourcesPropertyResolver] Searching for key 'spring.liveBeansView.mbeanDomain' in [systemEnvironment]
2016-02-03 20:38:10,558 DEBUG   main [org.springframework.core.env.PropertySourcesPropertyResolver] Could not find key 'spring.liveBeansView.mbeanDomain' in any property source. Returning [null]
2016-02-03 20:38:10,558 INFO   main [ldap.advance.example.UserRepositoryImpl] executing {getUserDetails}
2016-02-03 20:38:10,561 INFO   main [ldap.advance.example.test.LdapApp] 
 =>User [uid=spring_ldap_test, cn=spring_ldap_test, sn=spring_ldap_test, userPassword={SSHA}/gmHkRwTSPeyTVZ1yPW57BGbWEdorLz/gmU99g==, postalAddress=spring_ldap_test, telephoneNumber=9830098301]
2016-02-03 20:38:10,561 INFO   main [ldap.advance.example.UserRepositoryImpl] executing {getUserDetails}
2016-02-03 20:38:10,564 INFO   main [ldap.advance.example.UserRepositoryImpl] telephoneNumber	 | 9830098301
2016-02-03 20:38:10,564 INFO   main [ldap.advance.example.UserRepositoryImpl] userPassword	 | [B@5d25379e
2016-02-03 20:38:10,564 INFO   main [ldap.advance.example.UserRepositoryImpl] uid	 | spring_ldap_test
2016-02-03 20:38:10,564 INFO   main [ldap.advance.example.UserRepositoryImpl] objectClass	 | organizationalPerson
2016-02-03 20:38:10,564 INFO   main [ldap.advance.example.UserRepositoryImpl] postalAddress	 | spring_ldap_test
2016-02-03 20:38:10,564 INFO   main [ldap.advance.example.UserRepositoryImpl] sn	 | spring_ldap_test
2016-02-03 20:38:10,564 INFO   main [ldap.advance.example.UserRepositoryImpl] cn	 | spring_ldap_test
2016-02-03 20:38:10,564 INFO   main [ldap.advance.example.test.LdapApp] 
 =>
 Result { 
 	 |_  #telephoneNumber= [ 9830098301 ]  
 	 |_  #userPassword= [ [B@5d25379e ]  
 	 |_  #uid= [ spring_ldap_test ]  
 	 |_  #objectClass= [ organizationalPerson ]  
 	 |_  #postalAddress= [ spring_ldap_test ]  
 	 |_  #sn= [ spring_ldap_test ]  
 	 |_  #cn= [ spring_ldap_test ]  

 } 
2016-02-03 20:38:10,565 INFO   main [ldap.advance.example.UserRepositoryImpl] executing {updateTelePhone}
2016-02-03 20:38:11,045 INFO   main [ldap.advance.example.UserRepositoryImpl] executing {getUserDetails}
2016-02-03 20:38:11,049 INFO   main [ldap.advance.example.test.LdapApp] 
 =>User [uid=spring_ldap_test, cn=spring_ldap_test, sn=spring_ldap_test, userPassword={SSHA}/gmHkRwTSPeyTVZ1yPW57BGbWEdorLz/gmU99g==, postalAddress=spring_ldap_test, telephoneNumber=(630)728-2091]
2016-02-03 20:38:11,049 INFO   main [org.springframework.context.support.ClassPathXmlApplicationContext] Closing org.springframework.context.support.ClassPathXmlApplicationContext@450faed3: startup date [Wed Feb 03 20:38:10 EST 2016]; root of context hierarchy
2016-02-03 20:38:11,049 TRACE   main [org.springframework.context.support.ClassPathXmlApplicationContext] Publishing event in org.springframework.context.support.ClassPathXmlApplicationContext@450faed3: org.springframework.context.event.ContextClosedEvent[source=org.springframework.context.support.ClassPathXmlApplicationContext@450faed3: startup date [Wed Feb 03 20:38:10 EST 2016]; root of context hierarchy]
2016-02-03 20:38:11,050 DEBUG   main [org.springframework.beans.factory.support.DefaultListableBeanFactory] Returning cached instance of singleton bean 'lifecycleProcessor'
2016-02-03 20:38:11,050 DEBUG   main [org.springframework.beans.factory.support.DefaultListableBeanFactory] Destroying singletons in org.springframework.beans.factory.support.DefaultListableBeanFactory@7f6bbdd7: defining beans [userRepositoryImpl,org.springframework.context.annotation.internalConfigurationAnnotationProcessor,org.springframework.context.annotation.internalAutowiredAnnotationProcessor,org.springframework.context.annotation.internalRequiredAnnotationProcessor,org.springframework.context.annotation.internalCommonAnnotationProcessor,simpleDirContextAuthenticationStrategy,userReposImpl,contextSource,ldapTemplate,org.springframework.context.annotation.ConfigurationClassPostProcessor.importAwareProcessor,org.springframework.context.annotation.ConfigurationClassPostProcessor.enhancedConfigurationProcessor]; root of factory hierarchy
2016-02-03 20:38:11,050 DEBUG   main [org.springframework.beans.factory.support.DefaultListableBeanFactory] Retrieved dependent beans for bean '(inner bean)#3397a6b5': [contextSource]
2016-02-03 20:38:11,050 DEBUG   main [org.springframework.beans.factory.support.DefaultListableBeanFactory] Retrieved dependent beans for bean '(inner bean)#2941cf89': [(inner bean)#3397a6b5]
2016-02-04 08:10:18,574 DEBUG   main [org.springframework.core.env.StandardEnvironment] Adding [systemProperties] PropertySource with lowest search precedence
2016-02-04 08:10:18,578 DEBUG   main [org.springframework.core.env.StandardEnvironment] Adding [systemEnvironment] PropertySource with lowest search precedence
2016-02-04 08:10:18,578 DEBUG   main [org.springframework.core.env.StandardEnvironment] Initialized StandardEnvironment with PropertySources [systemProperties,systemEnvironment]
2016-02-04 08:10:18,584 INFO   main [org.springframework.context.support.ClassPathXmlApplicationContext] Refreshing org.springframework.context.support.ClassPathXmlApplicationContext@60c4d1a7: startup date [Thu Feb 04 08:10:18 EST 2016]; root of context hierarchy
2016-02-04 08:10:18,618 DEBUG   main [org.springframework.core.env.StandardEnvironment] Adding [systemProperties] PropertySource with lowest search precedence
2016-02-04 08:10:18,618 DEBUG   main [org.springframework.core.env.StandardEnvironment] Adding [systemEnvironment] PropertySource with lowest search precedence
2016-02-04 08:10:18,618 DEBUG   main [org.springframework.core.env.StandardEnvironment] Initialized StandardEnvironment with PropertySources [systemProperties,systemEnvironment]
2016-02-04 08:10:18,629 INFO   main [org.springframework.beans.factory.xml.XmlBeanDefinitionReader] Loading XML bean definitions from class path resource [spring-ldap-example.xml]
2016-02-04 08:10:18,631 DEBUG   main [org.springframework.beans.factory.xml.DefaultDocumentLoader] Using JAXP provider [com.sun.org.apache.xerces.internal.jaxp.DocumentBuilderFactoryImpl]
2016-02-04 08:10:18,650 TRACE   main [org.springframework.beans.factory.xml.PluggableSchemaResolver] Trying to resolve XML entity with public id [null] and system id [http://www.springframework.org/schema/beans/spring-beans.xsd]
2016-02-04 08:10:18,650 DEBUG   main [org.springframework.beans.factory.xml.PluggableSchemaResolver] Loading schema mappings from [META-INF/spring.schemas]
2016-02-04 08:10:18,658 DEBUG   main [org.springframework.beans.factory.xml.PluggableSchemaResolver] Loaded schema mappings: {http://www.springframework.org/schema/tx/spring-tx-2.5.xsd=org/springframework/transaction/config/spring-tx-2.5.xsd, http://www.springframework.org/schema/cache/spring-cache-4.2.xsd=org/springframework/cache/config/spring-cache-4.2.xsd, http://www.springframework.org/schema/aop/spring-aop-4.1.xsd=org/springframework/aop/config/spring-aop-4.1.xsd, http://www.springframework.org/schema/context/spring-context-3.1.xsd=org/springframework/context/config/spring-context-3.1.xsd, http://www.springframework.org/schema/data/repository/spring-repository-1.4.xsd=org/springframework/data/repository/config/spring-repository-1.4.xsd, http://www.springframework.org/schema/util/spring-util-3.0.xsd=org/springframework/beans/factory/xml/spring-util-3.0.xsd, http://www.springframework.org/schema/tool/spring-tool.xsd=org/springframework/beans/factory/xml/spring-tool-4.2.xsd, http://www.springframework.org/schema/aop/spring-aop-3.2.xsd=org/springframework/aop/config/spring-aop-3.2.xsd, http://www.springframework.org/schema/lang/spring-lang-4.1.xsd=org/springframework/scripting/config/spring-lang-4.1.xsd, http://www.springframework.org/schema/context/spring-context-4.0.xsd=org/springframework/context/config/spring-context-4.0.xsd, http://www.springframework.org/schema/beans/spring-beans-4.2.xsd=org/springframework/beans/factory/xml/spring-beans-4.2.xsd, http://www.springframework.org/schema/tool/spring-tool-4.1.xsd=org/springframework/beans/factory/xml/spring-tool-4.1.xsd, http://www.springframework.org/schema/lang/spring-lang-3.2.xsd=org/springframework/scripting/config/spring-lang-3.2.xsd, http://www.springframework.org/schema/cache/spring-cache-3.2.xsd=org/springframework/cache/config/spring-cache-3.2.xsd, http://www.springframework.org/schema/jee/spring-jee-4.1.xsd=org/springframework/ejb/config/spring-jee-4.1.xsd, http://www.springframework.org/schema/task/spring-task-4.2.xsd=org/springframework/scheduling/config/spring-task-4.2.xsd, http://www.springframework.org/schema/util/spring-util-2.0.xsd=org/springframework/beans/factory/xml/spring-util-2.0.xsd, http://www.springframework.org/schema/tool/spring-tool-3.2.xsd=org/springframework/beans/factory/xml/spring-tool-3.2.xsd, http://www.springframework.org/schema/context/spring-context.xsd=org/springframework/context/config/spring-context-4.2.xsd, http://www.springframework.org/schema/tx/spring-tx-4.2.xsd=org/springframework/transaction/config/spring-tx-4.2.xsd, http://www.springframework.org/schema/cache/spring-cache-4.1.xsd=org/springframework/cache/config/spring-cache-4.1.xsd, http://www.springframework.org/schema/aop/spring-aop-4.0.xsd=org/springframework/aop/config/spring-aop-4.0.xsd, http://www.springframework.org/schema/jee/spring-jee-3.2.xsd=org/springframework/ejb/config/spring-jee-3.2.xsd, http://www.springframework.org/schema/context/spring-context-3.0.xsd=org/springframework/context/config/spring-context-3.0.xsd, http://www.springframework.org/schema/util/spring-util-2.5.xsd=org/springframework/beans/factory/xml/spring-util-2.5.xsd, http://www.springframework.org/schema/beans/spring-beans-3.2.xsd=org/springframework/beans/factory/xml/spring-beans-3.2.xsd, http://www.springframework.org/schema/aop/spring-aop-3.1.xsd=org/springframework/aop/config/spring-aop-3.1.xsd, http://www.springframework.org/schema/ldap/spring-ldap-2.0.xsd=org/springframework/ldap/config/spring-ldap-2.0.xsd, http://www.springframework.org/schema/lang/spring-lang-4.0.xsd=org/springframework/scripting/config/spring-lang-4.0.xsd, http://www.springframework.org/schema/beans/spring-beans-4.1.xsd=org/springframework/beans/factory/xml/spring-beans-4.1.xsd, http://www.springframework.org/schema/tool/spring-tool-4.0.xsd=org/springframework/beans/factory/xml/spring-tool-4.0.xsd, http://www.springframework.org/schema/tx/spring-tx-3.2.xsd=org/springframework/transaction/config/spring-tx-3.2.xsd, http://www.springframework.org/schema/lang/spring-lang-3.1.xsd=org/springframework/scripting/config/spring-lang-3.1.xsd, http://www.springframework.org/schema/cache/spring-cache-3.1.xsd=org/springframework/cache/config/spring-cache-3.1.xsd, http://www.springframework.org/schema/jee/spring-jee-4.0.xsd=org/springframework/ejb/config/spring-jee-4.0.xsd, http://www.springframework.org/schema/task/spring-task-4.1.xsd=org/springframework/scheduling/config/spring-task-4.1.xsd, http://www.springframework.org/schema/tool/spring-tool-3.1.xsd=org/springframework/beans/factory/xml/spring-tool-3.1.xsd, http://www.springframework.org/schema/tx/spring-tx-4.1.xsd=org/springframework/transaction/config/spring-tx-4.1.xsd, http://www.springframework.org/schema/cache/spring-cache-4.0.xsd=org/springframework/cache/config/spring-cache-4.0.xsd, http://www.springframework.org/schema/jee/spring-jee-3.1.xsd=org/springframework/ejb/config/spring-jee-3.1.xsd, http://www.springframework.org/schema/task/spring-task-3.2.xsd=org/springframework/scheduling/config/spring-task-3.2.xsd, http://www.springframework.org/schema/util/spring-util-4.2.xsd=org/springframework/beans/factory/xml/spring-util-4.2.xsd, http://www.springframework.org/schema/beans/spring-beans-3.1.xsd=org/springframework/beans/factory/xml/spring-beans-3.1.xsd, http://www.springframework.org/schema/util/spring-util.xsd=org/springframework/beans/factory/xml/spring-util-4.2.xsd, http://www.springframework.org/schema/aop/spring-aop-3.0.xsd=org/springframework/aop/config/spring-aop-3.0.xsd, http://www.springframework.org/schema/data/repository/spring-repository.xsd=org/springframework/data/repository/config/spring-repository-1.7.xsd, http://www.springframework.org/schema/data/repository/spring-repository-1.7.xsd=org/springframework/data/repository/config/spring-repository-1.7.xsd, http://www.springframework.org/schema/ldap/spring-ldap.xsd=org/springframework/ldap/config/spring-ldap-2.0.xsd, http://www.springframework.org/schema/beans/spring-beans-4.0.xsd=org/springframework/beans/factory/xml/spring-beans-4.0.xsd, http://www.springframework.org/schema/beans/spring-beans.xsd=org/springframework/beans/factory/xml/spring-beans-4.2.xsd, http://www.springframework.org/schema/tx/spring-tx-3.1.xsd=org/springframework/transaction/config/spring-tx-3.1.xsd, http://www.springframework.org/schema/lang/spring-lang-3.0.xsd=org/springframework/scripting/config/spring-lang-3.0.xsd, http://www.springframework.org/schema/context/spring-context-2.5.xsd=org/springframework/context/config/spring-context-2.5.xsd, http://www.springframework.org/schema/task/spring-task-4.0.xsd=org/springframework/scheduling/config/spring-task-4.0.xsd, http://www.springframework.org/schema/tool/spring-tool-3.0.xsd=org/springframework/beans/factory/xml/spring-tool-3.0.xsd, http://www.springframework.org/schema/tx/spring-tx-4.0.xsd=org/springframework/transaction/config/spring-tx-4.0.xsd, http://www.springframework.org/schema/aop/spring-aop-2.0.xsd=org/springframework/aop/config/spring-aop-2.0.xsd, http://www.springframework.org/schema/jee/spring-jee-3.0.xsd=org/springframework/ejb/config/spring-jee-3.0.xsd, http://www.springframework.org/schema/util/spring-util-4.1.xsd=org/springframework/beans/factory/xml/spring-util-4.1.xsd, http://www.springframework.org/schema/task/spring-task-3.1.xsd=org/springframework/scheduling/config/spring-task-3.1.xsd, http://www.springframework.org/schema/beans/spring-beans-3.0.xsd=org/springframework/beans/factory/xml/spring-beans-3.0.xsd, http://www.springframework.org/schema/jee/spring-jee.xsd=org/springframework/ejb/config/spring-jee-4.2.xsd, http://www.springframework.org/schema/aop/spring-aop-2.5.xsd=org/springframework/aop/config/spring-aop-2.5.xsd, http://www.springframework.org/schema/lang/spring-lang-2.0.xsd=org/springframework/scripting/config/spring-lang-2.0.xsd, http://www.springframework.org/schema/data/repository/spring-repository-1.6.xsd=org/springframework/data/repository/config/spring-repository-1.6.xsd, http://www.springframework.org/schema/util/spring-util-3.2.xsd=org/springframework/beans/factory/xml/spring-util-3.2.xsd, http://www.springframework.org/schema/task/spring-task.xsd=org/springframework/scheduling/config/spring-task-4.2.xsd, http://www.springframework.org/schema/tool/spring-tool-2.0.xsd=org/springframework/beans/factory/xml/spring-tool-2.0.xsd, http://www.springframework.org/schema/tx/spring-tx-3.0.xsd=org/springframework/transaction/config/spring-tx-3.0.xsd, http://www.springframework.org/schema/lang/spring-lang-2.5.xsd=org/springframework/scripting/config/spring-lang-2.5.xsd, http://www.springframework.org/schema/context/spring-context-4.2.xsd=org/springframework/context/config/spring-context-4.2.xsd, http://www.springframework.org/schema/jee/spring-jee-2.0.xsd=org/springframework/ejb/config/spring-jee-2.0.xsd, http://www.springframework.org/schema/tool/spring-tool-2.5.xsd=org/springframework/beans/factory/xml/spring-tool-2.5.xsd, http://www.springframework.org/schema/jee/spring-jee-2.5.xsd=org/springframework/ejb/config/spring-jee-2.5.xsd, http://www.springframework.org/schema/data/repository/spring-repository-1.0.xsd=org/springframework/data/repository/config/spring-repository-1.0.xsd, http://www.springframework.org/schema/util/spring-util-4.0.xsd=org/springframework/beans/factory/xml/spring-util-4.0.xsd, http://www.springframework.org/schema/task/spring-task-3.0.xsd=org/springframework/scheduling/config/spring-task-3.0.xsd, http://www.springframework.org/schema/aop/spring-aop-4.2.xsd=org/springframework/aop/config/spring-aop-4.2.xsd, http://www.springframework.org/schema/lang/spring-lang.xsd=org/springframework/scripting/config/spring-lang-4.2.xsd, http://www.springframework.org/schema/context/spring-context-3.2.xsd=org/springframework/context/config/spring-context-3.2.xsd, http://www.springframework.org/schema/data/repository/spring-repository-1.5.xsd=org/springframework/data/repository/config/spring-repository-1.5.xsd, http://www.springframework.org/schema/util/spring-util-3.1.xsd=org/springframework/beans/factory/xml/spring-util-3.1.xsd, http://www.springframework.org/schema/beans/spring-beans-2.0.xsd=org/springframework/beans/factory/xml/spring-beans-2.0.xsd, http://www.springframework.org/schema/cache/spring-cache.xsd=org/springframework/cache/config/spring-cache-4.2.xsd, http://www.springframework.org/schema/tx/spring-tx.xsd=org/springframework/transaction/config/spring-tx-4.2.xsd, http://www.springframework.org/schema/lang/spring-lang-4.2.xsd=org/springframework/scripting/config/spring-lang-4.2.xsd, http://www.springframework.org/schema/context/spring-context-4.1.xsd=org/springframework/context/config/spring-context-4.1.xsd, http://www.springframework.org/schema/beans/spring-beans-2.5.xsd=org/springframework/beans/factory/xml/spring-beans-2.5.xsd, http://www.springframework.org/schema/tool/spring-tool-4.2.xsd=org/springframework/beans/factory/xml/spring-tool-4.2.xsd, http://www.springframework.org/schema/tx/spring-tx-2.0.xsd=org/springframework/transaction/config/spring-tx-2.0.xsd, http://www.springframework.org/schema/jee/spring-jee-4.2.xsd=org/springframework/ejb/config/spring-jee-4.2.xsd, http://www.springframework.org/schema/aop/spring-aop.xsd=org/springframework/aop/config/spring-aop-4.2.xsd}
2016-02-04 08:10:18,662 DEBUG   main [org.springframework.beans.factory.xml.PluggableSchemaResolver] Found XML schema [http://www.springframework.org/schema/beans/spring-beans.xsd] in classpath: org/springframework/beans/factory/xml/spring-beans-4.2.xsd
2016-02-04 08:10:18,726 TRACE   main [org.springframework.beans.factory.xml.PluggableSchemaResolver] Trying to resolve XML entity with public id [null] and system id [http://www.springframework.org/schema/context/spring-context.xsd]
2016-02-04 08:10:18,727 DEBUG   main [org.springframework.beans.factory.xml.PluggableSchemaResolver] Found XML schema [http://www.springframework.org/schema/context/spring-context.xsd] in classpath: org/springframework/context/config/spring-context-4.2.xsd
2016-02-04 08:10:18,734 TRACE   main [org.springframework.beans.factory.xml.PluggableSchemaResolver] Trying to resolve XML entity with public id [null] and system id [http://www.springframework.org/schema/tool/spring-tool-4.2.xsd]
2016-02-04 08:10:18,735 DEBUG   main [org.springframework.beans.factory.xml.PluggableSchemaResolver] Found XML schema [http://www.springframework.org/schema/tool/spring-tool-4.2.xsd] in classpath: org/springframework/beans/factory/xml/spring-tool-4.2.xsd
2016-02-04 08:10:18,744 TRACE   main [org.springframework.beans.factory.xml.PluggableSchemaResolver] Trying to resolve XML entity with public id [null] and system id [http://www.springframework.org/schema/ldap/spring-ldap.xsd]
2016-02-04 08:10:18,745 DEBUG   main [org.springframework.beans.factory.xml.PluggableSchemaResolver] Found XML schema [http://www.springframework.org/schema/ldap/spring-ldap.xsd] in classpath: org/springframework/ldap/config/spring-ldap-2.0.xsd
2016-02-04 08:10:18,753 TRACE   main [org.springframework.beans.factory.xml.PluggableSchemaResolver] Trying to resolve XML entity with public id [null] and system id [http://www.springframework.org/schema/data/repository/spring-repository.xsd]
2016-02-04 08:10:18,754 DEBUG   main [org.springframework.beans.factory.xml.PluggableSchemaResolver] Found XML schema [http://www.springframework.org/schema/data/repository/spring-repository.xsd] in classpath: org/springframework/data/repository/config/spring-repository-1.7.xsd
2016-02-04 08:10:18,767 DEBUG   main [org.springframework.beans.factory.xml.DefaultBeanDefinitionDocumentReader] Loading bean definitions
2016-02-04 08:10:18,778 DEBUG   main [org.springframework.beans.factory.xml.DefaultNamespaceHandlerResolver] Loaded NamespaceHandler mappings: {http://www.springframework.org/schema/p=org.springframework.beans.factory.xml.SimplePropertyNamespaceHandler, http://www.springframework.org/schema/util=org.springframework.beans.factory.xml.UtilNamespaceHandler, http://www.springframework.org/schema/jee=org.springframework.ejb.config.JeeNamespaceHandler, http://www.springframework.org/schema/aop=org.springframework.aop.config.AopNamespaceHandler, http://www.springframework.org/schema/data/repository=org.springframework.data.repository.config.RepositoryNameSpaceHandler, http://www.springframework.org/schema/cache=org.springframework.cache.config.CacheNamespaceHandler, http://www.springframework.org/schema/c=org.springframework.beans.factory.xml.SimpleConstructorNamespaceHandler, http://www.springframework.org/schema/ldap=org.springframework.ldap.config.LdapNamespaceHandler, http://www.springframework.org/schema/tx=org.springframework.transaction.config.TxNamespaceHandler, http://www.springframework.org/schema/task=org.springframework.scheduling.config.TaskNamespaceHandler, http://www.springframework.org/schema/lang=org.springframework.scripting.config.LangNamespaceHandler, http://www.springframework.org/schema/context=org.springframework.context.config.ContextNamespaceHandler}
2016-02-04 08:10:18,797 DEBUG   main [org.springframework.core.env.StandardEnvironment] Adding [systemProperties] PropertySource with lowest search precedence
2016-02-04 08:10:18,797 DEBUG   main [org.springframework.core.env.StandardEnvironment] Adding [systemEnvironment] PropertySource with lowest search precedence
2016-02-04 08:10:18,797 DEBUG   main [org.springframework.core.env.StandardEnvironment] Initialized StandardEnvironment with PropertySources [systemProperties,systemEnvironment]
2016-02-04 08:10:18,811 DEBUG   main [org.springframework.core.io.support.PathMatchingResourcePatternResolver] Looking for matching resources in directory tree [C:\Eclipse\workspace\spring-ldap-example\bin\gov\fema\adminportal\ldap]
2016-02-04 08:10:18,811 DEBUG   main [org.springframework.core.io.support.PathMatchingResourcePatternResolver] Searching directory [C:\Eclipse\workspace\spring-ldap-example\bin\gov\fema\adminportal\ldap] for files matching pattern [C:/Eclipse/workspace/spring-ldap-example/bin/gov/fema/adminportal/ldap/**/*.class]
2016-02-04 08:10:18,812 DEBUG   main [org.springframework.core.io.support.PathMatchingResourcePatternResolver] Searching directory [C:\Eclipse\workspace\spring-ldap-example\bin\gov\fema\adminportal\ldap\app] for files matching pattern [C:/Eclipse/workspace/spring-ldap-example/bin/gov/fema/adminportal/ldap/**/*.class]
2016-02-04 08:10:18,813 DEBUG   main [org.springframework.core.io.support.PathMatchingResourcePatternResolver] Searching directory [C:\Eclipse\workspace\spring-ldap-example\bin\gov\fema\adminportal\ldap\model] for files matching pattern [C:/Eclipse/workspace/spring-ldap-example/bin/gov/fema/adminportal/ldap/**/*.class]
2016-02-04 08:10:18,813 DEBUG   main [org.springframework.core.io.support.PathMatchingResourcePatternResolver] Searching directory [C:\Eclipse\workspace\spring-ldap-example\bin\gov\fema\adminportal\ldap\repository] for files matching pattern [C:/Eclipse/workspace/spring-ldap-example/bin/gov/fema/adminportal/ldap/**/*.class]
2016-02-04 08:10:18,816 DEBUG   main [org.springframework.core.io.support.PathMatchingResourcePatternResolver] Resolved location pattern [classpath*:gov/fema/adminportal/ldap/**/*.class] to resources [file [C:\Eclipse\workspace\spring-ldap-example\bin\gov\fema\adminportal\ldap\app\LdapApp.class], file [C:\Eclipse\workspace\spring-ldap-example\bin\gov\fema\adminportal\ldap\model\User.class], file [C:\Eclipse\workspace\spring-ldap-example\bin\gov\fema\adminportal\ldap\repository\UserRepository.class], file [C:\Eclipse\workspace\spring-ldap-example\bin\gov\fema\adminportal\ldap\repository\UserRepositoryImpl$MultipleAttributesMapper.class], file [C:\Eclipse\workspace\spring-ldap-example\bin\gov\fema\adminportal\ldap\repository\UserRepositoryImpl$SingleAttributesMapper.class], file [C:\Eclipse\workspace\spring-ldap-example\bin\gov\fema\adminportal\ldap\repository\UserRepositoryImpl$UserAttributesMapper.class], file [C:\Eclipse\workspace\spring-ldap-example\bin\gov\fema\adminportal\ldap\repository\UserRepositoryImpl.class]]
2016-02-04 08:10:18,816 TRACE   main [org.springframework.context.annotation.ClassPathBeanDefinitionScanner] Scanning file [C:\Eclipse\workspace\spring-ldap-example\bin\gov\fema\adminportal\ldap\app\LdapApp.class]
2016-02-04 08:10:18,830 TRACE   main [org.springframework.context.annotation.ClassPathBeanDefinitionScanner] Ignored because not matching any filter: file [C:\Eclipse\workspace\spring-ldap-example\bin\gov\fema\adminportal\ldap\app\LdapApp.class]
2016-02-04 08:10:18,830 TRACE   main [org.springframework.context.annotation.ClassPathBeanDefinitionScanner] Scanning file [C:\Eclipse\workspace\spring-ldap-example\bin\gov\fema\adminportal\ldap\model\User.class]
2016-02-04 08:10:18,831 TRACE   main [org.springframework.context.annotation.ClassPathBeanDefinitionScanner] Ignored because not matching any filter: file [C:\Eclipse\workspace\spring-ldap-example\bin\gov\fema\adminportal\ldap\model\User.class]
2016-02-04 08:10:18,831 TRACE   main [org.springframework.context.annotation.ClassPathBeanDefinitionScanner] Scanning file [C:\Eclipse\workspace\spring-ldap-example\bin\gov\fema\adminportal\ldap\repository\UserRepository.class]
2016-02-04 08:10:18,832 TRACE   main [org.springframework.context.annotation.ClassPathBeanDefinitionScanner] Ignored because not matching any filter: file [C:\Eclipse\workspace\spring-ldap-example\bin\gov\fema\adminportal\ldap\repository\UserRepository.class]
2016-02-04 08:10:18,832 TRACE   main [org.springframework.context.annotation.ClassPathBeanDefinitionScanner] Scanning file [C:\Eclipse\workspace\spring-ldap-example\bin\gov\fema\adminportal\ldap\repository\UserRepositoryImpl$MultipleAttributesMapper.class]
2016-02-04 08:10:18,833 TRACE   main [org.springframework.context.annotation.ClassPathBeanDefinitionScanner] Ignored because not matching any filter: file [C:\Eclipse\workspace\spring-ldap-example\bin\gov\fema\adminportal\ldap\repository\UserRepositoryImpl$MultipleAttributesMapper.class]
2016-02-04 08:10:18,833 TRACE   main [org.springframework.context.annotation.ClassPathBeanDefinitionScanner] Scanning file [C:\Eclipse\workspace\spring-ldap-example\bin\gov\fema\adminportal\ldap\repository\UserRepositoryImpl$SingleAttributesMapper.class]
2016-02-04 08:10:18,833 TRACE   main [org.springframework.context.annotation.ClassPathBeanDefinitionScanner] Ignored because not matching any filter: file [C:\Eclipse\workspace\spring-ldap-example\bin\gov\fema\adminportal\ldap\repository\UserRepositoryImpl$SingleAttributesMapper.class]
2016-02-04 08:10:18,834 TRACE   main [org.springframework.context.annotation.ClassPathBeanDefinitionScanner] Scanning file [C:\Eclipse\workspace\spring-ldap-example\bin\gov\fema\adminportal\ldap\repository\UserRepositoryImpl$UserAttributesMapper.class]
2016-02-04 08:10:18,834 TRACE   main [org.springframework.context.annotation.ClassPathBeanDefinitionScanner] Ignored because not matching any filter: file [C:\Eclipse\workspace\spring-ldap-example\bin\gov\fema\adminportal\ldap\repository\UserRepositoryImpl$UserAttributesMapper.class]
2016-02-04 08:10:18,834 TRACE   main [org.springframework.context.annotation.ClassPathBeanDefinitionScanner] Scanning file [C:\Eclipse\workspace\spring-ldap-example\bin\gov\fema\adminportal\ldap\repository\UserRepositoryImpl.class]
2016-02-04 08:10:18,845 DEBUG   main [org.springframework.context.annotation.ClassPathBeanDefinitionScanner] Identified candidate component class: file [C:\Eclipse\workspace\spring-ldap-example\bin\gov\fema\adminportal\ldap\repository\UserRepositoryImpl.class]
2016-02-04 08:10:18,878 DEBUG   main [org.springframework.beans.factory.xml.XmlBeanDefinitionReader] Loaded 9 bean definitions from location pattern [spring-ldap-example.xml]
2016-02-04 08:10:18,878 DEBUG   main [org.springframework.context.support.ClassPathXmlApplicationContext] Bean factory for org.springframework.context.support.ClassPathXmlApplicationContext@60c4d1a7: org.springframework.beans.factory.support.DefaultListableBeanFactory@40a49a3: defining beans [userRepositoryImpl,org.springframework.context.annotation.internalConfigurationAnnotationProcessor,org.springframework.context.annotation.internalAutowiredAnnotationProcessor,org.springframework.context.annotation.internalRequiredAnnotationProcessor,org.springframework.context.annotation.internalCommonAnnotationProcessor,simpleDirContextAuthenticationStrategy,userReposImpl,contextSource,ldapTemplate]; root of factory hierarchy
2016-02-04 08:10:18,908 DEBUG   main [org.springframework.beans.factory.support.DefaultListableBeanFactory] Ignoring bean class loading failure for bean 'userReposImpl'
org.springframework.beans.factory.CannotLoadBeanClassException: Cannot find class [gov.fema.adminportal.repository.ldaperRepositoryImpl] for bean with name 'userReposImpl' defined in class path resource [spring-ldap-example.xml]; nested exception is java.lang.ClassNotFoundException: gov.fema.adminportal.repository.ldaperRepositoryImpl
	at org.springframework.beans.factory.support.AbstractBeanFactory.resolveBeanClass(AbstractBeanFactory.java:1352)
	at org.springframework.beans.factory.support.AbstractAutowireCapableBeanFactory.determineTargetType(AbstractAutowireCapableBeanFactory.java:628)
	at org.springframework.beans.factory.support.AbstractAutowireCapableBeanFactory.predictBeanType(AbstractAutowireCapableBeanFactory.java:597)
	at org.springframework.beans.factory.support.AbstractBeanFactory.isFactoryBean(AbstractBeanFactory.java:1445)
	at org.springframework.beans.factory.support.DefaultListableBeanFactory.doGetBeanNamesForType(DefaultListableBeanFactory.java:445)
	at org.springframework.beans.factory.support.DefaultListableBeanFactory.getBeanNamesForType(DefaultListableBeanFactory.java:415)
	at org.springframework.context.support.PostProcessorRegistrationDelegate.invokeBeanFactoryPostProcessors(PostProcessorRegistrationDelegate.java:82)
	at org.springframework.context.support.AbstractApplicationContext.invokeBeanFactoryPostProcessors(AbstractApplicationContext.java:606)
	at org.springframework.context.support.AbstractApplicationContext.refresh(AbstractApplicationContext.java:462)
	at org.springframework.context.support.ClassPathXmlApplicationContext.<init>(ClassPathXmlApplicationContext.java:139)
	at org.springframework.context.support.ClassPathXmlApplicationContext.<init>(ClassPathXmlApplicationContext.java:83)
	at gov.fema.adminportal.ldap.app.LdapApp.main(LdapApp.java:26)
Caused by: java.lang.ClassNotFoundException: gov.fema.adminportal.repository.ldaperRepositoryImpl
	at java.net.URLClassLoader$1.run(URLClassLoader.java:366)
	at java.net.URLClassLoader$1.run(URLClassLoader.java:355)
	at java.security.AccessController.doPrivileged(Native Method)
	at java.net.URLClassLoader.findClass(URLClassLoader.java:354)
	at java.lang.ClassLoader.loadClass(ClassLoader.java:425)
	at sun.misc.Launcher$AppClassLoader.loadClass(Launcher.java:308)
	at java.lang.ClassLoader.loadClass(ClassLoader.java:358)
	at org.springframework.util.ClassUtils.forName(ClassUtils.java:250)
	at org.springframework.beans.factory.support.AbstractBeanDefinition.resolveBeanClass(AbstractBeanDefinition.java:394)
	at org.springframework.beans.factory.support.AbstractBeanFactory.doResolveBeanClass(AbstractBeanFactory.java:1397)
	at org.springframework.beans.factory.support.AbstractBeanFactory.resolveBeanClass(AbstractBeanFactory.java:1344)
	... 11 more
2016-02-04 08:10:18,917 DEBUG   main [org.springframework.beans.factory.support.DefaultListableBeanFactory] Creating shared instance of singleton bean 'org.springframework.context.annotation.internalConfigurationAnnotationProcessor'
2016-02-04 08:10:18,917 DEBUG   main [org.springframework.beans.factory.support.DefaultListableBeanFactory] Creating instance of bean 'org.springframework.context.annotation.internalConfigurationAnnotationProcessor'
2016-02-04 08:10:18,931 DEBUG   main [org.springframework.beans.factory.support.DefaultListableBeanFactory] Eagerly caching bean 'org.springframework.context.annotation.internalConfigurationAnnotationProcessor' to allow for resolving potential circular references
2016-02-04 08:10:18,933 DEBUG   main [org.springframework.beans.factory.support.DefaultListableBeanFactory] Finished creating instance of bean 'org.springframework.context.annotation.internalConfigurationAnnotationProcessor'
2016-02-04 08:10:18,941 DEBUG   main [org.springframework.context.annotation.ConfigurationClassUtils] Could not find class file for introspecting configuration annotations: gov.fema.adminportal.repository.ldaperRepositoryImpl
java.io.FileNotFoundException: class path resource [gov/fema/adminportal/repository/ldaperRepositoryImpl.class] cannot be opened because it does not exist
	at org.springframework.core.io.ClassPathResource.getInputStream(ClassPathResource.java:172)
	at org.springframework.core.type.classreading.SimpleMetadataReader.<init>(SimpleMetadataReader.java:50)
	at org.springframework.core.type.classreading.SimpleMetadataReaderFactory.getMetadataReader(SimpleMetadataReaderFactory.java:98)
	at org.springframework.core.type.classreading.CachingMetadataReaderFactory.getMetadataReader(CachingMetadataReaderFactory.java:102)
	at org.springframework.core.type.classreading.SimpleMetadataReaderFactory.getMetadataReader(SimpleMetadataReaderFactory.java:93)
	at org.springframework.context.annotation.ConfigurationClassUtils.checkConfigurationClassCandidate(ConfigurationClassUtils.java:93)
	at org.springframework.context.annotation.ConfigurationClassPostProcessor.processConfigBeanDefinitions(ConfigurationClassPostProcessor.java:278)
	at org.springframework.context.annotation.ConfigurationClassPostProcessor.postProcessBeanDefinitionRegistry(ConfigurationClassPostProcessor.java:239)
	at org.springframework.context.support.PostProcessorRegistrationDelegate.invokeBeanDefinitionRegistryPostProcessors(PostProcessorRegistrationDelegate.java:254)
	at org.springframework.context.support.PostProcessorRegistrationDelegate.invokeBeanFactoryPostProcessors(PostProcessorRegistrationDelegate.java:94)
	at org.springframework.context.support.AbstractApplicationContext.invokeBeanFactoryPostProcessors(AbstractApplicationContext.java:606)
	at org.springframework.context.support.AbstractApplicationContext.refresh(AbstractApplicationContext.java:462)
	at org.springframework.context.support.ClassPathXmlApplicationContext.<init>(ClassPathXmlApplicationContext.java:139)
	at org.springframework.context.support.ClassPathXmlApplicationContext.<init>(ClassPathXmlApplicationContext.java:83)
	at gov.fema.adminportal.ldap.app.LdapApp.main(LdapApp.java:26)
2016-02-04 08:10:18,967 DEBUG   main [org.springframework.beans.factory.support.DefaultListableBeanFactory] Ignoring bean class loading failure for bean 'userReposImpl'
org.springframework.beans.factory.CannotLoadBeanClassException: Cannot find class [gov.fema.adminportal.repository.ldaperRepositoryImpl] for bean with name 'userReposImpl' defined in class path resource [spring-ldap-example.xml]; nested exception is java.lang.ClassNotFoundException: gov.fema.adminportal.repository.ldaperRepositoryImpl
	at org.springframework.beans.factory.support.AbstractBeanFactory.resolveBeanClass(AbstractBeanFactory.java:1352)
	at org.springframework.beans.factory.support.AbstractAutowireCapableBeanFactory.determineTargetType(AbstractAutowireCapableBeanFactory.java:628)
	at org.springframework.beans.factory.support.AbstractAutowireCapableBeanFactory.predictBeanType(AbstractAutowireCapableBeanFactory.java:597)
	at org.springframework.beans.factory.support.AbstractBeanFactory.isFactoryBean(AbstractBeanFactory.java:1445)
	at org.springframework.beans.factory.support.DefaultListableBeanFactory.doGetBeanNamesForType(DefaultListableBeanFactory.java:445)
	at org.springframework.beans.factory.support.DefaultListableBeanFactory.getBeanNamesForType(DefaultListableBeanFactory.java:415)
	at org.springframework.context.support.PostProcessorRegistrationDelegate.invokeBeanFactoryPostProcessors(PostProcessorRegistrationDelegate.java:97)
	at org.springframework.context.support.AbstractApplicationContext.invokeBeanFactoryPostProcessors(AbstractApplicationContext.java:606)
	at org.springframework.context.support.AbstractApplicationContext.refresh(AbstractApplicationContext.java:462)
	at org.springframework.context.support.ClassPathXmlApplicationContext.<init>(ClassPathXmlApplicationContext.java:139)
	at org.springframework.context.support.ClassPathXmlApplicationContext.<init>(ClassPathXmlApplicationContext.java:83)
	at gov.fema.adminportal.ldap.app.LdapApp.main(LdapApp.java:26)
Caused by: java.lang.ClassNotFoundException: gov.fema.adminportal.repository.ldaperRepositoryImpl
	at java.net.URLClassLoader$1.run(URLClassLoader.java:366)
	at java.net.URLClassLoader$1.run(URLClassLoader.java:355)
	at java.security.AccessController.doPrivileged(Native Method)
	at java.net.URLClassLoader.findClass(URLClassLoader.java:354)
	at java.lang.ClassLoader.loadClass(ClassLoader.java:425)
	at sun.misc.Launcher$AppClassLoader.loadClass(Launcher.java:308)
	at java.lang.ClassLoader.loadClass(ClassLoader.java:358)
	at org.springframework.util.ClassUtils.forName(ClassUtils.java:250)
	at org.springframework.beans.factory.support.AbstractBeanDefinition.resolveBeanClass(AbstractBeanDefinition.java:394)
	at org.springframework.beans.factory.support.AbstractBeanFactory.doResolveBeanClass(AbstractBeanFactory.java:1397)
	at org.springframework.beans.factory.support.AbstractBeanFactory.resolveBeanClass(AbstractBeanFactory.java:1344)
	... 11 more
2016-02-04 08:10:18,968 DEBUG   main [org.springframework.beans.factory.support.DefaultListableBeanFactory] Ignoring bean class loading failure for bean 'userReposImpl'
org.springframework.beans.factory.CannotLoadBeanClassException: Cannot find class [gov.fema.adminportal.repository.ldaperRepositoryImpl] for bean with name 'userReposImpl' defined in class path resource [spring-ldap-example.xml]; nested exception is java.lang.ClassNotFoundException: gov.fema.adminportal.repository.ldaperRepositoryImpl
	at org.springframework.beans.factory.support.AbstractBeanFactory.resolveBeanClass(AbstractBeanFactory.java:1352)
	at org.springframework.beans.factory.support.AbstractAutowireCapableBeanFactory.determineTargetType(AbstractAutowireCapableBeanFactory.java:628)
	at org.springframework.beans.factory.support.AbstractAutowireCapableBeanFactory.predictBeanType(AbstractAutowireCapableBeanFactory.java:597)
	at org.springframework.beans.factory.support.AbstractBeanFactory.isFactoryBean(AbstractBeanFactory.java:1445)
	at org.springframework.beans.factory.support.DefaultListableBeanFactory.doGetBeanNamesForType(DefaultListableBeanFactory.java:445)
	at org.springframework.beans.factory.support.DefaultListableBeanFactory.getBeanNamesForType(DefaultListableBeanFactory.java:415)
	at org.springframework.context.support.PostProcessorRegistrationDelegate.invokeBeanFactoryPostProcessors(PostProcessorRegistrationDelegate.java:113)
	at org.springframework.context.support.AbstractApplicationContext.invokeBeanFactoryPostProcessors(AbstractApplicationContext.java:606)
	at org.springframework.context.support.AbstractApplicationContext.refresh(AbstractApplicationContext.java:462)
	at org.springframework.context.support.ClassPathXmlApplicationContext.<init>(ClassPathXmlApplicationContext.java:139)
	at org.springframework.context.support.ClassPathXmlApplicationContext.<init>(ClassPathXmlApplicationContext.java:83)
	at gov.fema.adminportal.ldap.app.LdapApp.main(LdapApp.java:26)
Caused by: java.lang.ClassNotFoundException: gov.fema.adminportal.repository.ldaperRepositoryImpl
	at java.net.URLClassLoader$1.run(URLClassLoader.java:366)
	at java.net.URLClassLoader$1.run(URLClassLoader.java:355)
	at java.security.AccessController.doPrivileged(Native Method)
	at java.net.URLClassLoader.findClass(URLClassLoader.java:354)
	at java.lang.ClassLoader.loadClass(ClassLoader.java:425)
	at sun.misc.Launcher$AppClassLoader.loadClass(Launcher.java:308)
	at java.lang.ClassLoader.loadClass(ClassLoader.java:358)
	at org.springframework.util.ClassUtils.forName(ClassUtils.java:250)
	at org.springframework.beans.factory.support.AbstractBeanDefinition.resolveBeanClass(AbstractBeanDefinition.java:394)
	at org.springframework.beans.factory.support.AbstractBeanFactory.doResolveBeanClass(AbstractBeanFactory.java:1397)
	at org.springframework.beans.factory.support.AbstractBeanFactory.resolveBeanClass(AbstractBeanFactory.java:1344)
	... 11 more
2016-02-04 08:10:18,969 DEBUG   main [org.springframework.beans.factory.support.DefaultListableBeanFactory] Ignoring bean class loading failure for bean 'userReposImpl'
org.springframework.beans.factory.CannotLoadBeanClassException: Cannot find class [gov.fema.adminportal.repository.ldaperRepositoryImpl] for bean with name 'userReposImpl' defined in class path resource [spring-ldap-example.xml]; nested exception is java.lang.ClassNotFoundException: gov.fema.adminportal.repository.ldaperRepositoryImpl
	at org.springframework.beans.factory.support.AbstractBeanFactory.resolveBeanClass(AbstractBeanFactory.java:1352)
	at org.springframework.beans.factory.support.AbstractAutowireCapableBeanFactory.determineTargetType(AbstractAutowireCapableBeanFactory.java:628)
	at org.springframework.beans.factory.support.AbstractAutowireCapableBeanFactory.predictBeanType(AbstractAutowireCapableBeanFactory.java:597)
	at org.springframework.beans.factory.support.AbstractBeanFactory.isFactoryBean(AbstractBeanFactory.java:1445)
	at org.springframework.beans.factory.support.DefaultListableBeanFactory.doGetBeanNamesForType(DefaultListableBeanFactory.java:445)
	at org.springframework.beans.factory.support.DefaultListableBeanFactory.getBeanNamesForType(DefaultListableBeanFactory.java:415)
	at org.springframework.context.support.PostProcessorRegistrationDelegate.invokeBeanFactoryPostProcessors(PostProcessorRegistrationDelegate.java:138)
	at org.springframework.context.support.AbstractApplicationContext.invokeBeanFactoryPostProcessors(AbstractApplicationContext.java:606)
	at org.springframework.context.support.AbstractApplicationContext.refresh(AbstractApplicationContext.java:462)
	at org.springframework.context.support.ClassPathXmlApplicationContext.<init>(ClassPathXmlApplicationContext.java:139)
	at org.springframework.context.support.ClassPathXmlApplicationContext.<init>(ClassPathXmlApplicationContext.java:83)
	at gov.fema.adminportal.ldap.app.LdapApp.main(LdapApp.java:26)
Caused by: java.lang.ClassNotFoundException: gov.fema.adminportal.repository.ldaperRepositoryImpl
	at java.net.URLClassLoader$1.run(URLClassLoader.java:366)
	at java.net.URLClassLoader$1.run(URLClassLoader.java:355)
	at java.security.AccessController.doPrivileged(Native Method)
	at java.net.URLClassLoader.findClass(URLClassLoader.java:354)
	at java.lang.ClassLoader.loadClass(ClassLoader.java:425)
	at sun.misc.Launcher$AppClassLoader.loadClass(Launcher.java:308)
	at java.lang.ClassLoader.loadClass(ClassLoader.java:358)
	at org.springframework.util.ClassUtils.forName(ClassUtils.java:250)
	at org.springframework.beans.factory.support.AbstractBeanDefinition.resolveBeanClass(AbstractBeanDefinition.java:394)
	at org.springframework.beans.factory.support.AbstractBeanFactory.doResolveBeanClass(AbstractBeanFactory.java:1397)
	at org.springframework.beans.factory.support.AbstractBeanFactory.resolveBeanClass(AbstractBeanFactory.java:1344)
	... 11 more
2016-02-04 08:10:18,970 DEBUG   main [org.springframework.beans.factory.support.DefaultListableBeanFactory] Ignoring bean class loading failure for bean 'userReposImpl'
org.springframework.beans.factory.CannotLoadBeanClassException: Cannot find class [gov.fema.adminportal.repository.ldaperRepositoryImpl] for bean with name 'userReposImpl' defined in class path resource [spring-ldap-example.xml]; nested exception is java.lang.ClassNotFoundException: gov.fema.adminportal.repository.ldaperRepositoryImpl
	at org.springframework.beans.factory.support.AbstractBeanFactory.resolveBeanClass(AbstractBeanFactory.java:1352)
	at org.springframework.beans.factory.support.AbstractAutowireCapableBeanFactory.determineTargetType(AbstractAutowireCapableBeanFactory.java:628)
	at org.springframework.beans.factory.support.AbstractAutowireCapableBeanFactory.predictBeanType(AbstractAutowireCapableBeanFactory.java:597)
	at org.springframework.beans.factory.support.AbstractBeanFactory.isFactoryBean(AbstractBeanFactory.java:1445)
	at org.springframework.beans.factory.support.DefaultListableBeanFactory.doGetBeanNamesForType(DefaultListableBeanFactory.java:445)
	at org.springframework.beans.factory.support.DefaultListableBeanFactory.getBeanNamesForType(DefaultListableBeanFactory.java:415)
	at org.springframework.context.support.PostProcessorRegistrationDelegate.registerBeanPostProcessors(PostProcessorRegistrationDelegate.java:183)
	at org.springframework.context.support.AbstractApplicationContext.registerBeanPostProcessors(AbstractApplicationContext.java:615)
	at org.springframework.context.support.AbstractApplicationContext.refresh(AbstractApplicationContext.java:465)
	at org.springframework.context.support.ClassPathXmlApplicationContext.<init>(ClassPathXmlApplicationContext.java:139)
	at org.springframework.context.support.ClassPathXmlApplicationContext.<init>(ClassPathXmlApplicationContext.java:83)
	at gov.fema.adminportal.ldap.app.LdapApp.main(LdapApp.java:26)
Caused by: java.lang.ClassNotFoundException: gov.fema.adminportal.repository.ldaperRepositoryImpl
	at java.net.URLClassLoader$1.run(URLClassLoader.java:366)
	at java.net.URLClassLoader$1.run(URLClassLoader.java:355)
	at java.security.AccessController.doPrivileged(Native Method)
	at java.net.URLClassLoader.findClass(URLClassLoader.java:354)
	at java.lang.ClassLoader.loadClass(ClassLoader.java:425)
	at sun.misc.Launcher$AppClassLoader.loadClass(Launcher.java:308)
	at java.lang.ClassLoader.loadClass(ClassLoader.java:358)
	at org.springframework.util.ClassUtils.forName(ClassUtils.java:250)
	at org.springframework.beans.factory.support.AbstractBeanDefinition.resolveBeanClass(AbstractBeanDefinition.java:394)
	at org.springframework.beans.factory.support.AbstractBeanFactory.doResolveBeanClass(AbstractBeanFactory.java:1397)
	at org.springframework.beans.factory.support.AbstractBeanFactory.resolveBeanClass(AbstractBeanFactory.java:1344)
	... 11 more
2016-02-04 08:10:18,972 DEBUG   main [org.springframework.beans.factory.support.DefaultListableBeanFactory] Creating shared instance of singleton bean 'org.springframework.context.annotation.internalAutowiredAnnotationProcessor'
2016-02-04 08:10:18,972 DEBUG   main [org.springframework.beans.factory.support.DefaultListableBeanFactory] Creating instance of bean 'org.springframework.context.annotation.internalAutowiredAnnotationProcessor'
2016-02-04 08:10:18,973 DEBUG   main [org.springframework.beans.factory.support.DefaultListableBeanFactory] Eagerly caching bean 'org.springframework.context.annotation.internalAutowiredAnnotationProcessor' to allow for resolving potential circular references
2016-02-04 08:10:18,973 DEBUG   main [org.springframework.beans.factory.support.DefaultListableBeanFactory] Finished creating instance of bean 'org.springframework.context.annotation.internalAutowiredAnnotationProcessor'
2016-02-04 08:10:18,973 DEBUG   main [org.springframework.beans.factory.support.DefaultListableBeanFactory] Creating shared instance of singleton bean 'org.springframework.context.annotation.internalRequiredAnnotationProcessor'
2016-02-04 08:10:18,973 DEBUG   main [org.springframework.beans.factory.support.DefaultListableBeanFactory] Creating instance of bean 'org.springframework.context.annotation.internalRequiredAnnotationProcessor'
2016-02-04 08:10:18,973 DEBUG   main [org.springframework.beans.factory.support.DefaultListableBeanFactory] Eagerly caching bean 'org.springframework.context.annotation.internalRequiredAnnotationProcessor' to allow for resolving potential circular references
2016-02-04 08:10:18,973 DEBUG   main [org.springframework.beans.factory.support.DefaultListableBeanFactory] Finished creating instance of bean 'org.springframework.context.annotation.internalRequiredAnnotationProcessor'
2016-02-04 08:10:18,973 DEBUG   main [org.springframework.beans.factory.support.DefaultListableBeanFactory] Creating shared instance of singleton bean 'org.springframework.context.annotation.internalCommonAnnotationProcessor'
2016-02-04 08:10:18,974 DEBUG   main [org.springframework.beans.factory.support.DefaultListableBeanFactory] Creating instance of bean 'org.springframework.context.annotation.internalCommonAnnotationProcessor'
2016-02-04 08:10:18,977 DEBUG   main [org.springframework.beans.factory.support.DefaultListableBeanFactory] Eagerly caching bean 'org.springframework.context.annotation.internalCommonAnnotationProcessor' to allow for resolving potential circular references
2016-02-04 08:10:18,977 DEBUG   main [org.springframework.beans.factory.support.DefaultListableBeanFactory] Finished creating instance of bean 'org.springframework.context.annotation.internalCommonAnnotationProcessor'
2016-02-04 08:10:18,977 DEBUG   main [org.springframework.beans.factory.support.DefaultListableBeanFactory] Creating shared instance of singleton bean 'org.springframework.context.annotation.ConfigurationClassPostProcessor.importAwareProcessor'
2016-02-04 08:10:18,977 DEBUG   main [org.springframework.beans.factory.support.DefaultListableBeanFactory] Creating instance of bean 'org.springframework.context.annotation.ConfigurationClassPostProcessor.importAwareProcessor'
2016-02-04 08:10:18,977 DEBUG   main [org.springframework.beans.factory.support.DefaultListableBeanFactory] Eagerly caching bean 'org.springframework.context.annotation.ConfigurationClassPostProcessor.importAwareProcessor' to allow for resolving potential circular references
2016-02-04 08:10:18,977 DEBUG   main [org.springframework.beans.factory.support.DefaultListableBeanFactory] Finished creating instance of bean 'org.springframework.context.annotation.ConfigurationClassPostProcessor.importAwareProcessor'
2016-02-04 08:10:18,977 DEBUG   main [org.springframework.beans.factory.support.DefaultListableBeanFactory] Creating shared instance of singleton bean 'org.springframework.context.annotation.ConfigurationClassPostProcessor.enhancedConfigurationProcessor'
2016-02-04 08:10:18,977 DEBUG   main [org.springframework.beans.factory.support.DefaultListableBeanFactory] Creating instance of bean 'org.springframework.context.annotation.ConfigurationClassPostProcessor.enhancedConfigurationProcessor'
2016-02-04 08:10:18,977 DEBUG   main [org.springframework.beans.factory.support.DefaultListableBeanFactory] Eagerly caching bean 'org.springframework.context.annotation.ConfigurationClassPostProcessor.enhancedConfigurationProcessor' to allow for resolving potential circular references
2016-02-04 08:10:18,977 DEBUG   main [org.springframework.beans.factory.support.DefaultListableBeanFactory] Finished creating instance of bean 'org.springframework.context.annotation.ConfigurationClassPostProcessor.enhancedConfigurationProcessor'
2016-02-04 08:10:18,980 DEBUG   main [org.springframework.context.support.ClassPathXmlApplicationContext] Unable to locate MessageSource with name 'messageSource': using default [org.springframework.context.support.DelegatingMessageSource@45890909]
2016-02-04 08:10:18,982 DEBUG   main [org.springframework.context.support.ClassPathXmlApplicationContext] Unable to locate ApplicationEventMulticaster with name 'applicationEventMulticaster': using default [org.springframework.context.event.SimpleApplicationEventMulticaster@49b41220]
2016-02-04 08:10:18,982 DEBUG   main [org.springframework.beans.factory.support.DefaultListableBeanFactory] Ignoring bean class loading failure for bean 'userReposImpl'
org.springframework.beans.factory.CannotLoadBeanClassException: Cannot find class [gov.fema.adminportal.repository.ldaperRepositoryImpl] for bean with name 'userReposImpl' defined in class path resource [spring-ldap-example.xml]; nested exception is java.lang.ClassNotFoundException: gov.fema.adminportal.repository.ldaperRepositoryImpl
	at org.springframework.beans.factory.support.AbstractBeanFactory.resolveBeanClass(AbstractBeanFactory.java:1352)
	at org.springframework.beans.factory.support.AbstractAutowireCapableBeanFactory.determineTargetType(AbstractAutowireCapableBeanFactory.java:628)
	at org.springframework.beans.factory.support.AbstractAutowireCapableBeanFactory.predictBeanType(AbstractAutowireCapableBeanFactory.java:597)
	at org.springframework.beans.factory.support.AbstractBeanFactory.isFactoryBean(AbstractBeanFactory.java:1445)
	at org.springframework.beans.factory.support.DefaultListableBeanFactory.doGetBeanNamesForType(DefaultListableBeanFactory.java:445)
	at org.springframework.beans.factory.support.DefaultListableBeanFactory.getBeanNamesForType(DefaultListableBeanFactory.java:415)
	at org.springframework.context.support.AbstractApplicationContext.getBeanNamesForType(AbstractApplicationContext.java:1046)
	at org.springframework.context.support.AbstractApplicationContext.registerListeners(AbstractApplicationContext.java:726)
	at org.springframework.context.support.AbstractApplicationContext.refresh(AbstractApplicationContext.java:477)
	at org.springframework.context.support.ClassPathXmlApplicationContext.<init>(ClassPathXmlApplicationContext.java:139)
	at org.springframework.context.support.ClassPathXmlApplicationContext.<init>(ClassPathXmlApplicationContext.java:83)
	at gov.fema.adminportal.ldap.app.LdapApp.main(LdapApp.java:26)
Caused by: java.lang.ClassNotFoundException: gov.fema.adminportal.repository.ldaperRepositoryImpl
	at java.net.URLClassLoader$1.run(URLClassLoader.java:366)
	at java.net.URLClassLoader$1.run(URLClassLoader.java:355)
	at java.security.AccessController.doPrivileged(Native Method)
	at java.net.URLClassLoader.findClass(URLClassLoader.java:354)
	at java.lang.ClassLoader.loadClass(ClassLoader.java:425)
	at sun.misc.Launcher$AppClassLoader.loadClass(Launcher.java:308)
	at java.lang.ClassLoader.loadClass(ClassLoader.java:358)
	at org.springframework.util.ClassUtils.forName(ClassUtils.java:250)
	at org.springframework.beans.factory.support.AbstractBeanDefinition.resolveBeanClass(AbstractBeanDefinition.java:394)
	at org.springframework.beans.factory.support.AbstractBeanFactory.doResolveBeanClass(AbstractBeanFactory.java:1397)
	at org.springframework.beans.factory.support.AbstractBeanFactory.resolveBeanClass(AbstractBeanFactory.java:1344)
	... 11 more
2016-02-04 08:10:18,983 DEBUG   main [org.springframework.beans.factory.support.DefaultListableBeanFactory] Ignoring bean class loading failure for bean 'userReposImpl'
org.springframework.beans.factory.CannotLoadBeanClassException: Cannot find class [gov.fema.adminportal.repository.ldaperRepositoryImpl] for bean with name 'userReposImpl' defined in class path resource [spring-ldap-example.xml]; nested exception is java.lang.ClassNotFoundException: gov.fema.adminportal.repository.ldaperRepositoryImpl
	at org.springframework.beans.factory.support.AbstractBeanFactory.resolveBeanClass(AbstractBeanFactory.java:1352)
	at org.springframework.beans.factory.support.AbstractAutowireCapableBeanFactory.determineTargetType(AbstractAutowireCapableBeanFactory.java:628)
	at org.springframework.beans.factory.support.AbstractAutowireCapableBeanFactory.predictBeanType(AbstractAutowireCapableBeanFactory.java:597)
	at org.springframework.beans.factory.support.AbstractBeanFactory.isFactoryBean(AbstractBeanFactory.java:1445)
	at org.springframework.beans.factory.support.DefaultListableBeanFactory.doGetBeanNamesForType(DefaultListableBeanFactory.java:445)
	at org.springframework.beans.factory.support.DefaultListableBeanFactory.getBeanNamesForType(DefaultListableBeanFactory.java:415)
	at org.springframework.context.support.AbstractApplicationContext.finishBeanFactoryInitialization(AbstractApplicationContext.java:745)
	at org.springframework.context.support.AbstractApplicationContext.refresh(AbstractApplicationContext.java:480)
	at org.springframework.context.support.ClassPathXmlApplicationContext.<init>(ClassPathXmlApplicationContext.java:139)
	at org.springframework.context.support.ClassPathXmlApplicationContext.<init>(ClassPathXmlApplicationContext.java:83)
	at gov.fema.adminportal.ldap.app.LdapApp.main(LdapApp.java:26)
Caused by: java.lang.ClassNotFoundException: gov.fema.adminportal.repository.ldaperRepositoryImpl
	at java.net.URLClassLoader$1.run(URLClassLoader.java:366)
	at java.net.URLClassLoader$1.run(URLClassLoader.java:355)
	at java.security.AccessController.doPrivileged(Native Method)
	at java.net.URLClassLoader.findClass(URLClassLoader.java:354)
	at java.lang.ClassLoader.loadClass(ClassLoader.java:425)
	at sun.misc.Launcher$AppClassLoader.loadClass(Launcher.java:308)
	at java.lang.ClassLoader.loadClass(ClassLoader.java:358)
	at org.springframework.util.ClassUtils.forName(ClassUtils.java:250)
	at org.springframework.beans.factory.support.AbstractBeanDefinition.resolveBeanClass(AbstractBeanDefinition.java:394)
	at org.springframework.beans.factory.support.AbstractBeanFactory.doResolveBeanClass(AbstractBeanFactory.java:1397)
	at org.springframework.beans.factory.support.AbstractBeanFactory.resolveBeanClass(AbstractBeanFactory.java:1344)
	... 10 more
2016-02-04 08:10:18,984 DEBUG   main [org.springframework.beans.factory.support.DefaultListableBeanFactory] Pre-instantiating singletons in org.springframework.beans.factory.support.DefaultListableBeanFactory@40a49a3: defining beans [userRepositoryImpl,org.springframework.context.annotation.internalConfigurationAnnotationProcessor,org.springframework.context.annotation.internalAutowiredAnnotationProcessor,org.springframework.context.annotation.internalRequiredAnnotationProcessor,org.springframework.context.annotation.internalCommonAnnotationProcessor,simpleDirContextAuthenticationStrategy,userReposImpl,contextSource,ldapTemplate,org.springframework.context.annotation.ConfigurationClassPostProcessor.importAwareProcessor,org.springframework.context.annotation.ConfigurationClassPostProcessor.enhancedConfigurationProcessor]; root of factory hierarchy
2016-02-04 08:10:18,984 DEBUG   main [org.springframework.beans.factory.support.DefaultListableBeanFactory] Creating shared instance of singleton bean 'userRepositoryImpl'
2016-02-04 08:10:18,984 DEBUG   main [org.springframework.beans.factory.support.DefaultListableBeanFactory] Creating instance of bean 'userRepositoryImpl'
2016-02-04 08:10:18,999 DEBUG   main [org.springframework.beans.factory.annotation.InjectionMetadata] Registered injected element on class [gov.fema.adminportal.ldap.repository.UserRepositoryImpl]: AutowiredFieldElement for private org.springframework.ldap.core.LdapTemplate gov.fema.adminportal.ldap.repository.UserRepositoryImpl.ldapTemplate
2016-02-04 08:10:18,999 DEBUG   main [org.springframework.beans.factory.support.DefaultListableBeanFactory] Eagerly caching bean 'userRepositoryImpl' to allow for resolving potential circular references
2016-02-04 08:10:19,004 TRACE   main [org.springframework.core.io.support.SpringFactoriesLoader] Loaded [org.springframework.beans.BeanInfoFactory] names: [org.springframework.beans.ExtendedBeanInfoFactory]
2016-02-04 08:10:19,005 TRACE   main [org.springframework.beans.CachedIntrospectionResults] Getting BeanInfo for class [gov.fema.adminportal.ldap.repository.UserRepositoryImpl]
2016-02-04 08:10:19,009 TRACE   main [org.springframework.beans.CachedIntrospectionResults] Caching PropertyDescriptors for class [gov.fema.adminportal.ldap.repository.UserRepositoryImpl]
2016-02-04 08:10:19,010 TRACE   main [org.springframework.beans.CachedIntrospectionResults] Found bean property 'allUserNames' of type [java.util.List]
2016-02-04 08:10:19,012 TRACE   main [org.springframework.beans.CachedIntrospectionResults] Found bean property 'allUsers' of type [java.util.List]
2016-02-04 08:10:19,012 TRACE   main [org.springframework.beans.CachedIntrospectionResults] Found bean property 'class' of type [java.lang.Class]
2016-02-04 08:10:19,018 DEBUG   main [org.springframework.beans.factory.annotation.InjectionMetadata] Processing injected element of bean 'userRepositoryImpl': AutowiredFieldElement for private org.springframework.ldap.core.LdapTemplate gov.fema.adminportal.ldap.repository.UserRepositoryImpl.ldapTemplate
2016-02-04 08:10:19,027 WARN   main [org.springframework.context.support.ClassPathXmlApplicationContext] Exception encountered during context initialization - cancelling refresh attempt
org.springframework.beans.factory.BeanCreationException: Error creating bean with name 'userRepositoryImpl': Injection of autowired dependencies failed; nested exception is org.springframework.beans.factory.BeanCreationException: Could not autowire field: private org.springframework.ldap.core.LdapTemplate gov.fema.adminportal.ldap.repository.UserRepositoryImpl.ldapTemplate; nested exception is org.springframework.beans.factory.CannotLoadBeanClassException: Cannot find class [gov.fema.adminportal.repository.ldaperRepositoryImpl] for bean with name 'userReposImpl' defined in class path resource [spring-ldap-example.xml]; nested exception is java.lang.ClassNotFoundException: gov.fema.adminportal.repository.ldaperRepositoryImpl
	at org.springframework.beans.factory.annotation.AutowiredAnnotationBeanPostProcessor.postProcessPropertyValues(AutowiredAnnotationBeanPostProcessor.java:334)
	at org.springframework.beans.factory.support.AbstractAutowireCapableBeanFactory.populateBean(AbstractAutowireCapableBeanFactory.java:1214)
	at org.springframework.beans.factory.support.AbstractAutowireCapableBeanFactory.doCreateBean(AbstractAutowireCapableBeanFactory.java:543)
	at org.springframework.beans.factory.support.AbstractAutowireCapableBeanFactory.createBean(AbstractAutowireCapableBeanFactory.java:482)
	at org.springframework.beans.factory.support.AbstractBeanFactory$1.getObject(AbstractBeanFactory.java:306)
	at org.springframework.beans.factory.support.DefaultSingletonBeanRegistry.getSingleton(DefaultSingletonBeanRegistry.java:230)
	at org.springframework.beans.factory.support.AbstractBeanFactory.doGetBean(AbstractBeanFactory.java:302)
	at org.springframework.beans.factory.support.AbstractBeanFactory.getBean(AbstractBeanFactory.java:197)
	at org.springframework.beans.factory.support.DefaultListableBeanFactory.preInstantiateSingletons(DefaultListableBeanFactory.java:772)
	at org.springframework.context.support.AbstractApplicationContext.finishBeanFactoryInitialization(AbstractApplicationContext.java:757)
	at org.springframework.context.support.AbstractApplicationContext.refresh(AbstractApplicationContext.java:480)
	at org.springframework.context.support.ClassPathXmlApplicationContext.<init>(ClassPathXmlApplicationContext.java:139)
	at org.springframework.context.support.ClassPathXmlApplicationContext.<init>(ClassPathXmlApplicationContext.java:83)
	at gov.fema.adminportal.ldap.app.LdapApp.main(LdapApp.java:26)
Caused by: org.springframework.beans.factory.BeanCreationException: Could not autowire field: private org.springframework.ldap.core.LdapTemplate gov.fema.adminportal.ldap.repository.UserRepositoryImpl.ldapTemplate; nested exception is org.springframework.beans.factory.CannotLoadBeanClassException: Cannot find class [gov.fema.adminportal.repository.ldaperRepositoryImpl] for bean with name 'userReposImpl' defined in class path resource [spring-ldap-example.xml]; nested exception is java.lang.ClassNotFoundException: gov.fema.adminportal.repository.ldaperRepositoryImpl
	at org.springframework.beans.factory.annotation.AutowiredAnnotationBeanPostProcessor$AutowiredFieldElement.inject(AutowiredAnnotationBeanPostProcessor.java:573)
	at org.springframework.beans.factory.annotation.InjectionMetadata.inject(InjectionMetadata.java:88)
	at org.springframework.beans.factory.annotation.AutowiredAnnotationBeanPostProcessor.postProcessPropertyValues(AutowiredAnnotationBeanPostProcessor.java:331)
	... 13 more
Caused by: org.springframework.beans.factory.CannotLoadBeanClassException: Cannot find class [gov.fema.adminportal.repository.ldaperRepositoryImpl] for bean with name 'userReposImpl' defined in class path resource [spring-ldap-example.xml]; nested exception is java.lang.ClassNotFoundException: gov.fema.adminportal.repository.ldaperRepositoryImpl
	at org.springframework.beans.factory.support.AbstractBeanFactory.resolveBeanClass(AbstractBeanFactory.java:1352)
	at org.springframework.beans.factory.support.AbstractAutowireCapableBeanFactory.determineTargetType(AbstractAutowireCapableBeanFactory.java:628)
	at org.springframework.beans.factory.support.AbstractAutowireCapableBeanFactory.predictBeanType(AbstractAutowireCapableBeanFactory.java:597)
	at org.springframework.beans.factory.support.AbstractBeanFactory.isFactoryBean(AbstractBeanFactory.java:1445)
	at org.springframework.beans.factory.support.DefaultListableBeanFactory.doGetBeanNamesForType(DefaultListableBeanFactory.java:445)
	at org.springframework.beans.factory.support.DefaultListableBeanFactory.getBeanNamesForType(DefaultListableBeanFactory.java:423)
	at org.springframework.beans.factory.BeanFactoryUtils.beanNamesForTypeIncludingAncestors(BeanFactoryUtils.java:220)
	at org.springframework.beans.factory.support.DefaultListableBeanFactory.findAutowireCandidates(DefaultListableBeanFactory.java:1177)
	at org.springframework.beans.factory.support.DefaultListableBeanFactory.doResolveDependency(DefaultListableBeanFactory.java:1116)
	at org.springframework.beans.factory.support.DefaultListableBeanFactory.resolveDependency(DefaultListableBeanFactory.java:1014)
	at org.springframework.beans.factory.annotation.AutowiredAnnotationBeanPostProcessor$AutowiredFieldElement.inject(AutowiredAnnotationBeanPostProcessor.java:545)
	... 15 more
Caused by: java.lang.ClassNotFoundException: gov.fema.adminportal.repository.ldaperRepositoryImpl
	at java.net.URLClassLoader$1.run(URLClassLoader.java:366)
	at java.net.URLClassLoader$1.run(URLClassLoader.java:355)
	at java.security.AccessController.doPrivileged(Native Method)
	at java.net.URLClassLoader.findClass(URLClassLoader.java:354)
	at java.lang.ClassLoader.loadClass(ClassLoader.java:425)
	at sun.misc.Launcher$AppClassLoader.loadClass(Launcher.java:308)
	at java.lang.ClassLoader.loadClass(ClassLoader.java:358)
	at org.springframework.util.ClassUtils.forName(ClassUtils.java:250)
	at org.springframework.beans.factory.support.AbstractBeanDefinition.resolveBeanClass(AbstractBeanDefinition.java:394)
	at org.springframework.beans.factory.support.AbstractBeanFactory.doResolveBeanClass(AbstractBeanFactory.java:1397)
	at org.springframework.beans.factory.support.AbstractBeanFactory.resolveBeanClass(AbstractBeanFactory.java:1344)
	... 25 more
2016-02-04 08:10:19,029 DEBUG   main [org.springframework.beans.factory.support.DefaultListableBeanFactory] Destroying singletons in org.springframework.beans.factory.support.DefaultListableBeanFactory@40a49a3: defining beans [userRepositoryImpl,org.springframework.context.annotation.internalConfigurationAnnotationProcessor,org.springframework.context.annotation.internalAutowiredAnnotationProcessor,org.springframework.context.annotation.internalRequiredAnnotationProcessor,org.springframework.context.annotation.internalCommonAnnotationProcessor,simpleDirContextAuthenticationStrategy,userReposImpl,contextSource,ldapTemplate,org.springframework.context.annotation.ConfigurationClassPostProcessor.importAwareProcessor,org.springframework.context.annotation.ConfigurationClassPostProcessor.enhancedConfigurationProcessor]; root of factory hierarchy
2016-02-04 08:11:49,090 DEBUG   main [org.springframework.core.env.StandardEnvironment] Adding [systemProperties] PropertySource with lowest search precedence
2016-02-04 08:11:49,093 DEBUG   main [org.springframework.core.env.StandardEnvironment] Adding [systemEnvironment] PropertySource with lowest search precedence
2016-02-04 08:11:49,093 DEBUG   main [org.springframework.core.env.StandardEnvironment] Initialized StandardEnvironment with PropertySources [systemProperties,systemEnvironment]
2016-02-04 08:11:49,098 INFO   main [org.springframework.context.support.ClassPathXmlApplicationContext] Refreshing org.springframework.context.support.ClassPathXmlApplicationContext@450faed3: startup date [Thu Feb 04 08:11:49 EST 2016]; root of context hierarchy
2016-02-04 08:11:49,130 DEBUG   main [org.springframework.core.env.StandardEnvironment] Adding [systemProperties] PropertySource with lowest search precedence
2016-02-04 08:11:49,130 DEBUG   main [org.springframework.core.env.StandardEnvironment] Adding [systemEnvironment] PropertySource with lowest search precedence
2016-02-04 08:11:49,130 DEBUG   main [org.springframework.core.env.StandardEnvironment] Initialized StandardEnvironment with PropertySources [systemProperties,systemEnvironment]
2016-02-04 08:11:49,141 INFO   main [org.springframework.beans.factory.xml.XmlBeanDefinitionReader] Loading XML bean definitions from class path resource [spring-ldap-example.xml]
2016-02-04 08:11:49,143 DEBUG   main [org.springframework.beans.factory.xml.DefaultDocumentLoader] Using JAXP provider [com.sun.org.apache.xerces.internal.jaxp.DocumentBuilderFactoryImpl]
2016-02-04 08:11:49,163 TRACE   main [org.springframework.beans.factory.xml.PluggableSchemaResolver] Trying to resolve XML entity with public id [null] and system id [http://www.springframework.org/schema/beans/spring-beans.xsd]
2016-02-04 08:11:49,163 DEBUG   main [org.springframework.beans.factory.xml.PluggableSchemaResolver] Loading schema mappings from [META-INF/spring.schemas]
2016-02-04 08:11:49,171 DEBUG   main [org.springframework.beans.factory.xml.PluggableSchemaResolver] Loaded schema mappings: {http://www.springframework.org/schema/tx/spring-tx-2.5.xsd=org/springframework/transaction/config/spring-tx-2.5.xsd, http://www.springframework.org/schema/cache/spring-cache-4.2.xsd=org/springframework/cache/config/spring-cache-4.2.xsd, http://www.springframework.org/schema/aop/spring-aop-4.1.xsd=org/springframework/aop/config/spring-aop-4.1.xsd, http://www.springframework.org/schema/context/spring-context-3.1.xsd=org/springframework/context/config/spring-context-3.1.xsd, http://www.springframework.org/schema/data/repository/spring-repository-1.4.xsd=org/springframework/data/repository/config/spring-repository-1.4.xsd, http://www.springframework.org/schema/util/spring-util-3.0.xsd=org/springframework/beans/factory/xml/spring-util-3.0.xsd, http://www.springframework.org/schema/tool/spring-tool.xsd=org/springframework/beans/factory/xml/spring-tool-4.2.xsd, http://www.springframework.org/schema/aop/spring-aop-3.2.xsd=org/springframework/aop/config/spring-aop-3.2.xsd, http://www.springframework.org/schema/lang/spring-lang-4.1.xsd=org/springframework/scripting/config/spring-lang-4.1.xsd, http://www.springframework.org/schema/context/spring-context-4.0.xsd=org/springframework/context/config/spring-context-4.0.xsd, http://www.springframework.org/schema/beans/spring-beans-4.2.xsd=org/springframework/beans/factory/xml/spring-beans-4.2.xsd, http://www.springframework.org/schema/tool/spring-tool-4.1.xsd=org/springframework/beans/factory/xml/spring-tool-4.1.xsd, http://www.springframework.org/schema/lang/spring-lang-3.2.xsd=org/springframework/scripting/config/spring-lang-3.2.xsd, http://www.springframework.org/schema/cache/spring-cache-3.2.xsd=org/springframework/cache/config/spring-cache-3.2.xsd, http://www.springframework.org/schema/jee/spring-jee-4.1.xsd=org/springframework/ejb/config/spring-jee-4.1.xsd, http://www.springframework.org/schema/task/spring-task-4.2.xsd=org/springframework/scheduling/config/spring-task-4.2.xsd, http://www.springframework.org/schema/util/spring-util-2.0.xsd=org/springframework/beans/factory/xml/spring-util-2.0.xsd, http://www.springframework.org/schema/tool/spring-tool-3.2.xsd=org/springframework/beans/factory/xml/spring-tool-3.2.xsd, http://www.springframework.org/schema/context/spring-context.xsd=org/springframework/context/config/spring-context-4.2.xsd, http://www.springframework.org/schema/tx/spring-tx-4.2.xsd=org/springframework/transaction/config/spring-tx-4.2.xsd, http://www.springframework.org/schema/cache/spring-cache-4.1.xsd=org/springframework/cache/config/spring-cache-4.1.xsd, http://www.springframework.org/schema/aop/spring-aop-4.0.xsd=org/springframework/aop/config/spring-aop-4.0.xsd, http://www.springframework.org/schema/jee/spring-jee-3.2.xsd=org/springframework/ejb/config/spring-jee-3.2.xsd, http://www.springframework.org/schema/context/spring-context-3.0.xsd=org/springframework/context/config/spring-context-3.0.xsd, http://www.springframework.org/schema/util/spring-util-2.5.xsd=org/springframework/beans/factory/xml/spring-util-2.5.xsd, http://www.springframework.org/schema/beans/spring-beans-3.2.xsd=org/springframework/beans/factory/xml/spring-beans-3.2.xsd, http://www.springframework.org/schema/aop/spring-aop-3.1.xsd=org/springframework/aop/config/spring-aop-3.1.xsd, http://www.springframework.org/schema/ldap/spring-ldap-2.0.xsd=org/springframework/ldap/config/spring-ldap-2.0.xsd, http://www.springframework.org/schema/lang/spring-lang-4.0.xsd=org/springframework/scripting/config/spring-lang-4.0.xsd, http://www.springframework.org/schema/beans/spring-beans-4.1.xsd=org/springframework/beans/factory/xml/spring-beans-4.1.xsd, http://www.springframework.org/schema/tool/spring-tool-4.0.xsd=org/springframework/beans/factory/xml/spring-tool-4.0.xsd, http://www.springframework.org/schema/tx/spring-tx-3.2.xsd=org/springframework/transaction/config/spring-tx-3.2.xsd, http://www.springframework.org/schema/lang/spring-lang-3.1.xsd=org/springframework/scripting/config/spring-lang-3.1.xsd, http://www.springframework.org/schema/cache/spring-cache-3.1.xsd=org/springframework/cache/config/spring-cache-3.1.xsd, http://www.springframework.org/schema/jee/spring-jee-4.0.xsd=org/springframework/ejb/config/spring-jee-4.0.xsd, http://www.springframework.org/schema/task/spring-task-4.1.xsd=org/springframework/scheduling/config/spring-task-4.1.xsd, http://www.springframework.org/schema/tool/spring-tool-3.1.xsd=org/springframework/beans/factory/xml/spring-tool-3.1.xsd, http://www.springframework.org/schema/tx/spring-tx-4.1.xsd=org/springframework/transaction/config/spring-tx-4.1.xsd, http://www.springframework.org/schema/cache/spring-cache-4.0.xsd=org/springframework/cache/config/spring-cache-4.0.xsd, http://www.springframework.org/schema/jee/spring-jee-3.1.xsd=org/springframework/ejb/config/spring-jee-3.1.xsd, http://www.springframework.org/schema/task/spring-task-3.2.xsd=org/springframework/scheduling/config/spring-task-3.2.xsd, http://www.springframework.org/schema/util/spring-util-4.2.xsd=org/springframework/beans/factory/xml/spring-util-4.2.xsd, http://www.springframework.org/schema/beans/spring-beans-3.1.xsd=org/springframework/beans/factory/xml/spring-beans-3.1.xsd, http://www.springframework.org/schema/util/spring-util.xsd=org/springframework/beans/factory/xml/spring-util-4.2.xsd, http://www.springframework.org/schema/aop/spring-aop-3.0.xsd=org/springframework/aop/config/spring-aop-3.0.xsd, http://www.springframework.org/schema/data/repository/spring-repository.xsd=org/springframework/data/repository/config/spring-repository-1.7.xsd, http://www.springframework.org/schema/data/repository/spring-repository-1.7.xsd=org/springframework/data/repository/config/spring-repository-1.7.xsd, http://www.springframework.org/schema/ldap/spring-ldap.xsd=org/springframework/ldap/config/spring-ldap-2.0.xsd, http://www.springframework.org/schema/beans/spring-beans-4.0.xsd=org/springframework/beans/factory/xml/spring-beans-4.0.xsd, http://www.springframework.org/schema/beans/spring-beans.xsd=org/springframework/beans/factory/xml/spring-beans-4.2.xsd, http://www.springframework.org/schema/tx/spring-tx-3.1.xsd=org/springframework/transaction/config/spring-tx-3.1.xsd, http://www.springframework.org/schema/lang/spring-lang-3.0.xsd=org/springframework/scripting/config/spring-lang-3.0.xsd, http://www.springframework.org/schema/context/spring-context-2.5.xsd=org/springframework/context/config/spring-context-2.5.xsd, http://www.springframework.org/schema/task/spring-task-4.0.xsd=org/springframework/scheduling/config/spring-task-4.0.xsd, http://www.springframework.org/schema/tool/spring-tool-3.0.xsd=org/springframework/beans/factory/xml/spring-tool-3.0.xsd, http://www.springframework.org/schema/tx/spring-tx-4.0.xsd=org/springframework/transaction/config/spring-tx-4.0.xsd, http://www.springframework.org/schema/aop/spring-aop-2.0.xsd=org/springframework/aop/config/spring-aop-2.0.xsd, http://www.springframework.org/schema/jee/spring-jee-3.0.xsd=org/springframework/ejb/config/spring-jee-3.0.xsd, http://www.springframework.org/schema/util/spring-util-4.1.xsd=org/springframework/beans/factory/xml/spring-util-4.1.xsd, http://www.springframework.org/schema/task/spring-task-3.1.xsd=org/springframework/scheduling/config/spring-task-3.1.xsd, http://www.springframework.org/schema/beans/spring-beans-3.0.xsd=org/springframework/beans/factory/xml/spring-beans-3.0.xsd, http://www.springframework.org/schema/jee/spring-jee.xsd=org/springframework/ejb/config/spring-jee-4.2.xsd, http://www.springframework.org/schema/aop/spring-aop-2.5.xsd=org/springframework/aop/config/spring-aop-2.5.xsd, http://www.springframework.org/schema/lang/spring-lang-2.0.xsd=org/springframework/scripting/config/spring-lang-2.0.xsd, http://www.springframework.org/schema/data/repository/spring-repository-1.6.xsd=org/springframework/data/repository/config/spring-repository-1.6.xsd, http://www.springframework.org/schema/util/spring-util-3.2.xsd=org/springframework/beans/factory/xml/spring-util-3.2.xsd, http://www.springframework.org/schema/task/spring-task.xsd=org/springframework/scheduling/config/spring-task-4.2.xsd, http://www.springframework.org/schema/tool/spring-tool-2.0.xsd=org/springframework/beans/factory/xml/spring-tool-2.0.xsd, http://www.springframework.org/schema/tx/spring-tx-3.0.xsd=org/springframework/transaction/config/spring-tx-3.0.xsd, http://www.springframework.org/schema/lang/spring-lang-2.5.xsd=org/springframework/scripting/config/spring-lang-2.5.xsd, http://www.springframework.org/schema/context/spring-context-4.2.xsd=org/springframework/context/config/spring-context-4.2.xsd, http://www.springframework.org/schema/jee/spring-jee-2.0.xsd=org/springframework/ejb/config/spring-jee-2.0.xsd, http://www.springframework.org/schema/tool/spring-tool-2.5.xsd=org/springframework/beans/factory/xml/spring-tool-2.5.xsd, http://www.springframework.org/schema/jee/spring-jee-2.5.xsd=org/springframework/ejb/config/spring-jee-2.5.xsd, http://www.springframework.org/schema/data/repository/spring-repository-1.0.xsd=org/springframework/data/repository/config/spring-repository-1.0.xsd, http://www.springframework.org/schema/util/spring-util-4.0.xsd=org/springframework/beans/factory/xml/spring-util-4.0.xsd, http://www.springframework.org/schema/task/spring-task-3.0.xsd=org/springframework/scheduling/config/spring-task-3.0.xsd, http://www.springframework.org/schema/aop/spring-aop-4.2.xsd=org/springframework/aop/config/spring-aop-4.2.xsd, http://www.springframework.org/schema/lang/spring-lang.xsd=org/springframework/scripting/config/spring-lang-4.2.xsd, http://www.springframework.org/schema/context/spring-context-3.2.xsd=org/springframework/context/config/spring-context-3.2.xsd, http://www.springframework.org/schema/data/repository/spring-repository-1.5.xsd=org/springframework/data/repository/config/spring-repository-1.5.xsd, http://www.springframework.org/schema/util/spring-util-3.1.xsd=org/springframework/beans/factory/xml/spring-util-3.1.xsd, http://www.springframework.org/schema/beans/spring-beans-2.0.xsd=org/springframework/beans/factory/xml/spring-beans-2.0.xsd, http://www.springframework.org/schema/cache/spring-cache.xsd=org/springframework/cache/config/spring-cache-4.2.xsd, http://www.springframework.org/schema/tx/spring-tx.xsd=org/springframework/transaction/config/spring-tx-4.2.xsd, http://www.springframework.org/schema/lang/spring-lang-4.2.xsd=org/springframework/scripting/config/spring-lang-4.2.xsd, http://www.springframework.org/schema/context/spring-context-4.1.xsd=org/springframework/context/config/spring-context-4.1.xsd, http://www.springframework.org/schema/beans/spring-beans-2.5.xsd=org/springframework/beans/factory/xml/spring-beans-2.5.xsd, http://www.springframework.org/schema/tool/spring-tool-4.2.xsd=org/springframework/beans/factory/xml/spring-tool-4.2.xsd, http://www.springframework.org/schema/tx/spring-tx-2.0.xsd=org/springframework/transaction/config/spring-tx-2.0.xsd, http://www.springframework.org/schema/jee/spring-jee-4.2.xsd=org/springframework/ejb/config/spring-jee-4.2.xsd, http://www.springframework.org/schema/aop/spring-aop.xsd=org/springframework/aop/config/spring-aop-4.2.xsd}
2016-02-04 08:11:49,175 DEBUG   main [org.springframework.beans.factory.xml.PluggableSchemaResolver] Found XML schema [http://www.springframework.org/schema/beans/spring-beans.xsd] in classpath: org/springframework/beans/factory/xml/spring-beans-4.2.xsd
2016-02-04 08:11:49,229 TRACE   main [org.springframework.beans.factory.xml.PluggableSchemaResolver] Trying to resolve XML entity with public id [null] and system id [http://www.springframework.org/schema/context/spring-context.xsd]
2016-02-04 08:11:49,230 DEBUG   main [org.springframework.beans.factory.xml.PluggableSchemaResolver] Found XML schema [http://www.springframework.org/schema/context/spring-context.xsd] in classpath: org/springframework/context/config/spring-context-4.2.xsd
2016-02-04 08:11:49,237 TRACE   main [org.springframework.beans.factory.xml.PluggableSchemaResolver] Trying to resolve XML entity with public id [null] and system id [http://www.springframework.org/schema/tool/spring-tool-4.2.xsd]
2016-02-04 08:11:49,238 DEBUG   main [org.springframework.beans.factory.xml.PluggableSchemaResolver] Found XML schema [http://www.springframework.org/schema/tool/spring-tool-4.2.xsd] in classpath: org/springframework/beans/factory/xml/spring-tool-4.2.xsd
2016-02-04 08:11:49,244 TRACE   main [org.springframework.beans.factory.xml.PluggableSchemaResolver] Trying to resolve XML entity with public id [null] and system id [http://www.springframework.org/schema/ldap/spring-ldap.xsd]
2016-02-04 08:11:49,245 DEBUG   main [org.springframework.beans.factory.xml.PluggableSchemaResolver] Found XML schema [http://www.springframework.org/schema/ldap/spring-ldap.xsd] in classpath: org/springframework/ldap/config/spring-ldap-2.0.xsd
2016-02-04 08:11:49,254 TRACE   main [org.springframework.beans.factory.xml.PluggableSchemaResolver] Trying to resolve XML entity with public id [null] and system id [http://www.springframework.org/schema/data/repository/spring-repository.xsd]
2016-02-04 08:11:49,255 DEBUG   main [org.springframework.beans.factory.xml.PluggableSchemaResolver] Found XML schema [http://www.springframework.org/schema/data/repository/spring-repository.xsd] in classpath: org/springframework/data/repository/config/spring-repository-1.7.xsd
2016-02-04 08:11:49,271 DEBUG   main [org.springframework.beans.factory.xml.DefaultBeanDefinitionDocumentReader] Loading bean definitions
2016-02-04 08:11:49,283 DEBUG   main [org.springframework.beans.factory.xml.DefaultNamespaceHandlerResolver] Loaded NamespaceHandler mappings: {http://www.springframework.org/schema/p=org.springframework.beans.factory.xml.SimplePropertyNamespaceHandler, http://www.springframework.org/schema/util=org.springframework.beans.factory.xml.UtilNamespaceHandler, http://www.springframework.org/schema/jee=org.springframework.ejb.config.JeeNamespaceHandler, http://www.springframework.org/schema/aop=org.springframework.aop.config.AopNamespaceHandler, http://www.springframework.org/schema/data/repository=org.springframework.data.repository.config.RepositoryNameSpaceHandler, http://www.springframework.org/schema/cache=org.springframework.cache.config.CacheNamespaceHandler, http://www.springframework.org/schema/c=org.springframework.beans.factory.xml.SimpleConstructorNamespaceHandler, http://www.springframework.org/schema/ldap=org.springframework.ldap.config.LdapNamespaceHandler, http://www.springframework.org/schema/tx=org.springframework.transaction.config.TxNamespaceHandler, http://www.springframework.org/schema/task=org.springframework.scheduling.config.TaskNamespaceHandler, http://www.springframework.org/schema/lang=org.springframework.scripting.config.LangNamespaceHandler, http://www.springframework.org/schema/context=org.springframework.context.config.ContextNamespaceHandler}
2016-02-04 08:11:49,298 DEBUG   main [org.springframework.core.env.StandardEnvironment] Adding [systemProperties] PropertySource with lowest search precedence
2016-02-04 08:11:49,298 DEBUG   main [org.springframework.core.env.StandardEnvironment] Adding [systemEnvironment] PropertySource with lowest search precedence
2016-02-04 08:11:49,298 DEBUG   main [org.springframework.core.env.StandardEnvironment] Initialized StandardEnvironment with PropertySources [systemProperties,systemEnvironment]
2016-02-04 08:11:49,314 DEBUG   main [org.springframework.core.io.support.PathMatchingResourcePatternResolver] Looking for matching resources in directory tree [C:\Eclipse\workspace\spring-ldap-example\bin\gov\fema\adminportal\ldap]
2016-02-04 08:11:49,314 DEBUG   main [org.springframework.core.io.support.PathMatchingResourcePatternResolver] Searching directory [C:\Eclipse\workspace\spring-ldap-example\bin\gov\fema\adminportal\ldap] for files matching pattern [C:/Eclipse/workspace/spring-ldap-example/bin/gov/fema/adminportal/ldap/**/*.class]
2016-02-04 08:11:49,316 DEBUG   main [org.springframework.core.io.support.PathMatchingResourcePatternResolver] Searching directory [C:\Eclipse\workspace\spring-ldap-example\bin\gov\fema\adminportal\ldap\app] for files matching pattern [C:/Eclipse/workspace/spring-ldap-example/bin/gov/fema/adminportal/ldap/**/*.class]
2016-02-04 08:11:49,317 DEBUG   main [org.springframework.core.io.support.PathMatchingResourcePatternResolver] Searching directory [C:\Eclipse\workspace\spring-ldap-example\bin\gov\fema\adminportal\ldap\model] for files matching pattern [C:/Eclipse/workspace/spring-ldap-example/bin/gov/fema/adminportal/ldap/**/*.class]
2016-02-04 08:11:49,317 DEBUG   main [org.springframework.core.io.support.PathMatchingResourcePatternResolver] Searching directory [C:\Eclipse\workspace\spring-ldap-example\bin\gov\fema\adminportal\ldap\repository] for files matching pattern [C:/Eclipse/workspace/spring-ldap-example/bin/gov/fema/adminportal/ldap/**/*.class]
2016-02-04 08:11:49,319 DEBUG   main [org.springframework.core.io.support.PathMatchingResourcePatternResolver] Resolved location pattern [classpath*:gov/fema/adminportal/ldap/**/*.class] to resources [file [C:\Eclipse\workspace\spring-ldap-example\bin\gov\fema\adminportal\ldap\app\LdapApp.class], file [C:\Eclipse\workspace\spring-ldap-example\bin\gov\fema\adminportal\ldap\model\User.class], file [C:\Eclipse\workspace\spring-ldap-example\bin\gov\fema\adminportal\ldap\repository\UserRepository.class], file [C:\Eclipse\workspace\spring-ldap-example\bin\gov\fema\adminportal\ldap\repository\UserRepositoryImpl$MultipleAttributesMapper.class], file [C:\Eclipse\workspace\spring-ldap-example\bin\gov\fema\adminportal\ldap\repository\UserRepositoryImpl$SingleAttributesMapper.class], file [C:\Eclipse\workspace\spring-ldap-example\bin\gov\fema\adminportal\ldap\repository\UserRepositoryImpl$UserAttributesMapper.class], file [C:\Eclipse\workspace\spring-ldap-example\bin\gov\fema\adminportal\ldap\repository\UserRepositoryImpl.class]]
2016-02-04 08:11:49,319 TRACE   main [org.springframework.context.annotation.ClassPathBeanDefinitionScanner] Scanning file [C:\Eclipse\workspace\spring-ldap-example\bin\gov\fema\adminportal\ldap\app\LdapApp.class]
2016-02-04 08:11:49,334 TRACE   main [org.springframework.context.annotation.ClassPathBeanDefinitionScanner] Ignored because not matching any filter: file [C:\Eclipse\workspace\spring-ldap-example\bin\gov\fema\adminportal\ldap\app\LdapApp.class]
2016-02-04 08:11:49,334 TRACE   main [org.springframework.context.annotation.ClassPathBeanDefinitionScanner] Scanning file [C:\Eclipse\workspace\spring-ldap-example\bin\gov\fema\adminportal\ldap\model\User.class]
2016-02-04 08:11:49,335 TRACE   main [org.springframework.context.annotation.ClassPathBeanDefinitionScanner] Ignored because not matching any filter: file [C:\Eclipse\workspace\spring-ldap-example\bin\gov\fema\adminportal\ldap\model\User.class]
2016-02-04 08:11:49,335 TRACE   main [org.springframework.context.annotation.ClassPathBeanDefinitionScanner] Scanning file [C:\Eclipse\workspace\spring-ldap-example\bin\gov\fema\adminportal\ldap\repository\UserRepository.class]
2016-02-04 08:11:49,336 TRACE   main [org.springframework.context.annotation.ClassPathBeanDefinitionScanner] Ignored because not matching any filter: file [C:\Eclipse\workspace\spring-ldap-example\bin\gov\fema\adminportal\ldap\repository\UserRepository.class]
2016-02-04 08:11:49,336 TRACE   main [org.springframework.context.annotation.ClassPathBeanDefinitionScanner] Scanning file [C:\Eclipse\workspace\spring-ldap-example\bin\gov\fema\adminportal\ldap\repository\UserRepositoryImpl$MultipleAttributesMapper.class]
2016-02-04 08:11:49,336 TRACE   main [org.springframework.context.annotation.ClassPathBeanDefinitionScanner] Ignored because not matching any filter: file [C:\Eclipse\workspace\spring-ldap-example\bin\gov\fema\adminportal\ldap\repository\UserRepositoryImpl$MultipleAttributesMapper.class]
2016-02-04 08:11:49,336 TRACE   main [org.springframework.context.annotation.ClassPathBeanDefinitionScanner] Scanning file [C:\Eclipse\workspace\spring-ldap-example\bin\gov\fema\adminportal\ldap\repository\UserRepositoryImpl$SingleAttributesMapper.class]
2016-02-04 08:11:49,337 TRACE   main [org.springframework.context.annotation.ClassPathBeanDefinitionScanner] Ignored because not matching any filter: file [C:\Eclipse\workspace\spring-ldap-example\bin\gov\fema\adminportal\ldap\repository\UserRepositoryImpl$SingleAttributesMapper.class]
2016-02-04 08:11:49,337 TRACE   main [org.springframework.context.annotation.ClassPathBeanDefinitionScanner] Scanning file [C:\Eclipse\workspace\spring-ldap-example\bin\gov\fema\adminportal\ldap\repository\UserRepositoryImpl$UserAttributesMapper.class]
2016-02-04 08:11:49,338 TRACE   main [org.springframework.context.annotation.ClassPathBeanDefinitionScanner] Ignored because not matching any filter: file [C:\Eclipse\workspace\spring-ldap-example\bin\gov\fema\adminportal\ldap\repository\UserRepositoryImpl$UserAttributesMapper.class]
2016-02-04 08:11:49,338 TRACE   main [org.springframework.context.annotation.ClassPathBeanDefinitionScanner] Scanning file [C:\Eclipse\workspace\spring-ldap-example\bin\gov\fema\adminportal\ldap\repository\UserRepositoryImpl.class]
2016-02-04 08:11:49,350 DEBUG   main [org.springframework.context.annotation.ClassPathBeanDefinitionScanner] Identified candidate component class: file [C:\Eclipse\workspace\spring-ldap-example\bin\gov\fema\adminportal\ldap\repository\UserRepositoryImpl.class]
2016-02-04 08:11:49,385 DEBUG   main [org.springframework.beans.factory.xml.XmlBeanDefinitionReader] Loaded 9 bean definitions from location pattern [spring-ldap-example.xml]
2016-02-04 08:11:49,385 DEBUG   main [org.springframework.context.support.ClassPathXmlApplicationContext] Bean factory for org.springframework.context.support.ClassPathXmlApplicationContext@450faed3: org.springframework.beans.factory.support.DefaultListableBeanFactory@5c5d9afc: defining beans [userRepositoryImpl,org.springframework.context.annotation.internalConfigurationAnnotationProcessor,org.springframework.context.annotation.internalAutowiredAnnotationProcessor,org.springframework.context.annotation.internalRequiredAnnotationProcessor,org.springframework.context.annotation.internalCommonAnnotationProcessor,simpleDirContextAuthenticationStrategy,userReposImpl,contextSource,ldapTemplate]; root of factory hierarchy
2016-02-04 08:11:49,415 DEBUG   main [org.springframework.beans.factory.support.DefaultListableBeanFactory] Ignoring bean class loading failure for bean 'userReposImpl'
org.springframework.beans.factory.CannotLoadBeanClassException: Cannot find class [gov.fema.adminportal.repository.ldap.UserRepositoryImpl] for bean with name 'userReposImpl' defined in class path resource [spring-ldap-example.xml]; nested exception is java.lang.ClassNotFoundException: gov.fema.adminportal.repository.ldap.UserRepositoryImpl
	at org.springframework.beans.factory.support.AbstractBeanFactory.resolveBeanClass(AbstractBeanFactory.java:1352)
	at org.springframework.beans.factory.support.AbstractAutowireCapableBeanFactory.determineTargetType(AbstractAutowireCapableBeanFactory.java:628)
	at org.springframework.beans.factory.support.AbstractAutowireCapableBeanFactory.predictBeanType(AbstractAutowireCapableBeanFactory.java:597)
	at org.springframework.beans.factory.support.AbstractBeanFactory.isFactoryBean(AbstractBeanFactory.java:1445)
	at org.springframework.beans.factory.support.DefaultListableBeanFactory.doGetBeanNamesForType(DefaultListableBeanFactory.java:445)
	at org.springframework.beans.factory.support.DefaultListableBeanFactory.getBeanNamesForType(DefaultListableBeanFactory.java:415)
	at org.springframework.context.support.PostProcessorRegistrationDelegate.invokeBeanFactoryPostProcessors(PostProcessorRegistrationDelegate.java:82)
	at org.springframework.context.support.AbstractApplicationContext.invokeBeanFactoryPostProcessors(AbstractApplicationContext.java:606)
	at org.springframework.context.support.AbstractApplicationContext.refresh(AbstractApplicationContext.java:462)
	at org.springframework.context.support.ClassPathXmlApplicationContext.<init>(ClassPathXmlApplicationContext.java:139)
	at org.springframework.context.support.ClassPathXmlApplicationContext.<init>(ClassPathXmlApplicationContext.java:83)
	at gov.fema.adminportal.ldap.app.LdapApp.main(LdapApp.java:26)
Caused by: java.lang.ClassNotFoundException: gov.fema.adminportal.repository.ldap.UserRepositoryImpl
	at java.net.URLClassLoader$1.run(URLClassLoader.java:366)
	at java.net.URLClassLoader$1.run(URLClassLoader.java:355)
	at java.security.AccessController.doPrivileged(Native Method)
	at java.net.URLClassLoader.findClass(URLClassLoader.java:354)
	at java.lang.ClassLoader.loadClass(ClassLoader.java:425)
	at sun.misc.Launcher$AppClassLoader.loadClass(Launcher.java:308)
	at java.lang.ClassLoader.loadClass(ClassLoader.java:358)
	at org.springframework.util.ClassUtils.forName(ClassUtils.java:250)
	at org.springframework.beans.factory.support.AbstractBeanDefinition.resolveBeanClass(AbstractBeanDefinition.java:394)
	at org.springframework.beans.factory.support.AbstractBeanFactory.doResolveBeanClass(AbstractBeanFactory.java:1397)
	at org.springframework.beans.factory.support.AbstractBeanFactory.resolveBeanClass(AbstractBeanFactory.java:1344)
	... 11 more
2016-02-04 08:11:49,417 DEBUG   main [org.springframework.beans.factory.support.DefaultListableBeanFactory] Creating shared instance of singleton bean 'org.springframework.context.annotation.internalConfigurationAnnotationProcessor'
2016-02-04 08:11:49,417 DEBUG   main [org.springframework.beans.factory.support.DefaultListableBeanFactory] Creating instance of bean 'org.springframework.context.annotation.internalConfigurationAnnotationProcessor'
2016-02-04 08:11:49,431 DEBUG   main [org.springframework.beans.factory.support.DefaultListableBeanFactory] Eagerly caching bean 'org.springframework.context.annotation.internalConfigurationAnnotationProcessor' to allow for resolving potential circular references
2016-02-04 08:11:49,433 DEBUG   main [org.springframework.beans.factory.support.DefaultListableBeanFactory] Finished creating instance of bean 'org.springframework.context.annotation.internalConfigurationAnnotationProcessor'
2016-02-04 08:11:49,443 DEBUG   main [org.springframework.context.annotation.ConfigurationClassUtils] Could not find class file for introspecting configuration annotations: gov.fema.adminportal.repository.ldap.UserRepositoryImpl
java.io.FileNotFoundException: class path resource [gov/fema/adminportal/repository/ldap/UserRepositoryImpl.class] cannot be opened because it does not exist
	at org.springframework.core.io.ClassPathResource.getInputStream(ClassPathResource.java:172)
	at org.springframework.core.type.classreading.SimpleMetadataReader.<init>(SimpleMetadataReader.java:50)
	at org.springframework.core.type.classreading.SimpleMetadataReaderFactory.getMetadataReader(SimpleMetadataReaderFactory.java:98)
	at org.springframework.core.type.classreading.CachingMetadataReaderFactory.getMetadataReader(CachingMetadataReaderFactory.java:102)
	at org.springframework.core.type.classreading.SimpleMetadataReaderFactory.getMetadataReader(SimpleMetadataReaderFactory.java:93)
	at org.springframework.context.annotation.ConfigurationClassUtils.checkConfigurationClassCandidate(ConfigurationClassUtils.java:93)
	at org.springframework.context.annotation.ConfigurationClassPostProcessor.processConfigBeanDefinitions(ConfigurationClassPostProcessor.java:278)
	at org.springframework.context.annotation.ConfigurationClassPostProcessor.postProcessBeanDefinitionRegistry(ConfigurationClassPostProcessor.java:239)
	at org.springframework.context.support.PostProcessorRegistrationDelegate.invokeBeanDefinitionRegistryPostProcessors(PostProcessorRegistrationDelegate.java:254)
	at org.springframework.context.support.PostProcessorRegistrationDelegate.invokeBeanFactoryPostProcessors(PostProcessorRegistrationDelegate.java:94)
	at org.springframework.context.support.AbstractApplicationContext.invokeBeanFactoryPostProcessors(AbstractApplicationContext.java:606)
	at org.springframework.context.support.AbstractApplicationContext.refresh(AbstractApplicationContext.java:462)
	at org.springframework.context.support.ClassPathXmlApplicationContext.<init>(ClassPathXmlApplicationContext.java:139)
	at org.springframework.context.support.ClassPathXmlApplicationContext.<init>(ClassPathXmlApplicationContext.java:83)
	at gov.fema.adminportal.ldap.app.LdapApp.main(LdapApp.java:26)
2016-02-04 08:11:49,479 DEBUG   main [org.springframework.beans.factory.support.DefaultListableBeanFactory] Ignoring bean class loading failure for bean 'userReposImpl'
org.springframework.beans.factory.CannotLoadBeanClassException: Cannot find class [gov.fema.adminportal.repository.ldap.UserRepositoryImpl] for bean with name 'userReposImpl' defined in class path resource [spring-ldap-example.xml]; nested exception is java.lang.ClassNotFoundException: gov.fema.adminportal.repository.ldap.UserRepositoryImpl
	at org.springframework.beans.factory.support.AbstractBeanFactory.resolveBeanClass(AbstractBeanFactory.java:1352)
	at org.springframework.beans.factory.support.AbstractAutowireCapableBeanFactory.determineTargetType(AbstractAutowireCapableBeanFactory.java:628)
	at org.springframework.beans.factory.support.AbstractAutowireCapableBeanFactory.predictBeanType(AbstractAutowireCapableBeanFactory.java:597)
	at org.springframework.beans.factory.support.AbstractBeanFactory.isFactoryBean(AbstractBeanFactory.java:1445)
	at org.springframework.beans.factory.support.DefaultListableBeanFactory.doGetBeanNamesForType(DefaultListableBeanFactory.java:445)
	at org.springframework.beans.factory.support.DefaultListableBeanFactory.getBeanNamesForType(DefaultListableBeanFactory.java:415)
	at org.springframework.context.support.PostProcessorRegistrationDelegate.invokeBeanFactoryPostProcessors(PostProcessorRegistrationDelegate.java:97)
	at org.springframework.context.support.AbstractApplicationContext.invokeBeanFactoryPostProcessors(AbstractApplicationContext.java:606)
	at org.springframework.context.support.AbstractApplicationContext.refresh(AbstractApplicationContext.java:462)
	at org.springframework.context.support.ClassPathXmlApplicationContext.<init>(ClassPathXmlApplicationContext.java:139)
	at org.springframework.context.support.ClassPathXmlApplicationContext.<init>(ClassPathXmlApplicationContext.java:83)
	at gov.fema.adminportal.ldap.app.LdapApp.main(LdapApp.java:26)
Caused by: java.lang.ClassNotFoundException: gov.fema.adminportal.repository.ldap.UserRepositoryImpl
	at java.net.URLClassLoader$1.run(URLClassLoader.java:366)
	at java.net.URLClassLoader$1.run(URLClassLoader.java:355)
	at java.security.AccessController.doPrivileged(Native Method)
	at java.net.URLClassLoader.findClass(URLClassLoader.java:354)
	at java.lang.ClassLoader.loadClass(ClassLoader.java:425)
	at sun.misc.Launcher$AppClassLoader.loadClass(Launcher.java:308)
	at java.lang.ClassLoader.loadClass(ClassLoader.java:358)
	at org.springframework.util.ClassUtils.forName(ClassUtils.java:250)
	at org.springframework.beans.factory.support.AbstractBeanDefinition.resolveBeanClass(AbstractBeanDefinition.java:394)
	at org.springframework.beans.factory.support.AbstractBeanFactory.doResolveBeanClass(AbstractBeanFactory.java:1397)
	at org.springframework.beans.factory.support.AbstractBeanFactory.resolveBeanClass(AbstractBeanFactory.java:1344)
	... 11 more
2016-02-04 08:11:49,480 DEBUG   main [org.springframework.beans.factory.support.DefaultListableBeanFactory] Ignoring bean class loading failure for bean 'userReposImpl'
org.springframework.beans.factory.CannotLoadBeanClassException: Cannot find class [gov.fema.adminportal.repository.ldap.UserRepositoryImpl] for bean with name 'userReposImpl' defined in class path resource [spring-ldap-example.xml]; nested exception is java.lang.ClassNotFoundException: gov.fema.adminportal.repository.ldap.UserRepositoryImpl
	at org.springframework.beans.factory.support.AbstractBeanFactory.resolveBeanClass(AbstractBeanFactory.java:1352)
	at org.springframework.beans.factory.support.AbstractAutowireCapableBeanFactory.determineTargetType(AbstractAutowireCapableBeanFactory.java:628)
	at org.springframework.beans.factory.support.AbstractAutowireCapableBeanFactory.predictBeanType(AbstractAutowireCapableBeanFactory.java:597)
	at org.springframework.beans.factory.support.AbstractBeanFactory.isFactoryBean(AbstractBeanFactory.java:1445)
	at org.springframework.beans.factory.support.DefaultListableBeanFactory.doGetBeanNamesForType(DefaultListableBeanFactory.java:445)
	at org.springframework.beans.factory.support.DefaultListableBeanFactory.getBeanNamesForType(DefaultListableBeanFactory.java:415)
	at org.springframework.context.support.PostProcessorRegistrationDelegate.invokeBeanFactoryPostProcessors(PostProcessorRegistrationDelegate.java:113)
	at org.springframework.context.support.AbstractApplicationContext.invokeBeanFactoryPostProcessors(AbstractApplicationContext.java:606)
	at org.springframework.context.support.AbstractApplicationContext.refresh(AbstractApplicationContext.java:462)
	at org.springframework.context.support.ClassPathXmlApplicationContext.<init>(ClassPathXmlApplicationContext.java:139)
	at org.springframework.context.support.ClassPathXmlApplicationContext.<init>(ClassPathXmlApplicationContext.java:83)
	at gov.fema.adminportal.ldap.app.LdapApp.main(LdapApp.java:26)
Caused by: java.lang.ClassNotFoundException: gov.fema.adminportal.repository.ldap.UserRepositoryImpl
	at java.net.URLClassLoader$1.run(URLClassLoader.java:366)
	at java.net.URLClassLoader$1.run(URLClassLoader.java:355)
	at java.security.AccessController.doPrivileged(Native Method)
	at java.net.URLClassLoader.findClass(URLClassLoader.java:354)
	at java.lang.ClassLoader.loadClass(ClassLoader.java:425)
	at sun.misc.Launcher$AppClassLoader.loadClass(Launcher.java:308)
	at java.lang.ClassLoader.loadClass(ClassLoader.java:358)
	at org.springframework.util.ClassUtils.forName(ClassUtils.java:250)
	at org.springframework.beans.factory.support.AbstractBeanDefinition.resolveBeanClass(AbstractBeanDefinition.java:394)
	at org.springframework.beans.factory.support.AbstractBeanFactory.doResolveBeanClass(AbstractBeanFactory.java:1397)
	at org.springframework.beans.factory.support.AbstractBeanFactory.resolveBeanClass(AbstractBeanFactory.java:1344)
	... 11 more
2016-02-04 08:11:49,482 DEBUG   main [org.springframework.beans.factory.support.DefaultListableBeanFactory] Ignoring bean class loading failure for bean 'userReposImpl'
org.springframework.beans.factory.CannotLoadBeanClassException: Cannot find class [gov.fema.adminportal.repository.ldap.UserRepositoryImpl] for bean with name 'userReposImpl' defined in class path resource [spring-ldap-example.xml]; nested exception is java.lang.ClassNotFoundException: gov.fema.adminportal.repository.ldap.UserRepositoryImpl
	at org.springframework.beans.factory.support.AbstractBeanFactory.resolveBeanClass(AbstractBeanFactory.java:1352)
	at org.springframework.beans.factory.support.AbstractAutowireCapableBeanFactory.determineTargetType(AbstractAutowireCapableBeanFactory.java:628)
	at org.springframework.beans.factory.support.AbstractAutowireCapableBeanFactory.predictBeanType(AbstractAutowireCapableBeanFactory.java:597)
	at org.springframework.beans.factory.support.AbstractBeanFactory.isFactoryBean(AbstractBeanFactory.java:1445)
	at org.springframework.beans.factory.support.DefaultListableBeanFactory.doGetBeanNamesForType(DefaultListableBeanFactory.java:445)
	at org.springframework.beans.factory.support.DefaultListableBeanFactory.getBeanNamesForType(DefaultListableBeanFactory.java:415)
	at org.springframework.context.support.PostProcessorRegistrationDelegate.invokeBeanFactoryPostProcessors(PostProcessorRegistrationDelegate.java:138)
	at org.springframework.context.support.AbstractApplicationContext.invokeBeanFactoryPostProcessors(AbstractApplicationContext.java:606)
	at org.springframework.context.support.AbstractApplicationContext.refresh(AbstractApplicationContext.java:462)
	at org.springframework.context.support.ClassPathXmlApplicationContext.<init>(ClassPathXmlApplicationContext.java:139)
	at org.springframework.context.support.ClassPathXmlApplicationContext.<init>(ClassPathXmlApplicationContext.java:83)
	at gov.fema.adminportal.ldap.app.LdapApp.main(LdapApp.java:26)
Caused by: java.lang.ClassNotFoundException: gov.fema.adminportal.repository.ldap.UserRepositoryImpl
	at java.net.URLClassLoader$1.run(URLClassLoader.java:366)
	at java.net.URLClassLoader$1.run(URLClassLoader.java:355)
	at java.security.AccessController.doPrivileged(Native Method)
	at java.net.URLClassLoader.findClass(URLClassLoader.java:354)
	at java.lang.ClassLoader.loadClass(ClassLoader.java:425)
	at sun.misc.Launcher$AppClassLoader.loadClass(Launcher.java:308)
	at java.lang.ClassLoader.loadClass(ClassLoader.java:358)
	at org.springframework.util.ClassUtils.forName(ClassUtils.java:250)
	at org.springframework.beans.factory.support.AbstractBeanDefinition.resolveBeanClass(AbstractBeanDefinition.java:394)
	at org.springframework.beans.factory.support.AbstractBeanFactory.doResolveBeanClass(AbstractBeanFactory.java:1397)
	at org.springframework.beans.factory.support.AbstractBeanFactory.resolveBeanClass(AbstractBeanFactory.java:1344)
	... 11 more
2016-02-04 08:11:49,483 DEBUG   main [org.springframework.beans.factory.support.DefaultListableBeanFactory] Ignoring bean class loading failure for bean 'userReposImpl'
org.springframework.beans.factory.CannotLoadBeanClassException: Cannot find class [gov.fema.adminportal.repository.ldap.UserRepositoryImpl] for bean with name 'userReposImpl' defined in class path resource [spring-ldap-example.xml]; nested exception is java.lang.ClassNotFoundException: gov.fema.adminportal.repository.ldap.UserRepositoryImpl
	at org.springframework.beans.factory.support.AbstractBeanFactory.resolveBeanClass(AbstractBeanFactory.java:1352)
	at org.springframework.beans.factory.support.AbstractAutowireCapableBeanFactory.determineTargetType(AbstractAutowireCapableBeanFactory.java:628)
	at org.springframework.beans.factory.support.AbstractAutowireCapableBeanFactory.predictBeanType(AbstractAutowireCapableBeanFactory.java:597)
	at org.springframework.beans.factory.support.AbstractBeanFactory.isFactoryBean(AbstractBeanFactory.java:1445)
	at org.springframework.beans.factory.support.DefaultListableBeanFactory.doGetBeanNamesForType(DefaultListableBeanFactory.java:445)
	at org.springframework.beans.factory.support.DefaultListableBeanFactory.getBeanNamesForType(DefaultListableBeanFactory.java:415)
	at org.springframework.context.support.PostProcessorRegistrationDelegate.registerBeanPostProcessors(PostProcessorRegistrationDelegate.java:183)
	at org.springframework.context.support.AbstractApplicationContext.registerBeanPostProcessors(AbstractApplicationContext.java:615)
	at org.springframework.context.support.AbstractApplicationContext.refresh(AbstractApplicationContext.java:465)
	at org.springframework.context.support.ClassPathXmlApplicationContext.<init>(ClassPathXmlApplicationContext.java:139)
	at org.springframework.context.support.ClassPathXmlApplicationContext.<init>(ClassPathXmlApplicationContext.java:83)
	at gov.fema.adminportal.ldap.app.LdapApp.main(LdapApp.java:26)
Caused by: java.lang.ClassNotFoundException: gov.fema.adminportal.repository.ldap.UserRepositoryImpl
	at java.net.URLClassLoader$1.run(URLClassLoader.java:366)
	at java.net.URLClassLoader$1.run(URLClassLoader.java:355)
	at java.security.AccessController.doPrivileged(Native Method)
	at java.net.URLClassLoader.findClass(URLClassLoader.java:354)
	at java.lang.ClassLoader.loadClass(ClassLoader.java:425)
	at sun.misc.Launcher$AppClassLoader.loadClass(Launcher.java:308)
	at java.lang.ClassLoader.loadClass(ClassLoader.java:358)
	at org.springframework.util.ClassUtils.forName(ClassUtils.java:250)
	at org.springframework.beans.factory.support.AbstractBeanDefinition.resolveBeanClass(AbstractBeanDefinition.java:394)
	at org.springframework.beans.factory.support.AbstractBeanFactory.doResolveBeanClass(AbstractBeanFactory.java:1397)
	at org.springframework.beans.factory.support.AbstractBeanFactory.resolveBeanClass(AbstractBeanFactory.java:1344)
	... 11 more
2016-02-04 08:11:49,485 DEBUG   main [org.springframework.beans.factory.support.DefaultListableBeanFactory] Creating shared instance of singleton bean 'org.springframework.context.annotation.internalAutowiredAnnotationProcessor'
2016-02-04 08:11:49,486 DEBUG   main [org.springframework.beans.factory.support.DefaultListableBeanFactory] Creating instance of bean 'org.springframework.context.annotation.internalAutowiredAnnotationProcessor'
2016-02-04 08:11:49,490 DEBUG   main [org.springframework.beans.factory.support.DefaultListableBeanFactory] Eagerly caching bean 'org.springframework.context.annotation.internalAutowiredAnnotationProcessor' to allow for resolving potential circular references
2016-02-04 08:11:49,491 DEBUG   main [org.springframework.beans.factory.support.DefaultListableBeanFactory] Finished creating instance of bean 'org.springframework.context.annotation.internalAutowiredAnnotationProcessor'
2016-02-04 08:11:49,491 DEBUG   main [org.springframework.beans.factory.support.DefaultListableBeanFactory] Creating shared instance of singleton bean 'org.springframework.context.annotation.internalRequiredAnnotationProcessor'
2016-02-04 08:11:49,491 DEBUG   main [org.springframework.beans.factory.support.DefaultListableBeanFactory] Creating instance of bean 'org.springframework.context.annotation.internalRequiredAnnotationProcessor'
2016-02-04 08:11:49,492 DEBUG   main [org.springframework.beans.factory.support.DefaultListableBeanFactory] Eagerly caching bean 'org.springframework.context.annotation.internalRequiredAnnotationProcessor' to allow for resolving potential circular references
2016-02-04 08:11:49,493 DEBUG   main [org.springframework.beans.factory.support.DefaultListableBeanFactory] Finished creating instance of bean 'org.springframework.context.annotation.internalRequiredAnnotationProcessor'
2016-02-04 08:11:49,493 DEBUG   main [org.springframework.beans.factory.support.DefaultListableBeanFactory] Creating shared instance of singleton bean 'org.springframework.context.annotation.internalCommonAnnotationProcessor'
2016-02-04 08:11:49,493 DEBUG   main [org.springframework.beans.factory.support.DefaultListableBeanFactory] Creating instance of bean 'org.springframework.context.annotation.internalCommonAnnotationProcessor'
2016-02-04 08:11:49,499 DEBUG   main [org.springframework.beans.factory.support.DefaultListableBeanFactory] Eagerly caching bean 'org.springframework.context.annotation.internalCommonAnnotationProcessor' to allow for resolving potential circular references
2016-02-04 08:11:49,499 DEBUG   main [org.springframework.beans.factory.support.DefaultListableBeanFactory] Finished creating instance of bean 'org.springframework.context.annotation.internalCommonAnnotationProcessor'
2016-02-04 08:11:49,499 DEBUG   main [org.springframework.beans.factory.support.DefaultListableBeanFactory] Creating shared instance of singleton bean 'org.springframework.context.annotation.ConfigurationClassPostProcessor.importAwareProcessor'
2016-02-04 08:11:49,499 DEBUG   main [org.springframework.beans.factory.support.DefaultListableBeanFactory] Creating instance of bean 'org.springframework.context.annotation.ConfigurationClassPostProcessor.importAwareProcessor'
2016-02-04 08:11:49,499 DEBUG   main [org.springframework.beans.factory.support.DefaultListableBeanFactory] Eagerly caching bean 'org.springframework.context.annotation.ConfigurationClassPostProcessor.importAwareProcessor' to allow for resolving potential circular references
2016-02-04 08:11:49,499 DEBUG   main [org.springframework.beans.factory.support.DefaultListableBeanFactory] Finished creating instance of bean 'org.springframework.context.annotation.ConfigurationClassPostProcessor.importAwareProcessor'
2016-02-04 08:11:49,500 DEBUG   main [org.springframework.beans.factory.support.DefaultListableBeanFactory] Creating shared instance of singleton bean 'org.springframework.context.annotation.ConfigurationClassPostProcessor.enhancedConfigurationProcessor'
2016-02-04 08:11:49,500 DEBUG   main [org.springframework.beans.factory.support.DefaultListableBeanFactory] Creating instance of bean 'org.springframework.context.annotation.ConfigurationClassPostProcessor.enhancedConfigurationProcessor'
2016-02-04 08:11:49,500 DEBUG   main [org.springframework.beans.factory.support.DefaultListableBeanFactory] Eagerly caching bean 'org.springframework.context.annotation.ConfigurationClassPostProcessor.enhancedConfigurationProcessor' to allow for resolving potential circular references
2016-02-04 08:11:49,500 DEBUG   main [org.springframework.beans.factory.support.DefaultListableBeanFactory] Finished creating instance of bean 'org.springframework.context.annotation.ConfigurationClassPostProcessor.enhancedConfigurationProcessor'
2016-02-04 08:11:49,504 DEBUG   main [org.springframework.context.support.ClassPathXmlApplicationContext] Unable to locate MessageSource with name 'messageSource': using default [org.springframework.context.support.DelegatingMessageSource@fe63b60]
2016-02-04 08:11:49,507 DEBUG   main [org.springframework.context.support.ClassPathXmlApplicationContext] Unable to locate ApplicationEventMulticaster with name 'applicationEventMulticaster': using default [org.springframework.context.event.SimpleApplicationEventMulticaster@30a1e97a]
2016-02-04 08:11:49,507 DEBUG   main [org.springframework.beans.factory.support.DefaultListableBeanFactory] Ignoring bean class loading failure for bean 'userReposImpl'
org.springframework.beans.factory.CannotLoadBeanClassException: Cannot find class [gov.fema.adminportal.repository.ldap.UserRepositoryImpl] for bean with name 'userReposImpl' defined in class path resource [spring-ldap-example.xml]; nested exception is java.lang.ClassNotFoundException: gov.fema.adminportal.repository.ldap.UserRepositoryImpl
	at org.springframework.beans.factory.support.AbstractBeanFactory.resolveBeanClass(AbstractBeanFactory.java:1352)
	at org.springframework.beans.factory.support.AbstractAutowireCapableBeanFactory.determineTargetType(AbstractAutowireCapableBeanFactory.java:628)
	at org.springframework.beans.factory.support.AbstractAutowireCapableBeanFactory.predictBeanType(AbstractAutowireCapableBeanFactory.java:597)
	at org.springframework.beans.factory.support.AbstractBeanFactory.isFactoryBean(AbstractBeanFactory.java:1445)
	at org.springframework.beans.factory.support.DefaultListableBeanFactory.doGetBeanNamesForType(DefaultListableBeanFactory.java:445)
	at org.springframework.beans.factory.support.DefaultListableBeanFactory.getBeanNamesForType(DefaultListableBeanFactory.java:415)
	at org.springframework.context.support.AbstractApplicationContext.getBeanNamesForType(AbstractApplicationContext.java:1046)
	at org.springframework.context.support.AbstractApplicationContext.registerListeners(AbstractApplicationContext.java:726)
	at org.springframework.context.support.AbstractApplicationContext.refresh(AbstractApplicationContext.java:477)
	at org.springframework.context.support.ClassPathXmlApplicationContext.<init>(ClassPathXmlApplicationContext.java:139)
	at org.springframework.context.support.ClassPathXmlApplicationContext.<init>(ClassPathXmlApplicationContext.java:83)
	at gov.fema.adminportal.ldap.app.LdapApp.main(LdapApp.java:26)
Caused by: java.lang.ClassNotFoundException: gov.fema.adminportal.repository.ldap.UserRepositoryImpl
	at java.net.URLClassLoader$1.run(URLClassLoader.java:366)
	at java.net.URLClassLoader$1.run(URLClassLoader.java:355)
	at java.security.AccessController.doPrivileged(Native Method)
	at java.net.URLClassLoader.findClass(URLClassLoader.java:354)
	at java.lang.ClassLoader.loadClass(ClassLoader.java:425)
	at sun.misc.Launcher$AppClassLoader.loadClass(Launcher.java:308)
	at java.lang.ClassLoader.loadClass(ClassLoader.java:358)
	at org.springframework.util.ClassUtils.forName(ClassUtils.java:250)
	at org.springframework.beans.factory.support.AbstractBeanDefinition.resolveBeanClass(AbstractBeanDefinition.java:394)
	at org.springframework.beans.factory.support.AbstractBeanFactory.doResolveBeanClass(AbstractBeanFactory.java:1397)
	at org.springframework.beans.factory.support.AbstractBeanFactory.resolveBeanClass(AbstractBeanFactory.java:1344)
	... 11 more
2016-02-04 08:11:49,508 DEBUG   main [org.springframework.beans.factory.support.DefaultListableBeanFactory] Ignoring bean class loading failure for bean 'userReposImpl'
org.springframework.beans.factory.CannotLoadBeanClassException: Cannot find class [gov.fema.adminportal.repository.ldap.UserRepositoryImpl] for bean with name 'userReposImpl' defined in class path resource [spring-ldap-example.xml]; nested exception is java.lang.ClassNotFoundException: gov.fema.adminportal.repository.ldap.UserRepositoryImpl
	at org.springframework.beans.factory.support.AbstractBeanFactory.resolveBeanClass(AbstractBeanFactory.java:1352)
	at org.springframework.beans.factory.support.AbstractAutowireCapableBeanFactory.determineTargetType(AbstractAutowireCapableBeanFactory.java:628)
	at org.springframework.beans.factory.support.AbstractAutowireCapableBeanFactory.predictBeanType(AbstractAutowireCapableBeanFactory.java:597)
	at org.springframework.beans.factory.support.AbstractBeanFactory.isFactoryBean(AbstractBeanFactory.java:1445)
	at org.springframework.beans.factory.support.DefaultListableBeanFactory.doGetBeanNamesForType(DefaultListableBeanFactory.java:445)
	at org.springframework.beans.factory.support.DefaultListableBeanFactory.getBeanNamesForType(DefaultListableBeanFactory.java:415)
	at org.springframework.context.support.AbstractApplicationContext.finishBeanFactoryInitialization(AbstractApplicationContext.java:745)
	at org.springframework.context.support.AbstractApplicationContext.refresh(AbstractApplicationContext.java:480)
	at org.springframework.context.support.ClassPathXmlApplicationContext.<init>(ClassPathXmlApplicationContext.java:139)
	at org.springframework.context.support.ClassPathXmlApplicationContext.<init>(ClassPathXmlApplicationContext.java:83)
	at gov.fema.adminportal.ldap.app.LdapApp.main(LdapApp.java:26)
Caused by: java.lang.ClassNotFoundException: gov.fema.adminportal.repository.ldap.UserRepositoryImpl
	at java.net.URLClassLoader$1.run(URLClassLoader.java:366)
	at java.net.URLClassLoader$1.run(URLClassLoader.java:355)
	at java.security.AccessController.doPrivileged(Native Method)
	at java.net.URLClassLoader.findClass(URLClassLoader.java:354)
	at java.lang.ClassLoader.loadClass(ClassLoader.java:425)
	at sun.misc.Launcher$AppClassLoader.loadClass(Launcher.java:308)
	at java.lang.ClassLoader.loadClass(ClassLoader.java:358)
	at org.springframework.util.ClassUtils.forName(ClassUtils.java:250)
	at org.springframework.beans.factory.support.AbstractBeanDefinition.resolveBeanClass(AbstractBeanDefinition.java:394)
	at org.springframework.beans.factory.support.AbstractBeanFactory.doResolveBeanClass(AbstractBeanFactory.java:1397)
	at org.springframework.beans.factory.support.AbstractBeanFactory.resolveBeanClass(AbstractBeanFactory.java:1344)
	... 10 more
2016-02-04 08:11:49,509 DEBUG   main [org.springframework.beans.factory.support.DefaultListableBeanFactory] Pre-instantiating singletons in org.springframework.beans.factory.support.DefaultListableBeanFactory@5c5d9afc: defining beans [userRepositoryImpl,org.springframework.context.annotation.internalConfigurationAnnotationProcessor,org.springframework.context.annotation.internalAutowiredAnnotationProcessor,org.springframework.context.annotation.internalRequiredAnnotationProcessor,org.springframework.context.annotation.internalCommonAnnotationProcessor,simpleDirContextAuthenticationStrategy,userReposImpl,contextSource,ldapTemplate,org.springframework.context.annotation.ConfigurationClassPostProcessor.importAwareProcessor,org.springframework.context.annotation.ConfigurationClassPostProcessor.enhancedConfigurationProcessor]; root of factory hierarchy
2016-02-04 08:11:49,509 DEBUG   main [org.springframework.beans.factory.support.DefaultListableBeanFactory] Creating shared instance of singleton bean 'userRepositoryImpl'
2016-02-04 08:11:49,509 DEBUG   main [org.springframework.beans.factory.support.DefaultListableBeanFactory] Creating instance of bean 'userRepositoryImpl'
2016-02-04 08:11:49,522 DEBUG   main [org.springframework.beans.factory.annotation.InjectionMetadata] Registered injected element on class [gov.fema.adminportal.ldap.repository.UserRepositoryImpl]: AutowiredFieldElement for private org.springframework.ldap.core.LdapTemplate gov.fema.adminportal.ldap.repository.UserRepositoryImpl.ldapTemplate
2016-02-04 08:11:49,522 DEBUG   main [org.springframework.beans.factory.support.DefaultListableBeanFactory] Eagerly caching bean 'userRepositoryImpl' to allow for resolving potential circular references
2016-02-04 08:11:49,525 TRACE   main [org.springframework.core.io.support.SpringFactoriesLoader] Loaded [org.springframework.beans.BeanInfoFactory] names: [org.springframework.beans.ExtendedBeanInfoFactory]
2016-02-04 08:11:49,526 TRACE   main [org.springframework.beans.CachedIntrospectionResults] Getting BeanInfo for class [gov.fema.adminportal.ldap.repository.UserRepositoryImpl]
2016-02-04 08:11:49,529 TRACE   main [org.springframework.beans.CachedIntrospectionResults] Caching PropertyDescriptors for class [gov.fema.adminportal.ldap.repository.UserRepositoryImpl]
2016-02-04 08:11:49,529 TRACE   main [org.springframework.beans.CachedIntrospectionResults] Found bean property 'allUserNames' of type [java.util.List]
2016-02-04 08:11:49,532 TRACE   main [org.springframework.beans.CachedIntrospectionResults] Found bean property 'allUsers' of type [java.util.List]
2016-02-04 08:11:49,532 TRACE   main [org.springframework.beans.CachedIntrospectionResults] Found bean property 'class' of type [java.lang.Class]
2016-02-04 08:11:49,535 DEBUG   main [org.springframework.beans.factory.annotation.InjectionMetadata] Processing injected element of bean 'userRepositoryImpl': AutowiredFieldElement for private org.springframework.ldap.core.LdapTemplate gov.fema.adminportal.ldap.repository.UserRepositoryImpl.ldapTemplate
2016-02-04 08:11:49,540 WARN   main [org.springframework.context.support.ClassPathXmlApplicationContext] Exception encountered during context initialization - cancelling refresh attempt
org.springframework.beans.factory.BeanCreationException: Error creating bean with name 'userRepositoryImpl': Injection of autowired dependencies failed; nested exception is org.springframework.beans.factory.BeanCreationException: Could not autowire field: private org.springframework.ldap.core.LdapTemplate gov.fema.adminportal.ldap.repository.UserRepositoryImpl.ldapTemplate; nested exception is org.springframework.beans.factory.CannotLoadBeanClassException: Cannot find class [gov.fema.adminportal.repository.ldap.UserRepositoryImpl] for bean with name 'userReposImpl' defined in class path resource [spring-ldap-example.xml]; nested exception is java.lang.ClassNotFoundException: gov.fema.adminportal.repository.ldap.UserRepositoryImpl
	at org.springframework.beans.factory.annotation.AutowiredAnnotationBeanPostProcessor.postProcessPropertyValues(AutowiredAnnotationBeanPostProcessor.java:334)
	at org.springframework.beans.factory.support.AbstractAutowireCapableBeanFactory.populateBean(AbstractAutowireCapableBeanFactory.java:1214)
	at org.springframework.beans.factory.support.AbstractAutowireCapableBeanFactory.doCreateBean(AbstractAutowireCapableBeanFactory.java:543)
	at org.springframework.beans.factory.support.AbstractAutowireCapableBeanFactory.createBean(AbstractAutowireCapableBeanFactory.java:482)
	at org.springframework.beans.factory.support.AbstractBeanFactory$1.getObject(AbstractBeanFactory.java:306)
	at org.springframework.beans.factory.support.DefaultSingletonBeanRegistry.getSingleton(DefaultSingletonBeanRegistry.java:230)
	at org.springframework.beans.factory.support.AbstractBeanFactory.doGetBean(AbstractBeanFactory.java:302)
	at org.springframework.beans.factory.support.AbstractBeanFactory.getBean(AbstractBeanFactory.java:197)
	at org.springframework.beans.factory.support.DefaultListableBeanFactory.preInstantiateSingletons(DefaultListableBeanFactory.java:772)
	at org.springframework.context.support.AbstractApplicationContext.finishBeanFactoryInitialization(AbstractApplicationContext.java:757)
	at org.springframework.context.support.AbstractApplicationContext.refresh(AbstractApplicationContext.java:480)
	at org.springframework.context.support.ClassPathXmlApplicationContext.<init>(ClassPathXmlApplicationContext.java:139)
	at org.springframework.context.support.ClassPathXmlApplicationContext.<init>(ClassPathXmlApplicationContext.java:83)
	at gov.fema.adminportal.ldap.app.LdapApp.main(LdapApp.java:26)
Caused by: org.springframework.beans.factory.BeanCreationException: Could not autowire field: private org.springframework.ldap.core.LdapTemplate gov.fema.adminportal.ldap.repository.UserRepositoryImpl.ldapTemplate; nested exception is org.springframework.beans.factory.CannotLoadBeanClassException: Cannot find class [gov.fema.adminportal.repository.ldap.UserRepositoryImpl] for bean with name 'userReposImpl' defined in class path resource [spring-ldap-example.xml]; nested exception is java.lang.ClassNotFoundException: gov.fema.adminportal.repository.ldap.UserRepositoryImpl
	at org.springframework.beans.factory.annotation.AutowiredAnnotationBeanPostProcessor$AutowiredFieldElement.inject(AutowiredAnnotationBeanPostProcessor.java:573)
	at org.springframework.beans.factory.annotation.InjectionMetadata.inject(InjectionMetadata.java:88)
	at org.springframework.beans.factory.annotation.AutowiredAnnotationBeanPostProcessor.postProcessPropertyValues(AutowiredAnnotationBeanPostProcessor.java:331)
	... 13 more
Caused by: org.springframework.beans.factory.CannotLoadBeanClassException: Cannot find class [gov.fema.adminportal.repository.ldap.UserRepositoryImpl] for bean with name 'userReposImpl' defined in class path resource [spring-ldap-example.xml]; nested exception is java.lang.ClassNotFoundException: gov.fema.adminportal.repository.ldap.UserRepositoryImpl
	at org.springframework.beans.factory.support.AbstractBeanFactory.resolveBeanClass(AbstractBeanFactory.java:1352)
	at org.springframework.beans.factory.support.AbstractAutowireCapableBeanFactory.determineTargetType(AbstractAutowireCapableBeanFactory.java:628)
	at org.springframework.beans.factory.support.AbstractAutowireCapableBeanFactory.predictBeanType(AbstractAutowireCapableBeanFactory.java:597)
	at org.springframework.beans.factory.support.AbstractBeanFactory.isFactoryBean(AbstractBeanFactory.java:1445)
	at org.springframework.beans.factory.support.DefaultListableBeanFactory.doGetBeanNamesForType(DefaultListableBeanFactory.java:445)
	at org.springframework.beans.factory.support.DefaultListableBeanFactory.getBeanNamesForType(DefaultListableBeanFactory.java:423)
	at org.springframework.beans.factory.BeanFactoryUtils.beanNamesForTypeIncludingAncestors(BeanFactoryUtils.java:220)
	at org.springframework.beans.factory.support.DefaultListableBeanFactory.findAutowireCandidates(DefaultListableBeanFactory.java:1177)
	at org.springframework.beans.factory.support.DefaultListableBeanFactory.doResolveDependency(DefaultListableBeanFactory.java:1116)
	at org.springframework.beans.factory.support.DefaultListableBeanFactory.resolveDependency(DefaultListableBeanFactory.java:1014)
	at org.springframework.beans.factory.annotation.AutowiredAnnotationBeanPostProcessor$AutowiredFieldElement.inject(AutowiredAnnotationBeanPostProcessor.java:545)
	... 15 more
Caused by: java.lang.ClassNotFoundException: gov.fema.adminportal.repository.ldap.UserRepositoryImpl
	at java.net.URLClassLoader$1.run(URLClassLoader.java:366)
	at java.net.URLClassLoader$1.run(URLClassLoader.java:355)
	at java.security.AccessController.doPrivileged(Native Method)
	at java.net.URLClassLoader.findClass(URLClassLoader.java:354)
	at java.lang.ClassLoader.loadClass(ClassLoader.java:425)
	at sun.misc.Launcher$AppClassLoader.loadClass(Launcher.java:308)
	at java.lang.ClassLoader.loadClass(ClassLoader.java:358)
	at org.springframework.util.ClassUtils.forName(ClassUtils.java:250)
	at org.springframework.beans.factory.support.AbstractBeanDefinition.resolveBeanClass(AbstractBeanDefinition.java:394)
	at org.springframework.beans.factory.support.AbstractBeanFactory.doResolveBeanClass(AbstractBeanFactory.java:1397)
	at org.springframework.beans.factory.support.AbstractBeanFactory.resolveBeanClass(AbstractBeanFactory.java:1344)
	... 25 more
2016-02-04 08:11:49,542 DEBUG   main [org.springframework.beans.factory.support.DefaultListableBeanFactory] Destroying singletons in org.springframework.beans.factory.support.DefaultListableBeanFactory@5c5d9afc: defining beans [userRepositoryImpl,org.springframework.context.annotation.internalConfigurationAnnotationProcessor,org.springframework.context.annotation.internalAutowiredAnnotationProcessor,org.springframework.context.annotation.internalRequiredAnnotationProcessor,org.springframework.context.annotation.internalCommonAnnotationProcessor,simpleDirContextAuthenticationStrategy,userReposImpl,contextSource,ldapTemplate,org.springframework.context.annotation.ConfigurationClassPostProcessor.importAwareProcessor,org.springframework.context.annotation.ConfigurationClassPostProcessor.enhancedConfigurationProcessor]; root of factory hierarchy
2016-02-04 08:12:12,806 DEBUG   main [org.springframework.core.env.StandardEnvironment] Adding [systemProperties] PropertySource with lowest search precedence
2016-02-04 08:12:12,810 DEBUG   main [org.springframework.core.env.StandardEnvironment] Adding [systemEnvironment] PropertySource with lowest search precedence
2016-02-04 08:12:12,810 DEBUG   main [org.springframework.core.env.StandardEnvironment] Initialized StandardEnvironment with PropertySources [systemProperties,systemEnvironment]
2016-02-04 08:12:12,815 INFO   main [org.springframework.context.support.ClassPathXmlApplicationContext] Refreshing org.springframework.context.support.ClassPathXmlApplicationContext@89ec211: startup date [Thu Feb 04 08:12:12 EST 2016]; root of context hierarchy
2016-02-04 08:12:12,852 DEBUG   main [org.springframework.core.env.StandardEnvironment] Adding [systemProperties] PropertySource with lowest search precedence
2016-02-04 08:12:12,853 DEBUG   main [org.springframework.core.env.StandardEnvironment] Adding [systemEnvironment] PropertySource with lowest search precedence
2016-02-04 08:12:12,853 DEBUG   main [org.springframework.core.env.StandardEnvironment] Initialized StandardEnvironment with PropertySources [systemProperties,systemEnvironment]
2016-02-04 08:12:12,865 INFO   main [org.springframework.beans.factory.xml.XmlBeanDefinitionReader] Loading XML bean definitions from class path resource [spring-ldap-example.xml]
2016-02-04 08:12:12,867 DEBUG   main [org.springframework.beans.factory.xml.DefaultDocumentLoader] Using JAXP provider [com.sun.org.apache.xerces.internal.jaxp.DocumentBuilderFactoryImpl]
2016-02-04 08:12:12,897 TRACE   main [org.springframework.beans.factory.xml.PluggableSchemaResolver] Trying to resolve XML entity with public id [null] and system id [http://www.springframework.org/schema/beans/spring-beans.xsd]
2016-02-04 08:12:12,897 DEBUG   main [org.springframework.beans.factory.xml.PluggableSchemaResolver] Loading schema mappings from [META-INF/spring.schemas]
2016-02-04 08:12:12,914 DEBUG   main [org.springframework.beans.factory.xml.PluggableSchemaResolver] Loaded schema mappings: {http://www.springframework.org/schema/tx/spring-tx-2.5.xsd=org/springframework/transaction/config/spring-tx-2.5.xsd, http://www.springframework.org/schema/cache/spring-cache-4.2.xsd=org/springframework/cache/config/spring-cache-4.2.xsd, http://www.springframework.org/schema/aop/spring-aop-4.1.xsd=org/springframework/aop/config/spring-aop-4.1.xsd, http://www.springframework.org/schema/context/spring-context-3.1.xsd=org/springframework/context/config/spring-context-3.1.xsd, http://www.springframework.org/schema/data/repository/spring-repository-1.4.xsd=org/springframework/data/repository/config/spring-repository-1.4.xsd, http://www.springframework.org/schema/util/spring-util-3.0.xsd=org/springframework/beans/factory/xml/spring-util-3.0.xsd, http://www.springframework.org/schema/tool/spring-tool.xsd=org/springframework/beans/factory/xml/spring-tool-4.2.xsd, http://www.springframework.org/schema/aop/spring-aop-3.2.xsd=org/springframework/aop/config/spring-aop-3.2.xsd, http://www.springframework.org/schema/lang/spring-lang-4.1.xsd=org/springframework/scripting/config/spring-lang-4.1.xsd, http://www.springframework.org/schema/context/spring-context-4.0.xsd=org/springframework/context/config/spring-context-4.0.xsd, http://www.springframework.org/schema/beans/spring-beans-4.2.xsd=org/springframework/beans/factory/xml/spring-beans-4.2.xsd, http://www.springframework.org/schema/tool/spring-tool-4.1.xsd=org/springframework/beans/factory/xml/spring-tool-4.1.xsd, http://www.springframework.org/schema/lang/spring-lang-3.2.xsd=org/springframework/scripting/config/spring-lang-3.2.xsd, http://www.springframework.org/schema/cache/spring-cache-3.2.xsd=org/springframework/cache/config/spring-cache-3.2.xsd, http://www.springframework.org/schema/jee/spring-jee-4.1.xsd=org/springframework/ejb/config/spring-jee-4.1.xsd, http://www.springframework.org/schema/task/spring-task-4.2.xsd=org/springframework/scheduling/config/spring-task-4.2.xsd, http://www.springframework.org/schema/util/spring-util-2.0.xsd=org/springframework/beans/factory/xml/spring-util-2.0.xsd, http://www.springframework.org/schema/tool/spring-tool-3.2.xsd=org/springframework/beans/factory/xml/spring-tool-3.2.xsd, http://www.springframework.org/schema/context/spring-context.xsd=org/springframework/context/config/spring-context-4.2.xsd, http://www.springframework.org/schema/tx/spring-tx-4.2.xsd=org/springframework/transaction/config/spring-tx-4.2.xsd, http://www.springframework.org/schema/cache/spring-cache-4.1.xsd=org/springframework/cache/config/spring-cache-4.1.xsd, http://www.springframework.org/schema/aop/spring-aop-4.0.xsd=org/springframework/aop/config/spring-aop-4.0.xsd, http://www.springframework.org/schema/jee/spring-jee-3.2.xsd=org/springframework/ejb/config/spring-jee-3.2.xsd, http://www.springframework.org/schema/context/spring-context-3.0.xsd=org/springframework/context/config/spring-context-3.0.xsd, http://www.springframework.org/schema/util/spring-util-2.5.xsd=org/springframework/beans/factory/xml/spring-util-2.5.xsd, http://www.springframework.org/schema/beans/spring-beans-3.2.xsd=org/springframework/beans/factory/xml/spring-beans-3.2.xsd, http://www.springframework.org/schema/aop/spring-aop-3.1.xsd=org/springframework/aop/config/spring-aop-3.1.xsd, http://www.springframework.org/schema/ldap/spring-ldap-2.0.xsd=org/springframework/ldap/config/spring-ldap-2.0.xsd, http://www.springframework.org/schema/lang/spring-lang-4.0.xsd=org/springframework/scripting/config/spring-lang-4.0.xsd, http://www.springframework.org/schema/beans/spring-beans-4.1.xsd=org/springframework/beans/factory/xml/spring-beans-4.1.xsd, http://www.springframework.org/schema/tool/spring-tool-4.0.xsd=org/springframework/beans/factory/xml/spring-tool-4.0.xsd, http://www.springframework.org/schema/tx/spring-tx-3.2.xsd=org/springframework/transaction/config/spring-tx-3.2.xsd, http://www.springframework.org/schema/lang/spring-lang-3.1.xsd=org/springframework/scripting/config/spring-lang-3.1.xsd, http://www.springframework.org/schema/cache/spring-cache-3.1.xsd=org/springframework/cache/config/spring-cache-3.1.xsd, http://www.springframework.org/schema/jee/spring-jee-4.0.xsd=org/springframework/ejb/config/spring-jee-4.0.xsd, http://www.springframework.org/schema/task/spring-task-4.1.xsd=org/springframework/scheduling/config/spring-task-4.1.xsd, http://www.springframework.org/schema/tool/spring-tool-3.1.xsd=org/springframework/beans/factory/xml/spring-tool-3.1.xsd, http://www.springframework.org/schema/tx/spring-tx-4.1.xsd=org/springframework/transaction/config/spring-tx-4.1.xsd, http://www.springframework.org/schema/cache/spring-cache-4.0.xsd=org/springframework/cache/config/spring-cache-4.0.xsd, http://www.springframework.org/schema/jee/spring-jee-3.1.xsd=org/springframework/ejb/config/spring-jee-3.1.xsd, http://www.springframework.org/schema/task/spring-task-3.2.xsd=org/springframework/scheduling/config/spring-task-3.2.xsd, http://www.springframework.org/schema/util/spring-util-4.2.xsd=org/springframework/beans/factory/xml/spring-util-4.2.xsd, http://www.springframework.org/schema/beans/spring-beans-3.1.xsd=org/springframework/beans/factory/xml/spring-beans-3.1.xsd, http://www.springframework.org/schema/util/spring-util.xsd=org/springframework/beans/factory/xml/spring-util-4.2.xsd, http://www.springframework.org/schema/aop/spring-aop-3.0.xsd=org/springframework/aop/config/spring-aop-3.0.xsd, http://www.springframework.org/schema/data/repository/spring-repository.xsd=org/springframework/data/repository/config/spring-repository-1.7.xsd, http://www.springframework.org/schema/data/repository/spring-repository-1.7.xsd=org/springframework/data/repository/config/spring-repository-1.7.xsd, http://www.springframework.org/schema/ldap/spring-ldap.xsd=org/springframework/ldap/config/spring-ldap-2.0.xsd, http://www.springframework.org/schema/beans/spring-beans-4.0.xsd=org/springframework/beans/factory/xml/spring-beans-4.0.xsd, http://www.springframework.org/schema/beans/spring-beans.xsd=org/springframework/beans/factory/xml/spring-beans-4.2.xsd, http://www.springframework.org/schema/tx/spring-tx-3.1.xsd=org/springframework/transaction/config/spring-tx-3.1.xsd, http://www.springframework.org/schema/lang/spring-lang-3.0.xsd=org/springframework/scripting/config/spring-lang-3.0.xsd, http://www.springframework.org/schema/context/spring-context-2.5.xsd=org/springframework/context/config/spring-context-2.5.xsd, http://www.springframework.org/schema/task/spring-task-4.0.xsd=org/springframework/scheduling/config/spring-task-4.0.xsd, http://www.springframework.org/schema/tool/spring-tool-3.0.xsd=org/springframework/beans/factory/xml/spring-tool-3.0.xsd, http://www.springframework.org/schema/tx/spring-tx-4.0.xsd=org/springframework/transaction/config/spring-tx-4.0.xsd, http://www.springframework.org/schema/aop/spring-aop-2.0.xsd=org/springframework/aop/config/spring-aop-2.0.xsd, http://www.springframework.org/schema/jee/spring-jee-3.0.xsd=org/springframework/ejb/config/spring-jee-3.0.xsd, http://www.springframework.org/schema/util/spring-util-4.1.xsd=org/springframework/beans/factory/xml/spring-util-4.1.xsd, http://www.springframework.org/schema/task/spring-task-3.1.xsd=org/springframework/scheduling/config/spring-task-3.1.xsd, http://www.springframework.org/schema/beans/spring-beans-3.0.xsd=org/springframework/beans/factory/xml/spring-beans-3.0.xsd, http://www.springframework.org/schema/jee/spring-jee.xsd=org/springframework/ejb/config/spring-jee-4.2.xsd, http://www.springframework.org/schema/aop/spring-aop-2.5.xsd=org/springframework/aop/config/spring-aop-2.5.xsd, http://www.springframework.org/schema/lang/spring-lang-2.0.xsd=org/springframework/scripting/config/spring-lang-2.0.xsd, http://www.springframework.org/schema/data/repository/spring-repository-1.6.xsd=org/springframework/data/repository/config/spring-repository-1.6.xsd, http://www.springframework.org/schema/util/spring-util-3.2.xsd=org/springframework/beans/factory/xml/spring-util-3.2.xsd, http://www.springframework.org/schema/task/spring-task.xsd=org/springframework/scheduling/config/spring-task-4.2.xsd, http://www.springframework.org/schema/tool/spring-tool-2.0.xsd=org/springframework/beans/factory/xml/spring-tool-2.0.xsd, http://www.springframework.org/schema/tx/spring-tx-3.0.xsd=org/springframework/transaction/config/spring-tx-3.0.xsd, http://www.springframework.org/schema/lang/spring-lang-2.5.xsd=org/springframework/scripting/config/spring-lang-2.5.xsd, http://www.springframework.org/schema/context/spring-context-4.2.xsd=org/springframework/context/config/spring-context-4.2.xsd, http://www.springframework.org/schema/jee/spring-jee-2.0.xsd=org/springframework/ejb/config/spring-jee-2.0.xsd, http://www.springframework.org/schema/tool/spring-tool-2.5.xsd=org/springframework/beans/factory/xml/spring-tool-2.5.xsd, http://www.springframework.org/schema/jee/spring-jee-2.5.xsd=org/springframework/ejb/config/spring-jee-2.5.xsd, http://www.springframework.org/schema/data/repository/spring-repository-1.0.xsd=org/springframework/data/repository/config/spring-repository-1.0.xsd, http://www.springframework.org/schema/util/spring-util-4.0.xsd=org/springframework/beans/factory/xml/spring-util-4.0.xsd, http://www.springframework.org/schema/task/spring-task-3.0.xsd=org/springframework/scheduling/config/spring-task-3.0.xsd, http://www.springframework.org/schema/aop/spring-aop-4.2.xsd=org/springframework/aop/config/spring-aop-4.2.xsd, http://www.springframework.org/schema/lang/spring-lang.xsd=org/springframework/scripting/config/spring-lang-4.2.xsd, http://www.springframework.org/schema/context/spring-context-3.2.xsd=org/springframework/context/config/spring-context-3.2.xsd, http://www.springframework.org/schema/data/repository/spring-repository-1.5.xsd=org/springframework/data/repository/config/spring-repository-1.5.xsd, http://www.springframework.org/schema/util/spring-util-3.1.xsd=org/springframework/beans/factory/xml/spring-util-3.1.xsd, http://www.springframework.org/schema/beans/spring-beans-2.0.xsd=org/springframework/beans/factory/xml/spring-beans-2.0.xsd, http://www.springframework.org/schema/cache/spring-cache.xsd=org/springframework/cache/config/spring-cache-4.2.xsd, http://www.springframework.org/schema/tx/spring-tx.xsd=org/springframework/transaction/config/spring-tx-4.2.xsd, http://www.springframework.org/schema/lang/spring-lang-4.2.xsd=org/springframework/scripting/config/spring-lang-4.2.xsd, http://www.springframework.org/schema/context/spring-context-4.1.xsd=org/springframework/context/config/spring-context-4.1.xsd, http://www.springframework.org/schema/beans/spring-beans-2.5.xsd=org/springframework/beans/factory/xml/spring-beans-2.5.xsd, http://www.springframework.org/schema/tool/spring-tool-4.2.xsd=org/springframework/beans/factory/xml/spring-tool-4.2.xsd, http://www.springframework.org/schema/tx/spring-tx-2.0.xsd=org/springframework/transaction/config/spring-tx-2.0.xsd, http://www.springframework.org/schema/jee/spring-jee-4.2.xsd=org/springframework/ejb/config/spring-jee-4.2.xsd, http://www.springframework.org/schema/aop/spring-aop.xsd=org/springframework/aop/config/spring-aop-4.2.xsd}
2016-02-04 08:12:12,921 DEBUG   main [org.springframework.beans.factory.xml.PluggableSchemaResolver] Found XML schema [http://www.springframework.org/schema/beans/spring-beans.xsd] in classpath: org/springframework/beans/factory/xml/spring-beans-4.2.xsd
2016-02-04 08:12:13,019 TRACE   main [org.springframework.beans.factory.xml.PluggableSchemaResolver] Trying to resolve XML entity with public id [null] and system id [http://www.springframework.org/schema/context/spring-context.xsd]
2016-02-04 08:12:13,021 DEBUG   main [org.springframework.beans.factory.xml.PluggableSchemaResolver] Found XML schema [http://www.springframework.org/schema/context/spring-context.xsd] in classpath: org/springframework/context/config/spring-context-4.2.xsd
2016-02-04 08:12:13,029 TRACE   main [org.springframework.beans.factory.xml.PluggableSchemaResolver] Trying to resolve XML entity with public id [null] and system id [http://www.springframework.org/schema/tool/spring-tool-4.2.xsd]
2016-02-04 08:12:13,030 DEBUG   main [org.springframework.beans.factory.xml.PluggableSchemaResolver] Found XML schema [http://www.springframework.org/schema/tool/spring-tool-4.2.xsd] in classpath: org/springframework/beans/factory/xml/spring-tool-4.2.xsd
2016-02-04 08:12:13,037 TRACE   main [org.springframework.beans.factory.xml.PluggableSchemaResolver] Trying to resolve XML entity with public id [null] and system id [http://www.springframework.org/schema/ldap/spring-ldap.xsd]
2016-02-04 08:12:13,038 DEBUG   main [org.springframework.beans.factory.xml.PluggableSchemaResolver] Found XML schema [http://www.springframework.org/schema/ldap/spring-ldap.xsd] in classpath: org/springframework/ldap/config/spring-ldap-2.0.xsd
2016-02-04 08:12:13,050 TRACE   main [org.springframework.beans.factory.xml.PluggableSchemaResolver] Trying to resolve XML entity with public id [null] and system id [http://www.springframework.org/schema/data/repository/spring-repository.xsd]
2016-02-04 08:12:13,051 DEBUG   main [org.springframework.beans.factory.xml.PluggableSchemaResolver] Found XML schema [http://www.springframework.org/schema/data/repository/spring-repository.xsd] in classpath: org/springframework/data/repository/config/spring-repository-1.7.xsd
2016-02-04 08:12:13,073 DEBUG   main [org.springframework.beans.factory.xml.DefaultBeanDefinitionDocumentReader] Loading bean definitions
2016-02-04 08:12:13,087 DEBUG   main [org.springframework.beans.factory.xml.DefaultNamespaceHandlerResolver] Loaded NamespaceHandler mappings: {http://www.springframework.org/schema/p=org.springframework.beans.factory.xml.SimplePropertyNamespaceHandler, http://www.springframework.org/schema/util=org.springframework.beans.factory.xml.UtilNamespaceHandler, http://www.springframework.org/schema/jee=org.springframework.ejb.config.JeeNamespaceHandler, http://www.springframework.org/schema/aop=org.springframework.aop.config.AopNamespaceHandler, http://www.springframework.org/schema/data/repository=org.springframework.data.repository.config.RepositoryNameSpaceHandler, http://www.springframework.org/schema/cache=org.springframework.cache.config.CacheNamespaceHandler, http://www.springframework.org/schema/c=org.springframework.beans.factory.xml.SimpleConstructorNamespaceHandler, http://www.springframework.org/schema/ldap=org.springframework.ldap.config.LdapNamespaceHandler, http://www.springframework.org/schema/tx=org.springframework.transaction.config.TxNamespaceHandler, http://www.springframework.org/schema/task=org.springframework.scheduling.config.TaskNamespaceHandler, http://www.springframework.org/schema/lang=org.springframework.scripting.config.LangNamespaceHandler, http://www.springframework.org/schema/context=org.springframework.context.config.ContextNamespaceHandler}
2016-02-04 08:12:13,104 DEBUG   main [org.springframework.core.env.StandardEnvironment] Adding [systemProperties] PropertySource with lowest search precedence
2016-02-04 08:12:13,104 DEBUG   main [org.springframework.core.env.StandardEnvironment] Adding [systemEnvironment] PropertySource with lowest search precedence
2016-02-04 08:12:13,105 DEBUG   main [org.springframework.core.env.StandardEnvironment] Initialized StandardEnvironment with PropertySources [systemProperties,systemEnvironment]
2016-02-04 08:12:13,117 DEBUG   main [org.springframework.core.io.support.PathMatchingResourcePatternResolver] Looking for matching resources in directory tree [C:\Eclipse\workspace\spring-ldap-example\bin\gov\fema\adminportal\ldap]
2016-02-04 08:12:13,117 DEBUG   main [org.springframework.core.io.support.PathMatchingResourcePatternResolver] Searching directory [C:\Eclipse\workspace\spring-ldap-example\bin\gov\fema\adminportal\ldap] for files matching pattern [C:/Eclipse/workspace/spring-ldap-example/bin/gov/fema/adminportal/ldap/**/*.class]
2016-02-04 08:12:13,119 DEBUG   main [org.springframework.core.io.support.PathMatchingResourcePatternResolver] Searching directory [C:\Eclipse\workspace\spring-ldap-example\bin\gov\fema\adminportal\ldap\app] for files matching pattern [C:/Eclipse/workspace/spring-ldap-example/bin/gov/fema/adminportal/ldap/**/*.class]
2016-02-04 08:12:13,119 DEBUG   main [org.springframework.core.io.support.PathMatchingResourcePatternResolver] Searching directory [C:\Eclipse\workspace\spring-ldap-example\bin\gov\fema\adminportal\ldap\model] for files matching pattern [C:/Eclipse/workspace/spring-ldap-example/bin/gov/fema/adminportal/ldap/**/*.class]
2016-02-04 08:12:13,120 DEBUG   main [org.springframework.core.io.support.PathMatchingResourcePatternResolver] Searching directory [C:\Eclipse\workspace\spring-ldap-example\bin\gov\fema\adminportal\ldap\repository] for files matching pattern [C:/Eclipse/workspace/spring-ldap-example/bin/gov/fema/adminportal/ldap/**/*.class]
2016-02-04 08:12:13,123 DEBUG   main [org.springframework.core.io.support.PathMatchingResourcePatternResolver] Resolved location pattern [classpath*:gov/fema/adminportal/ldap/**/*.class] to resources [file [C:\Eclipse\workspace\spring-ldap-example\bin\gov\fema\adminportal\ldap\app\LdapApp.class], file [C:\Eclipse\workspace\spring-ldap-example\bin\gov\fema\adminportal\ldap\model\User.class], file [C:\Eclipse\workspace\spring-ldap-example\bin\gov\fema\adminportal\ldap\repository\UserRepository.class], file [C:\Eclipse\workspace\spring-ldap-example\bin\gov\fema\adminportal\ldap\repository\UserRepositoryImpl$MultipleAttributesMapper.class], file [C:\Eclipse\workspace\spring-ldap-example\bin\gov\fema\adminportal\ldap\repository\UserRepositoryImpl$SingleAttributesMapper.class], file [C:\Eclipse\workspace\spring-ldap-example\bin\gov\fema\adminportal\ldap\repository\UserRepositoryImpl$UserAttributesMapper.class], file [C:\Eclipse\workspace\spring-ldap-example\bin\gov\fema\adminportal\ldap\repository\UserRepositoryImpl.class]]
2016-02-04 08:12:13,123 TRACE   main [org.springframework.context.annotation.ClassPathBeanDefinitionScanner] Scanning file [C:\Eclipse\workspace\spring-ldap-example\bin\gov\fema\adminportal\ldap\app\LdapApp.class]
2016-02-04 08:12:13,137 TRACE   main [org.springframework.context.annotation.ClassPathBeanDefinitionScanner] Ignored because not matching any filter: file [C:\Eclipse\workspace\spring-ldap-example\bin\gov\fema\adminportal\ldap\app\LdapApp.class]
2016-02-04 08:12:13,137 TRACE   main [org.springframework.context.annotation.ClassPathBeanDefinitionScanner] Scanning file [C:\Eclipse\workspace\spring-ldap-example\bin\gov\fema\adminportal\ldap\model\User.class]
2016-02-04 08:12:13,138 TRACE   main [org.springframework.context.annotation.ClassPathBeanDefinitionScanner] Ignored because not matching any filter: file [C:\Eclipse\workspace\spring-ldap-example\bin\gov\fema\adminportal\ldap\model\User.class]
2016-02-04 08:12:13,138 TRACE   main [org.springframework.context.annotation.ClassPathBeanDefinitionScanner] Scanning file [C:\Eclipse\workspace\spring-ldap-example\bin\gov\fema\adminportal\ldap\repository\UserRepository.class]
2016-02-04 08:12:13,138 TRACE   main [org.springframework.context.annotation.ClassPathBeanDefinitionScanner] Ignored because not matching any filter: file [C:\Eclipse\workspace\spring-ldap-example\bin\gov\fema\adminportal\ldap\repository\UserRepository.class]
2016-02-04 08:12:13,139 TRACE   main [org.springframework.context.annotation.ClassPathBeanDefinitionScanner] Scanning file [C:\Eclipse\workspace\spring-ldap-example\bin\gov\fema\adminportal\ldap\repository\UserRepositoryImpl$MultipleAttributesMapper.class]
2016-02-04 08:12:13,140 TRACE   main [org.springframework.context.annotation.ClassPathBeanDefinitionScanner] Ignored because not matching any filter: file [C:\Eclipse\workspace\spring-ldap-example\bin\gov\fema\adminportal\ldap\repository\UserRepositoryImpl$MultipleAttributesMapper.class]
2016-02-04 08:12:13,140 TRACE   main [org.springframework.context.annotation.ClassPathBeanDefinitionScanner] Scanning file [C:\Eclipse\workspace\spring-ldap-example\bin\gov\fema\adminportal\ldap\repository\UserRepositoryImpl$SingleAttributesMapper.class]
2016-02-04 08:12:13,140 TRACE   main [org.springframework.context.annotation.ClassPathBeanDefinitionScanner] Ignored because not matching any filter: file [C:\Eclipse\workspace\spring-ldap-example\bin\gov\fema\adminportal\ldap\repository\UserRepositoryImpl$SingleAttributesMapper.class]
2016-02-04 08:12:13,140 TRACE   main [org.springframework.context.annotation.ClassPathBeanDefinitionScanner] Scanning file [C:\Eclipse\workspace\spring-ldap-example\bin\gov\fema\adminportal\ldap\repository\UserRepositoryImpl$UserAttributesMapper.class]
2016-02-04 08:12:13,141 TRACE   main [org.springframework.context.annotation.ClassPathBeanDefinitionScanner] Ignored because not matching any filter: file [C:\Eclipse\workspace\spring-ldap-example\bin\gov\fema\adminportal\ldap\repository\UserRepositoryImpl$UserAttributesMapper.class]
2016-02-04 08:12:13,141 TRACE   main [org.springframework.context.annotation.ClassPathBeanDefinitionScanner] Scanning file [C:\Eclipse\workspace\spring-ldap-example\bin\gov\fema\adminportal\ldap\repository\UserRepositoryImpl.class]
2016-02-04 08:12:13,153 DEBUG   main [org.springframework.context.annotation.ClassPathBeanDefinitionScanner] Identified candidate component class: file [C:\Eclipse\workspace\spring-ldap-example\bin\gov\fema\adminportal\ldap\repository\UserRepositoryImpl.class]
2016-02-04 08:12:13,190 DEBUG   main [org.springframework.beans.factory.xml.XmlBeanDefinitionReader] Loaded 9 bean definitions from location pattern [spring-ldap-example.xml]
2016-02-04 08:12:13,190 DEBUG   main [org.springframework.context.support.ClassPathXmlApplicationContext] Bean factory for org.springframework.context.support.ClassPathXmlApplicationContext@89ec211: org.springframework.beans.factory.support.DefaultListableBeanFactory@56a45c4: defining beans [userRepositoryImpl,org.springframework.context.annotation.internalConfigurationAnnotationProcessor,org.springframework.context.annotation.internalAutowiredAnnotationProcessor,org.springframework.context.annotation.internalRequiredAnnotationProcessor,org.springframework.context.annotation.internalCommonAnnotationProcessor,simpleDirContextAuthenticationStrategy,userReposImpl,contextSource,ldapTemplate]; root of factory hierarchy
2016-02-04 08:12:13,215 DEBUG   main [org.springframework.beans.factory.support.DefaultListableBeanFactory] Creating shared instance of singleton bean 'org.springframework.context.annotation.internalConfigurationAnnotationProcessor'
2016-02-04 08:12:13,215 DEBUG   main [org.springframework.beans.factory.support.DefaultListableBeanFactory] Creating instance of bean 'org.springframework.context.annotation.internalConfigurationAnnotationProcessor'
2016-02-04 08:12:13,227 DEBUG   main [org.springframework.beans.factory.support.DefaultListableBeanFactory] Eagerly caching bean 'org.springframework.context.annotation.internalConfigurationAnnotationProcessor' to allow for resolving potential circular references
2016-02-04 08:12:13,229 DEBUG   main [org.springframework.beans.factory.support.DefaultListableBeanFactory] Finished creating instance of bean 'org.springframework.context.annotation.internalConfigurationAnnotationProcessor'
2016-02-04 08:12:13,264 DEBUG   main [org.springframework.beans.factory.support.DefaultListableBeanFactory] Creating shared instance of singleton bean 'org.springframework.context.annotation.internalAutowiredAnnotationProcessor'
2016-02-04 08:12:13,264 DEBUG   main [org.springframework.beans.factory.support.DefaultListableBeanFactory] Creating instance of bean 'org.springframework.context.annotation.internalAutowiredAnnotationProcessor'
2016-02-04 08:12:13,265 DEBUG   main [org.springframework.beans.factory.support.DefaultListableBeanFactory] Eagerly caching bean 'org.springframework.context.annotation.internalAutowiredAnnotationProcessor' to allow for resolving potential circular references
2016-02-04 08:12:13,265 DEBUG   main [org.springframework.beans.factory.support.DefaultListableBeanFactory] Finished creating instance of bean 'org.springframework.context.annotation.internalAutowiredAnnotationProcessor'
2016-02-04 08:12:13,265 DEBUG   main [org.springframework.beans.factory.support.DefaultListableBeanFactory] Creating shared instance of singleton bean 'org.springframework.context.annotation.internalRequiredAnnotationProcessor'
2016-02-04 08:12:13,265 DEBUG   main [org.springframework.beans.factory.support.DefaultListableBeanFactory] Creating instance of bean 'org.springframework.context.annotation.internalRequiredAnnotationProcessor'
2016-02-04 08:12:13,266 DEBUG   main [org.springframework.beans.factory.support.DefaultListableBeanFactory] Eagerly caching bean 'org.springframework.context.annotation.internalRequiredAnnotationProcessor' to allow for resolving potential circular references
2016-02-04 08:12:13,266 DEBUG   main [org.springframework.beans.factory.support.DefaultListableBeanFactory] Finished creating instance of bean 'org.springframework.context.annotation.internalRequiredAnnotationProcessor'
2016-02-04 08:12:13,266 DEBUG   main [org.springframework.beans.factory.support.DefaultListableBeanFactory] Creating shared instance of singleton bean 'org.springframework.context.annotation.internalCommonAnnotationProcessor'
2016-02-04 08:12:13,266 DEBUG   main [org.springframework.beans.factory.support.DefaultListableBeanFactory] Creating instance of bean 'org.springframework.context.annotation.internalCommonAnnotationProcessor'
2016-02-04 08:12:13,269 DEBUG   main [org.springframework.beans.factory.support.DefaultListableBeanFactory] Eagerly caching bean 'org.springframework.context.annotation.internalCommonAnnotationProcessor' to allow for resolving potential circular references
2016-02-04 08:12:13,269 DEBUG   main [org.springframework.beans.factory.support.DefaultListableBeanFactory] Finished creating instance of bean 'org.springframework.context.annotation.internalCommonAnnotationProcessor'
2016-02-04 08:12:13,270 DEBUG   main [org.springframework.beans.factory.support.DefaultListableBeanFactory] Creating shared instance of singleton bean 'org.springframework.context.annotation.ConfigurationClassPostProcessor.importAwareProcessor'
2016-02-04 08:12:13,270 DEBUG   main [org.springframework.beans.factory.support.DefaultListableBeanFactory] Creating instance of bean 'org.springframework.context.annotation.ConfigurationClassPostProcessor.importAwareProcessor'
2016-02-04 08:12:13,270 DEBUG   main [org.springframework.beans.factory.support.DefaultListableBeanFactory] Eagerly caching bean 'org.springframework.context.annotation.ConfigurationClassPostProcessor.importAwareProcessor' to allow for resolving potential circular references
2016-02-04 08:12:13,270 DEBUG   main [org.springframework.beans.factory.support.DefaultListableBeanFactory] Finished creating instance of bean 'org.springframework.context.annotation.ConfigurationClassPostProcessor.importAwareProcessor'
2016-02-04 08:12:13,270 DEBUG   main [org.springframework.beans.factory.support.DefaultListableBeanFactory] Creating shared instance of singleton bean 'org.springframework.context.annotation.ConfigurationClassPostProcessor.enhancedConfigurationProcessor'
2016-02-04 08:12:13,270 DEBUG   main [org.springframework.beans.factory.support.DefaultListableBeanFactory] Creating instance of bean 'org.springframework.context.annotation.ConfigurationClassPostProcessor.enhancedConfigurationProcessor'
2016-02-04 08:12:13,270 DEBUG   main [org.springframework.beans.factory.support.DefaultListableBeanFactory] Eagerly caching bean 'org.springframework.context.annotation.ConfigurationClassPostProcessor.enhancedConfigurationProcessor' to allow for resolving potential circular references
2016-02-04 08:12:13,270 DEBUG   main [org.springframework.beans.factory.support.DefaultListableBeanFactory] Finished creating instance of bean 'org.springframework.context.annotation.ConfigurationClassPostProcessor.enhancedConfigurationProcessor'
2016-02-04 08:12:13,273 DEBUG   main [org.springframework.context.support.ClassPathXmlApplicationContext] Unable to locate MessageSource with name 'messageSource': using default [org.springframework.context.support.DelegatingMessageSource@190bf402]
2016-02-04 08:12:13,274 DEBUG   main [org.springframework.context.support.ClassPathXmlApplicationContext] Unable to locate ApplicationEventMulticaster with name 'applicationEventMulticaster': using default [org.springframework.context.event.SimpleApplicationEventMulticaster@1b2090ab]
2016-02-04 08:12:13,275 DEBUG   main [org.springframework.beans.factory.support.DefaultListableBeanFactory] Pre-instantiating singletons in org.springframework.beans.factory.support.DefaultListableBeanFactory@56a45c4: defining beans [userRepositoryImpl,org.springframework.context.annotation.internalConfigurationAnnotationProcessor,org.springframework.context.annotation.internalAutowiredAnnotationProcessor,org.springframework.context.annotation.internalRequiredAnnotationProcessor,org.springframework.context.annotation.internalCommonAnnotationProcessor,simpleDirContextAuthenticationStrategy,userReposImpl,contextSource,ldapTemplate,org.springframework.context.annotation.ConfigurationClassPostProcessor.importAwareProcessor,org.springframework.context.annotation.ConfigurationClassPostProcessor.enhancedConfigurationProcessor]; root of factory hierarchy
2016-02-04 08:12:13,275 DEBUG   main [org.springframework.beans.factory.support.DefaultListableBeanFactory] Creating shared instance of singleton bean 'userRepositoryImpl'
2016-02-04 08:12:13,275 DEBUG   main [org.springframework.beans.factory.support.DefaultListableBeanFactory] Creating instance of bean 'userRepositoryImpl'
2016-02-04 08:12:13,291 DEBUG   main [org.springframework.beans.factory.annotation.InjectionMetadata] Registered injected element on class [gov.fema.adminportal.ldap.repository.UserRepositoryImpl]: AutowiredFieldElement for private org.springframework.ldap.core.LdapTemplate gov.fema.adminportal.ldap.repository.UserRepositoryImpl.ldapTemplate
2016-02-04 08:12:13,291 DEBUG   main [org.springframework.beans.factory.support.DefaultListableBeanFactory] Eagerly caching bean 'userRepositoryImpl' to allow for resolving potential circular references
2016-02-04 08:12:13,295 TRACE   main [org.springframework.core.io.support.SpringFactoriesLoader] Loaded [org.springframework.beans.BeanInfoFactory] names: [org.springframework.beans.ExtendedBeanInfoFactory]
2016-02-04 08:12:13,296 TRACE   main [org.springframework.beans.CachedIntrospectionResults] Getting BeanInfo for class [gov.fema.adminportal.ldap.repository.UserRepositoryImpl]
2016-02-04 08:12:13,299 TRACE   main [org.springframework.beans.CachedIntrospectionResults] Caching PropertyDescriptors for class [gov.fema.adminportal.ldap.repository.UserRepositoryImpl]
2016-02-04 08:12:13,300 TRACE   main [org.springframework.beans.CachedIntrospectionResults] Found bean property 'allUserNames' of type [java.util.List]
2016-02-04 08:12:13,302 TRACE   main [org.springframework.beans.CachedIntrospectionResults] Found bean property 'allUsers' of type [java.util.List]
2016-02-04 08:12:13,302 TRACE   main [org.springframework.beans.CachedIntrospectionResults] Found bean property 'class' of type [java.lang.Class]
2016-02-04 08:12:13,305 DEBUG   main [org.springframework.beans.factory.annotation.InjectionMetadata] Processing injected element of bean 'userRepositoryImpl': AutowiredFieldElement for private org.springframework.ldap.core.LdapTemplate gov.fema.adminportal.ldap.repository.UserRepositoryImpl.ldapTemplate
2016-02-04 08:12:13,311 DEBUG   main [org.springframework.beans.factory.support.DefaultListableBeanFactory] Creating shared instance of singleton bean 'ldapTemplate'
2016-02-04 08:12:13,312 DEBUG   main [org.springframework.beans.factory.support.DefaultListableBeanFactory] Creating instance of bean 'ldapTemplate'
2016-02-04 08:12:13,326 DEBUG   main [org.springframework.beans.factory.support.DefaultListableBeanFactory] Eagerly caching bean 'ldapTemplate' to allow for resolving potential circular references
2016-02-04 08:12:13,326 TRACE   main [org.springframework.beans.CachedIntrospectionResults] Getting BeanInfo for class [org.springframework.ldap.core.LdapTemplate]
2016-02-04 08:12:13,337 TRACE   main [org.springframework.beans.CachedIntrospectionResults] Caching PropertyDescriptors for class [org.springframework.ldap.core.LdapTemplate]
2016-02-04 08:12:13,337 TRACE   main [org.springframework.beans.CachedIntrospectionResults] Found bean property 'class' of type [java.lang.Class]
2016-02-04 08:12:13,338 TRACE   main [org.springframework.beans.CachedIntrospectionResults] Found bean property 'contextSource' of type [org.springframework.ldap.core.ContextSource]
2016-02-04 08:12:13,338 TRACE   main [org.springframework.beans.CachedIntrospectionResults] Found bean property 'defaultCountLimit' of type [int]
2016-02-04 08:12:13,338 TRACE   main [org.springframework.beans.CachedIntrospectionResults] Found bean property 'defaultSearchScope' of type [int]
2016-02-04 08:12:13,338 TRACE   main [org.springframework.beans.CachedIntrospectionResults] Found bean property 'defaultTimeLimit' of type [int]
2016-02-04 08:12:13,338 TRACE   main [org.springframework.beans.CachedIntrospectionResults] Found bean property 'ignoreNameNotFoundException' of type [boolean]
2016-02-04 08:12:13,338 TRACE   main [org.springframework.beans.CachedIntrospectionResults] Found bean property 'ignorePartialResultException' of type [boolean]
2016-02-04 08:12:13,339 TRACE   main [org.springframework.beans.CachedIntrospectionResults] Found bean property 'ignoreSizeLimitExceededException' of type [boolean]
2016-02-04 08:12:13,339 TRACE   main [org.springframework.beans.CachedIntrospectionResults] Found bean property 'objectDirectoryMapper' of type [org.springframework.ldap.odm.core.ObjectDirectoryMapper]
2016-02-04 08:12:13,341 DEBUG   main [org.springframework.beans.factory.support.DefaultListableBeanFactory] Creating shared instance of singleton bean 'contextSource'
2016-02-04 08:12:13,341 DEBUG   main [org.springframework.beans.factory.support.DefaultListableBeanFactory] Creating instance of bean 'contextSource'
2016-02-04 08:12:13,345 DEBUG   main [org.springframework.beans.factory.support.DefaultListableBeanFactory] Creating instance of bean '(inner bean)#1f5ffded'
2016-02-04 08:12:13,358 TRACE   main [org.springframework.beans.CachedIntrospectionResults] Getting BeanInfo for class [org.springframework.ldap.core.support.LdapContextSource]
2016-02-04 08:12:13,362 TRACE   main [org.springframework.beans.CachedIntrospectionResults] Caching PropertyDescriptors for class [org.springframework.ldap.core.support.LdapContextSource]
2016-02-04 08:12:13,362 TRACE   main [org.springframework.beans.CachedIntrospectionResults] Found bean property 'anonymousReadOnly' of type [boolean]
2016-02-04 08:12:13,362 TRACE   main [org.springframework.beans.CachedIntrospectionResults] Found bean property 'authenticationSource' of type [org.springframework.ldap.core.AuthenticationSource]
2016-02-04 08:12:13,362 TRACE   main [org.springframework.beans.CachedIntrospectionResults] Found bean property 'authenticationStrategy' of type [org.springframework.ldap.core.support.DirContextAuthenticationStrategy]
2016-02-04 08:12:13,362 TRACE   main [org.springframework.beans.CachedIntrospectionResults] Found bean property 'base' of type [java.lang.String]
2016-02-04 08:12:13,362 TRACE   main [org.springframework.beans.CachedIntrospectionResults] Found bean property 'baseEnvironmentProperties' of type [java.util.Map]
2016-02-04 08:12:13,363 TRACE   main [org.springframework.beans.CachedIntrospectionResults] Found bean property 'baseLdapName' of type [javax.naming.ldap.LdapName]
2016-02-04 08:12:13,363 TRACE   main [org.springframework.beans.CachedIntrospectionResults] Found bean property 'baseLdapPath' of type [org.springframework.ldap.core.DistinguishedName]
2016-02-04 08:12:13,363 TRACE   main [org.springframework.beans.CachedIntrospectionResults] Found bean property 'baseLdapPathAsString' of type [java.lang.String]
2016-02-04 08:12:13,363 TRACE   main [org.springframework.beans.CachedIntrospectionResults] Found bean property 'cacheEnvironmentProperties' of type [boolean]
2016-02-04 08:12:13,363 TRACE   main [org.springframework.beans.CachedIntrospectionResults] Found bean property 'class' of type [java.lang.Class]
2016-02-04 08:12:13,363 TRACE   main [org.springframework.beans.CachedIntrospectionResults] Found bean property 'contextFactory' of type [java.lang.Class]
2016-02-04 08:12:13,363 TRACE   main [org.springframework.beans.CachedIntrospectionResults] Found bean property 'dirObjectFactory' of type [java.lang.Class]
2016-02-04 08:12:13,363 TRACE   main [org.springframework.beans.CachedIntrospectionResults] Found bean property 'password' of type [java.lang.String]
2016-02-04 08:12:13,363 TRACE   main [org.springframework.beans.CachedIntrospectionResults] Found bean property 'pooled' of type [boolean]
2016-02-04 08:12:13,363 TRACE   main [org.springframework.beans.CachedIntrospectionResults] Found bean property 'readOnlyContext' of type [javax.naming.directory.DirContext]
2016-02-04 08:12:13,363 TRACE   main [org.springframework.beans.CachedIntrospectionResults] Found bean property 'readWriteContext' of type [javax.naming.directory.DirContext]
2016-02-04 08:12:13,364 TRACE   main [org.springframework.beans.CachedIntrospectionResults] Found bean property 'referral' of type [java.lang.String]
2016-02-04 08:12:13,364 TRACE   main [org.springframework.beans.CachedIntrospectionResults] Found bean property 'url' of type [java.lang.String]
2016-02-04 08:12:13,364 TRACE   main [org.springframework.beans.CachedIntrospectionResults] Found bean property 'urls' of type [[Ljava.lang.String;]
2016-02-04 08:12:13,364 TRACE   main [org.springframework.beans.CachedIntrospectionResults] Found bean property 'userDn' of type [java.lang.String]
2016-02-04 08:12:13,367 DEBUG   main [org.springframework.beans.factory.support.DefaultListableBeanFactory] Creating instance of bean '(inner bean)#6c7733eb'
2016-02-04 08:12:13,371 TRACE   main [org.springframework.beans.CachedIntrospectionResults] Getting BeanInfo for class [[Ljava.lang.String;]
2016-02-04 08:12:13,371 TRACE   main [org.springframework.beans.CachedIntrospectionResults] Caching PropertyDescriptors for class [[Ljava.lang.String;]
2016-02-04 08:12:13,371 TRACE   main [org.springframework.beans.CachedIntrospectionResults] Found bean property 'class' of type [java.lang.Class]
2016-02-04 08:12:13,372 DEBUG   main [org.springframework.beans.factory.support.DefaultListableBeanFactory] Finished creating instance of bean '(inner bean)#6c7733eb'
2016-02-04 08:12:13,372 DEBUG   main [org.springframework.beans.factory.support.DefaultListableBeanFactory] Creating shared instance of singleton bean 'simpleDirContextAuthenticationStrategy'
2016-02-04 08:12:13,372 DEBUG   main [org.springframework.beans.factory.support.DefaultListableBeanFactory] Creating instance of bean 'simpleDirContextAuthenticationStrategy'
2016-02-04 08:12:13,373 DEBUG   main [org.springframework.beans.factory.support.DefaultListableBeanFactory] Eagerly caching bean 'simpleDirContextAuthenticationStrategy' to allow for resolving potential circular references
2016-02-04 08:12:13,373 TRACE   main [org.springframework.beans.CachedIntrospectionResults] Getting BeanInfo for class [org.springframework.ldap.core.support.SimpleDirContextAuthenticationStrategy]
2016-02-04 08:12:13,374 TRACE   main [org.springframework.beans.CachedIntrospectionResults] Caching PropertyDescriptors for class [org.springframework.ldap.core.support.SimpleDirContextAuthenticationStrategy]
2016-02-04 08:12:13,374 TRACE   main [org.springframework.beans.CachedIntrospectionResults] Found bean property 'class' of type [java.lang.Class]
2016-02-04 08:12:13,374 DEBUG   main [org.springframework.beans.factory.support.DefaultListableBeanFactory] Finished creating instance of bean 'simpleDirContextAuthenticationStrategy'
2016-02-04 08:12:13,376 DEBUG   main [org.springframework.beans.factory.support.DefaultListableBeanFactory] Retrieved dependent beans for bean '(inner bean)#1f5ffded': [contextSource]
2016-02-04 08:12:13,377 DEBUG   main [org.springframework.beans.factory.support.DefaultListableBeanFactory] Retrieved dependent beans for bean '(inner bean)#6c7733eb': [(inner bean)#1f5ffded]
2016-02-04 08:12:13,377 WARN   main [org.springframework.context.support.ClassPathXmlApplicationContext] Exception encountered during context initialization - cancelling refresh attempt
org.springframework.beans.factory.BeanCreationException: Error creating bean with name 'userRepositoryImpl': Injection of autowired dependencies failed; nested exception is org.springframework.beans.factory.BeanCreationException: Could not autowire field: private org.springframework.ldap.core.LdapTemplate gov.fema.adminportal.ldap.repository.UserRepositoryImpl.ldapTemplate; nested exception is org.springframework.beans.factory.BeanCreationException: Error creating bean with name 'ldapTemplate': Cannot resolve reference to bean 'contextSource' while setting bean property 'contextSource'; nested exception is org.springframework.beans.factory.BeanCreationException: Error creating bean with name 'contextSource': Cannot create inner bean '(inner bean)#1f5ffded' of type [org.springframework.ldap.core.support.LdapContextSource] while setting constructor argument; nested exception is org.springframework.beans.factory.BeanCreationException: Error creating bean with name '(inner bean)#1f5ffded': Error setting property values; nested exception is org.springframework.beans.PropertyBatchUpdateException; nested PropertyAccessExceptions (1) are:
PropertyAccessException 1: org.springframework.beans.MethodInvocationException: Property 'base' threw exception; nested exception is org.springframework.ldap.InvalidNameException: Invalid name: ou=system, ou-BusinessObjectsDisaster; nested exception is javax.naming.InvalidNameException: Invalid name: ou=system, ou-BusinessObjectsDisaster
	at org.springframework.beans.factory.annotation.AutowiredAnnotationBeanPostProcessor.postProcessPropertyValues(AutowiredAnnotationBeanPostProcessor.java:334)
	at org.springframework.beans.factory.support.AbstractAutowireCapableBeanFactory.populateBean(AbstractAutowireCapableBeanFactory.java:1214)
	at org.springframework.beans.factory.support.AbstractAutowireCapableBeanFactory.doCreateBean(AbstractAutowireCapableBeanFactory.java:543)
	at org.springframework.beans.factory.support.AbstractAutowireCapableBeanFactory.createBean(AbstractAutowireCapableBeanFactory.java:482)
	at org.springframework.beans.factory.support.AbstractBeanFactory$1.getObject(AbstractBeanFactory.java:306)
	at org.springframework.beans.factory.support.DefaultSingletonBeanRegistry.getSingleton(DefaultSingletonBeanRegistry.java:230)
	at org.springframework.beans.factory.support.AbstractBeanFactory.doGetBean(AbstractBeanFactory.java:302)
	at org.springframework.beans.factory.support.AbstractBeanFactory.getBean(AbstractBeanFactory.java:197)
	at org.springframework.beans.factory.support.DefaultListableBeanFactory.preInstantiateSingletons(DefaultListableBeanFactory.java:772)
	at org.springframework.context.support.AbstractApplicationContext.finishBeanFactoryInitialization(AbstractApplicationContext.java:757)
	at org.springframework.context.support.AbstractApplicationContext.refresh(AbstractApplicationContext.java:480)
	at org.springframework.context.support.ClassPathXmlApplicationContext.<init>(ClassPathXmlApplicationContext.java:139)
	at org.springframework.context.support.ClassPathXmlApplicationContext.<init>(ClassPathXmlApplicationContext.java:83)
	at gov.fema.adminportal.ldap.app.LdapApp.main(LdapApp.java:26)
Caused by: org.springframework.beans.factory.BeanCreationException: Could not autowire field: private org.springframework.ldap.core.LdapTemplate gov.fema.adminportal.ldap.repository.UserRepositoryImpl.ldapTemplate; nested exception is org.springframework.beans.factory.BeanCreationException: Error creating bean with name 'ldapTemplate': Cannot resolve reference to bean 'contextSource' while setting bean property 'contextSource'; nested exception is org.springframework.beans.factory.BeanCreationException: Error creating bean with name 'contextSource': Cannot create inner bean '(inner bean)#1f5ffded' of type [org.springframework.ldap.core.support.LdapContextSource] while setting constructor argument; nested exception is org.springframework.beans.factory.BeanCreationException: Error creating bean with name '(inner bean)#1f5ffded': Error setting property values; nested exception is org.springframework.beans.PropertyBatchUpdateException; nested PropertyAccessExceptions (1) are:
PropertyAccessException 1: org.springframework.beans.MethodInvocationException: Property 'base' threw exception; nested exception is org.springframework.ldap.InvalidNameException: Invalid name: ou=system, ou-BusinessObjectsDisaster; nested exception is javax.naming.InvalidNameException: Invalid name: ou=system, ou-BusinessObjectsDisaster
	at org.springframework.beans.factory.annotation.AutowiredAnnotationBeanPostProcessor$AutowiredFieldElement.inject(AutowiredAnnotationBeanPostProcessor.java:573)
	at org.springframework.beans.factory.annotation.InjectionMetadata.inject(InjectionMetadata.java:88)
	at org.springframework.beans.factory.annotation.AutowiredAnnotationBeanPostProcessor.postProcessPropertyValues(AutowiredAnnotationBeanPostProcessor.java:331)
	... 13 more
Caused by: org.springframework.beans.factory.BeanCreationException: Error creating bean with name 'ldapTemplate': Cannot resolve reference to bean 'contextSource' while setting bean property 'contextSource'; nested exception is org.springframework.beans.factory.BeanCreationException: Error creating bean with name 'contextSource': Cannot create inner bean '(inner bean)#1f5ffded' of type [org.springframework.ldap.core.support.LdapContextSource] while setting constructor argument; nested exception is org.springframework.beans.factory.BeanCreationException: Error creating bean with name '(inner bean)#1f5ffded': Error setting property values; nested exception is org.springframework.beans.PropertyBatchUpdateException; nested PropertyAccessExceptions (1) are:
PropertyAccessException 1: org.springframework.beans.MethodInvocationException: Property 'base' threw exception; nested exception is org.springframework.ldap.InvalidNameException: Invalid name: ou=system, ou-BusinessObjectsDisaster; nested exception is javax.naming.InvalidNameException: Invalid name: ou=system, ou-BusinessObjectsDisaster
	at org.springframework.beans.factory.support.BeanDefinitionValueResolver.resolveReference(BeanDefinitionValueResolver.java:359)
	at org.springframework.beans.factory.support.BeanDefinitionValueResolver.resolveValueIfNecessary(BeanDefinitionValueResolver.java:108)
	at org.springframework.beans.factory.support.AbstractAutowireCapableBeanFactory.applyPropertyValues(AbstractAutowireCapableBeanFactory.java:1481)
	at org.springframework.beans.factory.support.AbstractAutowireCapableBeanFactory.populateBean(AbstractAutowireCapableBeanFactory.java:1226)
	at org.springframework.beans.factory.support.AbstractAutowireCapableBeanFactory.doCreateBean(AbstractAutowireCapableBeanFactory.java:543)
	at org.springframework.beans.factory.support.AbstractAutowireCapableBeanFactory.createBean(AbstractAutowireCapableBeanFactory.java:482)
	at org.springframework.beans.factory.support.AbstractBeanFactory$1.getObject(AbstractBeanFactory.java:306)
	at org.springframework.beans.factory.support.DefaultSingletonBeanRegistry.getSingleton(DefaultSingletonBeanRegistry.java:230)
	at org.springframework.beans.factory.support.AbstractBeanFactory.doGetBean(AbstractBeanFactory.java:302)
	at org.springframework.beans.factory.support.AbstractBeanFactory.getBean(AbstractBeanFactory.java:197)
	at org.springframework.beans.factory.support.DefaultListableBeanFactory.findAutowireCandidates(DefaultListableBeanFactory.java:1192)
	at org.springframework.beans.factory.support.DefaultListableBeanFactory.doResolveDependency(DefaultListableBeanFactory.java:1116)
	at org.springframework.beans.factory.support.DefaultListableBeanFactory.resolveDependency(DefaultListableBeanFactory.java:1014)
	at org.springframework.beans.factory.annotation.AutowiredAnnotationBeanPostProcessor$AutowiredFieldElement.inject(AutowiredAnnotationBeanPostProcessor.java:545)
	... 15 more
Caused by: org.springframework.beans.factory.BeanCreationException: Error creating bean with name 'contextSource': Cannot create inner bean '(inner bean)#1f5ffded' of type [org.springframework.ldap.core.support.LdapContextSource] while setting constructor argument; nested exception is org.springframework.beans.factory.BeanCreationException: Error creating bean with name '(inner bean)#1f5ffded': Error setting property values; nested exception is org.springframework.beans.PropertyBatchUpdateException; nested PropertyAccessExceptions (1) are:
PropertyAccessException 1: org.springframework.beans.MethodInvocationException: Property 'base' threw exception; nested exception is org.springframework.ldap.InvalidNameException: Invalid name: ou=system, ou-BusinessObjectsDisaster; nested exception is javax.naming.InvalidNameException: Invalid name: ou=system, ou-BusinessObjectsDisaster
	at org.springframework.beans.factory.support.BeanDefinitionValueResolver.resolveInnerBean(BeanDefinitionValueResolver.java:313)
	at org.springframework.beans.factory.support.BeanDefinitionValueResolver.resolveValueIfNecessary(BeanDefinitionValueResolver.java:129)
	at org.springframework.beans.factory.support.ConstructorResolver.resolveConstructorArguments(ConstructorResolver.java:634)
	at org.springframework.beans.factory.support.ConstructorResolver.autowireConstructor(ConstructorResolver.java:140)
	at org.springframework.beans.factory.support.AbstractAutowireCapableBeanFactory.autowireConstructor(AbstractAutowireCapableBeanFactory.java:1143)
	at org.springframework.beans.factory.support.AbstractAutowireCapableBeanFactory.createBeanInstance(AbstractAutowireCapableBeanFactory.java:1046)
	at org.springframework.beans.factory.support.AbstractAutowireCapableBeanFactory.doCreateBean(AbstractAutowireCapableBeanFactory.java:510)
	at org.springframework.beans.factory.support.AbstractAutowireCapableBeanFactory.createBean(AbstractAutowireCapableBeanFactory.java:482)
	at org.springframework.beans.factory.support.AbstractBeanFactory$1.getObject(AbstractBeanFactory.java:306)
	at org.springframework.beans.factory.support.DefaultSingletonBeanRegistry.getSingleton(DefaultSingletonBeanRegistry.java:230)
	at org.springframework.beans.factory.support.AbstractBeanFactory.doGetBean(AbstractBeanFactory.java:302)
	at org.springframework.beans.factory.support.AbstractBeanFactory.getBean(AbstractBeanFactory.java:197)
	at org.springframework.beans.factory.support.BeanDefinitionValueResolver.resolveReference(BeanDefinitionValueResolver.java:351)
	... 28 more
Caused by: org.springframework.beans.factory.BeanCreationException: Error creating bean with name '(inner bean)#1f5ffded': Error setting property values; nested exception is org.springframework.beans.PropertyBatchUpdateException; nested PropertyAccessExceptions (1) are:
PropertyAccessException 1: org.springframework.beans.MethodInvocationException: Property 'base' threw exception; nested exception is org.springframework.ldap.InvalidNameException: Invalid name: ou=system, ou-BusinessObjectsDisaster; nested exception is javax.naming.InvalidNameException: Invalid name: ou=system, ou-BusinessObjectsDisaster
	at org.springframework.beans.factory.support.AbstractAutowireCapableBeanFactory.applyPropertyValues(AbstractAutowireCapableBeanFactory.java:1518)
	at org.springframework.beans.factory.support.AbstractAutowireCapableBeanFactory.populateBean(AbstractAutowireCapableBeanFactory.java:1226)
	at org.springframework.beans.factory.support.AbstractAutowireCapableBeanFactory.doCreateBean(AbstractAutowireCapableBeanFactory.java:543)
	at org.springframework.beans.factory.support.AbstractAutowireCapableBeanFactory.createBean(AbstractAutowireCapableBeanFactory.java:482)
	at org.springframework.beans.factory.support.BeanDefinitionValueResolver.resolveInnerBean(BeanDefinitionValueResolver.java:299)
	... 40 more
Caused by: org.springframework.beans.PropertyBatchUpdateException; nested PropertyAccessExceptions (1) are:
PropertyAccessException 1: org.springframework.beans.MethodInvocationException: Property 'base' threw exception; nested exception is org.springframework.ldap.InvalidNameException: Invalid name: ou=system, ou-BusinessObjectsDisaster; nested exception is javax.naming.InvalidNameException: Invalid name: ou=system, ou-BusinessObjectsDisaster
	at org.springframework.beans.AbstractPropertyAccessor.setPropertyValues(AbstractPropertyAccessor.java:121)
	at org.springframework.beans.AbstractPropertyAccessor.setPropertyValues(AbstractPropertyAccessor.java:75)
	at org.springframework.beans.factory.support.AbstractAutowireCapableBeanFactory.applyPropertyValues(AbstractAutowireCapableBeanFactory.java:1514)
	... 44 more
2016-02-04 08:12:13,380 DEBUG   main [org.springframework.beans.factory.support.DefaultListableBeanFactory] Destroying singletons in org.springframework.beans.factory.support.DefaultListableBeanFactory@56a45c4: defining beans [userRepositoryImpl,org.springframework.context.annotation.internalConfigurationAnnotationProcessor,org.springframework.context.annotation.internalAutowiredAnnotationProcessor,org.springframework.context.annotation.internalRequiredAnnotationProcessor,org.springframework.context.annotation.internalCommonAnnotationProcessor,simpleDirContextAuthenticationStrategy,userReposImpl,contextSource,ldapTemplate,org.springframework.context.annotation.ConfigurationClassPostProcessor.importAwareProcessor,org.springframework.context.annotation.ConfigurationClassPostProcessor.enhancedConfigurationProcessor]; root of factory hierarchy
2016-02-04 08:13:09,992 DEBUG   main [org.springframework.core.env.StandardEnvironment] Adding [systemProperties] PropertySource with lowest search precedence
2016-02-04 08:13:09,996 DEBUG   main [org.springframework.core.env.StandardEnvironment] Adding [systemEnvironment] PropertySource with lowest search precedence
2016-02-04 08:13:09,996 DEBUG   main [org.springframework.core.env.StandardEnvironment] Initialized StandardEnvironment with PropertySources [systemProperties,systemEnvironment]
2016-02-04 08:13:10,000 INFO   main [org.springframework.context.support.ClassPathXmlApplicationContext] Refreshing org.springframework.context.support.ClassPathXmlApplicationContext@450faed3: startup date [Thu Feb 04 08:13:09 EST 2016]; root of context hierarchy
2016-02-04 08:13:10,031 DEBUG   main [org.springframework.core.env.StandardEnvironment] Adding [systemProperties] PropertySource with lowest search precedence
2016-02-04 08:13:10,032 DEBUG   main [org.springframework.core.env.StandardEnvironment] Adding [systemEnvironment] PropertySource with lowest search precedence
2016-02-04 08:13:10,032 DEBUG   main [org.springframework.core.env.StandardEnvironment] Initialized StandardEnvironment with PropertySources [systemProperties,systemEnvironment]
2016-02-04 08:13:10,043 INFO   main [org.springframework.beans.factory.xml.XmlBeanDefinitionReader] Loading XML bean definitions from class path resource [spring-ldap-example.xml]
2016-02-04 08:13:10,046 DEBUG   main [org.springframework.beans.factory.xml.DefaultDocumentLoader] Using JAXP provider [com.sun.org.apache.xerces.internal.jaxp.DocumentBuilderFactoryImpl]
2016-02-04 08:13:10,066 TRACE   main [org.springframework.beans.factory.xml.PluggableSchemaResolver] Trying to resolve XML entity with public id [null] and system id [http://www.springframework.org/schema/beans/spring-beans.xsd]
2016-02-04 08:13:10,066 DEBUG   main [org.springframework.beans.factory.xml.PluggableSchemaResolver] Loading schema mappings from [META-INF/spring.schemas]
2016-02-04 08:13:10,073 DEBUG   main [org.springframework.beans.factory.xml.PluggableSchemaResolver] Loaded schema mappings: {http://www.springframework.org/schema/tx/spring-tx-2.5.xsd=org/springframework/transaction/config/spring-tx-2.5.xsd, http://www.springframework.org/schema/cache/spring-cache-4.2.xsd=org/springframework/cache/config/spring-cache-4.2.xsd, http://www.springframework.org/schema/aop/spring-aop-4.1.xsd=org/springframework/aop/config/spring-aop-4.1.xsd, http://www.springframework.org/schema/context/spring-context-3.1.xsd=org/springframework/context/config/spring-context-3.1.xsd, http://www.springframework.org/schema/data/repository/spring-repository-1.4.xsd=org/springframework/data/repository/config/spring-repository-1.4.xsd, http://www.springframework.org/schema/util/spring-util-3.0.xsd=org/springframework/beans/factory/xml/spring-util-3.0.xsd, http://www.springframework.org/schema/tool/spring-tool.xsd=org/springframework/beans/factory/xml/spring-tool-4.2.xsd, http://www.springframework.org/schema/aop/spring-aop-3.2.xsd=org/springframework/aop/config/spring-aop-3.2.xsd, http://www.springframework.org/schema/lang/spring-lang-4.1.xsd=org/springframework/scripting/config/spring-lang-4.1.xsd, http://www.springframework.org/schema/context/spring-context-4.0.xsd=org/springframework/context/config/spring-context-4.0.xsd, http://www.springframework.org/schema/beans/spring-beans-4.2.xsd=org/springframework/beans/factory/xml/spring-beans-4.2.xsd, http://www.springframework.org/schema/tool/spring-tool-4.1.xsd=org/springframework/beans/factory/xml/spring-tool-4.1.xsd, http://www.springframework.org/schema/lang/spring-lang-3.2.xsd=org/springframework/scripting/config/spring-lang-3.2.xsd, http://www.springframework.org/schema/cache/spring-cache-3.2.xsd=org/springframework/cache/config/spring-cache-3.2.xsd, http://www.springframework.org/schema/jee/spring-jee-4.1.xsd=org/springframework/ejb/config/spring-jee-4.1.xsd, http://www.springframework.org/schema/task/spring-task-4.2.xsd=org/springframework/scheduling/config/spring-task-4.2.xsd, http://www.springframework.org/schema/util/spring-util-2.0.xsd=org/springframework/beans/factory/xml/spring-util-2.0.xsd, http://www.springframework.org/schema/tool/spring-tool-3.2.xsd=org/springframework/beans/factory/xml/spring-tool-3.2.xsd, http://www.springframework.org/schema/context/spring-context.xsd=org/springframework/context/config/spring-context-4.2.xsd, http://www.springframework.org/schema/tx/spring-tx-4.2.xsd=org/springframework/transaction/config/spring-tx-4.2.xsd, http://www.springframework.org/schema/cache/spring-cache-4.1.xsd=org/springframework/cache/config/spring-cache-4.1.xsd, http://www.springframework.org/schema/aop/spring-aop-4.0.xsd=org/springframework/aop/config/spring-aop-4.0.xsd, http://www.springframework.org/schema/jee/spring-jee-3.2.xsd=org/springframework/ejb/config/spring-jee-3.2.xsd, http://www.springframework.org/schema/context/spring-context-3.0.xsd=org/springframework/context/config/spring-context-3.0.xsd, http://www.springframework.org/schema/util/spring-util-2.5.xsd=org/springframework/beans/factory/xml/spring-util-2.5.xsd, http://www.springframework.org/schema/beans/spring-beans-3.2.xsd=org/springframework/beans/factory/xml/spring-beans-3.2.xsd, http://www.springframework.org/schema/aop/spring-aop-3.1.xsd=org/springframework/aop/config/spring-aop-3.1.xsd, http://www.springframework.org/schema/ldap/spring-ldap-2.0.xsd=org/springframework/ldap/config/spring-ldap-2.0.xsd, http://www.springframework.org/schema/lang/spring-lang-4.0.xsd=org/springframework/scripting/config/spring-lang-4.0.xsd, http://www.springframework.org/schema/beans/spring-beans-4.1.xsd=org/springframework/beans/factory/xml/spring-beans-4.1.xsd, http://www.springframework.org/schema/tool/spring-tool-4.0.xsd=org/springframework/beans/factory/xml/spring-tool-4.0.xsd, http://www.springframework.org/schema/tx/spring-tx-3.2.xsd=org/springframework/transaction/config/spring-tx-3.2.xsd, http://www.springframework.org/schema/lang/spring-lang-3.1.xsd=org/springframework/scripting/config/spring-lang-3.1.xsd, http://www.springframework.org/schema/cache/spring-cache-3.1.xsd=org/springframework/cache/config/spring-cache-3.1.xsd, http://www.springframework.org/schema/jee/spring-jee-4.0.xsd=org/springframework/ejb/config/spring-jee-4.0.xsd, http://www.springframework.org/schema/task/spring-task-4.1.xsd=org/springframework/scheduling/config/spring-task-4.1.xsd, http://www.springframework.org/schema/tool/spring-tool-3.1.xsd=org/springframework/beans/factory/xml/spring-tool-3.1.xsd, http://www.springframework.org/schema/tx/spring-tx-4.1.xsd=org/springframework/transaction/config/spring-tx-4.1.xsd, http://www.springframework.org/schema/cache/spring-cache-4.0.xsd=org/springframework/cache/config/spring-cache-4.0.xsd, http://www.springframework.org/schema/jee/spring-jee-3.1.xsd=org/springframework/ejb/config/spring-jee-3.1.xsd, http://www.springframework.org/schema/task/spring-task-3.2.xsd=org/springframework/scheduling/config/spring-task-3.2.xsd, http://www.springframework.org/schema/util/spring-util-4.2.xsd=org/springframework/beans/factory/xml/spring-util-4.2.xsd, http://www.springframework.org/schema/beans/spring-beans-3.1.xsd=org/springframework/beans/factory/xml/spring-beans-3.1.xsd, http://www.springframework.org/schema/util/spring-util.xsd=org/springframework/beans/factory/xml/spring-util-4.2.xsd, http://www.springframework.org/schema/aop/spring-aop-3.0.xsd=org/springframework/aop/config/spring-aop-3.0.xsd, http://www.springframework.org/schema/data/repository/spring-repository.xsd=org/springframework/data/repository/config/spring-repository-1.7.xsd, http://www.springframework.org/schema/data/repository/spring-repository-1.7.xsd=org/springframework/data/repository/config/spring-repository-1.7.xsd, http://www.springframework.org/schema/ldap/spring-ldap.xsd=org/springframework/ldap/config/spring-ldap-2.0.xsd, http://www.springframework.org/schema/beans/spring-beans-4.0.xsd=org/springframework/beans/factory/xml/spring-beans-4.0.xsd, http://www.springframework.org/schema/beans/spring-beans.xsd=org/springframework/beans/factory/xml/spring-beans-4.2.xsd, http://www.springframework.org/schema/tx/spring-tx-3.1.xsd=org/springframework/transaction/config/spring-tx-3.1.xsd, http://www.springframework.org/schema/lang/spring-lang-3.0.xsd=org/springframework/scripting/config/spring-lang-3.0.xsd, http://www.springframework.org/schema/context/spring-context-2.5.xsd=org/springframework/context/config/spring-context-2.5.xsd, http://www.springframework.org/schema/task/spring-task-4.0.xsd=org/springframework/scheduling/config/spring-task-4.0.xsd, http://www.springframework.org/schema/tool/spring-tool-3.0.xsd=org/springframework/beans/factory/xml/spring-tool-3.0.xsd, http://www.springframework.org/schema/tx/spring-tx-4.0.xsd=org/springframework/transaction/config/spring-tx-4.0.xsd, http://www.springframework.org/schema/aop/spring-aop-2.0.xsd=org/springframework/aop/config/spring-aop-2.0.xsd, http://www.springframework.org/schema/jee/spring-jee-3.0.xsd=org/springframework/ejb/config/spring-jee-3.0.xsd, http://www.springframework.org/schema/util/spring-util-4.1.xsd=org/springframework/beans/factory/xml/spring-util-4.1.xsd, http://www.springframework.org/schema/task/spring-task-3.1.xsd=org/springframework/scheduling/config/spring-task-3.1.xsd, http://www.springframework.org/schema/beans/spring-beans-3.0.xsd=org/springframework/beans/factory/xml/spring-beans-3.0.xsd, http://www.springframework.org/schema/jee/spring-jee.xsd=org/springframework/ejb/config/spring-jee-4.2.xsd, http://www.springframework.org/schema/aop/spring-aop-2.5.xsd=org/springframework/aop/config/spring-aop-2.5.xsd, http://www.springframework.org/schema/lang/spring-lang-2.0.xsd=org/springframework/scripting/config/spring-lang-2.0.xsd, http://www.springframework.org/schema/data/repository/spring-repository-1.6.xsd=org/springframework/data/repository/config/spring-repository-1.6.xsd, http://www.springframework.org/schema/util/spring-util-3.2.xsd=org/springframework/beans/factory/xml/spring-util-3.2.xsd, http://www.springframework.org/schema/task/spring-task.xsd=org/springframework/scheduling/config/spring-task-4.2.xsd, http://www.springframework.org/schema/tool/spring-tool-2.0.xsd=org/springframework/beans/factory/xml/spring-tool-2.0.xsd, http://www.springframework.org/schema/tx/spring-tx-3.0.xsd=org/springframework/transaction/config/spring-tx-3.0.xsd, http://www.springframework.org/schema/lang/spring-lang-2.5.xsd=org/springframework/scripting/config/spring-lang-2.5.xsd, http://www.springframework.org/schema/context/spring-context-4.2.xsd=org/springframework/context/config/spring-context-4.2.xsd, http://www.springframework.org/schema/jee/spring-jee-2.0.xsd=org/springframework/ejb/config/spring-jee-2.0.xsd, http://www.springframework.org/schema/tool/spring-tool-2.5.xsd=org/springframework/beans/factory/xml/spring-tool-2.5.xsd, http://www.springframework.org/schema/jee/spring-jee-2.5.xsd=org/springframework/ejb/config/spring-jee-2.5.xsd, http://www.springframework.org/schema/data/repository/spring-repository-1.0.xsd=org/springframework/data/repository/config/spring-repository-1.0.xsd, http://www.springframework.org/schema/util/spring-util-4.0.xsd=org/springframework/beans/factory/xml/spring-util-4.0.xsd, http://www.springframework.org/schema/task/spring-task-3.0.xsd=org/springframework/scheduling/config/spring-task-3.0.xsd, http://www.springframework.org/schema/aop/spring-aop-4.2.xsd=org/springframework/aop/config/spring-aop-4.2.xsd, http://www.springframework.org/schema/lang/spring-lang.xsd=org/springframework/scripting/config/spring-lang-4.2.xsd, http://www.springframework.org/schema/context/spring-context-3.2.xsd=org/springframework/context/config/spring-context-3.2.xsd, http://www.springframework.org/schema/data/repository/spring-repository-1.5.xsd=org/springframework/data/repository/config/spring-repository-1.5.xsd, http://www.springframework.org/schema/util/spring-util-3.1.xsd=org/springframework/beans/factory/xml/spring-util-3.1.xsd, http://www.springframework.org/schema/beans/spring-beans-2.0.xsd=org/springframework/beans/factory/xml/spring-beans-2.0.xsd, http://www.springframework.org/schema/cache/spring-cache.xsd=org/springframework/cache/config/spring-cache-4.2.xsd, http://www.springframework.org/schema/tx/spring-tx.xsd=org/springframework/transaction/config/spring-tx-4.2.xsd, http://www.springframework.org/schema/lang/spring-lang-4.2.xsd=org/springframework/scripting/config/spring-lang-4.2.xsd, http://www.springframework.org/schema/context/spring-context-4.1.xsd=org/springframework/context/config/spring-context-4.1.xsd, http://www.springframework.org/schema/beans/spring-beans-2.5.xsd=org/springframework/beans/factory/xml/spring-beans-2.5.xsd, http://www.springframework.org/schema/tool/spring-tool-4.2.xsd=org/springframework/beans/factory/xml/spring-tool-4.2.xsd, http://www.springframework.org/schema/tx/spring-tx-2.0.xsd=org/springframework/transaction/config/spring-tx-2.0.xsd, http://www.springframework.org/schema/jee/spring-jee-4.2.xsd=org/springframework/ejb/config/spring-jee-4.2.xsd, http://www.springframework.org/schema/aop/spring-aop.xsd=org/springframework/aop/config/spring-aop-4.2.xsd}
2016-02-04 08:13:10,077 DEBUG   main [org.springframework.beans.factory.xml.PluggableSchemaResolver] Found XML schema [http://www.springframework.org/schema/beans/spring-beans.xsd] in classpath: org/springframework/beans/factory/xml/spring-beans-4.2.xsd
2016-02-04 08:13:10,133 TRACE   main [org.springframework.beans.factory.xml.PluggableSchemaResolver] Trying to resolve XML entity with public id [null] and system id [http://www.springframework.org/schema/context/spring-context.xsd]
2016-02-04 08:13:10,134 DEBUG   main [org.springframework.beans.factory.xml.PluggableSchemaResolver] Found XML schema [http://www.springframework.org/schema/context/spring-context.xsd] in classpath: org/springframework/context/config/spring-context-4.2.xsd
2016-02-04 08:13:10,142 TRACE   main [org.springframework.beans.factory.xml.PluggableSchemaResolver] Trying to resolve XML entity with public id [null] and system id [http://www.springframework.org/schema/tool/spring-tool-4.2.xsd]
2016-02-04 08:13:10,142 DEBUG   main [org.springframework.beans.factory.xml.PluggableSchemaResolver] Found XML schema [http://www.springframework.org/schema/tool/spring-tool-4.2.xsd] in classpath: org/springframework/beans/factory/xml/spring-tool-4.2.xsd
2016-02-04 08:13:10,156 TRACE   main [org.springframework.beans.factory.xml.PluggableSchemaResolver] Trying to resolve XML entity with public id [null] and system id [http://www.springframework.org/schema/ldap/spring-ldap.xsd]
2016-02-04 08:13:10,157 DEBUG   main [org.springframework.beans.factory.xml.PluggableSchemaResolver] Found XML schema [http://www.springframework.org/schema/ldap/spring-ldap.xsd] in classpath: org/springframework/ldap/config/spring-ldap-2.0.xsd
2016-02-04 08:13:10,168 TRACE   main [org.springframework.beans.factory.xml.PluggableSchemaResolver] Trying to resolve XML entity with public id [null] and system id [http://www.springframework.org/schema/data/repository/spring-repository.xsd]
2016-02-04 08:13:10,169 DEBUG   main [org.springframework.beans.factory.xml.PluggableSchemaResolver] Found XML schema [http://www.springframework.org/schema/data/repository/spring-repository.xsd] in classpath: org/springframework/data/repository/config/spring-repository-1.7.xsd
2016-02-04 08:13:10,192 DEBUG   main [org.springframework.beans.factory.xml.DefaultBeanDefinitionDocumentReader] Loading bean definitions
2016-02-04 08:13:10,204 DEBUG   main [org.springframework.beans.factory.xml.DefaultNamespaceHandlerResolver] Loaded NamespaceHandler mappings: {http://www.springframework.org/schema/p=org.springframework.beans.factory.xml.SimplePropertyNamespaceHandler, http://www.springframework.org/schema/util=org.springframework.beans.factory.xml.UtilNamespaceHandler, http://www.springframework.org/schema/jee=org.springframework.ejb.config.JeeNamespaceHandler, http://www.springframework.org/schema/aop=org.springframework.aop.config.AopNamespaceHandler, http://www.springframework.org/schema/data/repository=org.springframework.data.repository.config.RepositoryNameSpaceHandler, http://www.springframework.org/schema/cache=org.springframework.cache.config.CacheNamespaceHandler, http://www.springframework.org/schema/c=org.springframework.beans.factory.xml.SimpleConstructorNamespaceHandler, http://www.springframework.org/schema/ldap=org.springframework.ldap.config.LdapNamespaceHandler, http://www.springframework.org/schema/tx=org.springframework.transaction.config.TxNamespaceHandler, http://www.springframework.org/schema/task=org.springframework.scheduling.config.TaskNamespaceHandler, http://www.springframework.org/schema/lang=org.springframework.scripting.config.LangNamespaceHandler, http://www.springframework.org/schema/context=org.springframework.context.config.ContextNamespaceHandler}
2016-02-04 08:13:10,219 DEBUG   main [org.springframework.core.env.StandardEnvironment] Adding [systemProperties] PropertySource with lowest search precedence
2016-02-04 08:13:10,219 DEBUG   main [org.springframework.core.env.StandardEnvironment] Adding [systemEnvironment] PropertySource with lowest search precedence
2016-02-04 08:13:10,220 DEBUG   main [org.springframework.core.env.StandardEnvironment] Initialized StandardEnvironment with PropertySources [systemProperties,systemEnvironment]
2016-02-04 08:13:10,231 DEBUG   main [org.springframework.core.io.support.PathMatchingResourcePatternResolver] Looking for matching resources in directory tree [C:\Eclipse\workspace\spring-ldap-example\bin\gov\fema\adminportal\ldap]
2016-02-04 08:13:10,231 DEBUG   main [org.springframework.core.io.support.PathMatchingResourcePatternResolver] Searching directory [C:\Eclipse\workspace\spring-ldap-example\bin\gov\fema\adminportal\ldap] for files matching pattern [C:/Eclipse/workspace/spring-ldap-example/bin/gov/fema/adminportal/ldap/**/*.class]
2016-02-04 08:13:10,233 DEBUG   main [org.springframework.core.io.support.PathMatchingResourcePatternResolver] Searching directory [C:\Eclipse\workspace\spring-ldap-example\bin\gov\fema\adminportal\ldap\app] for files matching pattern [C:/Eclipse/workspace/spring-ldap-example/bin/gov/fema/adminportal/ldap/**/*.class]
2016-02-04 08:13:10,233 DEBUG   main [org.springframework.core.io.support.PathMatchingResourcePatternResolver] Searching directory [C:\Eclipse\workspace\spring-ldap-example\bin\gov\fema\adminportal\ldap\model] for files matching pattern [C:/Eclipse/workspace/spring-ldap-example/bin/gov/fema/adminportal/ldap/**/*.class]
2016-02-04 08:13:10,234 DEBUG   main [org.springframework.core.io.support.PathMatchingResourcePatternResolver] Searching directory [C:\Eclipse\workspace\spring-ldap-example\bin\gov\fema\adminportal\ldap\repository] for files matching pattern [C:/Eclipse/workspace/spring-ldap-example/bin/gov/fema/adminportal/ldap/**/*.class]
2016-02-04 08:13:10,236 DEBUG   main [org.springframework.core.io.support.PathMatchingResourcePatternResolver] Resolved location pattern [classpath*:gov/fema/adminportal/ldap/**/*.class] to resources [file [C:\Eclipse\workspace\spring-ldap-example\bin\gov\fema\adminportal\ldap\app\LdapApp.class], file [C:\Eclipse\workspace\spring-ldap-example\bin\gov\fema\adminportal\ldap\model\User.class], file [C:\Eclipse\workspace\spring-ldap-example\bin\gov\fema\adminportal\ldap\repository\UserRepository.class], file [C:\Eclipse\workspace\spring-ldap-example\bin\gov\fema\adminportal\ldap\repository\UserRepositoryImpl$MultipleAttributesMapper.class], file [C:\Eclipse\workspace\spring-ldap-example\bin\gov\fema\adminportal\ldap\repository\UserRepositoryImpl$SingleAttributesMapper.class], file [C:\Eclipse\workspace\spring-ldap-example\bin\gov\fema\adminportal\ldap\repository\UserRepositoryImpl$UserAttributesMapper.class], file [C:\Eclipse\workspace\spring-ldap-example\bin\gov\fema\adminportal\ldap\repository\UserRepositoryImpl.class]]
2016-02-04 08:13:10,236 TRACE   main [org.springframework.context.annotation.ClassPathBeanDefinitionScanner] Scanning file [C:\Eclipse\workspace\spring-ldap-example\bin\gov\fema\adminportal\ldap\app\LdapApp.class]
2016-02-04 08:13:10,249 TRACE   main [org.springframework.context.annotation.ClassPathBeanDefinitionScanner] Ignored because not matching any filter: file [C:\Eclipse\workspace\spring-ldap-example\bin\gov\fema\adminportal\ldap\app\LdapApp.class]
2016-02-04 08:13:10,249 TRACE   main [org.springframework.context.annotation.ClassPathBeanDefinitionScanner] Scanning file [C:\Eclipse\workspace\spring-ldap-example\bin\gov\fema\adminportal\ldap\model\User.class]
2016-02-04 08:13:10,250 TRACE   main [org.springframework.context.annotation.ClassPathBeanDefinitionScanner] Ignored because not matching any filter: file [C:\Eclipse\workspace\spring-ldap-example\bin\gov\fema\adminportal\ldap\model\User.class]
2016-02-04 08:13:10,250 TRACE   main [org.springframework.context.annotation.ClassPathBeanDefinitionScanner] Scanning file [C:\Eclipse\workspace\spring-ldap-example\bin\gov\fema\adminportal\ldap\repository\UserRepository.class]
2016-02-04 08:13:10,251 TRACE   main [org.springframework.context.annotation.ClassPathBeanDefinitionScanner] Ignored because not matching any filter: file [C:\Eclipse\workspace\spring-ldap-example\bin\gov\fema\adminportal\ldap\repository\UserRepository.class]
2016-02-04 08:13:10,251 TRACE   main [org.springframework.context.annotation.ClassPathBeanDefinitionScanner] Scanning file [C:\Eclipse\workspace\spring-ldap-example\bin\gov\fema\adminportal\ldap\repository\UserRepositoryImpl$MultipleAttributesMapper.class]
2016-02-04 08:13:10,251 TRACE   main [org.springframework.context.annotation.ClassPathBeanDefinitionScanner] Ignored because not matching any filter: file [C:\Eclipse\workspace\spring-ldap-example\bin\gov\fema\adminportal\ldap\repository\UserRepositoryImpl$MultipleAttributesMapper.class]
2016-02-04 08:13:10,251 TRACE   main [org.springframework.context.annotation.ClassPathBeanDefinitionScanner] Scanning file [C:\Eclipse\workspace\spring-ldap-example\bin\gov\fema\adminportal\ldap\repository\UserRepositoryImpl$SingleAttributesMapper.class]
2016-02-04 08:13:10,252 TRACE   main [org.springframework.context.annotation.ClassPathBeanDefinitionScanner] Ignored because not matching any filter: file [C:\Eclipse\workspace\spring-ldap-example\bin\gov\fema\adminportal\ldap\repository\UserRepositoryImpl$SingleAttributesMapper.class]
2016-02-04 08:13:10,252 TRACE   main [org.springframework.context.annotation.ClassPathBeanDefinitionScanner] Scanning file [C:\Eclipse\workspace\spring-ldap-example\bin\gov\fema\adminportal\ldap\repository\UserRepositoryImpl$UserAttributesMapper.class]
2016-02-04 08:13:10,252 TRACE   main [org.springframework.context.annotation.ClassPathBeanDefinitionScanner] Ignored because not matching any filter: file [C:\Eclipse\workspace\spring-ldap-example\bin\gov\fema\adminportal\ldap\repository\UserRepositoryImpl$UserAttributesMapper.class]
2016-02-04 08:13:10,252 TRACE   main [org.springframework.context.annotation.ClassPathBeanDefinitionScanner] Scanning file [C:\Eclipse\workspace\spring-ldap-example\bin\gov\fema\adminportal\ldap\repository\UserRepositoryImpl.class]
2016-02-04 08:13:10,268 DEBUG   main [org.springframework.context.annotation.ClassPathBeanDefinitionScanner] Identified candidate component class: file [C:\Eclipse\workspace\spring-ldap-example\bin\gov\fema\adminportal\ldap\repository\UserRepositoryImpl.class]
2016-02-04 08:13:10,301 DEBUG   main [org.springframework.beans.factory.xml.XmlBeanDefinitionReader] Loaded 9 bean definitions from location pattern [spring-ldap-example.xml]
2016-02-04 08:13:10,301 DEBUG   main [org.springframework.context.support.ClassPathXmlApplicationContext] Bean factory for org.springframework.context.support.ClassPathXmlApplicationContext@450faed3: org.springframework.beans.factory.support.DefaultListableBeanFactory@734784c4: defining beans [userRepositoryImpl,org.springframework.context.annotation.internalConfigurationAnnotationProcessor,org.springframework.context.annotation.internalAutowiredAnnotationProcessor,org.springframework.context.annotation.internalRequiredAnnotationProcessor,org.springframework.context.annotation.internalCommonAnnotationProcessor,simpleDirContextAuthenticationStrategy,userReposImpl,contextSource,ldapTemplate]; root of factory hierarchy
2016-02-04 08:13:10,325 DEBUG   main [org.springframework.beans.factory.support.DefaultListableBeanFactory] Creating shared instance of singleton bean 'org.springframework.context.annotation.internalConfigurationAnnotationProcessor'
2016-02-04 08:13:10,325 DEBUG   main [org.springframework.beans.factory.support.DefaultListableBeanFactory] Creating instance of bean 'org.springframework.context.annotation.internalConfigurationAnnotationProcessor'
2016-02-04 08:13:10,337 DEBUG   main [org.springframework.beans.factory.support.DefaultListableBeanFactory] Eagerly caching bean 'org.springframework.context.annotation.internalConfigurationAnnotationProcessor' to allow for resolving potential circular references
2016-02-04 08:13:10,339 DEBUG   main [org.springframework.beans.factory.support.DefaultListableBeanFactory] Finished creating instance of bean 'org.springframework.context.annotation.internalConfigurationAnnotationProcessor'
2016-02-04 08:13:10,376 DEBUG   main [org.springframework.beans.factory.support.DefaultListableBeanFactory] Creating shared instance of singleton bean 'org.springframework.context.annotation.internalAutowiredAnnotationProcessor'
2016-02-04 08:13:10,376 DEBUG   main [org.springframework.beans.factory.support.DefaultListableBeanFactory] Creating instance of bean 'org.springframework.context.annotation.internalAutowiredAnnotationProcessor'
2016-02-04 08:13:10,378 DEBUG   main [org.springframework.beans.factory.support.DefaultListableBeanFactory] Eagerly caching bean 'org.springframework.context.annotation.internalAutowiredAnnotationProcessor' to allow for resolving potential circular references
2016-02-04 08:13:10,378 DEBUG   main [org.springframework.beans.factory.support.DefaultListableBeanFactory] Finished creating instance of bean 'org.springframework.context.annotation.internalAutowiredAnnotationProcessor'
2016-02-04 08:13:10,378 DEBUG   main [org.springframework.beans.factory.support.DefaultListableBeanFactory] Creating shared instance of singleton bean 'org.springframework.context.annotation.internalRequiredAnnotationProcessor'
2016-02-04 08:13:10,378 DEBUG   main [org.springframework.beans.factory.support.DefaultListableBeanFactory] Creating instance of bean 'org.springframework.context.annotation.internalRequiredAnnotationProcessor'
2016-02-04 08:13:10,379 DEBUG   main [org.springframework.beans.factory.support.DefaultListableBeanFactory] Eagerly caching bean 'org.springframework.context.annotation.internalRequiredAnnotationProcessor' to allow for resolving potential circular references
2016-02-04 08:13:10,379 DEBUG   main [org.springframework.beans.factory.support.DefaultListableBeanFactory] Finished creating instance of bean 'org.springframework.context.annotation.internalRequiredAnnotationProcessor'
2016-02-04 08:13:10,379 DEBUG   main [org.springframework.beans.factory.support.DefaultListableBeanFactory] Creating shared instance of singleton bean 'org.springframework.context.annotation.internalCommonAnnotationProcessor'
2016-02-04 08:13:10,379 DEBUG   main [org.springframework.beans.factory.support.DefaultListableBeanFactory] Creating instance of bean 'org.springframework.context.annotation.internalCommonAnnotationProcessor'
2016-02-04 08:13:10,384 DEBUG   main [org.springframework.beans.factory.support.DefaultListableBeanFactory] Eagerly caching bean 'org.springframework.context.annotation.internalCommonAnnotationProcessor' to allow for resolving potential circular references
2016-02-04 08:13:10,384 DEBUG   main [org.springframework.beans.factory.support.DefaultListableBeanFactory] Finished creating instance of bean 'org.springframework.context.annotation.internalCommonAnnotationProcessor'
2016-02-04 08:13:10,384 DEBUG   main [org.springframework.beans.factory.support.DefaultListableBeanFactory] Creating shared instance of singleton bean 'org.springframework.context.annotation.ConfigurationClassPostProcessor.importAwareProcessor'
2016-02-04 08:13:10,384 DEBUG   main [org.springframework.beans.factory.support.DefaultListableBeanFactory] Creating instance of bean 'org.springframework.context.annotation.ConfigurationClassPostProcessor.importAwareProcessor'
2016-02-04 08:13:10,385 DEBUG   main [org.springframework.beans.factory.support.DefaultListableBeanFactory] Eagerly caching bean 'org.springframework.context.annotation.ConfigurationClassPostProcessor.importAwareProcessor' to allow for resolving potential circular references
2016-02-04 08:13:10,385 DEBUG   main [org.springframework.beans.factory.support.DefaultListableBeanFactory] Finished creating instance of bean 'org.springframework.context.annotation.ConfigurationClassPostProcessor.importAwareProcessor'
2016-02-04 08:13:10,385 DEBUG   main [org.springframework.beans.factory.support.DefaultListableBeanFactory] Creating shared instance of singleton bean 'org.springframework.context.annotation.ConfigurationClassPostProcessor.enhancedConfigurationProcessor'
2016-02-04 08:13:10,385 DEBUG   main [org.springframework.beans.factory.support.DefaultListableBeanFactory] Creating instance of bean 'org.springframework.context.annotation.ConfigurationClassPostProcessor.enhancedConfigurationProcessor'
2016-02-04 08:13:10,386 DEBUG   main [org.springframework.beans.factory.support.DefaultListableBeanFactory] Eagerly caching bean 'org.springframework.context.annotation.ConfigurationClassPostProcessor.enhancedConfigurationProcessor' to allow for resolving potential circular references
2016-02-04 08:13:10,386 DEBUG   main [org.springframework.beans.factory.support.DefaultListableBeanFactory] Finished creating instance of bean 'org.springframework.context.annotation.ConfigurationClassPostProcessor.enhancedConfigurationProcessor'
2016-02-04 08:13:10,388 DEBUG   main [org.springframework.context.support.ClassPathXmlApplicationContext] Unable to locate MessageSource with name 'messageSource': using default [org.springframework.context.support.DelegatingMessageSource@423e8eb8]
2016-02-04 08:13:10,390 DEBUG   main [org.springframework.context.support.ClassPathXmlApplicationContext] Unable to locate ApplicationEventMulticaster with name 'applicationEventMulticaster': using default [org.springframework.context.event.SimpleApplicationEventMulticaster@2eaa00e4]
2016-02-04 08:13:10,392 DEBUG   main [org.springframework.beans.factory.support.DefaultListableBeanFactory] Pre-instantiating singletons in org.springframework.beans.factory.support.DefaultListableBeanFactory@734784c4: defining beans [userRepositoryImpl,org.springframework.context.annotation.internalConfigurationAnnotationProcessor,org.springframework.context.annotation.internalAutowiredAnnotationProcessor,org.springframework.context.annotation.internalRequiredAnnotationProcessor,org.springframework.context.annotation.internalCommonAnnotationProcessor,simpleDirContextAuthenticationStrategy,userReposImpl,contextSource,ldapTemplate,org.springframework.context.annotation.ConfigurationClassPostProcessor.importAwareProcessor,org.springframework.context.annotation.ConfigurationClassPostProcessor.enhancedConfigurationProcessor]; root of factory hierarchy
2016-02-04 08:13:10,392 DEBUG   main [org.springframework.beans.factory.support.DefaultListableBeanFactory] Creating shared instance of singleton bean 'userRepositoryImpl'
2016-02-04 08:13:10,392 DEBUG   main [org.springframework.beans.factory.support.DefaultListableBeanFactory] Creating instance of bean 'userRepositoryImpl'
2016-02-04 08:13:10,404 DEBUG   main [org.springframework.beans.factory.annotation.InjectionMetadata] Registered injected element on class [gov.fema.adminportal.ldap.repository.UserRepositoryImpl]: AutowiredFieldElement for private org.springframework.ldap.core.LdapTemplate gov.fema.adminportal.ldap.repository.UserRepositoryImpl.ldapTemplate
2016-02-04 08:13:10,404 DEBUG   main [org.springframework.beans.factory.support.DefaultListableBeanFactory] Eagerly caching bean 'userRepositoryImpl' to allow for resolving potential circular references
2016-02-04 08:13:10,407 TRACE   main [org.springframework.core.io.support.SpringFactoriesLoader] Loaded [org.springframework.beans.BeanInfoFactory] names: [org.springframework.beans.ExtendedBeanInfoFactory]
2016-02-04 08:13:10,408 TRACE   main [org.springframework.beans.CachedIntrospectionResults] Getting BeanInfo for class [gov.fema.adminportal.ldap.repository.UserRepositoryImpl]
2016-02-04 08:13:10,413 TRACE   main [org.springframework.beans.CachedIntrospectionResults] Caching PropertyDescriptors for class [gov.fema.adminportal.ldap.repository.UserRepositoryImpl]
2016-02-04 08:13:10,413 TRACE   main [org.springframework.beans.CachedIntrospectionResults] Found bean property 'allUserNames' of type [java.util.List]
2016-02-04 08:13:10,416 TRACE   main [org.springframework.beans.CachedIntrospectionResults] Found bean property 'allUsers' of type [java.util.List]
2016-02-04 08:13:10,416 TRACE   main [org.springframework.beans.CachedIntrospectionResults] Found bean property 'class' of type [java.lang.Class]
2016-02-04 08:13:10,418 DEBUG   main [org.springframework.beans.factory.annotation.InjectionMetadata] Processing injected element of bean 'userRepositoryImpl': AutowiredFieldElement for private org.springframework.ldap.core.LdapTemplate gov.fema.adminportal.ldap.repository.UserRepositoryImpl.ldapTemplate
2016-02-04 08:13:10,422 DEBUG   main [org.springframework.beans.factory.support.DefaultListableBeanFactory] Creating shared instance of singleton bean 'ldapTemplate'
2016-02-04 08:13:10,422 DEBUG   main [org.springframework.beans.factory.support.DefaultListableBeanFactory] Creating instance of bean 'ldapTemplate'
2016-02-04 08:13:10,434 DEBUG   main [org.springframework.beans.factory.support.DefaultListableBeanFactory] Eagerly caching bean 'ldapTemplate' to allow for resolving potential circular references
2016-02-04 08:13:10,434 TRACE   main [org.springframework.beans.CachedIntrospectionResults] Getting BeanInfo for class [org.springframework.ldap.core.LdapTemplate]
2016-02-04 08:13:10,446 TRACE   main [org.springframework.beans.CachedIntrospectionResults] Caching PropertyDescriptors for class [org.springframework.ldap.core.LdapTemplate]
2016-02-04 08:13:10,447 TRACE   main [org.springframework.beans.CachedIntrospectionResults] Found bean property 'class' of type [java.lang.Class]
2016-02-04 08:13:10,447 TRACE   main [org.springframework.beans.CachedIntrospectionResults] Found bean property 'contextSource' of type [org.springframework.ldap.core.ContextSource]
2016-02-04 08:13:10,447 TRACE   main [org.springframework.beans.CachedIntrospectionResults] Found bean property 'defaultCountLimit' of type [int]
2016-02-04 08:13:10,447 TRACE   main [org.springframework.beans.CachedIntrospectionResults] Found bean property 'defaultSearchScope' of type [int]
2016-02-04 08:13:10,447 TRACE   main [org.springframework.beans.CachedIntrospectionResults] Found bean property 'defaultTimeLimit' of type [int]
2016-02-04 08:13:10,448 TRACE   main [org.springframework.beans.CachedIntrospectionResults] Found bean property 'ignoreNameNotFoundException' of type [boolean]
2016-02-04 08:13:10,448 TRACE   main [org.springframework.beans.CachedIntrospectionResults] Found bean property 'ignorePartialResultException' of type [boolean]
2016-02-04 08:13:10,448 TRACE   main [org.springframework.beans.CachedIntrospectionResults] Found bean property 'ignoreSizeLimitExceededException' of type [boolean]
2016-02-04 08:13:10,454 TRACE   main [org.springframework.beans.CachedIntrospectionResults] Found bean property 'objectDirectoryMapper' of type [org.springframework.ldap.odm.core.ObjectDirectoryMapper]
2016-02-04 08:13:10,456 DEBUG   main [org.springframework.beans.factory.support.DefaultListableBeanFactory] Creating shared instance of singleton bean 'contextSource'
2016-02-04 08:13:10,456 DEBUG   main [org.springframework.beans.factory.support.DefaultListableBeanFactory] Creating instance of bean 'contextSource'
2016-02-04 08:13:10,460 DEBUG   main [org.springframework.beans.factory.support.DefaultListableBeanFactory] Creating instance of bean '(inner bean)#1e7eee8f'
2016-02-04 08:13:10,473 TRACE   main [org.springframework.beans.CachedIntrospectionResults] Getting BeanInfo for class [org.springframework.ldap.core.support.LdapContextSource]
2016-02-04 08:13:10,477 TRACE   main [org.springframework.beans.CachedIntrospectionResults] Caching PropertyDescriptors for class [org.springframework.ldap.core.support.LdapContextSource]
2016-02-04 08:13:10,478 TRACE   main [org.springframework.beans.CachedIntrospectionResults] Found bean property 'anonymousReadOnly' of type [boolean]
2016-02-04 08:13:10,478 TRACE   main [org.springframework.beans.CachedIntrospectionResults] Found bean property 'authenticationSource' of type [org.springframework.ldap.core.AuthenticationSource]
2016-02-04 08:13:10,478 TRACE   main [org.springframework.beans.CachedIntrospectionResults] Found bean property 'authenticationStrategy' of type [org.springframework.ldap.core.support.DirContextAuthenticationStrategy]
2016-02-04 08:13:10,478 TRACE   main [org.springframework.beans.CachedIntrospectionResults] Found bean property 'base' of type [java.lang.String]
2016-02-04 08:13:10,478 TRACE   main [org.springframework.beans.CachedIntrospectionResults] Found bean property 'baseEnvironmentProperties' of type [java.util.Map]
2016-02-04 08:13:10,478 TRACE   main [org.springframework.beans.CachedIntrospectionResults] Found bean property 'baseLdapName' of type [javax.naming.ldap.LdapName]
2016-02-04 08:13:10,478 TRACE   main [org.springframework.beans.CachedIntrospectionResults] Found bean property 'baseLdapPath' of type [org.springframework.ldap.core.DistinguishedName]
2016-02-04 08:13:10,478 TRACE   main [org.springframework.beans.CachedIntrospectionResults] Found bean property 'baseLdapPathAsString' of type [java.lang.String]
2016-02-04 08:13:10,478 TRACE   main [org.springframework.beans.CachedIntrospectionResults] Found bean property 'cacheEnvironmentProperties' of type [boolean]
2016-02-04 08:13:10,478 TRACE   main [org.springframework.beans.CachedIntrospectionResults] Found bean property 'class' of type [java.lang.Class]
2016-02-04 08:13:10,479 TRACE   main [org.springframework.beans.CachedIntrospectionResults] Found bean property 'contextFactory' of type [java.lang.Class]
2016-02-04 08:13:10,479 TRACE   main [org.springframework.beans.CachedIntrospectionResults] Found bean property 'dirObjectFactory' of type [java.lang.Class]
2016-02-04 08:13:10,479 TRACE   main [org.springframework.beans.CachedIntrospectionResults] Found bean property 'password' of type [java.lang.String]
2016-02-04 08:13:10,479 TRACE   main [org.springframework.beans.CachedIntrospectionResults] Found bean property 'pooled' of type [boolean]
2016-02-04 08:13:10,479 TRACE   main [org.springframework.beans.CachedIntrospectionResults] Found bean property 'readOnlyContext' of type [javax.naming.directory.DirContext]
2016-02-04 08:13:10,479 TRACE   main [org.springframework.beans.CachedIntrospectionResults] Found bean property 'readWriteContext' of type [javax.naming.directory.DirContext]
2016-02-04 08:13:10,479 TRACE   main [org.springframework.beans.CachedIntrospectionResults] Found bean property 'referral' of type [java.lang.String]
2016-02-04 08:13:10,479 TRACE   main [org.springframework.beans.CachedIntrospectionResults] Found bean property 'url' of type [java.lang.String]
2016-02-04 08:13:10,479 TRACE   main [org.springframework.beans.CachedIntrospectionResults] Found bean property 'urls' of type [[Ljava.lang.String;]
2016-02-04 08:13:10,479 TRACE   main [org.springframework.beans.CachedIntrospectionResults] Found bean property 'userDn' of type [java.lang.String]
2016-02-04 08:13:10,483 DEBUG   main [org.springframework.beans.factory.support.DefaultListableBeanFactory] Creating instance of bean '(inner bean)#67cbabb9'
2016-02-04 08:13:10,487 TRACE   main [org.springframework.beans.CachedIntrospectionResults] Getting BeanInfo for class [[Ljava.lang.String;]
2016-02-04 08:13:10,487 TRACE   main [org.springframework.beans.CachedIntrospectionResults] Caching PropertyDescriptors for class [[Ljava.lang.String;]
2016-02-04 08:13:10,487 TRACE   main [org.springframework.beans.CachedIntrospectionResults] Found bean property 'class' of type [java.lang.Class]
2016-02-04 08:13:10,488 DEBUG   main [org.springframework.beans.factory.support.DefaultListableBeanFactory] Finished creating instance of bean '(inner bean)#67cbabb9'
2016-02-04 08:13:10,489 DEBUG   main [org.springframework.beans.factory.support.DefaultListableBeanFactory] Creating shared instance of singleton bean 'simpleDirContextAuthenticationStrategy'
2016-02-04 08:13:10,489 DEBUG   main [org.springframework.beans.factory.support.DefaultListableBeanFactory] Creating instance of bean 'simpleDirContextAuthenticationStrategy'
2016-02-04 08:13:10,489 DEBUG   main [org.springframework.beans.factory.support.DefaultListableBeanFactory] Eagerly caching bean 'simpleDirContextAuthenticationStrategy' to allow for resolving potential circular references
2016-02-04 08:13:10,489 TRACE   main [org.springframework.beans.CachedIntrospectionResults] Getting BeanInfo for class [org.springframework.ldap.core.support.SimpleDirContextAuthenticationStrategy]
2016-02-04 08:13:10,490 TRACE   main [org.springframework.beans.CachedIntrospectionResults] Caching PropertyDescriptors for class [org.springframework.ldap.core.support.SimpleDirContextAuthenticationStrategy]
2016-02-04 08:13:10,490 TRACE   main [org.springframework.beans.CachedIntrospectionResults] Found bean property 'class' of type [java.lang.Class]
2016-02-04 08:13:10,490 DEBUG   main [org.springframework.beans.factory.support.DefaultListableBeanFactory] Finished creating instance of bean 'simpleDirContextAuthenticationStrategy'
2016-02-04 08:13:10,491 DEBUG   main [org.springframework.beans.factory.support.DefaultListableBeanFactory] Invoking afterPropertiesSet() on bean with name '(inner bean)#1e7eee8f'
2016-02-04 08:13:10,494 DEBUG   main [org.springframework.beans.factory.support.DefaultListableBeanFactory] Finished creating instance of bean '(inner bean)#1e7eee8f'
2016-02-04 08:13:10,496 DEBUG   main [org.springframework.beans.factory.support.DefaultListableBeanFactory] Eagerly caching bean 'contextSource' to allow for resolving potential circular references
2016-02-04 08:13:10,496 TRACE   main [org.springframework.beans.CachedIntrospectionResults] Getting BeanInfo for class [org.springframework.ldap.transaction.compensating.manager.TransactionAwareContextSourceProxy]
2016-02-04 08:13:10,497 TRACE   main [org.springframework.beans.CachedIntrospectionResults] Caching PropertyDescriptors for class [org.springframework.ldap.transaction.compensating.manager.TransactionAwareContextSourceProxy]
2016-02-04 08:13:10,497 TRACE   main [org.springframework.beans.CachedIntrospectionResults] Found bean property 'baseLdapName' of type [javax.naming.ldap.LdapName]
2016-02-04 08:13:10,498 TRACE   main [org.springframework.beans.CachedIntrospectionResults] Found bean property 'baseLdapPath' of type [org.springframework.ldap.core.DistinguishedName]
2016-02-04 08:13:10,498 TRACE   main [org.springframework.beans.CachedIntrospectionResults] Found bean property 'baseLdapPathAsString' of type [java.lang.String]
2016-02-04 08:13:10,498 TRACE   main [org.springframework.beans.CachedIntrospectionResults] Found bean property 'class' of type [java.lang.Class]
2016-02-04 08:13:10,498 TRACE   main [org.springframework.beans.CachedIntrospectionResults] Found bean property 'readOnlyContext' of type [javax.naming.directory.DirContext]
2016-02-04 08:13:10,498 TRACE   main [org.springframework.beans.CachedIntrospectionResults] Found bean property 'readWriteContext' of type [javax.naming.directory.DirContext]
2016-02-04 08:13:10,498 TRACE   main [org.springframework.beans.CachedIntrospectionResults] Found bean property 'target' of type [org.springframework.ldap.core.ContextSource]
2016-02-04 08:13:10,498 DEBUG   main [org.springframework.beans.factory.support.DefaultListableBeanFactory] Finished creating instance of bean 'contextSource'
2016-02-04 08:13:10,499 DEBUG   main [org.springframework.beans.factory.support.DefaultListableBeanFactory] Invoking afterPropertiesSet() on bean with name 'ldapTemplate'
2016-02-04 08:13:10,499 DEBUG   main [org.springframework.beans.factory.support.DefaultListableBeanFactory] Finished creating instance of bean 'ldapTemplate'
2016-02-04 08:13:10,499 DEBUG   main [org.springframework.beans.factory.annotation.AutowiredAnnotationBeanPostProcessor] Autowiring by type from bean name 'userRepositoryImpl' to bean named 'ldapTemplate'
2016-02-04 08:13:10,499 DEBUG   main [org.springframework.beans.factory.support.DefaultListableBeanFactory] Finished creating instance of bean 'userRepositoryImpl'
2016-02-04 08:13:10,499 DEBUG   main [org.springframework.beans.factory.support.DefaultListableBeanFactory] Returning cached instance of singleton bean 'org.springframework.context.annotation.internalConfigurationAnnotationProcessor'
2016-02-04 08:13:10,499 DEBUG   main [org.springframework.beans.factory.support.DefaultListableBeanFactory] Returning cached instance of singleton bean 'org.springframework.context.annotation.internalAutowiredAnnotationProcessor'
2016-02-04 08:13:10,500 DEBUG   main [org.springframework.beans.factory.support.DefaultListableBeanFactory] Returning cached instance of singleton bean 'org.springframework.context.annotation.internalRequiredAnnotationProcessor'
2016-02-04 08:13:10,500 DEBUG   main [org.springframework.beans.factory.support.DefaultListableBeanFactory] Returning cached instance of singleton bean 'org.springframework.context.annotation.internalCommonAnnotationProcessor'
2016-02-04 08:13:10,500 DEBUG   main [org.springframework.beans.factory.support.DefaultListableBeanFactory] Returning cached instance of singleton bean 'simpleDirContextAuthenticationStrategy'
2016-02-04 08:13:10,500 DEBUG   main [org.springframework.beans.factory.support.DefaultListableBeanFactory] Creating shared instance of singleton bean 'userReposImpl'
2016-02-04 08:13:10,500 DEBUG   main [org.springframework.beans.factory.support.DefaultListableBeanFactory] Creating instance of bean 'userReposImpl'
2016-02-04 08:13:10,500 DEBUG   main [org.springframework.beans.factory.annotation.InjectionMetadata] Registered injected element on class [gov.fema.adminportal.ldap.repository.UserRepositoryImpl]: AutowiredFieldElement for private org.springframework.ldap.core.LdapTemplate gov.fema.adminportal.ldap.repository.UserRepositoryImpl.ldapTemplate
2016-02-04 08:13:10,500 DEBUG   main [org.springframework.beans.factory.support.DefaultListableBeanFactory] Eagerly caching bean 'userReposImpl' to allow for resolving potential circular references
2016-02-04 08:13:10,501 DEBUG   main [org.springframework.beans.factory.annotation.InjectionMetadata] Processing injected element of bean 'userReposImpl': AutowiredFieldElement for private org.springframework.ldap.core.LdapTemplate gov.fema.adminportal.ldap.repository.UserRepositoryImpl.ldapTemplate
2016-02-04 08:13:10,501 DEBUG   main [org.springframework.beans.factory.support.DefaultListableBeanFactory] Returning cached instance of singleton bean 'ldapTemplate'
2016-02-04 08:13:10,501 DEBUG   main [org.springframework.beans.factory.annotation.AutowiredAnnotationBeanPostProcessor] Autowiring by type from bean name 'userReposImpl' to bean named 'ldapTemplate'
2016-02-04 08:13:10,501 DEBUG   main [org.springframework.beans.factory.support.DefaultListableBeanFactory] Finished creating instance of bean 'userReposImpl'
2016-02-04 08:13:10,501 DEBUG   main [org.springframework.beans.factory.support.DefaultListableBeanFactory] Returning cached instance of singleton bean 'contextSource'
2016-02-04 08:13:10,501 DEBUG   main [org.springframework.beans.factory.support.DefaultListableBeanFactory] Returning cached instance of singleton bean 'ldapTemplate'
2016-02-04 08:13:10,501 DEBUG   main [org.springframework.beans.factory.support.DefaultListableBeanFactory] Returning cached instance of singleton bean 'org.springframework.context.annotation.ConfigurationClassPostProcessor.importAwareProcessor'
2016-02-04 08:13:10,501 DEBUG   main [org.springframework.beans.factory.support.DefaultListableBeanFactory] Returning cached instance of singleton bean 'org.springframework.context.annotation.ConfigurationClassPostProcessor.enhancedConfigurationProcessor'
2016-02-04 08:13:10,502 DEBUG   main [org.springframework.context.support.ClassPathXmlApplicationContext] Unable to locate LifecycleProcessor with name 'lifecycleProcessor': using default [org.springframework.context.support.DefaultLifecycleProcessor@7c1ba98b]
2016-02-04 08:13:10,503 DEBUG   main [org.springframework.beans.factory.support.DefaultListableBeanFactory] Returning cached instance of singleton bean 'lifecycleProcessor'
2016-02-04 08:13:10,503 TRACE   main [org.springframework.context.support.ClassPathXmlApplicationContext] Publishing event in org.springframework.context.support.ClassPathXmlApplicationContext@450faed3: org.springframework.context.event.ContextRefreshedEvent[source=org.springframework.context.support.ClassPathXmlApplicationContext@450faed3: startup date [Thu Feb 04 08:13:09 EST 2016]; root of context hierarchy]
2016-02-04 08:13:10,504 TRACE   main [org.springframework.core.env.PropertySourcesPropertyResolver] getProperty("spring.liveBeansView.mbeanDomain", String)
2016-02-04 08:13:10,504 DEBUG   main [org.springframework.core.env.PropertySourcesPropertyResolver] Searching for key 'spring.liveBeansView.mbeanDomain' in [systemProperties]
2016-02-04 08:13:10,504 DEBUG   main [org.springframework.core.env.PropertySourcesPropertyResolver] Searching for key 'spring.liveBeansView.mbeanDomain' in [systemEnvironment]
2016-02-04 08:13:10,505 DEBUG   main [org.springframework.core.env.PropertySourcesPropertyResolver] Could not find key 'spring.liveBeansView.mbeanDomain' in any property source. Returning [null]
2016-02-04 08:13:10,505 INFO   main [gov.fema.adminportal.ldap.app.LdapApp] Test started at Thu Feb 04 08:13:09 EST 2016
2016-02-04 08:13:10,505 DEBUG   main [org.springframework.beans.factory.support.DefaultListableBeanFactory] Returning cached instance of singleton bean 'userReposImpl'
2016-02-04 08:13:10,505 INFO   main [gov.fema.adminportal.ldap.repository.UserRepositoryImpl] executing {createUser}
2016-02-04 08:17:38,833 DEBUG   main [org.springframework.core.env.StandardEnvironment] Adding [systemProperties] PropertySource with lowest search precedence
2016-02-04 08:17:38,838 DEBUG   main [org.springframework.core.env.StandardEnvironment] Adding [systemEnvironment] PropertySource with lowest search precedence
2016-02-04 08:17:38,838 DEBUG   main [org.springframework.core.env.StandardEnvironment] Initialized StandardEnvironment with PropertySources [systemProperties,systemEnvironment]
2016-02-04 08:17:38,843 INFO   main [org.springframework.context.support.ClassPathXmlApplicationContext] Refreshing org.springframework.context.support.ClassPathXmlApplicationContext@450faed3: startup date [Thu Feb 04 08:17:38 EST 2016]; root of context hierarchy
2016-02-04 08:17:38,880 DEBUG   main [org.springframework.core.env.StandardEnvironment] Adding [systemProperties] PropertySource with lowest search precedence
2016-02-04 08:17:38,880 DEBUG   main [org.springframework.core.env.StandardEnvironment] Adding [systemEnvironment] PropertySource with lowest search precedence
2016-02-04 08:17:38,881 DEBUG   main [org.springframework.core.env.StandardEnvironment] Initialized StandardEnvironment with PropertySources [systemProperties,systemEnvironment]
2016-02-04 08:17:38,894 INFO   main [org.springframework.beans.factory.xml.XmlBeanDefinitionReader] Loading XML bean definitions from class path resource [spring-ldap-example.xml]
2016-02-04 08:17:38,896 DEBUG   main [org.springframework.beans.factory.xml.DefaultDocumentLoader] Using JAXP provider [com.sun.org.apache.xerces.internal.jaxp.DocumentBuilderFactoryImpl]
2016-02-04 08:17:38,919 TRACE   main [org.springframework.beans.factory.xml.PluggableSchemaResolver] Trying to resolve XML entity with public id [null] and system id [http://www.springframework.org/schema/beans/spring-beans.xsd]
2016-02-04 08:17:38,919 DEBUG   main [org.springframework.beans.factory.xml.PluggableSchemaResolver] Loading schema mappings from [META-INF/spring.schemas]
2016-02-04 08:17:38,929 DEBUG   main [org.springframework.beans.factory.xml.PluggableSchemaResolver] Loaded schema mappings: {http://www.springframework.org/schema/tx/spring-tx-2.5.xsd=org/springframework/transaction/config/spring-tx-2.5.xsd, http://www.springframework.org/schema/cache/spring-cache-4.2.xsd=org/springframework/cache/config/spring-cache-4.2.xsd, http://www.springframework.org/schema/aop/spring-aop-4.1.xsd=org/springframework/aop/config/spring-aop-4.1.xsd, http://www.springframework.org/schema/context/spring-context-3.1.xsd=org/springframework/context/config/spring-context-3.1.xsd, http://www.springframework.org/schema/data/repository/spring-repository-1.4.xsd=org/springframework/data/repository/config/spring-repository-1.4.xsd, http://www.springframework.org/schema/util/spring-util-3.0.xsd=org/springframework/beans/factory/xml/spring-util-3.0.xsd, http://www.springframework.org/schema/tool/spring-tool.xsd=org/springframework/beans/factory/xml/spring-tool-4.2.xsd, http://www.springframework.org/schema/aop/spring-aop-3.2.xsd=org/springframework/aop/config/spring-aop-3.2.xsd, http://www.springframework.org/schema/lang/spring-lang-4.1.xsd=org/springframework/scripting/config/spring-lang-4.1.xsd, http://www.springframework.org/schema/context/spring-context-4.0.xsd=org/springframework/context/config/spring-context-4.0.xsd, http://www.springframework.org/schema/beans/spring-beans-4.2.xsd=org/springframework/beans/factory/xml/spring-beans-4.2.xsd, http://www.springframework.org/schema/tool/spring-tool-4.1.xsd=org/springframework/beans/factory/xml/spring-tool-4.1.xsd, http://www.springframework.org/schema/lang/spring-lang-3.2.xsd=org/springframework/scripting/config/spring-lang-3.2.xsd, http://www.springframework.org/schema/cache/spring-cache-3.2.xsd=org/springframework/cache/config/spring-cache-3.2.xsd, http://www.springframework.org/schema/jee/spring-jee-4.1.xsd=org/springframework/ejb/config/spring-jee-4.1.xsd, http://www.springframework.org/schema/task/spring-task-4.2.xsd=org/springframework/scheduling/config/spring-task-4.2.xsd, http://www.springframework.org/schema/util/spring-util-2.0.xsd=org/springframework/beans/factory/xml/spring-util-2.0.xsd, http://www.springframework.org/schema/tool/spring-tool-3.2.xsd=org/springframework/beans/factory/xml/spring-tool-3.2.xsd, http://www.springframework.org/schema/context/spring-context.xsd=org/springframework/context/config/spring-context-4.2.xsd, http://www.springframework.org/schema/tx/spring-tx-4.2.xsd=org/springframework/transaction/config/spring-tx-4.2.xsd, http://www.springframework.org/schema/cache/spring-cache-4.1.xsd=org/springframework/cache/config/spring-cache-4.1.xsd, http://www.springframework.org/schema/aop/spring-aop-4.0.xsd=org/springframework/aop/config/spring-aop-4.0.xsd, http://www.springframework.org/schema/jee/spring-jee-3.2.xsd=org/springframework/ejb/config/spring-jee-3.2.xsd, http://www.springframework.org/schema/context/spring-context-3.0.xsd=org/springframework/context/config/spring-context-3.0.xsd, http://www.springframework.org/schema/util/spring-util-2.5.xsd=org/springframework/beans/factory/xml/spring-util-2.5.xsd, http://www.springframework.org/schema/beans/spring-beans-3.2.xsd=org/springframework/beans/factory/xml/spring-beans-3.2.xsd, http://www.springframework.org/schema/aop/spring-aop-3.1.xsd=org/springframework/aop/config/spring-aop-3.1.xsd, http://www.springframework.org/schema/ldap/spring-ldap-2.0.xsd=org/springframework/ldap/config/spring-ldap-2.0.xsd, http://www.springframework.org/schema/lang/spring-lang-4.0.xsd=org/springframework/scripting/config/spring-lang-4.0.xsd, http://www.springframework.org/schema/beans/spring-beans-4.1.xsd=org/springframework/beans/factory/xml/spring-beans-4.1.xsd, http://www.springframework.org/schema/tool/spring-tool-4.0.xsd=org/springframework/beans/factory/xml/spring-tool-4.0.xsd, http://www.springframework.org/schema/tx/spring-tx-3.2.xsd=org/springframework/transaction/config/spring-tx-3.2.xsd, http://www.springframework.org/schema/lang/spring-lang-3.1.xsd=org/springframework/scripting/config/spring-lang-3.1.xsd, http://www.springframework.org/schema/cache/spring-cache-3.1.xsd=org/springframework/cache/config/spring-cache-3.1.xsd, http://www.springframework.org/schema/jee/spring-jee-4.0.xsd=org/springframework/ejb/config/spring-jee-4.0.xsd, http://www.springframework.org/schema/task/spring-task-4.1.xsd=org/springframework/scheduling/config/spring-task-4.1.xsd, http://www.springframework.org/schema/tool/spring-tool-3.1.xsd=org/springframework/beans/factory/xml/spring-tool-3.1.xsd, http://www.springframework.org/schema/tx/spring-tx-4.1.xsd=org/springframework/transaction/config/spring-tx-4.1.xsd, http://www.springframework.org/schema/cache/spring-cache-4.0.xsd=org/springframework/cache/config/spring-cache-4.0.xsd, http://www.springframework.org/schema/jee/spring-jee-3.1.xsd=org/springframework/ejb/config/spring-jee-3.1.xsd, http://www.springframework.org/schema/task/spring-task-3.2.xsd=org/springframework/scheduling/config/spring-task-3.2.xsd, http://www.springframework.org/schema/util/spring-util-4.2.xsd=org/springframework/beans/factory/xml/spring-util-4.2.xsd, http://www.springframework.org/schema/beans/spring-beans-3.1.xsd=org/springframework/beans/factory/xml/spring-beans-3.1.xsd, http://www.springframework.org/schema/util/spring-util.xsd=org/springframework/beans/factory/xml/spring-util-4.2.xsd, http://www.springframework.org/schema/aop/spring-aop-3.0.xsd=org/springframework/aop/config/spring-aop-3.0.xsd, http://www.springframework.org/schema/data/repository/spring-repository.xsd=org/springframework/data/repository/config/spring-repository-1.7.xsd, http://www.springframework.org/schema/data/repository/spring-repository-1.7.xsd=org/springframework/data/repository/config/spring-repository-1.7.xsd, http://www.springframework.org/schema/ldap/spring-ldap.xsd=org/springframework/ldap/config/spring-ldap-2.0.xsd, http://www.springframework.org/schema/beans/spring-beans-4.0.xsd=org/springframework/beans/factory/xml/spring-beans-4.0.xsd, http://www.springframework.org/schema/beans/spring-beans.xsd=org/springframework/beans/factory/xml/spring-beans-4.2.xsd, http://www.springframework.org/schema/tx/spring-tx-3.1.xsd=org/springframework/transaction/config/spring-tx-3.1.xsd, http://www.springframework.org/schema/lang/spring-lang-3.0.xsd=org/springframework/scripting/config/spring-lang-3.0.xsd, http://www.springframework.org/schema/context/spring-context-2.5.xsd=org/springframework/context/config/spring-context-2.5.xsd, http://www.springframework.org/schema/task/spring-task-4.0.xsd=org/springframework/scheduling/config/spring-task-4.0.xsd, http://www.springframework.org/schema/tool/spring-tool-3.0.xsd=org/springframework/beans/factory/xml/spring-tool-3.0.xsd, http://www.springframework.org/schema/tx/spring-tx-4.0.xsd=org/springframework/transaction/config/spring-tx-4.0.xsd, http://www.springframework.org/schema/aop/spring-aop-2.0.xsd=org/springframework/aop/config/spring-aop-2.0.xsd, http://www.springframework.org/schema/jee/spring-jee-3.0.xsd=org/springframework/ejb/config/spring-jee-3.0.xsd, http://www.springframework.org/schema/util/spring-util-4.1.xsd=org/springframework/beans/factory/xml/spring-util-4.1.xsd, http://www.springframework.org/schema/task/spring-task-3.1.xsd=org/springframework/scheduling/config/spring-task-3.1.xsd, http://www.springframework.org/schema/beans/spring-beans-3.0.xsd=org/springframework/beans/factory/xml/spring-beans-3.0.xsd, http://www.springframework.org/schema/jee/spring-jee.xsd=org/springframework/ejb/config/spring-jee-4.2.xsd, http://www.springframework.org/schema/aop/spring-aop-2.5.xsd=org/springframework/aop/config/spring-aop-2.5.xsd, http://www.springframework.org/schema/lang/spring-lang-2.0.xsd=org/springframework/scripting/config/spring-lang-2.0.xsd, http://www.springframework.org/schema/data/repository/spring-repository-1.6.xsd=org/springframework/data/repository/config/spring-repository-1.6.xsd, http://www.springframework.org/schema/util/spring-util-3.2.xsd=org/springframework/beans/factory/xml/spring-util-3.2.xsd, http://www.springframework.org/schema/task/spring-task.xsd=org/springframework/scheduling/config/spring-task-4.2.xsd, http://www.springframework.org/schema/tool/spring-tool-2.0.xsd=org/springframework/beans/factory/xml/spring-tool-2.0.xsd, http://www.springframework.org/schema/tx/spring-tx-3.0.xsd=org/springframework/transaction/config/spring-tx-3.0.xsd, http://www.springframework.org/schema/lang/spring-lang-2.5.xsd=org/springframework/scripting/config/spring-lang-2.5.xsd, http://www.springframework.org/schema/context/spring-context-4.2.xsd=org/springframework/context/config/spring-context-4.2.xsd, http://www.springframework.org/schema/jee/spring-jee-2.0.xsd=org/springframework/ejb/config/spring-jee-2.0.xsd, http://www.springframework.org/schema/tool/spring-tool-2.5.xsd=org/springframework/beans/factory/xml/spring-tool-2.5.xsd, http://www.springframework.org/schema/jee/spring-jee-2.5.xsd=org/springframework/ejb/config/spring-jee-2.5.xsd, http://www.springframework.org/schema/data/repository/spring-repository-1.0.xsd=org/springframework/data/repository/config/spring-repository-1.0.xsd, http://www.springframework.org/schema/util/spring-util-4.0.xsd=org/springframework/beans/factory/xml/spring-util-4.0.xsd, http://www.springframework.org/schema/task/spring-task-3.0.xsd=org/springframework/scheduling/config/spring-task-3.0.xsd, http://www.springframework.org/schema/aop/spring-aop-4.2.xsd=org/springframework/aop/config/spring-aop-4.2.xsd, http://www.springframework.org/schema/lang/spring-lang.xsd=org/springframework/scripting/config/spring-lang-4.2.xsd, http://www.springframework.org/schema/context/spring-context-3.2.xsd=org/springframework/context/config/spring-context-3.2.xsd, http://www.springframework.org/schema/data/repository/spring-repository-1.5.xsd=org/springframework/data/repository/config/spring-repository-1.5.xsd, http://www.springframework.org/schema/util/spring-util-3.1.xsd=org/springframework/beans/factory/xml/spring-util-3.1.xsd, http://www.springframework.org/schema/beans/spring-beans-2.0.xsd=org/springframework/beans/factory/xml/spring-beans-2.0.xsd, http://www.springframework.org/schema/cache/spring-cache.xsd=org/springframework/cache/config/spring-cache-4.2.xsd, http://www.springframework.org/schema/tx/spring-tx.xsd=org/springframework/transaction/config/spring-tx-4.2.xsd, http://www.springframework.org/schema/lang/spring-lang-4.2.xsd=org/springframework/scripting/config/spring-lang-4.2.xsd, http://www.springframework.org/schema/context/spring-context-4.1.xsd=org/springframework/context/config/spring-context-4.1.xsd, http://www.springframework.org/schema/beans/spring-beans-2.5.xsd=org/springframework/beans/factory/xml/spring-beans-2.5.xsd, http://www.springframework.org/schema/tool/spring-tool-4.2.xsd=org/springframework/beans/factory/xml/spring-tool-4.2.xsd, http://www.springframework.org/schema/tx/spring-tx-2.0.xsd=org/springframework/transaction/config/spring-tx-2.0.xsd, http://www.springframework.org/schema/jee/spring-jee-4.2.xsd=org/springframework/ejb/config/spring-jee-4.2.xsd, http://www.springframework.org/schema/aop/spring-aop.xsd=org/springframework/aop/config/spring-aop-4.2.xsd}
2016-02-04 08:17:38,933 DEBUG   main [org.springframework.beans.factory.xml.PluggableSchemaResolver] Found XML schema [http://www.springframework.org/schema/beans/spring-beans.xsd] in classpath: org/springframework/beans/factory/xml/spring-beans-4.2.xsd
2016-02-04 08:17:38,990 TRACE   main [org.springframework.beans.factory.xml.PluggableSchemaResolver] Trying to resolve XML entity with public id [null] and system id [http://www.springframework.org/schema/context/spring-context.xsd]
2016-02-04 08:17:38,991 DEBUG   main [org.springframework.beans.factory.xml.PluggableSchemaResolver] Found XML schema [http://www.springframework.org/schema/context/spring-context.xsd] in classpath: org/springframework/context/config/spring-context-4.2.xsd
2016-02-04 08:17:39,000 TRACE   main [org.springframework.beans.factory.xml.PluggableSchemaResolver] Trying to resolve XML entity with public id [null] and system id [http://www.springframework.org/schema/tool/spring-tool-4.2.xsd]
2016-02-04 08:17:39,000 DEBUG   main [org.springframework.beans.factory.xml.PluggableSchemaResolver] Found XML schema [http://www.springframework.org/schema/tool/spring-tool-4.2.xsd] in classpath: org/springframework/beans/factory/xml/spring-tool-4.2.xsd
2016-02-04 08:17:39,009 TRACE   main [org.springframework.beans.factory.xml.PluggableSchemaResolver] Trying to resolve XML entity with public id [null] and system id [http://www.springframework.org/schema/ldap/spring-ldap.xsd]
2016-02-04 08:17:39,010 DEBUG   main [org.springframework.beans.factory.xml.PluggableSchemaResolver] Found XML schema [http://www.springframework.org/schema/ldap/spring-ldap.xsd] in classpath: org/springframework/ldap/config/spring-ldap-2.0.xsd
2016-02-04 08:17:39,019 TRACE   main [org.springframework.beans.factory.xml.PluggableSchemaResolver] Trying to resolve XML entity with public id [null] and system id [http://www.springframework.org/schema/data/repository/spring-repository.xsd]
2016-02-04 08:17:39,020 DEBUG   main [org.springframework.beans.factory.xml.PluggableSchemaResolver] Found XML schema [http://www.springframework.org/schema/data/repository/spring-repository.xsd] in classpath: org/springframework/data/repository/config/spring-repository-1.7.xsd
2016-02-04 08:17:39,036 DEBUG   main [org.springframework.beans.factory.xml.DefaultBeanDefinitionDocumentReader] Loading bean definitions
2016-02-04 08:17:39,046 DEBUG   main [org.springframework.beans.factory.xml.DefaultNamespaceHandlerResolver] Loaded NamespaceHandler mappings: {http://www.springframework.org/schema/p=org.springframework.beans.factory.xml.SimplePropertyNamespaceHandler, http://www.springframework.org/schema/util=org.springframework.beans.factory.xml.UtilNamespaceHandler, http://www.springframework.org/schema/jee=org.springframework.ejb.config.JeeNamespaceHandler, http://www.springframework.org/schema/aop=org.springframework.aop.config.AopNamespaceHandler, http://www.springframework.org/schema/data/repository=org.springframework.data.repository.config.RepositoryNameSpaceHandler, http://www.springframework.org/schema/cache=org.springframework.cache.config.CacheNamespaceHandler, http://www.springframework.org/schema/c=org.springframework.beans.factory.xml.SimpleConstructorNamespaceHandler, http://www.springframework.org/schema/ldap=org.springframework.ldap.config.LdapNamespaceHandler, http://www.springframework.org/schema/tx=org.springframework.transaction.config.TxNamespaceHandler, http://www.springframework.org/schema/task=org.springframework.scheduling.config.TaskNamespaceHandler, http://www.springframework.org/schema/lang=org.springframework.scripting.config.LangNamespaceHandler, http://www.springframework.org/schema/context=org.springframework.context.config.ContextNamespaceHandler}
2016-02-04 08:17:39,059 DEBUG   main [org.springframework.core.env.StandardEnvironment] Adding [systemProperties] PropertySource with lowest search precedence
2016-02-04 08:17:39,059 DEBUG   main [org.springframework.core.env.StandardEnvironment] Adding [systemEnvironment] PropertySource with lowest search precedence
2016-02-04 08:17:39,059 DEBUG   main [org.springframework.core.env.StandardEnvironment] Initialized StandardEnvironment with PropertySources [systemProperties,systemEnvironment]
2016-02-04 08:17:39,071 DEBUG   main [org.springframework.core.io.support.PathMatchingResourcePatternResolver] Looking for matching resources in directory tree [C:\Eclipse\workspace\spring-ldap-example\bin\gov\fema\adminportal\ldap]
2016-02-04 08:17:39,071 DEBUG   main [org.springframework.core.io.support.PathMatchingResourcePatternResolver] Searching directory [C:\Eclipse\workspace\spring-ldap-example\bin\gov\fema\adminportal\ldap] for files matching pattern [C:/Eclipse/workspace/spring-ldap-example/bin/gov/fema/adminportal/ldap/**/*.class]
2016-02-04 08:17:39,072 DEBUG   main [org.springframework.core.io.support.PathMatchingResourcePatternResolver] Searching directory [C:\Eclipse\workspace\spring-ldap-example\bin\gov\fema\adminportal\ldap\app] for files matching pattern [C:/Eclipse/workspace/spring-ldap-example/bin/gov/fema/adminportal/ldap/**/*.class]
2016-02-04 08:17:39,073 DEBUG   main [org.springframework.core.io.support.PathMatchingResourcePatternResolver] Searching directory [C:\Eclipse\workspace\spring-ldap-example\bin\gov\fema\adminportal\ldap\model] for files matching pattern [C:/Eclipse/workspace/spring-ldap-example/bin/gov/fema/adminportal/ldap/**/*.class]
2016-02-04 08:17:39,074 DEBUG   main [org.springframework.core.io.support.PathMatchingResourcePatternResolver] Searching directory [C:\Eclipse\workspace\spring-ldap-example\bin\gov\fema\adminportal\ldap\repository] for files matching pattern [C:/Eclipse/workspace/spring-ldap-example/bin/gov/fema/adminportal/ldap/**/*.class]
2016-02-04 08:17:39,076 DEBUG   main [org.springframework.core.io.support.PathMatchingResourcePatternResolver] Resolved location pattern [classpath*:gov/fema/adminportal/ldap/**/*.class] to resources [file [C:\Eclipse\workspace\spring-ldap-example\bin\gov\fema\adminportal\ldap\app\LdapApp.class], file [C:\Eclipse\workspace\spring-ldap-example\bin\gov\fema\adminportal\ldap\model\User.class], file [C:\Eclipse\workspace\spring-ldap-example\bin\gov\fema\adminportal\ldap\repository\UserRepository.class], file [C:\Eclipse\workspace\spring-ldap-example\bin\gov\fema\adminportal\ldap\repository\UserRepositoryImpl$MultipleAttributesMapper.class], file [C:\Eclipse\workspace\spring-ldap-example\bin\gov\fema\adminportal\ldap\repository\UserRepositoryImpl$SingleAttributesMapper.class], file [C:\Eclipse\workspace\spring-ldap-example\bin\gov\fema\adminportal\ldap\repository\UserRepositoryImpl$UserAttributesMapper.class], file [C:\Eclipse\workspace\spring-ldap-example\bin\gov\fema\adminportal\ldap\repository\UserRepositoryImpl.class]]
2016-02-04 08:17:39,076 TRACE   main [org.springframework.context.annotation.ClassPathBeanDefinitionScanner] Scanning file [C:\Eclipse\workspace\spring-ldap-example\bin\gov\fema\adminportal\ldap\app\LdapApp.class]
2016-02-04 08:17:39,090 TRACE   main [org.springframework.context.annotation.ClassPathBeanDefinitionScanner] Ignored because not matching any filter: file [C:\Eclipse\workspace\spring-ldap-example\bin\gov\fema\adminportal\ldap\app\LdapApp.class]
2016-02-04 08:17:39,090 TRACE   main [org.springframework.context.annotation.ClassPathBeanDefinitionScanner] Scanning file [C:\Eclipse\workspace\spring-ldap-example\bin\gov\fema\adminportal\ldap\model\User.class]
2016-02-04 08:17:39,091 TRACE   main [org.springframework.context.annotation.ClassPathBeanDefinitionScanner] Ignored because not matching any filter: file [C:\Eclipse\workspace\spring-ldap-example\bin\gov\fema\adminportal\ldap\model\User.class]
2016-02-04 08:17:39,091 TRACE   main [org.springframework.context.annotation.ClassPathBeanDefinitionScanner] Scanning file [C:\Eclipse\workspace\spring-ldap-example\bin\gov\fema\adminportal\ldap\repository\UserRepository.class]
2016-02-04 08:17:39,092 TRACE   main [org.springframework.context.annotation.ClassPathBeanDefinitionScanner] Ignored because not matching any filter: file [C:\Eclipse\workspace\spring-ldap-example\bin\gov\fema\adminportal\ldap\repository\UserRepository.class]
2016-02-04 08:17:39,092 TRACE   main [org.springframework.context.annotation.ClassPathBeanDefinitionScanner] Scanning file [C:\Eclipse\workspace\spring-ldap-example\bin\gov\fema\adminportal\ldap\repository\UserRepositoryImpl$MultipleAttributesMapper.class]
2016-02-04 08:17:39,092 TRACE   main [org.springframework.context.annotation.ClassPathBeanDefinitionScanner] Ignored because not matching any filter: file [C:\Eclipse\workspace\spring-ldap-example\bin\gov\fema\adminportal\ldap\repository\UserRepositoryImpl$MultipleAttributesMapper.class]
2016-02-04 08:17:39,092 TRACE   main [org.springframework.context.annotation.ClassPathBeanDefinitionScanner] Scanning file [C:\Eclipse\workspace\spring-ldap-example\bin\gov\fema\adminportal\ldap\repository\UserRepositoryImpl$SingleAttributesMapper.class]
2016-02-04 08:17:39,093 TRACE   main [org.springframework.context.annotation.ClassPathBeanDefinitionScanner] Ignored because not matching any filter: file [C:\Eclipse\workspace\spring-ldap-example\bin\gov\fema\adminportal\ldap\repository\UserRepositoryImpl$SingleAttributesMapper.class]
2016-02-04 08:17:39,093 TRACE   main [org.springframework.context.annotation.ClassPathBeanDefinitionScanner] Scanning file [C:\Eclipse\workspace\spring-ldap-example\bin\gov\fema\adminportal\ldap\repository\UserRepositoryImpl$UserAttributesMapper.class]
2016-02-04 08:17:39,093 TRACE   main [org.springframework.context.annotation.ClassPathBeanDefinitionScanner] Ignored because not matching any filter: file [C:\Eclipse\workspace\spring-ldap-example\bin\gov\fema\adminportal\ldap\repository\UserRepositoryImpl$UserAttributesMapper.class]
2016-02-04 08:17:39,093 TRACE   main [org.springframework.context.annotation.ClassPathBeanDefinitionScanner] Scanning file [C:\Eclipse\workspace\spring-ldap-example\bin\gov\fema\adminportal\ldap\repository\UserRepositoryImpl.class]
2016-02-04 08:17:39,105 DEBUG   main [org.springframework.context.annotation.ClassPathBeanDefinitionScanner] Identified candidate component class: file [C:\Eclipse\workspace\spring-ldap-example\bin\gov\fema\adminportal\ldap\repository\UserRepositoryImpl.class]
2016-02-04 08:17:39,138 DEBUG   main [org.springframework.beans.factory.xml.XmlBeanDefinitionReader] Loaded 9 bean definitions from location pattern [spring-ldap-example.xml]
2016-02-04 08:17:39,138 DEBUG   main [org.springframework.context.support.ClassPathXmlApplicationContext] Bean factory for org.springframework.context.support.ClassPathXmlApplicationContext@450faed3: org.springframework.beans.factory.support.DefaultListableBeanFactory@5c5d9afc: defining beans [userRepositoryImpl,org.springframework.context.annotation.internalConfigurationAnnotationProcessor,org.springframework.context.annotation.internalAutowiredAnnotationProcessor,org.springframework.context.annotation.internalRequiredAnnotationProcessor,org.springframework.context.annotation.internalCommonAnnotationProcessor,simpleDirContextAuthenticationStrategy,userReposImpl,contextSource,ldapTemplate]; root of factory hierarchy
2016-02-04 08:17:39,165 DEBUG   main [org.springframework.beans.factory.support.DefaultListableBeanFactory] Creating shared instance of singleton bean 'org.springframework.context.annotation.internalConfigurationAnnotationProcessor'
2016-02-04 08:17:39,165 DEBUG   main [org.springframework.beans.factory.support.DefaultListableBeanFactory] Creating instance of bean 'org.springframework.context.annotation.internalConfigurationAnnotationProcessor'
2016-02-04 08:17:39,180 DEBUG   main [org.springframework.beans.factory.support.DefaultListableBeanFactory] Eagerly caching bean 'org.springframework.context.annotation.internalConfigurationAnnotationProcessor' to allow for resolving potential circular references
2016-02-04 08:17:39,182 DEBUG   main [org.springframework.beans.factory.support.DefaultListableBeanFactory] Finished creating instance of bean 'org.springframework.context.annotation.internalConfigurationAnnotationProcessor'
2016-02-04 08:17:39,231 DEBUG   main [org.springframework.beans.factory.support.DefaultListableBeanFactory] Creating shared instance of singleton bean 'org.springframework.context.annotation.internalAutowiredAnnotationProcessor'
2016-02-04 08:17:39,231 DEBUG   main [org.springframework.beans.factory.support.DefaultListableBeanFactory] Creating instance of bean 'org.springframework.context.annotation.internalAutowiredAnnotationProcessor'
2016-02-04 08:17:39,234 DEBUG   main [org.springframework.beans.factory.support.DefaultListableBeanFactory] Eagerly caching bean 'org.springframework.context.annotation.internalAutowiredAnnotationProcessor' to allow for resolving potential circular references
2016-02-04 08:17:39,234 DEBUG   main [org.springframework.beans.factory.support.DefaultListableBeanFactory] Finished creating instance of bean 'org.springframework.context.annotation.internalAutowiredAnnotationProcessor'
2016-02-04 08:17:39,234 DEBUG   main [org.springframework.beans.factory.support.DefaultListableBeanFactory] Creating shared instance of singleton bean 'org.springframework.context.annotation.internalRequiredAnnotationProcessor'
2016-02-04 08:17:39,235 DEBUG   main [org.springframework.beans.factory.support.DefaultListableBeanFactory] Creating instance of bean 'org.springframework.context.annotation.internalRequiredAnnotationProcessor'
2016-02-04 08:17:39,236 DEBUG   main [org.springframework.beans.factory.support.DefaultListableBeanFactory] Eagerly caching bean 'org.springframework.context.annotation.internalRequiredAnnotationProcessor' to allow for resolving potential circular references
2016-02-04 08:17:39,236 DEBUG   main [org.springframework.beans.factory.support.DefaultListableBeanFactory] Finished creating instance of bean 'org.springframework.context.annotation.internalRequiredAnnotationProcessor'
2016-02-04 08:17:39,236 DEBUG   main [org.springframework.beans.factory.support.DefaultListableBeanFactory] Creating shared instance of singleton bean 'org.springframework.context.annotation.internalCommonAnnotationProcessor'
2016-02-04 08:17:39,236 DEBUG   main [org.springframework.beans.factory.support.DefaultListableBeanFactory] Creating instance of bean 'org.springframework.context.annotation.internalCommonAnnotationProcessor'
2016-02-04 08:17:39,240 DEBUG   main [org.springframework.beans.factory.support.DefaultListableBeanFactory] Eagerly caching bean 'org.springframework.context.annotation.internalCommonAnnotationProcessor' to allow for resolving potential circular references
2016-02-04 08:17:39,240 DEBUG   main [org.springframework.beans.factory.support.DefaultListableBeanFactory] Finished creating instance of bean 'org.springframework.context.annotation.internalCommonAnnotationProcessor'
2016-02-04 08:17:39,240 DEBUG   main [org.springframework.beans.factory.support.DefaultListableBeanFactory] Creating shared instance of singleton bean 'org.springframework.context.annotation.ConfigurationClassPostProcessor.importAwareProcessor'
2016-02-04 08:17:39,240 DEBUG   main [org.springframework.beans.factory.support.DefaultListableBeanFactory] Creating instance of bean 'org.springframework.context.annotation.ConfigurationClassPostProcessor.importAwareProcessor'
2016-02-04 08:17:39,240 DEBUG   main [org.springframework.beans.factory.support.DefaultListableBeanFactory] Eagerly caching bean 'org.springframework.context.annotation.ConfigurationClassPostProcessor.importAwareProcessor' to allow for resolving potential circular references
2016-02-04 08:17:39,240 DEBUG   main [org.springframework.beans.factory.support.DefaultListableBeanFactory] Finished creating instance of bean 'org.springframework.context.annotation.ConfigurationClassPostProcessor.importAwareProcessor'
2016-02-04 08:17:39,240 DEBUG   main [org.springframework.beans.factory.support.DefaultListableBeanFactory] Creating shared instance of singleton bean 'org.springframework.context.annotation.ConfigurationClassPostProcessor.enhancedConfigurationProcessor'
2016-02-04 08:17:39,240 DEBUG   main [org.springframework.beans.factory.support.DefaultListableBeanFactory] Creating instance of bean 'org.springframework.context.annotation.ConfigurationClassPostProcessor.enhancedConfigurationProcessor'
2016-02-04 08:17:39,241 DEBUG   main [org.springframework.beans.factory.support.DefaultListableBeanFactory] Eagerly caching bean 'org.springframework.context.annotation.ConfigurationClassPostProcessor.enhancedConfigurationProcessor' to allow for resolving potential circular references
2016-02-04 08:17:39,241 DEBUG   main [org.springframework.beans.factory.support.DefaultListableBeanFactory] Finished creating instance of bean 'org.springframework.context.annotation.ConfigurationClassPostProcessor.enhancedConfigurationProcessor'
2016-02-04 08:17:39,244 DEBUG   main [org.springframework.context.support.ClassPathXmlApplicationContext] Unable to locate MessageSource with name 'messageSource': using default [org.springframework.context.support.DelegatingMessageSource@423e8eb8]
2016-02-04 08:17:39,246 DEBUG   main [org.springframework.context.support.ClassPathXmlApplicationContext] Unable to locate ApplicationEventMulticaster with name 'applicationEventMulticaster': using default [org.springframework.context.event.SimpleApplicationEventMulticaster@2eaa00e4]
2016-02-04 08:17:39,247 DEBUG   main [org.springframework.beans.factory.support.DefaultListableBeanFactory] Pre-instantiating singletons in org.springframework.beans.factory.support.DefaultListableBeanFactory@5c5d9afc: defining beans [userRepositoryImpl,org.springframework.context.annotation.internalConfigurationAnnotationProcessor,org.springframework.context.annotation.internalAutowiredAnnotationProcessor,org.springframework.context.annotation.internalRequiredAnnotationProcessor,org.springframework.context.annotation.internalCommonAnnotationProcessor,simpleDirContextAuthenticationStrategy,userReposImpl,contextSource,ldapTemplate,org.springframework.context.annotation.ConfigurationClassPostProcessor.importAwareProcessor,org.springframework.context.annotation.ConfigurationClassPostProcessor.enhancedConfigurationProcessor]; root of factory hierarchy
2016-02-04 08:17:39,247 DEBUG   main [org.springframework.beans.factory.support.DefaultListableBeanFactory] Creating shared instance of singleton bean 'userRepositoryImpl'
2016-02-04 08:17:39,247 DEBUG   main [org.springframework.beans.factory.support.DefaultListableBeanFactory] Creating instance of bean 'userRepositoryImpl'
2016-02-04 08:17:39,263 DEBUG   main [org.springframework.beans.factory.annotation.InjectionMetadata] Registered injected element on class [gov.fema.adminportal.ldap.repository.UserRepositoryImpl]: AutowiredFieldElement for private org.springframework.ldap.core.LdapTemplate gov.fema.adminportal.ldap.repository.UserRepositoryImpl.ldapTemplate
2016-02-04 08:17:39,263 DEBUG   main [org.springframework.beans.factory.support.DefaultListableBeanFactory] Eagerly caching bean 'userRepositoryImpl' to allow for resolving potential circular references
2016-02-04 08:17:39,266 TRACE   main [org.springframework.core.io.support.SpringFactoriesLoader] Loaded [org.springframework.beans.BeanInfoFactory] names: [org.springframework.beans.ExtendedBeanInfoFactory]
2016-02-04 08:17:39,269 TRACE   main [org.springframework.beans.CachedIntrospectionResults] Getting BeanInfo for class [gov.fema.adminportal.ldap.repository.UserRepositoryImpl]
2016-02-04 08:17:39,275 TRACE   main [org.springframework.beans.CachedIntrospectionResults] Caching PropertyDescriptors for class [gov.fema.adminportal.ldap.repository.UserRepositoryImpl]
2016-02-04 08:17:39,275 TRACE   main [org.springframework.beans.CachedIntrospectionResults] Found bean property 'allUserNames' of type [java.util.List]
2016-02-04 08:17:39,278 TRACE   main [org.springframework.beans.CachedIntrospectionResults] Found bean property 'allUsers' of type [java.util.List]
2016-02-04 08:17:39,279 TRACE   main [org.springframework.beans.CachedIntrospectionResults] Found bean property 'class' of type [java.lang.Class]
2016-02-04 08:17:39,282 DEBUG   main [org.springframework.beans.factory.annotation.InjectionMetadata] Processing injected element of bean 'userRepositoryImpl': AutowiredFieldElement for private org.springframework.ldap.core.LdapTemplate gov.fema.adminportal.ldap.repository.UserRepositoryImpl.ldapTemplate
2016-02-04 08:17:39,288 DEBUG   main [org.springframework.beans.factory.support.DefaultListableBeanFactory] Creating shared instance of singleton bean 'ldapTemplate'
2016-02-04 08:17:39,288 DEBUG   main [org.springframework.beans.factory.support.DefaultListableBeanFactory] Creating instance of bean 'ldapTemplate'
2016-02-04 08:17:39,302 DEBUG   main [org.springframework.beans.factory.support.DefaultListableBeanFactory] Eagerly caching bean 'ldapTemplate' to allow for resolving potential circular references
2016-02-04 08:17:39,302 TRACE   main [org.springframework.beans.CachedIntrospectionResults] Getting BeanInfo for class [org.springframework.ldap.core.LdapTemplate]
2016-02-04 08:17:39,314 TRACE   main [org.springframework.beans.CachedIntrospectionResults] Caching PropertyDescriptors for class [org.springframework.ldap.core.LdapTemplate]
2016-02-04 08:17:39,314 TRACE   main [org.springframework.beans.CachedIntrospectionResults] Found bean property 'class' of type [java.lang.Class]
2016-02-04 08:17:39,315 TRACE   main [org.springframework.beans.CachedIntrospectionResults] Found bean property 'contextSource' of type [org.springframework.ldap.core.ContextSource]
2016-02-04 08:17:39,315 TRACE   main [org.springframework.beans.CachedIntrospectionResults] Found bean property 'defaultCountLimit' of type [int]
2016-02-04 08:17:39,315 TRACE   main [org.springframework.beans.CachedIntrospectionResults] Found bean property 'defaultSearchScope' of type [int]
2016-02-04 08:17:39,315 TRACE   main [org.springframework.beans.CachedIntrospectionResults] Found bean property 'defaultTimeLimit' of type [int]
2016-02-04 08:17:39,315 TRACE   main [org.springframework.beans.CachedIntrospectionResults] Found bean property 'ignoreNameNotFoundException' of type [boolean]
2016-02-04 08:17:39,315 TRACE   main [org.springframework.beans.CachedIntrospectionResults] Found bean property 'ignorePartialResultException' of type [boolean]
2016-02-04 08:17:39,315 TRACE   main [org.springframework.beans.CachedIntrospectionResults] Found bean property 'ignoreSizeLimitExceededException' of type [boolean]
2016-02-04 08:17:39,316 TRACE   main [org.springframework.beans.CachedIntrospectionResults] Found bean property 'objectDirectoryMapper' of type [org.springframework.ldap.odm.core.ObjectDirectoryMapper]
2016-02-04 08:17:39,317 DEBUG   main [org.springframework.beans.factory.support.DefaultListableBeanFactory] Creating shared instance of singleton bean 'contextSource'
2016-02-04 08:17:39,317 DEBUG   main [org.springframework.beans.factory.support.DefaultListableBeanFactory] Creating instance of bean 'contextSource'
2016-02-04 08:17:39,321 DEBUG   main [org.springframework.beans.factory.support.DefaultListableBeanFactory] Creating instance of bean '(inner bean)#1e7eee8f'
2016-02-04 08:17:39,335 TRACE   main [org.springframework.beans.CachedIntrospectionResults] Getting BeanInfo for class [org.springframework.ldap.core.support.LdapContextSource]
2016-02-04 08:17:39,339 TRACE   main [org.springframework.beans.CachedIntrospectionResults] Caching PropertyDescriptors for class [org.springframework.ldap.core.support.LdapContextSource]
2016-02-04 08:17:39,339 TRACE   main [org.springframework.beans.CachedIntrospectionResults] Found bean property 'anonymousReadOnly' of type [boolean]
2016-02-04 08:17:39,339 TRACE   main [org.springframework.beans.CachedIntrospectionResults] Found bean property 'authenticationSource' of type [org.springframework.ldap.core.AuthenticationSource]
2016-02-04 08:17:39,339 TRACE   main [org.springframework.beans.CachedIntrospectionResults] Found bean property 'authenticationStrategy' of type [org.springframework.ldap.core.support.DirContextAuthenticationStrategy]
2016-02-04 08:17:39,339 TRACE   main [org.springframework.beans.CachedIntrospectionResults] Found bean property 'base' of type [java.lang.String]
2016-02-04 08:17:39,339 TRACE   main [org.springframework.beans.CachedIntrospectionResults] Found bean property 'baseEnvironmentProperties' of type [java.util.Map]
2016-02-04 08:17:39,339 TRACE   main [org.springframework.beans.CachedIntrospectionResults] Found bean property 'baseLdapName' of type [javax.naming.ldap.LdapName]
2016-02-04 08:17:39,339 TRACE   main [org.springframework.beans.CachedIntrospectionResults] Found bean property 'baseLdapPath' of type [org.springframework.ldap.core.DistinguishedName]
2016-02-04 08:17:39,340 TRACE   main [org.springframework.beans.CachedIntrospectionResults] Found bean property 'baseLdapPathAsString' of type [java.lang.String]
2016-02-04 08:17:39,340 TRACE   main [org.springframework.beans.CachedIntrospectionResults] Found bean property 'cacheEnvironmentProperties' of type [boolean]
2016-02-04 08:17:39,340 TRACE   main [org.springframework.beans.CachedIntrospectionResults] Found bean property 'class' of type [java.lang.Class]
2016-02-04 08:17:39,340 TRACE   main [org.springframework.beans.CachedIntrospectionResults] Found bean property 'contextFactory' of type [java.lang.Class]
2016-02-04 08:17:39,340 TRACE   main [org.springframework.beans.CachedIntrospectionResults] Found bean property 'dirObjectFactory' of type [java.lang.Class]
2016-02-04 08:17:39,340 TRACE   main [org.springframework.beans.CachedIntrospectionResults] Found bean property 'password' of type [java.lang.String]
2016-02-04 08:17:39,340 TRACE   main [org.springframework.beans.CachedIntrospectionResults] Found bean property 'pooled' of type [boolean]
2016-02-04 08:17:39,341 TRACE   main [org.springframework.beans.CachedIntrospectionResults] Found bean property 'readOnlyContext' of type [javax.naming.directory.DirContext]
2016-02-04 08:17:39,341 TRACE   main [org.springframework.beans.CachedIntrospectionResults] Found bean property 'readWriteContext' of type [javax.naming.directory.DirContext]
2016-02-04 08:17:39,341 TRACE   main [org.springframework.beans.CachedIntrospectionResults] Found bean property 'referral' of type [java.lang.String]
2016-02-04 08:17:39,341 TRACE   main [org.springframework.beans.CachedIntrospectionResults] Found bean property 'url' of type [java.lang.String]
2016-02-04 08:17:39,341 TRACE   main [org.springframework.beans.CachedIntrospectionResults] Found bean property 'urls' of type [[Ljava.lang.String;]
2016-02-04 08:17:39,341 TRACE   main [org.springframework.beans.CachedIntrospectionResults] Found bean property 'userDn' of type [java.lang.String]
2016-02-04 08:17:39,345 DEBUG   main [org.springframework.beans.factory.support.DefaultListableBeanFactory] Creating instance of bean '(inner bean)#67cbabb9'
2016-02-04 08:17:39,348 TRACE   main [org.springframework.beans.CachedIntrospectionResults] Getting BeanInfo for class [[Ljava.lang.String;]
2016-02-04 08:17:39,348 TRACE   main [org.springframework.beans.CachedIntrospectionResults] Caching PropertyDescriptors for class [[Ljava.lang.String;]
2016-02-04 08:17:39,348 TRACE   main [org.springframework.beans.CachedIntrospectionResults] Found bean property 'class' of type [java.lang.Class]
2016-02-04 08:17:39,349 DEBUG   main [org.springframework.beans.factory.support.DefaultListableBeanFactory] Finished creating instance of bean '(inner bean)#67cbabb9'
2016-02-04 08:17:39,349 DEBUG   main [org.springframework.beans.factory.support.DefaultListableBeanFactory] Creating shared instance of singleton bean 'simpleDirContextAuthenticationStrategy'
2016-02-04 08:17:39,349 DEBUG   main [org.springframework.beans.factory.support.DefaultListableBeanFactory] Creating instance of bean 'simpleDirContextAuthenticationStrategy'
2016-02-04 08:17:39,350 DEBUG   main [org.springframework.beans.factory.support.DefaultListableBeanFactory] Eagerly caching bean 'simpleDirContextAuthenticationStrategy' to allow for resolving potential circular references
2016-02-04 08:17:39,350 TRACE   main [org.springframework.beans.CachedIntrospectionResults] Getting BeanInfo for class [org.springframework.ldap.core.support.SimpleDirContextAuthenticationStrategy]
2016-02-04 08:17:39,351 TRACE   main [org.springframework.beans.CachedIntrospectionResults] Caching PropertyDescriptors for class [org.springframework.ldap.core.support.SimpleDirContextAuthenticationStrategy]
2016-02-04 08:17:39,351 TRACE   main [org.springframework.beans.CachedIntrospectionResults] Found bean property 'class' of type [java.lang.Class]
2016-02-04 08:17:39,351 DEBUG   main [org.springframework.beans.factory.support.DefaultListableBeanFactory] Finished creating instance of bean 'simpleDirContextAuthenticationStrategy'
2016-02-04 08:17:39,352 DEBUG   main [org.springframework.beans.factory.support.DefaultListableBeanFactory] Invoking afterPropertiesSet() on bean with name '(inner bean)#1e7eee8f'
2016-02-04 08:17:39,354 DEBUG   main [org.springframework.beans.factory.support.DefaultListableBeanFactory] Finished creating instance of bean '(inner bean)#1e7eee8f'
2016-02-04 08:17:39,356 DEBUG   main [org.springframework.beans.factory.support.DefaultListableBeanFactory] Eagerly caching bean 'contextSource' to allow for resolving potential circular references
2016-02-04 08:17:39,356 TRACE   main [org.springframework.beans.CachedIntrospectionResults] Getting BeanInfo for class [org.springframework.ldap.transaction.compensating.manager.TransactionAwareContextSourceProxy]
2016-02-04 08:17:39,358 TRACE   main [org.springframework.beans.CachedIntrospectionResults] Caching PropertyDescriptors for class [org.springframework.ldap.transaction.compensating.manager.TransactionAwareContextSourceProxy]
2016-02-04 08:17:39,359 TRACE   main [org.springframework.beans.CachedIntrospectionResults] Found bean property 'baseLdapName' of type [javax.naming.ldap.LdapName]
2016-02-04 08:17:39,359 TRACE   main [org.springframework.beans.CachedIntrospectionResults] Found bean property 'baseLdapPath' of type [org.springframework.ldap.core.DistinguishedName]
2016-02-04 08:17:39,359 TRACE   main [org.springframework.beans.CachedIntrospectionResults] Found bean property 'baseLdapPathAsString' of type [java.lang.String]
2016-02-04 08:17:39,359 TRACE   main [org.springframework.beans.CachedIntrospectionResults] Found bean property 'class' of type [java.lang.Class]
2016-02-04 08:17:39,359 TRACE   main [org.springframework.beans.CachedIntrospectionResults] Found bean property 'readOnlyContext' of type [javax.naming.directory.DirContext]
2016-02-04 08:17:39,359 TRACE   main [org.springframework.beans.CachedIntrospectionResults] Found bean property 'readWriteContext' of type [javax.naming.directory.DirContext]
2016-02-04 08:17:39,359 TRACE   main [org.springframework.beans.CachedIntrospectionResults] Found bean property 'target' of type [org.springframework.ldap.core.ContextSource]
2016-02-04 08:17:39,360 DEBUG   main [org.springframework.beans.factory.support.DefaultListableBeanFactory] Finished creating instance of bean 'contextSource'
2016-02-04 08:17:39,360 DEBUG   main [org.springframework.beans.factory.support.DefaultListableBeanFactory] Invoking afterPropertiesSet() on bean with name 'ldapTemplate'
2016-02-04 08:17:39,360 DEBUG   main [org.springframework.beans.factory.support.DefaultListableBeanFactory] Finished creating instance of bean 'ldapTemplate'
2016-02-04 08:17:39,360 DEBUG   main [org.springframework.beans.factory.annotation.AutowiredAnnotationBeanPostProcessor] Autowiring by type from bean name 'userRepositoryImpl' to bean named 'ldapTemplate'
2016-02-04 08:17:39,361 DEBUG   main [org.springframework.beans.factory.support.DefaultListableBeanFactory] Finished creating instance of bean 'userRepositoryImpl'
2016-02-04 08:17:39,361 DEBUG   main [org.springframework.beans.factory.support.DefaultListableBeanFactory] Returning cached instance of singleton bean 'org.springframework.context.annotation.internalConfigurationAnnotationProcessor'
2016-02-04 08:17:39,361 DEBUG   main [org.springframework.beans.factory.support.DefaultListableBeanFactory] Returning cached instance of singleton bean 'org.springframework.context.annotation.internalAutowiredAnnotationProcessor'
2016-02-04 08:17:39,361 DEBUG   main [org.springframework.beans.factory.support.DefaultListableBeanFactory] Returning cached instance of singleton bean 'org.springframework.context.annotation.internalRequiredAnnotationProcessor'
2016-02-04 08:17:39,361 DEBUG   main [org.springframework.beans.factory.support.DefaultListableBeanFactory] Returning cached instance of singleton bean 'org.springframework.context.annotation.internalCommonAnnotationProcessor'
2016-02-04 08:17:39,361 DEBUG   main [org.springframework.beans.factory.support.DefaultListableBeanFactory] Returning cached instance of singleton bean 'simpleDirContextAuthenticationStrategy'
2016-02-04 08:17:39,361 DEBUG   main [org.springframework.beans.factory.support.DefaultListableBeanFactory] Creating shared instance of singleton bean 'userReposImpl'
2016-02-04 08:17:39,361 DEBUG   main [org.springframework.beans.factory.support.DefaultListableBeanFactory] Creating instance of bean 'userReposImpl'
2016-02-04 08:17:39,362 DEBUG   main [org.springframework.beans.factory.annotation.InjectionMetadata] Registered injected element on class [gov.fema.adminportal.ldap.repository.UserRepositoryImpl]: AutowiredFieldElement for private org.springframework.ldap.core.LdapTemplate gov.fema.adminportal.ldap.repository.UserRepositoryImpl.ldapTemplate
2016-02-04 08:17:39,362 DEBUG   main [org.springframework.beans.factory.support.DefaultListableBeanFactory] Eagerly caching bean 'userReposImpl' to allow for resolving potential circular references
2016-02-04 08:17:39,362 DEBUG   main [org.springframework.beans.factory.annotation.InjectionMetadata] Processing injected element of bean 'userReposImpl': AutowiredFieldElement for private org.springframework.ldap.core.LdapTemplate gov.fema.adminportal.ldap.repository.UserRepositoryImpl.ldapTemplate
2016-02-04 08:17:39,362 DEBUG   main [org.springframework.beans.factory.support.DefaultListableBeanFactory] Returning cached instance of singleton bean 'ldapTemplate'
2016-02-04 08:17:39,362 DEBUG   main [org.springframework.beans.factory.annotation.AutowiredAnnotationBeanPostProcessor] Autowiring by type from bean name 'userReposImpl' to bean named 'ldapTemplate'
2016-02-04 08:17:39,363 DEBUG   main [org.springframework.beans.factory.support.DefaultListableBeanFactory] Finished creating instance of bean 'userReposImpl'
2016-02-04 08:17:39,363 DEBUG   main [org.springframework.beans.factory.support.DefaultListableBeanFactory] Returning cached instance of singleton bean 'contextSource'
2016-02-04 08:17:39,363 DEBUG   main [org.springframework.beans.factory.support.DefaultListableBeanFactory] Returning cached instance of singleton bean 'ldapTemplate'
2016-02-04 08:17:39,363 DEBUG   main [org.springframework.beans.factory.support.DefaultListableBeanFactory] Returning cached instance of singleton bean 'org.springframework.context.annotation.ConfigurationClassPostProcessor.importAwareProcessor'
2016-02-04 08:17:39,363 DEBUG   main [org.springframework.beans.factory.support.DefaultListableBeanFactory] Returning cached instance of singleton bean 'org.springframework.context.annotation.ConfigurationClassPostProcessor.enhancedConfigurationProcessor'
2016-02-04 08:17:39,364 DEBUG   main [org.springframework.context.support.ClassPathXmlApplicationContext] Unable to locate LifecycleProcessor with name 'lifecycleProcessor': using default [org.springframework.context.support.DefaultLifecycleProcessor@7c1ba98b]
2016-02-04 08:17:39,364 DEBUG   main [org.springframework.beans.factory.support.DefaultListableBeanFactory] Returning cached instance of singleton bean 'lifecycleProcessor'
2016-02-04 08:17:39,364 TRACE   main [org.springframework.context.support.ClassPathXmlApplicationContext] Publishing event in org.springframework.context.support.ClassPathXmlApplicationContext@450faed3: org.springframework.context.event.ContextRefreshedEvent[source=org.springframework.context.support.ClassPathXmlApplicationContext@450faed3: startup date [Thu Feb 04 08:17:38 EST 2016]; root of context hierarchy]
2016-02-04 08:17:39,366 TRACE   main [org.springframework.core.env.PropertySourcesPropertyResolver] getProperty("spring.liveBeansView.mbeanDomain", String)
2016-02-04 08:17:39,366 DEBUG   main [org.springframework.core.env.PropertySourcesPropertyResolver] Searching for key 'spring.liveBeansView.mbeanDomain' in [systemProperties]
2016-02-04 08:17:39,366 DEBUG   main [org.springframework.core.env.PropertySourcesPropertyResolver] Searching for key 'spring.liveBeansView.mbeanDomain' in [systemEnvironment]
2016-02-04 08:17:39,366 DEBUG   main [org.springframework.core.env.PropertySourcesPropertyResolver] Could not find key 'spring.liveBeansView.mbeanDomain' in any property source. Returning [null]
2016-02-04 08:17:39,366 INFO   main [gov.fema.adminportal.ldap.app.LdapApp] Test started at Thu Feb 04 08:17:38 EST 2016
2016-02-04 08:17:39,367 DEBUG   main [org.springframework.beans.factory.support.DefaultListableBeanFactory] Returning cached instance of singleton bean 'userReposImpl'
2016-02-04 08:17:39,367 INFO   main [gov.fema.adminportal.ldap.repository.UserRepositoryImpl] executing {createUser}
2016-02-04 08:22:50,602 DEBUG   main [org.springframework.core.env.StandardEnvironment] Adding [systemProperties] PropertySource with lowest search precedence
2016-02-04 08:22:50,606 DEBUG   main [org.springframework.core.env.StandardEnvironment] Adding [systemEnvironment] PropertySource with lowest search precedence
2016-02-04 08:22:50,606 DEBUG   main [org.springframework.core.env.StandardEnvironment] Initialized StandardEnvironment with PropertySources [systemProperties,systemEnvironment]
2016-02-04 08:22:50,611 INFO   main [org.springframework.context.support.ClassPathXmlApplicationContext] Refreshing org.springframework.context.support.ClassPathXmlApplicationContext@450faed3: startup date [Thu Feb 04 08:22:50 EST 2016]; root of context hierarchy
2016-02-04 08:22:50,641 DEBUG   main [org.springframework.core.env.StandardEnvironment] Adding [systemProperties] PropertySource with lowest search precedence
2016-02-04 08:22:50,642 DEBUG   main [org.springframework.core.env.StandardEnvironment] Adding [systemEnvironment] PropertySource with lowest search precedence
2016-02-04 08:22:50,642 DEBUG   main [org.springframework.core.env.StandardEnvironment] Initialized StandardEnvironment with PropertySources [systemProperties,systemEnvironment]
2016-02-04 08:22:50,651 INFO   main [org.springframework.beans.factory.xml.XmlBeanDefinitionReader] Loading XML bean definitions from class path resource [spring-ldap-example.xml]
2016-02-04 08:22:50,653 DEBUG   main [org.springframework.beans.factory.xml.DefaultDocumentLoader] Using JAXP provider [com.sun.org.apache.xerces.internal.jaxp.DocumentBuilderFactoryImpl]
2016-02-04 08:22:50,671 TRACE   main [org.springframework.beans.factory.xml.PluggableSchemaResolver] Trying to resolve XML entity with public id [null] and system id [http://www.springframework.org/schema/beans/spring-beans.xsd]
2016-02-04 08:22:50,672 DEBUG   main [org.springframework.beans.factory.xml.PluggableSchemaResolver] Loading schema mappings from [META-INF/spring.schemas]
2016-02-04 08:22:50,680 DEBUG   main [org.springframework.beans.factory.xml.PluggableSchemaResolver] Loaded schema mappings: {http://www.springframework.org/schema/tx/spring-tx-2.5.xsd=org/springframework/transaction/config/spring-tx-2.5.xsd, http://www.springframework.org/schema/cache/spring-cache-4.2.xsd=org/springframework/cache/config/spring-cache-4.2.xsd, http://www.springframework.org/schema/aop/spring-aop-4.1.xsd=org/springframework/aop/config/spring-aop-4.1.xsd, http://www.springframework.org/schema/context/spring-context-3.1.xsd=org/springframework/context/config/spring-context-3.1.xsd, http://www.springframework.org/schema/data/repository/spring-repository-1.4.xsd=org/springframework/data/repository/config/spring-repository-1.4.xsd, http://www.springframework.org/schema/util/spring-util-3.0.xsd=org/springframework/beans/factory/xml/spring-util-3.0.xsd, http://www.springframework.org/schema/tool/spring-tool.xsd=org/springframework/beans/factory/xml/spring-tool-4.2.xsd, http://www.springframework.org/schema/aop/spring-aop-3.2.xsd=org/springframework/aop/config/spring-aop-3.2.xsd, http://www.springframework.org/schema/lang/spring-lang-4.1.xsd=org/springframework/scripting/config/spring-lang-4.1.xsd, http://www.springframework.org/schema/context/spring-context-4.0.xsd=org/springframework/context/config/spring-context-4.0.xsd, http://www.springframework.org/schema/beans/spring-beans-4.2.xsd=org/springframework/beans/factory/xml/spring-beans-4.2.xsd, http://www.springframework.org/schema/tool/spring-tool-4.1.xsd=org/springframework/beans/factory/xml/spring-tool-4.1.xsd, http://www.springframework.org/schema/lang/spring-lang-3.2.xsd=org/springframework/scripting/config/spring-lang-3.2.xsd, http://www.springframework.org/schema/cache/spring-cache-3.2.xsd=org/springframework/cache/config/spring-cache-3.2.xsd, http://www.springframework.org/schema/jee/spring-jee-4.1.xsd=org/springframework/ejb/config/spring-jee-4.1.xsd, http://www.springframework.org/schema/task/spring-task-4.2.xsd=org/springframework/scheduling/config/spring-task-4.2.xsd, http://www.springframework.org/schema/util/spring-util-2.0.xsd=org/springframework/beans/factory/xml/spring-util-2.0.xsd, http://www.springframework.org/schema/tool/spring-tool-3.2.xsd=org/springframework/beans/factory/xml/spring-tool-3.2.xsd, http://www.springframework.org/schema/context/spring-context.xsd=org/springframework/context/config/spring-context-4.2.xsd, http://www.springframework.org/schema/tx/spring-tx-4.2.xsd=org/springframework/transaction/config/spring-tx-4.2.xsd, http://www.springframework.org/schema/cache/spring-cache-4.1.xsd=org/springframework/cache/config/spring-cache-4.1.xsd, http://www.springframework.org/schema/aop/spring-aop-4.0.xsd=org/springframework/aop/config/spring-aop-4.0.xsd, http://www.springframework.org/schema/jee/spring-jee-3.2.xsd=org/springframework/ejb/config/spring-jee-3.2.xsd, http://www.springframework.org/schema/context/spring-context-3.0.xsd=org/springframework/context/config/spring-context-3.0.xsd, http://www.springframework.org/schema/util/spring-util-2.5.xsd=org/springframework/beans/factory/xml/spring-util-2.5.xsd, http://www.springframework.org/schema/beans/spring-beans-3.2.xsd=org/springframework/beans/factory/xml/spring-beans-3.2.xsd, http://www.springframework.org/schema/aop/spring-aop-3.1.xsd=org/springframework/aop/config/spring-aop-3.1.xsd, http://www.springframework.org/schema/ldap/spring-ldap-2.0.xsd=org/springframework/ldap/config/spring-ldap-2.0.xsd, http://www.springframework.org/schema/lang/spring-lang-4.0.xsd=org/springframework/scripting/config/spring-lang-4.0.xsd, http://www.springframework.org/schema/beans/spring-beans-4.1.xsd=org/springframework/beans/factory/xml/spring-beans-4.1.xsd, http://www.springframework.org/schema/tool/spring-tool-4.0.xsd=org/springframework/beans/factory/xml/spring-tool-4.0.xsd, http://www.springframework.org/schema/tx/spring-tx-3.2.xsd=org/springframework/transaction/config/spring-tx-3.2.xsd, http://www.springframework.org/schema/lang/spring-lang-3.1.xsd=org/springframework/scripting/config/spring-lang-3.1.xsd, http://www.springframework.org/schema/cache/spring-cache-3.1.xsd=org/springframework/cache/config/spring-cache-3.1.xsd, http://www.springframework.org/schema/jee/spring-jee-4.0.xsd=org/springframework/ejb/config/spring-jee-4.0.xsd, http://www.springframework.org/schema/task/spring-task-4.1.xsd=org/springframework/scheduling/config/spring-task-4.1.xsd, http://www.springframework.org/schema/tool/spring-tool-3.1.xsd=org/springframework/beans/factory/xml/spring-tool-3.1.xsd, http://www.springframework.org/schema/tx/spring-tx-4.1.xsd=org/springframework/transaction/config/spring-tx-4.1.xsd, http://www.springframework.org/schema/cache/spring-cache-4.0.xsd=org/springframework/cache/config/spring-cache-4.0.xsd, http://www.springframework.org/schema/jee/spring-jee-3.1.xsd=org/springframework/ejb/config/spring-jee-3.1.xsd, http://www.springframework.org/schema/task/spring-task-3.2.xsd=org/springframework/scheduling/config/spring-task-3.2.xsd, http://www.springframework.org/schema/util/spring-util-4.2.xsd=org/springframework/beans/factory/xml/spring-util-4.2.xsd, http://www.springframework.org/schema/beans/spring-beans-3.1.xsd=org/springframework/beans/factory/xml/spring-beans-3.1.xsd, http://www.springframework.org/schema/util/spring-util.xsd=org/springframework/beans/factory/xml/spring-util-4.2.xsd, http://www.springframework.org/schema/aop/spring-aop-3.0.xsd=org/springframework/aop/config/spring-aop-3.0.xsd, http://www.springframework.org/schema/data/repository/spring-repository.xsd=org/springframework/data/repository/config/spring-repository-1.7.xsd, http://www.springframework.org/schema/data/repository/spring-repository-1.7.xsd=org/springframework/data/repository/config/spring-repository-1.7.xsd, http://www.springframework.org/schema/ldap/spring-ldap.xsd=org/springframework/ldap/config/spring-ldap-2.0.xsd, http://www.springframework.org/schema/beans/spring-beans-4.0.xsd=org/springframework/beans/factory/xml/spring-beans-4.0.xsd, http://www.springframework.org/schema/beans/spring-beans.xsd=org/springframework/beans/factory/xml/spring-beans-4.2.xsd, http://www.springframework.org/schema/tx/spring-tx-3.1.xsd=org/springframework/transaction/config/spring-tx-3.1.xsd, http://www.springframework.org/schema/lang/spring-lang-3.0.xsd=org/springframework/scripting/config/spring-lang-3.0.xsd, http://www.springframework.org/schema/context/spring-context-2.5.xsd=org/springframework/context/config/spring-context-2.5.xsd, http://www.springframework.org/schema/task/spring-task-4.0.xsd=org/springframework/scheduling/config/spring-task-4.0.xsd, http://www.springframework.org/schema/tool/spring-tool-3.0.xsd=org/springframework/beans/factory/xml/spring-tool-3.0.xsd, http://www.springframework.org/schema/tx/spring-tx-4.0.xsd=org/springframework/transaction/config/spring-tx-4.0.xsd, http://www.springframework.org/schema/aop/spring-aop-2.0.xsd=org/springframework/aop/config/spring-aop-2.0.xsd, http://www.springframework.org/schema/jee/spring-jee-3.0.xsd=org/springframework/ejb/config/spring-jee-3.0.xsd, http://www.springframework.org/schema/util/spring-util-4.1.xsd=org/springframework/beans/factory/xml/spring-util-4.1.xsd, http://www.springframework.org/schema/task/spring-task-3.1.xsd=org/springframework/scheduling/config/spring-task-3.1.xsd, http://www.springframework.org/schema/beans/spring-beans-3.0.xsd=org/springframework/beans/factory/xml/spring-beans-3.0.xsd, http://www.springframework.org/schema/jee/spring-jee.xsd=org/springframework/ejb/config/spring-jee-4.2.xsd, http://www.springframework.org/schema/aop/spring-aop-2.5.xsd=org/springframework/aop/config/spring-aop-2.5.xsd, http://www.springframework.org/schema/lang/spring-lang-2.0.xsd=org/springframework/scripting/config/spring-lang-2.0.xsd, http://www.springframework.org/schema/data/repository/spring-repository-1.6.xsd=org/springframework/data/repository/config/spring-repository-1.6.xsd, http://www.springframework.org/schema/util/spring-util-3.2.xsd=org/springframework/beans/factory/xml/spring-util-3.2.xsd, http://www.springframework.org/schema/task/spring-task.xsd=org/springframework/scheduling/config/spring-task-4.2.xsd, http://www.springframework.org/schema/tool/spring-tool-2.0.xsd=org/springframework/beans/factory/xml/spring-tool-2.0.xsd, http://www.springframework.org/schema/tx/spring-tx-3.0.xsd=org/springframework/transaction/config/spring-tx-3.0.xsd, http://www.springframework.org/schema/lang/spring-lang-2.5.xsd=org/springframework/scripting/config/spring-lang-2.5.xsd, http://www.springframework.org/schema/context/spring-context-4.2.xsd=org/springframework/context/config/spring-context-4.2.xsd, http://www.springframework.org/schema/jee/spring-jee-2.0.xsd=org/springframework/ejb/config/spring-jee-2.0.xsd, http://www.springframework.org/schema/tool/spring-tool-2.5.xsd=org/springframework/beans/factory/xml/spring-tool-2.5.xsd, http://www.springframework.org/schema/jee/spring-jee-2.5.xsd=org/springframework/ejb/config/spring-jee-2.5.xsd, http://www.springframework.org/schema/data/repository/spring-repository-1.0.xsd=org/springframework/data/repository/config/spring-repository-1.0.xsd, http://www.springframework.org/schema/util/spring-util-4.0.xsd=org/springframework/beans/factory/xml/spring-util-4.0.xsd, http://www.springframework.org/schema/task/spring-task-3.0.xsd=org/springframework/scheduling/config/spring-task-3.0.xsd, http://www.springframework.org/schema/aop/spring-aop-4.2.xsd=org/springframework/aop/config/spring-aop-4.2.xsd, http://www.springframework.org/schema/lang/spring-lang.xsd=org/springframework/scripting/config/spring-lang-4.2.xsd, http://www.springframework.org/schema/context/spring-context-3.2.xsd=org/springframework/context/config/spring-context-3.2.xsd, http://www.springframework.org/schema/data/repository/spring-repository-1.5.xsd=org/springframework/data/repository/config/spring-repository-1.5.xsd, http://www.springframework.org/schema/util/spring-util-3.1.xsd=org/springframework/beans/factory/xml/spring-util-3.1.xsd, http://www.springframework.org/schema/beans/spring-beans-2.0.xsd=org/springframework/beans/factory/xml/spring-beans-2.0.xsd, http://www.springframework.org/schema/cache/spring-cache.xsd=org/springframework/cache/config/spring-cache-4.2.xsd, http://www.springframework.org/schema/tx/spring-tx.xsd=org/springframework/transaction/config/spring-tx-4.2.xsd, http://www.springframework.org/schema/lang/spring-lang-4.2.xsd=org/springframework/scripting/config/spring-lang-4.2.xsd, http://www.springframework.org/schema/context/spring-context-4.1.xsd=org/springframework/context/config/spring-context-4.1.xsd, http://www.springframework.org/schema/beans/spring-beans-2.5.xsd=org/springframework/beans/factory/xml/spring-beans-2.5.xsd, http://www.springframework.org/schema/tool/spring-tool-4.2.xsd=org/springframework/beans/factory/xml/spring-tool-4.2.xsd, http://www.springframework.org/schema/tx/spring-tx-2.0.xsd=org/springframework/transaction/config/spring-tx-2.0.xsd, http://www.springframework.org/schema/jee/spring-jee-4.2.xsd=org/springframework/ejb/config/spring-jee-4.2.xsd, http://www.springframework.org/schema/aop/spring-aop.xsd=org/springframework/aop/config/spring-aop-4.2.xsd}
2016-02-04 08:22:50,685 DEBUG   main [org.springframework.beans.factory.xml.PluggableSchemaResolver] Found XML schema [http://www.springframework.org/schema/beans/spring-beans.xsd] in classpath: org/springframework/beans/factory/xml/spring-beans-4.2.xsd
2016-02-04 08:22:50,744 TRACE   main [org.springframework.beans.factory.xml.PluggableSchemaResolver] Trying to resolve XML entity with public id [null] and system id [http://www.springframework.org/schema/context/spring-context.xsd]
2016-02-04 08:22:50,744 DEBUG   main [org.springframework.beans.factory.xml.PluggableSchemaResolver] Found XML schema [http://www.springframework.org/schema/context/spring-context.xsd] in classpath: org/springframework/context/config/spring-context-4.2.xsd
2016-02-04 08:22:50,752 TRACE   main [org.springframework.beans.factory.xml.PluggableSchemaResolver] Trying to resolve XML entity with public id [null] and system id [http://www.springframework.org/schema/tool/spring-tool-4.2.xsd]
2016-02-04 08:22:50,753 DEBUG   main [org.springframework.beans.factory.xml.PluggableSchemaResolver] Found XML schema [http://www.springframework.org/schema/tool/spring-tool-4.2.xsd] in classpath: org/springframework/beans/factory/xml/spring-tool-4.2.xsd
2016-02-04 08:22:50,761 TRACE   main [org.springframework.beans.factory.xml.PluggableSchemaResolver] Trying to resolve XML entity with public id [null] and system id [http://www.springframework.org/schema/ldap/spring-ldap.xsd]
2016-02-04 08:22:50,762 DEBUG   main [org.springframework.beans.factory.xml.PluggableSchemaResolver] Found XML schema [http://www.springframework.org/schema/ldap/spring-ldap.xsd] in classpath: org/springframework/ldap/config/spring-ldap-2.0.xsd
2016-02-04 08:22:50,773 TRACE   main [org.springframework.beans.factory.xml.PluggableSchemaResolver] Trying to resolve XML entity with public id [null] and system id [http://www.springframework.org/schema/data/repository/spring-repository.xsd]
2016-02-04 08:22:50,774 DEBUG   main [org.springframework.beans.factory.xml.PluggableSchemaResolver] Found XML schema [http://www.springframework.org/schema/data/repository/spring-repository.xsd] in classpath: org/springframework/data/repository/config/spring-repository-1.7.xsd
2016-02-04 08:22:50,793 DEBUG   main [org.springframework.beans.factory.xml.DefaultBeanDefinitionDocumentReader] Loading bean definitions
2016-02-04 08:22:50,807 DEBUG   main [org.springframework.beans.factory.xml.DefaultNamespaceHandlerResolver] Loaded NamespaceHandler mappings: {http://www.springframework.org/schema/p=org.springframework.beans.factory.xml.SimplePropertyNamespaceHandler, http://www.springframework.org/schema/util=org.springframework.beans.factory.xml.UtilNamespaceHandler, http://www.springframework.org/schema/jee=org.springframework.ejb.config.JeeNamespaceHandler, http://www.springframework.org/schema/aop=org.springframework.aop.config.AopNamespaceHandler, http://www.springframework.org/schema/data/repository=org.springframework.data.repository.config.RepositoryNameSpaceHandler, http://www.springframework.org/schema/cache=org.springframework.cache.config.CacheNamespaceHandler, http://www.springframework.org/schema/c=org.springframework.beans.factory.xml.SimpleConstructorNamespaceHandler, http://www.springframework.org/schema/ldap=org.springframework.ldap.config.LdapNamespaceHandler, http://www.springframework.org/schema/tx=org.springframework.transaction.config.TxNamespaceHandler, http://www.springframework.org/schema/task=org.springframework.scheduling.config.TaskNamespaceHandler, http://www.springframework.org/schema/lang=org.springframework.scripting.config.LangNamespaceHandler, http://www.springframework.org/schema/context=org.springframework.context.config.ContextNamespaceHandler}
2016-02-04 08:22:50,827 DEBUG   main [org.springframework.core.env.StandardEnvironment] Adding [systemProperties] PropertySource with lowest search precedence
2016-02-04 08:22:50,827 DEBUG   main [org.springframework.core.env.StandardEnvironment] Adding [systemEnvironment] PropertySource with lowest search precedence
2016-02-04 08:22:50,827 DEBUG   main [org.springframework.core.env.StandardEnvironment] Initialized StandardEnvironment with PropertySources [systemProperties,systemEnvironment]
2016-02-04 08:22:50,842 DEBUG   main [org.springframework.core.io.support.PathMatchingResourcePatternResolver] Looking for matching resources in directory tree [C:\Eclipse\workspace\spring-ldap-example\bin\gov\fema\adminportal\ldap]
2016-02-04 08:22:50,842 DEBUG   main [org.springframework.core.io.support.PathMatchingResourcePatternResolver] Searching directory [C:\Eclipse\workspace\spring-ldap-example\bin\gov\fema\adminportal\ldap] for files matching pattern [C:/Eclipse/workspace/spring-ldap-example/bin/gov/fema/adminportal/ldap/**/*.class]
2016-02-04 08:22:50,845 DEBUG   main [org.springframework.core.io.support.PathMatchingResourcePatternResolver] Searching directory [C:\Eclipse\workspace\spring-ldap-example\bin\gov\fema\adminportal\ldap\app] for files matching pattern [C:/Eclipse/workspace/spring-ldap-example/bin/gov/fema/adminportal/ldap/**/*.class]
2016-02-04 08:22:50,845 DEBUG   main [org.springframework.core.io.support.PathMatchingResourcePatternResolver] Searching directory [C:\Eclipse\workspace\spring-ldap-example\bin\gov\fema\adminportal\ldap\model] for files matching pattern [C:/Eclipse/workspace/spring-ldap-example/bin/gov/fema/adminportal/ldap/**/*.class]
2016-02-04 08:22:50,846 DEBUG   main [org.springframework.core.io.support.PathMatchingResourcePatternResolver] Searching directory [C:\Eclipse\workspace\spring-ldap-example\bin\gov\fema\adminportal\ldap\repository] for files matching pattern [C:/Eclipse/workspace/spring-ldap-example/bin/gov/fema/adminportal/ldap/**/*.class]
2016-02-04 08:22:50,848 DEBUG   main [org.springframework.core.io.support.PathMatchingResourcePatternResolver] Resolved location pattern [classpath*:gov/fema/adminportal/ldap/**/*.class] to resources [file [C:\Eclipse\workspace\spring-ldap-example\bin\gov\fema\adminportal\ldap\app\LdapApp.class], file [C:\Eclipse\workspace\spring-ldap-example\bin\gov\fema\adminportal\ldap\model\User.class], file [C:\Eclipse\workspace\spring-ldap-example\bin\gov\fema\adminportal\ldap\repository\UserRepository.class], file [C:\Eclipse\workspace\spring-ldap-example\bin\gov\fema\adminportal\ldap\repository\UserRepositoryImpl$MultipleAttributesMapper.class], file [C:\Eclipse\workspace\spring-ldap-example\bin\gov\fema\adminportal\ldap\repository\UserRepositoryImpl$SingleAttributesMapper.class], file [C:\Eclipse\workspace\spring-ldap-example\bin\gov\fema\adminportal\ldap\repository\UserRepositoryImpl$UserAttributesMapper.class], file [C:\Eclipse\workspace\spring-ldap-example\bin\gov\fema\adminportal\ldap\repository\UserRepositoryImpl.class]]
2016-02-04 08:22:50,848 TRACE   main [org.springframework.context.annotation.ClassPathBeanDefinitionScanner] Scanning file [C:\Eclipse\workspace\spring-ldap-example\bin\gov\fema\adminportal\ldap\app\LdapApp.class]
2016-02-04 08:22:50,866 TRACE   main [org.springframework.context.annotation.ClassPathBeanDefinitionScanner] Ignored because not matching any filter: file [C:\Eclipse\workspace\spring-ldap-example\bin\gov\fema\adminportal\ldap\app\LdapApp.class]
2016-02-04 08:22:50,866 TRACE   main [org.springframework.context.annotation.ClassPathBeanDefinitionScanner] Scanning file [C:\Eclipse\workspace\spring-ldap-example\bin\gov\fema\adminportal\ldap\model\User.class]
2016-02-04 08:22:50,867 TRACE   main [org.springframework.context.annotation.ClassPathBeanDefinitionScanner] Ignored because not matching any filter: file [C:\Eclipse\workspace\spring-ldap-example\bin\gov\fema\adminportal\ldap\model\User.class]
2016-02-04 08:22:50,867 TRACE   main [org.springframework.context.annotation.ClassPathBeanDefinitionScanner] Scanning file [C:\Eclipse\workspace\spring-ldap-example\bin\gov\fema\adminportal\ldap\repository\UserRepository.class]
2016-02-04 08:22:50,868 TRACE   main [org.springframework.context.annotation.ClassPathBeanDefinitionScanner] Ignored because not matching any filter: file [C:\Eclipse\workspace\spring-ldap-example\bin\gov\fema\adminportal\ldap\repository\UserRepository.class]
2016-02-04 08:22:50,868 TRACE   main [org.springframework.context.annotation.ClassPathBeanDefinitionScanner] Scanning file [C:\Eclipse\workspace\spring-ldap-example\bin\gov\fema\adminportal\ldap\repository\UserRepositoryImpl$MultipleAttributesMapper.class]
2016-02-04 08:22:50,868 TRACE   main [org.springframework.context.annotation.ClassPathBeanDefinitionScanner] Ignored because not matching any filter: file [C:\Eclipse\workspace\spring-ldap-example\bin\gov\fema\adminportal\ldap\repository\UserRepositoryImpl$MultipleAttributesMapper.class]
2016-02-04 08:22:50,868 TRACE   main [org.springframework.context.annotation.ClassPathBeanDefinitionScanner] Scanning file [C:\Eclipse\workspace\spring-ldap-example\bin\gov\fema\adminportal\ldap\repository\UserRepositoryImpl$SingleAttributesMapper.class]
2016-02-04 08:22:50,869 TRACE   main [org.springframework.context.annotation.ClassPathBeanDefinitionScanner] Ignored because not matching any filter: file [C:\Eclipse\workspace\spring-ldap-example\bin\gov\fema\adminportal\ldap\repository\UserRepositoryImpl$SingleAttributesMapper.class]
2016-02-04 08:22:50,869 TRACE   main [org.springframework.context.annotation.ClassPathBeanDefinitionScanner] Scanning file [C:\Eclipse\workspace\spring-ldap-example\bin\gov\fema\adminportal\ldap\repository\UserRepositoryImpl$UserAttributesMapper.class]
2016-02-04 08:22:50,870 TRACE   main [org.springframework.context.annotation.ClassPathBeanDefinitionScanner] Ignored because not matching any filter: file [C:\Eclipse\workspace\spring-ldap-example\bin\gov\fema\adminportal\ldap\repository\UserRepositoryImpl$UserAttributesMapper.class]
2016-02-04 08:22:50,870 TRACE   main [org.springframework.context.annotation.ClassPathBeanDefinitionScanner] Scanning file [C:\Eclipse\workspace\spring-ldap-example\bin\gov\fema\adminportal\ldap\repository\UserRepositoryImpl.class]
2016-02-04 08:22:50,885 DEBUG   main [org.springframework.context.annotation.ClassPathBeanDefinitionScanner] Identified candidate component class: file [C:\Eclipse\workspace\spring-ldap-example\bin\gov\fema\adminportal\ldap\repository\UserRepositoryImpl.class]
2016-02-04 08:22:50,932 DEBUG   main [org.springframework.beans.factory.xml.XmlBeanDefinitionReader] Loaded 9 bean definitions from location pattern [spring-ldap-example.xml]
2016-02-04 08:22:50,933 DEBUG   main [org.springframework.context.support.ClassPathXmlApplicationContext] Bean factory for org.springframework.context.support.ClassPathXmlApplicationContext@450faed3: org.springframework.beans.factory.support.DefaultListableBeanFactory@5c5d9afc: defining beans [userRepositoryImpl,org.springframework.context.annotation.internalConfigurationAnnotationProcessor,org.springframework.context.annotation.internalAutowiredAnnotationProcessor,org.springframework.context.annotation.internalRequiredAnnotationProcessor,org.springframework.context.annotation.internalCommonAnnotationProcessor,simpleDirContextAuthenticationStrategy,userReposImpl,contextSource,ldapTemplate]; root of factory hierarchy
2016-02-04 08:22:50,970 DEBUG   main [org.springframework.beans.factory.support.DefaultListableBeanFactory] Creating shared instance of singleton bean 'org.springframework.context.annotation.internalConfigurationAnnotationProcessor'
2016-02-04 08:22:50,971 DEBUG   main [org.springframework.beans.factory.support.DefaultListableBeanFactory] Creating instance of bean 'org.springframework.context.annotation.internalConfigurationAnnotationProcessor'
2016-02-04 08:22:50,990 DEBUG   main [org.springframework.beans.factory.support.DefaultListableBeanFactory] Eagerly caching bean 'org.springframework.context.annotation.internalConfigurationAnnotationProcessor' to allow for resolving potential circular references
2016-02-04 08:22:50,992 DEBUG   main [org.springframework.beans.factory.support.DefaultListableBeanFactory] Finished creating instance of bean 'org.springframework.context.annotation.internalConfigurationAnnotationProcessor'
2016-02-04 08:22:51,036 DEBUG   main [org.springframework.beans.factory.support.DefaultListableBeanFactory] Creating shared instance of singleton bean 'org.springframework.context.annotation.internalAutowiredAnnotationProcessor'
2016-02-04 08:22:51,036 DEBUG   main [org.springframework.beans.factory.support.DefaultListableBeanFactory] Creating instance of bean 'org.springframework.context.annotation.internalAutowiredAnnotationProcessor'
2016-02-04 08:22:51,038 DEBUG   main [org.springframework.beans.factory.support.DefaultListableBeanFactory] Eagerly caching bean 'org.springframework.context.annotation.internalAutowiredAnnotationProcessor' to allow for resolving potential circular references
2016-02-04 08:22:51,038 DEBUG   main [org.springframework.beans.factory.support.DefaultListableBeanFactory] Finished creating instance of bean 'org.springframework.context.annotation.internalAutowiredAnnotationProcessor'
2016-02-04 08:22:51,038 DEBUG   main [org.springframework.beans.factory.support.DefaultListableBeanFactory] Creating shared instance of singleton bean 'org.springframework.context.annotation.internalRequiredAnnotationProcessor'
2016-02-04 08:22:51,038 DEBUG   main [org.springframework.beans.factory.support.DefaultListableBeanFactory] Creating instance of bean 'org.springframework.context.annotation.internalRequiredAnnotationProcessor'
2016-02-04 08:22:51,039 DEBUG   main [org.springframework.beans.factory.support.DefaultListableBeanFactory] Eagerly caching bean 'org.springframework.context.annotation.internalRequiredAnnotationProcessor' to allow for resolving potential circular references
2016-02-04 08:22:51,039 DEBUG   main [org.springframework.beans.factory.support.DefaultListableBeanFactory] Finished creating instance of bean 'org.springframework.context.annotation.internalRequiredAnnotationProcessor'
2016-02-04 08:22:51,039 DEBUG   main [org.springframework.beans.factory.support.DefaultListableBeanFactory] Creating shared instance of singleton bean 'org.springframework.context.annotation.internalCommonAnnotationProcessor'
2016-02-04 08:22:51,039 DEBUG   main [org.springframework.beans.factory.support.DefaultListableBeanFactory] Creating instance of bean 'org.springframework.context.annotation.internalCommonAnnotationProcessor'
2016-02-04 08:22:51,045 DEBUG   main [org.springframework.beans.factory.support.DefaultListableBeanFactory] Eagerly caching bean 'org.springframework.context.annotation.internalCommonAnnotationProcessor' to allow for resolving potential circular references
2016-02-04 08:22:51,045 DEBUG   main [org.springframework.beans.factory.support.DefaultListableBeanFactory] Finished creating instance of bean 'org.springframework.context.annotation.internalCommonAnnotationProcessor'
2016-02-04 08:22:51,045 DEBUG   main [org.springframework.beans.factory.support.DefaultListableBeanFactory] Creating shared instance of singleton bean 'org.springframework.context.annotation.ConfigurationClassPostProcessor.importAwareProcessor'
2016-02-04 08:22:51,045 DEBUG   main [org.springframework.beans.factory.support.DefaultListableBeanFactory] Creating instance of bean 'org.springframework.context.annotation.ConfigurationClassPostProcessor.importAwareProcessor'
2016-02-04 08:22:51,045 DEBUG   main [org.springframework.beans.factory.support.DefaultListableBeanFactory] Eagerly caching bean 'org.springframework.context.annotation.ConfigurationClassPostProcessor.importAwareProcessor' to allow for resolving potential circular references
2016-02-04 08:22:51,045 DEBUG   main [org.springframework.beans.factory.support.DefaultListableBeanFactory] Finished creating instance of bean 'org.springframework.context.annotation.ConfigurationClassPostProcessor.importAwareProcessor'
2016-02-04 08:22:51,045 DEBUG   main [org.springframework.beans.factory.support.DefaultListableBeanFactory] Creating shared instance of singleton bean 'org.springframework.context.annotation.ConfigurationClassPostProcessor.enhancedConfigurationProcessor'
2016-02-04 08:22:51,045 DEBUG   main [org.springframework.beans.factory.support.DefaultListableBeanFactory] Creating instance of bean 'org.springframework.context.annotation.ConfigurationClassPostProcessor.enhancedConfigurationProcessor'
2016-02-04 08:22:51,045 DEBUG   main [org.springframework.beans.factory.support.DefaultListableBeanFactory] Eagerly caching bean 'org.springframework.context.annotation.ConfigurationClassPostProcessor.enhancedConfigurationProcessor' to allow for resolving potential circular references
2016-02-04 08:22:51,046 DEBUG   main [org.springframework.beans.factory.support.DefaultListableBeanFactory] Finished creating instance of bean 'org.springframework.context.annotation.ConfigurationClassPostProcessor.enhancedConfigurationProcessor'
2016-02-04 08:22:51,048 DEBUG   main [org.springframework.context.support.ClassPathXmlApplicationContext] Unable to locate MessageSource with name 'messageSource': using default [org.springframework.context.support.DelegatingMessageSource@190bf402]
2016-02-04 08:22:51,050 DEBUG   main [org.springframework.context.support.ClassPathXmlApplicationContext] Unable to locate ApplicationEventMulticaster with name 'applicationEventMulticaster': using default [org.springframework.context.event.SimpleApplicationEventMulticaster@1b2090ab]
2016-02-04 08:22:51,051 DEBUG   main [org.springframework.beans.factory.support.DefaultListableBeanFactory] Pre-instantiating singletons in org.springframework.beans.factory.support.DefaultListableBeanFactory@5c5d9afc: defining beans [userRepositoryImpl,org.springframework.context.annotation.internalConfigurationAnnotationProcessor,org.springframework.context.annotation.internalAutowiredAnnotationProcessor,org.springframework.context.annotation.internalRequiredAnnotationProcessor,org.springframework.context.annotation.internalCommonAnnotationProcessor,simpleDirContextAuthenticationStrategy,userReposImpl,contextSource,ldapTemplate,org.springframework.context.annotation.ConfigurationClassPostProcessor.importAwareProcessor,org.springframework.context.annotation.ConfigurationClassPostProcessor.enhancedConfigurationProcessor]; root of factory hierarchy
2016-02-04 08:22:51,051 DEBUG   main [org.springframework.beans.factory.support.DefaultListableBeanFactory] Creating shared instance of singleton bean 'userRepositoryImpl'
2016-02-04 08:22:51,051 DEBUG   main [org.springframework.beans.factory.support.DefaultListableBeanFactory] Creating instance of bean 'userRepositoryImpl'
2016-02-04 08:22:51,069 DEBUG   main [org.springframework.beans.factory.annotation.InjectionMetadata] Registered injected element on class [gov.fema.adminportal.ldap.repository.UserRepositoryImpl]: AutowiredFieldElement for private org.springframework.ldap.core.LdapTemplate gov.fema.adminportal.ldap.repository.UserRepositoryImpl.ldapTemplate
2016-02-04 08:22:51,069 DEBUG   main [org.springframework.beans.factory.support.DefaultListableBeanFactory] Eagerly caching bean 'userRepositoryImpl' to allow for resolving potential circular references
2016-02-04 08:22:51,073 TRACE   main [org.springframework.core.io.support.SpringFactoriesLoader] Loaded [org.springframework.beans.BeanInfoFactory] names: [org.springframework.beans.ExtendedBeanInfoFactory]
2016-02-04 08:22:51,074 TRACE   main [org.springframework.beans.CachedIntrospectionResults] Getting BeanInfo for class [gov.fema.adminportal.ldap.repository.UserRepositoryImpl]
2016-02-04 08:22:51,078 TRACE   main [org.springframework.beans.CachedIntrospectionResults] Caching PropertyDescriptors for class [gov.fema.adminportal.ldap.repository.UserRepositoryImpl]
2016-02-04 08:22:51,078 TRACE   main [org.springframework.beans.CachedIntrospectionResults] Found bean property 'allUserNames' of type [java.util.List]
2016-02-04 08:22:51,081 TRACE   main [org.springframework.beans.CachedIntrospectionResults] Found bean property 'allUsers' of type [java.util.List]
2016-02-04 08:22:51,081 TRACE   main [org.springframework.beans.CachedIntrospectionResults] Found bean property 'class' of type [java.lang.Class]
2016-02-04 08:22:51,085 DEBUG   main [org.springframework.beans.factory.annotation.InjectionMetadata] Processing injected element of bean 'userRepositoryImpl': AutowiredFieldElement for private org.springframework.ldap.core.LdapTemplate gov.fema.adminportal.ldap.repository.UserRepositoryImpl.ldapTemplate
2016-02-04 08:22:51,090 DEBUG   main [org.springframework.beans.factory.support.DefaultListableBeanFactory] Creating shared instance of singleton bean 'ldapTemplate'
2016-02-04 08:22:51,090 DEBUG   main [org.springframework.beans.factory.support.DefaultListableBeanFactory] Creating instance of bean 'ldapTemplate'
2016-02-04 08:22:51,103 DEBUG   main [org.springframework.beans.factory.support.DefaultListableBeanFactory] Eagerly caching bean 'ldapTemplate' to allow for resolving potential circular references
2016-02-04 08:22:51,103 TRACE   main [org.springframework.beans.CachedIntrospectionResults] Getting BeanInfo for class [org.springframework.ldap.core.LdapTemplate]
2016-02-04 08:22:51,119 TRACE   main [org.springframework.beans.CachedIntrospectionResults] Caching PropertyDescriptors for class [org.springframework.ldap.core.LdapTemplate]
2016-02-04 08:22:51,119 TRACE   main [org.springframework.beans.CachedIntrospectionResults] Found bean property 'class' of type [java.lang.Class]
2016-02-04 08:22:51,119 TRACE   main [org.springframework.beans.CachedIntrospectionResults] Found bean property 'contextSource' of type [org.springframework.ldap.core.ContextSource]
2016-02-04 08:22:51,119 TRACE   main [org.springframework.beans.CachedIntrospectionResults] Found bean property 'defaultCountLimit' of type [int]
2016-02-04 08:22:51,120 TRACE   main [org.springframework.beans.CachedIntrospectionResults] Found bean property 'defaultSearchScope' of type [int]
2016-02-04 08:22:51,120 TRACE   main [org.springframework.beans.CachedIntrospectionResults] Found bean property 'defaultTimeLimit' of type [int]
2016-02-04 08:22:51,120 TRACE   main [org.springframework.beans.CachedIntrospectionResults] Found bean property 'ignoreNameNotFoundException' of type [boolean]
2016-02-04 08:22:51,120 TRACE   main [org.springframework.beans.CachedIntrospectionResults] Found bean property 'ignorePartialResultException' of type [boolean]
2016-02-04 08:22:51,121 TRACE   main [org.springframework.beans.CachedIntrospectionResults] Found bean property 'ignoreSizeLimitExceededException' of type [boolean]
2016-02-04 08:22:51,121 TRACE   main [org.springframework.beans.CachedIntrospectionResults] Found bean property 'objectDirectoryMapper' of type [org.springframework.ldap.odm.core.ObjectDirectoryMapper]
2016-02-04 08:22:51,123 DEBUG   main [org.springframework.beans.factory.support.DefaultListableBeanFactory] Creating shared instance of singleton bean 'contextSource'
2016-02-04 08:22:51,123 DEBUG   main [org.springframework.beans.factory.support.DefaultListableBeanFactory] Creating instance of bean 'contextSource'
2016-02-04 08:22:51,128 DEBUG   main [org.springframework.beans.factory.support.DefaultListableBeanFactory] Creating instance of bean '(inner bean)#1f5ffded'
2016-02-04 08:22:51,151 TRACE   main [org.springframework.beans.CachedIntrospectionResults] Getting BeanInfo for class [org.springframework.ldap.core.support.LdapContextSource]
2016-02-04 08:22:51,156 TRACE   main [org.springframework.beans.CachedIntrospectionResults] Caching PropertyDescriptors for class [org.springframework.ldap.core.support.LdapContextSource]
2016-02-04 08:22:51,156 TRACE   main [org.springframework.beans.CachedIntrospectionResults] Found bean property 'anonymousReadOnly' of type [boolean]
2016-02-04 08:22:51,156 TRACE   main [org.springframework.beans.CachedIntrospectionResults] Found bean property 'authenticationSource' of type [org.springframework.ldap.core.AuthenticationSource]
2016-02-04 08:22:51,156 TRACE   main [org.springframework.beans.CachedIntrospectionResults] Found bean property 'authenticationStrategy' of type [org.springframework.ldap.core.support.DirContextAuthenticationStrategy]
2016-02-04 08:22:51,156 TRACE   main [org.springframework.beans.CachedIntrospectionResults] Found bean property 'base' of type [java.lang.String]
2016-02-04 08:22:51,156 TRACE   main [org.springframework.beans.CachedIntrospectionResults] Found bean property 'baseEnvironmentProperties' of type [java.util.Map]
2016-02-04 08:22:51,157 TRACE   main [org.springframework.beans.CachedIntrospectionResults] Found bean property 'baseLdapName' of type [javax.naming.ldap.LdapName]
2016-02-04 08:22:51,157 TRACE   main [org.springframework.beans.CachedIntrospectionResults] Found bean property 'baseLdapPath' of type [org.springframework.ldap.core.DistinguishedName]
2016-02-04 08:22:51,157 TRACE   main [org.springframework.beans.CachedIntrospectionResults] Found bean property 'baseLdapPathAsString' of type [java.lang.String]
2016-02-04 08:22:51,157 TRACE   main [org.springframework.beans.CachedIntrospectionResults] Found bean property 'cacheEnvironmentProperties' of type [boolean]
2016-02-04 08:22:51,157 TRACE   main [org.springframework.beans.CachedIntrospectionResults] Found bean property 'class' of type [java.lang.Class]
2016-02-04 08:22:51,157 TRACE   main [org.springframework.beans.CachedIntrospectionResults] Found bean property 'contextFactory' of type [java.lang.Class]
2016-02-04 08:22:51,158 TRACE   main [org.springframework.beans.CachedIntrospectionResults] Found bean property 'dirObjectFactory' of type [java.lang.Class]
2016-02-04 08:22:51,158 TRACE   main [org.springframework.beans.CachedIntrospectionResults] Found bean property 'password' of type [java.lang.String]
2016-02-04 08:22:51,158 TRACE   main [org.springframework.beans.CachedIntrospectionResults] Found bean property 'pooled' of type [boolean]
2016-02-04 08:22:51,158 TRACE   main [org.springframework.beans.CachedIntrospectionResults] Found bean property 'readOnlyContext' of type [javax.naming.directory.DirContext]
2016-02-04 08:22:51,158 TRACE   main [org.springframework.beans.CachedIntrospectionResults] Found bean property 'readWriteContext' of type [javax.naming.directory.DirContext]
2016-02-04 08:22:51,158 TRACE   main [org.springframework.beans.CachedIntrospectionResults] Found bean property 'referral' of type [java.lang.String]
2016-02-04 08:22:51,158 TRACE   main [org.springframework.beans.CachedIntrospectionResults] Found bean property 'url' of type [java.lang.String]
2016-02-04 08:22:51,158 TRACE   main [org.springframework.beans.CachedIntrospectionResults] Found bean property 'urls' of type [[Ljava.lang.String;]
2016-02-04 08:22:51,158 TRACE   main [org.springframework.beans.CachedIntrospectionResults] Found bean property 'userDn' of type [java.lang.String]
2016-02-04 08:22:51,164 DEBUG   main [org.springframework.beans.factory.support.DefaultListableBeanFactory] Creating instance of bean '(inner bean)#6c7733eb'
2016-02-04 08:22:51,168 TRACE   main [org.springframework.beans.CachedIntrospectionResults] Getting BeanInfo for class [[Ljava.lang.String;]
2016-02-04 08:22:51,169 TRACE   main [org.springframework.beans.CachedIntrospectionResults] Caching PropertyDescriptors for class [[Ljava.lang.String;]
2016-02-04 08:22:51,169 TRACE   main [org.springframework.beans.CachedIntrospectionResults] Found bean property 'class' of type [java.lang.Class]
2016-02-04 08:22:51,170 DEBUG   main [org.springframework.beans.factory.support.DefaultListableBeanFactory] Finished creating instance of bean '(inner bean)#6c7733eb'
2016-02-04 08:22:51,170 DEBUG   main [org.springframework.beans.factory.support.DefaultListableBeanFactory] Creating shared instance of singleton bean 'simpleDirContextAuthenticationStrategy'
2016-02-04 08:22:51,170 DEBUG   main [org.springframework.beans.factory.support.DefaultListableBeanFactory] Creating instance of bean 'simpleDirContextAuthenticationStrategy'
2016-02-04 08:22:51,171 DEBUG   main [org.springframework.beans.factory.support.DefaultListableBeanFactory] Eagerly caching bean 'simpleDirContextAuthenticationStrategy' to allow for resolving potential circular references
2016-02-04 08:22:51,171 TRACE   main [org.springframework.beans.CachedIntrospectionResults] Getting BeanInfo for class [org.springframework.ldap.core.support.SimpleDirContextAuthenticationStrategy]
2016-02-04 08:22:51,172 TRACE   main [org.springframework.beans.CachedIntrospectionResults] Caching PropertyDescriptors for class [org.springframework.ldap.core.support.SimpleDirContextAuthenticationStrategy]
2016-02-04 08:22:51,172 TRACE   main [org.springframework.beans.CachedIntrospectionResults] Found bean property 'class' of type [java.lang.Class]
2016-02-04 08:22:51,173 DEBUG   main [org.springframework.beans.factory.support.DefaultListableBeanFactory] Finished creating instance of bean 'simpleDirContextAuthenticationStrategy'
2016-02-04 08:22:51,174 DEBUG   main [org.springframework.beans.factory.support.DefaultListableBeanFactory] Invoking afterPropertiesSet() on bean with name '(inner bean)#1f5ffded'
2016-02-04 08:22:51,180 DEBUG   main [org.springframework.beans.factory.support.DefaultListableBeanFactory] Finished creating instance of bean '(inner bean)#1f5ffded'
2016-02-04 08:22:51,182 DEBUG   main [org.springframework.beans.factory.support.DefaultListableBeanFactory] Eagerly caching bean 'contextSource' to allow for resolving potential circular references
2016-02-04 08:22:51,182 TRACE   main [org.springframework.beans.CachedIntrospectionResults] Getting BeanInfo for class [org.springframework.ldap.transaction.compensating.manager.TransactionAwareContextSourceProxy]
2016-02-04 08:22:51,184 TRACE   main [org.springframework.beans.CachedIntrospectionResults] Caching PropertyDescriptors for class [org.springframework.ldap.transaction.compensating.manager.TransactionAwareContextSourceProxy]
2016-02-04 08:22:51,184 TRACE   main [org.springframework.beans.CachedIntrospectionResults] Found bean property 'baseLdapName' of type [javax.naming.ldap.LdapName]
2016-02-04 08:22:51,184 TRACE   main [org.springframework.beans.CachedIntrospectionResults] Found bean property 'baseLdapPath' of type [org.springframework.ldap.core.DistinguishedName]
2016-02-04 08:22:51,184 TRACE   main [org.springframework.beans.CachedIntrospectionResults] Found bean property 'baseLdapPathAsString' of type [java.lang.String]
2016-02-04 08:22:51,184 TRACE   main [org.springframework.beans.CachedIntrospectionResults] Found bean property 'class' of type [java.lang.Class]
2016-02-04 08:22:51,184 TRACE   main [org.springframework.beans.CachedIntrospectionResults] Found bean property 'readOnlyContext' of type [javax.naming.directory.DirContext]
2016-02-04 08:22:51,184 TRACE   main [org.springframework.beans.CachedIntrospectionResults] Found bean property 'readWriteContext' of type [javax.naming.directory.DirContext]
2016-02-04 08:22:51,184 TRACE   main [org.springframework.beans.CachedIntrospectionResults] Found bean property 'target' of type [org.springframework.ldap.core.ContextSource]
2016-02-04 08:22:51,184 DEBUG   main [org.springframework.beans.factory.support.DefaultListableBeanFactory] Finished creating instance of bean 'contextSource'
2016-02-04 08:22:51,185 DEBUG   main [org.springframework.beans.factory.support.DefaultListableBeanFactory] Invoking afterPropertiesSet() on bean with name 'ldapTemplate'
2016-02-04 08:22:51,185 DEBUG   main [org.springframework.beans.factory.support.DefaultListableBeanFactory] Finished creating instance of bean 'ldapTemplate'
2016-02-04 08:22:51,185 DEBUG   main [org.springframework.beans.factory.annotation.AutowiredAnnotationBeanPostProcessor] Autowiring by type from bean name 'userRepositoryImpl' to bean named 'ldapTemplate'
2016-02-04 08:22:51,186 DEBUG   main [org.springframework.beans.factory.support.DefaultListableBeanFactory] Finished creating instance of bean 'userRepositoryImpl'
2016-02-04 08:22:51,186 DEBUG   main [org.springframework.beans.factory.support.DefaultListableBeanFactory] Returning cached instance of singleton bean 'org.springframework.context.annotation.internalConfigurationAnnotationProcessor'
2016-02-04 08:22:51,186 DEBUG   main [org.springframework.beans.factory.support.DefaultListableBeanFactory] Returning cached instance of singleton bean 'org.springframework.context.annotation.internalAutowiredAnnotationProcessor'
2016-02-04 08:22:51,186 DEBUG   main [org.springframework.beans.factory.support.DefaultListableBeanFactory] Returning cached instance of singleton bean 'org.springframework.context.annotation.internalRequiredAnnotationProcessor'
2016-02-04 08:22:51,186 DEBUG   main [org.springframework.beans.factory.support.DefaultListableBeanFactory] Returning cached instance of singleton bean 'org.springframework.context.annotation.internalCommonAnnotationProcessor'
2016-02-04 08:22:51,186 DEBUG   main [org.springframework.beans.factory.support.DefaultListableBeanFactory] Returning cached instance of singleton bean 'simpleDirContextAuthenticationStrategy'
2016-02-04 08:22:51,186 DEBUG   main [org.springframework.beans.factory.support.DefaultListableBeanFactory] Creating shared instance of singleton bean 'userReposImpl'
2016-02-04 08:22:51,186 DEBUG   main [org.springframework.beans.factory.support.DefaultListableBeanFactory] Creating instance of bean 'userReposImpl'
2016-02-04 08:22:51,187 DEBUG   main [org.springframework.beans.factory.annotation.InjectionMetadata] Registered injected element on class [gov.fema.adminportal.ldap.repository.UserRepositoryImpl]: AutowiredFieldElement for private org.springframework.ldap.core.LdapTemplate gov.fema.adminportal.ldap.repository.UserRepositoryImpl.ldapTemplate
2016-02-04 08:22:51,187 DEBUG   main [org.springframework.beans.factory.support.DefaultListableBeanFactory] Eagerly caching bean 'userReposImpl' to allow for resolving potential circular references
2016-02-04 08:22:51,187 DEBUG   main [org.springframework.beans.factory.annotation.InjectionMetadata] Processing injected element of bean 'userReposImpl': AutowiredFieldElement for private org.springframework.ldap.core.LdapTemplate gov.fema.adminportal.ldap.repository.UserRepositoryImpl.ldapTemplate
2016-02-04 08:22:51,187 DEBUG   main [org.springframework.beans.factory.support.DefaultListableBeanFactory] Returning cached instance of singleton bean 'ldapTemplate'
2016-02-04 08:22:51,187 DEBUG   main [org.springframework.beans.factory.annotation.AutowiredAnnotationBeanPostProcessor] Autowiring by type from bean name 'userReposImpl' to bean named 'ldapTemplate'
2016-02-04 08:22:51,187 DEBUG   main [org.springframework.beans.factory.support.DefaultListableBeanFactory] Finished creating instance of bean 'userReposImpl'
2016-02-04 08:22:51,187 DEBUG   main [org.springframework.beans.factory.support.DefaultListableBeanFactory] Returning cached instance of singleton bean 'contextSource'
2016-02-04 08:22:51,187 DEBUG   main [org.springframework.beans.factory.support.DefaultListableBeanFactory] Returning cached instance of singleton bean 'ldapTemplate'
2016-02-04 08:22:51,187 DEBUG   main [org.springframework.beans.factory.support.DefaultListableBeanFactory] Returning cached instance of singleton bean 'org.springframework.context.annotation.ConfigurationClassPostProcessor.importAwareProcessor'
2016-02-04 08:22:51,187 DEBUG   main [org.springframework.beans.factory.support.DefaultListableBeanFactory] Returning cached instance of singleton bean 'org.springframework.context.annotation.ConfigurationClassPostProcessor.enhancedConfigurationProcessor'
2016-02-04 08:22:51,189 DEBUG   main [org.springframework.context.support.ClassPathXmlApplicationContext] Unable to locate LifecycleProcessor with name 'lifecycleProcessor': using default [org.springframework.context.support.DefaultLifecycleProcessor@7c182454]
2016-02-04 08:22:51,189 DEBUG   main [org.springframework.beans.factory.support.DefaultListableBeanFactory] Returning cached instance of singleton bean 'lifecycleProcessor'
2016-02-04 08:22:51,189 TRACE   main [org.springframework.context.support.ClassPathXmlApplicationContext] Publishing event in org.springframework.context.support.ClassPathXmlApplicationContext@450faed3: org.springframework.context.event.ContextRefreshedEvent[source=org.springframework.context.support.ClassPathXmlApplicationContext@450faed3: startup date [Thu Feb 04 08:22:50 EST 2016]; root of context hierarchy]
2016-02-04 08:22:51,190 TRACE   main [org.springframework.core.env.PropertySourcesPropertyResolver] getProperty("spring.liveBeansView.mbeanDomain", String)
2016-02-04 08:22:51,191 DEBUG   main [org.springframework.core.env.PropertySourcesPropertyResolver] Searching for key 'spring.liveBeansView.mbeanDomain' in [systemProperties]
2016-02-04 08:22:51,191 DEBUG   main [org.springframework.core.env.PropertySourcesPropertyResolver] Searching for key 'spring.liveBeansView.mbeanDomain' in [systemEnvironment]
2016-02-04 08:22:51,191 DEBUG   main [org.springframework.core.env.PropertySourcesPropertyResolver] Could not find key 'spring.liveBeansView.mbeanDomain' in any property source. Returning [null]
2016-02-04 08:22:51,191 INFO   main [gov.fema.adminportal.ldap.app.LdapApp] Test started at Thu Feb 04 08:22:50 EST 2016
2016-02-04 08:22:51,191 DEBUG   main [org.springframework.beans.factory.support.DefaultListableBeanFactory] Returning cached instance of singleton bean 'userReposImpl'
2016-02-04 08:22:51,191 INFO   main [gov.fema.adminportal.ldap.repository.UserRepositoryImpl] executing {createUser}
2016-02-04 08:26:22,722 DEBUG   main [org.springframework.core.env.StandardEnvironment] Adding [systemProperties] PropertySource with lowest search precedence
2016-02-04 08:26:22,726 DEBUG   main [org.springframework.core.env.StandardEnvironment] Adding [systemEnvironment] PropertySource with lowest search precedence
2016-02-04 08:26:22,726 DEBUG   main [org.springframework.core.env.StandardEnvironment] Initialized StandardEnvironment with PropertySources [systemProperties,systemEnvironment]
2016-02-04 08:26:22,730 INFO   main [org.springframework.context.support.ClassPathXmlApplicationContext] Refreshing org.springframework.context.support.ClassPathXmlApplicationContext@89ec211: startup date [Thu Feb 04 08:26:22 EST 2016]; root of context hierarchy
2016-02-04 08:26:22,762 DEBUG   main [org.springframework.core.env.StandardEnvironment] Adding [systemProperties] PropertySource with lowest search precedence
2016-02-04 08:26:22,762 DEBUG   main [org.springframework.core.env.StandardEnvironment] Adding [systemEnvironment] PropertySource with lowest search precedence
2016-02-04 08:26:22,762 DEBUG   main [org.springframework.core.env.StandardEnvironment] Initialized StandardEnvironment with PropertySources [systemProperties,systemEnvironment]
2016-02-04 08:26:22,772 INFO   main [org.springframework.beans.factory.xml.XmlBeanDefinitionReader] Loading XML bean definitions from class path resource [spring-ldap-example.xml]
2016-02-04 08:26:22,774 DEBUG   main [org.springframework.beans.factory.xml.DefaultDocumentLoader] Using JAXP provider [com.sun.org.apache.xerces.internal.jaxp.DocumentBuilderFactoryImpl]
2016-02-04 08:26:22,794 TRACE   main [org.springframework.beans.factory.xml.PluggableSchemaResolver] Trying to resolve XML entity with public id [null] and system id [http://www.springframework.org/schema/beans/spring-beans.xsd]
2016-02-04 08:26:22,794 DEBUG   main [org.springframework.beans.factory.xml.PluggableSchemaResolver] Loading schema mappings from [META-INF/spring.schemas]
2016-02-04 08:26:22,801 DEBUG   main [org.springframework.beans.factory.xml.PluggableSchemaResolver] Loaded schema mappings: {http://www.springframework.org/schema/tx/spring-tx-2.5.xsd=org/springframework/transaction/config/spring-tx-2.5.xsd, http://www.springframework.org/schema/cache/spring-cache-4.2.xsd=org/springframework/cache/config/spring-cache-4.2.xsd, http://www.springframework.org/schema/aop/spring-aop-4.1.xsd=org/springframework/aop/config/spring-aop-4.1.xsd, http://www.springframework.org/schema/context/spring-context-3.1.xsd=org/springframework/context/config/spring-context-3.1.xsd, http://www.springframework.org/schema/data/repository/spring-repository-1.4.xsd=org/springframework/data/repository/config/spring-repository-1.4.xsd, http://www.springframework.org/schema/util/spring-util-3.0.xsd=org/springframework/beans/factory/xml/spring-util-3.0.xsd, http://www.springframework.org/schema/tool/spring-tool.xsd=org/springframework/beans/factory/xml/spring-tool-4.2.xsd, http://www.springframework.org/schema/aop/spring-aop-3.2.xsd=org/springframework/aop/config/spring-aop-3.2.xsd, http://www.springframework.org/schema/lang/spring-lang-4.1.xsd=org/springframework/scripting/config/spring-lang-4.1.xsd, http://www.springframework.org/schema/context/spring-context-4.0.xsd=org/springframework/context/config/spring-context-4.0.xsd, http://www.springframework.org/schema/beans/spring-beans-4.2.xsd=org/springframework/beans/factory/xml/spring-beans-4.2.xsd, http://www.springframework.org/schema/tool/spring-tool-4.1.xsd=org/springframework/beans/factory/xml/spring-tool-4.1.xsd, http://www.springframework.org/schema/lang/spring-lang-3.2.xsd=org/springframework/scripting/config/spring-lang-3.2.xsd, http://www.springframework.org/schema/cache/spring-cache-3.2.xsd=org/springframework/cache/config/spring-cache-3.2.xsd, http://www.springframework.org/schema/jee/spring-jee-4.1.xsd=org/springframework/ejb/config/spring-jee-4.1.xsd, http://www.springframework.org/schema/task/spring-task-4.2.xsd=org/springframework/scheduling/config/spring-task-4.2.xsd, http://www.springframework.org/schema/util/spring-util-2.0.xsd=org/springframework/beans/factory/xml/spring-util-2.0.xsd, http://www.springframework.org/schema/tool/spring-tool-3.2.xsd=org/springframework/beans/factory/xml/spring-tool-3.2.xsd, http://www.springframework.org/schema/context/spring-context.xsd=org/springframework/context/config/spring-context-4.2.xsd, http://www.springframework.org/schema/tx/spring-tx-4.2.xsd=org/springframework/transaction/config/spring-tx-4.2.xsd, http://www.springframework.org/schema/cache/spring-cache-4.1.xsd=org/springframework/cache/config/spring-cache-4.1.xsd, http://www.springframework.org/schema/aop/spring-aop-4.0.xsd=org/springframework/aop/config/spring-aop-4.0.xsd, http://www.springframework.org/schema/jee/spring-jee-3.2.xsd=org/springframework/ejb/config/spring-jee-3.2.xsd, http://www.springframework.org/schema/context/spring-context-3.0.xsd=org/springframework/context/config/spring-context-3.0.xsd, http://www.springframework.org/schema/util/spring-util-2.5.xsd=org/springframework/beans/factory/xml/spring-util-2.5.xsd, http://www.springframework.org/schema/beans/spring-beans-3.2.xsd=org/springframework/beans/factory/xml/spring-beans-3.2.xsd, http://www.springframework.org/schema/aop/spring-aop-3.1.xsd=org/springframework/aop/config/spring-aop-3.1.xsd, http://www.springframework.org/schema/ldap/spring-ldap-2.0.xsd=org/springframework/ldap/config/spring-ldap-2.0.xsd, http://www.springframework.org/schema/lang/spring-lang-4.0.xsd=org/springframework/scripting/config/spring-lang-4.0.xsd, http://www.springframework.org/schema/beans/spring-beans-4.1.xsd=org/springframework/beans/factory/xml/spring-beans-4.1.xsd, http://www.springframework.org/schema/tool/spring-tool-4.0.xsd=org/springframework/beans/factory/xml/spring-tool-4.0.xsd, http://www.springframework.org/schema/tx/spring-tx-3.2.xsd=org/springframework/transaction/config/spring-tx-3.2.xsd, http://www.springframework.org/schema/lang/spring-lang-3.1.xsd=org/springframework/scripting/config/spring-lang-3.1.xsd, http://www.springframework.org/schema/cache/spring-cache-3.1.xsd=org/springframework/cache/config/spring-cache-3.1.xsd, http://www.springframework.org/schema/jee/spring-jee-4.0.xsd=org/springframework/ejb/config/spring-jee-4.0.xsd, http://www.springframework.org/schema/task/spring-task-4.1.xsd=org/springframework/scheduling/config/spring-task-4.1.xsd, http://www.springframework.org/schema/tool/spring-tool-3.1.xsd=org/springframework/beans/factory/xml/spring-tool-3.1.xsd, http://www.springframework.org/schema/tx/spring-tx-4.1.xsd=org/springframework/transaction/config/spring-tx-4.1.xsd, http://www.springframework.org/schema/cache/spring-cache-4.0.xsd=org/springframework/cache/config/spring-cache-4.0.xsd, http://www.springframework.org/schema/jee/spring-jee-3.1.xsd=org/springframework/ejb/config/spring-jee-3.1.xsd, http://www.springframework.org/schema/task/spring-task-3.2.xsd=org/springframework/scheduling/config/spring-task-3.2.xsd, http://www.springframework.org/schema/util/spring-util-4.2.xsd=org/springframework/beans/factory/xml/spring-util-4.2.xsd, http://www.springframework.org/schema/beans/spring-beans-3.1.xsd=org/springframework/beans/factory/xml/spring-beans-3.1.xsd, http://www.springframework.org/schema/util/spring-util.xsd=org/springframework/beans/factory/xml/spring-util-4.2.xsd, http://www.springframework.org/schema/aop/spring-aop-3.0.xsd=org/springframework/aop/config/spring-aop-3.0.xsd, http://www.springframework.org/schema/data/repository/spring-repository.xsd=org/springframework/data/repository/config/spring-repository-1.7.xsd, http://www.springframework.org/schema/data/repository/spring-repository-1.7.xsd=org/springframework/data/repository/config/spring-repository-1.7.xsd, http://www.springframework.org/schema/ldap/spring-ldap.xsd=org/springframework/ldap/config/spring-ldap-2.0.xsd, http://www.springframework.org/schema/beans/spring-beans-4.0.xsd=org/springframework/beans/factory/xml/spring-beans-4.0.xsd, http://www.springframework.org/schema/beans/spring-beans.xsd=org/springframework/beans/factory/xml/spring-beans-4.2.xsd, http://www.springframework.org/schema/tx/spring-tx-3.1.xsd=org/springframework/transaction/config/spring-tx-3.1.xsd, http://www.springframework.org/schema/lang/spring-lang-3.0.xsd=org/springframework/scripting/config/spring-lang-3.0.xsd, http://www.springframework.org/schema/context/spring-context-2.5.xsd=org/springframework/context/config/spring-context-2.5.xsd, http://www.springframework.org/schema/task/spring-task-4.0.xsd=org/springframework/scheduling/config/spring-task-4.0.xsd, http://www.springframework.org/schema/tool/spring-tool-3.0.xsd=org/springframework/beans/factory/xml/spring-tool-3.0.xsd, http://www.springframework.org/schema/tx/spring-tx-4.0.xsd=org/springframework/transaction/config/spring-tx-4.0.xsd, http://www.springframework.org/schema/aop/spring-aop-2.0.xsd=org/springframework/aop/config/spring-aop-2.0.xsd, http://www.springframework.org/schema/jee/spring-jee-3.0.xsd=org/springframework/ejb/config/spring-jee-3.0.xsd, http://www.springframework.org/schema/util/spring-util-4.1.xsd=org/springframework/beans/factory/xml/spring-util-4.1.xsd, http://www.springframework.org/schema/task/spring-task-3.1.xsd=org/springframework/scheduling/config/spring-task-3.1.xsd, http://www.springframework.org/schema/beans/spring-beans-3.0.xsd=org/springframework/beans/factory/xml/spring-beans-3.0.xsd, http://www.springframework.org/schema/jee/spring-jee.xsd=org/springframework/ejb/config/spring-jee-4.2.xsd, http://www.springframework.org/schema/aop/spring-aop-2.5.xsd=org/springframework/aop/config/spring-aop-2.5.xsd, http://www.springframework.org/schema/lang/spring-lang-2.0.xsd=org/springframework/scripting/config/spring-lang-2.0.xsd, http://www.springframework.org/schema/data/repository/spring-repository-1.6.xsd=org/springframework/data/repository/config/spring-repository-1.6.xsd, http://www.springframework.org/schema/util/spring-util-3.2.xsd=org/springframework/beans/factory/xml/spring-util-3.2.xsd, http://www.springframework.org/schema/task/spring-task.xsd=org/springframework/scheduling/config/spring-task-4.2.xsd, http://www.springframework.org/schema/tool/spring-tool-2.0.xsd=org/springframework/beans/factory/xml/spring-tool-2.0.xsd, http://www.springframework.org/schema/tx/spring-tx-3.0.xsd=org/springframework/transaction/config/spring-tx-3.0.xsd, http://www.springframework.org/schema/lang/spring-lang-2.5.xsd=org/springframework/scripting/config/spring-lang-2.5.xsd, http://www.springframework.org/schema/context/spring-context-4.2.xsd=org/springframework/context/config/spring-context-4.2.xsd, http://www.springframework.org/schema/jee/spring-jee-2.0.xsd=org/springframework/ejb/config/spring-jee-2.0.xsd, http://www.springframework.org/schema/tool/spring-tool-2.5.xsd=org/springframework/beans/factory/xml/spring-tool-2.5.xsd, http://www.springframework.org/schema/jee/spring-jee-2.5.xsd=org/springframework/ejb/config/spring-jee-2.5.xsd, http://www.springframework.org/schema/data/repository/spring-repository-1.0.xsd=org/springframework/data/repository/config/spring-repository-1.0.xsd, http://www.springframework.org/schema/util/spring-util-4.0.xsd=org/springframework/beans/factory/xml/spring-util-4.0.xsd, http://www.springframework.org/schema/task/spring-task-3.0.xsd=org/springframework/scheduling/config/spring-task-3.0.xsd, http://www.springframework.org/schema/aop/spring-aop-4.2.xsd=org/springframework/aop/config/spring-aop-4.2.xsd, http://www.springframework.org/schema/lang/spring-lang.xsd=org/springframework/scripting/config/spring-lang-4.2.xsd, http://www.springframework.org/schema/context/spring-context-3.2.xsd=org/springframework/context/config/spring-context-3.2.xsd, http://www.springframework.org/schema/data/repository/spring-repository-1.5.xsd=org/springframework/data/repository/config/spring-repository-1.5.xsd, http://www.springframework.org/schema/util/spring-util-3.1.xsd=org/springframework/beans/factory/xml/spring-util-3.1.xsd, http://www.springframework.org/schema/beans/spring-beans-2.0.xsd=org/springframework/beans/factory/xml/spring-beans-2.0.xsd, http://www.springframework.org/schema/cache/spring-cache.xsd=org/springframework/cache/config/spring-cache-4.2.xsd, http://www.springframework.org/schema/tx/spring-tx.xsd=org/springframework/transaction/config/spring-tx-4.2.xsd, http://www.springframework.org/schema/lang/spring-lang-4.2.xsd=org/springframework/scripting/config/spring-lang-4.2.xsd, http://www.springframework.org/schema/context/spring-context-4.1.xsd=org/springframework/context/config/spring-context-4.1.xsd, http://www.springframework.org/schema/beans/spring-beans-2.5.xsd=org/springframework/beans/factory/xml/spring-beans-2.5.xsd, http://www.springframework.org/schema/tool/spring-tool-4.2.xsd=org/springframework/beans/factory/xml/spring-tool-4.2.xsd, http://www.springframework.org/schema/tx/spring-tx-2.0.xsd=org/springframework/transaction/config/spring-tx-2.0.xsd, http://www.springframework.org/schema/jee/spring-jee-4.2.xsd=org/springframework/ejb/config/spring-jee-4.2.xsd, http://www.springframework.org/schema/aop/spring-aop.xsd=org/springframework/aop/config/spring-aop-4.2.xsd}
2016-02-04 08:26:22,804 DEBUG   main [org.springframework.beans.factory.xml.PluggableSchemaResolver] Found XML schema [http://www.springframework.org/schema/beans/spring-beans.xsd] in classpath: org/springframework/beans/factory/xml/spring-beans-4.2.xsd
2016-02-04 08:26:22,856 TRACE   main [org.springframework.beans.factory.xml.PluggableSchemaResolver] Trying to resolve XML entity with public id [null] and system id [http://www.springframework.org/schema/context/spring-context.xsd]
2016-02-04 08:26:22,857 DEBUG   main [org.springframework.beans.factory.xml.PluggableSchemaResolver] Found XML schema [http://www.springframework.org/schema/context/spring-context.xsd] in classpath: org/springframework/context/config/spring-context-4.2.xsd
2016-02-04 08:26:22,864 TRACE   main [org.springframework.beans.factory.xml.PluggableSchemaResolver] Trying to resolve XML entity with public id [null] and system id [http://www.springframework.org/schema/tool/spring-tool-4.2.xsd]
2016-02-04 08:26:22,865 DEBUG   main [org.springframework.beans.factory.xml.PluggableSchemaResolver] Found XML schema [http://www.springframework.org/schema/tool/spring-tool-4.2.xsd] in classpath: org/springframework/beans/factory/xml/spring-tool-4.2.xsd
2016-02-04 08:26:22,871 TRACE   main [org.springframework.beans.factory.xml.PluggableSchemaResolver] Trying to resolve XML entity with public id [null] and system id [http://www.springframework.org/schema/ldap/spring-ldap.xsd]
2016-02-04 08:26:22,871 DEBUG   main [org.springframework.beans.factory.xml.PluggableSchemaResolver] Found XML schema [http://www.springframework.org/schema/ldap/spring-ldap.xsd] in classpath: org/springframework/ldap/config/spring-ldap-2.0.xsd
2016-02-04 08:26:22,887 TRACE   main [org.springframework.beans.factory.xml.PluggableSchemaResolver] Trying to resolve XML entity with public id [null] and system id [http://www.springframework.org/schema/data/repository/spring-repository.xsd]
2016-02-04 08:26:22,890 DEBUG   main [org.springframework.beans.factory.xml.PluggableSchemaResolver] Found XML schema [http://www.springframework.org/schema/data/repository/spring-repository.xsd] in classpath: org/springframework/data/repository/config/spring-repository-1.7.xsd
2016-02-04 08:26:22,903 DEBUG   main [org.springframework.beans.factory.xml.DefaultBeanDefinitionDocumentReader] Loading bean definitions
2016-02-04 08:26:22,915 DEBUG   main [org.springframework.beans.factory.xml.DefaultNamespaceHandlerResolver] Loaded NamespaceHandler mappings: {http://www.springframework.org/schema/p=org.springframework.beans.factory.xml.SimplePropertyNamespaceHandler, http://www.springframework.org/schema/util=org.springframework.beans.factory.xml.UtilNamespaceHandler, http://www.springframework.org/schema/jee=org.springframework.ejb.config.JeeNamespaceHandler, http://www.springframework.org/schema/aop=org.springframework.aop.config.AopNamespaceHandler, http://www.springframework.org/schema/data/repository=org.springframework.data.repository.config.RepositoryNameSpaceHandler, http://www.springframework.org/schema/cache=org.springframework.cache.config.CacheNamespaceHandler, http://www.springframework.org/schema/c=org.springframework.beans.factory.xml.SimpleConstructorNamespaceHandler, http://www.springframework.org/schema/ldap=org.springframework.ldap.config.LdapNamespaceHandler, http://www.springframework.org/schema/tx=org.springframework.transaction.config.TxNamespaceHandler, http://www.springframework.org/schema/task=org.springframework.scheduling.config.TaskNamespaceHandler, http://www.springframework.org/schema/lang=org.springframework.scripting.config.LangNamespaceHandler, http://www.springframework.org/schema/context=org.springframework.context.config.ContextNamespaceHandler}
2016-02-04 08:26:22,929 DEBUG   main [org.springframework.core.env.StandardEnvironment] Adding [systemProperties] PropertySource with lowest search precedence
2016-02-04 08:26:22,929 DEBUG   main [org.springframework.core.env.StandardEnvironment] Adding [systemEnvironment] PropertySource with lowest search precedence
2016-02-04 08:26:22,930 DEBUG   main [org.springframework.core.env.StandardEnvironment] Initialized StandardEnvironment with PropertySources [systemProperties,systemEnvironment]
2016-02-04 08:26:22,943 DEBUG   main [org.springframework.core.io.support.PathMatchingResourcePatternResolver] Looking for matching resources in directory tree [C:\Eclipse\workspace\spring-ldap-example\bin\gov\fema\adminportal\ldap]
2016-02-04 08:26:22,943 DEBUG   main [org.springframework.core.io.support.PathMatchingResourcePatternResolver] Searching directory [C:\Eclipse\workspace\spring-ldap-example\bin\gov\fema\adminportal\ldap] for files matching pattern [C:/Eclipse/workspace/spring-ldap-example/bin/gov/fema/adminportal/ldap/**/*.class]
2016-02-04 08:26:22,945 DEBUG   main [org.springframework.core.io.support.PathMatchingResourcePatternResolver] Searching directory [C:\Eclipse\workspace\spring-ldap-example\bin\gov\fema\adminportal\ldap\app] for files matching pattern [C:/Eclipse/workspace/spring-ldap-example/bin/gov/fema/adminportal/ldap/**/*.class]
2016-02-04 08:26:22,946 DEBUG   main [org.springframework.core.io.support.PathMatchingResourcePatternResolver] Searching directory [C:\Eclipse\workspace\spring-ldap-example\bin\gov\fema\adminportal\ldap\model] for files matching pattern [C:/Eclipse/workspace/spring-ldap-example/bin/gov/fema/adminportal/ldap/**/*.class]
2016-02-04 08:26:22,946 DEBUG   main [org.springframework.core.io.support.PathMatchingResourcePatternResolver] Searching directory [C:\Eclipse\workspace\spring-ldap-example\bin\gov\fema\adminportal\ldap\repository] for files matching pattern [C:/Eclipse/workspace/spring-ldap-example/bin/gov/fema/adminportal/ldap/**/*.class]
2016-02-04 08:26:22,949 DEBUG   main [org.springframework.core.io.support.PathMatchingResourcePatternResolver] Resolved location pattern [classpath*:gov/fema/adminportal/ldap/**/*.class] to resources [file [C:\Eclipse\workspace\spring-ldap-example\bin\gov\fema\adminportal\ldap\app\LdapApp.class], file [C:\Eclipse\workspace\spring-ldap-example\bin\gov\fema\adminportal\ldap\model\User.class], file [C:\Eclipse\workspace\spring-ldap-example\bin\gov\fema\adminportal\ldap\repository\UserRepository.class], file [C:\Eclipse\workspace\spring-ldap-example\bin\gov\fema\adminportal\ldap\repository\UserRepositoryImpl$MultipleAttributesMapper.class], file [C:\Eclipse\workspace\spring-ldap-example\bin\gov\fema\adminportal\ldap\repository\UserRepositoryImpl$SingleAttributesMapper.class], file [C:\Eclipse\workspace\spring-ldap-example\bin\gov\fema\adminportal\ldap\repository\UserRepositoryImpl$UserAttributesMapper.class], file [C:\Eclipse\workspace\spring-ldap-example\bin\gov\fema\adminportal\ldap\repository\UserRepositoryImpl.class]]
2016-02-04 08:26:22,949 TRACE   main [org.springframework.context.annotation.ClassPathBeanDefinitionScanner] Scanning file [C:\Eclipse\workspace\spring-ldap-example\bin\gov\fema\adminportal\ldap\app\LdapApp.class]
2016-02-04 08:26:22,963 TRACE   main [org.springframework.context.annotation.ClassPathBeanDefinitionScanner] Ignored because not matching any filter: file [C:\Eclipse\workspace\spring-ldap-example\bin\gov\fema\adminportal\ldap\app\LdapApp.class]
2016-02-04 08:26:22,963 TRACE   main [org.springframework.context.annotation.ClassPathBeanDefinitionScanner] Scanning file [C:\Eclipse\workspace\spring-ldap-example\bin\gov\fema\adminportal\ldap\model\User.class]
2016-02-04 08:26:22,964 TRACE   main [org.springframework.context.annotation.ClassPathBeanDefinitionScanner] Ignored because not matching any filter: file [C:\Eclipse\workspace\spring-ldap-example\bin\gov\fema\adminportal\ldap\model\User.class]
2016-02-04 08:26:22,964 TRACE   main [org.springframework.context.annotation.ClassPathBeanDefinitionScanner] Scanning file [C:\Eclipse\workspace\spring-ldap-example\bin\gov\fema\adminportal\ldap\repository\UserRepository.class]
2016-02-04 08:26:22,965 TRACE   main [org.springframework.context.annotation.ClassPathBeanDefinitionScanner] Ignored because not matching any filter: file [C:\Eclipse\workspace\spring-ldap-example\bin\gov\fema\adminportal\ldap\repository\UserRepository.class]
2016-02-04 08:26:22,965 TRACE   main [org.springframework.context.annotation.ClassPathBeanDefinitionScanner] Scanning file [C:\Eclipse\workspace\spring-ldap-example\bin\gov\fema\adminportal\ldap\repository\UserRepositoryImpl$MultipleAttributesMapper.class]
2016-02-04 08:26:22,965 TRACE   main [org.springframework.context.annotation.ClassPathBeanDefinitionScanner] Ignored because not matching any filter: file [C:\Eclipse\workspace\spring-ldap-example\bin\gov\fema\adminportal\ldap\repository\UserRepositoryImpl$MultipleAttributesMapper.class]
2016-02-04 08:26:22,965 TRACE   main [org.springframework.context.annotation.ClassPathBeanDefinitionScanner] Scanning file [C:\Eclipse\workspace\spring-ldap-example\bin\gov\fema\adminportal\ldap\repository\UserRepositoryImpl$SingleAttributesMapper.class]
2016-02-04 08:26:22,966 TRACE   main [org.springframework.context.annotation.ClassPathBeanDefinitionScanner] Ignored because not matching any filter: file [C:\Eclipse\workspace\spring-ldap-example\bin\gov\fema\adminportal\ldap\repository\UserRepositoryImpl$SingleAttributesMapper.class]
2016-02-04 08:26:22,966 TRACE   main [org.springframework.context.annotation.ClassPathBeanDefinitionScanner] Scanning file [C:\Eclipse\workspace\spring-ldap-example\bin\gov\fema\adminportal\ldap\repository\UserRepositoryImpl$UserAttributesMapper.class]
2016-02-04 08:26:22,966 TRACE   main [org.springframework.context.annotation.ClassPathBeanDefinitionScanner] Ignored because not matching any filter: file [C:\Eclipse\workspace\spring-ldap-example\bin\gov\fema\adminportal\ldap\repository\UserRepositoryImpl$UserAttributesMapper.class]
2016-02-04 08:26:22,966 TRACE   main [org.springframework.context.annotation.ClassPathBeanDefinitionScanner] Scanning file [C:\Eclipse\workspace\spring-ldap-example\bin\gov\fema\adminportal\ldap\repository\UserRepositoryImpl.class]
2016-02-04 08:26:22,979 DEBUG   main [org.springframework.context.annotation.ClassPathBeanDefinitionScanner] Identified candidate component class: file [C:\Eclipse\workspace\spring-ldap-example\bin\gov\fema\adminportal\ldap\repository\UserRepositoryImpl.class]
2016-02-04 08:26:23,013 DEBUG   main [org.springframework.beans.factory.xml.XmlBeanDefinitionReader] Loaded 9 bean definitions from location pattern [spring-ldap-example.xml]
2016-02-04 08:26:23,013 DEBUG   main [org.springframework.context.support.ClassPathXmlApplicationContext] Bean factory for org.springframework.context.support.ClassPathXmlApplicationContext@89ec211: org.springframework.beans.factory.support.DefaultListableBeanFactory@5c5d9afc: defining beans [userRepositoryImpl,org.springframework.context.annotation.internalConfigurationAnnotationProcessor,org.springframework.context.annotation.internalAutowiredAnnotationProcessor,org.springframework.context.annotation.internalRequiredAnnotationProcessor,org.springframework.context.annotation.internalCommonAnnotationProcessor,simpleDirContextAuthenticationStrategy,userReposImpl,contextSource,ldapTemplate]; root of factory hierarchy
2016-02-04 08:26:23,037 DEBUG   main [org.springframework.beans.factory.support.DefaultListableBeanFactory] Creating shared instance of singleton bean 'org.springframework.context.annotation.internalConfigurationAnnotationProcessor'
2016-02-04 08:26:23,037 DEBUG   main [org.springframework.beans.factory.support.DefaultListableBeanFactory] Creating instance of bean 'org.springframework.context.annotation.internalConfigurationAnnotationProcessor'
2016-02-04 08:26:23,050 DEBUG   main [org.springframework.beans.factory.support.DefaultListableBeanFactory] Eagerly caching bean 'org.springframework.context.annotation.internalConfigurationAnnotationProcessor' to allow for resolving potential circular references
2016-02-04 08:26:23,052 DEBUG   main [org.springframework.beans.factory.support.DefaultListableBeanFactory] Finished creating instance of bean 'org.springframework.context.annotation.internalConfigurationAnnotationProcessor'
2016-02-04 08:26:23,087 DEBUG   main [org.springframework.beans.factory.support.DefaultListableBeanFactory] Creating shared instance of singleton bean 'org.springframework.context.annotation.internalAutowiredAnnotationProcessor'
2016-02-04 08:26:23,087 DEBUG   main [org.springframework.beans.factory.support.DefaultListableBeanFactory] Creating instance of bean 'org.springframework.context.annotation.internalAutowiredAnnotationProcessor'
2016-02-04 08:26:23,088 DEBUG   main [org.springframework.beans.factory.support.DefaultListableBeanFactory] Eagerly caching bean 'org.springframework.context.annotation.internalAutowiredAnnotationProcessor' to allow for resolving potential circular references
2016-02-04 08:26:23,088 DEBUG   main [org.springframework.beans.factory.support.DefaultListableBeanFactory] Finished creating instance of bean 'org.springframework.context.annotation.internalAutowiredAnnotationProcessor'
2016-02-04 08:26:23,088 DEBUG   main [org.springframework.beans.factory.support.DefaultListableBeanFactory] Creating shared instance of singleton bean 'org.springframework.context.annotation.internalRequiredAnnotationProcessor'
2016-02-04 08:26:23,088 DEBUG   main [org.springframework.beans.factory.support.DefaultListableBeanFactory] Creating instance of bean 'org.springframework.context.annotation.internalRequiredAnnotationProcessor'
2016-02-04 08:26:23,089 DEBUG   main [org.springframework.beans.factory.support.DefaultListableBeanFactory] Eagerly caching bean 'org.springframework.context.annotation.internalRequiredAnnotationProcessor' to allow for resolving potential circular references
2016-02-04 08:26:23,089 DEBUG   main [org.springframework.beans.factory.support.DefaultListableBeanFactory] Finished creating instance of bean 'org.springframework.context.annotation.internalRequiredAnnotationProcessor'
2016-02-04 08:26:23,089 DEBUG   main [org.springframework.beans.factory.support.DefaultListableBeanFactory] Creating shared instance of singleton bean 'org.springframework.context.annotation.internalCommonAnnotationProcessor'
2016-02-04 08:26:23,089 DEBUG   main [org.springframework.beans.factory.support.DefaultListableBeanFactory] Creating instance of bean 'org.springframework.context.annotation.internalCommonAnnotationProcessor'
2016-02-04 08:26:23,095 DEBUG   main [org.springframework.beans.factory.support.DefaultListableBeanFactory] Eagerly caching bean 'org.springframework.context.annotation.internalCommonAnnotationProcessor' to allow for resolving potential circular references
2016-02-04 08:26:23,095 DEBUG   main [org.springframework.beans.factory.support.DefaultListableBeanFactory] Finished creating instance of bean 'org.springframework.context.annotation.internalCommonAnnotationProcessor'
2016-02-04 08:26:23,095 DEBUG   main [org.springframework.beans.factory.support.DefaultListableBeanFactory] Creating shared instance of singleton bean 'org.springframework.context.annotation.ConfigurationClassPostProcessor.importAwareProcessor'
2016-02-04 08:26:23,095 DEBUG   main [org.springframework.beans.factory.support.DefaultListableBeanFactory] Creating instance of bean 'org.springframework.context.annotation.ConfigurationClassPostProcessor.importAwareProcessor'
2016-02-04 08:26:23,095 DEBUG   main [org.springframework.beans.factory.support.DefaultListableBeanFactory] Eagerly caching bean 'org.springframework.context.annotation.ConfigurationClassPostProcessor.importAwareProcessor' to allow for resolving potential circular references
2016-02-04 08:26:23,095 DEBUG   main [org.springframework.beans.factory.support.DefaultListableBeanFactory] Finished creating instance of bean 'org.springframework.context.annotation.ConfigurationClassPostProcessor.importAwareProcessor'
2016-02-04 08:26:23,096 DEBUG   main [org.springframework.beans.factory.support.DefaultListableBeanFactory] Creating shared instance of singleton bean 'org.springframework.context.annotation.ConfigurationClassPostProcessor.enhancedConfigurationProcessor'
2016-02-04 08:26:23,096 DEBUG   main [org.springframework.beans.factory.support.DefaultListableBeanFactory] Creating instance of bean 'org.springframework.context.annotation.ConfigurationClassPostProcessor.enhancedConfigurationProcessor'
2016-02-04 08:26:23,096 DEBUG   main [org.springframework.beans.factory.support.DefaultListableBeanFactory] Eagerly caching bean 'org.springframework.context.annotation.ConfigurationClassPostProcessor.enhancedConfigurationProcessor' to allow for resolving potential circular references
2016-02-04 08:26:23,096 DEBUG   main [org.springframework.beans.factory.support.DefaultListableBeanFactory] Finished creating instance of bean 'org.springframework.context.annotation.ConfigurationClassPostProcessor.enhancedConfigurationProcessor'
2016-02-04 08:26:23,100 DEBUG   main [org.springframework.context.support.ClassPathXmlApplicationContext] Unable to locate MessageSource with name 'messageSource': using default [org.springframework.context.support.DelegatingMessageSource@63676316]
2016-02-04 08:26:23,103 DEBUG   main [org.springframework.context.support.ClassPathXmlApplicationContext] Unable to locate ApplicationEventMulticaster with name 'applicationEventMulticaster': using default [org.springframework.context.event.SimpleApplicationEventMulticaster@1b67919b]
2016-02-04 08:26:23,105 DEBUG   main [org.springframework.beans.factory.support.DefaultListableBeanFactory] Pre-instantiating singletons in org.springframework.beans.factory.support.DefaultListableBeanFactory@5c5d9afc: defining beans [userRepositoryImpl,org.springframework.context.annotation.internalConfigurationAnnotationProcessor,org.springframework.context.annotation.internalAutowiredAnnotationProcessor,org.springframework.context.annotation.internalRequiredAnnotationProcessor,org.springframework.context.annotation.internalCommonAnnotationProcessor,simpleDirContextAuthenticationStrategy,userReposImpl,contextSource,ldapTemplate,org.springframework.context.annotation.ConfigurationClassPostProcessor.importAwareProcessor,org.springframework.context.annotation.ConfigurationClassPostProcessor.enhancedConfigurationProcessor]; root of factory hierarchy
2016-02-04 08:26:23,105 DEBUG   main [org.springframework.beans.factory.support.DefaultListableBeanFactory] Creating shared instance of singleton bean 'userRepositoryImpl'
2016-02-04 08:26:23,106 DEBUG   main [org.springframework.beans.factory.support.DefaultListableBeanFactory] Creating instance of bean 'userRepositoryImpl'
2016-02-04 08:26:23,123 DEBUG   main [org.springframework.beans.factory.annotation.InjectionMetadata] Registered injected element on class [gov.fema.adminportal.ldap.repository.UserRepositoryImpl]: AutowiredFieldElement for private org.springframework.ldap.core.LdapTemplate gov.fema.adminportal.ldap.repository.UserRepositoryImpl.ldapTemplate
2016-02-04 08:26:23,123 DEBUG   main [org.springframework.beans.factory.support.DefaultListableBeanFactory] Eagerly caching bean 'userRepositoryImpl' to allow for resolving potential circular references
2016-02-04 08:26:23,127 TRACE   main [org.springframework.core.io.support.SpringFactoriesLoader] Loaded [org.springframework.beans.BeanInfoFactory] names: [org.springframework.beans.ExtendedBeanInfoFactory]
2016-02-04 08:26:23,128 TRACE   main [org.springframework.beans.CachedIntrospectionResults] Getting BeanInfo for class [gov.fema.adminportal.ldap.repository.UserRepositoryImpl]
2016-02-04 08:26:23,131 TRACE   main [org.springframework.beans.CachedIntrospectionResults] Caching PropertyDescriptors for class [gov.fema.adminportal.ldap.repository.UserRepositoryImpl]
2016-02-04 08:26:23,131 TRACE   main [org.springframework.beans.CachedIntrospectionResults] Found bean property 'allUserNames' of type [java.util.List]
2016-02-04 08:26:23,134 TRACE   main [org.springframework.beans.CachedIntrospectionResults] Found bean property 'allUsers' of type [java.util.List]
2016-02-04 08:26:23,134 TRACE   main [org.springframework.beans.CachedIntrospectionResults] Found bean property 'class' of type [java.lang.Class]
2016-02-04 08:26:23,136 DEBUG   main [org.springframework.beans.factory.annotation.InjectionMetadata] Processing injected element of bean 'userRepositoryImpl': AutowiredFieldElement for private org.springframework.ldap.core.LdapTemplate gov.fema.adminportal.ldap.repository.UserRepositoryImpl.ldapTemplate
2016-02-04 08:26:23,141 DEBUG   main [org.springframework.beans.factory.support.DefaultListableBeanFactory] Creating shared instance of singleton bean 'ldapTemplate'
2016-02-04 08:26:23,141 DEBUG   main [org.springframework.beans.factory.support.DefaultListableBeanFactory] Creating instance of bean 'ldapTemplate'
2016-02-04 08:26:23,157 DEBUG   main [org.springframework.beans.factory.support.DefaultListableBeanFactory] Eagerly caching bean 'ldapTemplate' to allow for resolving potential circular references
2016-02-04 08:26:23,158 TRACE   main [org.springframework.beans.CachedIntrospectionResults] Getting BeanInfo for class [org.springframework.ldap.core.LdapTemplate]
2016-02-04 08:26:23,177 TRACE   main [org.springframework.beans.CachedIntrospectionResults] Caching PropertyDescriptors for class [org.springframework.ldap.core.LdapTemplate]
2016-02-04 08:26:23,177 TRACE   main [org.springframework.beans.CachedIntrospectionResults] Found bean property 'class' of type [java.lang.Class]
2016-02-04 08:26:23,178 TRACE   main [org.springframework.beans.CachedIntrospectionResults] Found bean property 'contextSource' of type [org.springframework.ldap.core.ContextSource]
2016-02-04 08:26:23,178 TRACE   main [org.springframework.beans.CachedIntrospectionResults] Found bean property 'defaultCountLimit' of type [int]
2016-02-04 08:26:23,178 TRACE   main [org.springframework.beans.CachedIntrospectionResults] Found bean property 'defaultSearchScope' of type [int]
2016-02-04 08:26:23,179 TRACE   main [org.springframework.beans.CachedIntrospectionResults] Found bean property 'defaultTimeLimit' of type [int]
2016-02-04 08:26:23,179 TRACE   main [org.springframework.beans.CachedIntrospectionResults] Found bean property 'ignoreNameNotFoundException' of type [boolean]
2016-02-04 08:26:23,179 TRACE   main [org.springframework.beans.CachedIntrospectionResults] Found bean property 'ignorePartialResultException' of type [boolean]
2016-02-04 08:26:23,180 TRACE   main [org.springframework.beans.CachedIntrospectionResults] Found bean property 'ignoreSizeLimitExceededException' of type [boolean]
2016-02-04 08:26:23,180 TRACE   main [org.springframework.beans.CachedIntrospectionResults] Found bean property 'objectDirectoryMapper' of type [org.springframework.ldap.odm.core.ObjectDirectoryMapper]
2016-02-04 08:26:23,184 DEBUG   main [org.springframework.beans.factory.support.DefaultListableBeanFactory] Creating shared instance of singleton bean 'contextSource'
2016-02-04 08:26:23,184 DEBUG   main [org.springframework.beans.factory.support.DefaultListableBeanFactory] Creating instance of bean 'contextSource'
2016-02-04 08:26:23,190 DEBUG   main [org.springframework.beans.factory.support.DefaultListableBeanFactory] Creating instance of bean '(inner bean)#215eaa28'
2016-02-04 08:26:23,208 TRACE   main [org.springframework.beans.CachedIntrospectionResults] Getting BeanInfo for class [org.springframework.ldap.core.support.LdapContextSource]
2016-02-04 08:26:23,212 TRACE   main [org.springframework.beans.CachedIntrospectionResults] Caching PropertyDescriptors for class [org.springframework.ldap.core.support.LdapContextSource]
2016-02-04 08:26:23,212 TRACE   main [org.springframework.beans.CachedIntrospectionResults] Found bean property 'anonymousReadOnly' of type [boolean]
2016-02-04 08:26:23,212 TRACE   main [org.springframework.beans.CachedIntrospectionResults] Found bean property 'authenticationSource' of type [org.springframework.ldap.core.AuthenticationSource]
2016-02-04 08:26:23,213 TRACE   main [org.springframework.beans.CachedIntrospectionResults] Found bean property 'authenticationStrategy' of type [org.springframework.ldap.core.support.DirContextAuthenticationStrategy]
2016-02-04 08:26:23,213 TRACE   main [org.springframework.beans.CachedIntrospectionResults] Found bean property 'base' of type [java.lang.String]
2016-02-04 08:26:23,213 TRACE   main [org.springframework.beans.CachedIntrospectionResults] Found bean property 'baseEnvironmentProperties' of type [java.util.Map]
2016-02-04 08:26:23,213 TRACE   main [org.springframework.beans.CachedIntrospectionResults] Found bean property 'baseLdapName' of type [javax.naming.ldap.LdapName]
2016-02-04 08:26:23,213 TRACE   main [org.springframework.beans.CachedIntrospectionResults] Found bean property 'baseLdapPath' of type [org.springframework.ldap.core.DistinguishedName]
2016-02-04 08:26:23,213 TRACE   main [org.springframework.beans.CachedIntrospectionResults] Found bean property 'baseLdapPathAsString' of type [java.lang.String]
2016-02-04 08:26:23,213 TRACE   main [org.springframework.beans.CachedIntrospectionResults] Found bean property 'cacheEnvironmentProperties' of type [boolean]
2016-02-04 08:26:23,213 TRACE   main [org.springframework.beans.CachedIntrospectionResults] Found bean property 'class' of type [java.lang.Class]
2016-02-04 08:26:23,214 TRACE   main [org.springframework.beans.CachedIntrospectionResults] Found bean property 'contextFactory' of type [java.lang.Class]
2016-02-04 08:26:23,214 TRACE   main [org.springframework.beans.CachedIntrospectionResults] Found bean property 'dirObjectFactory' of type [java.lang.Class]
2016-02-04 08:26:23,214 TRACE   main [org.springframework.beans.CachedIntrospectionResults] Found bean property 'password' of type [java.lang.String]
2016-02-04 08:26:23,214 TRACE   main [org.springframework.beans.CachedIntrospectionResults] Found bean property 'pooled' of type [boolean]
2016-02-04 08:26:23,214 TRACE   main [org.springframework.beans.CachedIntrospectionResults] Found bean property 'readOnlyContext' of type [javax.naming.directory.DirContext]
2016-02-04 08:26:23,214 TRACE   main [org.springframework.beans.CachedIntrospectionResults] Found bean property 'readWriteContext' of type [javax.naming.directory.DirContext]
2016-02-04 08:26:23,214 TRACE   main [org.springframework.beans.CachedIntrospectionResults] Found bean property 'referral' of type [java.lang.String]
2016-02-04 08:26:23,214 TRACE   main [org.springframework.beans.CachedIntrospectionResults] Found bean property 'url' of type [java.lang.String]
2016-02-04 08:26:23,215 TRACE   main [org.springframework.beans.CachedIntrospectionResults] Found bean property 'urls' of type [[Ljava.lang.String;]
2016-02-04 08:26:23,215 TRACE   main [org.springframework.beans.CachedIntrospectionResults] Found bean property 'userDn' of type [java.lang.String]
2016-02-04 08:26:23,218 DEBUG   main [org.springframework.beans.factory.support.DefaultListableBeanFactory] Creating instance of bean '(inner bean)#296e8472'
2016-02-04 08:26:23,224 TRACE   main [org.springframework.beans.CachedIntrospectionResults] Getting BeanInfo for class [[Ljava.lang.String;]
2016-02-04 08:26:23,224 TRACE   main [org.springframework.beans.CachedIntrospectionResults] Caching PropertyDescriptors for class [[Ljava.lang.String;]
2016-02-04 08:26:23,224 TRACE   main [org.springframework.beans.CachedIntrospectionResults] Found bean property 'class' of type [java.lang.Class]
2016-02-04 08:26:23,225 DEBUG   main [org.springframework.beans.factory.support.DefaultListableBeanFactory] Finished creating instance of bean '(inner bean)#296e8472'
2016-02-04 08:26:23,226 DEBUG   main [org.springframework.beans.factory.support.DefaultListableBeanFactory] Creating shared instance of singleton bean 'simpleDirContextAuthenticationStrategy'
2016-02-04 08:26:23,226 DEBUG   main [org.springframework.beans.factory.support.DefaultListableBeanFactory] Creating instance of bean 'simpleDirContextAuthenticationStrategy'
2016-02-04 08:26:23,227 DEBUG   main [org.springframework.beans.factory.support.DefaultListableBeanFactory] Eagerly caching bean 'simpleDirContextAuthenticationStrategy' to allow for resolving potential circular references
2016-02-04 08:26:23,227 TRACE   main [org.springframework.beans.CachedIntrospectionResults] Getting BeanInfo for class [org.springframework.ldap.core.support.SimpleDirContextAuthenticationStrategy]
2016-02-04 08:26:23,228 TRACE   main [org.springframework.beans.CachedIntrospectionResults] Caching PropertyDescriptors for class [org.springframework.ldap.core.support.SimpleDirContextAuthenticationStrategy]
2016-02-04 08:26:23,228 TRACE   main [org.springframework.beans.CachedIntrospectionResults] Found bean property 'class' of type [java.lang.Class]
2016-02-04 08:26:23,229 DEBUG   main [org.springframework.beans.factory.support.DefaultListableBeanFactory] Finished creating instance of bean 'simpleDirContextAuthenticationStrategy'
2016-02-04 08:26:23,230 DEBUG   main [org.springframework.beans.factory.support.DefaultListableBeanFactory] Invoking afterPropertiesSet() on bean with name '(inner bean)#215eaa28'
2016-02-04 08:26:23,234 DEBUG   main [org.springframework.beans.factory.support.DefaultListableBeanFactory] Finished creating instance of bean '(inner bean)#215eaa28'
2016-02-04 08:26:23,236 DEBUG   main [org.springframework.beans.factory.support.DefaultListableBeanFactory] Eagerly caching bean 'contextSource' to allow for resolving potential circular references
2016-02-04 08:26:23,236 TRACE   main [org.springframework.beans.CachedIntrospectionResults] Getting BeanInfo for class [org.springframework.ldap.transaction.compensating.manager.TransactionAwareContextSourceProxy]
2016-02-04 08:26:23,238 TRACE   main [org.springframework.beans.CachedIntrospectionResults] Caching PropertyDescriptors for class [org.springframework.ldap.transaction.compensating.manager.TransactionAwareContextSourceProxy]
2016-02-04 08:26:23,238 TRACE   main [org.springframework.beans.CachedIntrospectionResults] Found bean property 'baseLdapName' of type [javax.naming.ldap.LdapName]
2016-02-04 08:26:23,239 TRACE   main [org.springframework.beans.CachedIntrospectionResults] Found bean property 'baseLdapPath' of type [org.springframework.ldap.core.DistinguishedName]
2016-02-04 08:26:23,239 TRACE   main [org.springframework.beans.CachedIntrospectionResults] Found bean property 'baseLdapPathAsString' of type [java.lang.String]
2016-02-04 08:26:23,239 TRACE   main [org.springframework.beans.CachedIntrospectionResults] Found bean property 'class' of type [java.lang.Class]
2016-02-04 08:26:23,239 TRACE   main [org.springframework.beans.CachedIntrospectionResults] Found bean property 'readOnlyContext' of type [javax.naming.directory.DirContext]
2016-02-04 08:26:23,239 TRACE   main [org.springframework.beans.CachedIntrospectionResults] Found bean property 'readWriteContext' of type [javax.naming.directory.DirContext]
2016-02-04 08:26:23,239 TRACE   main [org.springframework.beans.CachedIntrospectionResults] Found bean property 'target' of type [org.springframework.ldap.core.ContextSource]
2016-02-04 08:26:23,239 DEBUG   main [org.springframework.beans.factory.support.DefaultListableBeanFactory] Finished creating instance of bean 'contextSource'
2016-02-04 08:26:23,240 DEBUG   main [org.springframework.beans.factory.support.DefaultListableBeanFactory] Invoking afterPropertiesSet() on bean with name 'ldapTemplate'
2016-02-04 08:26:23,240 DEBUG   main [org.springframework.beans.factory.support.DefaultListableBeanFactory] Finished creating instance of bean 'ldapTemplate'
2016-02-04 08:26:23,240 DEBUG   main [org.springframework.beans.factory.annotation.AutowiredAnnotationBeanPostProcessor] Autowiring by type from bean name 'userRepositoryImpl' to bean named 'ldapTemplate'
2016-02-04 08:26:23,241 DEBUG   main [org.springframework.beans.factory.support.DefaultListableBeanFactory] Finished creating instance of bean 'userRepositoryImpl'
2016-02-04 08:26:23,241 DEBUG   main [org.springframework.beans.factory.support.DefaultListableBeanFactory] Returning cached instance of singleton bean 'org.springframework.context.annotation.internalConfigurationAnnotationProcessor'
2016-02-04 08:26:23,241 DEBUG   main [org.springframework.beans.factory.support.DefaultListableBeanFactory] Returning cached instance of singleton bean 'org.springframework.context.annotation.internalAutowiredAnnotationProcessor'
2016-02-04 08:26:23,241 DEBUG   main [org.springframework.beans.factory.support.DefaultListableBeanFactory] Returning cached instance of singleton bean 'org.springframework.context.annotation.internalRequiredAnnotationProcessor'
2016-02-04 08:26:23,241 DEBUG   main [org.springframework.beans.factory.support.DefaultListableBeanFactory] Returning cached instance of singleton bean 'org.springframework.context.annotation.internalCommonAnnotationProcessor'
2016-02-04 08:26:23,241 DEBUG   main [org.springframework.beans.factory.support.DefaultListableBeanFactory] Returning cached instance of singleton bean 'simpleDirContextAuthenticationStrategy'
2016-02-04 08:26:23,241 DEBUG   main [org.springframework.beans.factory.support.DefaultListableBeanFactory] Creating shared instance of singleton bean 'userReposImpl'
2016-02-04 08:26:23,241 DEBUG   main [org.springframework.beans.factory.support.DefaultListableBeanFactory] Creating instance of bean 'userReposImpl'
2016-02-04 08:26:23,242 DEBUG   main [org.springframework.beans.factory.annotation.InjectionMetadata] Registered injected element on class [gov.fema.adminportal.ldap.repository.UserRepositoryImpl]: AutowiredFieldElement for private org.springframework.ldap.core.LdapTemplate gov.fema.adminportal.ldap.repository.UserRepositoryImpl.ldapTemplate
2016-02-04 08:26:23,242 DEBUG   main [org.springframework.beans.factory.support.DefaultListableBeanFactory] Eagerly caching bean 'userReposImpl' to allow for resolving potential circular references
2016-02-04 08:26:23,242 DEBUG   main [org.springframework.beans.factory.annotation.InjectionMetadata] Processing injected element of bean 'userReposImpl': AutowiredFieldElement for private org.springframework.ldap.core.LdapTemplate gov.fema.adminportal.ldap.repository.UserRepositoryImpl.ldapTemplate
2016-02-04 08:26:23,242 DEBUG   main [org.springframework.beans.factory.support.DefaultListableBeanFactory] Returning cached instance of singleton bean 'ldapTemplate'
2016-02-04 08:26:23,242 DEBUG   main [org.springframework.beans.factory.annotation.AutowiredAnnotationBeanPostProcessor] Autowiring by type from bean name 'userReposImpl' to bean named 'ldapTemplate'
2016-02-04 08:26:23,243 DEBUG   main [org.springframework.beans.factory.support.DefaultListableBeanFactory] Finished creating instance of bean 'userReposImpl'
2016-02-04 08:26:23,243 DEBUG   main [org.springframework.beans.factory.support.DefaultListableBeanFactory] Returning cached instance of singleton bean 'contextSource'
2016-02-04 08:26:23,243 DEBUG   main [org.springframework.beans.factory.support.DefaultListableBeanFactory] Returning cached instance of singleton bean 'ldapTemplate'
2016-02-04 08:26:23,243 DEBUG   main [org.springframework.beans.factory.support.DefaultListableBeanFactory] Returning cached instance of singleton bean 'org.springframework.context.annotation.ConfigurationClassPostProcessor.importAwareProcessor'
2016-02-04 08:26:23,243 DEBUG   main [org.springframework.beans.factory.support.DefaultListableBeanFactory] Returning cached instance of singleton bean 'org.springframework.context.annotation.ConfigurationClassPostProcessor.enhancedConfigurationProcessor'
2016-02-04 08:26:23,244 DEBUG   main [org.springframework.context.support.ClassPathXmlApplicationContext] Unable to locate LifecycleProcessor with name 'lifecycleProcessor': using default [org.springframework.context.support.DefaultLifecycleProcessor@3dcde370]
2016-02-04 08:26:23,245 DEBUG   main [org.springframework.beans.factory.support.DefaultListableBeanFactory] Returning cached instance of singleton bean 'lifecycleProcessor'
2016-02-04 08:26:23,245 TRACE   main [org.springframework.context.support.ClassPathXmlApplicationContext] Publishing event in org.springframework.context.support.ClassPathXmlApplicationContext@89ec211: org.springframework.context.event.ContextRefreshedEvent[source=org.springframework.context.support.ClassPathXmlApplicationContext@89ec211: startup date [Thu Feb 04 08:26:22 EST 2016]; root of context hierarchy]
2016-02-04 08:26:23,247 TRACE   main [org.springframework.core.env.PropertySourcesPropertyResolver] getProperty("spring.liveBeansView.mbeanDomain", String)
2016-02-04 08:26:23,248 DEBUG   main [org.springframework.core.env.PropertySourcesPropertyResolver] Searching for key 'spring.liveBeansView.mbeanDomain' in [systemProperties]
2016-02-04 08:26:23,248 DEBUG   main [org.springframework.core.env.PropertySourcesPropertyResolver] Searching for key 'spring.liveBeansView.mbeanDomain' in [systemEnvironment]
2016-02-04 08:26:23,248 DEBUG   main [org.springframework.core.env.PropertySourcesPropertyResolver] Could not find key 'spring.liveBeansView.mbeanDomain' in any property source. Returning [null]
2016-02-04 08:26:23,248 INFO   main [gov.fema.adminportal.ldap.app.LdapApp] Test started at Thu Feb 04 08:26:22 EST 2016
2016-02-04 08:26:23,249 DEBUG   main [org.springframework.beans.factory.support.DefaultListableBeanFactory] Returning cached instance of singleton bean 'userReposImpl'
2016-02-04 08:26:23,249 INFO   main [gov.fema.adminportal.ldap.repository.UserRepositoryImpl] executing {createUser}
2016-02-04 08:30:07,909 DEBUG   main [org.springframework.core.env.StandardEnvironment] Adding [systemProperties] PropertySource with lowest search precedence
2016-02-04 08:30:07,915 DEBUG   main [org.springframework.core.env.StandardEnvironment] Adding [systemEnvironment] PropertySource with lowest search precedence
2016-02-04 08:30:07,916 DEBUG   main [org.springframework.core.env.StandardEnvironment] Initialized StandardEnvironment with PropertySources [systemProperties,systemEnvironment]
2016-02-04 08:30:07,924 INFO   main [org.springframework.context.support.ClassPathXmlApplicationContext] Refreshing org.springframework.context.support.ClassPathXmlApplicationContext@6ed6ee82: startup date [Thu Feb 04 08:30:07 EST 2016]; root of context hierarchy
2016-02-04 08:30:07,963 DEBUG   main [org.springframework.core.env.StandardEnvironment] Adding [systemProperties] PropertySource with lowest search precedence
2016-02-04 08:30:07,963 DEBUG   main [org.springframework.core.env.StandardEnvironment] Adding [systemEnvironment] PropertySource with lowest search precedence
2016-02-04 08:30:07,963 DEBUG   main [org.springframework.core.env.StandardEnvironment] Initialized StandardEnvironment with PropertySources [systemProperties,systemEnvironment]
2016-02-04 08:30:07,977 INFO   main [org.springframework.beans.factory.xml.XmlBeanDefinitionReader] Loading XML bean definitions from class path resource [spring-ldap-example.xml]
2016-02-04 08:30:07,979 DEBUG   main [org.springframework.beans.factory.xml.DefaultDocumentLoader] Using JAXP provider [com.sun.org.apache.xerces.internal.jaxp.DocumentBuilderFactoryImpl]
2016-02-04 08:30:08,003 TRACE   main [org.springframework.beans.factory.xml.PluggableSchemaResolver] Trying to resolve XML entity with public id [null] and system id [http://www.springframework.org/schema/beans/spring-beans.xsd]
2016-02-04 08:30:08,004 DEBUG   main [org.springframework.beans.factory.xml.PluggableSchemaResolver] Loading schema mappings from [META-INF/spring.schemas]
2016-02-04 08:30:08,015 DEBUG   main [org.springframework.beans.factory.xml.PluggableSchemaResolver] Loaded schema mappings: {http://www.springframework.org/schema/tx/spring-tx-2.5.xsd=org/springframework/transaction/config/spring-tx-2.5.xsd, http://www.springframework.org/schema/cache/spring-cache-4.2.xsd=org/springframework/cache/config/spring-cache-4.2.xsd, http://www.springframework.org/schema/aop/spring-aop-4.1.xsd=org/springframework/aop/config/spring-aop-4.1.xsd, http://www.springframework.org/schema/context/spring-context-3.1.xsd=org/springframework/context/config/spring-context-3.1.xsd, http://www.springframework.org/schema/data/repository/spring-repository-1.4.xsd=org/springframework/data/repository/config/spring-repository-1.4.xsd, http://www.springframework.org/schema/util/spring-util-3.0.xsd=org/springframework/beans/factory/xml/spring-util-3.0.xsd, http://www.springframework.org/schema/tool/spring-tool.xsd=org/springframework/beans/factory/xml/spring-tool-4.2.xsd, http://www.springframework.org/schema/aop/spring-aop-3.2.xsd=org/springframework/aop/config/spring-aop-3.2.xsd, http://www.springframework.org/schema/lang/spring-lang-4.1.xsd=org/springframework/scripting/config/spring-lang-4.1.xsd, http://www.springframework.org/schema/context/spring-context-4.0.xsd=org/springframework/context/config/spring-context-4.0.xsd, http://www.springframework.org/schema/beans/spring-beans-4.2.xsd=org/springframework/beans/factory/xml/spring-beans-4.2.xsd, http://www.springframework.org/schema/tool/spring-tool-4.1.xsd=org/springframework/beans/factory/xml/spring-tool-4.1.xsd, http://www.springframework.org/schema/lang/spring-lang-3.2.xsd=org/springframework/scripting/config/spring-lang-3.2.xsd, http://www.springframework.org/schema/cache/spring-cache-3.2.xsd=org/springframework/cache/config/spring-cache-3.2.xsd, http://www.springframework.org/schema/jee/spring-jee-4.1.xsd=org/springframework/ejb/config/spring-jee-4.1.xsd, http://www.springframework.org/schema/task/spring-task-4.2.xsd=org/springframework/scheduling/config/spring-task-4.2.xsd, http://www.springframework.org/schema/util/spring-util-2.0.xsd=org/springframework/beans/factory/xml/spring-util-2.0.xsd, http://www.springframework.org/schema/tool/spring-tool-3.2.xsd=org/springframework/beans/factory/xml/spring-tool-3.2.xsd, http://www.springframework.org/schema/context/spring-context.xsd=org/springframework/context/config/spring-context-4.2.xsd, http://www.springframework.org/schema/tx/spring-tx-4.2.xsd=org/springframework/transaction/config/spring-tx-4.2.xsd, http://www.springframework.org/schema/cache/spring-cache-4.1.xsd=org/springframework/cache/config/spring-cache-4.1.xsd, http://www.springframework.org/schema/aop/spring-aop-4.0.xsd=org/springframework/aop/config/spring-aop-4.0.xsd, http://www.springframework.org/schema/jee/spring-jee-3.2.xsd=org/springframework/ejb/config/spring-jee-3.2.xsd, http://www.springframework.org/schema/context/spring-context-3.0.xsd=org/springframework/context/config/spring-context-3.0.xsd, http://www.springframework.org/schema/util/spring-util-2.5.xsd=org/springframework/beans/factory/xml/spring-util-2.5.xsd, http://www.springframework.org/schema/beans/spring-beans-3.2.xsd=org/springframework/beans/factory/xml/spring-beans-3.2.xsd, http://www.springframework.org/schema/aop/spring-aop-3.1.xsd=org/springframework/aop/config/spring-aop-3.1.xsd, http://www.springframework.org/schema/ldap/spring-ldap-2.0.xsd=org/springframework/ldap/config/spring-ldap-2.0.xsd, http://www.springframework.org/schema/lang/spring-lang-4.0.xsd=org/springframework/scripting/config/spring-lang-4.0.xsd, http://www.springframework.org/schema/beans/spring-beans-4.1.xsd=org/springframework/beans/factory/xml/spring-beans-4.1.xsd, http://www.springframework.org/schema/tool/spring-tool-4.0.xsd=org/springframework/beans/factory/xml/spring-tool-4.0.xsd, http://www.springframework.org/schema/tx/spring-tx-3.2.xsd=org/springframework/transaction/config/spring-tx-3.2.xsd, http://www.springframework.org/schema/lang/spring-lang-3.1.xsd=org/springframework/scripting/config/spring-lang-3.1.xsd, http://www.springframework.org/schema/cache/spring-cache-3.1.xsd=org/springframework/cache/config/spring-cache-3.1.xsd, http://www.springframework.org/schema/jee/spring-jee-4.0.xsd=org/springframework/ejb/config/spring-jee-4.0.xsd, http://www.springframework.org/schema/task/spring-task-4.1.xsd=org/springframework/scheduling/config/spring-task-4.1.xsd, http://www.springframework.org/schema/tool/spring-tool-3.1.xsd=org/springframework/beans/factory/xml/spring-tool-3.1.xsd, http://www.springframework.org/schema/tx/spring-tx-4.1.xsd=org/springframework/transaction/config/spring-tx-4.1.xsd, http://www.springframework.org/schema/cache/spring-cache-4.0.xsd=org/springframework/cache/config/spring-cache-4.0.xsd, http://www.springframework.org/schema/jee/spring-jee-3.1.xsd=org/springframework/ejb/config/spring-jee-3.1.xsd, http://www.springframework.org/schema/task/spring-task-3.2.xsd=org/springframework/scheduling/config/spring-task-3.2.xsd, http://www.springframework.org/schema/util/spring-util-4.2.xsd=org/springframework/beans/factory/xml/spring-util-4.2.xsd, http://www.springframework.org/schema/beans/spring-beans-3.1.xsd=org/springframework/beans/factory/xml/spring-beans-3.1.xsd, http://www.springframework.org/schema/util/spring-util.xsd=org/springframework/beans/factory/xml/spring-util-4.2.xsd, http://www.springframework.org/schema/aop/spring-aop-3.0.xsd=org/springframework/aop/config/spring-aop-3.0.xsd, http://www.springframework.org/schema/data/repository/spring-repository.xsd=org/springframework/data/repository/config/spring-repository-1.7.xsd, http://www.springframework.org/schema/data/repository/spring-repository-1.7.xsd=org/springframework/data/repository/config/spring-repository-1.7.xsd, http://www.springframework.org/schema/ldap/spring-ldap.xsd=org/springframework/ldap/config/spring-ldap-2.0.xsd, http://www.springframework.org/schema/beans/spring-beans-4.0.xsd=org/springframework/beans/factory/xml/spring-beans-4.0.xsd, http://www.springframework.org/schema/beans/spring-beans.xsd=org/springframework/beans/factory/xml/spring-beans-4.2.xsd, http://www.springframework.org/schema/tx/spring-tx-3.1.xsd=org/springframework/transaction/config/spring-tx-3.1.xsd, http://www.springframework.org/schema/lang/spring-lang-3.0.xsd=org/springframework/scripting/config/spring-lang-3.0.xsd, http://www.springframework.org/schema/context/spring-context-2.5.xsd=org/springframework/context/config/spring-context-2.5.xsd, http://www.springframework.org/schema/task/spring-task-4.0.xsd=org/springframework/scheduling/config/spring-task-4.0.xsd, http://www.springframework.org/schema/tool/spring-tool-3.0.xsd=org/springframework/beans/factory/xml/spring-tool-3.0.xsd, http://www.springframework.org/schema/tx/spring-tx-4.0.xsd=org/springframework/transaction/config/spring-tx-4.0.xsd, http://www.springframework.org/schema/aop/spring-aop-2.0.xsd=org/springframework/aop/config/spring-aop-2.0.xsd, http://www.springframework.org/schema/jee/spring-jee-3.0.xsd=org/springframework/ejb/config/spring-jee-3.0.xsd, http://www.springframework.org/schema/util/spring-util-4.1.xsd=org/springframework/beans/factory/xml/spring-util-4.1.xsd, http://www.springframework.org/schema/task/spring-task-3.1.xsd=org/springframework/scheduling/config/spring-task-3.1.xsd, http://www.springframework.org/schema/beans/spring-beans-3.0.xsd=org/springframework/beans/factory/xml/spring-beans-3.0.xsd, http://www.springframework.org/schema/jee/spring-jee.xsd=org/springframework/ejb/config/spring-jee-4.2.xsd, http://www.springframework.org/schema/aop/spring-aop-2.5.xsd=org/springframework/aop/config/spring-aop-2.5.xsd, http://www.springframework.org/schema/lang/spring-lang-2.0.xsd=org/springframework/scripting/config/spring-lang-2.0.xsd, http://www.springframework.org/schema/data/repository/spring-repository-1.6.xsd=org/springframework/data/repository/config/spring-repository-1.6.xsd, http://www.springframework.org/schema/util/spring-util-3.2.xsd=org/springframework/beans/factory/xml/spring-util-3.2.xsd, http://www.springframework.org/schema/task/spring-task.xsd=org/springframework/scheduling/config/spring-task-4.2.xsd, http://www.springframework.org/schema/tool/spring-tool-2.0.xsd=org/springframework/beans/factory/xml/spring-tool-2.0.xsd, http://www.springframework.org/schema/tx/spring-tx-3.0.xsd=org/springframework/transaction/config/spring-tx-3.0.xsd, http://www.springframework.org/schema/lang/spring-lang-2.5.xsd=org/springframework/scripting/config/spring-lang-2.5.xsd, http://www.springframework.org/schema/context/spring-context-4.2.xsd=org/springframework/context/config/spring-context-4.2.xsd, http://www.springframework.org/schema/jee/spring-jee-2.0.xsd=org/springframework/ejb/config/spring-jee-2.0.xsd, http://www.springframework.org/schema/tool/spring-tool-2.5.xsd=org/springframework/beans/factory/xml/spring-tool-2.5.xsd, http://www.springframework.org/schema/jee/spring-jee-2.5.xsd=org/springframework/ejb/config/spring-jee-2.5.xsd, http://www.springframework.org/schema/data/repository/spring-repository-1.0.xsd=org/springframework/data/repository/config/spring-repository-1.0.xsd, http://www.springframework.org/schema/util/spring-util-4.0.xsd=org/springframework/beans/factory/xml/spring-util-4.0.xsd, http://www.springframework.org/schema/task/spring-task-3.0.xsd=org/springframework/scheduling/config/spring-task-3.0.xsd, http://www.springframework.org/schema/aop/spring-aop-4.2.xsd=org/springframework/aop/config/spring-aop-4.2.xsd, http://www.springframework.org/schema/lang/spring-lang.xsd=org/springframework/scripting/config/spring-lang-4.2.xsd, http://www.springframework.org/schema/context/spring-context-3.2.xsd=org/springframework/context/config/spring-context-3.2.xsd, http://www.springframework.org/schema/data/repository/spring-repository-1.5.xsd=org/springframework/data/repository/config/spring-repository-1.5.xsd, http://www.springframework.org/schema/util/spring-util-3.1.xsd=org/springframework/beans/factory/xml/spring-util-3.1.xsd, http://www.springframework.org/schema/beans/spring-beans-2.0.xsd=org/springframework/beans/factory/xml/spring-beans-2.0.xsd, http://www.springframework.org/schema/cache/spring-cache.xsd=org/springframework/cache/config/spring-cache-4.2.xsd, http://www.springframework.org/schema/tx/spring-tx.xsd=org/springframework/transaction/config/spring-tx-4.2.xsd, http://www.springframework.org/schema/lang/spring-lang-4.2.xsd=org/springframework/scripting/config/spring-lang-4.2.xsd, http://www.springframework.org/schema/context/spring-context-4.1.xsd=org/springframework/context/config/spring-context-4.1.xsd, http://www.springframework.org/schema/beans/spring-beans-2.5.xsd=org/springframework/beans/factory/xml/spring-beans-2.5.xsd, http://www.springframework.org/schema/tool/spring-tool-4.2.xsd=org/springframework/beans/factory/xml/spring-tool-4.2.xsd, http://www.springframework.org/schema/tx/spring-tx-2.0.xsd=org/springframework/transaction/config/spring-tx-2.0.xsd, http://www.springframework.org/schema/jee/spring-jee-4.2.xsd=org/springframework/ejb/config/spring-jee-4.2.xsd, http://www.springframework.org/schema/aop/spring-aop.xsd=org/springframework/aop/config/spring-aop-4.2.xsd}
2016-02-04 08:30:08,020 DEBUG   main [org.springframework.beans.factory.xml.PluggableSchemaResolver] Found XML schema [http://www.springframework.org/schema/beans/spring-beans.xsd] in classpath: org/springframework/beans/factory/xml/spring-beans-4.2.xsd
2016-02-04 08:30:08,089 TRACE   main [org.springframework.beans.factory.xml.PluggableSchemaResolver] Trying to resolve XML entity with public id [null] and system id [http://www.springframework.org/schema/context/spring-context.xsd]
2016-02-04 08:30:08,090 DEBUG   main [org.springframework.beans.factory.xml.PluggableSchemaResolver] Found XML schema [http://www.springframework.org/schema/context/spring-context.xsd] in classpath: org/springframework/context/config/spring-context-4.2.xsd
2016-02-04 08:30:08,099 TRACE   main [org.springframework.beans.factory.xml.PluggableSchemaResolver] Trying to resolve XML entity with public id [null] and system id [http://www.springframework.org/schema/tool/spring-tool-4.2.xsd]
2016-02-04 08:30:08,099 DEBUG   main [org.springframework.beans.factory.xml.PluggableSchemaResolver] Found XML schema [http://www.springframework.org/schema/tool/spring-tool-4.2.xsd] in classpath: org/springframework/beans/factory/xml/spring-tool-4.2.xsd
2016-02-04 08:30:08,109 TRACE   main [org.springframework.beans.factory.xml.PluggableSchemaResolver] Trying to resolve XML entity with public id [null] and system id [http://www.springframework.org/schema/ldap/spring-ldap.xsd]
2016-02-04 08:30:08,110 DEBUG   main [org.springframework.beans.factory.xml.PluggableSchemaResolver] Found XML schema [http://www.springframework.org/schema/ldap/spring-ldap.xsd] in classpath: org/springframework/ldap/config/spring-ldap-2.0.xsd
2016-02-04 08:30:08,122 TRACE   main [org.springframework.beans.factory.xml.PluggableSchemaResolver] Trying to resolve XML entity with public id [null] and system id [http://www.springframework.org/schema/data/repository/spring-repository.xsd]
2016-02-04 08:30:08,123 DEBUG   main [org.springframework.beans.factory.xml.PluggableSchemaResolver] Found XML schema [http://www.springframework.org/schema/data/repository/spring-repository.xsd] in classpath: org/springframework/data/repository/config/spring-repository-1.7.xsd
2016-02-04 08:30:08,141 DEBUG   main [org.springframework.beans.factory.xml.DefaultBeanDefinitionDocumentReader] Loading bean definitions
2016-02-04 08:30:08,155 DEBUG   main [org.springframework.beans.factory.xml.DefaultNamespaceHandlerResolver] Loaded NamespaceHandler mappings: {http://www.springframework.org/schema/p=org.springframework.beans.factory.xml.SimplePropertyNamespaceHandler, http://www.springframework.org/schema/util=org.springframework.beans.factory.xml.UtilNamespaceHandler, http://www.springframework.org/schema/jee=org.springframework.ejb.config.JeeNamespaceHandler, http://www.springframework.org/schema/aop=org.springframework.aop.config.AopNamespaceHandler, http://www.springframework.org/schema/data/repository=org.springframework.data.repository.config.RepositoryNameSpaceHandler, http://www.springframework.org/schema/cache=org.springframework.cache.config.CacheNamespaceHandler, http://www.springframework.org/schema/c=org.springframework.beans.factory.xml.SimpleConstructorNamespaceHandler, http://www.springframework.org/schema/ldap=org.springframework.ldap.config.LdapNamespaceHandler, http://www.springframework.org/schema/tx=org.springframework.transaction.config.TxNamespaceHandler, http://www.springframework.org/schema/task=org.springframework.scheduling.config.TaskNamespaceHandler, http://www.springframework.org/schema/lang=org.springframework.scripting.config.LangNamespaceHandler, http://www.springframework.org/schema/context=org.springframework.context.config.ContextNamespaceHandler}
2016-02-04 08:30:08,174 DEBUG   main [org.springframework.core.env.StandardEnvironment] Adding [systemProperties] PropertySource with lowest search precedence
2016-02-04 08:30:08,174 DEBUG   main [org.springframework.core.env.StandardEnvironment] Adding [systemEnvironment] PropertySource with lowest search precedence
2016-02-04 08:30:08,175 DEBUG   main [org.springframework.core.env.StandardEnvironment] Initialized StandardEnvironment with PropertySources [systemProperties,systemEnvironment]
2016-02-04 08:30:08,188 DEBUG   main [org.springframework.core.io.support.PathMatchingResourcePatternResolver] Looking for matching resources in directory tree [C:\Eclipse\workspace\spring-ldap-example\bin\gov\fema\adminportal\ldap]
2016-02-04 08:30:08,188 DEBUG   main [org.springframework.core.io.support.PathMatchingResourcePatternResolver] Searching directory [C:\Eclipse\workspace\spring-ldap-example\bin\gov\fema\adminportal\ldap] for files matching pattern [C:/Eclipse/workspace/spring-ldap-example/bin/gov/fema/adminportal/ldap/**/*.class]
2016-02-04 08:30:08,190 DEBUG   main [org.springframework.core.io.support.PathMatchingResourcePatternResolver] Searching directory [C:\Eclipse\workspace\spring-ldap-example\bin\gov\fema\adminportal\ldap\app] for files matching pattern [C:/Eclipse/workspace/spring-ldap-example/bin/gov/fema/adminportal/ldap/**/*.class]
2016-02-04 08:30:08,191 DEBUG   main [org.springframework.core.io.support.PathMatchingResourcePatternResolver] Searching directory [C:\Eclipse\workspace\spring-ldap-example\bin\gov\fema\adminportal\ldap\model] for files matching pattern [C:/Eclipse/workspace/spring-ldap-example/bin/gov/fema/adminportal/ldap/**/*.class]
2016-02-04 08:30:08,191 DEBUG   main [org.springframework.core.io.support.PathMatchingResourcePatternResolver] Searching directory [C:\Eclipse\workspace\spring-ldap-example\bin\gov\fema\adminportal\ldap\repository] for files matching pattern [C:/Eclipse/workspace/spring-ldap-example/bin/gov/fema/adminportal/ldap/**/*.class]
2016-02-04 08:30:08,193 DEBUG   main [org.springframework.core.io.support.PathMatchingResourcePatternResolver] Resolved location pattern [classpath*:gov/fema/adminportal/ldap/**/*.class] to resources [file [C:\Eclipse\workspace\spring-ldap-example\bin\gov\fema\adminportal\ldap\app\LdapApp.class], file [C:\Eclipse\workspace\spring-ldap-example\bin\gov\fema\adminportal\ldap\model\User.class], file [C:\Eclipse\workspace\spring-ldap-example\bin\gov\fema\adminportal\ldap\repository\UserRepository.class], file [C:\Eclipse\workspace\spring-ldap-example\bin\gov\fema\adminportal\ldap\repository\UserRepositoryImpl$MultipleAttributesMapper.class], file [C:\Eclipse\workspace\spring-ldap-example\bin\gov\fema\adminportal\ldap\repository\UserRepositoryImpl$SingleAttributesMapper.class], file [C:\Eclipse\workspace\spring-ldap-example\bin\gov\fema\adminportal\ldap\repository\UserRepositoryImpl$UserAttributesMapper.class], file [C:\Eclipse\workspace\spring-ldap-example\bin\gov\fema\adminportal\ldap\repository\UserRepositoryImpl.class]]
2016-02-04 08:30:08,193 TRACE   main [org.springframework.context.annotation.ClassPathBeanDefinitionScanner] Scanning file [C:\Eclipse\workspace\spring-ldap-example\bin\gov\fema\adminportal\ldap\app\LdapApp.class]
2016-02-04 08:30:08,208 TRACE   main [org.springframework.context.annotation.ClassPathBeanDefinitionScanner] Ignored because not matching any filter: file [C:\Eclipse\workspace\spring-ldap-example\bin\gov\fema\adminportal\ldap\app\LdapApp.class]
2016-02-04 08:30:08,208 TRACE   main [org.springframework.context.annotation.ClassPathBeanDefinitionScanner] Scanning file [C:\Eclipse\workspace\spring-ldap-example\bin\gov\fema\adminportal\ldap\model\User.class]
2016-02-04 08:30:08,209 TRACE   main [org.springframework.context.annotation.ClassPathBeanDefinitionScanner] Ignored because not matching any filter: file [C:\Eclipse\workspace\spring-ldap-example\bin\gov\fema\adminportal\ldap\model\User.class]
2016-02-04 08:30:08,209 TRACE   main [org.springframework.context.annotation.ClassPathBeanDefinitionScanner] Scanning file [C:\Eclipse\workspace\spring-ldap-example\bin\gov\fema\adminportal\ldap\repository\UserRepository.class]
2016-02-04 08:30:08,210 TRACE   main [org.springframework.context.annotation.ClassPathBeanDefinitionScanner] Ignored because not matching any filter: file [C:\Eclipse\workspace\spring-ldap-example\bin\gov\fema\adminportal\ldap\repository\UserRepository.class]
2016-02-04 08:30:08,210 TRACE   main [org.springframework.context.annotation.ClassPathBeanDefinitionScanner] Scanning file [C:\Eclipse\workspace\spring-ldap-example\bin\gov\fema\adminportal\ldap\repository\UserRepositoryImpl$MultipleAttributesMapper.class]
2016-02-04 08:30:08,210 TRACE   main [org.springframework.context.annotation.ClassPathBeanDefinitionScanner] Ignored because not matching any filter: file [C:\Eclipse\workspace\spring-ldap-example\bin\gov\fema\adminportal\ldap\repository\UserRepositoryImpl$MultipleAttributesMapper.class]
2016-02-04 08:30:08,210 TRACE   main [org.springframework.context.annotation.ClassPathBeanDefinitionScanner] Scanning file [C:\Eclipse\workspace\spring-ldap-example\bin\gov\fema\adminportal\ldap\repository\UserRepositoryImpl$SingleAttributesMapper.class]
2016-02-04 08:30:08,211 TRACE   main [org.springframework.context.annotation.ClassPathBeanDefinitionScanner] Ignored because not matching any filter: file [C:\Eclipse\workspace\spring-ldap-example\bin\gov\fema\adminportal\ldap\repository\UserRepositoryImpl$SingleAttributesMapper.class]
2016-02-04 08:30:08,211 TRACE   main [org.springframework.context.annotation.ClassPathBeanDefinitionScanner] Scanning file [C:\Eclipse\workspace\spring-ldap-example\bin\gov\fema\adminportal\ldap\repository\UserRepositoryImpl$UserAttributesMapper.class]
2016-02-04 08:30:08,211 TRACE   main [org.springframework.context.annotation.ClassPathBeanDefinitionScanner] Ignored because not matching any filter: file [C:\Eclipse\workspace\spring-ldap-example\bin\gov\fema\adminportal\ldap\repository\UserRepositoryImpl$UserAttributesMapper.class]
2016-02-04 08:30:08,211 TRACE   main [org.springframework.context.annotation.ClassPathBeanDefinitionScanner] Scanning file [C:\Eclipse\workspace\spring-ldap-example\bin\gov\fema\adminportal\ldap\repository\UserRepositoryImpl.class]
2016-02-04 08:30:08,224 DEBUG   main [org.springframework.context.annotation.ClassPathBeanDefinitionScanner] Identified candidate component class: file [C:\Eclipse\workspace\spring-ldap-example\bin\gov\fema\adminportal\ldap\repository\UserRepositoryImpl.class]
2016-02-04 08:30:08,255 DEBUG   main [org.springframework.beans.factory.xml.XmlBeanDefinitionReader] Loaded 9 bean definitions from location pattern [spring-ldap-example.xml]
2016-02-04 08:30:08,255 DEBUG   main [org.springframework.context.support.ClassPathXmlApplicationContext] Bean factory for org.springframework.context.support.ClassPathXmlApplicationContext@6ed6ee82: org.springframework.beans.factory.support.DefaultListableBeanFactory@56a45c4: defining beans [userRepositoryImpl,org.springframework.context.annotation.internalConfigurationAnnotationProcessor,org.springframework.context.annotation.internalAutowiredAnnotationProcessor,org.springframework.context.annotation.internalRequiredAnnotationProcessor,org.springframework.context.annotation.internalCommonAnnotationProcessor,simpleDirContextAuthenticationStrategy,userReposImpl,contextSource,ldapTemplate]; root of factory hierarchy
2016-02-04 08:30:08,279 DEBUG   main [org.springframework.beans.factory.support.DefaultListableBeanFactory] Creating shared instance of singleton bean 'org.springframework.context.annotation.internalConfigurationAnnotationProcessor'
2016-02-04 08:30:08,279 DEBUG   main [org.springframework.beans.factory.support.DefaultListableBeanFactory] Creating instance of bean 'org.springframework.context.annotation.internalConfigurationAnnotationProcessor'
2016-02-04 08:30:08,295 DEBUG   main [org.springframework.beans.factory.support.DefaultListableBeanFactory] Eagerly caching bean 'org.springframework.context.annotation.internalConfigurationAnnotationProcessor' to allow for resolving potential circular references
2016-02-04 08:30:08,296 DEBUG   main [org.springframework.beans.factory.support.DefaultListableBeanFactory] Finished creating instance of bean 'org.springframework.context.annotation.internalConfigurationAnnotationProcessor'
2016-02-04 08:30:08,331 DEBUG   main [org.springframework.beans.factory.support.DefaultListableBeanFactory] Creating shared instance of singleton bean 'org.springframework.context.annotation.internalAutowiredAnnotationProcessor'
2016-02-04 08:30:08,331 DEBUG   main [org.springframework.beans.factory.support.DefaultListableBeanFactory] Creating instance of bean 'org.springframework.context.annotation.internalAutowiredAnnotationProcessor'
2016-02-04 08:30:08,332 DEBUG   main [org.springframework.beans.factory.support.DefaultListableBeanFactory] Eagerly caching bean 'org.springframework.context.annotation.internalAutowiredAnnotationProcessor' to allow for resolving potential circular references
2016-02-04 08:30:08,333 DEBUG   main [org.springframework.beans.factory.support.DefaultListableBeanFactory] Finished creating instance of bean 'org.springframework.context.annotation.internalAutowiredAnnotationProcessor'
2016-02-04 08:30:08,333 DEBUG   main [org.springframework.beans.factory.support.DefaultListableBeanFactory] Creating shared instance of singleton bean 'org.springframework.context.annotation.internalRequiredAnnotationProcessor'
2016-02-04 08:30:08,333 DEBUG   main [org.springframework.beans.factory.support.DefaultListableBeanFactory] Creating instance of bean 'org.springframework.context.annotation.internalRequiredAnnotationProcessor'
2016-02-04 08:30:08,334 DEBUG   main [org.springframework.beans.factory.support.DefaultListableBeanFactory] Eagerly caching bean 'org.springframework.context.annotation.internalRequiredAnnotationProcessor' to allow for resolving potential circular references
2016-02-04 08:30:08,334 DEBUG   main [org.springframework.beans.factory.support.DefaultListableBeanFactory] Finished creating instance of bean 'org.springframework.context.annotation.internalRequiredAnnotationProcessor'
2016-02-04 08:30:08,334 DEBUG   main [org.springframework.beans.factory.support.DefaultListableBeanFactory] Creating shared instance of singleton bean 'org.springframework.context.annotation.internalCommonAnnotationProcessor'
2016-02-04 08:30:08,334 DEBUG   main [org.springframework.beans.factory.support.DefaultListableBeanFactory] Creating instance of bean 'org.springframework.context.annotation.internalCommonAnnotationProcessor'
2016-02-04 08:30:08,339 DEBUG   main [org.springframework.beans.factory.support.DefaultListableBeanFactory] Eagerly caching bean 'org.springframework.context.annotation.internalCommonAnnotationProcessor' to allow for resolving potential circular references
2016-02-04 08:30:08,339 DEBUG   main [org.springframework.beans.factory.support.DefaultListableBeanFactory] Finished creating instance of bean 'org.springframework.context.annotation.internalCommonAnnotationProcessor'
2016-02-04 08:30:08,339 DEBUG   main [org.springframework.beans.factory.support.DefaultListableBeanFactory] Creating shared instance of singleton bean 'org.springframework.context.annotation.ConfigurationClassPostProcessor.importAwareProcessor'
2016-02-04 08:30:08,340 DEBUG   main [org.springframework.beans.factory.support.DefaultListableBeanFactory] Creating instance of bean 'org.springframework.context.annotation.ConfigurationClassPostProcessor.importAwareProcessor'
2016-02-04 08:30:08,340 DEBUG   main [org.springframework.beans.factory.support.DefaultListableBeanFactory] Eagerly caching bean 'org.springframework.context.annotation.ConfigurationClassPostProcessor.importAwareProcessor' to allow for resolving potential circular references
2016-02-04 08:30:08,340 DEBUG   main [org.springframework.beans.factory.support.DefaultListableBeanFactory] Finished creating instance of bean 'org.springframework.context.annotation.ConfigurationClassPostProcessor.importAwareProcessor'
2016-02-04 08:30:08,340 DEBUG   main [org.springframework.beans.factory.support.DefaultListableBeanFactory] Creating shared instance of singleton bean 'org.springframework.context.annotation.ConfigurationClassPostProcessor.enhancedConfigurationProcessor'
2016-02-04 08:30:08,340 DEBUG   main [org.springframework.beans.factory.support.DefaultListableBeanFactory] Creating instance of bean 'org.springframework.context.annotation.ConfigurationClassPostProcessor.enhancedConfigurationProcessor'
2016-02-04 08:30:08,341 DEBUG   main [org.springframework.beans.factory.support.DefaultListableBeanFactory] Eagerly caching bean 'org.springframework.context.annotation.ConfigurationClassPostProcessor.enhancedConfigurationProcessor' to allow for resolving potential circular references
2016-02-04 08:30:08,341 DEBUG   main [org.springframework.beans.factory.support.DefaultListableBeanFactory] Finished creating instance of bean 'org.springframework.context.annotation.ConfigurationClassPostProcessor.enhancedConfigurationProcessor'
2016-02-04 08:30:08,344 DEBUG   main [org.springframework.context.support.ClassPathXmlApplicationContext] Unable to locate MessageSource with name 'messageSource': using default [org.springframework.context.support.DelegatingMessageSource@189a6c56]
2016-02-04 08:30:08,346 DEBUG   main [org.springframework.context.support.ClassPathXmlApplicationContext] Unable to locate ApplicationEventMulticaster with name 'applicationEventMulticaster': using default [org.springframework.context.event.SimpleApplicationEventMulticaster@2c88652b]
2016-02-04 08:30:08,347 DEBUG   main [org.springframework.beans.factory.support.DefaultListableBeanFactory] Pre-instantiating singletons in org.springframework.beans.factory.support.DefaultListableBeanFactory@56a45c4: defining beans [userRepositoryImpl,org.springframework.context.annotation.internalConfigurationAnnotationProcessor,org.springframework.context.annotation.internalAutowiredAnnotationProcessor,org.springframework.context.annotation.internalRequiredAnnotationProcessor,org.springframework.context.annotation.internalCommonAnnotationProcessor,simpleDirContextAuthenticationStrategy,userReposImpl,contextSource,ldapTemplate,org.springframework.context.annotation.ConfigurationClassPostProcessor.importAwareProcessor,org.springframework.context.annotation.ConfigurationClassPostProcessor.enhancedConfigurationProcessor]; root of factory hierarchy
2016-02-04 08:30:08,347 DEBUG   main [org.springframework.beans.factory.support.DefaultListableBeanFactory] Creating shared instance of singleton bean 'userRepositoryImpl'
2016-02-04 08:30:08,347 DEBUG   main [org.springframework.beans.factory.support.DefaultListableBeanFactory] Creating instance of bean 'userRepositoryImpl'
2016-02-04 08:30:08,359 DEBUG   main [org.springframework.beans.factory.annotation.InjectionMetadata] Registered injected element on class [gov.fema.adminportal.ldap.repository.UserRepositoryImpl]: AutowiredFieldElement for private org.springframework.ldap.core.LdapTemplate gov.fema.adminportal.ldap.repository.UserRepositoryImpl.ldapTemplate
2016-02-04 08:30:08,359 DEBUG   main [org.springframework.beans.factory.support.DefaultListableBeanFactory] Eagerly caching bean 'userRepositoryImpl' to allow for resolving potential circular references
2016-02-04 08:30:08,362 TRACE   main [org.springframework.core.io.support.SpringFactoriesLoader] Loaded [org.springframework.beans.BeanInfoFactory] names: [org.springframework.beans.ExtendedBeanInfoFactory]
2016-02-04 08:30:08,363 TRACE   main [org.springframework.beans.CachedIntrospectionResults] Getting BeanInfo for class [gov.fema.adminportal.ldap.repository.UserRepositoryImpl]
2016-02-04 08:30:08,366 TRACE   main [org.springframework.beans.CachedIntrospectionResults] Caching PropertyDescriptors for class [gov.fema.adminportal.ldap.repository.UserRepositoryImpl]
2016-02-04 08:30:08,366 TRACE   main [org.springframework.beans.CachedIntrospectionResults] Found bean property 'allUserNames' of type [java.util.List]
2016-02-04 08:30:08,370 TRACE   main [org.springframework.beans.CachedIntrospectionResults] Found bean property 'allUsers' of type [java.util.List]
2016-02-04 08:30:08,370 TRACE   main [org.springframework.beans.CachedIntrospectionResults] Found bean property 'class' of type [java.lang.Class]
2016-02-04 08:30:08,373 DEBUG   main [org.springframework.beans.factory.annotation.InjectionMetadata] Processing injected element of bean 'userRepositoryImpl': AutowiredFieldElement for private org.springframework.ldap.core.LdapTemplate gov.fema.adminportal.ldap.repository.UserRepositoryImpl.ldapTemplate
2016-02-04 08:30:08,379 DEBUG   main [org.springframework.beans.factory.support.DefaultListableBeanFactory] Creating shared instance of singleton bean 'ldapTemplate'
2016-02-04 08:30:08,379 DEBUG   main [org.springframework.beans.factory.support.DefaultListableBeanFactory] Creating instance of bean 'ldapTemplate'
2016-02-04 08:30:08,394 DEBUG   main [org.springframework.beans.factory.support.DefaultListableBeanFactory] Eagerly caching bean 'ldapTemplate' to allow for resolving potential circular references
2016-02-04 08:30:08,394 TRACE   main [org.springframework.beans.CachedIntrospectionResults] Getting BeanInfo for class [org.springframework.ldap.core.LdapTemplate]
2016-02-04 08:30:08,405 TRACE   main [org.springframework.beans.CachedIntrospectionResults] Caching PropertyDescriptors for class [org.springframework.ldap.core.LdapTemplate]
2016-02-04 08:30:08,405 TRACE   main [org.springframework.beans.CachedIntrospectionResults] Found bean property 'class' of type [java.lang.Class]
2016-02-04 08:30:08,406 TRACE   main [org.springframework.beans.CachedIntrospectionResults] Found bean property 'contextSource' of type [org.springframework.ldap.core.ContextSource]
2016-02-04 08:30:08,406 TRACE   main [org.springframework.beans.CachedIntrospectionResults] Found bean property 'defaultCountLimit' of type [int]
2016-02-04 08:30:08,406 TRACE   main [org.springframework.beans.CachedIntrospectionResults] Found bean property 'defaultSearchScope' of type [int]
2016-02-04 08:30:08,406 TRACE   main [org.springframework.beans.CachedIntrospectionResults] Found bean property 'defaultTimeLimit' of type [int]
2016-02-04 08:30:08,406 TRACE   main [org.springframework.beans.CachedIntrospectionResults] Found bean property 'ignoreNameNotFoundException' of type [boolean]
2016-02-04 08:30:08,406 TRACE   main [org.springframework.beans.CachedIntrospectionResults] Found bean property 'ignorePartialResultException' of type [boolean]
2016-02-04 08:30:08,406 TRACE   main [org.springframework.beans.CachedIntrospectionResults] Found bean property 'ignoreSizeLimitExceededException' of type [boolean]
2016-02-04 08:30:08,407 TRACE   main [org.springframework.beans.CachedIntrospectionResults] Found bean property 'objectDirectoryMapper' of type [org.springframework.ldap.odm.core.ObjectDirectoryMapper]
2016-02-04 08:30:08,408 DEBUG   main [org.springframework.beans.factory.support.DefaultListableBeanFactory] Creating shared instance of singleton bean 'contextSource'
2016-02-04 08:30:08,408 DEBUG   main [org.springframework.beans.factory.support.DefaultListableBeanFactory] Creating instance of bean 'contextSource'
2016-02-04 08:30:08,413 DEBUG   main [org.springframework.beans.factory.support.DefaultListableBeanFactory] Creating instance of bean '(inner bean)#4df53935'
2016-02-04 08:30:08,427 TRACE   main [org.springframework.beans.CachedIntrospectionResults] Getting BeanInfo for class [org.springframework.ldap.core.support.LdapContextSource]
2016-02-04 08:30:08,432 TRACE   main [org.springframework.beans.CachedIntrospectionResults] Caching PropertyDescriptors for class [org.springframework.ldap.core.support.LdapContextSource]
2016-02-04 08:30:08,432 TRACE   main [org.springframework.beans.CachedIntrospectionResults] Found bean property 'anonymousReadOnly' of type [boolean]
2016-02-04 08:30:08,432 TRACE   main [org.springframework.beans.CachedIntrospectionResults] Found bean property 'authenticationSource' of type [org.springframework.ldap.core.AuthenticationSource]
2016-02-04 08:30:08,432 TRACE   main [org.springframework.beans.CachedIntrospectionResults] Found bean property 'authenticationStrategy' of type [org.springframework.ldap.core.support.DirContextAuthenticationStrategy]
2016-02-04 08:30:08,432 TRACE   main [org.springframework.beans.CachedIntrospectionResults] Found bean property 'base' of type [java.lang.String]
2016-02-04 08:30:08,432 TRACE   main [org.springframework.beans.CachedIntrospectionResults] Found bean property 'baseEnvironmentProperties' of type [java.util.Map]
2016-02-04 08:30:08,432 TRACE   main [org.springframework.beans.CachedIntrospectionResults] Found bean property 'baseLdapName' of type [javax.naming.ldap.LdapName]
2016-02-04 08:30:08,432 TRACE   main [org.springframework.beans.CachedIntrospectionResults] Found bean property 'baseLdapPath' of type [org.springframework.ldap.core.DistinguishedName]
2016-02-04 08:30:08,433 TRACE   main [org.springframework.beans.CachedIntrospectionResults] Found bean property 'baseLdapPathAsString' of type [java.lang.String]
2016-02-04 08:30:08,433 TRACE   main [org.springframework.beans.CachedIntrospectionResults] Found bean property 'cacheEnvironmentProperties' of type [boolean]
2016-02-04 08:30:08,433 TRACE   main [org.springframework.beans.CachedIntrospectionResults] Found bean property 'class' of type [java.lang.Class]
2016-02-04 08:30:08,433 TRACE   main [org.springframework.beans.CachedIntrospectionResults] Found bean property 'contextFactory' of type [java.lang.Class]
2016-02-04 08:30:08,433 TRACE   main [org.springframework.beans.CachedIntrospectionResults] Found bean property 'dirObjectFactory' of type [java.lang.Class]
2016-02-04 08:30:08,433 TRACE   main [org.springframework.beans.CachedIntrospectionResults] Found bean property 'password' of type [java.lang.String]
2016-02-04 08:30:08,433 TRACE   main [org.springframework.beans.CachedIntrospectionResults] Found bean property 'pooled' of type [boolean]
2016-02-04 08:30:08,433 TRACE   main [org.springframework.beans.CachedIntrospectionResults] Found bean property 'readOnlyContext' of type [javax.naming.directory.DirContext]
2016-02-04 08:30:08,433 TRACE   main [org.springframework.beans.CachedIntrospectionResults] Found bean property 'readWriteContext' of type [javax.naming.directory.DirContext]
2016-02-04 08:30:08,434 TRACE   main [org.springframework.beans.CachedIntrospectionResults] Found bean property 'referral' of type [java.lang.String]
2016-02-04 08:30:08,434 TRACE   main [org.springframework.beans.CachedIntrospectionResults] Found bean property 'url' of type [java.lang.String]
2016-02-04 08:30:08,434 TRACE   main [org.springframework.beans.CachedIntrospectionResults] Found bean property 'urls' of type [[Ljava.lang.String;]
2016-02-04 08:30:08,434 TRACE   main [org.springframework.beans.CachedIntrospectionResults] Found bean property 'userDn' of type [java.lang.String]
2016-02-04 08:30:08,438 DEBUG   main [org.springframework.beans.factory.support.DefaultListableBeanFactory] Creating instance of bean '(inner bean)#16b96d9e'
2016-02-04 08:30:08,442 TRACE   main [org.springframework.beans.CachedIntrospectionResults] Getting BeanInfo for class [[Ljava.lang.String;]
2016-02-04 08:30:08,442 TRACE   main [org.springframework.beans.CachedIntrospectionResults] Caching PropertyDescriptors for class [[Ljava.lang.String;]
2016-02-04 08:30:08,442 TRACE   main [org.springframework.beans.CachedIntrospectionResults] Found bean property 'class' of type [java.lang.Class]
2016-02-04 08:30:08,443 DEBUG   main [org.springframework.beans.factory.support.DefaultListableBeanFactory] Finished creating instance of bean '(inner bean)#16b96d9e'
2016-02-04 08:30:08,444 DEBUG   main [org.springframework.beans.factory.support.DefaultListableBeanFactory] Creating shared instance of singleton bean 'simpleDirContextAuthenticationStrategy'
2016-02-04 08:30:08,444 DEBUG   main [org.springframework.beans.factory.support.DefaultListableBeanFactory] Creating instance of bean 'simpleDirContextAuthenticationStrategy'
2016-02-04 08:30:08,445 DEBUG   main [org.springframework.beans.factory.support.DefaultListableBeanFactory] Eagerly caching bean 'simpleDirContextAuthenticationStrategy' to allow for resolving potential circular references
2016-02-04 08:30:08,445 TRACE   main [org.springframework.beans.CachedIntrospectionResults] Getting BeanInfo for class [org.springframework.ldap.core.support.SimpleDirContextAuthenticationStrategy]
2016-02-04 08:30:08,446 TRACE   main [org.springframework.beans.CachedIntrospectionResults] Caching PropertyDescriptors for class [org.springframework.ldap.core.support.SimpleDirContextAuthenticationStrategy]
2016-02-04 08:30:08,446 TRACE   main [org.springframework.beans.CachedIntrospectionResults] Found bean property 'class' of type [java.lang.Class]
2016-02-04 08:30:08,446 DEBUG   main [org.springframework.beans.factory.support.DefaultListableBeanFactory] Finished creating instance of bean 'simpleDirContextAuthenticationStrategy'
2016-02-04 08:30:08,448 DEBUG   main [org.springframework.beans.factory.support.DefaultListableBeanFactory] Invoking afterPropertiesSet() on bean with name '(inner bean)#4df53935'
2016-02-04 08:30:08,450 DEBUG   main [org.springframework.beans.factory.support.DefaultListableBeanFactory] Finished creating instance of bean '(inner bean)#4df53935'
2016-02-04 08:30:08,452 DEBUG   main [org.springframework.beans.factory.support.DefaultListableBeanFactory] Eagerly caching bean 'contextSource' to allow for resolving potential circular references
2016-02-04 08:30:08,452 TRACE   main [org.springframework.beans.CachedIntrospectionResults] Getting BeanInfo for class [org.springframework.ldap.transaction.compensating.manager.TransactionAwareContextSourceProxy]
2016-02-04 08:30:08,454 TRACE   main [org.springframework.beans.CachedIntrospectionResults] Caching PropertyDescriptors for class [org.springframework.ldap.transaction.compensating.manager.TransactionAwareContextSourceProxy]
2016-02-04 08:30:08,454 TRACE   main [org.springframework.beans.CachedIntrospectionResults] Found bean property 'baseLdapName' of type [javax.naming.ldap.LdapName]
2016-02-04 08:30:08,454 TRACE   main [org.springframework.beans.CachedIntrospectionResults] Found bean property 'baseLdapPath' of type [org.springframework.ldap.core.DistinguishedName]
2016-02-04 08:30:08,455 TRACE   main [org.springframework.beans.CachedIntrospectionResults] Found bean property 'baseLdapPathAsString' of type [java.lang.String]
2016-02-04 08:30:08,455 TRACE   main [org.springframework.beans.CachedIntrospectionResults] Found bean property 'class' of type [java.lang.Class]
2016-02-04 08:30:08,455 TRACE   main [org.springframework.beans.CachedIntrospectionResults] Found bean property 'readOnlyContext' of type [javax.naming.directory.DirContext]
2016-02-04 08:30:08,455 TRACE   main [org.springframework.beans.CachedIntrospectionResults] Found bean property 'readWriteContext' of type [javax.naming.directory.DirContext]
2016-02-04 08:30:08,455 TRACE   main [org.springframework.beans.CachedIntrospectionResults] Found bean property 'target' of type [org.springframework.ldap.core.ContextSource]
2016-02-04 08:30:08,455 DEBUG   main [org.springframework.beans.factory.support.DefaultListableBeanFactory] Finished creating instance of bean 'contextSource'
2016-02-04 08:30:08,456 DEBUG   main [org.springframework.beans.factory.support.DefaultListableBeanFactory] Invoking afterPropertiesSet() on bean with name 'ldapTemplate'
2016-02-04 08:30:08,456 DEBUG   main [org.springframework.beans.factory.support.DefaultListableBeanFactory] Finished creating instance of bean 'ldapTemplate'
2016-02-04 08:30:08,456 DEBUG   main [org.springframework.beans.factory.annotation.AutowiredAnnotationBeanPostProcessor] Autowiring by type from bean name 'userRepositoryImpl' to bean named 'ldapTemplate'
2016-02-04 08:30:08,456 DEBUG   main [org.springframework.beans.factory.support.DefaultListableBeanFactory] Finished creating instance of bean 'userRepositoryImpl'
2016-02-04 08:30:08,456 DEBUG   main [org.springframework.beans.factory.support.DefaultListableBeanFactory] Returning cached instance of singleton bean 'org.springframework.context.annotation.internalConfigurationAnnotationProcessor'
2016-02-04 08:30:08,456 DEBUG   main [org.springframework.beans.factory.support.DefaultListableBeanFactory] Returning cached instance of singleton bean 'org.springframework.context.annotation.internalAutowiredAnnotationProcessor'
2016-02-04 08:30:08,456 DEBUG   main [org.springframework.beans.factory.support.DefaultListableBeanFactory] Returning cached instance of singleton bean 'org.springframework.context.annotation.internalRequiredAnnotationProcessor'
2016-02-04 08:30:08,456 DEBUG   main [org.springframework.beans.factory.support.DefaultListableBeanFactory] Returning cached instance of singleton bean 'org.springframework.context.annotation.internalCommonAnnotationProcessor'
2016-02-04 08:30:08,457 DEBUG   main [org.springframework.beans.factory.support.DefaultListableBeanFactory] Returning cached instance of singleton bean 'simpleDirContextAuthenticationStrategy'
2016-02-04 08:30:08,457 DEBUG   main [org.springframework.beans.factory.support.DefaultListableBeanFactory] Creating shared instance of singleton bean 'userReposImpl'
2016-02-04 08:30:08,457 DEBUG   main [org.springframework.beans.factory.support.DefaultListableBeanFactory] Creating instance of bean 'userReposImpl'
2016-02-04 08:30:08,457 DEBUG   main [org.springframework.beans.factory.annotation.InjectionMetadata] Registered injected element on class [gov.fema.adminportal.ldap.repository.UserRepositoryImpl]: AutowiredFieldElement for private org.springframework.ldap.core.LdapTemplate gov.fema.adminportal.ldap.repository.UserRepositoryImpl.ldapTemplate
2016-02-04 08:30:08,457 DEBUG   main [org.springframework.beans.factory.support.DefaultListableBeanFactory] Eagerly caching bean 'userReposImpl' to allow for resolving potential circular references
2016-02-04 08:30:08,457 DEBUG   main [org.springframework.beans.factory.annotation.InjectionMetadata] Processing injected element of bean 'userReposImpl': AutowiredFieldElement for private org.springframework.ldap.core.LdapTemplate gov.fema.adminportal.ldap.repository.UserRepositoryImpl.ldapTemplate
2016-02-04 08:30:08,458 DEBUG   main [org.springframework.beans.factory.support.DefaultListableBeanFactory] Returning cached instance of singleton bean 'ldapTemplate'
2016-02-04 08:30:08,458 DEBUG   main [org.springframework.beans.factory.annotation.AutowiredAnnotationBeanPostProcessor] Autowiring by type from bean name 'userReposImpl' to bean named 'ldapTemplate'
2016-02-04 08:30:08,458 DEBUG   main [org.springframework.beans.factory.support.DefaultListableBeanFactory] Finished creating instance of bean 'userReposImpl'
2016-02-04 08:30:08,458 DEBUG   main [org.springframework.beans.factory.support.DefaultListableBeanFactory] Returning cached instance of singleton bean 'contextSource'
2016-02-04 08:30:08,458 DEBUG   main [org.springframework.beans.factory.support.DefaultListableBeanFactory] Returning cached instance of singleton bean 'ldapTemplate'
2016-02-04 08:30:08,458 DEBUG   main [org.springframework.beans.factory.support.DefaultListableBeanFactory] Returning cached instance of singleton bean 'org.springframework.context.annotation.ConfigurationClassPostProcessor.importAwareProcessor'
2016-02-04 08:30:08,458 DEBUG   main [org.springframework.beans.factory.support.DefaultListableBeanFactory] Returning cached instance of singleton bean 'org.springframework.context.annotation.ConfigurationClassPostProcessor.enhancedConfigurationProcessor'
2016-02-04 08:30:08,459 DEBUG   main [org.springframework.context.support.ClassPathXmlApplicationContext] Unable to locate LifecycleProcessor with name 'lifecycleProcessor': using default [org.springframework.context.support.DefaultLifecycleProcessor@180eedc3]
2016-02-04 08:30:08,459 DEBUG   main [org.springframework.beans.factory.support.DefaultListableBeanFactory] Returning cached instance of singleton bean 'lifecycleProcessor'
2016-02-04 08:30:08,460 TRACE   main [org.springframework.context.support.ClassPathXmlApplicationContext] Publishing event in org.springframework.context.support.ClassPathXmlApplicationContext@6ed6ee82: org.springframework.context.event.ContextRefreshedEvent[source=org.springframework.context.support.ClassPathXmlApplicationContext@6ed6ee82: startup date [Thu Feb 04 08:30:07 EST 2016]; root of context hierarchy]
2016-02-04 08:30:08,461 TRACE   main [org.springframework.core.env.PropertySourcesPropertyResolver] getProperty("spring.liveBeansView.mbeanDomain", String)
2016-02-04 08:30:08,461 DEBUG   main [org.springframework.core.env.PropertySourcesPropertyResolver] Searching for key 'spring.liveBeansView.mbeanDomain' in [systemProperties]
2016-02-04 08:30:08,461 DEBUG   main [org.springframework.core.env.PropertySourcesPropertyResolver] Searching for key 'spring.liveBeansView.mbeanDomain' in [systemEnvironment]
2016-02-04 08:30:08,461 DEBUG   main [org.springframework.core.env.PropertySourcesPropertyResolver] Could not find key 'spring.liveBeansView.mbeanDomain' in any property source. Returning [null]
2016-02-04 08:30:08,462 INFO   main [gov.fema.adminportal.ldap.app.LdapApp] Test started at Thu Feb 04 08:30:07 EST 2016
2016-02-04 08:30:08,462 DEBUG   main [org.springframework.beans.factory.support.DefaultListableBeanFactory] Returning cached instance of singleton bean 'userReposImpl'
2016-02-04 08:30:08,462 INFO   main [gov.fema.adminportal.ldap.repository.UserRepositoryImpl] executing {createUser}
2016-02-04 08:31:16,740 DEBUG   main [org.springframework.core.env.StandardEnvironment] Adding [systemProperties] PropertySource with lowest search precedence
2016-02-04 08:31:16,744 DEBUG   main [org.springframework.core.env.StandardEnvironment] Adding [systemEnvironment] PropertySource with lowest search precedence
2016-02-04 08:31:16,744 DEBUG   main [org.springframework.core.env.StandardEnvironment] Initialized StandardEnvironment with PropertySources [systemProperties,systemEnvironment]
2016-02-04 08:31:16,748 INFO   main [org.springframework.context.support.ClassPathXmlApplicationContext] Refreshing org.springframework.context.support.ClassPathXmlApplicationContext@6ed6ee82: startup date [Thu Feb 04 08:31:16 EST 2016]; root of context hierarchy
2016-02-04 08:31:16,779 DEBUG   main [org.springframework.core.env.StandardEnvironment] Adding [systemProperties] PropertySource with lowest search precedence
2016-02-04 08:31:16,779 DEBUG   main [org.springframework.core.env.StandardEnvironment] Adding [systemEnvironment] PropertySource with lowest search precedence
2016-02-04 08:31:16,780 DEBUG   main [org.springframework.core.env.StandardEnvironment] Initialized StandardEnvironment with PropertySources [systemProperties,systemEnvironment]
2016-02-04 08:31:16,789 INFO   main [org.springframework.beans.factory.xml.XmlBeanDefinitionReader] Loading XML bean definitions from class path resource [spring-ldap-example.xml]
2016-02-04 08:31:16,792 DEBUG   main [org.springframework.beans.factory.xml.DefaultDocumentLoader] Using JAXP provider [com.sun.org.apache.xerces.internal.jaxp.DocumentBuilderFactoryImpl]
2016-02-04 08:31:16,814 TRACE   main [org.springframework.beans.factory.xml.PluggableSchemaResolver] Trying to resolve XML entity with public id [null] and system id [http://www.springframework.org/schema/beans/spring-beans.xsd]
2016-02-04 08:31:16,814 DEBUG   main [org.springframework.beans.factory.xml.PluggableSchemaResolver] Loading schema mappings from [META-INF/spring.schemas]
2016-02-04 08:31:16,826 DEBUG   main [org.springframework.beans.factory.xml.PluggableSchemaResolver] Loaded schema mappings: {http://www.springframework.org/schema/tx/spring-tx-2.5.xsd=org/springframework/transaction/config/spring-tx-2.5.xsd, http://www.springframework.org/schema/cache/spring-cache-4.2.xsd=org/springframework/cache/config/spring-cache-4.2.xsd, http://www.springframework.org/schema/aop/spring-aop-4.1.xsd=org/springframework/aop/config/spring-aop-4.1.xsd, http://www.springframework.org/schema/context/spring-context-3.1.xsd=org/springframework/context/config/spring-context-3.1.xsd, http://www.springframework.org/schema/data/repository/spring-repository-1.4.xsd=org/springframework/data/repository/config/spring-repository-1.4.xsd, http://www.springframework.org/schema/util/spring-util-3.0.xsd=org/springframework/beans/factory/xml/spring-util-3.0.xsd, http://www.springframework.org/schema/tool/spring-tool.xsd=org/springframework/beans/factory/xml/spring-tool-4.2.xsd, http://www.springframework.org/schema/aop/spring-aop-3.2.xsd=org/springframework/aop/config/spring-aop-3.2.xsd, http://www.springframework.org/schema/lang/spring-lang-4.1.xsd=org/springframework/scripting/config/spring-lang-4.1.xsd, http://www.springframework.org/schema/context/spring-context-4.0.xsd=org/springframework/context/config/spring-context-4.0.xsd, http://www.springframework.org/schema/beans/spring-beans-4.2.xsd=org/springframework/beans/factory/xml/spring-beans-4.2.xsd, http://www.springframework.org/schema/tool/spring-tool-4.1.xsd=org/springframework/beans/factory/xml/spring-tool-4.1.xsd, http://www.springframework.org/schema/lang/spring-lang-3.2.xsd=org/springframework/scripting/config/spring-lang-3.2.xsd, http://www.springframework.org/schema/cache/spring-cache-3.2.xsd=org/springframework/cache/config/spring-cache-3.2.xsd, http://www.springframework.org/schema/jee/spring-jee-4.1.xsd=org/springframework/ejb/config/spring-jee-4.1.xsd, http://www.springframework.org/schema/task/spring-task-4.2.xsd=org/springframework/scheduling/config/spring-task-4.2.xsd, http://www.springframework.org/schema/util/spring-util-2.0.xsd=org/springframework/beans/factory/xml/spring-util-2.0.xsd, http://www.springframework.org/schema/tool/spring-tool-3.2.xsd=org/springframework/beans/factory/xml/spring-tool-3.2.xsd, http://www.springframework.org/schema/context/spring-context.xsd=org/springframework/context/config/spring-context-4.2.xsd, http://www.springframework.org/schema/tx/spring-tx-4.2.xsd=org/springframework/transaction/config/spring-tx-4.2.xsd, http://www.springframework.org/schema/cache/spring-cache-4.1.xsd=org/springframework/cache/config/spring-cache-4.1.xsd, http://www.springframework.org/schema/aop/spring-aop-4.0.xsd=org/springframework/aop/config/spring-aop-4.0.xsd, http://www.springframework.org/schema/jee/spring-jee-3.2.xsd=org/springframework/ejb/config/spring-jee-3.2.xsd, http://www.springframework.org/schema/context/spring-context-3.0.xsd=org/springframework/context/config/spring-context-3.0.xsd, http://www.springframework.org/schema/util/spring-util-2.5.xsd=org/springframework/beans/factory/xml/spring-util-2.5.xsd, http://www.springframework.org/schema/beans/spring-beans-3.2.xsd=org/springframework/beans/factory/xml/spring-beans-3.2.xsd, http://www.springframework.org/schema/aop/spring-aop-3.1.xsd=org/springframework/aop/config/spring-aop-3.1.xsd, http://www.springframework.org/schema/ldap/spring-ldap-2.0.xsd=org/springframework/ldap/config/spring-ldap-2.0.xsd, http://www.springframework.org/schema/lang/spring-lang-4.0.xsd=org/springframework/scripting/config/spring-lang-4.0.xsd, http://www.springframework.org/schema/beans/spring-beans-4.1.xsd=org/springframework/beans/factory/xml/spring-beans-4.1.xsd, http://www.springframework.org/schema/tool/spring-tool-4.0.xsd=org/springframework/beans/factory/xml/spring-tool-4.0.xsd, http://www.springframework.org/schema/tx/spring-tx-3.2.xsd=org/springframework/transaction/config/spring-tx-3.2.xsd, http://www.springframework.org/schema/lang/spring-lang-3.1.xsd=org/springframework/scripting/config/spring-lang-3.1.xsd, http://www.springframework.org/schema/cache/spring-cache-3.1.xsd=org/springframework/cache/config/spring-cache-3.1.xsd, http://www.springframework.org/schema/jee/spring-jee-4.0.xsd=org/springframework/ejb/config/spring-jee-4.0.xsd, http://www.springframework.org/schema/task/spring-task-4.1.xsd=org/springframework/scheduling/config/spring-task-4.1.xsd, http://www.springframework.org/schema/tool/spring-tool-3.1.xsd=org/springframework/beans/factory/xml/spring-tool-3.1.xsd, http://www.springframework.org/schema/tx/spring-tx-4.1.xsd=org/springframework/transaction/config/spring-tx-4.1.xsd, http://www.springframework.org/schema/cache/spring-cache-4.0.xsd=org/springframework/cache/config/spring-cache-4.0.xsd, http://www.springframework.org/schema/jee/spring-jee-3.1.xsd=org/springframework/ejb/config/spring-jee-3.1.xsd, http://www.springframework.org/schema/task/spring-task-3.2.xsd=org/springframework/scheduling/config/spring-task-3.2.xsd, http://www.springframework.org/schema/util/spring-util-4.2.xsd=org/springframework/beans/factory/xml/spring-util-4.2.xsd, http://www.springframework.org/schema/beans/spring-beans-3.1.xsd=org/springframework/beans/factory/xml/spring-beans-3.1.xsd, http://www.springframework.org/schema/util/spring-util.xsd=org/springframework/beans/factory/xml/spring-util-4.2.xsd, http://www.springframework.org/schema/aop/spring-aop-3.0.xsd=org/springframework/aop/config/spring-aop-3.0.xsd, http://www.springframework.org/schema/data/repository/spring-repository.xsd=org/springframework/data/repository/config/spring-repository-1.7.xsd, http://www.springframework.org/schema/data/repository/spring-repository-1.7.xsd=org/springframework/data/repository/config/spring-repository-1.7.xsd, http://www.springframework.org/schema/ldap/spring-ldap.xsd=org/springframework/ldap/config/spring-ldap-2.0.xsd, http://www.springframework.org/schema/beans/spring-beans-4.0.xsd=org/springframework/beans/factory/xml/spring-beans-4.0.xsd, http://www.springframework.org/schema/beans/spring-beans.xsd=org/springframework/beans/factory/xml/spring-beans-4.2.xsd, http://www.springframework.org/schema/tx/spring-tx-3.1.xsd=org/springframework/transaction/config/spring-tx-3.1.xsd, http://www.springframework.org/schema/lang/spring-lang-3.0.xsd=org/springframework/scripting/config/spring-lang-3.0.xsd, http://www.springframework.org/schema/context/spring-context-2.5.xsd=org/springframework/context/config/spring-context-2.5.xsd, http://www.springframework.org/schema/task/spring-task-4.0.xsd=org/springframework/scheduling/config/spring-task-4.0.xsd, http://www.springframework.org/schema/tool/spring-tool-3.0.xsd=org/springframework/beans/factory/xml/spring-tool-3.0.xsd, http://www.springframework.org/schema/tx/spring-tx-4.0.xsd=org/springframework/transaction/config/spring-tx-4.0.xsd, http://www.springframework.org/schema/aop/spring-aop-2.0.xsd=org/springframework/aop/config/spring-aop-2.0.xsd, http://www.springframework.org/schema/jee/spring-jee-3.0.xsd=org/springframework/ejb/config/spring-jee-3.0.xsd, http://www.springframework.org/schema/util/spring-util-4.1.xsd=org/springframework/beans/factory/xml/spring-util-4.1.xsd, http://www.springframework.org/schema/task/spring-task-3.1.xsd=org/springframework/scheduling/config/spring-task-3.1.xsd, http://www.springframework.org/schema/beans/spring-beans-3.0.xsd=org/springframework/beans/factory/xml/spring-beans-3.0.xsd, http://www.springframework.org/schema/jee/spring-jee.xsd=org/springframework/ejb/config/spring-jee-4.2.xsd, http://www.springframework.org/schema/aop/spring-aop-2.5.xsd=org/springframework/aop/config/spring-aop-2.5.xsd, http://www.springframework.org/schema/lang/spring-lang-2.0.xsd=org/springframework/scripting/config/spring-lang-2.0.xsd, http://www.springframework.org/schema/data/repository/spring-repository-1.6.xsd=org/springframework/data/repository/config/spring-repository-1.6.xsd, http://www.springframework.org/schema/util/spring-util-3.2.xsd=org/springframework/beans/factory/xml/spring-util-3.2.xsd, http://www.springframework.org/schema/task/spring-task.xsd=org/springframework/scheduling/config/spring-task-4.2.xsd, http://www.springframework.org/schema/tool/spring-tool-2.0.xsd=org/springframework/beans/factory/xml/spring-tool-2.0.xsd, http://www.springframework.org/schema/tx/spring-tx-3.0.xsd=org/springframework/transaction/config/spring-tx-3.0.xsd, http://www.springframework.org/schema/lang/spring-lang-2.5.xsd=org/springframework/scripting/config/spring-lang-2.5.xsd, http://www.springframework.org/schema/context/spring-context-4.2.xsd=org/springframework/context/config/spring-context-4.2.xsd, http://www.springframework.org/schema/jee/spring-jee-2.0.xsd=org/springframework/ejb/config/spring-jee-2.0.xsd, http://www.springframework.org/schema/tool/spring-tool-2.5.xsd=org/springframework/beans/factory/xml/spring-tool-2.5.xsd, http://www.springframework.org/schema/jee/spring-jee-2.5.xsd=org/springframework/ejb/config/spring-jee-2.5.xsd, http://www.springframework.org/schema/data/repository/spring-repository-1.0.xsd=org/springframework/data/repository/config/spring-repository-1.0.xsd, http://www.springframework.org/schema/util/spring-util-4.0.xsd=org/springframework/beans/factory/xml/spring-util-4.0.xsd, http://www.springframework.org/schema/task/spring-task-3.0.xsd=org/springframework/scheduling/config/spring-task-3.0.xsd, http://www.springframework.org/schema/aop/spring-aop-4.2.xsd=org/springframework/aop/config/spring-aop-4.2.xsd, http://www.springframework.org/schema/lang/spring-lang.xsd=org/springframework/scripting/config/spring-lang-4.2.xsd, http://www.springframework.org/schema/context/spring-context-3.2.xsd=org/springframework/context/config/spring-context-3.2.xsd, http://www.springframework.org/schema/data/repository/spring-repository-1.5.xsd=org/springframework/data/repository/config/spring-repository-1.5.xsd, http://www.springframework.org/schema/util/spring-util-3.1.xsd=org/springframework/beans/factory/xml/spring-util-3.1.xsd, http://www.springframework.org/schema/beans/spring-beans-2.0.xsd=org/springframework/beans/factory/xml/spring-beans-2.0.xsd, http://www.springframework.org/schema/cache/spring-cache.xsd=org/springframework/cache/config/spring-cache-4.2.xsd, http://www.springframework.org/schema/tx/spring-tx.xsd=org/springframework/transaction/config/spring-tx-4.2.xsd, http://www.springframework.org/schema/lang/spring-lang-4.2.xsd=org/springframework/scripting/config/spring-lang-4.2.xsd, http://www.springframework.org/schema/context/spring-context-4.1.xsd=org/springframework/context/config/spring-context-4.1.xsd, http://www.springframework.org/schema/beans/spring-beans-2.5.xsd=org/springframework/beans/factory/xml/spring-beans-2.5.xsd, http://www.springframework.org/schema/tool/spring-tool-4.2.xsd=org/springframework/beans/factory/xml/spring-tool-4.2.xsd, http://www.springframework.org/schema/tx/spring-tx-2.0.xsd=org/springframework/transaction/config/spring-tx-2.0.xsd, http://www.springframework.org/schema/jee/spring-jee-4.2.xsd=org/springframework/ejb/config/spring-jee-4.2.xsd, http://www.springframework.org/schema/aop/spring-aop.xsd=org/springframework/aop/config/spring-aop-4.2.xsd}
2016-02-04 08:31:16,831 DEBUG   main [org.springframework.beans.factory.xml.PluggableSchemaResolver] Found XML schema [http://www.springframework.org/schema/beans/spring-beans.xsd] in classpath: org/springframework/beans/factory/xml/spring-beans-4.2.xsd
2016-02-04 08:31:16,909 TRACE   main [org.springframework.beans.factory.xml.PluggableSchemaResolver] Trying to resolve XML entity with public id [null] and system id [http://www.springframework.org/schema/context/spring-context.xsd]
2016-02-04 08:31:16,910 DEBUG   main [org.springframework.beans.factory.xml.PluggableSchemaResolver] Found XML schema [http://www.springframework.org/schema/context/spring-context.xsd] in classpath: org/springframework/context/config/spring-context-4.2.xsd
2016-02-04 08:31:16,921 TRACE   main [org.springframework.beans.factory.xml.PluggableSchemaResolver] Trying to resolve XML entity with public id [null] and system id [http://www.springframework.org/schema/tool/spring-tool-4.2.xsd]
2016-02-04 08:31:16,925 DEBUG   main [org.springframework.beans.factory.xml.PluggableSchemaResolver] Found XML schema [http://www.springframework.org/schema/tool/spring-tool-4.2.xsd] in classpath: org/springframework/beans/factory/xml/spring-tool-4.2.xsd
2016-02-04 08:31:16,933 TRACE   main [org.springframework.beans.factory.xml.PluggableSchemaResolver] Trying to resolve XML entity with public id [null] and system id [http://www.springframework.org/schema/ldap/spring-ldap.xsd]
2016-02-04 08:31:16,934 DEBUG   main [org.springframework.beans.factory.xml.PluggableSchemaResolver] Found XML schema [http://www.springframework.org/schema/ldap/spring-ldap.xsd] in classpath: org/springframework/ldap/config/spring-ldap-2.0.xsd
2016-02-04 08:31:16,946 TRACE   main [org.springframework.beans.factory.xml.PluggableSchemaResolver] Trying to resolve XML entity with public id [null] and system id [http://www.springframework.org/schema/data/repository/spring-repository.xsd]
2016-02-04 08:31:16,947 DEBUG   main [org.springframework.beans.factory.xml.PluggableSchemaResolver] Found XML schema [http://www.springframework.org/schema/data/repository/spring-repository.xsd] in classpath: org/springframework/data/repository/config/spring-repository-1.7.xsd
2016-02-04 08:31:16,977 DEBUG   main [org.springframework.beans.factory.xml.DefaultBeanDefinitionDocumentReader] Loading bean definitions
2016-02-04 08:31:16,994 DEBUG   main [org.springframework.beans.factory.xml.DefaultNamespaceHandlerResolver] Loaded NamespaceHandler mappings: {http://www.springframework.org/schema/p=org.springframework.beans.factory.xml.SimplePropertyNamespaceHandler, http://www.springframework.org/schema/util=org.springframework.beans.factory.xml.UtilNamespaceHandler, http://www.springframework.org/schema/jee=org.springframework.ejb.config.JeeNamespaceHandler, http://www.springframework.org/schema/aop=org.springframework.aop.config.AopNamespaceHandler, http://www.springframework.org/schema/data/repository=org.springframework.data.repository.config.RepositoryNameSpaceHandler, http://www.springframework.org/schema/cache=org.springframework.cache.config.CacheNamespaceHandler, http://www.springframework.org/schema/c=org.springframework.beans.factory.xml.SimpleConstructorNamespaceHandler, http://www.springframework.org/schema/ldap=org.springframework.ldap.config.LdapNamespaceHandler, http://www.springframework.org/schema/tx=org.springframework.transaction.config.TxNamespaceHandler, http://www.springframework.org/schema/task=org.springframework.scheduling.config.TaskNamespaceHandler, http://www.springframework.org/schema/lang=org.springframework.scripting.config.LangNamespaceHandler, http://www.springframework.org/schema/context=org.springframework.context.config.ContextNamespaceHandler}
2016-02-04 08:31:17,015 DEBUG   main [org.springframework.core.env.StandardEnvironment] Adding [systemProperties] PropertySource with lowest search precedence
2016-02-04 08:31:17,015 DEBUG   main [org.springframework.core.env.StandardEnvironment] Adding [systemEnvironment] PropertySource with lowest search precedence
2016-02-04 08:31:17,015 DEBUG   main [org.springframework.core.env.StandardEnvironment] Initialized StandardEnvironment with PropertySources [systemProperties,systemEnvironment]
2016-02-04 08:31:17,035 DEBUG   main [org.springframework.core.io.support.PathMatchingResourcePatternResolver] Looking for matching resources in directory tree [C:\Eclipse\workspace\spring-ldap-example\bin\gov\fema\adminportal\ldap]
2016-02-04 08:31:17,036 DEBUG   main [org.springframework.core.io.support.PathMatchingResourcePatternResolver] Searching directory [C:\Eclipse\workspace\spring-ldap-example\bin\gov\fema\adminportal\ldap] for files matching pattern [C:/Eclipse/workspace/spring-ldap-example/bin/gov/fema/adminportal/ldap/**/*.class]
2016-02-04 08:31:17,040 DEBUG   main [org.springframework.core.io.support.PathMatchingResourcePatternResolver] Searching directory [C:\Eclipse\workspace\spring-ldap-example\bin\gov\fema\adminportal\ldap\app] for files matching pattern [C:/Eclipse/workspace/spring-ldap-example/bin/gov/fema/adminportal/ldap/**/*.class]
2016-02-04 08:31:17,041 DEBUG   main [org.springframework.core.io.support.PathMatchingResourcePatternResolver] Searching directory [C:\Eclipse\workspace\spring-ldap-example\bin\gov\fema\adminportal\ldap\model] for files matching pattern [C:/Eclipse/workspace/spring-ldap-example/bin/gov/fema/adminportal/ldap/**/*.class]
2016-02-04 08:31:17,042 DEBUG   main [org.springframework.core.io.support.PathMatchingResourcePatternResolver] Searching directory [C:\Eclipse\workspace\spring-ldap-example\bin\gov\fema\adminportal\ldap\repository] for files matching pattern [C:/Eclipse/workspace/spring-ldap-example/bin/gov/fema/adminportal/ldap/**/*.class]
2016-02-04 08:31:17,045 DEBUG   main [org.springframework.core.io.support.PathMatchingResourcePatternResolver] Resolved location pattern [classpath*:gov/fema/adminportal/ldap/**/*.class] to resources [file [C:\Eclipse\workspace\spring-ldap-example\bin\gov\fema\adminportal\ldap\app\LdapApp.class], file [C:\Eclipse\workspace\spring-ldap-example\bin\gov\fema\adminportal\ldap\model\User.class], file [C:\Eclipse\workspace\spring-ldap-example\bin\gov\fema\adminportal\ldap\repository\UserRepository.class], file [C:\Eclipse\workspace\spring-ldap-example\bin\gov\fema\adminportal\ldap\repository\UserRepositoryImpl$MultipleAttributesMapper.class], file [C:\Eclipse\workspace\spring-ldap-example\bin\gov\fema\adminportal\ldap\repository\UserRepositoryImpl$SingleAttributesMapper.class], file [C:\Eclipse\workspace\spring-ldap-example\bin\gov\fema\adminportal\ldap\repository\UserRepositoryImpl$UserAttributesMapper.class], file [C:\Eclipse\workspace\spring-ldap-example\bin\gov\fema\adminportal\ldap\repository\UserRepositoryImpl.class]]
2016-02-04 08:31:17,045 TRACE   main [org.springframework.context.annotation.ClassPathBeanDefinitionScanner] Scanning file [C:\Eclipse\workspace\spring-ldap-example\bin\gov\fema\adminportal\ldap\app\LdapApp.class]
2016-02-04 08:31:17,073 TRACE   main [org.springframework.context.annotation.ClassPathBeanDefinitionScanner] Ignored because not matching any filter: file [C:\Eclipse\workspace\spring-ldap-example\bin\gov\fema\adminportal\ldap\app\LdapApp.class]
2016-02-04 08:31:17,073 TRACE   main [org.springframework.context.annotation.ClassPathBeanDefinitionScanner] Scanning file [C:\Eclipse\workspace\spring-ldap-example\bin\gov\fema\adminportal\ldap\model\User.class]
2016-02-04 08:31:17,074 TRACE   main [org.springframework.context.annotation.ClassPathBeanDefinitionScanner] Ignored because not matching any filter: file [C:\Eclipse\workspace\spring-ldap-example\bin\gov\fema\adminportal\ldap\model\User.class]
2016-02-04 08:31:17,074 TRACE   main [org.springframework.context.annotation.ClassPathBeanDefinitionScanner] Scanning file [C:\Eclipse\workspace\spring-ldap-example\bin\gov\fema\adminportal\ldap\repository\UserRepository.class]
2016-02-04 08:31:17,075 TRACE   main [org.springframework.context.annotation.ClassPathBeanDefinitionScanner] Ignored because not matching any filter: file [C:\Eclipse\workspace\spring-ldap-example\bin\gov\fema\adminportal\ldap\repository\UserRepository.class]
2016-02-04 08:31:17,075 TRACE   main [org.springframework.context.annotation.ClassPathBeanDefinitionScanner] Scanning file [C:\Eclipse\workspace\spring-ldap-example\bin\gov\fema\adminportal\ldap\repository\UserRepositoryImpl$MultipleAttributesMapper.class]
2016-02-04 08:31:17,076 TRACE   main [org.springframework.context.annotation.ClassPathBeanDefinitionScanner] Ignored because not matching any filter: file [C:\Eclipse\workspace\spring-ldap-example\bin\gov\fema\adminportal\ldap\repository\UserRepositoryImpl$MultipleAttributesMapper.class]
2016-02-04 08:31:17,076 TRACE   main [org.springframework.context.annotation.ClassPathBeanDefinitionScanner] Scanning file [C:\Eclipse\workspace\spring-ldap-example\bin\gov\fema\adminportal\ldap\repository\UserRepositoryImpl$SingleAttributesMapper.class]
2016-02-04 08:31:17,077 TRACE   main [org.springframework.context.annotation.ClassPathBeanDefinitionScanner] Ignored because not matching any filter: file [C:\Eclipse\workspace\spring-ldap-example\bin\gov\fema\adminportal\ldap\repository\UserRepositoryImpl$SingleAttributesMapper.class]
2016-02-04 08:31:17,077 TRACE   main [org.springframework.context.annotation.ClassPathBeanDefinitionScanner] Scanning file [C:\Eclipse\workspace\spring-ldap-example\bin\gov\fema\adminportal\ldap\repository\UserRepositoryImpl$UserAttributesMapper.class]
2016-02-04 08:31:17,078 TRACE   main [org.springframework.context.annotation.ClassPathBeanDefinitionScanner] Ignored because not matching any filter: file [C:\Eclipse\workspace\spring-ldap-example\bin\gov\fema\adminportal\ldap\repository\UserRepositoryImpl$UserAttributesMapper.class]
2016-02-04 08:31:17,078 TRACE   main [org.springframework.context.annotation.ClassPathBeanDefinitionScanner] Scanning file [C:\Eclipse\workspace\spring-ldap-example\bin\gov\fema\adminportal\ldap\repository\UserRepositoryImpl.class]
2016-02-04 08:31:17,101 DEBUG   main [org.springframework.context.annotation.ClassPathBeanDefinitionScanner] Identified candidate component class: file [C:\Eclipse\workspace\spring-ldap-example\bin\gov\fema\adminportal\ldap\repository\UserRepositoryImpl.class]
2016-02-04 08:31:17,166 DEBUG   main [org.springframework.beans.factory.xml.XmlBeanDefinitionReader] Loaded 9 bean definitions from location pattern [spring-ldap-example.xml]
2016-02-04 08:31:17,167 DEBUG   main [org.springframework.context.support.ClassPathXmlApplicationContext] Bean factory for org.springframework.context.support.ClassPathXmlApplicationContext@6ed6ee82: org.springframework.beans.factory.support.DefaultListableBeanFactory@5c5d9afc: defining beans [userRepositoryImpl,org.springframework.context.annotation.internalConfigurationAnnotationProcessor,org.springframework.context.annotation.internalAutowiredAnnotationProcessor,org.springframework.context.annotation.internalRequiredAnnotationProcessor,org.springframework.context.annotation.internalCommonAnnotationProcessor,simpleDirContextAuthenticationStrategy,userReposImpl,contextSource,ldapTemplate]; root of factory hierarchy
2016-02-04 08:31:17,206 DEBUG   main [org.springframework.beans.factory.support.DefaultListableBeanFactory] Creating shared instance of singleton bean 'org.springframework.context.annotation.internalConfigurationAnnotationProcessor'
2016-02-04 08:31:17,206 DEBUG   main [org.springframework.beans.factory.support.DefaultListableBeanFactory] Creating instance of bean 'org.springframework.context.annotation.internalConfigurationAnnotationProcessor'
2016-02-04 08:31:17,227 DEBUG   main [org.springframework.beans.factory.support.DefaultListableBeanFactory] Eagerly caching bean 'org.springframework.context.annotation.internalConfigurationAnnotationProcessor' to allow for resolving potential circular references
2016-02-04 08:31:17,229 DEBUG   main [org.springframework.beans.factory.support.DefaultListableBeanFactory] Finished creating instance of bean 'org.springframework.context.annotation.internalConfigurationAnnotationProcessor'
2016-02-04 08:31:17,288 DEBUG   main [org.springframework.beans.factory.support.DefaultListableBeanFactory] Creating shared instance of singleton bean 'org.springframework.context.annotation.internalAutowiredAnnotationProcessor'
2016-02-04 08:31:17,290 DEBUG   main [org.springframework.beans.factory.support.DefaultListableBeanFactory] Creating instance of bean 'org.springframework.context.annotation.internalAutowiredAnnotationProcessor'
2016-02-04 08:31:17,292 DEBUG   main [org.springframework.beans.factory.support.DefaultListableBeanFactory] Eagerly caching bean 'org.springframework.context.annotation.internalAutowiredAnnotationProcessor' to allow for resolving potential circular references
2016-02-04 08:31:17,292 DEBUG   main [org.springframework.beans.factory.support.DefaultListableBeanFactory] Finished creating instance of bean 'org.springframework.context.annotation.internalAutowiredAnnotationProcessor'
2016-02-04 08:31:17,292 DEBUG   main [org.springframework.beans.factory.support.DefaultListableBeanFactory] Creating shared instance of singleton bean 'org.springframework.context.annotation.internalRequiredAnnotationProcessor'
2016-02-04 08:31:17,292 DEBUG   main [org.springframework.beans.factory.support.DefaultListableBeanFactory] Creating instance of bean 'org.springframework.context.annotation.internalRequiredAnnotationProcessor'
2016-02-04 08:31:17,293 DEBUG   main [org.springframework.beans.factory.support.DefaultListableBeanFactory] Eagerly caching bean 'org.springframework.context.annotation.internalRequiredAnnotationProcessor' to allow for resolving potential circular references
2016-02-04 08:31:17,294 DEBUG   main [org.springframework.beans.factory.support.DefaultListableBeanFactory] Finished creating instance of bean 'org.springframework.context.annotation.internalRequiredAnnotationProcessor'
2016-02-04 08:31:17,294 DEBUG   main [org.springframework.beans.factory.support.DefaultListableBeanFactory] Creating shared instance of singleton bean 'org.springframework.context.annotation.internalCommonAnnotationProcessor'
2016-02-04 08:31:17,294 DEBUG   main [org.springframework.beans.factory.support.DefaultListableBeanFactory] Creating instance of bean 'org.springframework.context.annotation.internalCommonAnnotationProcessor'
2016-02-04 08:31:17,300 DEBUG   main [org.springframework.beans.factory.support.DefaultListableBeanFactory] Eagerly caching bean 'org.springframework.context.annotation.internalCommonAnnotationProcessor' to allow for resolving potential circular references
2016-02-04 08:31:17,300 DEBUG   main [org.springframework.beans.factory.support.DefaultListableBeanFactory] Finished creating instance of bean 'org.springframework.context.annotation.internalCommonAnnotationProcessor'
2016-02-04 08:31:17,300 DEBUG   main [org.springframework.beans.factory.support.DefaultListableBeanFactory] Creating shared instance of singleton bean 'org.springframework.context.annotation.ConfigurationClassPostProcessor.importAwareProcessor'
2016-02-04 08:31:17,300 DEBUG   main [org.springframework.beans.factory.support.DefaultListableBeanFactory] Creating instance of bean 'org.springframework.context.annotation.ConfigurationClassPostProcessor.importAwareProcessor'
2016-02-04 08:31:17,300 DEBUG   main [org.springframework.beans.factory.support.DefaultListableBeanFactory] Eagerly caching bean 'org.springframework.context.annotation.ConfigurationClassPostProcessor.importAwareProcessor' to allow for resolving potential circular references
2016-02-04 08:31:17,301 DEBUG   main [org.springframework.beans.factory.support.DefaultListableBeanFactory] Finished creating instance of bean 'org.springframework.context.annotation.ConfigurationClassPostProcessor.importAwareProcessor'
2016-02-04 08:31:17,301 DEBUG   main [org.springframework.beans.factory.support.DefaultListableBeanFactory] Creating shared instance of singleton bean 'org.springframework.context.annotation.ConfigurationClassPostProcessor.enhancedConfigurationProcessor'
2016-02-04 08:31:17,301 DEBUG   main [org.springframework.beans.factory.support.DefaultListableBeanFactory] Creating instance of bean 'org.springframework.context.annotation.ConfigurationClassPostProcessor.enhancedConfigurationProcessor'
2016-02-04 08:31:17,301 DEBUG   main [org.springframework.beans.factory.support.DefaultListableBeanFactory] Eagerly caching bean 'org.springframework.context.annotation.ConfigurationClassPostProcessor.enhancedConfigurationProcessor' to allow for resolving potential circular references
2016-02-04 08:31:17,301 DEBUG   main [org.springframework.beans.factory.support.DefaultListableBeanFactory] Finished creating instance of bean 'org.springframework.context.annotation.ConfigurationClassPostProcessor.enhancedConfigurationProcessor'
2016-02-04 08:31:17,306 DEBUG   main [org.springframework.context.support.ClassPathXmlApplicationContext] Unable to locate MessageSource with name 'messageSource': using default [org.springframework.context.support.DelegatingMessageSource@63676316]
2016-02-04 08:31:17,310 DEBUG   main [org.springframework.context.support.ClassPathXmlApplicationContext] Unable to locate ApplicationEventMulticaster with name 'applicationEventMulticaster': using default [org.springframework.context.event.SimpleApplicationEventMulticaster@1b67919b]
2016-02-04 08:31:17,311 DEBUG   main [org.springframework.beans.factory.support.DefaultListableBeanFactory] Pre-instantiating singletons in org.springframework.beans.factory.support.DefaultListableBeanFactory@5c5d9afc: defining beans [userRepositoryImpl,org.springframework.context.annotation.internalConfigurationAnnotationProcessor,org.springframework.context.annotation.internalAutowiredAnnotationProcessor,org.springframework.context.annotation.internalRequiredAnnotationProcessor,org.springframework.context.annotation.internalCommonAnnotationProcessor,simpleDirContextAuthenticationStrategy,userReposImpl,contextSource,ldapTemplate,org.springframework.context.annotation.ConfigurationClassPostProcessor.importAwareProcessor,org.springframework.context.annotation.ConfigurationClassPostProcessor.enhancedConfigurationProcessor]; root of factory hierarchy
2016-02-04 08:31:17,311 DEBUG   main [org.springframework.beans.factory.support.DefaultListableBeanFactory] Creating shared instance of singleton bean 'userRepositoryImpl'
2016-02-04 08:31:17,312 DEBUG   main [org.springframework.beans.factory.support.DefaultListableBeanFactory] Creating instance of bean 'userRepositoryImpl'
2016-02-04 08:31:17,336 DEBUG   main [org.springframework.beans.factory.annotation.InjectionMetadata] Registered injected element on class [gov.fema.adminportal.ldap.repository.UserRepositoryImpl]: AutowiredFieldElement for private org.springframework.ldap.core.LdapTemplate gov.fema.adminportal.ldap.repository.UserRepositoryImpl.ldapTemplate
2016-02-04 08:31:17,336 DEBUG   main [org.springframework.beans.factory.support.DefaultListableBeanFactory] Eagerly caching bean 'userRepositoryImpl' to allow for resolving potential circular references
2016-02-04 08:31:17,342 TRACE   main [org.springframework.core.io.support.SpringFactoriesLoader] Loaded [org.springframework.beans.BeanInfoFactory] names: [org.springframework.beans.ExtendedBeanInfoFactory]
2016-02-04 08:31:17,343 TRACE   main [org.springframework.beans.CachedIntrospectionResults] Getting BeanInfo for class [gov.fema.adminportal.ldap.repository.UserRepositoryImpl]
2016-02-04 08:31:17,347 TRACE   main [org.springframework.beans.CachedIntrospectionResults] Caching PropertyDescriptors for class [gov.fema.adminportal.ldap.repository.UserRepositoryImpl]
2016-02-04 08:31:17,347 TRACE   main [org.springframework.beans.CachedIntrospectionResults] Found bean property 'allUserNames' of type [java.util.List]
2016-02-04 08:31:17,352 TRACE   main [org.springframework.beans.CachedIntrospectionResults] Found bean property 'allUsers' of type [java.util.List]
2016-02-04 08:31:17,352 TRACE   main [org.springframework.beans.CachedIntrospectionResults] Found bean property 'class' of type [java.lang.Class]
2016-02-04 08:31:17,358 DEBUG   main [org.springframework.beans.factory.annotation.InjectionMetadata] Processing injected element of bean 'userRepositoryImpl': AutowiredFieldElement for private org.springframework.ldap.core.LdapTemplate gov.fema.adminportal.ldap.repository.UserRepositoryImpl.ldapTemplate
2016-02-04 08:31:17,368 DEBUG   main [org.springframework.beans.factory.support.DefaultListableBeanFactory] Creating shared instance of singleton bean 'ldapTemplate'
2016-02-04 08:31:17,368 DEBUG   main [org.springframework.beans.factory.support.DefaultListableBeanFactory] Creating instance of bean 'ldapTemplate'
2016-02-04 08:31:17,393 DEBUG   main [org.springframework.beans.factory.support.DefaultListableBeanFactory] Eagerly caching bean 'ldapTemplate' to allow for resolving potential circular references
2016-02-04 08:31:17,394 TRACE   main [org.springframework.beans.CachedIntrospectionResults] Getting BeanInfo for class [org.springframework.ldap.core.LdapTemplate]
2016-02-04 08:31:17,410 TRACE   main [org.springframework.beans.CachedIntrospectionResults] Caching PropertyDescriptors for class [org.springframework.ldap.core.LdapTemplate]
2016-02-04 08:31:17,410 TRACE   main [org.springframework.beans.CachedIntrospectionResults] Found bean property 'class' of type [java.lang.Class]
2016-02-04 08:31:17,411 TRACE   main [org.springframework.beans.CachedIntrospectionResults] Found bean property 'contextSource' of type [org.springframework.ldap.core.ContextSource]
2016-02-04 08:31:17,411 TRACE   main [org.springframework.beans.CachedIntrospectionResults] Found bean property 'defaultCountLimit' of type [int]
2016-02-04 08:31:17,411 TRACE   main [org.springframework.beans.CachedIntrospectionResults] Found bean property 'defaultSearchScope' of type [int]
2016-02-04 08:31:17,411 TRACE   main [org.springframework.beans.CachedIntrospectionResults] Found bean property 'defaultTimeLimit' of type [int]
2016-02-04 08:31:17,412 TRACE   main [org.springframework.beans.CachedIntrospectionResults] Found bean property 'ignoreNameNotFoundException' of type [boolean]
2016-02-04 08:31:17,412 TRACE   main [org.springframework.beans.CachedIntrospectionResults] Found bean property 'ignorePartialResultException' of type [boolean]
2016-02-04 08:31:17,412 TRACE   main [org.springframework.beans.CachedIntrospectionResults] Found bean property 'ignoreSizeLimitExceededException' of type [boolean]
2016-02-04 08:31:17,412 TRACE   main [org.springframework.beans.CachedIntrospectionResults] Found bean property 'objectDirectoryMapper' of type [org.springframework.ldap.odm.core.ObjectDirectoryMapper]
2016-02-04 08:31:17,414 DEBUG   main [org.springframework.beans.factory.support.DefaultListableBeanFactory] Creating shared instance of singleton bean 'contextSource'
2016-02-04 08:31:17,415 DEBUG   main [org.springframework.beans.factory.support.DefaultListableBeanFactory] Creating instance of bean 'contextSource'
2016-02-04 08:31:17,420 DEBUG   main [org.springframework.beans.factory.support.DefaultListableBeanFactory] Creating instance of bean '(inner bean)#215eaa28'
2016-02-04 08:31:17,441 TRACE   main [org.springframework.beans.CachedIntrospectionResults] Getting BeanInfo for class [org.springframework.ldap.core.support.LdapContextSource]
2016-02-04 08:31:17,449 TRACE   main [org.springframework.beans.CachedIntrospectionResults] Caching PropertyDescriptors for class [org.springframework.ldap.core.support.LdapContextSource]
2016-02-04 08:31:17,450 TRACE   main [org.springframework.beans.CachedIntrospectionResults] Found bean property 'anonymousReadOnly' of type [boolean]
2016-02-04 08:31:17,450 TRACE   main [org.springframework.beans.CachedIntrospectionResults] Found bean property 'authenticationSource' of type [org.springframework.ldap.core.AuthenticationSource]
2016-02-04 08:31:17,450 TRACE   main [org.springframework.beans.CachedIntrospectionResults] Found bean property 'authenticationStrategy' of type [org.springframework.ldap.core.support.DirContextAuthenticationStrategy]
2016-02-04 08:31:17,450 TRACE   main [org.springframework.beans.CachedIntrospectionResults] Found bean property 'base' of type [java.lang.String]
2016-02-04 08:31:17,450 TRACE   main [org.springframework.beans.CachedIntrospectionResults] Found bean property 'baseEnvironmentProperties' of type [java.util.Map]
2016-02-04 08:31:17,451 TRACE   main [org.springframework.beans.CachedIntrospectionResults] Found bean property 'baseLdapName' of type [javax.naming.ldap.LdapName]
2016-02-04 08:31:17,451 TRACE   main [org.springframework.beans.CachedIntrospectionResults] Found bean property 'baseLdapPath' of type [org.springframework.ldap.core.DistinguishedName]
2016-02-04 08:31:17,451 TRACE   main [org.springframework.beans.CachedIntrospectionResults] Found bean property 'baseLdapPathAsString' of type [java.lang.String]
2016-02-04 08:31:17,451 TRACE   main [org.springframework.beans.CachedIntrospectionResults] Found bean property 'cacheEnvironmentProperties' of type [boolean]
2016-02-04 08:31:17,451 TRACE   main [org.springframework.beans.CachedIntrospectionResults] Found bean property 'class' of type [java.lang.Class]
2016-02-04 08:31:17,452 TRACE   main [org.springframework.beans.CachedIntrospectionResults] Found bean property 'contextFactory' of type [java.lang.Class]
2016-02-04 08:31:17,452 TRACE   main [org.springframework.beans.CachedIntrospectionResults] Found bean property 'dirObjectFactory' of type [java.lang.Class]
2016-02-04 08:31:17,453 TRACE   main [org.springframework.beans.CachedIntrospectionResults] Found bean property 'password' of type [java.lang.String]
2016-02-04 08:31:17,453 TRACE   main [org.springframework.beans.CachedIntrospectionResults] Found bean property 'pooled' of type [boolean]
2016-02-04 08:31:17,453 TRACE   main [org.springframework.beans.CachedIntrospectionResults] Found bean property 'readOnlyContext' of type [javax.naming.directory.DirContext]
2016-02-04 08:31:17,453 TRACE   main [org.springframework.beans.CachedIntrospectionResults] Found bean property 'readWriteContext' of type [javax.naming.directory.DirContext]
2016-02-04 08:31:17,453 TRACE   main [org.springframework.beans.CachedIntrospectionResults] Found bean property 'referral' of type [java.lang.String]
2016-02-04 08:31:17,454 TRACE   main [org.springframework.beans.CachedIntrospectionResults] Found bean property 'url' of type [java.lang.String]
2016-02-04 08:31:17,454 TRACE   main [org.springframework.beans.CachedIntrospectionResults] Found bean property 'urls' of type [[Ljava.lang.String;]
2016-02-04 08:31:17,454 TRACE   main [org.springframework.beans.CachedIntrospectionResults] Found bean property 'userDn' of type [java.lang.String]
2016-02-04 08:31:17,463 DEBUG   main [org.springframework.beans.factory.support.DefaultListableBeanFactory] Creating instance of bean '(inner bean)#296e8472'
2016-02-04 08:31:17,468 TRACE   main [org.springframework.beans.CachedIntrospectionResults] Getting BeanInfo for class [[Ljava.lang.String;]
2016-02-04 08:31:17,468 TRACE   main [org.springframework.beans.CachedIntrospectionResults] Caching PropertyDescriptors for class [[Ljava.lang.String;]
2016-02-04 08:31:17,469 TRACE   main [org.springframework.beans.CachedIntrospectionResults] Found bean property 'class' of type [java.lang.Class]
2016-02-04 08:31:17,469 DEBUG   main [org.springframework.beans.factory.support.DefaultListableBeanFactory] Finished creating instance of bean '(inner bean)#296e8472'
2016-02-04 08:31:17,470 DEBUG   main [org.springframework.beans.factory.support.DefaultListableBeanFactory] Creating shared instance of singleton bean 'simpleDirContextAuthenticationStrategy'
2016-02-04 08:31:17,470 DEBUG   main [org.springframework.beans.factory.support.DefaultListableBeanFactory] Creating instance of bean 'simpleDirContextAuthenticationStrategy'
2016-02-04 08:31:17,471 DEBUG   main [org.springframework.beans.factory.support.DefaultListableBeanFactory] Eagerly caching bean 'simpleDirContextAuthenticationStrategy' to allow for resolving potential circular references
2016-02-04 08:31:17,471 TRACE   main [org.springframework.beans.CachedIntrospectionResults] Getting BeanInfo for class [org.springframework.ldap.core.support.SimpleDirContextAuthenticationStrategy]
2016-02-04 08:31:17,475 TRACE   main [org.springframework.beans.CachedIntrospectionResults] Caching PropertyDescriptors for class [org.springframework.ldap.core.support.SimpleDirContextAuthenticationStrategy]
2016-02-04 08:31:17,475 TRACE   main [org.springframework.beans.CachedIntrospectionResults] Found bean property 'class' of type [java.lang.Class]
2016-02-04 08:31:17,475 DEBUG   main [org.springframework.beans.factory.support.DefaultListableBeanFactory] Finished creating instance of bean 'simpleDirContextAuthenticationStrategy'
2016-02-04 08:31:17,477 DEBUG   main [org.springframework.beans.factory.support.DefaultListableBeanFactory] Invoking afterPropertiesSet() on bean with name '(inner bean)#215eaa28'
2016-02-04 08:31:17,481 DEBUG   main [org.springframework.beans.factory.support.DefaultListableBeanFactory] Finished creating instance of bean '(inner bean)#215eaa28'
2016-02-04 08:31:17,483 DEBUG   main [org.springframework.beans.factory.support.DefaultListableBeanFactory] Eagerly caching bean 'contextSource' to allow for resolving potential circular references
2016-02-04 08:31:17,483 TRACE   main [org.springframework.beans.CachedIntrospectionResults] Getting BeanInfo for class [org.springframework.ldap.transaction.compensating.manager.TransactionAwareContextSourceProxy]
2016-02-04 08:31:17,487 TRACE   main [org.springframework.beans.CachedIntrospectionResults] Caching PropertyDescriptors for class [org.springframework.ldap.transaction.compensating.manager.TransactionAwareContextSourceProxy]
2016-02-04 08:31:17,487 TRACE   main [org.springframework.beans.CachedIntrospectionResults] Found bean property 'baseLdapName' of type [javax.naming.ldap.LdapName]
2016-02-04 08:31:17,487 TRACE   main [org.springframework.beans.CachedIntrospectionResults] Found bean property 'baseLdapPath' of type [org.springframework.ldap.core.DistinguishedName]
2016-02-04 08:31:17,488 TRACE   main [org.springframework.beans.CachedIntrospectionResults] Found bean property 'baseLdapPathAsString' of type [java.lang.String]
2016-02-04 08:31:17,488 TRACE   main [org.springframework.beans.CachedIntrospectionResults] Found bean property 'class' of type [java.lang.Class]
2016-02-04 08:31:17,488 TRACE   main [org.springframework.beans.CachedIntrospectionResults] Found bean property 'readOnlyContext' of type [javax.naming.directory.DirContext]
2016-02-04 08:31:17,488 TRACE   main [org.springframework.beans.CachedIntrospectionResults] Found bean property 'readWriteContext' of type [javax.naming.directory.DirContext]
2016-02-04 08:31:17,488 TRACE   main [org.springframework.beans.CachedIntrospectionResults] Found bean property 'target' of type [org.springframework.ldap.core.ContextSource]
2016-02-04 08:31:17,488 DEBUG   main [org.springframework.beans.factory.support.DefaultListableBeanFactory] Finished creating instance of bean 'contextSource'
2016-02-04 08:31:17,490 DEBUG   main [org.springframework.beans.factory.support.DefaultListableBeanFactory] Invoking afterPropertiesSet() on bean with name 'ldapTemplate'
2016-02-04 08:31:17,491 DEBUG   main [org.springframework.beans.factory.support.DefaultListableBeanFactory] Finished creating instance of bean 'ldapTemplate'
2016-02-04 08:31:17,491 DEBUG   main [org.springframework.beans.factory.annotation.AutowiredAnnotationBeanPostProcessor] Autowiring by type from bean name 'userRepositoryImpl' to bean named 'ldapTemplate'
2016-02-04 08:31:17,491 DEBUG   main [org.springframework.beans.factory.support.DefaultListableBeanFactory] Finished creating instance of bean 'userRepositoryImpl'
2016-02-04 08:31:17,492 DEBUG   main [org.springframework.beans.factory.support.DefaultListableBeanFactory] Returning cached instance of singleton bean 'org.springframework.context.annotation.internalConfigurationAnnotationProcessor'
2016-02-04 08:31:17,492 DEBUG   main [org.springframework.beans.factory.support.DefaultListableBeanFactory] Returning cached instance of singleton bean 'org.springframework.context.annotation.internalAutowiredAnnotationProcessor'
2016-02-04 08:31:17,492 DEBUG   main [org.springframework.beans.factory.support.DefaultListableBeanFactory] Returning cached instance of singleton bean 'org.springframework.context.annotation.internalRequiredAnnotationProcessor'
2016-02-04 08:31:17,492 DEBUG   main [org.springframework.beans.factory.support.DefaultListableBeanFactory] Returning cached instance of singleton bean 'org.springframework.context.annotation.internalCommonAnnotationProcessor'
2016-02-04 08:31:17,492 DEBUG   main [org.springframework.beans.factory.support.DefaultListableBeanFactory] Returning cached instance of singleton bean 'simpleDirContextAuthenticationStrategy'
2016-02-04 08:31:17,492 DEBUG   main [org.springframework.beans.factory.support.DefaultListableBeanFactory] Creating shared instance of singleton bean 'userReposImpl'
2016-02-04 08:31:17,492 DEBUG   main [org.springframework.beans.factory.support.DefaultListableBeanFactory] Creating instance of bean 'userReposImpl'
2016-02-04 08:31:17,493 DEBUG   main [org.springframework.beans.factory.annotation.InjectionMetadata] Registered injected element on class [gov.fema.adminportal.ldap.repository.UserRepositoryImpl]: AutowiredFieldElement for private org.springframework.ldap.core.LdapTemplate gov.fema.adminportal.ldap.repository.UserRepositoryImpl.ldapTemplate
2016-02-04 08:31:17,493 DEBUG   main [org.springframework.beans.factory.support.DefaultListableBeanFactory] Eagerly caching bean 'userReposImpl' to allow for resolving potential circular references
2016-02-04 08:31:17,493 DEBUG   main [org.springframework.beans.factory.annotation.InjectionMetadata] Processing injected element of bean 'userReposImpl': AutowiredFieldElement for private org.springframework.ldap.core.LdapTemplate gov.fema.adminportal.ldap.repository.UserRepositoryImpl.ldapTemplate
2016-02-04 08:31:17,493 DEBUG   main [org.springframework.beans.factory.support.DefaultListableBeanFactory] Returning cached instance of singleton bean 'ldapTemplate'
2016-02-04 08:31:17,493 DEBUG   main [org.springframework.beans.factory.annotation.AutowiredAnnotationBeanPostProcessor] Autowiring by type from bean name 'userReposImpl' to bean named 'ldapTemplate'
2016-02-04 08:31:17,494 DEBUG   main [org.springframework.beans.factory.support.DefaultListableBeanFactory] Finished creating instance of bean 'userReposImpl'
2016-02-04 08:31:17,494 DEBUG   main [org.springframework.beans.factory.support.DefaultListableBeanFactory] Returning cached instance of singleton bean 'contextSource'
2016-02-04 08:31:17,494 DEBUG   main [org.springframework.beans.factory.support.DefaultListableBeanFactory] Returning cached instance of singleton bean 'ldapTemplate'
2016-02-04 08:31:17,494 DEBUG   main [org.springframework.beans.factory.support.DefaultListableBeanFactory] Returning cached instance of singleton bean 'org.springframework.context.annotation.ConfigurationClassPostProcessor.importAwareProcessor'
2016-02-04 08:31:17,494 DEBUG   main [org.springframework.beans.factory.support.DefaultListableBeanFactory] Returning cached instance of singleton bean 'org.springframework.context.annotation.ConfigurationClassPostProcessor.enhancedConfigurationProcessor'
2016-02-04 08:31:17,496 DEBUG   main [org.springframework.context.support.ClassPathXmlApplicationContext] Unable to locate LifecycleProcessor with name 'lifecycleProcessor': using default [org.springframework.context.support.DefaultLifecycleProcessor@3dcde370]
2016-02-04 08:31:17,496 DEBUG   main [org.springframework.beans.factory.support.DefaultListableBeanFactory] Returning cached instance of singleton bean 'lifecycleProcessor'
2016-02-04 08:31:17,496 TRACE   main [org.springframework.context.support.ClassPathXmlApplicationContext] Publishing event in org.springframework.context.support.ClassPathXmlApplicationContext@6ed6ee82: org.springframework.context.event.ContextRefreshedEvent[source=org.springframework.context.support.ClassPathXmlApplicationContext@6ed6ee82: startup date [Thu Feb 04 08:31:16 EST 2016]; root of context hierarchy]
2016-02-04 08:31:17,499 TRACE   main [org.springframework.core.env.PropertySourcesPropertyResolver] getProperty("spring.liveBeansView.mbeanDomain", String)
2016-02-04 08:31:17,499 DEBUG   main [org.springframework.core.env.PropertySourcesPropertyResolver] Searching for key 'spring.liveBeansView.mbeanDomain' in [systemProperties]
2016-02-04 08:31:17,499 DEBUG   main [org.springframework.core.env.PropertySourcesPropertyResolver] Searching for key 'spring.liveBeansView.mbeanDomain' in [systemEnvironment]
2016-02-04 08:31:17,499 DEBUG   main [org.springframework.core.env.PropertySourcesPropertyResolver] Could not find key 'spring.liveBeansView.mbeanDomain' in any property source. Returning [null]
2016-02-04 08:31:17,499 INFO   main [gov.fema.adminportal.ldap.app.LdapApp] Test started at Thu Feb 04 08:31:16 EST 2016
2016-02-04 08:31:17,500 DEBUG   main [org.springframework.beans.factory.support.DefaultListableBeanFactory] Returning cached instance of singleton bean 'userReposImpl'
2016-02-04 08:31:17,500 INFO   main [gov.fema.adminportal.ldap.repository.UserRepositoryImpl] executing {createUser}
2016-02-04 08:33:03,842 DEBUG   main [org.springframework.core.env.StandardEnvironment] Adding [systemProperties] PropertySource with lowest search precedence
2016-02-04 08:33:03,846 DEBUG   main [org.springframework.core.env.StandardEnvironment] Adding [systemEnvironment] PropertySource with lowest search precedence
2016-02-04 08:33:03,847 DEBUG   main [org.springframework.core.env.StandardEnvironment] Initialized StandardEnvironment with PropertySources [systemProperties,systemEnvironment]
2016-02-04 08:33:03,852 INFO   main [org.springframework.context.support.ClassPathXmlApplicationContext] Refreshing org.springframework.context.support.ClassPathXmlApplicationContext@450faed3: startup date [Thu Feb 04 08:33:03 EST 2016]; root of context hierarchy
2016-02-04 08:33:03,886 DEBUG   main [org.springframework.core.env.StandardEnvironment] Adding [systemProperties] PropertySource with lowest search precedence
2016-02-04 08:33:03,886 DEBUG   main [org.springframework.core.env.StandardEnvironment] Adding [systemEnvironment] PropertySource with lowest search precedence
2016-02-04 08:33:03,886 DEBUG   main [org.springframework.core.env.StandardEnvironment] Initialized StandardEnvironment with PropertySources [systemProperties,systemEnvironment]
2016-02-04 08:33:03,900 INFO   main [org.springframework.beans.factory.xml.XmlBeanDefinitionReader] Loading XML bean definitions from class path resource [spring-ldap-example.xml]
2016-02-04 08:33:03,903 DEBUG   main [org.springframework.beans.factory.xml.DefaultDocumentLoader] Using JAXP provider [com.sun.org.apache.xerces.internal.jaxp.DocumentBuilderFactoryImpl]
2016-02-04 08:33:03,924 TRACE   main [org.springframework.beans.factory.xml.PluggableSchemaResolver] Trying to resolve XML entity with public id [null] and system id [http://www.springframework.org/schema/beans/spring-beans.xsd]
2016-02-04 08:33:03,925 DEBUG   main [org.springframework.beans.factory.xml.PluggableSchemaResolver] Loading schema mappings from [META-INF/spring.schemas]
2016-02-04 08:33:03,936 DEBUG   main [org.springframework.beans.factory.xml.PluggableSchemaResolver] Loaded schema mappings: {http://www.springframework.org/schema/tx/spring-tx-2.5.xsd=org/springframework/transaction/config/spring-tx-2.5.xsd, http://www.springframework.org/schema/cache/spring-cache-4.2.xsd=org/springframework/cache/config/spring-cache-4.2.xsd, http://www.springframework.org/schema/aop/spring-aop-4.1.xsd=org/springframework/aop/config/spring-aop-4.1.xsd, http://www.springframework.org/schema/context/spring-context-3.1.xsd=org/springframework/context/config/spring-context-3.1.xsd, http://www.springframework.org/schema/data/repository/spring-repository-1.4.xsd=org/springframework/data/repository/config/spring-repository-1.4.xsd, http://www.springframework.org/schema/util/spring-util-3.0.xsd=org/springframework/beans/factory/xml/spring-util-3.0.xsd, http://www.springframework.org/schema/tool/spring-tool.xsd=org/springframework/beans/factory/xml/spring-tool-4.2.xsd, http://www.springframework.org/schema/aop/spring-aop-3.2.xsd=org/springframework/aop/config/spring-aop-3.2.xsd, http://www.springframework.org/schema/lang/spring-lang-4.1.xsd=org/springframework/scripting/config/spring-lang-4.1.xsd, http://www.springframework.org/schema/context/spring-context-4.0.xsd=org/springframework/context/config/spring-context-4.0.xsd, http://www.springframework.org/schema/beans/spring-beans-4.2.xsd=org/springframework/beans/factory/xml/spring-beans-4.2.xsd, http://www.springframework.org/schema/tool/spring-tool-4.1.xsd=org/springframework/beans/factory/xml/spring-tool-4.1.xsd, http://www.springframework.org/schema/lang/spring-lang-3.2.xsd=org/springframework/scripting/config/spring-lang-3.2.xsd, http://www.springframework.org/schema/cache/spring-cache-3.2.xsd=org/springframework/cache/config/spring-cache-3.2.xsd, http://www.springframework.org/schema/jee/spring-jee-4.1.xsd=org/springframework/ejb/config/spring-jee-4.1.xsd, http://www.springframework.org/schema/task/spring-task-4.2.xsd=org/springframework/scheduling/config/spring-task-4.2.xsd, http://www.springframework.org/schema/util/spring-util-2.0.xsd=org/springframework/beans/factory/xml/spring-util-2.0.xsd, http://www.springframework.org/schema/tool/spring-tool-3.2.xsd=org/springframework/beans/factory/xml/spring-tool-3.2.xsd, http://www.springframework.org/schema/context/spring-context.xsd=org/springframework/context/config/spring-context-4.2.xsd, http://www.springframework.org/schema/tx/spring-tx-4.2.xsd=org/springframework/transaction/config/spring-tx-4.2.xsd, http://www.springframework.org/schema/cache/spring-cache-4.1.xsd=org/springframework/cache/config/spring-cache-4.1.xsd, http://www.springframework.org/schema/aop/spring-aop-4.0.xsd=org/springframework/aop/config/spring-aop-4.0.xsd, http://www.springframework.org/schema/jee/spring-jee-3.2.xsd=org/springframework/ejb/config/spring-jee-3.2.xsd, http://www.springframework.org/schema/context/spring-context-3.0.xsd=org/springframework/context/config/spring-context-3.0.xsd, http://www.springframework.org/schema/util/spring-util-2.5.xsd=org/springframework/beans/factory/xml/spring-util-2.5.xsd, http://www.springframework.org/schema/beans/spring-beans-3.2.xsd=org/springframework/beans/factory/xml/spring-beans-3.2.xsd, http://www.springframework.org/schema/aop/spring-aop-3.1.xsd=org/springframework/aop/config/spring-aop-3.1.xsd, http://www.springframework.org/schema/ldap/spring-ldap-2.0.xsd=org/springframework/ldap/config/spring-ldap-2.0.xsd, http://www.springframework.org/schema/lang/spring-lang-4.0.xsd=org/springframework/scripting/config/spring-lang-4.0.xsd, http://www.springframework.org/schema/beans/spring-beans-4.1.xsd=org/springframework/beans/factory/xml/spring-beans-4.1.xsd, http://www.springframework.org/schema/tool/spring-tool-4.0.xsd=org/springframework/beans/factory/xml/spring-tool-4.0.xsd, http://www.springframework.org/schema/tx/spring-tx-3.2.xsd=org/springframework/transaction/config/spring-tx-3.2.xsd, http://www.springframework.org/schema/lang/spring-lang-3.1.xsd=org/springframework/scripting/config/spring-lang-3.1.xsd, http://www.springframework.org/schema/cache/spring-cache-3.1.xsd=org/springframework/cache/config/spring-cache-3.1.xsd, http://www.springframework.org/schema/jee/spring-jee-4.0.xsd=org/springframework/ejb/config/spring-jee-4.0.xsd, http://www.springframework.org/schema/task/spring-task-4.1.xsd=org/springframework/scheduling/config/spring-task-4.1.xsd, http://www.springframework.org/schema/tool/spring-tool-3.1.xsd=org/springframework/beans/factory/xml/spring-tool-3.1.xsd, http://www.springframework.org/schema/tx/spring-tx-4.1.xsd=org/springframework/transaction/config/spring-tx-4.1.xsd, http://www.springframework.org/schema/cache/spring-cache-4.0.xsd=org/springframework/cache/config/spring-cache-4.0.xsd, http://www.springframework.org/schema/jee/spring-jee-3.1.xsd=org/springframework/ejb/config/spring-jee-3.1.xsd, http://www.springframework.org/schema/task/spring-task-3.2.xsd=org/springframework/scheduling/config/spring-task-3.2.xsd, http://www.springframework.org/schema/util/spring-util-4.2.xsd=org/springframework/beans/factory/xml/spring-util-4.2.xsd, http://www.springframework.org/schema/beans/spring-beans-3.1.xsd=org/springframework/beans/factory/xml/spring-beans-3.1.xsd, http://www.springframework.org/schema/util/spring-util.xsd=org/springframework/beans/factory/xml/spring-util-4.2.xsd, http://www.springframework.org/schema/aop/spring-aop-3.0.xsd=org/springframework/aop/config/spring-aop-3.0.xsd, http://www.springframework.org/schema/data/repository/spring-repository.xsd=org/springframework/data/repository/config/spring-repository-1.7.xsd, http://www.springframework.org/schema/data/repository/spring-repository-1.7.xsd=org/springframework/data/repository/config/spring-repository-1.7.xsd, http://www.springframework.org/schema/ldap/spring-ldap.xsd=org/springframework/ldap/config/spring-ldap-2.0.xsd, http://www.springframework.org/schema/beans/spring-beans-4.0.xsd=org/springframework/beans/factory/xml/spring-beans-4.0.xsd, http://www.springframework.org/schema/beans/spring-beans.xsd=org/springframework/beans/factory/xml/spring-beans-4.2.xsd, http://www.springframework.org/schema/tx/spring-tx-3.1.xsd=org/springframework/transaction/config/spring-tx-3.1.xsd, http://www.springframework.org/schema/lang/spring-lang-3.0.xsd=org/springframework/scripting/config/spring-lang-3.0.xsd, http://www.springframework.org/schema/context/spring-context-2.5.xsd=org/springframework/context/config/spring-context-2.5.xsd, http://www.springframework.org/schema/task/spring-task-4.0.xsd=org/springframework/scheduling/config/spring-task-4.0.xsd, http://www.springframework.org/schema/tool/spring-tool-3.0.xsd=org/springframework/beans/factory/xml/spring-tool-3.0.xsd, http://www.springframework.org/schema/tx/spring-tx-4.0.xsd=org/springframework/transaction/config/spring-tx-4.0.xsd, http://www.springframework.org/schema/aop/spring-aop-2.0.xsd=org/springframework/aop/config/spring-aop-2.0.xsd, http://www.springframework.org/schema/jee/spring-jee-3.0.xsd=org/springframework/ejb/config/spring-jee-3.0.xsd, http://www.springframework.org/schema/util/spring-util-4.1.xsd=org/springframework/beans/factory/xml/spring-util-4.1.xsd, http://www.springframework.org/schema/task/spring-task-3.1.xsd=org/springframework/scheduling/config/spring-task-3.1.xsd, http://www.springframework.org/schema/beans/spring-beans-3.0.xsd=org/springframework/beans/factory/xml/spring-beans-3.0.xsd, http://www.springframework.org/schema/jee/spring-jee.xsd=org/springframework/ejb/config/spring-jee-4.2.xsd, http://www.springframework.org/schema/aop/spring-aop-2.5.xsd=org/springframework/aop/config/spring-aop-2.5.xsd, http://www.springframework.org/schema/lang/spring-lang-2.0.xsd=org/springframework/scripting/config/spring-lang-2.0.xsd, http://www.springframework.org/schema/data/repository/spring-repository-1.6.xsd=org/springframework/data/repository/config/spring-repository-1.6.xsd, http://www.springframework.org/schema/util/spring-util-3.2.xsd=org/springframework/beans/factory/xml/spring-util-3.2.xsd, http://www.springframework.org/schema/task/spring-task.xsd=org/springframework/scheduling/config/spring-task-4.2.xsd, http://www.springframework.org/schema/tool/spring-tool-2.0.xsd=org/springframework/beans/factory/xml/spring-tool-2.0.xsd, http://www.springframework.org/schema/tx/spring-tx-3.0.xsd=org/springframework/transaction/config/spring-tx-3.0.xsd, http://www.springframework.org/schema/lang/spring-lang-2.5.xsd=org/springframework/scripting/config/spring-lang-2.5.xsd, http://www.springframework.org/schema/context/spring-context-4.2.xsd=org/springframework/context/config/spring-context-4.2.xsd, http://www.springframework.org/schema/jee/spring-jee-2.0.xsd=org/springframework/ejb/config/spring-jee-2.0.xsd, http://www.springframework.org/schema/tool/spring-tool-2.5.xsd=org/springframework/beans/factory/xml/spring-tool-2.5.xsd, http://www.springframework.org/schema/jee/spring-jee-2.5.xsd=org/springframework/ejb/config/spring-jee-2.5.xsd, http://www.springframework.org/schema/data/repository/spring-repository-1.0.xsd=org/springframework/data/repository/config/spring-repository-1.0.xsd, http://www.springframework.org/schema/util/spring-util-4.0.xsd=org/springframework/beans/factory/xml/spring-util-4.0.xsd, http://www.springframework.org/schema/task/spring-task-3.0.xsd=org/springframework/scheduling/config/spring-task-3.0.xsd, http://www.springframework.org/schema/aop/spring-aop-4.2.xsd=org/springframework/aop/config/spring-aop-4.2.xsd, http://www.springframework.org/schema/lang/spring-lang.xsd=org/springframework/scripting/config/spring-lang-4.2.xsd, http://www.springframework.org/schema/context/spring-context-3.2.xsd=org/springframework/context/config/spring-context-3.2.xsd, http://www.springframework.org/schema/data/repository/spring-repository-1.5.xsd=org/springframework/data/repository/config/spring-repository-1.5.xsd, http://www.springframework.org/schema/util/spring-util-3.1.xsd=org/springframework/beans/factory/xml/spring-util-3.1.xsd, http://www.springframework.org/schema/beans/spring-beans-2.0.xsd=org/springframework/beans/factory/xml/spring-beans-2.0.xsd, http://www.springframework.org/schema/cache/spring-cache.xsd=org/springframework/cache/config/spring-cache-4.2.xsd, http://www.springframework.org/schema/tx/spring-tx.xsd=org/springframework/transaction/config/spring-tx-4.2.xsd, http://www.springframework.org/schema/lang/spring-lang-4.2.xsd=org/springframework/scripting/config/spring-lang-4.2.xsd, http://www.springframework.org/schema/context/spring-context-4.1.xsd=org/springframework/context/config/spring-context-4.1.xsd, http://www.springframework.org/schema/beans/spring-beans-2.5.xsd=org/springframework/beans/factory/xml/spring-beans-2.5.xsd, http://www.springframework.org/schema/tool/spring-tool-4.2.xsd=org/springframework/beans/factory/xml/spring-tool-4.2.xsd, http://www.springframework.org/schema/tx/spring-tx-2.0.xsd=org/springframework/transaction/config/spring-tx-2.0.xsd, http://www.springframework.org/schema/jee/spring-jee-4.2.xsd=org/springframework/ejb/config/spring-jee-4.2.xsd, http://www.springframework.org/schema/aop/spring-aop.xsd=org/springframework/aop/config/spring-aop-4.2.xsd}
2016-02-04 08:33:03,942 DEBUG   main [org.springframework.beans.factory.xml.PluggableSchemaResolver] Found XML schema [http://www.springframework.org/schema/beans/spring-beans.xsd] in classpath: org/springframework/beans/factory/xml/spring-beans-4.2.xsd
2016-02-04 08:33:04,004 TRACE   main [org.springframework.beans.factory.xml.PluggableSchemaResolver] Trying to resolve XML entity with public id [null] and system id [http://www.springframework.org/schema/context/spring-context.xsd]
2016-02-04 08:33:04,005 DEBUG   main [org.springframework.beans.factory.xml.PluggableSchemaResolver] Found XML schema [http://www.springframework.org/schema/context/spring-context.xsd] in classpath: org/springframework/context/config/spring-context-4.2.xsd
2016-02-04 08:33:04,016 TRACE   main [org.springframework.beans.factory.xml.PluggableSchemaResolver] Trying to resolve XML entity with public id [null] and system id [http://www.springframework.org/schema/tool/spring-tool-4.2.xsd]
2016-02-04 08:33:04,017 DEBUG   main [org.springframework.beans.factory.xml.PluggableSchemaResolver] Found XML schema [http://www.springframework.org/schema/tool/spring-tool-4.2.xsd] in classpath: org/springframework/beans/factory/xml/spring-tool-4.2.xsd
2016-02-04 08:33:04,026 TRACE   main [org.springframework.beans.factory.xml.PluggableSchemaResolver] Trying to resolve XML entity with public id [null] and system id [http://www.springframework.org/schema/ldap/spring-ldap.xsd]
2016-02-04 08:33:04,027 DEBUG   main [org.springframework.beans.factory.xml.PluggableSchemaResolver] Found XML schema [http://www.springframework.org/schema/ldap/spring-ldap.xsd] in classpath: org/springframework/ldap/config/spring-ldap-2.0.xsd
2016-02-04 08:33:04,038 TRACE   main [org.springframework.beans.factory.xml.PluggableSchemaResolver] Trying to resolve XML entity with public id [null] and system id [http://www.springframework.org/schema/data/repository/spring-repository.xsd]
2016-02-04 08:33:04,039 DEBUG   main [org.springframework.beans.factory.xml.PluggableSchemaResolver] Found XML schema [http://www.springframework.org/schema/data/repository/spring-repository.xsd] in classpath: org/springframework/data/repository/config/spring-repository-1.7.xsd
2016-02-04 08:33:04,057 DEBUG   main [org.springframework.beans.factory.xml.DefaultBeanDefinitionDocumentReader] Loading bean definitions
2016-02-04 08:33:04,071 DEBUG   main [org.springframework.beans.factory.xml.DefaultNamespaceHandlerResolver] Loaded NamespaceHandler mappings: {http://www.springframework.org/schema/p=org.springframework.beans.factory.xml.SimplePropertyNamespaceHandler, http://www.springframework.org/schema/util=org.springframework.beans.factory.xml.UtilNamespaceHandler, http://www.springframework.org/schema/jee=org.springframework.ejb.config.JeeNamespaceHandler, http://www.springframework.org/schema/aop=org.springframework.aop.config.AopNamespaceHandler, http://www.springframework.org/schema/data/repository=org.springframework.data.repository.config.RepositoryNameSpaceHandler, http://www.springframework.org/schema/cache=org.springframework.cache.config.CacheNamespaceHandler, http://www.springframework.org/schema/c=org.springframework.beans.factory.xml.SimpleConstructorNamespaceHandler, http://www.springframework.org/schema/ldap=org.springframework.ldap.config.LdapNamespaceHandler, http://www.springframework.org/schema/tx=org.springframework.transaction.config.TxNamespaceHandler, http://www.springframework.org/schema/task=org.springframework.scheduling.config.TaskNamespaceHandler, http://www.springframework.org/schema/lang=org.springframework.scripting.config.LangNamespaceHandler, http://www.springframework.org/schema/context=org.springframework.context.config.ContextNamespaceHandler}
2016-02-04 08:33:04,087 DEBUG   main [org.springframework.core.env.StandardEnvironment] Adding [systemProperties] PropertySource with lowest search precedence
2016-02-04 08:33:04,087 DEBUG   main [org.springframework.core.env.StandardEnvironment] Adding [systemEnvironment] PropertySource with lowest search precedence
2016-02-04 08:33:04,088 DEBUG   main [org.springframework.core.env.StandardEnvironment] Initialized StandardEnvironment with PropertySources [systemProperties,systemEnvironment]
2016-02-04 08:33:04,106 DEBUG   main [org.springframework.core.io.support.PathMatchingResourcePatternResolver] Looking for matching resources in directory tree [C:\Eclipse\workspace\spring-ldap-example\bin\gov\fema\adminportal\ldap]
2016-02-04 08:33:04,106 DEBUG   main [org.springframework.core.io.support.PathMatchingResourcePatternResolver] Searching directory [C:\Eclipse\workspace\spring-ldap-example\bin\gov\fema\adminportal\ldap] for files matching pattern [C:/Eclipse/workspace/spring-ldap-example/bin/gov/fema/adminportal/ldap/**/*.class]
2016-02-04 08:33:04,108 DEBUG   main [org.springframework.core.io.support.PathMatchingResourcePatternResolver] Searching directory [C:\Eclipse\workspace\spring-ldap-example\bin\gov\fema\adminportal\ldap\app] for files matching pattern [C:/Eclipse/workspace/spring-ldap-example/bin/gov/fema/adminportal/ldap/**/*.class]
2016-02-04 08:33:04,109 DEBUG   main [org.springframework.core.io.support.PathMatchingResourcePatternResolver] Searching directory [C:\Eclipse\workspace\spring-ldap-example\bin\gov\fema\adminportal\ldap\model] for files matching pattern [C:/Eclipse/workspace/spring-ldap-example/bin/gov/fema/adminportal/ldap/**/*.class]
2016-02-04 08:33:04,109 DEBUG   main [org.springframework.core.io.support.PathMatchingResourcePatternResolver] Searching directory [C:\Eclipse\workspace\spring-ldap-example\bin\gov\fema\adminportal\ldap\repository] for files matching pattern [C:/Eclipse/workspace/spring-ldap-example/bin/gov/fema/adminportal/ldap/**/*.class]
2016-02-04 08:33:04,113 DEBUG   main [org.springframework.core.io.support.PathMatchingResourcePatternResolver] Resolved location pattern [classpath*:gov/fema/adminportal/ldap/**/*.class] to resources [file [C:\Eclipse\workspace\spring-ldap-example\bin\gov\fema\adminportal\ldap\app\LdapApp.class], file [C:\Eclipse\workspace\spring-ldap-example\bin\gov\fema\adminportal\ldap\model\User.class], file [C:\Eclipse\workspace\spring-ldap-example\bin\gov\fema\adminportal\ldap\repository\UserRepository.class], file [C:\Eclipse\workspace\spring-ldap-example\bin\gov\fema\adminportal\ldap\repository\UserRepositoryImpl$MultipleAttributesMapper.class], file [C:\Eclipse\workspace\spring-ldap-example\bin\gov\fema\adminportal\ldap\repository\UserRepositoryImpl$SingleAttributesMapper.class], file [C:\Eclipse\workspace\spring-ldap-example\bin\gov\fema\adminportal\ldap\repository\UserRepositoryImpl$UserAttributesMapper.class], file [C:\Eclipse\workspace\spring-ldap-example\bin\gov\fema\adminportal\ldap\repository\UserRepositoryImpl.class]]
2016-02-04 08:33:04,113 TRACE   main [org.springframework.context.annotation.ClassPathBeanDefinitionScanner] Scanning file [C:\Eclipse\workspace\spring-ldap-example\bin\gov\fema\adminportal\ldap\app\LdapApp.class]
2016-02-04 08:33:04,132 TRACE   main [org.springframework.context.annotation.ClassPathBeanDefinitionScanner] Ignored because not matching any filter: file [C:\Eclipse\workspace\spring-ldap-example\bin\gov\fema\adminportal\ldap\app\LdapApp.class]
2016-02-04 08:33:04,133 TRACE   main [org.springframework.context.annotation.ClassPathBeanDefinitionScanner] Scanning file [C:\Eclipse\workspace\spring-ldap-example\bin\gov\fema\adminportal\ldap\model\User.class]
2016-02-04 08:33:04,133 TRACE   main [org.springframework.context.annotation.ClassPathBeanDefinitionScanner] Ignored because not matching any filter: file [C:\Eclipse\workspace\spring-ldap-example\bin\gov\fema\adminportal\ldap\model\User.class]
2016-02-04 08:33:04,134 TRACE   main [org.springframework.context.annotation.ClassPathBeanDefinitionScanner] Scanning file [C:\Eclipse\workspace\spring-ldap-example\bin\gov\fema\adminportal\ldap\repository\UserRepository.class]
2016-02-04 08:33:04,134 TRACE   main [org.springframework.context.annotation.ClassPathBeanDefinitionScanner] Ignored because not matching any filter: file [C:\Eclipse\workspace\spring-ldap-example\bin\gov\fema\adminportal\ldap\repository\UserRepository.class]
2016-02-04 08:33:04,134 TRACE   main [org.springframework.context.annotation.ClassPathBeanDefinitionScanner] Scanning file [C:\Eclipse\workspace\spring-ldap-example\bin\gov\fema\adminportal\ldap\repository\UserRepositoryImpl$MultipleAttributesMapper.class]
2016-02-04 08:33:04,135 TRACE   main [org.springframework.context.annotation.ClassPathBeanDefinitionScanner] Ignored because not matching any filter: file [C:\Eclipse\workspace\spring-ldap-example\bin\gov\fema\adminportal\ldap\repository\UserRepositoryImpl$MultipleAttributesMapper.class]
2016-02-04 08:33:04,135 TRACE   main [org.springframework.context.annotation.ClassPathBeanDefinitionScanner] Scanning file [C:\Eclipse\workspace\spring-ldap-example\bin\gov\fema\adminportal\ldap\repository\UserRepositoryImpl$SingleAttributesMapper.class]
2016-02-04 08:33:04,136 TRACE   main [org.springframework.context.annotation.ClassPathBeanDefinitionScanner] Ignored because not matching any filter: file [C:\Eclipse\workspace\spring-ldap-example\bin\gov\fema\adminportal\ldap\repository\UserRepositoryImpl$SingleAttributesMapper.class]
2016-02-04 08:33:04,136 TRACE   main [org.springframework.context.annotation.ClassPathBeanDefinitionScanner] Scanning file [C:\Eclipse\workspace\spring-ldap-example\bin\gov\fema\adminportal\ldap\repository\UserRepositoryImpl$UserAttributesMapper.class]
2016-02-04 08:33:04,136 TRACE   main [org.springframework.context.annotation.ClassPathBeanDefinitionScanner] Ignored because not matching any filter: file [C:\Eclipse\workspace\spring-ldap-example\bin\gov\fema\adminportal\ldap\repository\UserRepositoryImpl$UserAttributesMapper.class]
2016-02-04 08:33:04,137 TRACE   main [org.springframework.context.annotation.ClassPathBeanDefinitionScanner] Scanning file [C:\Eclipse\workspace\spring-ldap-example\bin\gov\fema\adminportal\ldap\repository\UserRepositoryImpl.class]
2016-02-04 08:33:04,154 DEBUG   main [org.springframework.context.annotation.ClassPathBeanDefinitionScanner] Identified candidate component class: file [C:\Eclipse\workspace\spring-ldap-example\bin\gov\fema\adminportal\ldap\repository\UserRepositoryImpl.class]
2016-02-04 08:33:04,197 DEBUG   main [org.springframework.beans.factory.xml.XmlBeanDefinitionReader] Loaded 9 bean definitions from location pattern [spring-ldap-example.xml]
2016-02-04 08:33:04,197 DEBUG   main [org.springframework.context.support.ClassPathXmlApplicationContext] Bean factory for org.springframework.context.support.ClassPathXmlApplicationContext@450faed3: org.springframework.beans.factory.support.DefaultListableBeanFactory@734784c4: defining beans [userRepositoryImpl,org.springframework.context.annotation.internalConfigurationAnnotationProcessor,org.springframework.context.annotation.internalAutowiredAnnotationProcessor,org.springframework.context.annotation.internalRequiredAnnotationProcessor,org.springframework.context.annotation.internalCommonAnnotationProcessor,simpleDirContextAuthenticationStrategy,userReposImpl,contextSource,ldapTemplate]; root of factory hierarchy
2016-02-04 08:33:04,224 DEBUG   main [org.springframework.beans.factory.support.DefaultListableBeanFactory] Creating shared instance of singleton bean 'org.springframework.context.annotation.internalConfigurationAnnotationProcessor'
2016-02-04 08:33:04,224 DEBUG   main [org.springframework.beans.factory.support.DefaultListableBeanFactory] Creating instance of bean 'org.springframework.context.annotation.internalConfigurationAnnotationProcessor'
2016-02-04 08:33:04,239 DEBUG   main [org.springframework.beans.factory.support.DefaultListableBeanFactory] Eagerly caching bean 'org.springframework.context.annotation.internalConfigurationAnnotationProcessor' to allow for resolving potential circular references
2016-02-04 08:33:04,240 DEBUG   main [org.springframework.beans.factory.support.DefaultListableBeanFactory] Finished creating instance of bean 'org.springframework.context.annotation.internalConfigurationAnnotationProcessor'
2016-02-04 08:33:04,274 DEBUG   main [org.springframework.beans.factory.support.DefaultListableBeanFactory] Creating shared instance of singleton bean 'org.springframework.context.annotation.internalAutowiredAnnotationProcessor'
2016-02-04 08:33:04,275 DEBUG   main [org.springframework.beans.factory.support.DefaultListableBeanFactory] Creating instance of bean 'org.springframework.context.annotation.internalAutowiredAnnotationProcessor'
2016-02-04 08:33:04,276 DEBUG   main [org.springframework.beans.factory.support.DefaultListableBeanFactory] Eagerly caching bean 'org.springframework.context.annotation.internalAutowiredAnnotationProcessor' to allow for resolving potential circular references
2016-02-04 08:33:04,276 DEBUG   main [org.springframework.beans.factory.support.DefaultListableBeanFactory] Finished creating instance of bean 'org.springframework.context.annotation.internalAutowiredAnnotationProcessor'
2016-02-04 08:33:04,276 DEBUG   main [org.springframework.beans.factory.support.DefaultListableBeanFactory] Creating shared instance of singleton bean 'org.springframework.context.annotation.internalRequiredAnnotationProcessor'
2016-02-04 08:33:04,277 DEBUG   main [org.springframework.beans.factory.support.DefaultListableBeanFactory] Creating instance of bean 'org.springframework.context.annotation.internalRequiredAnnotationProcessor'
2016-02-04 08:33:04,278 DEBUG   main [org.springframework.beans.factory.support.DefaultListableBeanFactory] Eagerly caching bean 'org.springframework.context.annotation.internalRequiredAnnotationProcessor' to allow for resolving potential circular references
2016-02-04 08:33:04,278 DEBUG   main [org.springframework.beans.factory.support.DefaultListableBeanFactory] Finished creating instance of bean 'org.springframework.context.annotation.internalRequiredAnnotationProcessor'
2016-02-04 08:33:04,279 DEBUG   main [org.springframework.beans.factory.support.DefaultListableBeanFactory] Creating shared instance of singleton bean 'org.springframework.context.annotation.internalCommonAnnotationProcessor'
2016-02-04 08:33:04,279 DEBUG   main [org.springframework.beans.factory.support.DefaultListableBeanFactory] Creating instance of bean 'org.springframework.context.annotation.internalCommonAnnotationProcessor'
2016-02-04 08:33:04,286 DEBUG   main [org.springframework.beans.factory.support.DefaultListableBeanFactory] Eagerly caching bean 'org.springframework.context.annotation.internalCommonAnnotationProcessor' to allow for resolving potential circular references
2016-02-04 08:33:04,286 DEBUG   main [org.springframework.beans.factory.support.DefaultListableBeanFactory] Finished creating instance of bean 'org.springframework.context.annotation.internalCommonAnnotationProcessor'
2016-02-04 08:33:04,286 DEBUG   main [org.springframework.beans.factory.support.DefaultListableBeanFactory] Creating shared instance of singleton bean 'org.springframework.context.annotation.ConfigurationClassPostProcessor.importAwareProcessor'
2016-02-04 08:33:04,287 DEBUG   main [org.springframework.beans.factory.support.DefaultListableBeanFactory] Creating instance of bean 'org.springframework.context.annotation.ConfigurationClassPostProcessor.importAwareProcessor'
2016-02-04 08:33:04,287 DEBUG   main [org.springframework.beans.factory.support.DefaultListableBeanFactory] Eagerly caching bean 'org.springframework.context.annotation.ConfigurationClassPostProcessor.importAwareProcessor' to allow for resolving potential circular references
2016-02-04 08:33:04,287 DEBUG   main [org.springframework.beans.factory.support.DefaultListableBeanFactory] Finished creating instance of bean 'org.springframework.context.annotation.ConfigurationClassPostProcessor.importAwareProcessor'
2016-02-04 08:33:04,287 DEBUG   main [org.springframework.beans.factory.support.DefaultListableBeanFactory] Creating shared instance of singleton bean 'org.springframework.context.annotation.ConfigurationClassPostProcessor.enhancedConfigurationProcessor'
2016-02-04 08:33:04,288 DEBUG   main [org.springframework.beans.factory.support.DefaultListableBeanFactory] Creating instance of bean 'org.springframework.context.annotation.ConfigurationClassPostProcessor.enhancedConfigurationProcessor'
2016-02-04 08:33:04,288 DEBUG   main [org.springframework.beans.factory.support.DefaultListableBeanFactory] Eagerly caching bean 'org.springframework.context.annotation.ConfigurationClassPostProcessor.enhancedConfigurationProcessor' to allow for resolving potential circular references
2016-02-04 08:33:04,288 DEBUG   main [org.springframework.beans.factory.support.DefaultListableBeanFactory] Finished creating instance of bean 'org.springframework.context.annotation.ConfigurationClassPostProcessor.enhancedConfigurationProcessor'
2016-02-04 08:33:04,293 DEBUG   main [org.springframework.context.support.ClassPathXmlApplicationContext] Unable to locate MessageSource with name 'messageSource': using default [org.springframework.context.support.DelegatingMessageSource@423e8eb8]
2016-02-04 08:33:04,296 DEBUG   main [org.springframework.context.support.ClassPathXmlApplicationContext] Unable to locate ApplicationEventMulticaster with name 'applicationEventMulticaster': using default [org.springframework.context.event.SimpleApplicationEventMulticaster@2eaa00e4]
2016-02-04 08:33:04,298 DEBUG   main [org.springframework.beans.factory.support.DefaultListableBeanFactory] Pre-instantiating singletons in org.springframework.beans.factory.support.DefaultListableBeanFactory@734784c4: defining beans [userRepositoryImpl,org.springframework.context.annotation.internalConfigurationAnnotationProcessor,org.springframework.context.annotation.internalAutowiredAnnotationProcessor,org.springframework.context.annotation.internalRequiredAnnotationProcessor,org.springframework.context.annotation.internalCommonAnnotationProcessor,simpleDirContextAuthenticationStrategy,userReposImpl,contextSource,ldapTemplate,org.springframework.context.annotation.ConfigurationClassPostProcessor.importAwareProcessor,org.springframework.context.annotation.ConfigurationClassPostProcessor.enhancedConfigurationProcessor]; root of factory hierarchy
2016-02-04 08:33:04,299 DEBUG   main [org.springframework.beans.factory.support.DefaultListableBeanFactory] Creating shared instance of singleton bean 'userRepositoryImpl'
2016-02-04 08:33:04,299 DEBUG   main [org.springframework.beans.factory.support.DefaultListableBeanFactory] Creating instance of bean 'userRepositoryImpl'
2016-02-04 08:33:04,319 DEBUG   main [org.springframework.beans.factory.annotation.InjectionMetadata] Registered injected element on class [gov.fema.adminportal.ldap.repository.UserRepositoryImpl]: AutowiredFieldElement for private org.springframework.ldap.core.LdapTemplate gov.fema.adminportal.ldap.repository.UserRepositoryImpl.ldapTemplate
2016-02-04 08:33:04,320 DEBUG   main [org.springframework.beans.factory.support.DefaultListableBeanFactory] Eagerly caching bean 'userRepositoryImpl' to allow for resolving potential circular references
2016-02-04 08:33:04,325 TRACE   main [org.springframework.core.io.support.SpringFactoriesLoader] Loaded [org.springframework.beans.BeanInfoFactory] names: [org.springframework.beans.ExtendedBeanInfoFactory]
2016-02-04 08:33:04,327 TRACE   main [org.springframework.beans.CachedIntrospectionResults] Getting BeanInfo for class [gov.fema.adminportal.ldap.repository.UserRepositoryImpl]
2016-02-04 08:33:04,331 TRACE   main [org.springframework.beans.CachedIntrospectionResults] Caching PropertyDescriptors for class [gov.fema.adminportal.ldap.repository.UserRepositoryImpl]
2016-02-04 08:33:04,331 TRACE   main [org.springframework.beans.CachedIntrospectionResults] Found bean property 'allUserNames' of type [java.util.List]
2016-02-04 08:33:04,334 TRACE   main [org.springframework.beans.CachedIntrospectionResults] Found bean property 'allUsers' of type [java.util.List]
2016-02-04 08:33:04,334 TRACE   main [org.springframework.beans.CachedIntrospectionResults] Found bean property 'class' of type [java.lang.Class]
2016-02-04 08:33:04,338 DEBUG   main [org.springframework.beans.factory.annotation.InjectionMetadata] Processing injected element of bean 'userRepositoryImpl': AutowiredFieldElement for private org.springframework.ldap.core.LdapTemplate gov.fema.adminportal.ldap.repository.UserRepositoryImpl.ldapTemplate
2016-02-04 08:33:04,344 DEBUG   main [org.springframework.beans.factory.support.DefaultListableBeanFactory] Creating shared instance of singleton bean 'ldapTemplate'
2016-02-04 08:33:04,344 DEBUG   main [org.springframework.beans.factory.support.DefaultListableBeanFactory] Creating instance of bean 'ldapTemplate'
2016-02-04 08:33:04,369 DEBUG   main [org.springframework.beans.factory.support.DefaultListableBeanFactory] Eagerly caching bean 'ldapTemplate' to allow for resolving potential circular references
2016-02-04 08:33:04,369 TRACE   main [org.springframework.beans.CachedIntrospectionResults] Getting BeanInfo for class [org.springframework.ldap.core.LdapTemplate]
2016-02-04 08:33:04,381 TRACE   main [org.springframework.beans.CachedIntrospectionResults] Caching PropertyDescriptors for class [org.springframework.ldap.core.LdapTemplate]
2016-02-04 08:33:04,382 TRACE   main [org.springframework.beans.CachedIntrospectionResults] Found bean property 'class' of type [java.lang.Class]
2016-02-04 08:33:04,382 TRACE   main [org.springframework.beans.CachedIntrospectionResults] Found bean property 'contextSource' of type [org.springframework.ldap.core.ContextSource]
2016-02-04 08:33:04,382 TRACE   main [org.springframework.beans.CachedIntrospectionResults] Found bean property 'defaultCountLimit' of type [int]
2016-02-04 08:33:04,382 TRACE   main [org.springframework.beans.CachedIntrospectionResults] Found bean property 'defaultSearchScope' of type [int]
2016-02-04 08:33:04,382 TRACE   main [org.springframework.beans.CachedIntrospectionResults] Found bean property 'defaultTimeLimit' of type [int]
2016-02-04 08:33:04,382 TRACE   main [org.springframework.beans.CachedIntrospectionResults] Found bean property 'ignoreNameNotFoundException' of type [boolean]
2016-02-04 08:33:04,383 TRACE   main [org.springframework.beans.CachedIntrospectionResults] Found bean property 'ignorePartialResultException' of type [boolean]
2016-02-04 08:33:04,383 TRACE   main [org.springframework.beans.CachedIntrospectionResults] Found bean property 'ignoreSizeLimitExceededException' of type [boolean]
2016-02-04 08:33:04,383 TRACE   main [org.springframework.beans.CachedIntrospectionResults] Found bean property 'objectDirectoryMapper' of type [org.springframework.ldap.odm.core.ObjectDirectoryMapper]
2016-02-04 08:33:04,385 DEBUG   main [org.springframework.beans.factory.support.DefaultListableBeanFactory] Creating shared instance of singleton bean 'contextSource'
2016-02-04 08:33:04,385 DEBUG   main [org.springframework.beans.factory.support.DefaultListableBeanFactory] Creating instance of bean 'contextSource'
2016-02-04 08:33:04,392 DEBUG   main [org.springframework.beans.factory.support.DefaultListableBeanFactory] Creating instance of bean '(inner bean)#1e7eee8f'
2016-02-04 08:33:04,407 TRACE   main [org.springframework.beans.CachedIntrospectionResults] Getting BeanInfo for class [org.springframework.ldap.core.support.LdapContextSource]
2016-02-04 08:33:04,411 TRACE   main [org.springframework.beans.CachedIntrospectionResults] Caching PropertyDescriptors for class [org.springframework.ldap.core.support.LdapContextSource]
2016-02-04 08:33:04,411 TRACE   main [org.springframework.beans.CachedIntrospectionResults] Found bean property 'anonymousReadOnly' of type [boolean]
2016-02-04 08:33:04,411 TRACE   main [org.springframework.beans.CachedIntrospectionResults] Found bean property 'authenticationSource' of type [org.springframework.ldap.core.AuthenticationSource]
2016-02-04 08:33:04,411 TRACE   main [org.springframework.beans.CachedIntrospectionResults] Found bean property 'authenticationStrategy' of type [org.springframework.ldap.core.support.DirContextAuthenticationStrategy]
2016-02-04 08:33:04,412 TRACE   main [org.springframework.beans.CachedIntrospectionResults] Found bean property 'base' of type [java.lang.String]
2016-02-04 08:33:04,412 TRACE   main [org.springframework.beans.CachedIntrospectionResults] Found bean property 'baseEnvironmentProperties' of type [java.util.Map]
2016-02-04 08:33:04,412 TRACE   main [org.springframework.beans.CachedIntrospectionResults] Found bean property 'baseLdapName' of type [javax.naming.ldap.LdapName]
2016-02-04 08:33:04,412 TRACE   main [org.springframework.beans.CachedIntrospectionResults] Found bean property 'baseLdapPath' of type [org.springframework.ldap.core.DistinguishedName]
2016-02-04 08:33:04,412 TRACE   main [org.springframework.beans.CachedIntrospectionResults] Found bean property 'baseLdapPathAsString' of type [java.lang.String]
2016-02-04 08:33:04,412 TRACE   main [org.springframework.beans.CachedIntrospectionResults] Found bean property 'cacheEnvironmentProperties' of type [boolean]
2016-02-04 08:33:04,412 TRACE   main [org.springframework.beans.CachedIntrospectionResults] Found bean property 'class' of type [java.lang.Class]
2016-02-04 08:33:04,412 TRACE   main [org.springframework.beans.CachedIntrospectionResults] Found bean property 'contextFactory' of type [java.lang.Class]
2016-02-04 08:33:04,413 TRACE   main [org.springframework.beans.CachedIntrospectionResults] Found bean property 'dirObjectFactory' of type [java.lang.Class]
2016-02-04 08:33:04,413 TRACE   main [org.springframework.beans.CachedIntrospectionResults] Found bean property 'password' of type [java.lang.String]
2016-02-04 08:33:04,413 TRACE   main [org.springframework.beans.CachedIntrospectionResults] Found bean property 'pooled' of type [boolean]
2016-02-04 08:33:04,413 TRACE   main [org.springframework.beans.CachedIntrospectionResults] Found bean property 'readOnlyContext' of type [javax.naming.directory.DirContext]
2016-02-04 08:33:04,413 TRACE   main [org.springframework.beans.CachedIntrospectionResults] Found bean property 'readWriteContext' of type [javax.naming.directory.DirContext]
2016-02-04 08:33:04,413 TRACE   main [org.springframework.beans.CachedIntrospectionResults] Found bean property 'referral' of type [java.lang.String]
2016-02-04 08:33:04,413 TRACE   main [org.springframework.beans.CachedIntrospectionResults] Found bean property 'url' of type [java.lang.String]
2016-02-04 08:33:04,413 TRACE   main [org.springframework.beans.CachedIntrospectionResults] Found bean property 'urls' of type [[Ljava.lang.String;]
2016-02-04 08:33:04,413 TRACE   main [org.springframework.beans.CachedIntrospectionResults] Found bean property 'userDn' of type [java.lang.String]
2016-02-04 08:33:04,417 DEBUG   main [org.springframework.beans.factory.support.DefaultListableBeanFactory] Creating instance of bean '(inner bean)#67cbabb9'
2016-02-04 08:33:04,421 TRACE   main [org.springframework.beans.CachedIntrospectionResults] Getting BeanInfo for class [[Ljava.lang.String;]
2016-02-04 08:33:04,421 TRACE   main [org.springframework.beans.CachedIntrospectionResults] Caching PropertyDescriptors for class [[Ljava.lang.String;]
2016-02-04 08:33:04,421 TRACE   main [org.springframework.beans.CachedIntrospectionResults] Found bean property 'class' of type [java.lang.Class]
2016-02-04 08:33:04,422 DEBUG   main [org.springframework.beans.factory.support.DefaultListableBeanFactory] Finished creating instance of bean '(inner bean)#67cbabb9'
2016-02-04 08:33:04,422 DEBUG   main [org.springframework.beans.factory.support.DefaultListableBeanFactory] Creating shared instance of singleton bean 'simpleDirContextAuthenticationStrategy'
2016-02-04 08:33:04,422 DEBUG   main [org.springframework.beans.factory.support.DefaultListableBeanFactory] Creating instance of bean 'simpleDirContextAuthenticationStrategy'
2016-02-04 08:33:04,423 DEBUG   main [org.springframework.beans.factory.support.DefaultListableBeanFactory] Eagerly caching bean 'simpleDirContextAuthenticationStrategy' to allow for resolving potential circular references
2016-02-04 08:33:04,423 TRACE   main [org.springframework.beans.CachedIntrospectionResults] Getting BeanInfo for class [org.springframework.ldap.core.support.SimpleDirContextAuthenticationStrategy]
2016-02-04 08:33:04,424 TRACE   main [org.springframework.beans.CachedIntrospectionResults] Caching PropertyDescriptors for class [org.springframework.ldap.core.support.SimpleDirContextAuthenticationStrategy]
2016-02-04 08:33:04,424 TRACE   main [org.springframework.beans.CachedIntrospectionResults] Found bean property 'class' of type [java.lang.Class]
2016-02-04 08:33:04,424 DEBUG   main [org.springframework.beans.factory.support.DefaultListableBeanFactory] Finished creating instance of bean 'simpleDirContextAuthenticationStrategy'
2016-02-04 08:33:04,425 DEBUG   main [org.springframework.beans.factory.support.DefaultListableBeanFactory] Invoking afterPropertiesSet() on bean with name '(inner bean)#1e7eee8f'
2016-02-04 08:33:04,428 DEBUG   main [org.springframework.beans.factory.support.DefaultListableBeanFactory] Finished creating instance of bean '(inner bean)#1e7eee8f'
2016-02-04 08:33:04,431 DEBUG   main [org.springframework.beans.factory.support.DefaultListableBeanFactory] Eagerly caching bean 'contextSource' to allow for resolving potential circular references
2016-02-04 08:33:04,431 TRACE   main [org.springframework.beans.CachedIntrospectionResults] Getting BeanInfo for class [org.springframework.ldap.transaction.compensating.manager.TransactionAwareContextSourceProxy]
2016-02-04 08:33:04,434 TRACE   main [org.springframework.beans.CachedIntrospectionResults] Caching PropertyDescriptors for class [org.springframework.ldap.transaction.compensating.manager.TransactionAwareContextSourceProxy]
2016-02-04 08:33:04,434 TRACE   main [org.springframework.beans.CachedIntrospectionResults] Found bean property 'baseLdapName' of type [javax.naming.ldap.LdapName]
2016-02-04 08:33:04,434 TRACE   main [org.springframework.beans.CachedIntrospectionResults] Found bean property 'baseLdapPath' of type [org.springframework.ldap.core.DistinguishedName]
2016-02-04 08:33:04,434 TRACE   main [org.springframework.beans.CachedIntrospectionResults] Found bean property 'baseLdapPathAsString' of type [java.lang.String]
2016-02-04 08:33:04,434 TRACE   main [org.springframework.beans.CachedIntrospectionResults] Found bean property 'class' of type [java.lang.Class]
2016-02-04 08:33:04,434 TRACE   main [org.springframework.beans.CachedIntrospectionResults] Found bean property 'readOnlyContext' of type [javax.naming.directory.DirContext]
2016-02-04 08:33:04,434 TRACE   main [org.springframework.beans.CachedIntrospectionResults] Found bean property 'readWriteContext' of type [javax.naming.directory.DirContext]
2016-02-04 08:33:04,435 TRACE   main [org.springframework.beans.CachedIntrospectionResults] Found bean property 'target' of type [org.springframework.ldap.core.ContextSource]
2016-02-04 08:33:04,435 DEBUG   main [org.springframework.beans.factory.support.DefaultListableBeanFactory] Finished creating instance of bean 'contextSource'
2016-02-04 08:33:04,436 DEBUG   main [org.springframework.beans.factory.support.DefaultListableBeanFactory] Invoking afterPropertiesSet() on bean with name 'ldapTemplate'
2016-02-04 08:33:04,436 DEBUG   main [org.springframework.beans.factory.support.DefaultListableBeanFactory] Finished creating instance of bean 'ldapTemplate'
2016-02-04 08:33:04,436 DEBUG   main [org.springframework.beans.factory.annotation.AutowiredAnnotationBeanPostProcessor] Autowiring by type from bean name 'userRepositoryImpl' to bean named 'ldapTemplate'
2016-02-04 08:33:04,437 DEBUG   main [org.springframework.beans.factory.support.DefaultListableBeanFactory] Finished creating instance of bean 'userRepositoryImpl'
2016-02-04 08:33:04,437 DEBUG   main [org.springframework.beans.factory.support.DefaultListableBeanFactory] Returning cached instance of singleton bean 'org.springframework.context.annotation.internalConfigurationAnnotationProcessor'
2016-02-04 08:33:04,437 DEBUG   main [org.springframework.beans.factory.support.DefaultListableBeanFactory] Returning cached instance of singleton bean 'org.springframework.context.annotation.internalAutowiredAnnotationProcessor'
2016-02-04 08:33:04,437 DEBUG   main [org.springframework.beans.factory.support.DefaultListableBeanFactory] Returning cached instance of singleton bean 'org.springframework.context.annotation.internalRequiredAnnotationProcessor'
2016-02-04 08:33:04,437 DEBUG   main [org.springframework.beans.factory.support.DefaultListableBeanFactory] Returning cached instance of singleton bean 'org.springframework.context.annotation.internalCommonAnnotationProcessor'
2016-02-04 08:33:04,437 DEBUG   main [org.springframework.beans.factory.support.DefaultListableBeanFactory] Returning cached instance of singleton bean 'simpleDirContextAuthenticationStrategy'
2016-02-04 08:33:04,437 DEBUG   main [org.springframework.beans.factory.support.DefaultListableBeanFactory] Creating shared instance of singleton bean 'userReposImpl'
2016-02-04 08:33:04,437 DEBUG   main [org.springframework.beans.factory.support.DefaultListableBeanFactory] Creating instance of bean 'userReposImpl'
2016-02-04 08:33:04,438 DEBUG   main [org.springframework.beans.factory.annotation.InjectionMetadata] Registered injected element on class [gov.fema.adminportal.ldap.repository.UserRepositoryImpl]: AutowiredFieldElement for private org.springframework.ldap.core.LdapTemplate gov.fema.adminportal.ldap.repository.UserRepositoryImpl.ldapTemplate
2016-02-04 08:33:04,438 DEBUG   main [org.springframework.beans.factory.support.DefaultListableBeanFactory] Eagerly caching bean 'userReposImpl' to allow for resolving potential circular references
2016-02-04 08:33:04,439 DEBUG   main [org.springframework.beans.factory.annotation.InjectionMetadata] Processing injected element of bean 'userReposImpl': AutowiredFieldElement for private org.springframework.ldap.core.LdapTemplate gov.fema.adminportal.ldap.repository.UserRepositoryImpl.ldapTemplate
2016-02-04 08:33:04,439 DEBUG   main [org.springframework.beans.factory.support.DefaultListableBeanFactory] Returning cached instance of singleton bean 'ldapTemplate'
2016-02-04 08:33:04,439 DEBUG   main [org.springframework.beans.factory.annotation.AutowiredAnnotationBeanPostProcessor] Autowiring by type from bean name 'userReposImpl' to bean named 'ldapTemplate'
2016-02-04 08:33:04,439 DEBUG   main [org.springframework.beans.factory.support.DefaultListableBeanFactory] Finished creating instance of bean 'userReposImpl'
2016-02-04 08:33:04,439 DEBUG   main [org.springframework.beans.factory.support.DefaultListableBeanFactory] Returning cached instance of singleton bean 'contextSource'
2016-02-04 08:33:04,439 DEBUG   main [org.springframework.beans.factory.support.DefaultListableBeanFactory] Returning cached instance of singleton bean 'ldapTemplate'
2016-02-04 08:33:04,439 DEBUG   main [org.springframework.beans.factory.support.DefaultListableBeanFactory] Returning cached instance of singleton bean 'org.springframework.context.annotation.ConfigurationClassPostProcessor.importAwareProcessor'
2016-02-04 08:33:04,440 DEBUG   main [org.springframework.beans.factory.support.DefaultListableBeanFactory] Returning cached instance of singleton bean 'org.springframework.context.annotation.ConfigurationClassPostProcessor.enhancedConfigurationProcessor'
2016-02-04 08:33:04,441 DEBUG   main [org.springframework.context.support.ClassPathXmlApplicationContext] Unable to locate LifecycleProcessor with name 'lifecycleProcessor': using default [org.springframework.context.support.DefaultLifecycleProcessor@7c1ba98b]
2016-02-04 08:33:04,442 DEBUG   main [org.springframework.beans.factory.support.DefaultListableBeanFactory] Returning cached instance of singleton bean 'lifecycleProcessor'
2016-02-04 08:33:04,442 TRACE   main [org.springframework.context.support.ClassPathXmlApplicationContext] Publishing event in org.springframework.context.support.ClassPathXmlApplicationContext@450faed3: org.springframework.context.event.ContextRefreshedEvent[source=org.springframework.context.support.ClassPathXmlApplicationContext@450faed3: startup date [Thu Feb 04 08:33:03 EST 2016]; root of context hierarchy]
2016-02-04 08:33:04,445 TRACE   main [org.springframework.core.env.PropertySourcesPropertyResolver] getProperty("spring.liveBeansView.mbeanDomain", String)
2016-02-04 08:33:04,445 DEBUG   main [org.springframework.core.env.PropertySourcesPropertyResolver] Searching for key 'spring.liveBeansView.mbeanDomain' in [systemProperties]
2016-02-04 08:33:04,445 DEBUG   main [org.springframework.core.env.PropertySourcesPropertyResolver] Searching for key 'spring.liveBeansView.mbeanDomain' in [systemEnvironment]
2016-02-04 08:33:04,446 DEBUG   main [org.springframework.core.env.PropertySourcesPropertyResolver] Could not find key 'spring.liveBeansView.mbeanDomain' in any property source. Returning [null]
2016-02-04 08:33:04,446 INFO   main [gov.fema.adminportal.ldap.app.LdapApp] Test started at Thu Feb 04 08:33:03 EST 2016
2016-02-04 08:33:04,446 DEBUG   main [org.springframework.beans.factory.support.DefaultListableBeanFactory] Returning cached instance of singleton bean 'userReposImpl'
2016-02-04 08:33:04,446 INFO   main [gov.fema.adminportal.ldap.repository.UserRepositoryImpl] executing {createUser}
2016-02-04 08:33:05,194 INFO   main [gov.fema.adminportal.ldap.app.LdapApp] 
 =>true
2016-02-04 08:33:05,220 INFO   main [gov.fema.adminportal.ldap.app.LdapApp] 
 =>[User [uid=spring_ldap_test, cn=spring_ldap_test, sn=spring_ldap_test, userPassword={SSHA}f7wJFShA3OLo3TlQiKKW3kZqMXQI9e4R6OtSbw==, postalAddress=spring_ldap_test, telephoneNumber=9830098301], User [uid=admin, cn=system administrator, sn=administrator, userPassword=secret, ], User [uid=tahsan, cn=Tariq Ahsan, sn=Ahsan, userPassword={sha}nBLtm0Ej/mJG4VZYEu/b+7fQ2YU=, ], User [uid=jsoule, cn=Joseph Soule, sn=Soule, ], User [uid=jdoe, cn=John Doe, sn=Doe, userPassword={SSHA}F04/pvCWN8a1NJshxa/XIzrNqH7F89MTgn3J6A==, ], User [uid=awadsworth, cn=Anthony Wadsworth, sn=Wadsworth, ], User [uid=fahsan, cn=Farzeen Ahsan, sn=Ahsan, ], User [uid=awadsworth, cn=Anthony Wadsworth, sn=Wadsworth, ], User [uid=tahsan, cn=tahsan, sn=Ahsan, userPassword={SHA}5en6G6MezRroT3XKqkdPOmY/BfQ=, ]]
2016-02-04 08:33:05,220 INFO   main [gov.fema.adminportal.ldap.repository.UserRepositoryImpl] executing {getAllUserNames}
2016-02-04 08:33:05,227 INFO   main [gov.fema.adminportal.ldap.repository.UserRepositoryImpl] Users -> [uid=spring_ldap_test, uid=tahsan, uid=awadsworth, uid=jdoe]
2016-02-04 08:33:05,266 INFO   main [gov.fema.adminportal.ldap.app.LdapApp] 
 =>[cn: spring_ldap_test, cn: Tariq Ahsan, cn: Anthony Wadsworth, cn: John Doe]
2016-02-04 08:33:05,266 INFO   main [org.springframework.context.support.ClassPathXmlApplicationContext] Refreshing org.springframework.context.support.ClassPathXmlApplicationContext@450faed3: startup date [Thu Feb 04 08:33:05 EST 2016]; root of context hierarchy
2016-02-04 08:33:05,266 DEBUG   main [org.springframework.beans.factory.support.DefaultListableBeanFactory] Destroying singletons in org.springframework.beans.factory.support.DefaultListableBeanFactory@734784c4: defining beans [userRepositoryImpl,org.springframework.context.annotation.internalConfigurationAnnotationProcessor,org.springframework.context.annotation.internalAutowiredAnnotationProcessor,org.springframework.context.annotation.internalRequiredAnnotationProcessor,org.springframework.context.annotation.internalCommonAnnotationProcessor,simpleDirContextAuthenticationStrategy,userReposImpl,contextSource,ldapTemplate,org.springframework.context.annotation.ConfigurationClassPostProcessor.importAwareProcessor,org.springframework.context.annotation.ConfigurationClassPostProcessor.enhancedConfigurationProcessor]; root of factory hierarchy
2016-02-04 08:33:05,266 DEBUG   main [org.springframework.beans.factory.support.DefaultListableBeanFactory] Retrieved dependent beans for bean '(inner bean)#1e7eee8f': [contextSource]
2016-02-04 08:33:05,266 DEBUG   main [org.springframework.beans.factory.support.DefaultListableBeanFactory] Retrieved dependent beans for bean '(inner bean)#67cbabb9': [(inner bean)#1e7eee8f]
2016-02-04 08:33:05,267 DEBUG   main [org.springframework.core.env.StandardEnvironment] Adding [systemProperties] PropertySource with lowest search precedence
2016-02-04 08:33:05,268 DEBUG   main [org.springframework.core.env.StandardEnvironment] Adding [systemEnvironment] PropertySource with lowest search precedence
2016-02-04 08:33:05,268 DEBUG   main [org.springframework.core.env.StandardEnvironment] Initialized StandardEnvironment with PropertySources [systemProperties,systemEnvironment]
2016-02-04 08:33:05,268 INFO   main [org.springframework.beans.factory.xml.XmlBeanDefinitionReader] Loading XML bean definitions from class path resource [spring-ldap-example.xml]
2016-02-04 08:33:05,277 DEBUG   main [org.springframework.beans.factory.xml.DefaultDocumentLoader] Using JAXP provider [com.sun.org.apache.xerces.internal.jaxp.DocumentBuilderFactoryImpl]
2016-02-04 08:33:05,279 TRACE   main [org.springframework.beans.factory.xml.PluggableSchemaResolver] Trying to resolve XML entity with public id [null] and system id [http://www.springframework.org/schema/beans/spring-beans.xsd]
2016-02-04 08:33:05,279 DEBUG   main [org.springframework.beans.factory.xml.PluggableSchemaResolver] Loading schema mappings from [META-INF/spring.schemas]
2016-02-04 08:33:05,282 DEBUG   main [org.springframework.beans.factory.xml.PluggableSchemaResolver] Loaded schema mappings: {http://www.springframework.org/schema/tx/spring-tx-2.5.xsd=org/springframework/transaction/config/spring-tx-2.5.xsd, http://www.springframework.org/schema/cache/spring-cache-4.2.xsd=org/springframework/cache/config/spring-cache-4.2.xsd, http://www.springframework.org/schema/aop/spring-aop-4.1.xsd=org/springframework/aop/config/spring-aop-4.1.xsd, http://www.springframework.org/schema/context/spring-context-3.1.xsd=org/springframework/context/config/spring-context-3.1.xsd, http://www.springframework.org/schema/data/repository/spring-repository-1.4.xsd=org/springframework/data/repository/config/spring-repository-1.4.xsd, http://www.springframework.org/schema/util/spring-util-3.0.xsd=org/springframework/beans/factory/xml/spring-util-3.0.xsd, http://www.springframework.org/schema/tool/spring-tool.xsd=org/springframework/beans/factory/xml/spring-tool-4.2.xsd, http://www.springframework.org/schema/aop/spring-aop-3.2.xsd=org/springframework/aop/config/spring-aop-3.2.xsd, http://www.springframework.org/schema/lang/spring-lang-4.1.xsd=org/springframework/scripting/config/spring-lang-4.1.xsd, http://www.springframework.org/schema/context/spring-context-4.0.xsd=org/springframework/context/config/spring-context-4.0.xsd, http://www.springframework.org/schema/beans/spring-beans-4.2.xsd=org/springframework/beans/factory/xml/spring-beans-4.2.xsd, http://www.springframework.org/schema/tool/spring-tool-4.1.xsd=org/springframework/beans/factory/xml/spring-tool-4.1.xsd, http://www.springframework.org/schema/lang/spring-lang-3.2.xsd=org/springframework/scripting/config/spring-lang-3.2.xsd, http://www.springframework.org/schema/cache/spring-cache-3.2.xsd=org/springframework/cache/config/spring-cache-3.2.xsd, http://www.springframework.org/schema/jee/spring-jee-4.1.xsd=org/springframework/ejb/config/spring-jee-4.1.xsd, http://www.springframework.org/schema/task/spring-task-4.2.xsd=org/springframework/scheduling/config/spring-task-4.2.xsd, http://www.springframework.org/schema/util/spring-util-2.0.xsd=org/springframework/beans/factory/xml/spring-util-2.0.xsd, http://www.springframework.org/schema/tool/spring-tool-3.2.xsd=org/springframework/beans/factory/xml/spring-tool-3.2.xsd, http://www.springframework.org/schema/context/spring-context.xsd=org/springframework/context/config/spring-context-4.2.xsd, http://www.springframework.org/schema/tx/spring-tx-4.2.xsd=org/springframework/transaction/config/spring-tx-4.2.xsd, http://www.springframework.org/schema/cache/spring-cache-4.1.xsd=org/springframework/cache/config/spring-cache-4.1.xsd, http://www.springframework.org/schema/aop/spring-aop-4.0.xsd=org/springframework/aop/config/spring-aop-4.0.xsd, http://www.springframework.org/schema/jee/spring-jee-3.2.xsd=org/springframework/ejb/config/spring-jee-3.2.xsd, http://www.springframework.org/schema/context/spring-context-3.0.xsd=org/springframework/context/config/spring-context-3.0.xsd, http://www.springframework.org/schema/util/spring-util-2.5.xsd=org/springframework/beans/factory/xml/spring-util-2.5.xsd, http://www.springframework.org/schema/beans/spring-beans-3.2.xsd=org/springframework/beans/factory/xml/spring-beans-3.2.xsd, http://www.springframework.org/schema/aop/spring-aop-3.1.xsd=org/springframework/aop/config/spring-aop-3.1.xsd, http://www.springframework.org/schema/ldap/spring-ldap-2.0.xsd=org/springframework/ldap/config/spring-ldap-2.0.xsd, http://www.springframework.org/schema/lang/spring-lang-4.0.xsd=org/springframework/scripting/config/spring-lang-4.0.xsd, http://www.springframework.org/schema/beans/spring-beans-4.1.xsd=org/springframework/beans/factory/xml/spring-beans-4.1.xsd, http://www.springframework.org/schema/tool/spring-tool-4.0.xsd=org/springframework/beans/factory/xml/spring-tool-4.0.xsd, http://www.springframework.org/schema/tx/spring-tx-3.2.xsd=org/springframework/transaction/config/spring-tx-3.2.xsd, http://www.springframework.org/schema/lang/spring-lang-3.1.xsd=org/springframework/scripting/config/spring-lang-3.1.xsd, http://www.springframework.org/schema/cache/spring-cache-3.1.xsd=org/springframework/cache/config/spring-cache-3.1.xsd, http://www.springframework.org/schema/jee/spring-jee-4.0.xsd=org/springframework/ejb/config/spring-jee-4.0.xsd, http://www.springframework.org/schema/task/spring-task-4.1.xsd=org/springframework/scheduling/config/spring-task-4.1.xsd, http://www.springframework.org/schema/tool/spring-tool-3.1.xsd=org/springframework/beans/factory/xml/spring-tool-3.1.xsd, http://www.springframework.org/schema/tx/spring-tx-4.1.xsd=org/springframework/transaction/config/spring-tx-4.1.xsd, http://www.springframework.org/schema/cache/spring-cache-4.0.xsd=org/springframework/cache/config/spring-cache-4.0.xsd, http://www.springframework.org/schema/jee/spring-jee-3.1.xsd=org/springframework/ejb/config/spring-jee-3.1.xsd, http://www.springframework.org/schema/task/spring-task-3.2.xsd=org/springframework/scheduling/config/spring-task-3.2.xsd, http://www.springframework.org/schema/util/spring-util-4.2.xsd=org/springframework/beans/factory/xml/spring-util-4.2.xsd, http://www.springframework.org/schema/beans/spring-beans-3.1.xsd=org/springframework/beans/factory/xml/spring-beans-3.1.xsd, http://www.springframework.org/schema/util/spring-util.xsd=org/springframework/beans/factory/xml/spring-util-4.2.xsd, http://www.springframework.org/schema/aop/spring-aop-3.0.xsd=org/springframework/aop/config/spring-aop-3.0.xsd, http://www.springframework.org/schema/data/repository/spring-repository.xsd=org/springframework/data/repository/config/spring-repository-1.7.xsd, http://www.springframework.org/schema/data/repository/spring-repository-1.7.xsd=org/springframework/data/repository/config/spring-repository-1.7.xsd, http://www.springframework.org/schema/ldap/spring-ldap.xsd=org/springframework/ldap/config/spring-ldap-2.0.xsd, http://www.springframework.org/schema/beans/spring-beans-4.0.xsd=org/springframework/beans/factory/xml/spring-beans-4.0.xsd, http://www.springframework.org/schema/beans/spring-beans.xsd=org/springframework/beans/factory/xml/spring-beans-4.2.xsd, http://www.springframework.org/schema/tx/spring-tx-3.1.xsd=org/springframework/transaction/config/spring-tx-3.1.xsd, http://www.springframework.org/schema/lang/spring-lang-3.0.xsd=org/springframework/scripting/config/spring-lang-3.0.xsd, http://www.springframework.org/schema/context/spring-context-2.5.xsd=org/springframework/context/config/spring-context-2.5.xsd, http://www.springframework.org/schema/task/spring-task-4.0.xsd=org/springframework/scheduling/config/spring-task-4.0.xsd, http://www.springframework.org/schema/tool/spring-tool-3.0.xsd=org/springframework/beans/factory/xml/spring-tool-3.0.xsd, http://www.springframework.org/schema/tx/spring-tx-4.0.xsd=org/springframework/transaction/config/spring-tx-4.0.xsd, http://www.springframework.org/schema/aop/spring-aop-2.0.xsd=org/springframework/aop/config/spring-aop-2.0.xsd, http://www.springframework.org/schema/jee/spring-jee-3.0.xsd=org/springframework/ejb/config/spring-jee-3.0.xsd, http://www.springframework.org/schema/util/spring-util-4.1.xsd=org/springframework/beans/factory/xml/spring-util-4.1.xsd, http://www.springframework.org/schema/task/spring-task-3.1.xsd=org/springframework/scheduling/config/spring-task-3.1.xsd, http://www.springframework.org/schema/beans/spring-beans-3.0.xsd=org/springframework/beans/factory/xml/spring-beans-3.0.xsd, http://www.springframework.org/schema/jee/spring-jee.xsd=org/springframework/ejb/config/spring-jee-4.2.xsd, http://www.springframework.org/schema/aop/spring-aop-2.5.xsd=org/springframework/aop/config/spring-aop-2.5.xsd, http://www.springframework.org/schema/lang/spring-lang-2.0.xsd=org/springframework/scripting/config/spring-lang-2.0.xsd, http://www.springframework.org/schema/data/repository/spring-repository-1.6.xsd=org/springframework/data/repository/config/spring-repository-1.6.xsd, http://www.springframework.org/schema/util/spring-util-3.2.xsd=org/springframework/beans/factory/xml/spring-util-3.2.xsd, http://www.springframework.org/schema/task/spring-task.xsd=org/springframework/scheduling/config/spring-task-4.2.xsd, http://www.springframework.org/schema/tool/spring-tool-2.0.xsd=org/springframework/beans/factory/xml/spring-tool-2.0.xsd, http://www.springframework.org/schema/tx/spring-tx-3.0.xsd=org/springframework/transaction/config/spring-tx-3.0.xsd, http://www.springframework.org/schema/lang/spring-lang-2.5.xsd=org/springframework/scripting/config/spring-lang-2.5.xsd, http://www.springframework.org/schema/context/spring-context-4.2.xsd=org/springframework/context/config/spring-context-4.2.xsd, http://www.springframework.org/schema/jee/spring-jee-2.0.xsd=org/springframework/ejb/config/spring-jee-2.0.xsd, http://www.springframework.org/schema/tool/spring-tool-2.5.xsd=org/springframework/beans/factory/xml/spring-tool-2.5.xsd, http://www.springframework.org/schema/jee/spring-jee-2.5.xsd=org/springframework/ejb/config/spring-jee-2.5.xsd, http://www.springframework.org/schema/data/repository/spring-repository-1.0.xsd=org/springframework/data/repository/config/spring-repository-1.0.xsd, http://www.springframework.org/schema/util/spring-util-4.0.xsd=org/springframework/beans/factory/xml/spring-util-4.0.xsd, http://www.springframework.org/schema/task/spring-task-3.0.xsd=org/springframework/scheduling/config/spring-task-3.0.xsd, http://www.springframework.org/schema/aop/spring-aop-4.2.xsd=org/springframework/aop/config/spring-aop-4.2.xsd, http://www.springframework.org/schema/lang/spring-lang.xsd=org/springframework/scripting/config/spring-lang-4.2.xsd, http://www.springframework.org/schema/context/spring-context-3.2.xsd=org/springframework/context/config/spring-context-3.2.xsd, http://www.springframework.org/schema/data/repository/spring-repository-1.5.xsd=org/springframework/data/repository/config/spring-repository-1.5.xsd, http://www.springframework.org/schema/util/spring-util-3.1.xsd=org/springframework/beans/factory/xml/spring-util-3.1.xsd, http://www.springframework.org/schema/beans/spring-beans-2.0.xsd=org/springframework/beans/factory/xml/spring-beans-2.0.xsd, http://www.springframework.org/schema/cache/spring-cache.xsd=org/springframework/cache/config/spring-cache-4.2.xsd, http://www.springframework.org/schema/tx/spring-tx.xsd=org/springframework/transaction/config/spring-tx-4.2.xsd, http://www.springframework.org/schema/lang/spring-lang-4.2.xsd=org/springframework/scripting/config/spring-lang-4.2.xsd, http://www.springframework.org/schema/context/spring-context-4.1.xsd=org/springframework/context/config/spring-context-4.1.xsd, http://www.springframework.org/schema/beans/spring-beans-2.5.xsd=org/springframework/beans/factory/xml/spring-beans-2.5.xsd, http://www.springframework.org/schema/tool/spring-tool-4.2.xsd=org/springframework/beans/factory/xml/spring-tool-4.2.xsd, http://www.springframework.org/schema/tx/spring-tx-2.0.xsd=org/springframework/transaction/config/spring-tx-2.0.xsd, http://www.springframework.org/schema/jee/spring-jee-4.2.xsd=org/springframework/ejb/config/spring-jee-4.2.xsd, http://www.springframework.org/schema/aop/spring-aop.xsd=org/springframework/aop/config/spring-aop-4.2.xsd}
2016-02-04 08:33:05,283 DEBUG   main [org.springframework.beans.factory.xml.PluggableSchemaResolver] Found XML schema [http://www.springframework.org/schema/beans/spring-beans.xsd] in classpath: org/springframework/beans/factory/xml/spring-beans-4.2.xsd
2016-02-04 08:33:05,297 TRACE   main [org.springframework.beans.factory.xml.PluggableSchemaResolver] Trying to resolve XML entity with public id [null] and system id [http://www.springframework.org/schema/context/spring-context.xsd]
2016-02-04 08:33:05,298 DEBUG   main [org.springframework.beans.factory.xml.PluggableSchemaResolver] Found XML schema [http://www.springframework.org/schema/context/spring-context.xsd] in classpath: org/springframework/context/config/spring-context-4.2.xsd
2016-02-04 08:33:05,303 TRACE   main [org.springframework.beans.factory.xml.PluggableSchemaResolver] Trying to resolve XML entity with public id [null] and system id [http://www.springframework.org/schema/tool/spring-tool-4.2.xsd]
2016-02-04 08:33:05,303 DEBUG   main [org.springframework.beans.factory.xml.PluggableSchemaResolver] Found XML schema [http://www.springframework.org/schema/tool/spring-tool-4.2.xsd] in classpath: org/springframework/beans/factory/xml/spring-tool-4.2.xsd
2016-02-04 08:33:05,309 TRACE   main [org.springframework.beans.factory.xml.PluggableSchemaResolver] Trying to resolve XML entity with public id [null] and system id [http://www.springframework.org/schema/ldap/spring-ldap.xsd]
2016-02-04 08:33:05,309 DEBUG   main [org.springframework.beans.factory.xml.PluggableSchemaResolver] Found XML schema [http://www.springframework.org/schema/ldap/spring-ldap.xsd] in classpath: org/springframework/ldap/config/spring-ldap-2.0.xsd
2016-02-04 08:33:05,313 TRACE   main [org.springframework.beans.factory.xml.PluggableSchemaResolver] Trying to resolve XML entity with public id [null] and system id [http://www.springframework.org/schema/data/repository/spring-repository.xsd]
2016-02-04 08:33:05,313 DEBUG   main [org.springframework.beans.factory.xml.PluggableSchemaResolver] Found XML schema [http://www.springframework.org/schema/data/repository/spring-repository.xsd] in classpath: org/springframework/data/repository/config/spring-repository-1.7.xsd
2016-02-04 08:33:05,320 DEBUG   main [org.springframework.beans.factory.xml.DefaultBeanDefinitionDocumentReader] Loading bean definitions
2016-02-04 08:33:05,323 DEBUG   main [org.springframework.beans.factory.xml.DefaultNamespaceHandlerResolver] Loaded NamespaceHandler mappings: {http://www.springframework.org/schema/p=org.springframework.beans.factory.xml.SimplePropertyNamespaceHandler, http://www.springframework.org/schema/util=org.springframework.beans.factory.xml.UtilNamespaceHandler, http://www.springframework.org/schema/jee=org.springframework.ejb.config.JeeNamespaceHandler, http://www.springframework.org/schema/aop=org.springframework.aop.config.AopNamespaceHandler, http://www.springframework.org/schema/data/repository=org.springframework.data.repository.config.RepositoryNameSpaceHandler, http://www.springframework.org/schema/cache=org.springframework.cache.config.CacheNamespaceHandler, http://www.springframework.org/schema/c=org.springframework.beans.factory.xml.SimpleConstructorNamespaceHandler, http://www.springframework.org/schema/ldap=org.springframework.ldap.config.LdapNamespaceHandler, http://www.springframework.org/schema/tx=org.springframework.transaction.config.TxNamespaceHandler, http://www.springframework.org/schema/task=org.springframework.scheduling.config.TaskNamespaceHandler, http://www.springframework.org/schema/lang=org.springframework.scripting.config.LangNamespaceHandler, http://www.springframework.org/schema/context=org.springframework.context.config.ContextNamespaceHandler}
2016-02-04 08:33:05,324 DEBUG   main [org.springframework.core.env.StandardEnvironment] Adding [systemProperties] PropertySource with lowest search precedence
2016-02-04 08:33:05,324 DEBUG   main [org.springframework.core.env.StandardEnvironment] Adding [systemEnvironment] PropertySource with lowest search precedence
2016-02-04 08:33:05,325 DEBUG   main [org.springframework.core.env.StandardEnvironment] Initialized StandardEnvironment with PropertySources [systemProperties,systemEnvironment]
2016-02-04 08:33:05,326 DEBUG   main [org.springframework.core.io.support.PathMatchingResourcePatternResolver] Looking for matching resources in directory tree [C:\Eclipse\workspace\spring-ldap-example\bin\gov\fema\adminportal\ldap]
2016-02-04 08:33:05,326 DEBUG   main [org.springframework.core.io.support.PathMatchingResourcePatternResolver] Searching directory [C:\Eclipse\workspace\spring-ldap-example\bin\gov\fema\adminportal\ldap] for files matching pattern [C:/Eclipse/workspace/spring-ldap-example/bin/gov/fema/adminportal/ldap/**/*.class]
2016-02-04 08:33:05,327 DEBUG   main [org.springframework.core.io.support.PathMatchingResourcePatternResolver] Searching directory [C:\Eclipse\workspace\spring-ldap-example\bin\gov\fema\adminportal\ldap\app] for files matching pattern [C:/Eclipse/workspace/spring-ldap-example/bin/gov/fema/adminportal/ldap/**/*.class]
2016-02-04 08:33:05,328 DEBUG   main [org.springframework.core.io.support.PathMatchingResourcePatternResolver] Searching directory [C:\Eclipse\workspace\spring-ldap-example\bin\gov\fema\adminportal\ldap\model] for files matching pattern [C:/Eclipse/workspace/spring-ldap-example/bin/gov/fema/adminportal/ldap/**/*.class]
2016-02-04 08:33:05,329 DEBUG   main [org.springframework.core.io.support.PathMatchingResourcePatternResolver] Searching directory [C:\Eclipse\workspace\spring-ldap-example\bin\gov\fema\adminportal\ldap\repository] for files matching pattern [C:/Eclipse/workspace/spring-ldap-example/bin/gov/fema/adminportal/ldap/**/*.class]
2016-02-04 08:33:05,330 DEBUG   main [org.springframework.core.io.support.PathMatchingResourcePatternResolver] Resolved location pattern [classpath*:gov/fema/adminportal/ldap/**/*.class] to resources [file [C:\Eclipse\workspace\spring-ldap-example\bin\gov\fema\adminportal\ldap\app\LdapApp.class], file [C:\Eclipse\workspace\spring-ldap-example\bin\gov\fema\adminportal\ldap\model\User.class], file [C:\Eclipse\workspace\spring-ldap-example\bin\gov\fema\adminportal\ldap\repository\UserRepository.class], file [C:\Eclipse\workspace\spring-ldap-example\bin\gov\fema\adminportal\ldap\repository\UserRepositoryImpl$MultipleAttributesMapper.class], file [C:\Eclipse\workspace\spring-ldap-example\bin\gov\fema\adminportal\ldap\repository\UserRepositoryImpl$SingleAttributesMapper.class], file [C:\Eclipse\workspace\spring-ldap-example\bin\gov\fema\adminportal\ldap\repository\UserRepositoryImpl$UserAttributesMapper.class], file [C:\Eclipse\workspace\spring-ldap-example\bin\gov\fema\adminportal\ldap\repository\UserRepositoryImpl.class]]
2016-02-04 08:33:05,330 TRACE   main [org.springframework.context.annotation.ClassPathBeanDefinitionScanner] Scanning file [C:\Eclipse\workspace\spring-ldap-example\bin\gov\fema\adminportal\ldap\app\LdapApp.class]
2016-02-04 08:33:05,332 TRACE   main [org.springframework.context.annotation.ClassPathBeanDefinitionScanner] Ignored because not matching any filter: file [C:\Eclipse\workspace\spring-ldap-example\bin\gov\fema\adminportal\ldap\app\LdapApp.class]
2016-02-04 08:33:05,332 TRACE   main [org.springframework.context.annotation.ClassPathBeanDefinitionScanner] Scanning file [C:\Eclipse\workspace\spring-ldap-example\bin\gov\fema\adminportal\ldap\model\User.class]
2016-02-04 08:33:05,332 TRACE   main [org.springframework.context.annotation.ClassPathBeanDefinitionScanner] Ignored because not matching any filter: file [C:\Eclipse\workspace\spring-ldap-example\bin\gov\fema\adminportal\ldap\model\User.class]
2016-02-04 08:33:05,332 TRACE   main [org.springframework.context.annotation.ClassPathBeanDefinitionScanner] Scanning file [C:\Eclipse\workspace\spring-ldap-example\bin\gov\fema\adminportal\ldap\repository\UserRepository.class]
2016-02-04 08:33:05,333 TRACE   main [org.springframework.context.annotation.ClassPathBeanDefinitionScanner] Ignored because not matching any filter: file [C:\Eclipse\workspace\spring-ldap-example\bin\gov\fema\adminportal\ldap\repository\UserRepository.class]
2016-02-04 08:33:05,333 TRACE   main [org.springframework.context.annotation.ClassPathBeanDefinitionScanner] Scanning file [C:\Eclipse\workspace\spring-ldap-example\bin\gov\fema\adminportal\ldap\repository\UserRepositoryImpl$MultipleAttributesMapper.class]
2016-02-04 08:33:05,334 TRACE   main [org.springframework.context.annotation.ClassPathBeanDefinitionScanner] Ignored because not matching any filter: file [C:\Eclipse\workspace\spring-ldap-example\bin\gov\fema\adminportal\ldap\repository\UserRepositoryImpl$MultipleAttributesMapper.class]
2016-02-04 08:33:05,334 TRACE   main [org.springframework.context.annotation.ClassPathBeanDefinitionScanner] Scanning file [C:\Eclipse\workspace\spring-ldap-example\bin\gov\fema\adminportal\ldap\repository\UserRepositoryImpl$SingleAttributesMapper.class]
2016-02-04 08:33:05,335 TRACE   main [org.springframework.context.annotation.ClassPathBeanDefinitionScanner] Ignored because not matching any filter: file [C:\Eclipse\workspace\spring-ldap-example\bin\gov\fema\adminportal\ldap\repository\UserRepositoryImpl$SingleAttributesMapper.class]
2016-02-04 08:33:05,335 TRACE   main [org.springframework.context.annotation.ClassPathBeanDefinitionScanner] Scanning file [C:\Eclipse\workspace\spring-ldap-example\bin\gov\fema\adminportal\ldap\repository\UserRepositoryImpl$UserAttributesMapper.class]
2016-02-04 08:33:05,336 TRACE   main [org.springframework.context.annotation.ClassPathBeanDefinitionScanner] Ignored because not matching any filter: file [C:\Eclipse\workspace\spring-ldap-example\bin\gov\fema\adminportal\ldap\repository\UserRepositoryImpl$UserAttributesMapper.class]
2016-02-04 08:33:05,336 TRACE   main [org.springframework.context.annotation.ClassPathBeanDefinitionScanner] Scanning file [C:\Eclipse\workspace\spring-ldap-example\bin\gov\fema\adminportal\ldap\repository\UserRepositoryImpl.class]
2016-02-04 08:33:05,337 DEBUG   main [org.springframework.context.annotation.ClassPathBeanDefinitionScanner] Identified candidate component class: file [C:\Eclipse\workspace\spring-ldap-example\bin\gov\fema\adminportal\ldap\repository\UserRepositoryImpl.class]
2016-02-04 08:33:05,338 DEBUG   main [org.springframework.beans.factory.xml.XmlBeanDefinitionReader] Loaded 9 bean definitions from location pattern [spring-ldap-example.xml]
2016-02-04 08:33:05,338 DEBUG   main [org.springframework.context.support.ClassPathXmlApplicationContext] Bean factory for org.springframework.context.support.ClassPathXmlApplicationContext@450faed3: org.springframework.beans.factory.support.DefaultListableBeanFactory@7f6bbdd7: defining beans [userRepositoryImpl,org.springframework.context.annotation.internalConfigurationAnnotationProcessor,org.springframework.context.annotation.internalAutowiredAnnotationProcessor,org.springframework.context.annotation.internalRequiredAnnotationProcessor,org.springframework.context.annotation.internalCommonAnnotationProcessor,simpleDirContextAuthenticationStrategy,userReposImpl,contextSource,ldapTemplate]; root of factory hierarchy
2016-02-04 08:33:05,339 DEBUG   main [org.springframework.beans.factory.support.DefaultListableBeanFactory] Creating shared instance of singleton bean 'org.springframework.context.annotation.internalConfigurationAnnotationProcessor'
2016-02-04 08:33:05,339 DEBUG   main [org.springframework.beans.factory.support.DefaultListableBeanFactory] Creating instance of bean 'org.springframework.context.annotation.internalConfigurationAnnotationProcessor'
2016-02-04 08:33:05,339 DEBUG   main [org.springframework.beans.factory.support.DefaultListableBeanFactory] Eagerly caching bean 'org.springframework.context.annotation.internalConfigurationAnnotationProcessor' to allow for resolving potential circular references
2016-02-04 08:33:05,339 DEBUG   main [org.springframework.beans.factory.support.DefaultListableBeanFactory] Finished creating instance of bean 'org.springframework.context.annotation.internalConfigurationAnnotationProcessor'
2016-02-04 08:33:05,347 DEBUG   main [org.springframework.beans.factory.support.DefaultListableBeanFactory] Creating shared instance of singleton bean 'org.springframework.context.annotation.internalAutowiredAnnotationProcessor'
2016-02-04 08:33:05,347 DEBUG   main [org.springframework.beans.factory.support.DefaultListableBeanFactory] Creating instance of bean 'org.springframework.context.annotation.internalAutowiredAnnotationProcessor'
2016-02-04 08:33:05,347 DEBUG   main [org.springframework.beans.factory.support.DefaultListableBeanFactory] Eagerly caching bean 'org.springframework.context.annotation.internalAutowiredAnnotationProcessor' to allow for resolving potential circular references
2016-02-04 08:33:05,348 DEBUG   main [org.springframework.beans.factory.support.DefaultListableBeanFactory] Finished creating instance of bean 'org.springframework.context.annotation.internalAutowiredAnnotationProcessor'
2016-02-04 08:33:05,348 DEBUG   main [org.springframework.beans.factory.support.DefaultListableBeanFactory] Creating shared instance of singleton bean 'org.springframework.context.annotation.internalRequiredAnnotationProcessor'
2016-02-04 08:33:05,348 DEBUG   main [org.springframework.beans.factory.support.DefaultListableBeanFactory] Creating instance of bean 'org.springframework.context.annotation.internalRequiredAnnotationProcessor'
2016-02-04 08:33:05,348 DEBUG   main [org.springframework.beans.factory.support.DefaultListableBeanFactory] Eagerly caching bean 'org.springframework.context.annotation.internalRequiredAnnotationProcessor' to allow for resolving potential circular references
2016-02-04 08:33:05,348 DEBUG   main [org.springframework.beans.factory.support.DefaultListableBeanFactory] Finished creating instance of bean 'org.springframework.context.annotation.internalRequiredAnnotationProcessor'
2016-02-04 08:33:05,348 DEBUG   main [org.springframework.beans.factory.support.DefaultListableBeanFactory] Creating shared instance of singleton bean 'org.springframework.context.annotation.internalCommonAnnotationProcessor'
2016-02-04 08:33:05,348 DEBUG   main [org.springframework.beans.factory.support.DefaultListableBeanFactory] Creating instance of bean 'org.springframework.context.annotation.internalCommonAnnotationProcessor'
2016-02-04 08:33:05,349 DEBUG   main [org.springframework.beans.factory.support.DefaultListableBeanFactory] Eagerly caching bean 'org.springframework.context.annotation.internalCommonAnnotationProcessor' to allow for resolving potential circular references
2016-02-04 08:33:05,349 DEBUG   main [org.springframework.beans.factory.support.DefaultListableBeanFactory] Finished creating instance of bean 'org.springframework.context.annotation.internalCommonAnnotationProcessor'
2016-02-04 08:33:05,349 DEBUG   main [org.springframework.beans.factory.support.DefaultListableBeanFactory] Creating shared instance of singleton bean 'org.springframework.context.annotation.ConfigurationClassPostProcessor.importAwareProcessor'
2016-02-04 08:33:05,349 DEBUG   main [org.springframework.beans.factory.support.DefaultListableBeanFactory] Creating instance of bean 'org.springframework.context.annotation.ConfigurationClassPostProcessor.importAwareProcessor'
2016-02-04 08:33:05,349 DEBUG   main [org.springframework.beans.factory.support.DefaultListableBeanFactory] Eagerly caching bean 'org.springframework.context.annotation.ConfigurationClassPostProcessor.importAwareProcessor' to allow for resolving potential circular references
2016-02-04 08:33:05,349 DEBUG   main [org.springframework.beans.factory.support.DefaultListableBeanFactory] Finished creating instance of bean 'org.springframework.context.annotation.ConfigurationClassPostProcessor.importAwareProcessor'
2016-02-04 08:33:05,349 DEBUG   main [org.springframework.beans.factory.support.DefaultListableBeanFactory] Creating shared instance of singleton bean 'org.springframework.context.annotation.ConfigurationClassPostProcessor.enhancedConfigurationProcessor'
2016-02-04 08:33:05,349 DEBUG   main [org.springframework.beans.factory.support.DefaultListableBeanFactory] Creating instance of bean 'org.springframework.context.annotation.ConfigurationClassPostProcessor.enhancedConfigurationProcessor'
2016-02-04 08:33:05,349 DEBUG   main [org.springframework.beans.factory.support.DefaultListableBeanFactory] Eagerly caching bean 'org.springframework.context.annotation.ConfigurationClassPostProcessor.enhancedConfigurationProcessor' to allow for resolving potential circular references
2016-02-04 08:33:05,350 DEBUG   main [org.springframework.beans.factory.support.DefaultListableBeanFactory] Finished creating instance of bean 'org.springframework.context.annotation.ConfigurationClassPostProcessor.enhancedConfigurationProcessor'
2016-02-04 08:33:05,350 DEBUG   main [org.springframework.context.support.ClassPathXmlApplicationContext] Unable to locate MessageSource with name 'messageSource': using default [org.springframework.context.support.DelegatingMessageSource@834e67d]
2016-02-04 08:33:05,350 DEBUG   main [org.springframework.context.support.ClassPathXmlApplicationContext] Unable to locate ApplicationEventMulticaster with name 'applicationEventMulticaster': using default [org.springframework.context.event.SimpleApplicationEventMulticaster@49081cc0]
2016-02-04 08:33:05,350 DEBUG   main [org.springframework.beans.factory.support.DefaultListableBeanFactory] Pre-instantiating singletons in org.springframework.beans.factory.support.DefaultListableBeanFactory@7f6bbdd7: defining beans [userRepositoryImpl,org.springframework.context.annotation.internalConfigurationAnnotationProcessor,org.springframework.context.annotation.internalAutowiredAnnotationProcessor,org.springframework.context.annotation.internalRequiredAnnotationProcessor,org.springframework.context.annotation.internalCommonAnnotationProcessor,simpleDirContextAuthenticationStrategy,userReposImpl,contextSource,ldapTemplate,org.springframework.context.annotation.ConfigurationClassPostProcessor.importAwareProcessor,org.springframework.context.annotation.ConfigurationClassPostProcessor.enhancedConfigurationProcessor]; root of factory hierarchy
2016-02-04 08:33:05,351 DEBUG   main [org.springframework.beans.factory.support.DefaultListableBeanFactory] Creating shared instance of singleton bean 'userRepositoryImpl'
2016-02-04 08:33:05,351 DEBUG   main [org.springframework.beans.factory.support.DefaultListableBeanFactory] Creating instance of bean 'userRepositoryImpl'
2016-02-04 08:33:05,352 DEBUG   main [org.springframework.beans.factory.annotation.InjectionMetadata] Registered injected element on class [gov.fema.adminportal.ldap.repository.UserRepositoryImpl]: AutowiredFieldElement for private org.springframework.ldap.core.LdapTemplate gov.fema.adminportal.ldap.repository.UserRepositoryImpl.ldapTemplate
2016-02-04 08:33:05,352 DEBUG   main [org.springframework.beans.factory.support.DefaultListableBeanFactory] Eagerly caching bean 'userRepositoryImpl' to allow for resolving potential circular references
2016-02-04 08:33:05,352 DEBUG   main [org.springframework.beans.factory.annotation.InjectionMetadata] Processing injected element of bean 'userRepositoryImpl': AutowiredFieldElement for private org.springframework.ldap.core.LdapTemplate gov.fema.adminportal.ldap.repository.UserRepositoryImpl.ldapTemplate
2016-02-04 08:33:05,353 DEBUG   main [org.springframework.beans.factory.support.DefaultListableBeanFactory] Creating shared instance of singleton bean 'ldapTemplate'
2016-02-04 08:33:05,353 DEBUG   main [org.springframework.beans.factory.support.DefaultListableBeanFactory] Creating instance of bean 'ldapTemplate'
2016-02-04 08:33:05,355 DEBUG   main [org.springframework.beans.factory.support.DefaultListableBeanFactory] Eagerly caching bean 'ldapTemplate' to allow for resolving potential circular references
2016-02-04 08:33:05,355 DEBUG   main [org.springframework.beans.factory.support.DefaultListableBeanFactory] Creating shared instance of singleton bean 'contextSource'
2016-02-04 08:33:05,355 DEBUG   main [org.springframework.beans.factory.support.DefaultListableBeanFactory] Creating instance of bean 'contextSource'
2016-02-04 08:33:05,355 DEBUG   main [org.springframework.beans.factory.support.DefaultListableBeanFactory] Creating instance of bean '(inner bean)#3397a6b5'
2016-02-04 08:33:05,357 DEBUG   main [org.springframework.beans.factory.support.DefaultListableBeanFactory] Creating instance of bean '(inner bean)#2941cf89'
2016-02-04 08:33:05,357 DEBUG   main [org.springframework.beans.factory.support.DefaultListableBeanFactory] Finished creating instance of bean '(inner bean)#2941cf89'
2016-02-04 08:33:05,358 DEBUG   main [org.springframework.beans.factory.support.DefaultListableBeanFactory] Creating shared instance of singleton bean 'simpleDirContextAuthenticationStrategy'
2016-02-04 08:33:05,358 DEBUG   main [org.springframework.beans.factory.support.DefaultListableBeanFactory] Creating instance of bean 'simpleDirContextAuthenticationStrategy'
2016-02-04 08:33:05,358 DEBUG   main [org.springframework.beans.factory.support.DefaultListableBeanFactory] Eagerly caching bean 'simpleDirContextAuthenticationStrategy' to allow for resolving potential circular references
2016-02-04 08:33:05,358 DEBUG   main [org.springframework.beans.factory.support.DefaultListableBeanFactory] Finished creating instance of bean 'simpleDirContextAuthenticationStrategy'
2016-02-04 08:33:05,358 DEBUG   main [org.springframework.beans.factory.support.DefaultListableBeanFactory] Invoking afterPropertiesSet() on bean with name '(inner bean)#3397a6b5'
2016-02-04 08:33:05,359 DEBUG   main [org.springframework.beans.factory.support.DefaultListableBeanFactory] Finished creating instance of bean '(inner bean)#3397a6b5'
2016-02-04 08:33:05,359 DEBUG   main [org.springframework.beans.factory.support.DefaultListableBeanFactory] Eagerly caching bean 'contextSource' to allow for resolving potential circular references
2016-02-04 08:33:05,360 DEBUG   main [org.springframework.beans.factory.support.DefaultListableBeanFactory] Finished creating instance of bean 'contextSource'
2016-02-04 08:33:05,360 DEBUG   main [org.springframework.beans.factory.support.DefaultListableBeanFactory] Invoking afterPropertiesSet() on bean with name 'ldapTemplate'
2016-02-04 08:33:05,360 DEBUG   main [org.springframework.beans.factory.support.DefaultListableBeanFactory] Finished creating instance of bean 'ldapTemplate'
2016-02-04 08:33:05,360 DEBUG   main [org.springframework.beans.factory.annotation.AutowiredAnnotationBeanPostProcessor] Autowiring by type from bean name 'userRepositoryImpl' to bean named 'ldapTemplate'
2016-02-04 08:33:05,360 DEBUG   main [org.springframework.beans.factory.support.DefaultListableBeanFactory] Finished creating instance of bean 'userRepositoryImpl'
2016-02-04 08:33:05,360 DEBUG   main [org.springframework.beans.factory.support.DefaultListableBeanFactory] Returning cached instance of singleton bean 'org.springframework.context.annotation.internalConfigurationAnnotationProcessor'
2016-02-04 08:33:05,360 DEBUG   main [org.springframework.beans.factory.support.DefaultListableBeanFactory] Returning cached instance of singleton bean 'org.springframework.context.annotation.internalAutowiredAnnotationProcessor'
2016-02-04 08:33:05,360 DEBUG   main [org.springframework.beans.factory.support.DefaultListableBeanFactory] Returning cached instance of singleton bean 'org.springframework.context.annotation.internalRequiredAnnotationProcessor'
2016-02-04 08:33:05,360 DEBUG   main [org.springframework.beans.factory.support.DefaultListableBeanFactory] Returning cached instance of singleton bean 'org.springframework.context.annotation.internalCommonAnnotationProcessor'
2016-02-04 08:33:05,360 DEBUG   main [org.springframework.beans.factory.support.DefaultListableBeanFactory] Returning cached instance of singleton bean 'simpleDirContextAuthenticationStrategy'
2016-02-04 08:33:05,361 DEBUG   main [org.springframework.beans.factory.support.DefaultListableBeanFactory] Creating shared instance of singleton bean 'userReposImpl'
2016-02-04 08:33:05,361 DEBUG   main [org.springframework.beans.factory.support.DefaultListableBeanFactory] Creating instance of bean 'userReposImpl'
2016-02-04 08:33:05,361 DEBUG   main [org.springframework.beans.factory.annotation.InjectionMetadata] Registered injected element on class [gov.fema.adminportal.ldap.repository.UserRepositoryImpl]: AutowiredFieldElement for private org.springframework.ldap.core.LdapTemplate gov.fema.adminportal.ldap.repository.UserRepositoryImpl.ldapTemplate
2016-02-04 08:33:05,361 DEBUG   main [org.springframework.beans.factory.support.DefaultListableBeanFactory] Eagerly caching bean 'userReposImpl' to allow for resolving potential circular references
2016-02-04 08:33:05,362 DEBUG   main [org.springframework.beans.factory.annotation.InjectionMetadata] Processing injected element of bean 'userReposImpl': AutowiredFieldElement for private org.springframework.ldap.core.LdapTemplate gov.fema.adminportal.ldap.repository.UserRepositoryImpl.ldapTemplate
2016-02-04 08:33:05,362 DEBUG   main [org.springframework.beans.factory.support.DefaultListableBeanFactory] Returning cached instance of singleton bean 'ldapTemplate'
2016-02-04 08:33:05,362 DEBUG   main [org.springframework.beans.factory.annotation.AutowiredAnnotationBeanPostProcessor] Autowiring by type from bean name 'userReposImpl' to bean named 'ldapTemplate'
2016-02-04 08:33:05,363 DEBUG   main [org.springframework.beans.factory.support.DefaultListableBeanFactory] Finished creating instance of bean 'userReposImpl'
2016-02-04 08:33:05,363 DEBUG   main [org.springframework.beans.factory.support.DefaultListableBeanFactory] Returning cached instance of singleton bean 'contextSource'
2016-02-04 08:33:05,363 DEBUG   main [org.springframework.beans.factory.support.DefaultListableBeanFactory] Returning cached instance of singleton bean 'ldapTemplate'
2016-02-04 08:33:05,363 DEBUG   main [org.springframework.beans.factory.support.DefaultListableBeanFactory] Returning cached instance of singleton bean 'org.springframework.context.annotation.ConfigurationClassPostProcessor.importAwareProcessor'
2016-02-04 08:33:05,363 DEBUG   main [org.springframework.beans.factory.support.DefaultListableBeanFactory] Returning cached instance of singleton bean 'org.springframework.context.annotation.ConfigurationClassPostProcessor.enhancedConfigurationProcessor'
2016-02-04 08:33:05,363 DEBUG   main [org.springframework.context.support.ClassPathXmlApplicationContext] Unable to locate LifecycleProcessor with name 'lifecycleProcessor': using default [org.springframework.context.support.DefaultLifecycleProcessor@1642f9ef]
2016-02-04 08:33:05,363 DEBUG   main [org.springframework.beans.factory.support.DefaultListableBeanFactory] Returning cached instance of singleton bean 'lifecycleProcessor'
2016-02-04 08:33:05,363 TRACE   main [org.springframework.context.support.ClassPathXmlApplicationContext] Publishing event in org.springframework.context.support.ClassPathXmlApplicationContext@450faed3: org.springframework.context.event.ContextRefreshedEvent[source=org.springframework.context.support.ClassPathXmlApplicationContext@450faed3: startup date [Thu Feb 04 08:33:05 EST 2016]; root of context hierarchy]
2016-02-04 08:33:05,364 TRACE   main [org.springframework.core.env.PropertySourcesPropertyResolver] getProperty("spring.liveBeansView.mbeanDomain", String)
2016-02-04 08:33:05,364 DEBUG   main [org.springframework.core.env.PropertySourcesPropertyResolver] Searching for key 'spring.liveBeansView.mbeanDomain' in [systemProperties]
2016-02-04 08:33:05,364 DEBUG   main [org.springframework.core.env.PropertySourcesPropertyResolver] Searching for key 'spring.liveBeansView.mbeanDomain' in [systemEnvironment]
2016-02-04 08:33:05,364 DEBUG   main [org.springframework.core.env.PropertySourcesPropertyResolver] Could not find key 'spring.liveBeansView.mbeanDomain' in any property source. Returning [null]
2016-02-04 08:33:05,364 INFO   main [gov.fema.adminportal.ldap.repository.UserRepositoryImpl] executing {getUserDetails}
2016-02-04 08:33:05,366 INFO   main [gov.fema.adminportal.ldap.app.LdapApp] 
 =>User [uid=spring_ldap_test, cn=spring_ldap_test, sn=spring_ldap_test, userPassword={SSHA}f7wJFShA3OLo3TlQiKKW3kZqMXQI9e4R6OtSbw==, postalAddress=spring_ldap_test, telephoneNumber=9830098301]
2016-02-04 08:33:05,366 INFO   main [gov.fema.adminportal.ldap.repository.UserRepositoryImpl] executing {getUserDetails}
2016-02-04 08:33:05,370 INFO   main [gov.fema.adminportal.ldap.repository.UserRepositoryImpl] telephoneNumber	 | 9830098301
2016-02-04 08:33:05,370 INFO   main [gov.fema.adminportal.ldap.repository.UserRepositoryImpl] userPassword	 | [B@5d25379e
2016-02-04 08:33:05,370 INFO   main [gov.fema.adminportal.ldap.repository.UserRepositoryImpl] uid	 | spring_ldap_test
2016-02-04 08:33:05,370 INFO   main [gov.fema.adminportal.ldap.repository.UserRepositoryImpl] objectClass	 | organizationalPerson
2016-02-04 08:33:05,370 INFO   main [gov.fema.adminportal.ldap.repository.UserRepositoryImpl] postalAddress	 | spring_ldap_test
2016-02-04 08:33:05,370 INFO   main [gov.fema.adminportal.ldap.repository.UserRepositoryImpl] sn	 | spring_ldap_test
2016-02-04 08:33:05,370 INFO   main [gov.fema.adminportal.ldap.repository.UserRepositoryImpl] cn	 | spring_ldap_test
2016-02-04 08:33:05,370 INFO   main [gov.fema.adminportal.ldap.app.LdapApp] 
 =>
 Result { 
 	 |_  #telephoneNumber= [ 9830098301 ]  
 	 |_  #userPassword= [ [B@5d25379e ]  
 	 |_  #uid= [ spring_ldap_test ]  
 	 |_  #objectClass= [ organizationalPerson ]  
 	 |_  #postalAddress= [ spring_ldap_test ]  
 	 |_  #sn= [ spring_ldap_test ]  
 	 |_  #cn= [ spring_ldap_test ]  

 } 
2016-02-04 08:33:05,370 INFO   main [gov.fema.adminportal.ldap.repository.UserRepositoryImpl] executing {updateTelePhone}
2016-02-04 08:34:48,341 DEBUG   main [org.springframework.core.env.StandardEnvironment] Adding [systemProperties] PropertySource with lowest search precedence
2016-02-04 08:34:48,345 DEBUG   main [org.springframework.core.env.StandardEnvironment] Adding [systemEnvironment] PropertySource with lowest search precedence
2016-02-04 08:34:48,345 DEBUG   main [org.springframework.core.env.StandardEnvironment] Initialized StandardEnvironment with PropertySources [systemProperties,systemEnvironment]
2016-02-04 08:34:48,351 INFO   main [org.springframework.context.support.ClassPathXmlApplicationContext] Refreshing org.springframework.context.support.ClassPathXmlApplicationContext@450faed3: startup date [Thu Feb 04 08:34:48 EST 2016]; root of context hierarchy
2016-02-04 08:34:48,388 DEBUG   main [org.springframework.core.env.StandardEnvironment] Adding [systemProperties] PropertySource with lowest search precedence
2016-02-04 08:34:48,388 DEBUG   main [org.springframework.core.env.StandardEnvironment] Adding [systemEnvironment] PropertySource with lowest search precedence
2016-02-04 08:34:48,388 DEBUG   main [org.springframework.core.env.StandardEnvironment] Initialized StandardEnvironment with PropertySources [systemProperties,systemEnvironment]
2016-02-04 08:34:48,399 INFO   main [org.springframework.beans.factory.xml.XmlBeanDefinitionReader] Loading XML bean definitions from class path resource [spring-ldap-example.xml]
2016-02-04 08:34:48,401 DEBUG   main [org.springframework.beans.factory.xml.DefaultDocumentLoader] Using JAXP provider [com.sun.org.apache.xerces.internal.jaxp.DocumentBuilderFactoryImpl]
2016-02-04 08:34:48,420 TRACE   main [org.springframework.beans.factory.xml.PluggableSchemaResolver] Trying to resolve XML entity with public id [null] and system id [http://www.springframework.org/schema/beans/spring-beans.xsd]
2016-02-04 08:34:48,420 DEBUG   main [org.springframework.beans.factory.xml.PluggableSchemaResolver] Loading schema mappings from [META-INF/spring.schemas]
2016-02-04 08:34:48,427 DEBUG   main [org.springframework.beans.factory.xml.PluggableSchemaResolver] Loaded schema mappings: {http://www.springframework.org/schema/tx/spring-tx-2.5.xsd=org/springframework/transaction/config/spring-tx-2.5.xsd, http://www.springframework.org/schema/cache/spring-cache-4.2.xsd=org/springframework/cache/config/spring-cache-4.2.xsd, http://www.springframework.org/schema/aop/spring-aop-4.1.xsd=org/springframework/aop/config/spring-aop-4.1.xsd, http://www.springframework.org/schema/context/spring-context-3.1.xsd=org/springframework/context/config/spring-context-3.1.xsd, http://www.springframework.org/schema/data/repository/spring-repository-1.4.xsd=org/springframework/data/repository/config/spring-repository-1.4.xsd, http://www.springframework.org/schema/util/spring-util-3.0.xsd=org/springframework/beans/factory/xml/spring-util-3.0.xsd, http://www.springframework.org/schema/tool/spring-tool.xsd=org/springframework/beans/factory/xml/spring-tool-4.2.xsd, http://www.springframework.org/schema/aop/spring-aop-3.2.xsd=org/springframework/aop/config/spring-aop-3.2.xsd, http://www.springframework.org/schema/lang/spring-lang-4.1.xsd=org/springframework/scripting/config/spring-lang-4.1.xsd, http://www.springframework.org/schema/context/spring-context-4.0.xsd=org/springframework/context/config/spring-context-4.0.xsd, http://www.springframework.org/schema/beans/spring-beans-4.2.xsd=org/springframework/beans/factory/xml/spring-beans-4.2.xsd, http://www.springframework.org/schema/tool/spring-tool-4.1.xsd=org/springframework/beans/factory/xml/spring-tool-4.1.xsd, http://www.springframework.org/schema/lang/spring-lang-3.2.xsd=org/springframework/scripting/config/spring-lang-3.2.xsd, http://www.springframework.org/schema/cache/spring-cache-3.2.xsd=org/springframework/cache/config/spring-cache-3.2.xsd, http://www.springframework.org/schema/jee/spring-jee-4.1.xsd=org/springframework/ejb/config/spring-jee-4.1.xsd, http://www.springframework.org/schema/task/spring-task-4.2.xsd=org/springframework/scheduling/config/spring-task-4.2.xsd, http://www.springframework.org/schema/util/spring-util-2.0.xsd=org/springframework/beans/factory/xml/spring-util-2.0.xsd, http://www.springframework.org/schema/tool/spring-tool-3.2.xsd=org/springframework/beans/factory/xml/spring-tool-3.2.xsd, http://www.springframework.org/schema/context/spring-context.xsd=org/springframework/context/config/spring-context-4.2.xsd, http://www.springframework.org/schema/tx/spring-tx-4.2.xsd=org/springframework/transaction/config/spring-tx-4.2.xsd, http://www.springframework.org/schema/cache/spring-cache-4.1.xsd=org/springframework/cache/config/spring-cache-4.1.xsd, http://www.springframework.org/schema/aop/spring-aop-4.0.xsd=org/springframework/aop/config/spring-aop-4.0.xsd, http://www.springframework.org/schema/jee/spring-jee-3.2.xsd=org/springframework/ejb/config/spring-jee-3.2.xsd, http://www.springframework.org/schema/context/spring-context-3.0.xsd=org/springframework/context/config/spring-context-3.0.xsd, http://www.springframework.org/schema/util/spring-util-2.5.xsd=org/springframework/beans/factory/xml/spring-util-2.5.xsd, http://www.springframework.org/schema/beans/spring-beans-3.2.xsd=org/springframework/beans/factory/xml/spring-beans-3.2.xsd, http://www.springframework.org/schema/aop/spring-aop-3.1.xsd=org/springframework/aop/config/spring-aop-3.1.xsd, http://www.springframework.org/schema/ldap/spring-ldap-2.0.xsd=org/springframework/ldap/config/spring-ldap-2.0.xsd, http://www.springframework.org/schema/lang/spring-lang-4.0.xsd=org/springframework/scripting/config/spring-lang-4.0.xsd, http://www.springframework.org/schema/beans/spring-beans-4.1.xsd=org/springframework/beans/factory/xml/spring-beans-4.1.xsd, http://www.springframework.org/schema/tool/spring-tool-4.0.xsd=org/springframework/beans/factory/xml/spring-tool-4.0.xsd, http://www.springframework.org/schema/tx/spring-tx-3.2.xsd=org/springframework/transaction/config/spring-tx-3.2.xsd, http://www.springframework.org/schema/lang/spring-lang-3.1.xsd=org/springframework/scripting/config/spring-lang-3.1.xsd, http://www.springframework.org/schema/cache/spring-cache-3.1.xsd=org/springframework/cache/config/spring-cache-3.1.xsd, http://www.springframework.org/schema/jee/spring-jee-4.0.xsd=org/springframework/ejb/config/spring-jee-4.0.xsd, http://www.springframework.org/schema/task/spring-task-4.1.xsd=org/springframework/scheduling/config/spring-task-4.1.xsd, http://www.springframework.org/schema/tool/spring-tool-3.1.xsd=org/springframework/beans/factory/xml/spring-tool-3.1.xsd, http://www.springframework.org/schema/tx/spring-tx-4.1.xsd=org/springframework/transaction/config/spring-tx-4.1.xsd, http://www.springframework.org/schema/cache/spring-cache-4.0.xsd=org/springframework/cache/config/spring-cache-4.0.xsd, http://www.springframework.org/schema/jee/spring-jee-3.1.xsd=org/springframework/ejb/config/spring-jee-3.1.xsd, http://www.springframework.org/schema/task/spring-task-3.2.xsd=org/springframework/scheduling/config/spring-task-3.2.xsd, http://www.springframework.org/schema/util/spring-util-4.2.xsd=org/springframework/beans/factory/xml/spring-util-4.2.xsd, http://www.springframework.org/schema/beans/spring-beans-3.1.xsd=org/springframework/beans/factory/xml/spring-beans-3.1.xsd, http://www.springframework.org/schema/util/spring-util.xsd=org/springframework/beans/factory/xml/spring-util-4.2.xsd, http://www.springframework.org/schema/aop/spring-aop-3.0.xsd=org/springframework/aop/config/spring-aop-3.0.xsd, http://www.springframework.org/schema/data/repository/spring-repository.xsd=org/springframework/data/repository/config/spring-repository-1.7.xsd, http://www.springframework.org/schema/data/repository/spring-repository-1.7.xsd=org/springframework/data/repository/config/spring-repository-1.7.xsd, http://www.springframework.org/schema/ldap/spring-ldap.xsd=org/springframework/ldap/config/spring-ldap-2.0.xsd, http://www.springframework.org/schema/beans/spring-beans-4.0.xsd=org/springframework/beans/factory/xml/spring-beans-4.0.xsd, http://www.springframework.org/schema/beans/spring-beans.xsd=org/springframework/beans/factory/xml/spring-beans-4.2.xsd, http://www.springframework.org/schema/tx/spring-tx-3.1.xsd=org/springframework/transaction/config/spring-tx-3.1.xsd, http://www.springframework.org/schema/lang/spring-lang-3.0.xsd=org/springframework/scripting/config/spring-lang-3.0.xsd, http://www.springframework.org/schema/context/spring-context-2.5.xsd=org/springframework/context/config/spring-context-2.5.xsd, http://www.springframework.org/schema/task/spring-task-4.0.xsd=org/springframework/scheduling/config/spring-task-4.0.xsd, http://www.springframework.org/schema/tool/spring-tool-3.0.xsd=org/springframework/beans/factory/xml/spring-tool-3.0.xsd, http://www.springframework.org/schema/tx/spring-tx-4.0.xsd=org/springframework/transaction/config/spring-tx-4.0.xsd, http://www.springframework.org/schema/aop/spring-aop-2.0.xsd=org/springframework/aop/config/spring-aop-2.0.xsd, http://www.springframework.org/schema/jee/spring-jee-3.0.xsd=org/springframework/ejb/config/spring-jee-3.0.xsd, http://www.springframework.org/schema/util/spring-util-4.1.xsd=org/springframework/beans/factory/xml/spring-util-4.1.xsd, http://www.springframework.org/schema/task/spring-task-3.1.xsd=org/springframework/scheduling/config/spring-task-3.1.xsd, http://www.springframework.org/schema/beans/spring-beans-3.0.xsd=org/springframework/beans/factory/xml/spring-beans-3.0.xsd, http://www.springframework.org/schema/jee/spring-jee.xsd=org/springframework/ejb/config/spring-jee-4.2.xsd, http://www.springframework.org/schema/aop/spring-aop-2.5.xsd=org/springframework/aop/config/spring-aop-2.5.xsd, http://www.springframework.org/schema/lang/spring-lang-2.0.xsd=org/springframework/scripting/config/spring-lang-2.0.xsd, http://www.springframework.org/schema/data/repository/spring-repository-1.6.xsd=org/springframework/data/repository/config/spring-repository-1.6.xsd, http://www.springframework.org/schema/util/spring-util-3.2.xsd=org/springframework/beans/factory/xml/spring-util-3.2.xsd, http://www.springframework.org/schema/task/spring-task.xsd=org/springframework/scheduling/config/spring-task-4.2.xsd, http://www.springframework.org/schema/tool/spring-tool-2.0.xsd=org/springframework/beans/factory/xml/spring-tool-2.0.xsd, http://www.springframework.org/schema/tx/spring-tx-3.0.xsd=org/springframework/transaction/config/spring-tx-3.0.xsd, http://www.springframework.org/schema/lang/spring-lang-2.5.xsd=org/springframework/scripting/config/spring-lang-2.5.xsd, http://www.springframework.org/schema/context/spring-context-4.2.xsd=org/springframework/context/config/spring-context-4.2.xsd, http://www.springframework.org/schema/jee/spring-jee-2.0.xsd=org/springframework/ejb/config/spring-jee-2.0.xsd, http://www.springframework.org/schema/tool/spring-tool-2.5.xsd=org/springframework/beans/factory/xml/spring-tool-2.5.xsd, http://www.springframework.org/schema/jee/spring-jee-2.5.xsd=org/springframework/ejb/config/spring-jee-2.5.xsd, http://www.springframework.org/schema/data/repository/spring-repository-1.0.xsd=org/springframework/data/repository/config/spring-repository-1.0.xsd, http://www.springframework.org/schema/util/spring-util-4.0.xsd=org/springframework/beans/factory/xml/spring-util-4.0.xsd, http://www.springframework.org/schema/task/spring-task-3.0.xsd=org/springframework/scheduling/config/spring-task-3.0.xsd, http://www.springframework.org/schema/aop/spring-aop-4.2.xsd=org/springframework/aop/config/spring-aop-4.2.xsd, http://www.springframework.org/schema/lang/spring-lang.xsd=org/springframework/scripting/config/spring-lang-4.2.xsd, http://www.springframework.org/schema/context/spring-context-3.2.xsd=org/springframework/context/config/spring-context-3.2.xsd, http://www.springframework.org/schema/data/repository/spring-repository-1.5.xsd=org/springframework/data/repository/config/spring-repository-1.5.xsd, http://www.springframework.org/schema/util/spring-util-3.1.xsd=org/springframework/beans/factory/xml/spring-util-3.1.xsd, http://www.springframework.org/schema/beans/spring-beans-2.0.xsd=org/springframework/beans/factory/xml/spring-beans-2.0.xsd, http://www.springframework.org/schema/cache/spring-cache.xsd=org/springframework/cache/config/spring-cache-4.2.xsd, http://www.springframework.org/schema/tx/spring-tx.xsd=org/springframework/transaction/config/spring-tx-4.2.xsd, http://www.springframework.org/schema/lang/spring-lang-4.2.xsd=org/springframework/scripting/config/spring-lang-4.2.xsd, http://www.springframework.org/schema/context/spring-context-4.1.xsd=org/springframework/context/config/spring-context-4.1.xsd, http://www.springframework.org/schema/beans/spring-beans-2.5.xsd=org/springframework/beans/factory/xml/spring-beans-2.5.xsd, http://www.springframework.org/schema/tool/spring-tool-4.2.xsd=org/springframework/beans/factory/xml/spring-tool-4.2.xsd, http://www.springframework.org/schema/tx/spring-tx-2.0.xsd=org/springframework/transaction/config/spring-tx-2.0.xsd, http://www.springframework.org/schema/jee/spring-jee-4.2.xsd=org/springframework/ejb/config/spring-jee-4.2.xsd, http://www.springframework.org/schema/aop/spring-aop.xsd=org/springframework/aop/config/spring-aop-4.2.xsd}
2016-02-04 08:34:48,430 DEBUG   main [org.springframework.beans.factory.xml.PluggableSchemaResolver] Found XML schema [http://www.springframework.org/schema/beans/spring-beans.xsd] in classpath: org/springframework/beans/factory/xml/spring-beans-4.2.xsd
2016-02-04 08:34:48,475 TRACE   main [org.springframework.beans.factory.xml.PluggableSchemaResolver] Trying to resolve XML entity with public id [null] and system id [http://www.springframework.org/schema/context/spring-context.xsd]
2016-02-04 08:34:48,476 DEBUG   main [org.springframework.beans.factory.xml.PluggableSchemaResolver] Found XML schema [http://www.springframework.org/schema/context/spring-context.xsd] in classpath: org/springframework/context/config/spring-context-4.2.xsd
2016-02-04 08:34:48,488 TRACE   main [org.springframework.beans.factory.xml.PluggableSchemaResolver] Trying to resolve XML entity with public id [null] and system id [http://www.springframework.org/schema/tool/spring-tool-4.2.xsd]
2016-02-04 08:34:48,489 DEBUG   main [org.springframework.beans.factory.xml.PluggableSchemaResolver] Found XML schema [http://www.springframework.org/schema/tool/spring-tool-4.2.xsd] in classpath: org/springframework/beans/factory/xml/spring-tool-4.2.xsd
2016-02-04 08:34:48,496 TRACE   main [org.springframework.beans.factory.xml.PluggableSchemaResolver] Trying to resolve XML entity with public id [null] and system id [http://www.springframework.org/schema/ldap/spring-ldap.xsd]
2016-02-04 08:34:48,497 DEBUG   main [org.springframework.beans.factory.xml.PluggableSchemaResolver] Found XML schema [http://www.springframework.org/schema/ldap/spring-ldap.xsd] in classpath: org/springframework/ldap/config/spring-ldap-2.0.xsd
2016-02-04 08:34:48,509 TRACE   main [org.springframework.beans.factory.xml.PluggableSchemaResolver] Trying to resolve XML entity with public id [null] and system id [http://www.springframework.org/schema/data/repository/spring-repository.xsd]
2016-02-04 08:34:48,510 DEBUG   main [org.springframework.beans.factory.xml.PluggableSchemaResolver] Found XML schema [http://www.springframework.org/schema/data/repository/spring-repository.xsd] in classpath: org/springframework/data/repository/config/spring-repository-1.7.xsd
2016-02-04 08:34:48,527 DEBUG   main [org.springframework.beans.factory.xml.DefaultBeanDefinitionDocumentReader] Loading bean definitions
2016-02-04 08:34:48,538 DEBUG   main [org.springframework.beans.factory.xml.DefaultNamespaceHandlerResolver] Loaded NamespaceHandler mappings: {http://www.springframework.org/schema/p=org.springframework.beans.factory.xml.SimplePropertyNamespaceHandler, http://www.springframework.org/schema/util=org.springframework.beans.factory.xml.UtilNamespaceHandler, http://www.springframework.org/schema/jee=org.springframework.ejb.config.JeeNamespaceHandler, http://www.springframework.org/schema/aop=org.springframework.aop.config.AopNamespaceHandler, http://www.springframework.org/schema/data/repository=org.springframework.data.repository.config.RepositoryNameSpaceHandler, http://www.springframework.org/schema/cache=org.springframework.cache.config.CacheNamespaceHandler, http://www.springframework.org/schema/c=org.springframework.beans.factory.xml.SimpleConstructorNamespaceHandler, http://www.springframework.org/schema/ldap=org.springframework.ldap.config.LdapNamespaceHandler, http://www.springframework.org/schema/tx=org.springframework.transaction.config.TxNamespaceHandler, http://www.springframework.org/schema/task=org.springframework.scheduling.config.TaskNamespaceHandler, http://www.springframework.org/schema/lang=org.springframework.scripting.config.LangNamespaceHandler, http://www.springframework.org/schema/context=org.springframework.context.config.ContextNamespaceHandler}
2016-02-04 08:34:48,552 DEBUG   main [org.springframework.core.env.StandardEnvironment] Adding [systemProperties] PropertySource with lowest search precedence
2016-02-04 08:34:48,553 DEBUG   main [org.springframework.core.env.StandardEnvironment] Adding [systemEnvironment] PropertySource with lowest search precedence
2016-02-04 08:34:48,553 DEBUG   main [org.springframework.core.env.StandardEnvironment] Initialized StandardEnvironment with PropertySources [systemProperties,systemEnvironment]
2016-02-04 08:34:48,565 DEBUG   main [org.springframework.core.io.support.PathMatchingResourcePatternResolver] Looking for matching resources in directory tree [C:\Eclipse\workspace\spring-ldap-example\bin\gov\fema\adminportal\ldap]
2016-02-04 08:34:48,565 DEBUG   main [org.springframework.core.io.support.PathMatchingResourcePatternResolver] Searching directory [C:\Eclipse\workspace\spring-ldap-example\bin\gov\fema\adminportal\ldap] for files matching pattern [C:/Eclipse/workspace/spring-ldap-example/bin/gov/fema/adminportal/ldap/**/*.class]
2016-02-04 08:34:48,567 DEBUG   main [org.springframework.core.io.support.PathMatchingResourcePatternResolver] Searching directory [C:\Eclipse\workspace\spring-ldap-example\bin\gov\fema\adminportal\ldap\app] for files matching pattern [C:/Eclipse/workspace/spring-ldap-example/bin/gov/fema/adminportal/ldap/**/*.class]
2016-02-04 08:34:48,567 DEBUG   main [org.springframework.core.io.support.PathMatchingResourcePatternResolver] Searching directory [C:\Eclipse\workspace\spring-ldap-example\bin\gov\fema\adminportal\ldap\model] for files matching pattern [C:/Eclipse/workspace/spring-ldap-example/bin/gov/fema/adminportal/ldap/**/*.class]
2016-02-04 08:34:48,568 DEBUG   main [org.springframework.core.io.support.PathMatchingResourcePatternResolver] Searching directory [C:\Eclipse\workspace\spring-ldap-example\bin\gov\fema\adminportal\ldap\repository] for files matching pattern [C:/Eclipse/workspace/spring-ldap-example/bin/gov/fema/adminportal/ldap/**/*.class]
2016-02-04 08:34:48,570 DEBUG   main [org.springframework.core.io.support.PathMatchingResourcePatternResolver] Resolved location pattern [classpath*:gov/fema/adminportal/ldap/**/*.class] to resources [file [C:\Eclipse\workspace\spring-ldap-example\bin\gov\fema\adminportal\ldap\app\LdapApp.class], file [C:\Eclipse\workspace\spring-ldap-example\bin\gov\fema\adminportal\ldap\model\User.class], file [C:\Eclipse\workspace\spring-ldap-example\bin\gov\fema\adminportal\ldap\repository\UserRepository.class], file [C:\Eclipse\workspace\spring-ldap-example\bin\gov\fema\adminportal\ldap\repository\UserRepositoryImpl$MultipleAttributesMapper.class], file [C:\Eclipse\workspace\spring-ldap-example\bin\gov\fema\adminportal\ldap\repository\UserRepositoryImpl$SingleAttributesMapper.class], file [C:\Eclipse\workspace\spring-ldap-example\bin\gov\fema\adminportal\ldap\repository\UserRepositoryImpl$UserAttributesMapper.class], file [C:\Eclipse\workspace\spring-ldap-example\bin\gov\fema\adminportal\ldap\repository\UserRepositoryImpl.class]]
2016-02-04 08:34:48,570 TRACE   main [org.springframework.context.annotation.ClassPathBeanDefinitionScanner] Scanning file [C:\Eclipse\workspace\spring-ldap-example\bin\gov\fema\adminportal\ldap\app\LdapApp.class]
2016-02-04 08:34:48,584 TRACE   main [org.springframework.context.annotation.ClassPathBeanDefinitionScanner] Ignored because not matching any filter: file [C:\Eclipse\workspace\spring-ldap-example\bin\gov\fema\adminportal\ldap\app\LdapApp.class]
2016-02-04 08:34:48,584 TRACE   main [org.springframework.context.annotation.ClassPathBeanDefinitionScanner] Scanning file [C:\Eclipse\workspace\spring-ldap-example\bin\gov\fema\adminportal\ldap\model\User.class]
2016-02-04 08:34:48,585 TRACE   main [org.springframework.context.annotation.ClassPathBeanDefinitionScanner] Ignored because not matching any filter: file [C:\Eclipse\workspace\spring-ldap-example\bin\gov\fema\adminportal\ldap\model\User.class]
2016-02-04 08:34:48,585 TRACE   main [org.springframework.context.annotation.ClassPathBeanDefinitionScanner] Scanning file [C:\Eclipse\workspace\spring-ldap-example\bin\gov\fema\adminportal\ldap\repository\UserRepository.class]
2016-02-04 08:34:48,585 TRACE   main [org.springframework.context.annotation.ClassPathBeanDefinitionScanner] Ignored because not matching any filter: file [C:\Eclipse\workspace\spring-ldap-example\bin\gov\fema\adminportal\ldap\repository\UserRepository.class]
2016-02-04 08:34:48,585 TRACE   main [org.springframework.context.annotation.ClassPathBeanDefinitionScanner] Scanning file [C:\Eclipse\workspace\spring-ldap-example\bin\gov\fema\adminportal\ldap\repository\UserRepositoryImpl$MultipleAttributesMapper.class]
2016-02-04 08:34:48,586 TRACE   main [org.springframework.context.annotation.ClassPathBeanDefinitionScanner] Ignored because not matching any filter: file [C:\Eclipse\workspace\spring-ldap-example\bin\gov\fema\adminportal\ldap\repository\UserRepositoryImpl$MultipleAttributesMapper.class]
2016-02-04 08:34:48,586 TRACE   main [org.springframework.context.annotation.ClassPathBeanDefinitionScanner] Scanning file [C:\Eclipse\workspace\spring-ldap-example\bin\gov\fema\adminportal\ldap\repository\UserRepositoryImpl$SingleAttributesMapper.class]
2016-02-04 08:34:48,586 TRACE   main [org.springframework.context.annotation.ClassPathBeanDefinitionScanner] Ignored because not matching any filter: file [C:\Eclipse\workspace\spring-ldap-example\bin\gov\fema\adminportal\ldap\repository\UserRepositoryImpl$SingleAttributesMapper.class]
2016-02-04 08:34:48,586 TRACE   main [org.springframework.context.annotation.ClassPathBeanDefinitionScanner] Scanning file [C:\Eclipse\workspace\spring-ldap-example\bin\gov\fema\adminportal\ldap\repository\UserRepositoryImpl$UserAttributesMapper.class]
2016-02-04 08:34:48,587 TRACE   main [org.springframework.context.annotation.ClassPathBeanDefinitionScanner] Ignored because not matching any filter: file [C:\Eclipse\workspace\spring-ldap-example\bin\gov\fema\adminportal\ldap\repository\UserRepositoryImpl$UserAttributesMapper.class]
2016-02-04 08:34:48,587 TRACE   main [org.springframework.context.annotation.ClassPathBeanDefinitionScanner] Scanning file [C:\Eclipse\workspace\spring-ldap-example\bin\gov\fema\adminportal\ldap\repository\UserRepositoryImpl.class]
2016-02-04 08:34:48,604 DEBUG   main [org.springframework.context.annotation.ClassPathBeanDefinitionScanner] Identified candidate component class: file [C:\Eclipse\workspace\spring-ldap-example\bin\gov\fema\adminportal\ldap\repository\UserRepositoryImpl.class]
2016-02-04 08:34:48,645 DEBUG   main [org.springframework.beans.factory.xml.XmlBeanDefinitionReader] Loaded 9 bean definitions from location pattern [spring-ldap-example.xml]
2016-02-04 08:34:48,645 DEBUG   main [org.springframework.context.support.ClassPathXmlApplicationContext] Bean factory for org.springframework.context.support.ClassPathXmlApplicationContext@450faed3: org.springframework.beans.factory.support.DefaultListableBeanFactory@5c5d9afc: defining beans [userRepositoryImpl,org.springframework.context.annotation.internalConfigurationAnnotationProcessor,org.springframework.context.annotation.internalAutowiredAnnotationProcessor,org.springframework.context.annotation.internalRequiredAnnotationProcessor,org.springframework.context.annotation.internalCommonAnnotationProcessor,simpleDirContextAuthenticationStrategy,userReposImpl,contextSource,ldapTemplate]; root of factory hierarchy
2016-02-04 08:34:48,670 DEBUG   main [org.springframework.beans.factory.support.DefaultListableBeanFactory] Creating shared instance of singleton bean 'org.springframework.context.annotation.internalConfigurationAnnotationProcessor'
2016-02-04 08:34:48,670 DEBUG   main [org.springframework.beans.factory.support.DefaultListableBeanFactory] Creating instance of bean 'org.springframework.context.annotation.internalConfigurationAnnotationProcessor'
2016-02-04 08:34:48,683 DEBUG   main [org.springframework.beans.factory.support.DefaultListableBeanFactory] Eagerly caching bean 'org.springframework.context.annotation.internalConfigurationAnnotationProcessor' to allow for resolving potential circular references
2016-02-04 08:34:48,685 DEBUG   main [org.springframework.beans.factory.support.DefaultListableBeanFactory] Finished creating instance of bean 'org.springframework.context.annotation.internalConfigurationAnnotationProcessor'
2016-02-04 08:34:48,721 DEBUG   main [org.springframework.beans.factory.support.DefaultListableBeanFactory] Creating shared instance of singleton bean 'org.springframework.context.annotation.internalAutowiredAnnotationProcessor'
2016-02-04 08:34:48,722 DEBUG   main [org.springframework.beans.factory.support.DefaultListableBeanFactory] Creating instance of bean 'org.springframework.context.annotation.internalAutowiredAnnotationProcessor'
2016-02-04 08:34:48,723 DEBUG   main [org.springframework.beans.factory.support.DefaultListableBeanFactory] Eagerly caching bean 'org.springframework.context.annotation.internalAutowiredAnnotationProcessor' to allow for resolving potential circular references
2016-02-04 08:34:48,723 DEBUG   main [org.springframework.beans.factory.support.DefaultListableBeanFactory] Finished creating instance of bean 'org.springframework.context.annotation.internalAutowiredAnnotationProcessor'
2016-02-04 08:34:48,723 DEBUG   main [org.springframework.beans.factory.support.DefaultListableBeanFactory] Creating shared instance of singleton bean 'org.springframework.context.annotation.internalRequiredAnnotationProcessor'
2016-02-04 08:34:48,723 DEBUG   main [org.springframework.beans.factory.support.DefaultListableBeanFactory] Creating instance of bean 'org.springframework.context.annotation.internalRequiredAnnotationProcessor'
2016-02-04 08:34:48,723 DEBUG   main [org.springframework.beans.factory.support.DefaultListableBeanFactory] Eagerly caching bean 'org.springframework.context.annotation.internalRequiredAnnotationProcessor' to allow for resolving potential circular references
2016-02-04 08:34:48,723 DEBUG   main [org.springframework.beans.factory.support.DefaultListableBeanFactory] Finished creating instance of bean 'org.springframework.context.annotation.internalRequiredAnnotationProcessor'
2016-02-04 08:34:48,724 DEBUG   main [org.springframework.beans.factory.support.DefaultListableBeanFactory] Creating shared instance of singleton bean 'org.springframework.context.annotation.internalCommonAnnotationProcessor'
2016-02-04 08:34:48,724 DEBUG   main [org.springframework.beans.factory.support.DefaultListableBeanFactory] Creating instance of bean 'org.springframework.context.annotation.internalCommonAnnotationProcessor'
2016-02-04 08:34:48,727 DEBUG   main [org.springframework.beans.factory.support.DefaultListableBeanFactory] Eagerly caching bean 'org.springframework.context.annotation.internalCommonAnnotationProcessor' to allow for resolving potential circular references
2016-02-04 08:34:48,727 DEBUG   main [org.springframework.beans.factory.support.DefaultListableBeanFactory] Finished creating instance of bean 'org.springframework.context.annotation.internalCommonAnnotationProcessor'
2016-02-04 08:34:48,727 DEBUG   main [org.springframework.beans.factory.support.DefaultListableBeanFactory] Creating shared instance of singleton bean 'org.springframework.context.annotation.ConfigurationClassPostProcessor.importAwareProcessor'
2016-02-04 08:34:48,727 DEBUG   main [org.springframework.beans.factory.support.DefaultListableBeanFactory] Creating instance of bean 'org.springframework.context.annotation.ConfigurationClassPostProcessor.importAwareProcessor'
2016-02-04 08:34:48,727 DEBUG   main [org.springframework.beans.factory.support.DefaultListableBeanFactory] Eagerly caching bean 'org.springframework.context.annotation.ConfigurationClassPostProcessor.importAwareProcessor' to allow for resolving potential circular references
2016-02-04 08:34:48,727 DEBUG   main [org.springframework.beans.factory.support.DefaultListableBeanFactory] Finished creating instance of bean 'org.springframework.context.annotation.ConfigurationClassPostProcessor.importAwareProcessor'
2016-02-04 08:34:48,727 DEBUG   main [org.springframework.beans.factory.support.DefaultListableBeanFactory] Creating shared instance of singleton bean 'org.springframework.context.annotation.ConfigurationClassPostProcessor.enhancedConfigurationProcessor'
2016-02-04 08:34:48,728 DEBUG   main [org.springframework.beans.factory.support.DefaultListableBeanFactory] Creating instance of bean 'org.springframework.context.annotation.ConfigurationClassPostProcessor.enhancedConfigurationProcessor'
2016-02-04 08:34:48,728 DEBUG   main [org.springframework.beans.factory.support.DefaultListableBeanFactory] Eagerly caching bean 'org.springframework.context.annotation.ConfigurationClassPostProcessor.enhancedConfigurationProcessor' to allow for resolving potential circular references
2016-02-04 08:34:48,728 DEBUG   main [org.springframework.beans.factory.support.DefaultListableBeanFactory] Finished creating instance of bean 'org.springframework.context.annotation.ConfigurationClassPostProcessor.enhancedConfigurationProcessor'
2016-02-04 08:34:48,730 DEBUG   main [org.springframework.context.support.ClassPathXmlApplicationContext] Unable to locate MessageSource with name 'messageSource': using default [org.springframework.context.support.DelegatingMessageSource@423e8eb8]
2016-02-04 08:34:48,732 DEBUG   main [org.springframework.context.support.ClassPathXmlApplicationContext] Unable to locate ApplicationEventMulticaster with name 'applicationEventMulticaster': using default [org.springframework.context.event.SimpleApplicationEventMulticaster@2eaa00e4]
2016-02-04 08:34:48,732 DEBUG   main [org.springframework.beans.factory.support.DefaultListableBeanFactory] Pre-instantiating singletons in org.springframework.beans.factory.support.DefaultListableBeanFactory@5c5d9afc: defining beans [userRepositoryImpl,org.springframework.context.annotation.internalConfigurationAnnotationProcessor,org.springframework.context.annotation.internalAutowiredAnnotationProcessor,org.springframework.context.annotation.internalRequiredAnnotationProcessor,org.springframework.context.annotation.internalCommonAnnotationProcessor,simpleDirContextAuthenticationStrategy,userReposImpl,contextSource,ldapTemplate,org.springframework.context.annotation.ConfigurationClassPostProcessor.importAwareProcessor,org.springframework.context.annotation.ConfigurationClassPostProcessor.enhancedConfigurationProcessor]; root of factory hierarchy
2016-02-04 08:34:48,733 DEBUG   main [org.springframework.beans.factory.support.DefaultListableBeanFactory] Creating shared instance of singleton bean 'userRepositoryImpl'
2016-02-04 08:34:48,733 DEBUG   main [org.springframework.beans.factory.support.DefaultListableBeanFactory] Creating instance of bean 'userRepositoryImpl'
2016-02-04 08:34:48,745 DEBUG   main [org.springframework.beans.factory.annotation.InjectionMetadata] Registered injected element on class [gov.fema.adminportal.ldap.repository.UserRepositoryImpl]: AutowiredFieldElement for private org.springframework.ldap.core.LdapTemplate gov.fema.adminportal.ldap.repository.UserRepositoryImpl.ldapTemplate
2016-02-04 08:34:48,745 DEBUG   main [org.springframework.beans.factory.support.DefaultListableBeanFactory] Eagerly caching bean 'userRepositoryImpl' to allow for resolving potential circular references
2016-02-04 08:34:48,748 TRACE   main [org.springframework.core.io.support.SpringFactoriesLoader] Loaded [org.springframework.beans.BeanInfoFactory] names: [org.springframework.beans.ExtendedBeanInfoFactory]
2016-02-04 08:34:48,748 TRACE   main [org.springframework.beans.CachedIntrospectionResults] Getting BeanInfo for class [gov.fema.adminportal.ldap.repository.UserRepositoryImpl]
2016-02-04 08:34:48,752 TRACE   main [org.springframework.beans.CachedIntrospectionResults] Caching PropertyDescriptors for class [gov.fema.adminportal.ldap.repository.UserRepositoryImpl]
2016-02-04 08:34:48,752 TRACE   main [org.springframework.beans.CachedIntrospectionResults] Found bean property 'allUserNames' of type [java.util.List]
2016-02-04 08:34:48,754 TRACE   main [org.springframework.beans.CachedIntrospectionResults] Found bean property 'allUsers' of type [java.util.List]
2016-02-04 08:34:48,754 TRACE   main [org.springframework.beans.CachedIntrospectionResults] Found bean property 'class' of type [java.lang.Class]
2016-02-04 08:34:48,757 DEBUG   main [org.springframework.beans.factory.annotation.InjectionMetadata] Processing injected element of bean 'userRepositoryImpl': AutowiredFieldElement for private org.springframework.ldap.core.LdapTemplate gov.fema.adminportal.ldap.repository.UserRepositoryImpl.ldapTemplate
2016-02-04 08:34:48,761 DEBUG   main [org.springframework.beans.factory.support.DefaultListableBeanFactory] Creating shared instance of singleton bean 'ldapTemplate'
2016-02-04 08:34:48,761 DEBUG   main [org.springframework.beans.factory.support.DefaultListableBeanFactory] Creating instance of bean 'ldapTemplate'
2016-02-04 08:34:48,773 DEBUG   main [org.springframework.beans.factory.support.DefaultListableBeanFactory] Eagerly caching bean 'ldapTemplate' to allow for resolving potential circular references
2016-02-04 08:34:48,773 TRACE   main [org.springframework.beans.CachedIntrospectionResults] Getting BeanInfo for class [org.springframework.ldap.core.LdapTemplate]
2016-02-04 08:34:48,785 TRACE   main [org.springframework.beans.CachedIntrospectionResults] Caching PropertyDescriptors for class [org.springframework.ldap.core.LdapTemplate]
2016-02-04 08:34:48,785 TRACE   main [org.springframework.beans.CachedIntrospectionResults] Found bean property 'class' of type [java.lang.Class]
2016-02-04 08:34:48,785 TRACE   main [org.springframework.beans.CachedIntrospectionResults] Found bean property 'contextSource' of type [org.springframework.ldap.core.ContextSource]
2016-02-04 08:34:48,785 TRACE   main [org.springframework.beans.CachedIntrospectionResults] Found bean property 'defaultCountLimit' of type [int]
2016-02-04 08:34:48,786 TRACE   main [org.springframework.beans.CachedIntrospectionResults] Found bean property 'defaultSearchScope' of type [int]
2016-02-04 08:34:48,786 TRACE   main [org.springframework.beans.CachedIntrospectionResults] Found bean property 'defaultTimeLimit' of type [int]
2016-02-04 08:34:48,786 TRACE   main [org.springframework.beans.CachedIntrospectionResults] Found bean property 'ignoreNameNotFoundException' of type [boolean]
2016-02-04 08:34:48,786 TRACE   main [org.springframework.beans.CachedIntrospectionResults] Found bean property 'ignorePartialResultException' of type [boolean]
2016-02-04 08:34:48,786 TRACE   main [org.springframework.beans.CachedIntrospectionResults] Found bean property 'ignoreSizeLimitExceededException' of type [boolean]
2016-02-04 08:34:48,787 TRACE   main [org.springframework.beans.CachedIntrospectionResults] Found bean property 'objectDirectoryMapper' of type [org.springframework.ldap.odm.core.ObjectDirectoryMapper]
2016-02-04 08:34:48,789 DEBUG   main [org.springframework.beans.factory.support.DefaultListableBeanFactory] Creating shared instance of singleton bean 'contextSource'
2016-02-04 08:34:48,789 DEBUG   main [org.springframework.beans.factory.support.DefaultListableBeanFactory] Creating instance of bean 'contextSource'
2016-02-04 08:34:48,792 DEBUG   main [org.springframework.beans.factory.support.DefaultListableBeanFactory] Creating instance of bean '(inner bean)#1e7eee8f'
2016-02-04 08:34:48,807 TRACE   main [org.springframework.beans.CachedIntrospectionResults] Getting BeanInfo for class [org.springframework.ldap.core.support.LdapContextSource]
2016-02-04 08:34:48,811 TRACE   main [org.springframework.beans.CachedIntrospectionResults] Caching PropertyDescriptors for class [org.springframework.ldap.core.support.LdapContextSource]
2016-02-04 08:34:48,811 TRACE   main [org.springframework.beans.CachedIntrospectionResults] Found bean property 'anonymousReadOnly' of type [boolean]
2016-02-04 08:34:48,811 TRACE   main [org.springframework.beans.CachedIntrospectionResults] Found bean property 'authenticationSource' of type [org.springframework.ldap.core.AuthenticationSource]
2016-02-04 08:34:48,811 TRACE   main [org.springframework.beans.CachedIntrospectionResults] Found bean property 'authenticationStrategy' of type [org.springframework.ldap.core.support.DirContextAuthenticationStrategy]
2016-02-04 08:34:48,811 TRACE   main [org.springframework.beans.CachedIntrospectionResults] Found bean property 'base' of type [java.lang.String]
2016-02-04 08:34:48,812 TRACE   main [org.springframework.beans.CachedIntrospectionResults] Found bean property 'baseEnvironmentProperties' of type [java.util.Map]
2016-02-04 08:34:48,812 TRACE   main [org.springframework.beans.CachedIntrospectionResults] Found bean property 'baseLdapName' of type [javax.naming.ldap.LdapName]
2016-02-04 08:34:48,812 TRACE   main [org.springframework.beans.CachedIntrospectionResults] Found bean property 'baseLdapPath' of type [org.springframework.ldap.core.DistinguishedName]
2016-02-04 08:34:48,812 TRACE   main [org.springframework.beans.CachedIntrospectionResults] Found bean property 'baseLdapPathAsString' of type [java.lang.String]
2016-02-04 08:34:48,812 TRACE   main [org.springframework.beans.CachedIntrospectionResults] Found bean property 'cacheEnvironmentProperties' of type [boolean]
2016-02-04 08:34:48,812 TRACE   main [org.springframework.beans.CachedIntrospectionResults] Found bean property 'class' of type [java.lang.Class]
2016-02-04 08:34:48,812 TRACE   main [org.springframework.beans.CachedIntrospectionResults] Found bean property 'contextFactory' of type [java.lang.Class]
2016-02-04 08:34:48,812 TRACE   main [org.springframework.beans.CachedIntrospectionResults] Found bean property 'dirObjectFactory' of type [java.lang.Class]
2016-02-04 08:34:48,813 TRACE   main [org.springframework.beans.CachedIntrospectionResults] Found bean property 'password' of type [java.lang.String]
2016-02-04 08:34:48,813 TRACE   main [org.springframework.beans.CachedIntrospectionResults] Found bean property 'pooled' of type [boolean]
2016-02-04 08:34:48,813 TRACE   main [org.springframework.beans.CachedIntrospectionResults] Found bean property 'readOnlyContext' of type [javax.naming.directory.DirContext]
2016-02-04 08:34:48,813 TRACE   main [org.springframework.beans.CachedIntrospectionResults] Found bean property 'readWriteContext' of type [javax.naming.directory.DirContext]
2016-02-04 08:34:48,813 TRACE   main [org.springframework.beans.CachedIntrospectionResults] Found bean property 'referral' of type [java.lang.String]
2016-02-04 08:34:48,813 TRACE   main [org.springframework.beans.CachedIntrospectionResults] Found bean property 'url' of type [java.lang.String]
2016-02-04 08:34:48,813 TRACE   main [org.springframework.beans.CachedIntrospectionResults] Found bean property 'urls' of type [[Ljava.lang.String;]
2016-02-04 08:34:48,813 TRACE   main [org.springframework.beans.CachedIntrospectionResults] Found bean property 'userDn' of type [java.lang.String]
2016-02-04 08:34:48,817 DEBUG   main [org.springframework.beans.factory.support.DefaultListableBeanFactory] Creating instance of bean '(inner bean)#67cbabb9'
2016-02-04 08:34:48,820 TRACE   main [org.springframework.beans.CachedIntrospectionResults] Getting BeanInfo for class [[Ljava.lang.String;]
2016-02-04 08:34:48,821 TRACE   main [org.springframework.beans.CachedIntrospectionResults] Caching PropertyDescriptors for class [[Ljava.lang.String;]
2016-02-04 08:34:48,821 TRACE   main [org.springframework.beans.CachedIntrospectionResults] Found bean property 'class' of type [java.lang.Class]
2016-02-04 08:34:48,821 DEBUG   main [org.springframework.beans.factory.support.DefaultListableBeanFactory] Finished creating instance of bean '(inner bean)#67cbabb9'
2016-02-04 08:34:48,822 DEBUG   main [org.springframework.beans.factory.support.DefaultListableBeanFactory] Creating shared instance of singleton bean 'simpleDirContextAuthenticationStrategy'
2016-02-04 08:34:48,822 DEBUG   main [org.springframework.beans.factory.support.DefaultListableBeanFactory] Creating instance of bean 'simpleDirContextAuthenticationStrategy'
2016-02-04 08:34:48,823 DEBUG   main [org.springframework.beans.factory.support.DefaultListableBeanFactory] Eagerly caching bean 'simpleDirContextAuthenticationStrategy' to allow for resolving potential circular references
2016-02-04 08:34:48,823 TRACE   main [org.springframework.beans.CachedIntrospectionResults] Getting BeanInfo for class [org.springframework.ldap.core.support.SimpleDirContextAuthenticationStrategy]
2016-02-04 08:34:48,824 TRACE   main [org.springframework.beans.CachedIntrospectionResults] Caching PropertyDescriptors for class [org.springframework.ldap.core.support.SimpleDirContextAuthenticationStrategy]
2016-02-04 08:34:48,824 TRACE   main [org.springframework.beans.CachedIntrospectionResults] Found bean property 'class' of type [java.lang.Class]
2016-02-04 08:34:48,824 DEBUG   main [org.springframework.beans.factory.support.DefaultListableBeanFactory] Finished creating instance of bean 'simpleDirContextAuthenticationStrategy'
2016-02-04 08:34:48,825 DEBUG   main [org.springframework.beans.factory.support.DefaultListableBeanFactory] Invoking afterPropertiesSet() on bean with name '(inner bean)#1e7eee8f'
2016-02-04 08:34:48,828 DEBUG   main [org.springframework.beans.factory.support.DefaultListableBeanFactory] Finished creating instance of bean '(inner bean)#1e7eee8f'
2016-02-04 08:34:48,829 DEBUG   main [org.springframework.beans.factory.support.DefaultListableBeanFactory] Eagerly caching bean 'contextSource' to allow for resolving potential circular references
2016-02-04 08:34:48,830 TRACE   main [org.springframework.beans.CachedIntrospectionResults] Getting BeanInfo for class [org.springframework.ldap.transaction.compensating.manager.TransactionAwareContextSourceProxy]
2016-02-04 08:34:48,831 TRACE   main [org.springframework.beans.CachedIntrospectionResults] Caching PropertyDescriptors for class [org.springframework.ldap.transaction.compensating.manager.TransactionAwareContextSourceProxy]
2016-02-04 08:34:48,831 TRACE   main [org.springframework.beans.CachedIntrospectionResults] Found bean property 'baseLdapName' of type [javax.naming.ldap.LdapName]
2016-02-04 08:34:48,832 TRACE   main [org.springframework.beans.CachedIntrospectionResults] Found bean property 'baseLdapPath' of type [org.springframework.ldap.core.DistinguishedName]
2016-02-04 08:34:48,832 TRACE   main [org.springframework.beans.CachedIntrospectionResults] Found bean property 'baseLdapPathAsString' of type [java.lang.String]
2016-02-04 08:34:48,832 TRACE   main [org.springframework.beans.CachedIntrospectionResults] Found bean property 'class' of type [java.lang.Class]
2016-02-04 08:34:48,832 TRACE   main [org.springframework.beans.CachedIntrospectionResults] Found bean property 'readOnlyContext' of type [javax.naming.directory.DirContext]
2016-02-04 08:34:48,832 TRACE   main [org.springframework.beans.CachedIntrospectionResults] Found bean property 'readWriteContext' of type [javax.naming.directory.DirContext]
2016-02-04 08:34:48,832 TRACE   main [org.springframework.beans.CachedIntrospectionResults] Found bean property 'target' of type [org.springframework.ldap.core.ContextSource]
2016-02-04 08:34:48,832 DEBUG   main [org.springframework.beans.factory.support.DefaultListableBeanFactory] Finished creating instance of bean 'contextSource'
2016-02-04 08:34:48,833 DEBUG   main [org.springframework.beans.factory.support.DefaultListableBeanFactory] Invoking afterPropertiesSet() on bean with name 'ldapTemplate'
2016-02-04 08:34:48,833 DEBUG   main [org.springframework.beans.factory.support.DefaultListableBeanFactory] Finished creating instance of bean 'ldapTemplate'
2016-02-04 08:34:48,833 DEBUG   main [org.springframework.beans.factory.annotation.AutowiredAnnotationBeanPostProcessor] Autowiring by type from bean name 'userRepositoryImpl' to bean named 'ldapTemplate'
2016-02-04 08:34:48,833 DEBUG   main [org.springframework.beans.factory.support.DefaultListableBeanFactory] Finished creating instance of bean 'userRepositoryImpl'
2016-02-04 08:34:48,833 DEBUG   main [org.springframework.beans.factory.support.DefaultListableBeanFactory] Returning cached instance of singleton bean 'org.springframework.context.annotation.internalConfigurationAnnotationProcessor'
2016-02-04 08:34:48,834 DEBUG   main [org.springframework.beans.factory.support.DefaultListableBeanFactory] Returning cached instance of singleton bean 'org.springframework.context.annotation.internalAutowiredAnnotationProcessor'
2016-02-04 08:34:48,834 DEBUG   main [org.springframework.beans.factory.support.DefaultListableBeanFactory] Returning cached instance of singleton bean 'org.springframework.context.annotation.internalRequiredAnnotationProcessor'
2016-02-04 08:34:48,834 DEBUG   main [org.springframework.beans.factory.support.DefaultListableBeanFactory] Returning cached instance of singleton bean 'org.springframework.context.annotation.internalCommonAnnotationProcessor'
2016-02-04 08:34:48,834 DEBUG   main [org.springframework.beans.factory.support.DefaultListableBeanFactory] Returning cached instance of singleton bean 'simpleDirContextAuthenticationStrategy'
2016-02-04 08:34:48,834 DEBUG   main [org.springframework.beans.factory.support.DefaultListableBeanFactory] Creating shared instance of singleton bean 'userReposImpl'
2016-02-04 08:34:48,834 DEBUG   main [org.springframework.beans.factory.support.DefaultListableBeanFactory] Creating instance of bean 'userReposImpl'
2016-02-04 08:34:48,835 DEBUG   main [org.springframework.beans.factory.annotation.InjectionMetadata] Registered injected element on class [gov.fema.adminportal.ldap.repository.UserRepositoryImpl]: AutowiredFieldElement for private org.springframework.ldap.core.LdapTemplate gov.fema.adminportal.ldap.repository.UserRepositoryImpl.ldapTemplate
2016-02-04 08:34:48,835 DEBUG   main [org.springframework.beans.factory.support.DefaultListableBeanFactory] Eagerly caching bean 'userReposImpl' to allow for resolving potential circular references
2016-02-04 08:34:48,835 DEBUG   main [org.springframework.beans.factory.annotation.InjectionMetadata] Processing injected element of bean 'userReposImpl': AutowiredFieldElement for private org.springframework.ldap.core.LdapTemplate gov.fema.adminportal.ldap.repository.UserRepositoryImpl.ldapTemplate
2016-02-04 08:34:48,835 DEBUG   main [org.springframework.beans.factory.support.DefaultListableBeanFactory] Returning cached instance of singleton bean 'ldapTemplate'
2016-02-04 08:34:48,835 DEBUG   main [org.springframework.beans.factory.annotation.AutowiredAnnotationBeanPostProcessor] Autowiring by type from bean name 'userReposImpl' to bean named 'ldapTemplate'
2016-02-04 08:34:48,836 DEBUG   main [org.springframework.beans.factory.support.DefaultListableBeanFactory] Finished creating instance of bean 'userReposImpl'
2016-02-04 08:34:48,836 DEBUG   main [org.springframework.beans.factory.support.DefaultListableBeanFactory] Returning cached instance of singleton bean 'contextSource'
2016-02-04 08:34:48,836 DEBUG   main [org.springframework.beans.factory.support.DefaultListableBeanFactory] Returning cached instance of singleton bean 'ldapTemplate'
2016-02-04 08:34:48,836 DEBUG   main [org.springframework.beans.factory.support.DefaultListableBeanFactory] Returning cached instance of singleton bean 'org.springframework.context.annotation.ConfigurationClassPostProcessor.importAwareProcessor'
2016-02-04 08:34:48,836 DEBUG   main [org.springframework.beans.factory.support.DefaultListableBeanFactory] Returning cached instance of singleton bean 'org.springframework.context.annotation.ConfigurationClassPostProcessor.enhancedConfigurationProcessor'
2016-02-04 08:34:48,837 DEBUG   main [org.springframework.context.support.ClassPathXmlApplicationContext] Unable to locate LifecycleProcessor with name 'lifecycleProcessor': using default [org.springframework.context.support.DefaultLifecycleProcessor@7c1ba98b]
2016-02-04 08:34:48,837 DEBUG   main [org.springframework.beans.factory.support.DefaultListableBeanFactory] Returning cached instance of singleton bean 'lifecycleProcessor'
2016-02-04 08:34:48,838 TRACE   main [org.springframework.context.support.ClassPathXmlApplicationContext] Publishing event in org.springframework.context.support.ClassPathXmlApplicationContext@450faed3: org.springframework.context.event.ContextRefreshedEvent[source=org.springframework.context.support.ClassPathXmlApplicationContext@450faed3: startup date [Thu Feb 04 08:34:48 EST 2016]; root of context hierarchy]
2016-02-04 08:34:48,839 TRACE   main [org.springframework.core.env.PropertySourcesPropertyResolver] getProperty("spring.liveBeansView.mbeanDomain", String)
2016-02-04 08:34:48,839 DEBUG   main [org.springframework.core.env.PropertySourcesPropertyResolver] Searching for key 'spring.liveBeansView.mbeanDomain' in [systemProperties]
2016-02-04 08:34:48,839 DEBUG   main [org.springframework.core.env.PropertySourcesPropertyResolver] Searching for key 'spring.liveBeansView.mbeanDomain' in [systemEnvironment]
2016-02-04 08:34:48,840 DEBUG   main [org.springframework.core.env.PropertySourcesPropertyResolver] Could not find key 'spring.liveBeansView.mbeanDomain' in any property source. Returning [null]
2016-02-04 08:34:48,840 INFO   main [gov.fema.adminportal.ldap.app.LdapApp] Test started at Thu Feb 04 08:34:48 EST 2016
2016-02-04 08:34:48,840 DEBUG   main [org.springframework.beans.factory.support.DefaultListableBeanFactory] Returning cached instance of singleton bean 'userReposImpl'
2016-02-04 08:34:48,840 INFO   main [gov.fema.adminportal.ldap.repository.UserRepositoryImpl] executing {createUser}
2016-02-04 08:35:18,815 DEBUG   main [org.springframework.core.env.StandardEnvironment] Adding [systemProperties] PropertySource with lowest search precedence
2016-02-04 08:35:18,821 DEBUG   main [org.springframework.core.env.StandardEnvironment] Adding [systemEnvironment] PropertySource with lowest search precedence
2016-02-04 08:35:18,821 DEBUG   main [org.springframework.core.env.StandardEnvironment] Initialized StandardEnvironment with PropertySources [systemProperties,systemEnvironment]
2016-02-04 08:35:18,827 INFO   main [org.springframework.context.support.ClassPathXmlApplicationContext] Refreshing org.springframework.context.support.ClassPathXmlApplicationContext@89ec211: startup date [Thu Feb 04 08:35:18 EST 2016]; root of context hierarchy
2016-02-04 08:35:18,865 DEBUG   main [org.springframework.core.env.StandardEnvironment] Adding [systemProperties] PropertySource with lowest search precedence
2016-02-04 08:35:18,865 DEBUG   main [org.springframework.core.env.StandardEnvironment] Adding [systemEnvironment] PropertySource with lowest search precedence
2016-02-04 08:35:18,865 DEBUG   main [org.springframework.core.env.StandardEnvironment] Initialized StandardEnvironment with PropertySources [systemProperties,systemEnvironment]
2016-02-04 08:35:18,878 INFO   main [org.springframework.beans.factory.xml.XmlBeanDefinitionReader] Loading XML bean definitions from class path resource [spring-ldap-example.xml]
2016-02-04 08:35:18,881 DEBUG   main [org.springframework.beans.factory.xml.DefaultDocumentLoader] Using JAXP provider [com.sun.org.apache.xerces.internal.jaxp.DocumentBuilderFactoryImpl]
2016-02-04 08:35:18,902 TRACE   main [org.springframework.beans.factory.xml.PluggableSchemaResolver] Trying to resolve XML entity with public id [null] and system id [http://www.springframework.org/schema/beans/spring-beans.xsd]
2016-02-04 08:35:18,902 DEBUG   main [org.springframework.beans.factory.xml.PluggableSchemaResolver] Loading schema mappings from [META-INF/spring.schemas]
2016-02-04 08:35:18,912 DEBUG   main [org.springframework.beans.factory.xml.PluggableSchemaResolver] Loaded schema mappings: {http://www.springframework.org/schema/tx/spring-tx-2.5.xsd=org/springframework/transaction/config/spring-tx-2.5.xsd, http://www.springframework.org/schema/cache/spring-cache-4.2.xsd=org/springframework/cache/config/spring-cache-4.2.xsd, http://www.springframework.org/schema/aop/spring-aop-4.1.xsd=org/springframework/aop/config/spring-aop-4.1.xsd, http://www.springframework.org/schema/context/spring-context-3.1.xsd=org/springframework/context/config/spring-context-3.1.xsd, http://www.springframework.org/schema/data/repository/spring-repository-1.4.xsd=org/springframework/data/repository/config/spring-repository-1.4.xsd, http://www.springframework.org/schema/util/spring-util-3.0.xsd=org/springframework/beans/factory/xml/spring-util-3.0.xsd, http://www.springframework.org/schema/tool/spring-tool.xsd=org/springframework/beans/factory/xml/spring-tool-4.2.xsd, http://www.springframework.org/schema/aop/spring-aop-3.2.xsd=org/springframework/aop/config/spring-aop-3.2.xsd, http://www.springframework.org/schema/lang/spring-lang-4.1.xsd=org/springframework/scripting/config/spring-lang-4.1.xsd, http://www.springframework.org/schema/context/spring-context-4.0.xsd=org/springframework/context/config/spring-context-4.0.xsd, http://www.springframework.org/schema/beans/spring-beans-4.2.xsd=org/springframework/beans/factory/xml/spring-beans-4.2.xsd, http://www.springframework.org/schema/tool/spring-tool-4.1.xsd=org/springframework/beans/factory/xml/spring-tool-4.1.xsd, http://www.springframework.org/schema/lang/spring-lang-3.2.xsd=org/springframework/scripting/config/spring-lang-3.2.xsd, http://www.springframework.org/schema/cache/spring-cache-3.2.xsd=org/springframework/cache/config/spring-cache-3.2.xsd, http://www.springframework.org/schema/jee/spring-jee-4.1.xsd=org/springframework/ejb/config/spring-jee-4.1.xsd, http://www.springframework.org/schema/task/spring-task-4.2.xsd=org/springframework/scheduling/config/spring-task-4.2.xsd, http://www.springframework.org/schema/util/spring-util-2.0.xsd=org/springframework/beans/factory/xml/spring-util-2.0.xsd, http://www.springframework.org/schema/tool/spring-tool-3.2.xsd=org/springframework/beans/factory/xml/spring-tool-3.2.xsd, http://www.springframework.org/schema/context/spring-context.xsd=org/springframework/context/config/spring-context-4.2.xsd, http://www.springframework.org/schema/tx/spring-tx-4.2.xsd=org/springframework/transaction/config/spring-tx-4.2.xsd, http://www.springframework.org/schema/cache/spring-cache-4.1.xsd=org/springframework/cache/config/spring-cache-4.1.xsd, http://www.springframework.org/schema/aop/spring-aop-4.0.xsd=org/springframework/aop/config/spring-aop-4.0.xsd, http://www.springframework.org/schema/jee/spring-jee-3.2.xsd=org/springframework/ejb/config/spring-jee-3.2.xsd, http://www.springframework.org/schema/context/spring-context-3.0.xsd=org/springframework/context/config/spring-context-3.0.xsd, http://www.springframework.org/schema/util/spring-util-2.5.xsd=org/springframework/beans/factory/xml/spring-util-2.5.xsd, http://www.springframework.org/schema/beans/spring-beans-3.2.xsd=org/springframework/beans/factory/xml/spring-beans-3.2.xsd, http://www.springframework.org/schema/aop/spring-aop-3.1.xsd=org/springframework/aop/config/spring-aop-3.1.xsd, http://www.springframework.org/schema/ldap/spring-ldap-2.0.xsd=org/springframework/ldap/config/spring-ldap-2.0.xsd, http://www.springframework.org/schema/lang/spring-lang-4.0.xsd=org/springframework/scripting/config/spring-lang-4.0.xsd, http://www.springframework.org/schema/beans/spring-beans-4.1.xsd=org/springframework/beans/factory/xml/spring-beans-4.1.xsd, http://www.springframework.org/schema/tool/spring-tool-4.0.xsd=org/springframework/beans/factory/xml/spring-tool-4.0.xsd, http://www.springframework.org/schema/tx/spring-tx-3.2.xsd=org/springframework/transaction/config/spring-tx-3.2.xsd, http://www.springframework.org/schema/lang/spring-lang-3.1.xsd=org/springframework/scripting/config/spring-lang-3.1.xsd, http://www.springframework.org/schema/cache/spring-cache-3.1.xsd=org/springframework/cache/config/spring-cache-3.1.xsd, http://www.springframework.org/schema/jee/spring-jee-4.0.xsd=org/springframework/ejb/config/spring-jee-4.0.xsd, http://www.springframework.org/schema/task/spring-task-4.1.xsd=org/springframework/scheduling/config/spring-task-4.1.xsd, http://www.springframework.org/schema/tool/spring-tool-3.1.xsd=org/springframework/beans/factory/xml/spring-tool-3.1.xsd, http://www.springframework.org/schema/tx/spring-tx-4.1.xsd=org/springframework/transaction/config/spring-tx-4.1.xsd, http://www.springframework.org/schema/cache/spring-cache-4.0.xsd=org/springframework/cache/config/spring-cache-4.0.xsd, http://www.springframework.org/schema/jee/spring-jee-3.1.xsd=org/springframework/ejb/config/spring-jee-3.1.xsd, http://www.springframework.org/schema/task/spring-task-3.2.xsd=org/springframework/scheduling/config/spring-task-3.2.xsd, http://www.springframework.org/schema/util/spring-util-4.2.xsd=org/springframework/beans/factory/xml/spring-util-4.2.xsd, http://www.springframework.org/schema/beans/spring-beans-3.1.xsd=org/springframework/beans/factory/xml/spring-beans-3.1.xsd, http://www.springframework.org/schema/util/spring-util.xsd=org/springframework/beans/factory/xml/spring-util-4.2.xsd, http://www.springframework.org/schema/aop/spring-aop-3.0.xsd=org/springframework/aop/config/spring-aop-3.0.xsd, http://www.springframework.org/schema/data/repository/spring-repository.xsd=org/springframework/data/repository/config/spring-repository-1.7.xsd, http://www.springframework.org/schema/data/repository/spring-repository-1.7.xsd=org/springframework/data/repository/config/spring-repository-1.7.xsd, http://www.springframework.org/schema/ldap/spring-ldap.xsd=org/springframework/ldap/config/spring-ldap-2.0.xsd, http://www.springframework.org/schema/beans/spring-beans-4.0.xsd=org/springframework/beans/factory/xml/spring-beans-4.0.xsd, http://www.springframework.org/schema/beans/spring-beans.xsd=org/springframework/beans/factory/xml/spring-beans-4.2.xsd, http://www.springframework.org/schema/tx/spring-tx-3.1.xsd=org/springframework/transaction/config/spring-tx-3.1.xsd, http://www.springframework.org/schema/lang/spring-lang-3.0.xsd=org/springframework/scripting/config/spring-lang-3.0.xsd, http://www.springframework.org/schema/context/spring-context-2.5.xsd=org/springframework/context/config/spring-context-2.5.xsd, http://www.springframework.org/schema/task/spring-task-4.0.xsd=org/springframework/scheduling/config/spring-task-4.0.xsd, http://www.springframework.org/schema/tool/spring-tool-3.0.xsd=org/springframework/beans/factory/xml/spring-tool-3.0.xsd, http://www.springframework.org/schema/tx/spring-tx-4.0.xsd=org/springframework/transaction/config/spring-tx-4.0.xsd, http://www.springframework.org/schema/aop/spring-aop-2.0.xsd=org/springframework/aop/config/spring-aop-2.0.xsd, http://www.springframework.org/schema/jee/spring-jee-3.0.xsd=org/springframework/ejb/config/spring-jee-3.0.xsd, http://www.springframework.org/schema/util/spring-util-4.1.xsd=org/springframework/beans/factory/xml/spring-util-4.1.xsd, http://www.springframework.org/schema/task/spring-task-3.1.xsd=org/springframework/scheduling/config/spring-task-3.1.xsd, http://www.springframework.org/schema/beans/spring-beans-3.0.xsd=org/springframework/beans/factory/xml/spring-beans-3.0.xsd, http://www.springframework.org/schema/jee/spring-jee.xsd=org/springframework/ejb/config/spring-jee-4.2.xsd, http://www.springframework.org/schema/aop/spring-aop-2.5.xsd=org/springframework/aop/config/spring-aop-2.5.xsd, http://www.springframework.org/schema/lang/spring-lang-2.0.xsd=org/springframework/scripting/config/spring-lang-2.0.xsd, http://www.springframework.org/schema/data/repository/spring-repository-1.6.xsd=org/springframework/data/repository/config/spring-repository-1.6.xsd, http://www.springframework.org/schema/util/spring-util-3.2.xsd=org/springframework/beans/factory/xml/spring-util-3.2.xsd, http://www.springframework.org/schema/task/spring-task.xsd=org/springframework/scheduling/config/spring-task-4.2.xsd, http://www.springframework.org/schema/tool/spring-tool-2.0.xsd=org/springframework/beans/factory/xml/spring-tool-2.0.xsd, http://www.springframework.org/schema/tx/spring-tx-3.0.xsd=org/springframework/transaction/config/spring-tx-3.0.xsd, http://www.springframework.org/schema/lang/spring-lang-2.5.xsd=org/springframework/scripting/config/spring-lang-2.5.xsd, http://www.springframework.org/schema/context/spring-context-4.2.xsd=org/springframework/context/config/spring-context-4.2.xsd, http://www.springframework.org/schema/jee/spring-jee-2.0.xsd=org/springframework/ejb/config/spring-jee-2.0.xsd, http://www.springframework.org/schema/tool/spring-tool-2.5.xsd=org/springframework/beans/factory/xml/spring-tool-2.5.xsd, http://www.springframework.org/schema/jee/spring-jee-2.5.xsd=org/springframework/ejb/config/spring-jee-2.5.xsd, http://www.springframework.org/schema/data/repository/spring-repository-1.0.xsd=org/springframework/data/repository/config/spring-repository-1.0.xsd, http://www.springframework.org/schema/util/spring-util-4.0.xsd=org/springframework/beans/factory/xml/spring-util-4.0.xsd, http://www.springframework.org/schema/task/spring-task-3.0.xsd=org/springframework/scheduling/config/spring-task-3.0.xsd, http://www.springframework.org/schema/aop/spring-aop-4.2.xsd=org/springframework/aop/config/spring-aop-4.2.xsd, http://www.springframework.org/schema/lang/spring-lang.xsd=org/springframework/scripting/config/spring-lang-4.2.xsd, http://www.springframework.org/schema/context/spring-context-3.2.xsd=org/springframework/context/config/spring-context-3.2.xsd, http://www.springframework.org/schema/data/repository/spring-repository-1.5.xsd=org/springframework/data/repository/config/spring-repository-1.5.xsd, http://www.springframework.org/schema/util/spring-util-3.1.xsd=org/springframework/beans/factory/xml/spring-util-3.1.xsd, http://www.springframework.org/schema/beans/spring-beans-2.0.xsd=org/springframework/beans/factory/xml/spring-beans-2.0.xsd, http://www.springframework.org/schema/cache/spring-cache.xsd=org/springframework/cache/config/spring-cache-4.2.xsd, http://www.springframework.org/schema/tx/spring-tx.xsd=org/springframework/transaction/config/spring-tx-4.2.xsd, http://www.springframework.org/schema/lang/spring-lang-4.2.xsd=org/springframework/scripting/config/spring-lang-4.2.xsd, http://www.springframework.org/schema/context/spring-context-4.1.xsd=org/springframework/context/config/spring-context-4.1.xsd, http://www.springframework.org/schema/beans/spring-beans-2.5.xsd=org/springframework/beans/factory/xml/spring-beans-2.5.xsd, http://www.springframework.org/schema/tool/spring-tool-4.2.xsd=org/springframework/beans/factory/xml/spring-tool-4.2.xsd, http://www.springframework.org/schema/tx/spring-tx-2.0.xsd=org/springframework/transaction/config/spring-tx-2.0.xsd, http://www.springframework.org/schema/jee/spring-jee-4.2.xsd=org/springframework/ejb/config/spring-jee-4.2.xsd, http://www.springframework.org/schema/aop/spring-aop.xsd=org/springframework/aop/config/spring-aop-4.2.xsd}
2016-02-04 08:35:18,916 DEBUG   main [org.springframework.beans.factory.xml.PluggableSchemaResolver] Found XML schema [http://www.springframework.org/schema/beans/spring-beans.xsd] in classpath: org/springframework/beans/factory/xml/spring-beans-4.2.xsd
2016-02-04 08:35:18,978 TRACE   main [org.springframework.beans.factory.xml.PluggableSchemaResolver] Trying to resolve XML entity with public id [null] and system id [http://www.springframework.org/schema/context/spring-context.xsd]
2016-02-04 08:35:18,980 DEBUG   main [org.springframework.beans.factory.xml.PluggableSchemaResolver] Found XML schema [http://www.springframework.org/schema/context/spring-context.xsd] in classpath: org/springframework/context/config/spring-context-4.2.xsd
2016-02-04 08:35:18,991 TRACE   main [org.springframework.beans.factory.xml.PluggableSchemaResolver] Trying to resolve XML entity with public id [null] and system id [http://www.springframework.org/schema/tool/spring-tool-4.2.xsd]
2016-02-04 08:35:18,992 DEBUG   main [org.springframework.beans.factory.xml.PluggableSchemaResolver] Found XML schema [http://www.springframework.org/schema/tool/spring-tool-4.2.xsd] in classpath: org/springframework/beans/factory/xml/spring-tool-4.2.xsd
2016-02-04 08:35:19,001 TRACE   main [org.springframework.beans.factory.xml.PluggableSchemaResolver] Trying to resolve XML entity with public id [null] and system id [http://www.springframework.org/schema/ldap/spring-ldap.xsd]
2016-02-04 08:35:19,002 DEBUG   main [org.springframework.beans.factory.xml.PluggableSchemaResolver] Found XML schema [http://www.springframework.org/schema/ldap/spring-ldap.xsd] in classpath: org/springframework/ldap/config/spring-ldap-2.0.xsd
2016-02-04 08:35:19,013 TRACE   main [org.springframework.beans.factory.xml.PluggableSchemaResolver] Trying to resolve XML entity with public id [null] and system id [http://www.springframework.org/schema/data/repository/spring-repository.xsd]
2016-02-04 08:35:19,014 DEBUG   main [org.springframework.beans.factory.xml.PluggableSchemaResolver] Found XML schema [http://www.springframework.org/schema/data/repository/spring-repository.xsd] in classpath: org/springframework/data/repository/config/spring-repository-1.7.xsd
2016-02-04 08:35:19,034 DEBUG   main [org.springframework.beans.factory.xml.DefaultBeanDefinitionDocumentReader] Loading bean definitions
2016-02-04 08:35:19,045 DEBUG   main [org.springframework.beans.factory.xml.DefaultNamespaceHandlerResolver] Loaded NamespaceHandler mappings: {http://www.springframework.org/schema/p=org.springframework.beans.factory.xml.SimplePropertyNamespaceHandler, http://www.springframework.org/schema/util=org.springframework.beans.factory.xml.UtilNamespaceHandler, http://www.springframework.org/schema/jee=org.springframework.ejb.config.JeeNamespaceHandler, http://www.springframework.org/schema/aop=org.springframework.aop.config.AopNamespaceHandler, http://www.springframework.org/schema/data/repository=org.springframework.data.repository.config.RepositoryNameSpaceHandler, http://www.springframework.org/schema/cache=org.springframework.cache.config.CacheNamespaceHandler, http://www.springframework.org/schema/c=org.springframework.beans.factory.xml.SimpleConstructorNamespaceHandler, http://www.springframework.org/schema/ldap=org.springframework.ldap.config.LdapNamespaceHandler, http://www.springframework.org/schema/tx=org.springframework.transaction.config.TxNamespaceHandler, http://www.springframework.org/schema/task=org.springframework.scheduling.config.TaskNamespaceHandler, http://www.springframework.org/schema/lang=org.springframework.scripting.config.LangNamespaceHandler, http://www.springframework.org/schema/context=org.springframework.context.config.ContextNamespaceHandler}
2016-02-04 08:35:19,057 DEBUG   main [org.springframework.core.env.StandardEnvironment] Adding [systemProperties] PropertySource with lowest search precedence
2016-02-04 08:35:19,057 DEBUG   main [org.springframework.core.env.StandardEnvironment] Adding [systemEnvironment] PropertySource with lowest search precedence
2016-02-04 08:35:19,058 DEBUG   main [org.springframework.core.env.StandardEnvironment] Initialized StandardEnvironment with PropertySources [systemProperties,systemEnvironment]
2016-02-04 08:35:19,068 DEBUG   main [org.springframework.core.io.support.PathMatchingResourcePatternResolver] Looking for matching resources in directory tree [C:\Eclipse\workspace\spring-ldap-example\bin\gov\fema\adminportal\ldap]
2016-02-04 08:35:19,069 DEBUG   main [org.springframework.core.io.support.PathMatchingResourcePatternResolver] Searching directory [C:\Eclipse\workspace\spring-ldap-example\bin\gov\fema\adminportal\ldap] for files matching pattern [C:/Eclipse/workspace/spring-ldap-example/bin/gov/fema/adminportal/ldap/**/*.class]
2016-02-04 08:35:19,070 DEBUG   main [org.springframework.core.io.support.PathMatchingResourcePatternResolver] Searching directory [C:\Eclipse\workspace\spring-ldap-example\bin\gov\fema\adminportal\ldap\app] for files matching pattern [C:/Eclipse/workspace/spring-ldap-example/bin/gov/fema/adminportal/ldap/**/*.class]
2016-02-04 08:35:19,071 DEBUG   main [org.springframework.core.io.support.PathMatchingResourcePatternResolver] Searching directory [C:\Eclipse\workspace\spring-ldap-example\bin\gov\fema\adminportal\ldap\model] for files matching pattern [C:/Eclipse/workspace/spring-ldap-example/bin/gov/fema/adminportal/ldap/**/*.class]
2016-02-04 08:35:19,071 DEBUG   main [org.springframework.core.io.support.PathMatchingResourcePatternResolver] Searching directory [C:\Eclipse\workspace\spring-ldap-example\bin\gov\fema\adminportal\ldap\repository] for files matching pattern [C:/Eclipse/workspace/spring-ldap-example/bin/gov/fema/adminportal/ldap/**/*.class]
2016-02-04 08:35:19,073 DEBUG   main [org.springframework.core.io.support.PathMatchingResourcePatternResolver] Resolved location pattern [classpath*:gov/fema/adminportal/ldap/**/*.class] to resources [file [C:\Eclipse\workspace\spring-ldap-example\bin\gov\fema\adminportal\ldap\app\LdapApp.class], file [C:\Eclipse\workspace\spring-ldap-example\bin\gov\fema\adminportal\ldap\model\User.class], file [C:\Eclipse\workspace\spring-ldap-example\bin\gov\fema\adminportal\ldap\repository\UserRepository.class], file [C:\Eclipse\workspace\spring-ldap-example\bin\gov\fema\adminportal\ldap\repository\UserRepositoryImpl$MultipleAttributesMapper.class], file [C:\Eclipse\workspace\spring-ldap-example\bin\gov\fema\adminportal\ldap\repository\UserRepositoryImpl$SingleAttributesMapper.class], file [C:\Eclipse\workspace\spring-ldap-example\bin\gov\fema\adminportal\ldap\repository\UserRepositoryImpl$UserAttributesMapper.class], file [C:\Eclipse\workspace\spring-ldap-example\bin\gov\fema\adminportal\ldap\repository\UserRepositoryImpl.class]]
2016-02-04 08:35:19,073 TRACE   main [org.springframework.context.annotation.ClassPathBeanDefinitionScanner] Scanning file [C:\Eclipse\workspace\spring-ldap-example\bin\gov\fema\adminportal\ldap\app\LdapApp.class]
2016-02-04 08:35:19,088 TRACE   main [org.springframework.context.annotation.ClassPathBeanDefinitionScanner] Ignored because not matching any filter: file [C:\Eclipse\workspace\spring-ldap-example\bin\gov\fema\adminportal\ldap\app\LdapApp.class]
2016-02-04 08:35:19,088 TRACE   main [org.springframework.context.annotation.ClassPathBeanDefinitionScanner] Scanning file [C:\Eclipse\workspace\spring-ldap-example\bin\gov\fema\adminportal\ldap\model\User.class]
2016-02-04 08:35:19,089 TRACE   main [org.springframework.context.annotation.ClassPathBeanDefinitionScanner] Ignored because not matching any filter: file [C:\Eclipse\workspace\spring-ldap-example\bin\gov\fema\adminportal\ldap\model\User.class]
2016-02-04 08:35:19,089 TRACE   main [org.springframework.context.annotation.ClassPathBeanDefinitionScanner] Scanning file [C:\Eclipse\workspace\spring-ldap-example\bin\gov\fema\adminportal\ldap\repository\UserRepository.class]
2016-02-04 08:35:19,089 TRACE   main [org.springframework.context.annotation.ClassPathBeanDefinitionScanner] Ignored because not matching any filter: file [C:\Eclipse\workspace\spring-ldap-example\bin\gov\fema\adminportal\ldap\repository\UserRepository.class]
2016-02-04 08:35:19,089 TRACE   main [org.springframework.context.annotation.ClassPathBeanDefinitionScanner] Scanning file [C:\Eclipse\workspace\spring-ldap-example\bin\gov\fema\adminportal\ldap\repository\UserRepositoryImpl$MultipleAttributesMapper.class]
2016-02-04 08:35:19,090 TRACE   main [org.springframework.context.annotation.ClassPathBeanDefinitionScanner] Ignored because not matching any filter: file [C:\Eclipse\workspace\spring-ldap-example\bin\gov\fema\adminportal\ldap\repository\UserRepositoryImpl$MultipleAttributesMapper.class]
2016-02-04 08:35:19,090 TRACE   main [org.springframework.context.annotation.ClassPathBeanDefinitionScanner] Scanning file [C:\Eclipse\workspace\spring-ldap-example\bin\gov\fema\adminportal\ldap\repository\UserRepositoryImpl$SingleAttributesMapper.class]
2016-02-04 08:35:19,090 TRACE   main [org.springframework.context.annotation.ClassPathBeanDefinitionScanner] Ignored because not matching any filter: file [C:\Eclipse\workspace\spring-ldap-example\bin\gov\fema\adminportal\ldap\repository\UserRepositoryImpl$SingleAttributesMapper.class]
2016-02-04 08:35:19,090 TRACE   main [org.springframework.context.annotation.ClassPathBeanDefinitionScanner] Scanning file [C:\Eclipse\workspace\spring-ldap-example\bin\gov\fema\adminportal\ldap\repository\UserRepositoryImpl$UserAttributesMapper.class]
2016-02-04 08:35:19,091 TRACE   main [org.springframework.context.annotation.ClassPathBeanDefinitionScanner] Ignored because not matching any filter: file [C:\Eclipse\workspace\spring-ldap-example\bin\gov\fema\adminportal\ldap\repository\UserRepositoryImpl$UserAttributesMapper.class]
2016-02-04 08:35:19,091 TRACE   main [org.springframework.context.annotation.ClassPathBeanDefinitionScanner] Scanning file [C:\Eclipse\workspace\spring-ldap-example\bin\gov\fema\adminportal\ldap\repository\UserRepositoryImpl.class]
2016-02-04 08:35:19,104 DEBUG   main [org.springframework.context.annotation.ClassPathBeanDefinitionScanner] Identified candidate component class: file [C:\Eclipse\workspace\spring-ldap-example\bin\gov\fema\adminportal\ldap\repository\UserRepositoryImpl.class]
2016-02-04 08:35:19,135 DEBUG   main [org.springframework.beans.factory.xml.XmlBeanDefinitionReader] Loaded 9 bean definitions from location pattern [spring-ldap-example.xml]
2016-02-04 08:35:19,135 DEBUG   main [org.springframework.context.support.ClassPathXmlApplicationContext] Bean factory for org.springframework.context.support.ClassPathXmlApplicationContext@89ec211: org.springframework.beans.factory.support.DefaultListableBeanFactory@40a49a3: defining beans [userRepositoryImpl,org.springframework.context.annotation.internalConfigurationAnnotationProcessor,org.springframework.context.annotation.internalAutowiredAnnotationProcessor,org.springframework.context.annotation.internalRequiredAnnotationProcessor,org.springframework.context.annotation.internalCommonAnnotationProcessor,simpleDirContextAuthenticationStrategy,userReposImpl,contextSource,ldapTemplate]; root of factory hierarchy
2016-02-04 08:35:19,155 DEBUG   main [org.springframework.beans.factory.support.DefaultListableBeanFactory] Creating shared instance of singleton bean 'org.springframework.context.annotation.internalConfigurationAnnotationProcessor'
2016-02-04 08:35:19,156 DEBUG   main [org.springframework.beans.factory.support.DefaultListableBeanFactory] Creating instance of bean 'org.springframework.context.annotation.internalConfigurationAnnotationProcessor'
2016-02-04 08:35:19,170 DEBUG   main [org.springframework.beans.factory.support.DefaultListableBeanFactory] Eagerly caching bean 'org.springframework.context.annotation.internalConfigurationAnnotationProcessor' to allow for resolving potential circular references
2016-02-04 08:35:19,172 DEBUG   main [org.springframework.beans.factory.support.DefaultListableBeanFactory] Finished creating instance of bean 'org.springframework.context.annotation.internalConfigurationAnnotationProcessor'
2016-02-04 08:35:19,212 DEBUG   main [org.springframework.beans.factory.support.DefaultListableBeanFactory] Creating shared instance of singleton bean 'org.springframework.context.annotation.internalAutowiredAnnotationProcessor'
2016-02-04 08:35:19,212 DEBUG   main [org.springframework.beans.factory.support.DefaultListableBeanFactory] Creating instance of bean 'org.springframework.context.annotation.internalAutowiredAnnotationProcessor'
2016-02-04 08:35:19,213 DEBUG   main [org.springframework.beans.factory.support.DefaultListableBeanFactory] Eagerly caching bean 'org.springframework.context.annotation.internalAutowiredAnnotationProcessor' to allow for resolving potential circular references
2016-02-04 08:35:19,213 DEBUG   main [org.springframework.beans.factory.support.DefaultListableBeanFactory] Finished creating instance of bean 'org.springframework.context.annotation.internalAutowiredAnnotationProcessor'
2016-02-04 08:35:19,213 DEBUG   main [org.springframework.beans.factory.support.DefaultListableBeanFactory] Creating shared instance of singleton bean 'org.springframework.context.annotation.internalRequiredAnnotationProcessor'
2016-02-04 08:35:19,213 DEBUG   main [org.springframework.beans.factory.support.DefaultListableBeanFactory] Creating instance of bean 'org.springframework.context.annotation.internalRequiredAnnotationProcessor'
2016-02-04 08:35:19,213 DEBUG   main [org.springframework.beans.factory.support.DefaultListableBeanFactory] Eagerly caching bean 'org.springframework.context.annotation.internalRequiredAnnotationProcessor' to allow for resolving potential circular references
2016-02-04 08:35:19,213 DEBUG   main [org.springframework.beans.factory.support.DefaultListableBeanFactory] Finished creating instance of bean 'org.springframework.context.annotation.internalRequiredAnnotationProcessor'
2016-02-04 08:35:19,213 DEBUG   main [org.springframework.beans.factory.support.DefaultListableBeanFactory] Creating shared instance of singleton bean 'org.springframework.context.annotation.internalCommonAnnotationProcessor'
2016-02-04 08:35:19,214 DEBUG   main [org.springframework.beans.factory.support.DefaultListableBeanFactory] Creating instance of bean 'org.springframework.context.annotation.internalCommonAnnotationProcessor'
2016-02-04 08:35:19,216 DEBUG   main [org.springframework.beans.factory.support.DefaultListableBeanFactory] Eagerly caching bean 'org.springframework.context.annotation.internalCommonAnnotationProcessor' to allow for resolving potential circular references
2016-02-04 08:35:19,217 DEBUG   main [org.springframework.beans.factory.support.DefaultListableBeanFactory] Finished creating instance of bean 'org.springframework.context.annotation.internalCommonAnnotationProcessor'
2016-02-04 08:35:19,217 DEBUG   main [org.springframework.beans.factory.support.DefaultListableBeanFactory] Creating shared instance of singleton bean 'org.springframework.context.annotation.ConfigurationClassPostProcessor.importAwareProcessor'
2016-02-04 08:35:19,217 DEBUG   main [org.springframework.beans.factory.support.DefaultListableBeanFactory] Creating instance of bean 'org.springframework.context.annotation.ConfigurationClassPostProcessor.importAwareProcessor'
2016-02-04 08:35:19,217 DEBUG   main [org.springframework.beans.factory.support.DefaultListableBeanFactory] Eagerly caching bean 'org.springframework.context.annotation.ConfigurationClassPostProcessor.importAwareProcessor' to allow for resolving potential circular references
2016-02-04 08:35:19,217 DEBUG   main [org.springframework.beans.factory.support.DefaultListableBeanFactory] Finished creating instance of bean 'org.springframework.context.annotation.ConfigurationClassPostProcessor.importAwareProcessor'
2016-02-04 08:35:19,217 DEBUG   main [org.springframework.beans.factory.support.DefaultListableBeanFactory] Creating shared instance of singleton bean 'org.springframework.context.annotation.ConfigurationClassPostProcessor.enhancedConfigurationProcessor'
2016-02-04 08:35:19,217 DEBUG   main [org.springframework.beans.factory.support.DefaultListableBeanFactory] Creating instance of bean 'org.springframework.context.annotation.ConfigurationClassPostProcessor.enhancedConfigurationProcessor'
2016-02-04 08:35:19,217 DEBUG   main [org.springframework.beans.factory.support.DefaultListableBeanFactory] Eagerly caching bean 'org.springframework.context.annotation.ConfigurationClassPostProcessor.enhancedConfigurationProcessor' to allow for resolving potential circular references
2016-02-04 08:35:19,217 DEBUG   main [org.springframework.beans.factory.support.DefaultListableBeanFactory] Finished creating instance of bean 'org.springframework.context.annotation.ConfigurationClassPostProcessor.enhancedConfigurationProcessor'
2016-02-04 08:35:19,220 DEBUG   main [org.springframework.context.support.ClassPathXmlApplicationContext] Unable to locate MessageSource with name 'messageSource': using default [org.springframework.context.support.DelegatingMessageSource@5fc0bc26]
2016-02-04 08:35:19,222 DEBUG   main [org.springframework.context.support.ClassPathXmlApplicationContext] Unable to locate ApplicationEventMulticaster with name 'applicationEventMulticaster': using default [org.springframework.context.event.SimpleApplicationEventMulticaster@76f9d876]
2016-02-04 08:35:19,223 DEBUG   main [org.springframework.beans.factory.support.DefaultListableBeanFactory] Pre-instantiating singletons in org.springframework.beans.factory.support.DefaultListableBeanFactory@40a49a3: defining beans [userRepositoryImpl,org.springframework.context.annotation.internalConfigurationAnnotationProcessor,org.springframework.context.annotation.internalAutowiredAnnotationProcessor,org.springframework.context.annotation.internalRequiredAnnotationProcessor,org.springframework.context.annotation.internalCommonAnnotationProcessor,simpleDirContextAuthenticationStrategy,userReposImpl,contextSource,ldapTemplate,org.springframework.context.annotation.ConfigurationClassPostProcessor.importAwareProcessor,org.springframework.context.annotation.ConfigurationClassPostProcessor.enhancedConfigurationProcessor]; root of factory hierarchy
2016-02-04 08:35:19,223 DEBUG   main [org.springframework.beans.factory.support.DefaultListableBeanFactory] Creating shared instance of singleton bean 'userRepositoryImpl'
2016-02-04 08:35:19,223 DEBUG   main [org.springframework.beans.factory.support.DefaultListableBeanFactory] Creating instance of bean 'userRepositoryImpl'
2016-02-04 08:35:19,234 DEBUG   main [org.springframework.beans.factory.annotation.InjectionMetadata] Registered injected element on class [gov.fema.adminportal.ldap.repository.UserRepositoryImpl]: AutowiredFieldElement for private org.springframework.ldap.core.LdapTemplate gov.fema.adminportal.ldap.repository.UserRepositoryImpl.ldapTemplate
2016-02-04 08:35:19,234 DEBUG   main [org.springframework.beans.factory.support.DefaultListableBeanFactory] Eagerly caching bean 'userRepositoryImpl' to allow for resolving potential circular references
2016-02-04 08:35:19,237 TRACE   main [org.springframework.core.io.support.SpringFactoriesLoader] Loaded [org.springframework.beans.BeanInfoFactory] names: [org.springframework.beans.ExtendedBeanInfoFactory]
2016-02-04 08:35:19,237 TRACE   main [org.springframework.beans.CachedIntrospectionResults] Getting BeanInfo for class [gov.fema.adminportal.ldap.repository.UserRepositoryImpl]
2016-02-04 08:35:19,240 TRACE   main [org.springframework.beans.CachedIntrospectionResults] Caching PropertyDescriptors for class [gov.fema.adminportal.ldap.repository.UserRepositoryImpl]
2016-02-04 08:35:19,241 TRACE   main [org.springframework.beans.CachedIntrospectionResults] Found bean property 'allUserNames' of type [java.util.List]
2016-02-04 08:35:19,243 TRACE   main [org.springframework.beans.CachedIntrospectionResults] Found bean property 'allUsers' of type [java.util.List]
2016-02-04 08:35:19,243 TRACE   main [org.springframework.beans.CachedIntrospectionResults] Found bean property 'class' of type [java.lang.Class]
2016-02-04 08:35:19,245 DEBUG   main [org.springframework.beans.factory.annotation.InjectionMetadata] Processing injected element of bean 'userRepositoryImpl': AutowiredFieldElement for private org.springframework.ldap.core.LdapTemplate gov.fema.adminportal.ldap.repository.UserRepositoryImpl.ldapTemplate
2016-02-04 08:35:19,249 DEBUG   main [org.springframework.beans.factory.support.DefaultListableBeanFactory] Creating shared instance of singleton bean 'ldapTemplate'
2016-02-04 08:35:19,249 DEBUG   main [org.springframework.beans.factory.support.DefaultListableBeanFactory] Creating instance of bean 'ldapTemplate'
2016-02-04 08:35:19,263 DEBUG   main [org.springframework.beans.factory.support.DefaultListableBeanFactory] Eagerly caching bean 'ldapTemplate' to allow for resolving potential circular references
2016-02-04 08:35:19,263 TRACE   main [org.springframework.beans.CachedIntrospectionResults] Getting BeanInfo for class [org.springframework.ldap.core.LdapTemplate]
2016-02-04 08:35:19,276 TRACE   main [org.springframework.beans.CachedIntrospectionResults] Caching PropertyDescriptors for class [org.springframework.ldap.core.LdapTemplate]
2016-02-04 08:35:19,276 TRACE   main [org.springframework.beans.CachedIntrospectionResults] Found bean property 'class' of type [java.lang.Class]
2016-02-04 08:35:19,276 TRACE   main [org.springframework.beans.CachedIntrospectionResults] Found bean property 'contextSource' of type [org.springframework.ldap.core.ContextSource]
2016-02-04 08:35:19,276 TRACE   main [org.springframework.beans.CachedIntrospectionResults] Found bean property 'defaultCountLimit' of type [int]
2016-02-04 08:35:19,276 TRACE   main [org.springframework.beans.CachedIntrospectionResults] Found bean property 'defaultSearchScope' of type [int]
2016-02-04 08:35:19,277 TRACE   main [org.springframework.beans.CachedIntrospectionResults] Found bean property 'defaultTimeLimit' of type [int]
2016-02-04 08:35:19,277 TRACE   main [org.springframework.beans.CachedIntrospectionResults] Found bean property 'ignoreNameNotFoundException' of type [boolean]
2016-02-04 08:35:19,277 TRACE   main [org.springframework.beans.CachedIntrospectionResults] Found bean property 'ignorePartialResultException' of type [boolean]
2016-02-04 08:35:19,277 TRACE   main [org.springframework.beans.CachedIntrospectionResults] Found bean property 'ignoreSizeLimitExceededException' of type [boolean]
2016-02-04 08:35:19,277 TRACE   main [org.springframework.beans.CachedIntrospectionResults] Found bean property 'objectDirectoryMapper' of type [org.springframework.ldap.odm.core.ObjectDirectoryMapper]
2016-02-04 08:35:19,279 DEBUG   main [org.springframework.beans.factory.support.DefaultListableBeanFactory] Creating shared instance of singleton bean 'contextSource'
2016-02-04 08:35:19,279 DEBUG   main [org.springframework.beans.factory.support.DefaultListableBeanFactory] Creating instance of bean 'contextSource'
2016-02-04 08:35:19,284 DEBUG   main [org.springframework.beans.factory.support.DefaultListableBeanFactory] Creating instance of bean '(inner bean)#5717e2b2'
2016-02-04 08:35:19,297 TRACE   main [org.springframework.beans.CachedIntrospectionResults] Getting BeanInfo for class [org.springframework.ldap.core.support.LdapContextSource]
2016-02-04 08:35:19,302 TRACE   main [org.springframework.beans.CachedIntrospectionResults] Caching PropertyDescriptors for class [org.springframework.ldap.core.support.LdapContextSource]
2016-02-04 08:35:19,302 TRACE   main [org.springframework.beans.CachedIntrospectionResults] Found bean property 'anonymousReadOnly' of type [boolean]
2016-02-04 08:35:19,302 TRACE   main [org.springframework.beans.CachedIntrospectionResults] Found bean property 'authenticationSource' of type [org.springframework.ldap.core.AuthenticationSource]
2016-02-04 08:35:19,302 TRACE   main [org.springframework.beans.CachedIntrospectionResults] Found bean property 'authenticationStrategy' of type [org.springframework.ldap.core.support.DirContextAuthenticationStrategy]
2016-02-04 08:35:19,302 TRACE   main [org.springframework.beans.CachedIntrospectionResults] Found bean property 'base' of type [java.lang.String]
2016-02-04 08:35:19,302 TRACE   main [org.springframework.beans.CachedIntrospectionResults] Found bean property 'baseEnvironmentProperties' of type [java.util.Map]
2016-02-04 08:35:19,302 TRACE   main [org.springframework.beans.CachedIntrospectionResults] Found bean property 'baseLdapName' of type [javax.naming.ldap.LdapName]
2016-02-04 08:35:19,302 TRACE   main [org.springframework.beans.CachedIntrospectionResults] Found bean property 'baseLdapPath' of type [org.springframework.ldap.core.DistinguishedName]
2016-02-04 08:35:19,303 TRACE   main [org.springframework.beans.CachedIntrospectionResults] Found bean property 'baseLdapPathAsString' of type [java.lang.String]
2016-02-04 08:35:19,303 TRACE   main [org.springframework.beans.CachedIntrospectionResults] Found bean property 'cacheEnvironmentProperties' of type [boolean]
2016-02-04 08:35:19,303 TRACE   main [org.springframework.beans.CachedIntrospectionResults] Found bean property 'class' of type [java.lang.Class]
2016-02-04 08:35:19,303 TRACE   main [org.springframework.beans.CachedIntrospectionResults] Found bean property 'contextFactory' of type [java.lang.Class]
2016-02-04 08:35:19,304 TRACE   main [org.springframework.beans.CachedIntrospectionResults] Found bean property 'dirObjectFactory' of type [java.lang.Class]
2016-02-04 08:35:19,304 TRACE   main [org.springframework.beans.CachedIntrospectionResults] Found bean property 'password' of type [java.lang.String]
2016-02-04 08:35:19,304 TRACE   main [org.springframework.beans.CachedIntrospectionResults] Found bean property 'pooled' of type [boolean]
2016-02-04 08:35:19,304 TRACE   main [org.springframework.beans.CachedIntrospectionResults] Found bean property 'readOnlyContext' of type [javax.naming.directory.DirContext]
2016-02-04 08:35:19,304 TRACE   main [org.springframework.beans.CachedIntrospectionResults] Found bean property 'readWriteContext' of type [javax.naming.directory.DirContext]
2016-02-04 08:35:19,304 TRACE   main [org.springframework.beans.CachedIntrospectionResults] Found bean property 'referral' of type [java.lang.String]
2016-02-04 08:35:19,304 TRACE   main [org.springframework.beans.CachedIntrospectionResults] Found bean property 'url' of type [java.lang.String]
2016-02-04 08:35:19,305 TRACE   main [org.springframework.beans.CachedIntrospectionResults] Found bean property 'urls' of type [[Ljava.lang.String;]
2016-02-04 08:35:19,305 TRACE   main [org.springframework.beans.CachedIntrospectionResults] Found bean property 'userDn' of type [java.lang.String]
2016-02-04 08:35:19,308 DEBUG   main [org.springframework.beans.factory.support.DefaultListableBeanFactory] Creating instance of bean '(inner bean)#5f1c0ef'
2016-02-04 08:35:19,312 TRACE   main [org.springframework.beans.CachedIntrospectionResults] Getting BeanInfo for class [[Ljava.lang.String;]
2016-02-04 08:35:19,312 TRACE   main [org.springframework.beans.CachedIntrospectionResults] Caching PropertyDescriptors for class [[Ljava.lang.String;]
2016-02-04 08:35:19,312 TRACE   main [org.springframework.beans.CachedIntrospectionResults] Found bean property 'class' of type [java.lang.Class]
2016-02-04 08:35:19,313 DEBUG   main [org.springframework.beans.factory.support.DefaultListableBeanFactory] Finished creating instance of bean '(inner bean)#5f1c0ef'
2016-02-04 08:35:19,314 DEBUG   main [org.springframework.beans.factory.support.DefaultListableBeanFactory] Creating shared instance of singleton bean 'simpleDirContextAuthenticationStrategy'
2016-02-04 08:35:19,314 DEBUG   main [org.springframework.beans.factory.support.DefaultListableBeanFactory] Creating instance of bean 'simpleDirContextAuthenticationStrategy'
2016-02-04 08:35:19,314 DEBUG   main [org.springframework.beans.factory.support.DefaultListableBeanFactory] Eagerly caching bean 'simpleDirContextAuthenticationStrategy' to allow for resolving potential circular references
2016-02-04 08:35:19,314 TRACE   main [org.springframework.beans.CachedIntrospectionResults] Getting BeanInfo for class [org.springframework.ldap.core.support.SimpleDirContextAuthenticationStrategy]
2016-02-04 08:35:19,315 TRACE   main [org.springframework.beans.CachedIntrospectionResults] Caching PropertyDescriptors for class [org.springframework.ldap.core.support.SimpleDirContextAuthenticationStrategy]
2016-02-04 08:35:19,315 TRACE   main [org.springframework.beans.CachedIntrospectionResults] Found bean property 'class' of type [java.lang.Class]
2016-02-04 08:35:19,315 DEBUG   main [org.springframework.beans.factory.support.DefaultListableBeanFactory] Finished creating instance of bean 'simpleDirContextAuthenticationStrategy'
2016-02-04 08:35:19,316 DEBUG   main [org.springframework.beans.factory.support.DefaultListableBeanFactory] Invoking afterPropertiesSet() on bean with name '(inner bean)#5717e2b2'
2016-02-04 08:35:19,319 DEBUG   main [org.springframework.beans.factory.support.DefaultListableBeanFactory] Finished creating instance of bean '(inner bean)#5717e2b2'
2016-02-04 08:35:19,321 DEBUG   main [org.springframework.beans.factory.support.DefaultListableBeanFactory] Eagerly caching bean 'contextSource' to allow for resolving potential circular references
2016-02-04 08:35:19,321 TRACE   main [org.springframework.beans.CachedIntrospectionResults] Getting BeanInfo for class [org.springframework.ldap.transaction.compensating.manager.TransactionAwareContextSourceProxy]
2016-02-04 08:35:19,323 TRACE   main [org.springframework.beans.CachedIntrospectionResults] Caching PropertyDescriptors for class [org.springframework.ldap.transaction.compensating.manager.TransactionAwareContextSourceProxy]
2016-02-04 08:35:19,323 TRACE   main [org.springframework.beans.CachedIntrospectionResults] Found bean property 'baseLdapName' of type [javax.naming.ldap.LdapName]
2016-02-04 08:35:19,323 TRACE   main [org.springframework.beans.CachedIntrospectionResults] Found bean property 'baseLdapPath' of type [org.springframework.ldap.core.DistinguishedName]
2016-02-04 08:35:19,323 TRACE   main [org.springframework.beans.CachedIntrospectionResults] Found bean property 'baseLdapPathAsString' of type [java.lang.String]
2016-02-04 08:35:19,323 TRACE   main [org.springframework.beans.CachedIntrospectionResults] Found bean property 'class' of type [java.lang.Class]
2016-02-04 08:35:19,323 TRACE   main [org.springframework.beans.CachedIntrospectionResults] Found bean property 'readOnlyContext' of type [javax.naming.directory.DirContext]
2016-02-04 08:35:19,324 TRACE   main [org.springframework.beans.CachedIntrospectionResults] Found bean property 'readWriteContext' of type [javax.naming.directory.DirContext]
2016-02-04 08:35:19,324 TRACE   main [org.springframework.beans.CachedIntrospectionResults] Found bean property 'target' of type [org.springframework.ldap.core.ContextSource]
2016-02-04 08:35:19,324 DEBUG   main [org.springframework.beans.factory.support.DefaultListableBeanFactory] Finished creating instance of bean 'contextSource'
2016-02-04 08:35:19,324 DEBUG   main [org.springframework.beans.factory.support.DefaultListableBeanFactory] Invoking afterPropertiesSet() on bean with name 'ldapTemplate'
2016-02-04 08:35:19,324 DEBUG   main [org.springframework.beans.factory.support.DefaultListableBeanFactory] Finished creating instance of bean 'ldapTemplate'
2016-02-04 08:35:19,325 DEBUG   main [org.springframework.beans.factory.annotation.AutowiredAnnotationBeanPostProcessor] Autowiring by type from bean name 'userRepositoryImpl' to bean named 'ldapTemplate'
2016-02-04 08:35:19,325 DEBUG   main [org.springframework.beans.factory.support.DefaultListableBeanFactory] Finished creating instance of bean 'userRepositoryImpl'
2016-02-04 08:35:19,325 DEBUG   main [org.springframework.beans.factory.support.DefaultListableBeanFactory] Returning cached instance of singleton bean 'org.springframework.context.annotation.internalConfigurationAnnotationProcessor'
2016-02-04 08:35:19,325 DEBUG   main [org.springframework.beans.factory.support.DefaultListableBeanFactory] Returning cached instance of singleton bean 'org.springframework.context.annotation.internalAutowiredAnnotationProcessor'
2016-02-04 08:35:19,325 DEBUG   main [org.springframework.beans.factory.support.DefaultListableBeanFactory] Returning cached instance of singleton bean 'org.springframework.context.annotation.internalRequiredAnnotationProcessor'
2016-02-04 08:35:19,325 DEBUG   main [org.springframework.beans.factory.support.DefaultListableBeanFactory] Returning cached instance of singleton bean 'org.springframework.context.annotation.internalCommonAnnotationProcessor'
2016-02-04 08:35:19,325 DEBUG   main [org.springframework.beans.factory.support.DefaultListableBeanFactory] Returning cached instance of singleton bean 'simpleDirContextAuthenticationStrategy'
2016-02-04 08:35:19,325 DEBUG   main [org.springframework.beans.factory.support.DefaultListableBeanFactory] Creating shared instance of singleton bean 'userReposImpl'
2016-02-04 08:35:19,325 DEBUG   main [org.springframework.beans.factory.support.DefaultListableBeanFactory] Creating instance of bean 'userReposImpl'
2016-02-04 08:35:19,326 DEBUG   main [org.springframework.beans.factory.annotation.InjectionMetadata] Registered injected element on class [gov.fema.adminportal.ldap.repository.UserRepositoryImpl]: AutowiredFieldElement for private org.springframework.ldap.core.LdapTemplate gov.fema.adminportal.ldap.repository.UserRepositoryImpl.ldapTemplate
2016-02-04 08:35:19,326 DEBUG   main [org.springframework.beans.factory.support.DefaultListableBeanFactory] Eagerly caching bean 'userReposImpl' to allow for resolving potential circular references
2016-02-04 08:35:19,326 DEBUG   main [org.springframework.beans.factory.annotation.InjectionMetadata] Processing injected element of bean 'userReposImpl': AutowiredFieldElement for private org.springframework.ldap.core.LdapTemplate gov.fema.adminportal.ldap.repository.UserRepositoryImpl.ldapTemplate
2016-02-04 08:35:19,326 DEBUG   main [org.springframework.beans.factory.support.DefaultListableBeanFactory] Returning cached instance of singleton bean 'ldapTemplate'
2016-02-04 08:35:19,326 DEBUG   main [org.springframework.beans.factory.annotation.AutowiredAnnotationBeanPostProcessor] Autowiring by type from bean name 'userReposImpl' to bean named 'ldapTemplate'
2016-02-04 08:35:19,326 DEBUG   main [org.springframework.beans.factory.support.DefaultListableBeanFactory] Finished creating instance of bean 'userReposImpl'
2016-02-04 08:35:19,326 DEBUG   main [org.springframework.beans.factory.support.DefaultListableBeanFactory] Returning cached instance of singleton bean 'contextSource'
2016-02-04 08:35:19,327 DEBUG   main [org.springframework.beans.factory.support.DefaultListableBeanFactory] Returning cached instance of singleton bean 'ldapTemplate'
2016-02-04 08:35:19,327 DEBUG   main [org.springframework.beans.factory.support.DefaultListableBeanFactory] Returning cached instance of singleton bean 'org.springframework.context.annotation.ConfigurationClassPostProcessor.importAwareProcessor'
2016-02-04 08:35:19,327 DEBUG   main [org.springframework.beans.factory.support.DefaultListableBeanFactory] Returning cached instance of singleton bean 'org.springframework.context.annotation.ConfigurationClassPostProcessor.enhancedConfigurationProcessor'
2016-02-04 08:35:19,328 DEBUG   main [org.springframework.context.support.ClassPathXmlApplicationContext] Unable to locate LifecycleProcessor with name 'lifecycleProcessor': using default [org.springframework.context.support.DefaultLifecycleProcessor@14f94672]
2016-02-04 08:35:19,328 DEBUG   main [org.springframework.beans.factory.support.DefaultListableBeanFactory] Returning cached instance of singleton bean 'lifecycleProcessor'
2016-02-04 08:35:19,328 TRACE   main [org.springframework.context.support.ClassPathXmlApplicationContext] Publishing event in org.springframework.context.support.ClassPathXmlApplicationContext@89ec211: org.springframework.context.event.ContextRefreshedEvent[source=org.springframework.context.support.ClassPathXmlApplicationContext@89ec211: startup date [Thu Feb 04 08:35:18 EST 2016]; root of context hierarchy]
2016-02-04 08:35:19,330 TRACE   main [org.springframework.core.env.PropertySourcesPropertyResolver] getProperty("spring.liveBeansView.mbeanDomain", String)
2016-02-04 08:35:19,330 DEBUG   main [org.springframework.core.env.PropertySourcesPropertyResolver] Searching for key 'spring.liveBeansView.mbeanDomain' in [systemProperties]
2016-02-04 08:35:19,330 DEBUG   main [org.springframework.core.env.PropertySourcesPropertyResolver] Searching for key 'spring.liveBeansView.mbeanDomain' in [systemEnvironment]
2016-02-04 08:35:19,330 DEBUG   main [org.springframework.core.env.PropertySourcesPropertyResolver] Could not find key 'spring.liveBeansView.mbeanDomain' in any property source. Returning [null]
2016-02-04 08:35:19,330 INFO   main [gov.fema.adminportal.ldap.app.LdapApp] Test started at Thu Feb 04 08:35:18 EST 2016
2016-02-04 08:35:19,330 DEBUG   main [org.springframework.beans.factory.support.DefaultListableBeanFactory] Returning cached instance of singleton bean 'userReposImpl'
2016-02-04 08:35:19,331 INFO   main [gov.fema.adminportal.ldap.repository.UserRepositoryImpl] executing {createUser}
2016-02-04 08:35:20,102 INFO   main [gov.fema.adminportal.ldap.app.LdapApp] 
 =>true
2016-02-04 08:35:20,131 INFO   main [gov.fema.adminportal.ldap.app.LdapApp] 
 =>[User [uid=admin, cn=system administrator, sn=administrator, userPassword=secret, ], User [uid=tahsan, cn=Tariq Ahsan, sn=Ahsan, userPassword={sha}nBLtm0Ej/mJG4VZYEu/b+7fQ2YU=, ], User [uid=jsoule, cn=Joseph Soule, sn=Soule, ], User [uid=jdoe, cn=John Doe, sn=Doe, userPassword={SSHA}F04/pvCWN8a1NJshxa/XIzrNqH7F89MTgn3J6A==, ], User [uid=awadsworth, cn=Anthony Wadsworth, sn=Wadsworth, ], User [uid=fahsan, cn=Farzeen Ahsan, sn=Ahsan, ], User [uid=awadsworth, cn=Anthony Wadsworth, sn=Wadsworth, ], User [uid=tahsan, cn=tahsan, sn=Ahsan, userPassword={SHA}5en6G6MezRroT3XKqkdPOmY/BfQ=, ], User [uid=spring_ldap_test, cn=spring_ldap_test, sn=spring_ldap_test, userPassword={SSHA}eEhC0pe/+M62+87IrMxgJKDZrjh7P9CrSIDfHA==, postalAddress=spring_ldap_test, telephoneNumber=9830098301]]
2016-02-04 08:35:20,131 INFO   main [gov.fema.adminportal.ldap.repository.UserRepositoryImpl] executing {getAllUserNames}
2016-02-04 08:35:20,142 INFO   main [gov.fema.adminportal.ldap.repository.UserRepositoryImpl] Users -> [uid=tahsan, uid=awadsworth, uid=jdoe, uid=spring_ldap_test]
2016-02-04 08:35:20,155 INFO   main [gov.fema.adminportal.ldap.app.LdapApp] 
 =>[cn: Tariq Ahsan, cn: Anthony Wadsworth, cn: John Doe, cn: spring_ldap_test]
2016-02-04 08:35:20,155 INFO   main [org.springframework.context.support.ClassPathXmlApplicationContext] Refreshing org.springframework.context.support.ClassPathXmlApplicationContext@89ec211: startup date [Thu Feb 04 08:35:20 EST 2016]; root of context hierarchy
2016-02-04 08:35:20,156 DEBUG   main [org.springframework.beans.factory.support.DefaultListableBeanFactory] Destroying singletons in org.springframework.beans.factory.support.DefaultListableBeanFactory@40a49a3: defining beans [userRepositoryImpl,org.springframework.context.annotation.internalConfigurationAnnotationProcessor,org.springframework.context.annotation.internalAutowiredAnnotationProcessor,org.springframework.context.annotation.internalRequiredAnnotationProcessor,org.springframework.context.annotation.internalCommonAnnotationProcessor,simpleDirContextAuthenticationStrategy,userReposImpl,contextSource,ldapTemplate,org.springframework.context.annotation.ConfigurationClassPostProcessor.importAwareProcessor,org.springframework.context.annotation.ConfigurationClassPostProcessor.enhancedConfigurationProcessor]; root of factory hierarchy
2016-02-04 08:35:20,157 DEBUG   main [org.springframework.beans.factory.support.DefaultListableBeanFactory] Retrieved dependent beans for bean '(inner bean)#5717e2b2': [contextSource]
2016-02-04 08:35:20,157 DEBUG   main [org.springframework.beans.factory.support.DefaultListableBeanFactory] Retrieved dependent beans for bean '(inner bean)#5f1c0ef': [(inner bean)#5717e2b2]
2016-02-04 08:35:20,160 DEBUG   main [org.springframework.core.env.StandardEnvironment] Adding [systemProperties] PropertySource with lowest search precedence
2016-02-04 08:35:20,160 DEBUG   main [org.springframework.core.env.StandardEnvironment] Adding [systemEnvironment] PropertySource with lowest search precedence
2016-02-04 08:35:20,160 DEBUG   main [org.springframework.core.env.StandardEnvironment] Initialized StandardEnvironment with PropertySources [systemProperties,systemEnvironment]
2016-02-04 08:35:20,160 INFO   main [org.springframework.beans.factory.xml.XmlBeanDefinitionReader] Loading XML bean definitions from class path resource [spring-ldap-example.xml]
2016-02-04 08:35:20,175 DEBUG   main [org.springframework.beans.factory.xml.DefaultDocumentLoader] Using JAXP provider [com.sun.org.apache.xerces.internal.jaxp.DocumentBuilderFactoryImpl]
2016-02-04 08:35:20,178 TRACE   main [org.springframework.beans.factory.xml.PluggableSchemaResolver] Trying to resolve XML entity with public id [null] and system id [http://www.springframework.org/schema/beans/spring-beans.xsd]
2016-02-04 08:35:20,178 DEBUG   main [org.springframework.beans.factory.xml.PluggableSchemaResolver] Loading schema mappings from [META-INF/spring.schemas]
2016-02-04 08:35:20,182 DEBUG   main [org.springframework.beans.factory.xml.PluggableSchemaResolver] Loaded schema mappings: {http://www.springframework.org/schema/tx/spring-tx-2.5.xsd=org/springframework/transaction/config/spring-tx-2.5.xsd, http://www.springframework.org/schema/cache/spring-cache-4.2.xsd=org/springframework/cache/config/spring-cache-4.2.xsd, http://www.springframework.org/schema/aop/spring-aop-4.1.xsd=org/springframework/aop/config/spring-aop-4.1.xsd, http://www.springframework.org/schema/context/spring-context-3.1.xsd=org/springframework/context/config/spring-context-3.1.xsd, http://www.springframework.org/schema/data/repository/spring-repository-1.4.xsd=org/springframework/data/repository/config/spring-repository-1.4.xsd, http://www.springframework.org/schema/util/spring-util-3.0.xsd=org/springframework/beans/factory/xml/spring-util-3.0.xsd, http://www.springframework.org/schema/tool/spring-tool.xsd=org/springframework/beans/factory/xml/spring-tool-4.2.xsd, http://www.springframework.org/schema/aop/spring-aop-3.2.xsd=org/springframework/aop/config/spring-aop-3.2.xsd, http://www.springframework.org/schema/lang/spring-lang-4.1.xsd=org/springframework/scripting/config/spring-lang-4.1.xsd, http://www.springframework.org/schema/context/spring-context-4.0.xsd=org/springframework/context/config/spring-context-4.0.xsd, http://www.springframework.org/schema/beans/spring-beans-4.2.xsd=org/springframework/beans/factory/xml/spring-beans-4.2.xsd, http://www.springframework.org/schema/tool/spring-tool-4.1.xsd=org/springframework/beans/factory/xml/spring-tool-4.1.xsd, http://www.springframework.org/schema/lang/spring-lang-3.2.xsd=org/springframework/scripting/config/spring-lang-3.2.xsd, http://www.springframework.org/schema/cache/spring-cache-3.2.xsd=org/springframework/cache/config/spring-cache-3.2.xsd, http://www.springframework.org/schema/jee/spring-jee-4.1.xsd=org/springframework/ejb/config/spring-jee-4.1.xsd, http://www.springframework.org/schema/task/spring-task-4.2.xsd=org/springframework/scheduling/config/spring-task-4.2.xsd, http://www.springframework.org/schema/util/spring-util-2.0.xsd=org/springframework/beans/factory/xml/spring-util-2.0.xsd, http://www.springframework.org/schema/tool/spring-tool-3.2.xsd=org/springframework/beans/factory/xml/spring-tool-3.2.xsd, http://www.springframework.org/schema/context/spring-context.xsd=org/springframework/context/config/spring-context-4.2.xsd, http://www.springframework.org/schema/tx/spring-tx-4.2.xsd=org/springframework/transaction/config/spring-tx-4.2.xsd, http://www.springframework.org/schema/cache/spring-cache-4.1.xsd=org/springframework/cache/config/spring-cache-4.1.xsd, http://www.springframework.org/schema/aop/spring-aop-4.0.xsd=org/springframework/aop/config/spring-aop-4.0.xsd, http://www.springframework.org/schema/jee/spring-jee-3.2.xsd=org/springframework/ejb/config/spring-jee-3.2.xsd, http://www.springframework.org/schema/context/spring-context-3.0.xsd=org/springframework/context/config/spring-context-3.0.xsd, http://www.springframework.org/schema/util/spring-util-2.5.xsd=org/springframework/beans/factory/xml/spring-util-2.5.xsd, http://www.springframework.org/schema/beans/spring-beans-3.2.xsd=org/springframework/beans/factory/xml/spring-beans-3.2.xsd, http://www.springframework.org/schema/aop/spring-aop-3.1.xsd=org/springframework/aop/config/spring-aop-3.1.xsd, http://www.springframework.org/schema/ldap/spring-ldap-2.0.xsd=org/springframework/ldap/config/spring-ldap-2.0.xsd, http://www.springframework.org/schema/lang/spring-lang-4.0.xsd=org/springframework/scripting/config/spring-lang-4.0.xsd, http://www.springframework.org/schema/beans/spring-beans-4.1.xsd=org/springframework/beans/factory/xml/spring-beans-4.1.xsd, http://www.springframework.org/schema/tool/spring-tool-4.0.xsd=org/springframework/beans/factory/xml/spring-tool-4.0.xsd, http://www.springframework.org/schema/tx/spring-tx-3.2.xsd=org/springframework/transaction/config/spring-tx-3.2.xsd, http://www.springframework.org/schema/lang/spring-lang-3.1.xsd=org/springframework/scripting/config/spring-lang-3.1.xsd, http://www.springframework.org/schema/cache/spring-cache-3.1.xsd=org/springframework/cache/config/spring-cache-3.1.xsd, http://www.springframework.org/schema/jee/spring-jee-4.0.xsd=org/springframework/ejb/config/spring-jee-4.0.xsd, http://www.springframework.org/schema/task/spring-task-4.1.xsd=org/springframework/scheduling/config/spring-task-4.1.xsd, http://www.springframework.org/schema/tool/spring-tool-3.1.xsd=org/springframework/beans/factory/xml/spring-tool-3.1.xsd, http://www.springframework.org/schema/tx/spring-tx-4.1.xsd=org/springframework/transaction/config/spring-tx-4.1.xsd, http://www.springframework.org/schema/cache/spring-cache-4.0.xsd=org/springframework/cache/config/spring-cache-4.0.xsd, http://www.springframework.org/schema/jee/spring-jee-3.1.xsd=org/springframework/ejb/config/spring-jee-3.1.xsd, http://www.springframework.org/schema/task/spring-task-3.2.xsd=org/springframework/scheduling/config/spring-task-3.2.xsd, http://www.springframework.org/schema/util/spring-util-4.2.xsd=org/springframework/beans/factory/xml/spring-util-4.2.xsd, http://www.springframework.org/schema/beans/spring-beans-3.1.xsd=org/springframework/beans/factory/xml/spring-beans-3.1.xsd, http://www.springframework.org/schema/util/spring-util.xsd=org/springframework/beans/factory/xml/spring-util-4.2.xsd, http://www.springframework.org/schema/aop/spring-aop-3.0.xsd=org/springframework/aop/config/spring-aop-3.0.xsd, http://www.springframework.org/schema/data/repository/spring-repository.xsd=org/springframework/data/repository/config/spring-repository-1.7.xsd, http://www.springframework.org/schema/data/repository/spring-repository-1.7.xsd=org/springframework/data/repository/config/spring-repository-1.7.xsd, http://www.springframework.org/schema/ldap/spring-ldap.xsd=org/springframework/ldap/config/spring-ldap-2.0.xsd, http://www.springframework.org/schema/beans/spring-beans-4.0.xsd=org/springframework/beans/factory/xml/spring-beans-4.0.xsd, http://www.springframework.org/schema/beans/spring-beans.xsd=org/springframework/beans/factory/xml/spring-beans-4.2.xsd, http://www.springframework.org/schema/tx/spring-tx-3.1.xsd=org/springframework/transaction/config/spring-tx-3.1.xsd, http://www.springframework.org/schema/lang/spring-lang-3.0.xsd=org/springframework/scripting/config/spring-lang-3.0.xsd, http://www.springframework.org/schema/context/spring-context-2.5.xsd=org/springframework/context/config/spring-context-2.5.xsd, http://www.springframework.org/schema/task/spring-task-4.0.xsd=org/springframework/scheduling/config/spring-task-4.0.xsd, http://www.springframework.org/schema/tool/spring-tool-3.0.xsd=org/springframework/beans/factory/xml/spring-tool-3.0.xsd, http://www.springframework.org/schema/tx/spring-tx-4.0.xsd=org/springframework/transaction/config/spring-tx-4.0.xsd, http://www.springframework.org/schema/aop/spring-aop-2.0.xsd=org/springframework/aop/config/spring-aop-2.0.xsd, http://www.springframework.org/schema/jee/spring-jee-3.0.xsd=org/springframework/ejb/config/spring-jee-3.0.xsd, http://www.springframework.org/schema/util/spring-util-4.1.xsd=org/springframework/beans/factory/xml/spring-util-4.1.xsd, http://www.springframework.org/schema/task/spring-task-3.1.xsd=org/springframework/scheduling/config/spring-task-3.1.xsd, http://www.springframework.org/schema/beans/spring-beans-3.0.xsd=org/springframework/beans/factory/xml/spring-beans-3.0.xsd, http://www.springframework.org/schema/jee/spring-jee.xsd=org/springframework/ejb/config/spring-jee-4.2.xsd, http://www.springframework.org/schema/aop/spring-aop-2.5.xsd=org/springframework/aop/config/spring-aop-2.5.xsd, http://www.springframework.org/schema/lang/spring-lang-2.0.xsd=org/springframework/scripting/config/spring-lang-2.0.xsd, http://www.springframework.org/schema/data/repository/spring-repository-1.6.xsd=org/springframework/data/repository/config/spring-repository-1.6.xsd, http://www.springframework.org/schema/util/spring-util-3.2.xsd=org/springframework/beans/factory/xml/spring-util-3.2.xsd, http://www.springframework.org/schema/task/spring-task.xsd=org/springframework/scheduling/config/spring-task-4.2.xsd, http://www.springframework.org/schema/tool/spring-tool-2.0.xsd=org/springframework/beans/factory/xml/spring-tool-2.0.xsd, http://www.springframework.org/schema/tx/spring-tx-3.0.xsd=org/springframework/transaction/config/spring-tx-3.0.xsd, http://www.springframework.org/schema/lang/spring-lang-2.5.xsd=org/springframework/scripting/config/spring-lang-2.5.xsd, http://www.springframework.org/schema/context/spring-context-4.2.xsd=org/springframework/context/config/spring-context-4.2.xsd, http://www.springframework.org/schema/jee/spring-jee-2.0.xsd=org/springframework/ejb/config/spring-jee-2.0.xsd, http://www.springframework.org/schema/tool/spring-tool-2.5.xsd=org/springframework/beans/factory/xml/spring-tool-2.5.xsd, http://www.springframework.org/schema/jee/spring-jee-2.5.xsd=org/springframework/ejb/config/spring-jee-2.5.xsd, http://www.springframework.org/schema/data/repository/spring-repository-1.0.xsd=org/springframework/data/repository/config/spring-repository-1.0.xsd, http://www.springframework.org/schema/util/spring-util-4.0.xsd=org/springframework/beans/factory/xml/spring-util-4.0.xsd, http://www.springframework.org/schema/task/spring-task-3.0.xsd=org/springframework/scheduling/config/spring-task-3.0.xsd, http://www.springframework.org/schema/aop/spring-aop-4.2.xsd=org/springframework/aop/config/spring-aop-4.2.xsd, http://www.springframework.org/schema/lang/spring-lang.xsd=org/springframework/scripting/config/spring-lang-4.2.xsd, http://www.springframework.org/schema/context/spring-context-3.2.xsd=org/springframework/context/config/spring-context-3.2.xsd, http://www.springframework.org/schema/data/repository/spring-repository-1.5.xsd=org/springframework/data/repository/config/spring-repository-1.5.xsd, http://www.springframework.org/schema/util/spring-util-3.1.xsd=org/springframework/beans/factory/xml/spring-util-3.1.xsd, http://www.springframework.org/schema/beans/spring-beans-2.0.xsd=org/springframework/beans/factory/xml/spring-beans-2.0.xsd, http://www.springframework.org/schema/cache/spring-cache.xsd=org/springframework/cache/config/spring-cache-4.2.xsd, http://www.springframework.org/schema/tx/spring-tx.xsd=org/springframework/transaction/config/spring-tx-4.2.xsd, http://www.springframework.org/schema/lang/spring-lang-4.2.xsd=org/springframework/scripting/config/spring-lang-4.2.xsd, http://www.springframework.org/schema/context/spring-context-4.1.xsd=org/springframework/context/config/spring-context-4.1.xsd, http://www.springframework.org/schema/beans/spring-beans-2.5.xsd=org/springframework/beans/factory/xml/spring-beans-2.5.xsd, http://www.springframework.org/schema/tool/spring-tool-4.2.xsd=org/springframework/beans/factory/xml/spring-tool-4.2.xsd, http://www.springframework.org/schema/tx/spring-tx-2.0.xsd=org/springframework/transaction/config/spring-tx-2.0.xsd, http://www.springframework.org/schema/jee/spring-jee-4.2.xsd=org/springframework/ejb/config/spring-jee-4.2.xsd, http://www.springframework.org/schema/aop/spring-aop.xsd=org/springframework/aop/config/spring-aop-4.2.xsd}
2016-02-04 08:35:20,183 DEBUG   main [org.springframework.beans.factory.xml.PluggableSchemaResolver] Found XML schema [http://www.springframework.org/schema/beans/spring-beans.xsd] in classpath: org/springframework/beans/factory/xml/spring-beans-4.2.xsd
2016-02-04 08:35:20,201 TRACE   main [org.springframework.beans.factory.xml.PluggableSchemaResolver] Trying to resolve XML entity with public id [null] and system id [http://www.springframework.org/schema/context/spring-context.xsd]
2016-02-04 08:35:20,202 DEBUG   main [org.springframework.beans.factory.xml.PluggableSchemaResolver] Found XML schema [http://www.springframework.org/schema/context/spring-context.xsd] in classpath: org/springframework/context/config/spring-context-4.2.xsd
2016-02-04 08:35:20,206 TRACE   main [org.springframework.beans.factory.xml.PluggableSchemaResolver] Trying to resolve XML entity with public id [null] and system id [http://www.springframework.org/schema/tool/spring-tool-4.2.xsd]
2016-02-04 08:35:20,207 DEBUG   main [org.springframework.beans.factory.xml.PluggableSchemaResolver] Found XML schema [http://www.springframework.org/schema/tool/spring-tool-4.2.xsd] in classpath: org/springframework/beans/factory/xml/spring-tool-4.2.xsd
2016-02-04 08:35:20,212 TRACE   main [org.springframework.beans.factory.xml.PluggableSchemaResolver] Trying to resolve XML entity with public id [null] and system id [http://www.springframework.org/schema/ldap/spring-ldap.xsd]
2016-02-04 08:35:20,212 DEBUG   main [org.springframework.beans.factory.xml.PluggableSchemaResolver] Found XML schema [http://www.springframework.org/schema/ldap/spring-ldap.xsd] in classpath: org/springframework/ldap/config/spring-ldap-2.0.xsd
2016-02-04 08:35:20,216 TRACE   main [org.springframework.beans.factory.xml.PluggableSchemaResolver] Trying to resolve XML entity with public id [null] and system id [http://www.springframework.org/schema/data/repository/spring-repository.xsd]
2016-02-04 08:35:20,217 DEBUG   main [org.springframework.beans.factory.xml.PluggableSchemaResolver] Found XML schema [http://www.springframework.org/schema/data/repository/spring-repository.xsd] in classpath: org/springframework/data/repository/config/spring-repository-1.7.xsd
2016-02-04 08:35:20,224 DEBUG   main [org.springframework.beans.factory.xml.DefaultBeanDefinitionDocumentReader] Loading bean definitions
2016-02-04 08:35:20,226 DEBUG   main [org.springframework.beans.factory.xml.DefaultNamespaceHandlerResolver] Loaded NamespaceHandler mappings: {http://www.springframework.org/schema/p=org.springframework.beans.factory.xml.SimplePropertyNamespaceHandler, http://www.springframework.org/schema/util=org.springframework.beans.factory.xml.UtilNamespaceHandler, http://www.springframework.org/schema/jee=org.springframework.ejb.config.JeeNamespaceHandler, http://www.springframework.org/schema/aop=org.springframework.aop.config.AopNamespaceHandler, http://www.springframework.org/schema/data/repository=org.springframework.data.repository.config.RepositoryNameSpaceHandler, http://www.springframework.org/schema/cache=org.springframework.cache.config.CacheNamespaceHandler, http://www.springframework.org/schema/c=org.springframework.beans.factory.xml.SimpleConstructorNamespaceHandler, http://www.springframework.org/schema/ldap=org.springframework.ldap.config.LdapNamespaceHandler, http://www.springframework.org/schema/tx=org.springframework.transaction.config.TxNamespaceHandler, http://www.springframework.org/schema/task=org.springframework.scheduling.config.TaskNamespaceHandler, http://www.springframework.org/schema/lang=org.springframework.scripting.config.LangNamespaceHandler, http://www.springframework.org/schema/context=org.springframework.context.config.ContextNamespaceHandler}
2016-02-04 08:35:20,227 DEBUG   main [org.springframework.core.env.StandardEnvironment] Adding [systemProperties] PropertySource with lowest search precedence
2016-02-04 08:35:20,227 DEBUG   main [org.springframework.core.env.StandardEnvironment] Adding [systemEnvironment] PropertySource with lowest search precedence
2016-02-04 08:35:20,227 DEBUG   main [org.springframework.core.env.StandardEnvironment] Initialized StandardEnvironment with PropertySources [systemProperties,systemEnvironment]
2016-02-04 08:35:20,228 DEBUG   main [org.springframework.core.io.support.PathMatchingResourcePatternResolver] Looking for matching resources in directory tree [C:\Eclipse\workspace\spring-ldap-example\bin\gov\fema\adminportal\ldap]
2016-02-04 08:35:20,229 DEBUG   main [org.springframework.core.io.support.PathMatchingResourcePatternResolver] Searching directory [C:\Eclipse\workspace\spring-ldap-example\bin\gov\fema\adminportal\ldap] for files matching pattern [C:/Eclipse/workspace/spring-ldap-example/bin/gov/fema/adminportal/ldap/**/*.class]
2016-02-04 08:35:20,229 DEBUG   main [org.springframework.core.io.support.PathMatchingResourcePatternResolver] Searching directory [C:\Eclipse\workspace\spring-ldap-example\bin\gov\fema\adminportal\ldap\app] for files matching pattern [C:/Eclipse/workspace/spring-ldap-example/bin/gov/fema/adminportal/ldap/**/*.class]
2016-02-04 08:35:20,230 DEBUG   main [org.springframework.core.io.support.PathMatchingResourcePatternResolver] Searching directory [C:\Eclipse\workspace\spring-ldap-example\bin\gov\fema\adminportal\ldap\model] for files matching pattern [C:/Eclipse/workspace/spring-ldap-example/bin/gov/fema/adminportal/ldap/**/*.class]
2016-02-04 08:35:20,231 DEBUG   main [org.springframework.core.io.support.PathMatchingResourcePatternResolver] Searching directory [C:\Eclipse\workspace\spring-ldap-example\bin\gov\fema\adminportal\ldap\repository] for files matching pattern [C:/Eclipse/workspace/spring-ldap-example/bin/gov/fema/adminportal/ldap/**/*.class]
2016-02-04 08:35:20,232 DEBUG   main [org.springframework.core.io.support.PathMatchingResourcePatternResolver] Resolved location pattern [classpath*:gov/fema/adminportal/ldap/**/*.class] to resources [file [C:\Eclipse\workspace\spring-ldap-example\bin\gov\fema\adminportal\ldap\app\LdapApp.class], file [C:\Eclipse\workspace\spring-ldap-example\bin\gov\fema\adminportal\ldap\model\User.class], file [C:\Eclipse\workspace\spring-ldap-example\bin\gov\fema\adminportal\ldap\repository\UserRepository.class], file [C:\Eclipse\workspace\spring-ldap-example\bin\gov\fema\adminportal\ldap\repository\UserRepositoryImpl$MultipleAttributesMapper.class], file [C:\Eclipse\workspace\spring-ldap-example\bin\gov\fema\adminportal\ldap\repository\UserRepositoryImpl$SingleAttributesMapper.class], file [C:\Eclipse\workspace\spring-ldap-example\bin\gov\fema\adminportal\ldap\repository\UserRepositoryImpl$UserAttributesMapper.class], file [C:\Eclipse\workspace\spring-ldap-example\bin\gov\fema\adminportal\ldap\repository\UserRepositoryImpl.class]]
2016-02-04 08:35:20,232 TRACE   main [org.springframework.context.annotation.ClassPathBeanDefinitionScanner] Scanning file [C:\Eclipse\workspace\spring-ldap-example\bin\gov\fema\adminportal\ldap\app\LdapApp.class]
2016-02-04 08:35:20,233 TRACE   main [org.springframework.context.annotation.ClassPathBeanDefinitionScanner] Ignored because not matching any filter: file [C:\Eclipse\workspace\spring-ldap-example\bin\gov\fema\adminportal\ldap\app\LdapApp.class]
2016-02-04 08:35:20,233 TRACE   main [org.springframework.context.annotation.ClassPathBeanDefinitionScanner] Scanning file [C:\Eclipse\workspace\spring-ldap-example\bin\gov\fema\adminportal\ldap\model\User.class]
2016-02-04 08:35:20,234 TRACE   main [org.springframework.context.annotation.ClassPathBeanDefinitionScanner] Ignored because not matching any filter: file [C:\Eclipse\workspace\spring-ldap-example\bin\gov\fema\adminportal\ldap\model\User.class]
2016-02-04 08:35:20,234 TRACE   main [org.springframework.context.annotation.ClassPathBeanDefinitionScanner] Scanning file [C:\Eclipse\workspace\spring-ldap-example\bin\gov\fema\adminportal\ldap\repository\UserRepository.class]
2016-02-04 08:35:20,235 TRACE   main [org.springframework.context.annotation.ClassPathBeanDefinitionScanner] Ignored because not matching any filter: file [C:\Eclipse\workspace\spring-ldap-example\bin\gov\fema\adminportal\ldap\repository\UserRepository.class]
2016-02-04 08:35:20,235 TRACE   main [org.springframework.context.annotation.ClassPathBeanDefinitionScanner] Scanning file [C:\Eclipse\workspace\spring-ldap-example\bin\gov\fema\adminportal\ldap\repository\UserRepositoryImpl$MultipleAttributesMapper.class]
2016-02-04 08:35:20,237 TRACE   main [org.springframework.context.annotation.ClassPathBeanDefinitionScanner] Ignored because not matching any filter: file [C:\Eclipse\workspace\spring-ldap-example\bin\gov\fema\adminportal\ldap\repository\UserRepositoryImpl$MultipleAttributesMapper.class]
2016-02-04 08:35:20,237 TRACE   main [org.springframework.context.annotation.ClassPathBeanDefinitionScanner] Scanning file [C:\Eclipse\workspace\spring-ldap-example\bin\gov\fema\adminportal\ldap\repository\UserRepositoryImpl$SingleAttributesMapper.class]
2016-02-04 08:35:20,238 TRACE   main [org.springframework.context.annotation.ClassPathBeanDefinitionScanner] Ignored because not matching any filter: file [C:\Eclipse\workspace\spring-ldap-example\bin\gov\fema\adminportal\ldap\repository\UserRepositoryImpl$SingleAttributesMapper.class]
2016-02-04 08:35:20,238 TRACE   main [org.springframework.context.annotation.ClassPathBeanDefinitionScanner] Scanning file [C:\Eclipse\workspace\spring-ldap-example\bin\gov\fema\adminportal\ldap\repository\UserRepositoryImpl$UserAttributesMapper.class]
2016-02-04 08:35:20,239 TRACE   main [org.springframework.context.annotation.ClassPathBeanDefinitionScanner] Ignored because not matching any filter: file [C:\Eclipse\workspace\spring-ldap-example\bin\gov\fema\adminportal\ldap\repository\UserRepositoryImpl$UserAttributesMapper.class]
2016-02-04 08:35:20,239 TRACE   main [org.springframework.context.annotation.ClassPathBeanDefinitionScanner] Scanning file [C:\Eclipse\workspace\spring-ldap-example\bin\gov\fema\adminportal\ldap\repository\UserRepositoryImpl.class]
2016-02-04 08:35:20,241 DEBUG   main [org.springframework.context.annotation.ClassPathBeanDefinitionScanner] Identified candidate component class: file [C:\Eclipse\workspace\spring-ldap-example\bin\gov\fema\adminportal\ldap\repository\UserRepositoryImpl.class]
2016-02-04 08:35:20,242 DEBUG   main [org.springframework.beans.factory.xml.XmlBeanDefinitionReader] Loaded 9 bean definitions from location pattern [spring-ldap-example.xml]
2016-02-04 08:35:20,243 DEBUG   main [org.springframework.context.support.ClassPathXmlApplicationContext] Bean factory for org.springframework.context.support.ClassPathXmlApplicationContext@89ec211: org.springframework.beans.factory.support.DefaultListableBeanFactory@7f6bbdd7: defining beans [userRepositoryImpl,org.springframework.context.annotation.internalConfigurationAnnotationProcessor,org.springframework.context.annotation.internalAutowiredAnnotationProcessor,org.springframework.context.annotation.internalRequiredAnnotationProcessor,org.springframework.context.annotation.internalCommonAnnotationProcessor,simpleDirContextAuthenticationStrategy,userReposImpl,contextSource,ldapTemplate]; root of factory hierarchy
2016-02-04 08:35:20,243 DEBUG   main [org.springframework.beans.factory.support.DefaultListableBeanFactory] Creating shared instance of singleton bean 'org.springframework.context.annotation.internalConfigurationAnnotationProcessor'
2016-02-04 08:35:20,244 DEBUG   main [org.springframework.beans.factory.support.DefaultListableBeanFactory] Creating instance of bean 'org.springframework.context.annotation.internalConfigurationAnnotationProcessor'
2016-02-04 08:35:20,244 DEBUG   main [org.springframework.beans.factory.support.DefaultListableBeanFactory] Eagerly caching bean 'org.springframework.context.annotation.internalConfigurationAnnotationProcessor' to allow for resolving potential circular references
2016-02-04 08:35:20,244 DEBUG   main [org.springframework.beans.factory.support.DefaultListableBeanFactory] Finished creating instance of bean 'org.springframework.context.annotation.internalConfigurationAnnotationProcessor'
2016-02-04 08:35:20,250 DEBUG   main [org.springframework.beans.factory.support.DefaultListableBeanFactory] Creating shared instance of singleton bean 'org.springframework.context.annotation.internalAutowiredAnnotationProcessor'
2016-02-04 08:35:20,251 DEBUG   main [org.springframework.beans.factory.support.DefaultListableBeanFactory] Creating instance of bean 'org.springframework.context.annotation.internalAutowiredAnnotationProcessor'
2016-02-04 08:35:20,251 DEBUG   main [org.springframework.beans.factory.support.DefaultListableBeanFactory] Eagerly caching bean 'org.springframework.context.annotation.internalAutowiredAnnotationProcessor' to allow for resolving potential circular references
2016-02-04 08:35:20,251 DEBUG   main [org.springframework.beans.factory.support.DefaultListableBeanFactory] Finished creating instance of bean 'org.springframework.context.annotation.internalAutowiredAnnotationProcessor'
2016-02-04 08:35:20,251 DEBUG   main [org.springframework.beans.factory.support.DefaultListableBeanFactory] Creating shared instance of singleton bean 'org.springframework.context.annotation.internalRequiredAnnotationProcessor'
2016-02-04 08:35:20,251 DEBUG   main [org.springframework.beans.factory.support.DefaultListableBeanFactory] Creating instance of bean 'org.springframework.context.annotation.internalRequiredAnnotationProcessor'
2016-02-04 08:35:20,252 DEBUG   main [org.springframework.beans.factory.support.DefaultListableBeanFactory] Eagerly caching bean 'org.springframework.context.annotation.internalRequiredAnnotationProcessor' to allow for resolving potential circular references
2016-02-04 08:35:20,252 DEBUG   main [org.springframework.beans.factory.support.DefaultListableBeanFactory] Finished creating instance of bean 'org.springframework.context.annotation.internalRequiredAnnotationProcessor'
2016-02-04 08:35:20,252 DEBUG   main [org.springframework.beans.factory.support.DefaultListableBeanFactory] Creating shared instance of singleton bean 'org.springframework.context.annotation.internalCommonAnnotationProcessor'
2016-02-04 08:35:20,252 DEBUG   main [org.springframework.beans.factory.support.DefaultListableBeanFactory] Creating instance of bean 'org.springframework.context.annotation.internalCommonAnnotationProcessor'
2016-02-04 08:35:20,252 DEBUG   main [org.springframework.beans.factory.support.DefaultListableBeanFactory] Eagerly caching bean 'org.springframework.context.annotation.internalCommonAnnotationProcessor' to allow for resolving potential circular references
2016-02-04 08:35:20,252 DEBUG   main [org.springframework.beans.factory.support.DefaultListableBeanFactory] Finished creating instance of bean 'org.springframework.context.annotation.internalCommonAnnotationProcessor'
2016-02-04 08:35:20,252 DEBUG   main [org.springframework.beans.factory.support.DefaultListableBeanFactory] Creating shared instance of singleton bean 'org.springframework.context.annotation.ConfigurationClassPostProcessor.importAwareProcessor'
2016-02-04 08:35:20,252 DEBUG   main [org.springframework.beans.factory.support.DefaultListableBeanFactory] Creating instance of bean 'org.springframework.context.annotation.ConfigurationClassPostProcessor.importAwareProcessor'
2016-02-04 08:35:20,253 DEBUG   main [org.springframework.beans.factory.support.DefaultListableBeanFactory] Eagerly caching bean 'org.springframework.context.annotation.ConfigurationClassPostProcessor.importAwareProcessor' to allow for resolving potential circular references
2016-02-04 08:35:20,253 DEBUG   main [org.springframework.beans.factory.support.DefaultListableBeanFactory] Finished creating instance of bean 'org.springframework.context.annotation.ConfigurationClassPostProcessor.importAwareProcessor'
2016-02-04 08:35:20,253 DEBUG   main [org.springframework.beans.factory.support.DefaultListableBeanFactory] Creating shared instance of singleton bean 'org.springframework.context.annotation.ConfigurationClassPostProcessor.enhancedConfigurationProcessor'
2016-02-04 08:35:20,253 DEBUG   main [org.springframework.beans.factory.support.DefaultListableBeanFactory] Creating instance of bean 'org.springframework.context.annotation.ConfigurationClassPostProcessor.enhancedConfigurationProcessor'
2016-02-04 08:35:20,253 DEBUG   main [org.springframework.beans.factory.support.DefaultListableBeanFactory] Eagerly caching bean 'org.springframework.context.annotation.ConfigurationClassPostProcessor.enhancedConfigurationProcessor' to allow for resolving potential circular references
2016-02-04 08:35:20,253 DEBUG   main [org.springframework.beans.factory.support.DefaultListableBeanFactory] Finished creating instance of bean 'org.springframework.context.annotation.ConfigurationClassPostProcessor.enhancedConfigurationProcessor'
2016-02-04 08:35:20,253 DEBUG   main [org.springframework.context.support.ClassPathXmlApplicationContext] Unable to locate MessageSource with name 'messageSource': using default [org.springframework.context.support.DelegatingMessageSource@834e67d]
2016-02-04 08:35:20,253 DEBUG   main [org.springframework.context.support.ClassPathXmlApplicationContext] Unable to locate ApplicationEventMulticaster with name 'applicationEventMulticaster': using default [org.springframework.context.event.SimpleApplicationEventMulticaster@49081cc0]
2016-02-04 08:35:20,254 DEBUG   main [org.springframework.beans.factory.support.DefaultListableBeanFactory] Pre-instantiating singletons in org.springframework.beans.factory.support.DefaultListableBeanFactory@7f6bbdd7: defining beans [userRepositoryImpl,org.springframework.context.annotation.internalConfigurationAnnotationProcessor,org.springframework.context.annotation.internalAutowiredAnnotationProcessor,org.springframework.context.annotation.internalRequiredAnnotationProcessor,org.springframework.context.annotation.internalCommonAnnotationProcessor,simpleDirContextAuthenticationStrategy,userReposImpl,contextSource,ldapTemplate,org.springframework.context.annotation.ConfigurationClassPostProcessor.importAwareProcessor,org.springframework.context.annotation.ConfigurationClassPostProcessor.enhancedConfigurationProcessor]; root of factory hierarchy
2016-02-04 08:35:20,254 DEBUG   main [org.springframework.beans.factory.support.DefaultListableBeanFactory] Creating shared instance of singleton bean 'userRepositoryImpl'
2016-02-04 08:35:20,254 DEBUG   main [org.springframework.beans.factory.support.DefaultListableBeanFactory] Creating instance of bean 'userRepositoryImpl'
2016-02-04 08:35:20,255 DEBUG   main [org.springframework.beans.factory.annotation.InjectionMetadata] Registered injected element on class [gov.fema.adminportal.ldap.repository.UserRepositoryImpl]: AutowiredFieldElement for private org.springframework.ldap.core.LdapTemplate gov.fema.adminportal.ldap.repository.UserRepositoryImpl.ldapTemplate
2016-02-04 08:35:20,255 DEBUG   main [org.springframework.beans.factory.support.DefaultListableBeanFactory] Eagerly caching bean 'userRepositoryImpl' to allow for resolving potential circular references
2016-02-04 08:35:20,256 DEBUG   main [org.springframework.beans.factory.annotation.InjectionMetadata] Processing injected element of bean 'userRepositoryImpl': AutowiredFieldElement for private org.springframework.ldap.core.LdapTemplate gov.fema.adminportal.ldap.repository.UserRepositoryImpl.ldapTemplate
2016-02-04 08:35:20,256 DEBUG   main [org.springframework.beans.factory.support.DefaultListableBeanFactory] Creating shared instance of singleton bean 'ldapTemplate'
2016-02-04 08:35:20,256 DEBUG   main [org.springframework.beans.factory.support.DefaultListableBeanFactory] Creating instance of bean 'ldapTemplate'
2016-02-04 08:35:20,258 DEBUG   main [org.springframework.beans.factory.support.DefaultListableBeanFactory] Eagerly caching bean 'ldapTemplate' to allow for resolving potential circular references
2016-02-04 08:35:20,259 DEBUG   main [org.springframework.beans.factory.support.DefaultListableBeanFactory] Creating shared instance of singleton bean 'contextSource'
2016-02-04 08:35:20,259 DEBUG   main [org.springframework.beans.factory.support.DefaultListableBeanFactory] Creating instance of bean 'contextSource'
2016-02-04 08:35:20,259 DEBUG   main [org.springframework.beans.factory.support.DefaultListableBeanFactory] Creating instance of bean '(inner bean)#3397a6b5'
2016-02-04 08:35:20,261 DEBUG   main [org.springframework.beans.factory.support.DefaultListableBeanFactory] Creating instance of bean '(inner bean)#2941cf89'
2016-02-04 08:35:20,262 DEBUG   main [org.springframework.beans.factory.support.DefaultListableBeanFactory] Finished creating instance of bean '(inner bean)#2941cf89'
2016-02-04 08:35:20,263 DEBUG   main [org.springframework.beans.factory.support.DefaultListableBeanFactory] Creating shared instance of singleton bean 'simpleDirContextAuthenticationStrategy'
2016-02-04 08:35:20,263 DEBUG   main [org.springframework.beans.factory.support.DefaultListableBeanFactory] Creating instance of bean 'simpleDirContextAuthenticationStrategy'
2016-02-04 08:35:20,263 DEBUG   main [org.springframework.beans.factory.support.DefaultListableBeanFactory] Eagerly caching bean 'simpleDirContextAuthenticationStrategy' to allow for resolving potential circular references
2016-02-04 08:35:20,264 DEBUG   main [org.springframework.beans.factory.support.DefaultListableBeanFactory] Finished creating instance of bean 'simpleDirContextAuthenticationStrategy'
2016-02-04 08:35:20,264 DEBUG   main [org.springframework.beans.factory.support.DefaultListableBeanFactory] Invoking afterPropertiesSet() on bean with name '(inner bean)#3397a6b5'
2016-02-04 08:35:20,264 DEBUG   main [org.springframework.beans.factory.support.DefaultListableBeanFactory] Finished creating instance of bean '(inner bean)#3397a6b5'
2016-02-04 08:35:20,266 DEBUG   main [org.springframework.beans.factory.support.DefaultListableBeanFactory] Eagerly caching bean 'contextSource' to allow for resolving potential circular references
2016-02-04 08:35:20,266 DEBUG   main [org.springframework.beans.factory.support.DefaultListableBeanFactory] Finished creating instance of bean 'contextSource'
2016-02-04 08:35:20,266 DEBUG   main [org.springframework.beans.factory.support.DefaultListableBeanFactory] Invoking afterPropertiesSet() on bean with name 'ldapTemplate'
2016-02-04 08:35:20,266 DEBUG   main [org.springframework.beans.factory.support.DefaultListableBeanFactory] Finished creating instance of bean 'ldapTemplate'
2016-02-04 08:35:20,266 DEBUG   main [org.springframework.beans.factory.annotation.AutowiredAnnotationBeanPostProcessor] Autowiring by type from bean name 'userRepositoryImpl' to bean named 'ldapTemplate'
2016-02-04 08:35:20,267 DEBUG   main [org.springframework.beans.factory.support.DefaultListableBeanFactory] Finished creating instance of bean 'userRepositoryImpl'
2016-02-04 08:35:20,267 DEBUG   main [org.springframework.beans.factory.support.DefaultListableBeanFactory] Returning cached instance of singleton bean 'org.springframework.context.annotation.internalConfigurationAnnotationProcessor'
2016-02-04 08:35:20,267 DEBUG   main [org.springframework.beans.factory.support.DefaultListableBeanFactory] Returning cached instance of singleton bean 'org.springframework.context.annotation.internalAutowiredAnnotationProcessor'
2016-02-04 08:35:20,267 DEBUG   main [org.springframework.beans.factory.support.DefaultListableBeanFactory] Returning cached instance of singleton bean 'org.springframework.context.annotation.internalRequiredAnnotationProcessor'
2016-02-04 08:35:20,267 DEBUG   main [org.springframework.beans.factory.support.DefaultListableBeanFactory] Returning cached instance of singleton bean 'org.springframework.context.annotation.internalCommonAnnotationProcessor'
2016-02-04 08:35:20,267 DEBUG   main [org.springframework.beans.factory.support.DefaultListableBeanFactory] Returning cached instance of singleton bean 'simpleDirContextAuthenticationStrategy'
2016-02-04 08:35:20,267 DEBUG   main [org.springframework.beans.factory.support.DefaultListableBeanFactory] Creating shared instance of singleton bean 'userReposImpl'
2016-02-04 08:35:20,267 DEBUG   main [org.springframework.beans.factory.support.DefaultListableBeanFactory] Creating instance of bean 'userReposImpl'
2016-02-04 08:35:20,268 DEBUG   main [org.springframework.beans.factory.annotation.InjectionMetadata] Registered injected element on class [gov.fema.adminportal.ldap.repository.UserRepositoryImpl]: AutowiredFieldElement for private org.springframework.ldap.core.LdapTemplate gov.fema.adminportal.ldap.repository.UserRepositoryImpl.ldapTemplate
2016-02-04 08:35:20,268 DEBUG   main [org.springframework.beans.factory.support.DefaultListableBeanFactory] Eagerly caching bean 'userReposImpl' to allow for resolving potential circular references
2016-02-04 08:35:20,268 DEBUG   main [org.springframework.beans.factory.annotation.InjectionMetadata] Processing injected element of bean 'userReposImpl': AutowiredFieldElement for private org.springframework.ldap.core.LdapTemplate gov.fema.adminportal.ldap.repository.UserRepositoryImpl.ldapTemplate
2016-02-04 08:35:20,268 DEBUG   main [org.springframework.beans.factory.support.DefaultListableBeanFactory] Returning cached instance of singleton bean 'ldapTemplate'
2016-02-04 08:35:20,269 DEBUG   main [org.springframework.beans.factory.annotation.AutowiredAnnotationBeanPostProcessor] Autowiring by type from bean name 'userReposImpl' to bean named 'ldapTemplate'
2016-02-04 08:35:20,269 DEBUG   main [org.springframework.beans.factory.support.DefaultListableBeanFactory] Finished creating instance of bean 'userReposImpl'
2016-02-04 08:35:20,269 DEBUG   main [org.springframework.beans.factory.support.DefaultListableBeanFactory] Returning cached instance of singleton bean 'contextSource'
2016-02-04 08:35:20,269 DEBUG   main [org.springframework.beans.factory.support.DefaultListableBeanFactory] Returning cached instance of singleton bean 'ldapTemplate'
2016-02-04 08:35:20,269 DEBUG   main [org.springframework.beans.factory.support.DefaultListableBeanFactory] Returning cached instance of singleton bean 'org.springframework.context.annotation.ConfigurationClassPostProcessor.importAwareProcessor'
2016-02-04 08:35:20,269 DEBUG   main [org.springframework.beans.factory.support.DefaultListableBeanFactory] Returning cached instance of singleton bean 'org.springframework.context.annotation.ConfigurationClassPostProcessor.enhancedConfigurationProcessor'
2016-02-04 08:35:20,269 DEBUG   main [org.springframework.context.support.ClassPathXmlApplicationContext] Unable to locate LifecycleProcessor with name 'lifecycleProcessor': using default [org.springframework.context.support.DefaultLifecycleProcessor@1642f9ef]
2016-02-04 08:35:20,269 DEBUG   main [org.springframework.beans.factory.support.DefaultListableBeanFactory] Returning cached instance of singleton bean 'lifecycleProcessor'
2016-02-04 08:35:20,270 TRACE   main [org.springframework.context.support.ClassPathXmlApplicationContext] Publishing event in org.springframework.context.support.ClassPathXmlApplicationContext@89ec211: org.springframework.context.event.ContextRefreshedEvent[source=org.springframework.context.support.ClassPathXmlApplicationContext@89ec211: startup date [Thu Feb 04 08:35:20 EST 2016]; root of context hierarchy]
2016-02-04 08:35:20,270 TRACE   main [org.springframework.core.env.PropertySourcesPropertyResolver] getProperty("spring.liveBeansView.mbeanDomain", String)
2016-02-04 08:35:20,270 DEBUG   main [org.springframework.core.env.PropertySourcesPropertyResolver] Searching for key 'spring.liveBeansView.mbeanDomain' in [systemProperties]
2016-02-04 08:35:20,270 DEBUG   main [org.springframework.core.env.PropertySourcesPropertyResolver] Searching for key 'spring.liveBeansView.mbeanDomain' in [systemEnvironment]
2016-02-04 08:35:20,270 DEBUG   main [org.springframework.core.env.PropertySourcesPropertyResolver] Could not find key 'spring.liveBeansView.mbeanDomain' in any property source. Returning [null]
2016-02-04 08:35:20,270 INFO   main [gov.fema.adminportal.ldap.repository.UserRepositoryImpl] executing {getUserDetails}
2016-02-04 08:35:20,273 INFO   main [gov.fema.adminportal.ldap.app.LdapApp] 
 =>User [uid=spring_ldap_test, cn=spring_ldap_test, sn=spring_ldap_test, userPassword={SSHA}eEhC0pe/+M62+87IrMxgJKDZrjh7P9CrSIDfHA==, postalAddress=spring_ldap_test, telephoneNumber=9830098301]
2016-02-04 08:35:20,273 INFO   main [gov.fema.adminportal.ldap.repository.UserRepositoryImpl] executing {getUserDetails}
2016-02-04 08:35:20,276 INFO   main [gov.fema.adminportal.ldap.repository.UserRepositoryImpl] telephoneNumber	 | 9830098301
2016-02-04 08:35:20,276 INFO   main [gov.fema.adminportal.ldap.repository.UserRepositoryImpl] userPassword	 | [B@5d25379e
2016-02-04 08:35:20,277 INFO   main [gov.fema.adminportal.ldap.repository.UserRepositoryImpl] uid	 | spring_ldap_test
2016-02-04 08:35:20,277 INFO   main [gov.fema.adminportal.ldap.repository.UserRepositoryImpl] objectClass	 | organizationalPerson
2016-02-04 08:35:20,277 INFO   main [gov.fema.adminportal.ldap.repository.UserRepositoryImpl] postalAddress	 | spring_ldap_test
2016-02-04 08:35:20,277 INFO   main [gov.fema.adminportal.ldap.repository.UserRepositoryImpl] sn	 | spring_ldap_test
2016-02-04 08:35:20,277 INFO   main [gov.fema.adminportal.ldap.repository.UserRepositoryImpl] cn	 | spring_ldap_test
2016-02-04 08:35:20,277 INFO   main [gov.fema.adminportal.ldap.app.LdapApp] 
 =>
 Result { 
 	 |_  #telephoneNumber= [ 9830098301 ]  
 	 |_  #userPassword= [ [B@5d25379e ]  
 	 |_  #uid= [ spring_ldap_test ]  
 	 |_  #objectClass= [ organizationalPerson ]  
 	 |_  #postalAddress= [ spring_ldap_test ]  
 	 |_  #sn= [ spring_ldap_test ]  
 	 |_  #cn= [ spring_ldap_test ]  

 } 
2016-02-04 08:35:20,277 INFO   main [gov.fema.adminportal.ldap.repository.UserRepositoryImpl] executing {updateTelePhone}
2016-02-04 08:35:20,688 INFO   main [gov.fema.adminportal.ldap.repository.UserRepositoryImpl] executing {getUserDetails}
2016-02-04 08:35:20,692 INFO   main [gov.fema.adminportal.ldap.app.LdapApp] 
 =>User [uid=spring_ldap_test, cn=spring_ldap_test, sn=spring_ldap_test, userPassword={SSHA}eEhC0pe/+M62+87IrMxgJKDZrjh7P9CrSIDfHA==, postalAddress=spring_ldap_test, telephoneNumber=(630)728-2091]
2016-02-04 08:35:20,693 INFO   main [org.springframework.context.support.ClassPathXmlApplicationContext] Closing org.springframework.context.support.ClassPathXmlApplicationContext@89ec211: startup date [Thu Feb 04 08:35:20 EST 2016]; root of context hierarchy
2016-02-04 08:35:20,693 TRACE   main [org.springframework.context.support.ClassPathXmlApplicationContext] Publishing event in org.springframework.context.support.ClassPathXmlApplicationContext@89ec211: org.springframework.context.event.ContextClosedEvent[source=org.springframework.context.support.ClassPathXmlApplicationContext@89ec211: startup date [Thu Feb 04 08:35:20 EST 2016]; root of context hierarchy]
2016-02-04 08:35:20,693 DEBUG   main [org.springframework.beans.factory.support.DefaultListableBeanFactory] Returning cached instance of singleton bean 'lifecycleProcessor'
2016-02-04 08:35:20,694 DEBUG   main [org.springframework.beans.factory.support.DefaultListableBeanFactory] Destroying singletons in org.springframework.beans.factory.support.DefaultListableBeanFactory@7f6bbdd7: defining beans [userRepositoryImpl,org.springframework.context.annotation.internalConfigurationAnnotationProcessor,org.springframework.context.annotation.internalAutowiredAnnotationProcessor,org.springframework.context.annotation.internalRequiredAnnotationProcessor,org.springframework.context.annotation.internalCommonAnnotationProcessor,simpleDirContextAuthenticationStrategy,userReposImpl,contextSource,ldapTemplate,org.springframework.context.annotation.ConfigurationClassPostProcessor.importAwareProcessor,org.springframework.context.annotation.ConfigurationClassPostProcessor.enhancedConfigurationProcessor]; root of factory hierarchy
2016-02-04 08:35:20,694 DEBUG   main [org.springframework.beans.factory.support.DefaultListableBeanFactory] Retrieved dependent beans for bean '(inner bean)#3397a6b5': [contextSource]
2016-02-04 08:35:20,694 DEBUG   main [org.springframework.beans.factory.support.DefaultListableBeanFactory] Retrieved dependent beans for bean '(inner bean)#2941cf89': [(inner bean)#3397a6b5]
2016-02-08 14:31:39,003 DEBUG   main [org.springframework.core.env.StandardEnvironment] Adding [systemProperties] PropertySource with lowest search precedence
2016-02-08 14:31:39,007 DEBUG   main [org.springframework.core.env.StandardEnvironment] Adding [systemEnvironment] PropertySource with lowest search precedence
2016-02-08 14:31:39,008 DEBUG   main [org.springframework.core.env.StandardEnvironment] Initialized StandardEnvironment with PropertySources [systemProperties,systemEnvironment]
2016-02-08 14:31:39,012 INFO   main [org.springframework.context.support.ClassPathXmlApplicationContext] Refreshing org.springframework.context.support.ClassPathXmlApplicationContext@89ec211: startup date [Mon Feb 08 14:31:39 EST 2016]; root of context hierarchy
2016-02-08 14:31:39,046 DEBUG   main [org.springframework.core.env.StandardEnvironment] Adding [systemProperties] PropertySource with lowest search precedence
2016-02-08 14:31:39,047 DEBUG   main [org.springframework.core.env.StandardEnvironment] Adding [systemEnvironment] PropertySource with lowest search precedence
2016-02-08 14:31:39,047 DEBUG   main [org.springframework.core.env.StandardEnvironment] Initialized StandardEnvironment with PropertySources [systemProperties,systemEnvironment]
2016-02-08 14:31:39,058 INFO   main [org.springframework.beans.factory.xml.XmlBeanDefinitionReader] Loading XML bean definitions from class path resource [spring-ldap-example.xml]
2016-02-08 14:31:39,060 DEBUG   main [org.springframework.beans.factory.xml.DefaultDocumentLoader] Using JAXP provider [com.sun.org.apache.xerces.internal.jaxp.DocumentBuilderFactoryImpl]
2016-02-08 14:31:39,081 TRACE   main [org.springframework.beans.factory.xml.PluggableSchemaResolver] Trying to resolve XML entity with public id [null] and system id [http://www.springframework.org/schema/beans/spring-beans.xsd]
2016-02-08 14:31:39,082 DEBUG   main [org.springframework.beans.factory.xml.PluggableSchemaResolver] Loading schema mappings from [META-INF/spring.schemas]
2016-02-08 14:31:39,091 DEBUG   main [org.springframework.beans.factory.xml.PluggableSchemaResolver] Loaded schema mappings: {http://www.springframework.org/schema/tx/spring-tx-2.5.xsd=org/springframework/transaction/config/spring-tx-2.5.xsd, http://www.springframework.org/schema/cache/spring-cache-4.2.xsd=org/springframework/cache/config/spring-cache-4.2.xsd, http://www.springframework.org/schema/aop/spring-aop-4.1.xsd=org/springframework/aop/config/spring-aop-4.1.xsd, http://www.springframework.org/schema/context/spring-context-3.1.xsd=org/springframework/context/config/spring-context-3.1.xsd, http://www.springframework.org/schema/data/repository/spring-repository-1.4.xsd=org/springframework/data/repository/config/spring-repository-1.4.xsd, http://www.springframework.org/schema/util/spring-util-3.0.xsd=org/springframework/beans/factory/xml/spring-util-3.0.xsd, http://www.springframework.org/schema/tool/spring-tool.xsd=org/springframework/beans/factory/xml/spring-tool-4.2.xsd, http://www.springframework.org/schema/aop/spring-aop-3.2.xsd=org/springframework/aop/config/spring-aop-3.2.xsd, http://www.springframework.org/schema/lang/spring-lang-4.1.xsd=org/springframework/scripting/config/spring-lang-4.1.xsd, http://www.springframework.org/schema/context/spring-context-4.0.xsd=org/springframework/context/config/spring-context-4.0.xsd, http://www.springframework.org/schema/beans/spring-beans-4.2.xsd=org/springframework/beans/factory/xml/spring-beans-4.2.xsd, http://www.springframework.org/schema/tool/spring-tool-4.1.xsd=org/springframework/beans/factory/xml/spring-tool-4.1.xsd, http://www.springframework.org/schema/lang/spring-lang-3.2.xsd=org/springframework/scripting/config/spring-lang-3.2.xsd, http://www.springframework.org/schema/cache/spring-cache-3.2.xsd=org/springframework/cache/config/spring-cache-3.2.xsd, http://www.springframework.org/schema/jee/spring-jee-4.1.xsd=org/springframework/ejb/config/spring-jee-4.1.xsd, http://www.springframework.org/schema/task/spring-task-4.2.xsd=org/springframework/scheduling/config/spring-task-4.2.xsd, http://www.springframework.org/schema/util/spring-util-2.0.xsd=org/springframework/beans/factory/xml/spring-util-2.0.xsd, http://www.springframework.org/schema/tool/spring-tool-3.2.xsd=org/springframework/beans/factory/xml/spring-tool-3.2.xsd, http://www.springframework.org/schema/context/spring-context.xsd=org/springframework/context/config/spring-context-4.2.xsd, http://www.springframework.org/schema/tx/spring-tx-4.2.xsd=org/springframework/transaction/config/spring-tx-4.2.xsd, http://www.springframework.org/schema/cache/spring-cache-4.1.xsd=org/springframework/cache/config/spring-cache-4.1.xsd, http://www.springframework.org/schema/aop/spring-aop-4.0.xsd=org/springframework/aop/config/spring-aop-4.0.xsd, http://www.springframework.org/schema/jee/spring-jee-3.2.xsd=org/springframework/ejb/config/spring-jee-3.2.xsd, http://www.springframework.org/schema/context/spring-context-3.0.xsd=org/springframework/context/config/spring-context-3.0.xsd, http://www.springframework.org/schema/util/spring-util-2.5.xsd=org/springframework/beans/factory/xml/spring-util-2.5.xsd, http://www.springframework.org/schema/beans/spring-beans-3.2.xsd=org/springframework/beans/factory/xml/spring-beans-3.2.xsd, http://www.springframework.org/schema/aop/spring-aop-3.1.xsd=org/springframework/aop/config/spring-aop-3.1.xsd, http://www.springframework.org/schema/ldap/spring-ldap-2.0.xsd=org/springframework/ldap/config/spring-ldap-2.0.xsd, http://www.springframework.org/schema/lang/spring-lang-4.0.xsd=org/springframework/scripting/config/spring-lang-4.0.xsd, http://www.springframework.org/schema/beans/spring-beans-4.1.xsd=org/springframework/beans/factory/xml/spring-beans-4.1.xsd, http://www.springframework.org/schema/tool/spring-tool-4.0.xsd=org/springframework/beans/factory/xml/spring-tool-4.0.xsd, http://www.springframework.org/schema/tx/spring-tx-3.2.xsd=org/springframework/transaction/config/spring-tx-3.2.xsd, http://www.springframework.org/schema/lang/spring-lang-3.1.xsd=org/springframework/scripting/config/spring-lang-3.1.xsd, http://www.springframework.org/schema/cache/spring-cache-3.1.xsd=org/springframework/cache/config/spring-cache-3.1.xsd, http://www.springframework.org/schema/jee/spring-jee-4.0.xsd=org/springframework/ejb/config/spring-jee-4.0.xsd, http://www.springframework.org/schema/task/spring-task-4.1.xsd=org/springframework/scheduling/config/spring-task-4.1.xsd, http://www.springframework.org/schema/tool/spring-tool-3.1.xsd=org/springframework/beans/factory/xml/spring-tool-3.1.xsd, http://www.springframework.org/schema/tx/spring-tx-4.1.xsd=org/springframework/transaction/config/spring-tx-4.1.xsd, http://www.springframework.org/schema/cache/spring-cache-4.0.xsd=org/springframework/cache/config/spring-cache-4.0.xsd, http://www.springframework.org/schema/jee/spring-jee-3.1.xsd=org/springframework/ejb/config/spring-jee-3.1.xsd, http://www.springframework.org/schema/task/spring-task-3.2.xsd=org/springframework/scheduling/config/spring-task-3.2.xsd, http://www.springframework.org/schema/util/spring-util-4.2.xsd=org/springframework/beans/factory/xml/spring-util-4.2.xsd, http://www.springframework.org/schema/beans/spring-beans-3.1.xsd=org/springframework/beans/factory/xml/spring-beans-3.1.xsd, http://www.springframework.org/schema/util/spring-util.xsd=org/springframework/beans/factory/xml/spring-util-4.2.xsd, http://www.springframework.org/schema/aop/spring-aop-3.0.xsd=org/springframework/aop/config/spring-aop-3.0.xsd, http://www.springframework.org/schema/data/repository/spring-repository.xsd=org/springframework/data/repository/config/spring-repository-1.7.xsd, http://www.springframework.org/schema/data/repository/spring-repository-1.7.xsd=org/springframework/data/repository/config/spring-repository-1.7.xsd, http://www.springframework.org/schema/ldap/spring-ldap.xsd=org/springframework/ldap/config/spring-ldap-2.0.xsd, http://www.springframework.org/schema/beans/spring-beans-4.0.xsd=org/springframework/beans/factory/xml/spring-beans-4.0.xsd, http://www.springframework.org/schema/beans/spring-beans.xsd=org/springframework/beans/factory/xml/spring-beans-4.2.xsd, http://www.springframework.org/schema/tx/spring-tx-3.1.xsd=org/springframework/transaction/config/spring-tx-3.1.xsd, http://www.springframework.org/schema/lang/spring-lang-3.0.xsd=org/springframework/scripting/config/spring-lang-3.0.xsd, http://www.springframework.org/schema/context/spring-context-2.5.xsd=org/springframework/context/config/spring-context-2.5.xsd, http://www.springframework.org/schema/task/spring-task-4.0.xsd=org/springframework/scheduling/config/spring-task-4.0.xsd, http://www.springframework.org/schema/tool/spring-tool-3.0.xsd=org/springframework/beans/factory/xml/spring-tool-3.0.xsd, http://www.springframework.org/schema/tx/spring-tx-4.0.xsd=org/springframework/transaction/config/spring-tx-4.0.xsd, http://www.springframework.org/schema/aop/spring-aop-2.0.xsd=org/springframework/aop/config/spring-aop-2.0.xsd, http://www.springframework.org/schema/jee/spring-jee-3.0.xsd=org/springframework/ejb/config/spring-jee-3.0.xsd, http://www.springframework.org/schema/util/spring-util-4.1.xsd=org/springframework/beans/factory/xml/spring-util-4.1.xsd, http://www.springframework.org/schema/task/spring-task-3.1.xsd=org/springframework/scheduling/config/spring-task-3.1.xsd, http://www.springframework.org/schema/beans/spring-beans-3.0.xsd=org/springframework/beans/factory/xml/spring-beans-3.0.xsd, http://www.springframework.org/schema/jee/spring-jee.xsd=org/springframework/ejb/config/spring-jee-4.2.xsd, http://www.springframework.org/schema/aop/spring-aop-2.5.xsd=org/springframework/aop/config/spring-aop-2.5.xsd, http://www.springframework.org/schema/lang/spring-lang-2.0.xsd=org/springframework/scripting/config/spring-lang-2.0.xsd, http://www.springframework.org/schema/data/repository/spring-repository-1.6.xsd=org/springframework/data/repository/config/spring-repository-1.6.xsd, http://www.springframework.org/schema/util/spring-util-3.2.xsd=org/springframework/beans/factory/xml/spring-util-3.2.xsd, http://www.springframework.org/schema/task/spring-task.xsd=org/springframework/scheduling/config/spring-task-4.2.xsd, http://www.springframework.org/schema/tool/spring-tool-2.0.xsd=org/springframework/beans/factory/xml/spring-tool-2.0.xsd, http://www.springframework.org/schema/tx/spring-tx-3.0.xsd=org/springframework/transaction/config/spring-tx-3.0.xsd, http://www.springframework.org/schema/lang/spring-lang-2.5.xsd=org/springframework/scripting/config/spring-lang-2.5.xsd, http://www.springframework.org/schema/context/spring-context-4.2.xsd=org/springframework/context/config/spring-context-4.2.xsd, http://www.springframework.org/schema/jee/spring-jee-2.0.xsd=org/springframework/ejb/config/spring-jee-2.0.xsd, http://www.springframework.org/schema/tool/spring-tool-2.5.xsd=org/springframework/beans/factory/xml/spring-tool-2.5.xsd, http://www.springframework.org/schema/jee/spring-jee-2.5.xsd=org/springframework/ejb/config/spring-jee-2.5.xsd, http://www.springframework.org/schema/data/repository/spring-repository-1.0.xsd=org/springframework/data/repository/config/spring-repository-1.0.xsd, http://www.springframework.org/schema/util/spring-util-4.0.xsd=org/springframework/beans/factory/xml/spring-util-4.0.xsd, http://www.springframework.org/schema/task/spring-task-3.0.xsd=org/springframework/scheduling/config/spring-task-3.0.xsd, http://www.springframework.org/schema/aop/spring-aop-4.2.xsd=org/springframework/aop/config/spring-aop-4.2.xsd, http://www.springframework.org/schema/lang/spring-lang.xsd=org/springframework/scripting/config/spring-lang-4.2.xsd, http://www.springframework.org/schema/context/spring-context-3.2.xsd=org/springframework/context/config/spring-context-3.2.xsd, http://www.springframework.org/schema/data/repository/spring-repository-1.5.xsd=org/springframework/data/repository/config/spring-repository-1.5.xsd, http://www.springframework.org/schema/util/spring-util-3.1.xsd=org/springframework/beans/factory/xml/spring-util-3.1.xsd, http://www.springframework.org/schema/beans/spring-beans-2.0.xsd=org/springframework/beans/factory/xml/spring-beans-2.0.xsd, http://www.springframework.org/schema/cache/spring-cache.xsd=org/springframework/cache/config/spring-cache-4.2.xsd, http://www.springframework.org/schema/tx/spring-tx.xsd=org/springframework/transaction/config/spring-tx-4.2.xsd, http://www.springframework.org/schema/lang/spring-lang-4.2.xsd=org/springframework/scripting/config/spring-lang-4.2.xsd, http://www.springframework.org/schema/context/spring-context-4.1.xsd=org/springframework/context/config/spring-context-4.1.xsd, http://www.springframework.org/schema/beans/spring-beans-2.5.xsd=org/springframework/beans/factory/xml/spring-beans-2.5.xsd, http://www.springframework.org/schema/tool/spring-tool-4.2.xsd=org/springframework/beans/factory/xml/spring-tool-4.2.xsd, http://www.springframework.org/schema/tx/spring-tx-2.0.xsd=org/springframework/transaction/config/spring-tx-2.0.xsd, http://www.springframework.org/schema/jee/spring-jee-4.2.xsd=org/springframework/ejb/config/spring-jee-4.2.xsd, http://www.springframework.org/schema/aop/spring-aop.xsd=org/springframework/aop/config/spring-aop-4.2.xsd}
2016-02-08 14:31:39,094 DEBUG   main [org.springframework.beans.factory.xml.PluggableSchemaResolver] Found XML schema [http://www.springframework.org/schema/beans/spring-beans.xsd] in classpath: org/springframework/beans/factory/xml/spring-beans-4.2.xsd
2016-02-08 14:31:39,166 TRACE   main [org.springframework.beans.factory.xml.PluggableSchemaResolver] Trying to resolve XML entity with public id [null] and system id [http://www.springframework.org/schema/context/spring-context.xsd]
2016-02-08 14:31:39,168 DEBUG   main [org.springframework.beans.factory.xml.PluggableSchemaResolver] Found XML schema [http://www.springframework.org/schema/context/spring-context.xsd] in classpath: org/springframework/context/config/spring-context-4.2.xsd
2016-02-08 14:31:39,179 TRACE   main [org.springframework.beans.factory.xml.PluggableSchemaResolver] Trying to resolve XML entity with public id [null] and system id [http://www.springframework.org/schema/tool/spring-tool-4.2.xsd]
2016-02-08 14:31:39,180 DEBUG   main [org.springframework.beans.factory.xml.PluggableSchemaResolver] Found XML schema [http://www.springframework.org/schema/tool/spring-tool-4.2.xsd] in classpath: org/springframework/beans/factory/xml/spring-tool-4.2.xsd
2016-02-08 14:31:39,190 TRACE   main [org.springframework.beans.factory.xml.PluggableSchemaResolver] Trying to resolve XML entity with public id [null] and system id [http://www.springframework.org/schema/ldap/spring-ldap.xsd]
2016-02-08 14:31:39,191 DEBUG   main [org.springframework.beans.factory.xml.PluggableSchemaResolver] Found XML schema [http://www.springframework.org/schema/ldap/spring-ldap.xsd] in classpath: org/springframework/ldap/config/spring-ldap-2.0.xsd
2016-02-08 14:31:39,206 TRACE   main [org.springframework.beans.factory.xml.PluggableSchemaResolver] Trying to resolve XML entity with public id [null] and system id [http://www.springframework.org/schema/data/repository/spring-repository.xsd]
2016-02-08 14:31:39,206 DEBUG   main [org.springframework.beans.factory.xml.PluggableSchemaResolver] Found XML schema [http://www.springframework.org/schema/data/repository/spring-repository.xsd] in classpath: org/springframework/data/repository/config/spring-repository-1.7.xsd
2016-02-08 14:31:39,228 DEBUG   main [org.springframework.beans.factory.xml.DefaultBeanDefinitionDocumentReader] Loading bean definitions
2016-02-08 14:31:39,246 DEBUG   main [org.springframework.beans.factory.xml.DefaultNamespaceHandlerResolver] Loaded NamespaceHandler mappings: {http://www.springframework.org/schema/p=org.springframework.beans.factory.xml.SimplePropertyNamespaceHandler, http://www.springframework.org/schema/util=org.springframework.beans.factory.xml.UtilNamespaceHandler, http://www.springframework.org/schema/jee=org.springframework.ejb.config.JeeNamespaceHandler, http://www.springframework.org/schema/aop=org.springframework.aop.config.AopNamespaceHandler, http://www.springframework.org/schema/data/repository=org.springframework.data.repository.config.RepositoryNameSpaceHandler, http://www.springframework.org/schema/cache=org.springframework.cache.config.CacheNamespaceHandler, http://www.springframework.org/schema/c=org.springframework.beans.factory.xml.SimpleConstructorNamespaceHandler, http://www.springframework.org/schema/ldap=org.springframework.ldap.config.LdapNamespaceHandler, http://www.springframework.org/schema/tx=org.springframework.transaction.config.TxNamespaceHandler, http://www.springframework.org/schema/task=org.springframework.scheduling.config.TaskNamespaceHandler, http://www.springframework.org/schema/lang=org.springframework.scripting.config.LangNamespaceHandler, http://www.springframework.org/schema/context=org.springframework.context.config.ContextNamespaceHandler}
2016-02-08 14:31:39,277 DEBUG   main [org.springframework.core.env.StandardEnvironment] Adding [systemProperties] PropertySource with lowest search precedence
2016-02-08 14:31:39,277 DEBUG   main [org.springframework.core.env.StandardEnvironment] Adding [systemEnvironment] PropertySource with lowest search precedence
2016-02-08 14:31:39,278 DEBUG   main [org.springframework.core.env.StandardEnvironment] Initialized StandardEnvironment with PropertySources [systemProperties,systemEnvironment]
2016-02-08 14:31:39,297 DEBUG   main [org.springframework.core.io.support.PathMatchingResourcePatternResolver] Looking for matching resources in directory tree [C:\Eclipse\workspace\SpringLdapProject\bin\gov\fema\adminportal\ldap]
2016-02-08 14:31:39,297 DEBUG   main [org.springframework.core.io.support.PathMatchingResourcePatternResolver] Searching directory [C:\Eclipse\workspace\SpringLdapProject\bin\gov\fema\adminportal\ldap] for files matching pattern [C:/Eclipse/workspace/SpringLdapProject/bin/gov/fema/adminportal/ldap/**/*.class]
2016-02-08 14:31:39,299 DEBUG   main [org.springframework.core.io.support.PathMatchingResourcePatternResolver] Searching directory [C:\Eclipse\workspace\SpringLdapProject\bin\gov\fema\adminportal\ldap\app] for files matching pattern [C:/Eclipse/workspace/SpringLdapProject/bin/gov/fema/adminportal/ldap/**/*.class]
2016-02-08 14:31:39,300 DEBUG   main [org.springframework.core.io.support.PathMatchingResourcePatternResolver] Searching directory [C:\Eclipse\workspace\SpringLdapProject\bin\gov\fema\adminportal\ldap\model] for files matching pattern [C:/Eclipse/workspace/SpringLdapProject/bin/gov/fema/adminportal/ldap/**/*.class]
2016-02-08 14:31:39,301 DEBUG   main [org.springframework.core.io.support.PathMatchingResourcePatternResolver] Searching directory [C:\Eclipse\workspace\SpringLdapProject\bin\gov\fema\adminportal\ldap\repository] for files matching pattern [C:/Eclipse/workspace/SpringLdapProject/bin/gov/fema/adminportal/ldap/**/*.class]
2016-02-08 14:31:39,304 DEBUG   main [org.springframework.core.io.support.PathMatchingResourcePatternResolver] Resolved location pattern [classpath*:gov/fema/adminportal/ldap/**/*.class] to resources [file [C:\Eclipse\workspace\SpringLdapProject\bin\gov\fema\adminportal\ldap\app\LdapApp.class], file [C:\Eclipse\workspace\SpringLdapProject\bin\gov\fema\adminportal\ldap\model\Group.class], file [C:\Eclipse\workspace\SpringLdapProject\bin\gov\fema\adminportal\ldap\model\LDAPConfig.class], file [C:\Eclipse\workspace\SpringLdapProject\bin\gov\fema\adminportal\ldap\model\User.class], file [C:\Eclipse\workspace\SpringLdapProject\bin\gov\fema\adminportal\ldap\repository\UserRepository.class], file [C:\Eclipse\workspace\SpringLdapProject\bin\gov\fema\adminportal\ldap\repository\UserRepositoryImpl$1.class], file [C:\Eclipse\workspace\SpringLdapProject\bin\gov\fema\adminportal\ldap\repository\UserRepositoryImpl$MultipleAttributesMapper.class], file [C:\Eclipse\workspace\SpringLdapProject\bin\gov\fema\adminportal\ldap\repository\UserRepositoryImpl$SingleAttributesMapper.class], file [C:\Eclipse\workspace\SpringLdapProject\bin\gov\fema\adminportal\ldap\repository\UserRepositoryImpl$UserAttributesMapper.class], file [C:\Eclipse\workspace\SpringLdapProject\bin\gov\fema\adminportal\ldap\repository\UserRepositoryImpl.class]]
2016-02-08 14:31:39,304 TRACE   main [org.springframework.context.annotation.ClassPathBeanDefinitionScanner] Scanning file [C:\Eclipse\workspace\SpringLdapProject\bin\gov\fema\adminportal\ldap\app\LdapApp.class]
2016-02-08 14:31:39,323 TRACE   main [org.springframework.context.annotation.ClassPathBeanDefinitionScanner] Ignored because not matching any filter: file [C:\Eclipse\workspace\SpringLdapProject\bin\gov\fema\adminportal\ldap\app\LdapApp.class]
2016-02-08 14:31:39,323 TRACE   main [org.springframework.context.annotation.ClassPathBeanDefinitionScanner] Scanning file [C:\Eclipse\workspace\SpringLdapProject\bin\gov\fema\adminportal\ldap\model\Group.class]
2016-02-08 14:31:39,324 TRACE   main [org.springframework.context.annotation.ClassPathBeanDefinitionScanner] Ignored because not matching any filter: file [C:\Eclipse\workspace\SpringLdapProject\bin\gov\fema\adminportal\ldap\model\Group.class]
2016-02-08 14:31:39,324 TRACE   main [org.springframework.context.annotation.ClassPathBeanDefinitionScanner] Scanning file [C:\Eclipse\workspace\SpringLdapProject\bin\gov\fema\adminportal\ldap\model\LDAPConfig.class]
2016-02-08 14:31:39,324 TRACE   main [org.springframework.context.annotation.ClassPathBeanDefinitionScanner] Ignored because not matching any filter: file [C:\Eclipse\workspace\SpringLdapProject\bin\gov\fema\adminportal\ldap\model\LDAPConfig.class]
2016-02-08 14:31:39,324 TRACE   main [org.springframework.context.annotation.ClassPathBeanDefinitionScanner] Scanning file [C:\Eclipse\workspace\SpringLdapProject\bin\gov\fema\adminportal\ldap\model\User.class]
2016-02-08 14:31:39,325 TRACE   main [org.springframework.context.annotation.ClassPathBeanDefinitionScanner] Ignored because not matching any filter: file [C:\Eclipse\workspace\SpringLdapProject\bin\gov\fema\adminportal\ldap\model\User.class]
2016-02-08 14:31:39,325 TRACE   main [org.springframework.context.annotation.ClassPathBeanDefinitionScanner] Scanning file [C:\Eclipse\workspace\SpringLdapProject\bin\gov\fema\adminportal\ldap\repository\UserRepository.class]
2016-02-08 14:31:39,326 TRACE   main [org.springframework.context.annotation.ClassPathBeanDefinitionScanner] Ignored because not matching any filter: file [C:\Eclipse\workspace\SpringLdapProject\bin\gov\fema\adminportal\ldap\repository\UserRepository.class]
2016-02-08 14:31:39,326 TRACE   main [org.springframework.context.annotation.ClassPathBeanDefinitionScanner] Scanning file [C:\Eclipse\workspace\SpringLdapProject\bin\gov\fema\adminportal\ldap\repository\UserRepositoryImpl$1.class]
2016-02-08 14:31:39,326 TRACE   main [org.springframework.context.annotation.ClassPathBeanDefinitionScanner] Ignored because not matching any filter: file [C:\Eclipse\workspace\SpringLdapProject\bin\gov\fema\adminportal\ldap\repository\UserRepositoryImpl$1.class]
2016-02-08 14:31:39,327 TRACE   main [org.springframework.context.annotation.ClassPathBeanDefinitionScanner] Scanning file [C:\Eclipse\workspace\SpringLdapProject\bin\gov\fema\adminportal\ldap\repository\UserRepositoryImpl$MultipleAttributesMapper.class]
2016-02-08 14:31:39,327 TRACE   main [org.springframework.context.annotation.ClassPathBeanDefinitionScanner] Ignored because not matching any filter: file [C:\Eclipse\workspace\SpringLdapProject\bin\gov\fema\adminportal\ldap\repository\UserRepositoryImpl$MultipleAttributesMapper.class]
2016-02-08 14:31:39,327 TRACE   main [org.springframework.context.annotation.ClassPathBeanDefinitionScanner] Scanning file [C:\Eclipse\workspace\SpringLdapProject\bin\gov\fema\adminportal\ldap\repository\UserRepositoryImpl$SingleAttributesMapper.class]
2016-02-08 14:31:39,328 TRACE   main [org.springframework.context.annotation.ClassPathBeanDefinitionScanner] Ignored because not matching any filter: file [C:\Eclipse\workspace\SpringLdapProject\bin\gov\fema\adminportal\ldap\repository\UserRepositoryImpl$SingleAttributesMapper.class]
2016-02-08 14:31:39,328 TRACE   main [org.springframework.context.annotation.ClassPathBeanDefinitionScanner] Scanning file [C:\Eclipse\workspace\SpringLdapProject\bin\gov\fema\adminportal\ldap\repository\UserRepositoryImpl$UserAttributesMapper.class]
2016-02-08 14:31:39,329 TRACE   main [org.springframework.context.annotation.ClassPathBeanDefinitionScanner] Ignored because not matching any filter: file [C:\Eclipse\workspace\SpringLdapProject\bin\gov\fema\adminportal\ldap\repository\UserRepositoryImpl$UserAttributesMapper.class]
2016-02-08 14:31:39,329 TRACE   main [org.springframework.context.annotation.ClassPathBeanDefinitionScanner] Scanning file [C:\Eclipse\workspace\SpringLdapProject\bin\gov\fema\adminportal\ldap\repository\UserRepositoryImpl.class]
2016-02-08 14:31:39,340 DEBUG   main [org.springframework.context.annotation.ClassPathBeanDefinitionScanner] Identified candidate component class: file [C:\Eclipse\workspace\SpringLdapProject\bin\gov\fema\adminportal\ldap\repository\UserRepositoryImpl.class]
2016-02-08 14:31:39,389 DEBUG   main [org.springframework.beans.factory.xml.XmlBeanDefinitionReader] Loaded 11 bean definitions from location pattern [spring-ldap-example.xml]
2016-02-08 14:31:39,390 DEBUG   main [org.springframework.context.support.ClassPathXmlApplicationContext] Bean factory for org.springframework.context.support.ClassPathXmlApplicationContext@89ec211: org.springframework.beans.factory.support.DefaultListableBeanFactory@6d639a4b: defining beans [org.springframework.context.support.PropertySourcesPlaceholderConfigurer#0,ldapConfig,userRepositoryImpl,org.springframework.context.annotation.internalConfigurationAnnotationProcessor,org.springframework.context.annotation.internalAutowiredAnnotationProcessor,org.springframework.context.annotation.internalRequiredAnnotationProcessor,org.springframework.context.annotation.internalCommonAnnotationProcessor,simpleDirContextAuthenticationStrategy,userReposImpl,contextSource,ldapTemplate]; root of factory hierarchy
2016-02-08 14:31:39,434 DEBUG   main [org.springframework.beans.factory.support.DefaultListableBeanFactory] Creating shared instance of singleton bean 'org.springframework.context.annotation.internalConfigurationAnnotationProcessor'
2016-02-08 14:31:39,434 DEBUG   main [org.springframework.beans.factory.support.DefaultListableBeanFactory] Creating instance of bean 'org.springframework.context.annotation.internalConfigurationAnnotationProcessor'
2016-02-08 14:31:39,457 DEBUG   main [org.springframework.beans.factory.support.DefaultListableBeanFactory] Eagerly caching bean 'org.springframework.context.annotation.internalConfigurationAnnotationProcessor' to allow for resolving potential circular references
2016-02-08 14:31:39,459 DEBUG   main [org.springframework.beans.factory.support.DefaultListableBeanFactory] Finished creating instance of bean 'org.springframework.context.annotation.internalConfigurationAnnotationProcessor'
2016-02-08 14:31:39,521 DEBUG   main [org.springframework.beans.factory.support.DefaultListableBeanFactory] Creating shared instance of singleton bean 'org.springframework.context.support.PropertySourcesPlaceholderConfigurer#0'
2016-02-08 14:31:39,521 DEBUG   main [org.springframework.beans.factory.support.DefaultListableBeanFactory] Creating instance of bean 'org.springframework.context.support.PropertySourcesPlaceholderConfigurer#0'
2016-02-08 14:31:39,522 DEBUG   main [org.springframework.beans.factory.support.DefaultListableBeanFactory] Eagerly caching bean 'org.springframework.context.support.PropertySourcesPlaceholderConfigurer#0' to allow for resolving potential circular references
2016-02-08 14:31:39,527 TRACE   main [org.springframework.core.io.support.SpringFactoriesLoader] Loaded [org.springframework.beans.BeanInfoFactory] names: [org.springframework.beans.ExtendedBeanInfoFactory]
2016-02-08 14:31:39,529 TRACE   main [org.springframework.beans.CachedIntrospectionResults] Getting BeanInfo for class [org.springframework.context.support.PropertySourcesPlaceholderConfigurer]
2016-02-08 14:31:39,542 TRACE   main [org.springframework.beans.CachedIntrospectionResults] Caching PropertyDescriptors for class [org.springframework.context.support.PropertySourcesPlaceholderConfigurer]
2016-02-08 14:31:39,542 TRACE   main [org.springframework.beans.CachedIntrospectionResults] Found bean property 'appliedPropertySources' of type [org.springframework.core.env.PropertySources]
2016-02-08 14:31:39,548 TRACE   main [org.springframework.beans.CachedIntrospectionResults] Found bean property 'beanFactory' of type [org.springframework.beans.factory.BeanFactory]
2016-02-08 14:31:39,549 TRACE   main [org.springframework.beans.CachedIntrospectionResults] Found bean property 'beanName' of type [java.lang.String]
2016-02-08 14:31:39,549 TRACE   main [org.springframework.beans.CachedIntrospectionResults] Found bean property 'class' of type [java.lang.Class]
2016-02-08 14:31:39,549 TRACE   main [org.springframework.beans.CachedIntrospectionResults] Found bean property 'environment' of type [org.springframework.core.env.Environment]
2016-02-08 14:31:39,549 TRACE   main [org.springframework.beans.CachedIntrospectionResults] Found bean property 'fileEncoding' of type [java.lang.String]
2016-02-08 14:31:39,549 TRACE   main [org.springframework.beans.CachedIntrospectionResults] Found bean property 'ignoreResourceNotFound' of type [boolean]
2016-02-08 14:31:39,549 TRACE   main [org.springframework.beans.CachedIntrospectionResults] Found bean property 'ignoreUnresolvablePlaceholders' of type [boolean]
2016-02-08 14:31:39,550 TRACE   main [org.springframework.beans.CachedIntrospectionResults] Found bean property 'localOverride' of type [boolean]
2016-02-08 14:31:39,550 TRACE   main [org.springframework.beans.CachedIntrospectionResults] Found bean property 'location' of type [org.springframework.core.io.Resource]
2016-02-08 14:31:39,550 TRACE   main [org.springframework.beans.CachedIntrospectionResults] Found bean property 'locations' of type [[Lorg.springframework.core.io.Resource;]
2016-02-08 14:31:39,550 TRACE   main [org.springframework.beans.CachedIntrospectionResults] Found bean property 'nullValue' of type [java.lang.String]
2016-02-08 14:31:39,550 TRACE   main [org.springframework.beans.CachedIntrospectionResults] Found bean property 'order' of type [int]
2016-02-08 14:31:39,550 TRACE   main [org.springframework.beans.CachedIntrospectionResults] Found bean property 'placeholderPrefix' of type [java.lang.String]
2016-02-08 14:31:39,551 TRACE   main [org.springframework.beans.CachedIntrospectionResults] Found bean property 'placeholderSuffix' of type [java.lang.String]
2016-02-08 14:31:39,551 TRACE   main [org.springframework.beans.CachedIntrospectionResults] Found bean property 'properties' of type [java.util.Properties]
2016-02-08 14:31:39,551 TRACE   main [org.springframework.beans.CachedIntrospectionResults] Found bean property 'propertiesArray' of type [[Ljava.util.Properties;]
2016-02-08 14:31:39,552 TRACE   main [org.springframework.beans.CachedIntrospectionResults] Found bean property 'propertiesPersister' of type [org.springframework.util.PropertiesPersister]
2016-02-08 14:31:39,552 TRACE   main [org.springframework.beans.CachedIntrospectionResults] Found bean property 'propertySources' of type [org.springframework.core.env.PropertySources]
2016-02-08 14:31:39,552 TRACE   main [org.springframework.beans.CachedIntrospectionResults] Found bean property 'valueSeparator' of type [java.lang.String]
2016-02-08 14:31:39,555 DEBUG   main [org.springframework.beans.factory.support.DefaultListableBeanFactory] Finished creating instance of bean 'org.springframework.context.support.PropertySourcesPlaceholderConfigurer#0'
2016-02-08 14:31:39,555 DEBUG   main [org.springframework.core.env.MutablePropertySources] Adding [environmentProperties] PropertySource with lowest search precedence
2016-02-08 14:31:39,555 INFO   main [org.springframework.context.support.PropertySourcesPlaceholderConfigurer] Loading properties file from class path resource [ldap.properties]
2016-02-08 14:31:39,556 DEBUG   main [org.springframework.core.env.MutablePropertySources] Adding [localProperties] PropertySource with lowest search precedence
2016-02-08 14:31:39,558 TRACE   main [org.springframework.core.env.PropertySourcesPropertyResolver] getProperty("BoUser", String)
2016-02-08 14:31:39,559 DEBUG   main [org.springframework.core.env.PropertySourcesPropertyResolver] Searching for key 'BoUser' in [environmentProperties]
2016-02-08 14:31:39,559 TRACE   main [org.springframework.core.env.PropertySourcesPropertyResolver] getProperty("BoUser", String)
2016-02-08 14:31:39,559 DEBUG   main [org.springframework.core.env.PropertySourcesPropertyResolver] Searching for key 'BoUser' in [systemProperties]
2016-02-08 14:31:39,559 DEBUG   main [org.springframework.core.env.PropertySourcesPropertyResolver] Searching for key 'BoUser' in [systemEnvironment]
2016-02-08 14:31:39,559 DEBUG   main [org.springframework.core.env.PropertySourcesPropertyResolver] Could not find key 'BoUser' in any property source. Returning [null]
2016-02-08 14:31:39,559 DEBUG   main [org.springframework.core.env.PropertySourcesPropertyResolver] Searching for key 'BoUser' in [localProperties]
2016-02-08 14:31:39,559 DEBUG   main [org.springframework.core.env.PropertySourcesPropertyResolver] Found key 'BoUser' in [localProperties] with type [String] and value 'ou=User,ou=BusinessObjectsDisaster,ou=system'
2016-02-08 14:31:39,561 TRACE   main [org.springframework.util.PropertyPlaceholderHelper] Resolved placeholder 'BoUser'
2016-02-08 14:31:39,562 TRACE   main [org.springframework.core.env.PropertySourcesPropertyResolver] getProperty("BoGroup", String)
2016-02-08 14:31:39,562 DEBUG   main [org.springframework.core.env.PropertySourcesPropertyResolver] Searching for key 'BoGroup' in [environmentProperties]
2016-02-08 14:31:39,562 TRACE   main [org.springframework.core.env.PropertySourcesPropertyResolver] getProperty("BoGroup", String)
2016-02-08 14:31:39,562 DEBUG   main [org.springframework.core.env.PropertySourcesPropertyResolver] Searching for key 'BoGroup' in [systemProperties]
2016-02-08 14:31:39,562 DEBUG   main [org.springframework.core.env.PropertySourcesPropertyResolver] Searching for key 'BoGroup' in [systemEnvironment]
2016-02-08 14:31:39,562 DEBUG   main [org.springframework.core.env.PropertySourcesPropertyResolver] Could not find key 'BoGroup' in any property source. Returning [null]
2016-02-08 14:31:39,562 DEBUG   main [org.springframework.core.env.PropertySourcesPropertyResolver] Searching for key 'BoGroup' in [localProperties]
2016-02-08 14:31:39,562 DEBUG   main [org.springframework.core.env.PropertySourcesPropertyResolver] Found key 'BoGroup' in [localProperties] with type [String] and value 'ou=Group,ou=BusinessObjectsDisaster,ou=system'
2016-02-08 14:31:39,563 TRACE   main [org.springframework.util.PropertyPlaceholderHelper] Resolved placeholder 'BoGroup'
2016-02-08 14:31:39,563 TRACE   main [org.springframework.core.env.PropertySourcesPropertyResolver] getProperty("BoGroupPrefix", String)
2016-02-08 14:31:39,563 DEBUG   main [org.springframework.core.env.PropertySourcesPropertyResolver] Searching for key 'BoGroupPrefix' in [environmentProperties]
2016-02-08 14:31:39,563 TRACE   main [org.springframework.core.env.PropertySourcesPropertyResolver] getProperty("BoGroupPrefix", String)
2016-02-08 14:31:39,563 DEBUG   main [org.springframework.core.env.PropertySourcesPropertyResolver] Searching for key 'BoGroupPrefix' in [systemProperties]
2016-02-08 14:31:39,563 DEBUG   main [org.springframework.core.env.PropertySourcesPropertyResolver] Searching for key 'BoGroupPrefix' in [systemEnvironment]
2016-02-08 14:31:39,563 DEBUG   main [org.springframework.core.env.PropertySourcesPropertyResolver] Could not find key 'BoGroupPrefix' in any property source. Returning [null]
2016-02-08 14:31:39,563 DEBUG   main [org.springframework.core.env.PropertySourcesPropertyResolver] Searching for key 'BoGroupPrefix' in [localProperties]
2016-02-08 14:31:39,563 DEBUG   main [org.springframework.core.env.PropertySourcesPropertyResolver] Found key 'BoGroupPrefix' in [localProperties] with type [String] and value 'cn=Business_Objects_Disaster_Users_'
2016-02-08 14:31:39,564 TRACE   main [org.springframework.util.PropertyPlaceholderHelper] Resolved placeholder 'BoGroupPrefix'
2016-02-08 14:31:39,566 DEBUG   main [org.springframework.beans.factory.support.DefaultListableBeanFactory] Creating shared instance of singleton bean 'org.springframework.context.annotation.internalAutowiredAnnotationProcessor'
2016-02-08 14:31:39,566 DEBUG   main [org.springframework.beans.factory.support.DefaultListableBeanFactory] Creating instance of bean 'org.springframework.context.annotation.internalAutowiredAnnotationProcessor'
2016-02-08 14:31:39,568 DEBUG   main [org.springframework.beans.factory.support.DefaultListableBeanFactory] Eagerly caching bean 'org.springframework.context.annotation.internalAutowiredAnnotationProcessor' to allow for resolving potential circular references
2016-02-08 14:31:39,568 DEBUG   main [org.springframework.beans.factory.support.DefaultListableBeanFactory] Finished creating instance of bean 'org.springframework.context.annotation.internalAutowiredAnnotationProcessor'
2016-02-08 14:31:39,569 DEBUG   main [org.springframework.beans.factory.support.DefaultListableBeanFactory] Creating shared instance of singleton bean 'org.springframework.context.annotation.internalRequiredAnnotationProcessor'
2016-02-08 14:31:39,569 DEBUG   main [org.springframework.beans.factory.support.DefaultListableBeanFactory] Creating instance of bean 'org.springframework.context.annotation.internalRequiredAnnotationProcessor'
2016-02-08 14:31:39,570 DEBUG   main [org.springframework.beans.factory.support.DefaultListableBeanFactory] Eagerly caching bean 'org.springframework.context.annotation.internalRequiredAnnotationProcessor' to allow for resolving potential circular references
2016-02-08 14:31:39,570 DEBUG   main [org.springframework.beans.factory.support.DefaultListableBeanFactory] Finished creating instance of bean 'org.springframework.context.annotation.internalRequiredAnnotationProcessor'
2016-02-08 14:31:39,570 DEBUG   main [org.springframework.beans.factory.support.DefaultListableBeanFactory] Creating shared instance of singleton bean 'org.springframework.context.annotation.internalCommonAnnotationProcessor'
2016-02-08 14:31:39,570 DEBUG   main [org.springframework.beans.factory.support.DefaultListableBeanFactory] Creating instance of bean 'org.springframework.context.annotation.internalCommonAnnotationProcessor'
2016-02-08 14:31:39,573 DEBUG   main [org.springframework.beans.factory.support.DefaultListableBeanFactory] Eagerly caching bean 'org.springframework.context.annotation.internalCommonAnnotationProcessor' to allow for resolving potential circular references
2016-02-08 14:31:39,573 DEBUG   main [org.springframework.beans.factory.support.DefaultListableBeanFactory] Finished creating instance of bean 'org.springframework.context.annotation.internalCommonAnnotationProcessor'
2016-02-08 14:31:39,574 DEBUG   main [org.springframework.beans.factory.support.DefaultListableBeanFactory] Creating shared instance of singleton bean 'org.springframework.context.annotation.ConfigurationClassPostProcessor.importAwareProcessor'
2016-02-08 14:31:39,574 DEBUG   main [org.springframework.beans.factory.support.DefaultListableBeanFactory] Creating instance of bean 'org.springframework.context.annotation.ConfigurationClassPostProcessor.importAwareProcessor'
2016-02-08 14:31:39,574 DEBUG   main [org.springframework.beans.factory.support.DefaultListableBeanFactory] Eagerly caching bean 'org.springframework.context.annotation.ConfigurationClassPostProcessor.importAwareProcessor' to allow for resolving potential circular references
2016-02-08 14:31:39,574 DEBUG   main [org.springframework.beans.factory.support.DefaultListableBeanFactory] Finished creating instance of bean 'org.springframework.context.annotation.ConfigurationClassPostProcessor.importAwareProcessor'
2016-02-08 14:31:39,574 DEBUG   main [org.springframework.beans.factory.support.DefaultListableBeanFactory] Creating shared instance of singleton bean 'org.springframework.context.annotation.ConfigurationClassPostProcessor.enhancedConfigurationProcessor'
2016-02-08 14:31:39,574 DEBUG   main [org.springframework.beans.factory.support.DefaultListableBeanFactory] Creating instance of bean 'org.springframework.context.annotation.ConfigurationClassPostProcessor.enhancedConfigurationProcessor'
2016-02-08 14:31:39,574 DEBUG   main [org.springframework.beans.factory.support.DefaultListableBeanFactory] Eagerly caching bean 'org.springframework.context.annotation.ConfigurationClassPostProcessor.enhancedConfigurationProcessor' to allow for resolving potential circular references
2016-02-08 14:31:39,574 DEBUG   main [org.springframework.beans.factory.support.DefaultListableBeanFactory] Finished creating instance of bean 'org.springframework.context.annotation.ConfigurationClassPostProcessor.enhancedConfigurationProcessor'
2016-02-08 14:31:39,577 DEBUG   main [org.springframework.context.support.ClassPathXmlApplicationContext] Unable to locate MessageSource with name 'messageSource': using default [org.springframework.context.support.DelegatingMessageSource@4b7aa8c8]
2016-02-08 14:31:39,579 DEBUG   main [org.springframework.context.support.ClassPathXmlApplicationContext] Unable to locate ApplicationEventMulticaster with name 'applicationEventMulticaster': using default [org.springframework.context.event.SimpleApplicationEventMulticaster@a0666b9]
2016-02-08 14:31:39,580 DEBUG   main [org.springframework.beans.factory.support.DefaultListableBeanFactory] Pre-instantiating singletons in org.springframework.beans.factory.support.DefaultListableBeanFactory@6d639a4b: defining beans [org.springframework.context.support.PropertySourcesPlaceholderConfigurer#0,ldapConfig,userRepositoryImpl,org.springframework.context.annotation.internalConfigurationAnnotationProcessor,org.springframework.context.annotation.internalAutowiredAnnotationProcessor,org.springframework.context.annotation.internalRequiredAnnotationProcessor,org.springframework.context.annotation.internalCommonAnnotationProcessor,simpleDirContextAuthenticationStrategy,userReposImpl,contextSource,ldapTemplate,org.springframework.context.annotation.ConfigurationClassPostProcessor.importAwareProcessor,org.springframework.context.annotation.ConfigurationClassPostProcessor.enhancedConfigurationProcessor]; root of factory hierarchy
2016-02-08 14:31:39,581 DEBUG   main [org.springframework.beans.factory.support.DefaultListableBeanFactory] Returning cached instance of singleton bean 'org.springframework.context.support.PropertySourcesPlaceholderConfigurer#0'
2016-02-08 14:31:39,581 DEBUG   main [org.springframework.beans.factory.support.DefaultListableBeanFactory] Creating shared instance of singleton bean 'ldapConfig'
2016-02-08 14:31:39,581 DEBUG   main [org.springframework.beans.factory.support.DefaultListableBeanFactory] Creating instance of bean 'ldapConfig'
2016-02-08 14:31:39,584 DEBUG   main [org.springframework.beans.factory.support.DefaultListableBeanFactory] Eagerly caching bean 'ldapConfig' to allow for resolving potential circular references
2016-02-08 14:31:39,585 TRACE   main [org.springframework.beans.CachedIntrospectionResults] Getting BeanInfo for class [gov.fema.adminportal.ldap.model.LDAPConfig]
2016-02-08 14:31:39,586 TRACE   main [org.springframework.beans.CachedIntrospectionResults] Caching PropertyDescriptors for class [gov.fema.adminportal.ldap.model.LDAPConfig]
2016-02-08 14:31:39,586 TRACE   main [org.springframework.beans.CachedIntrospectionResults] Found bean property 'boGroup' of type [java.lang.String]
2016-02-08 14:31:39,586 TRACE   main [org.springframework.beans.CachedIntrospectionResults] Found bean property 'boGroupPrefix' of type [java.lang.String]
2016-02-08 14:31:39,587 TRACE   main [org.springframework.beans.CachedIntrospectionResults] Found bean property 'boUser' of type [java.lang.String]
2016-02-08 14:31:39,587 TRACE   main [org.springframework.beans.CachedIntrospectionResults] Found bean property 'class' of type [java.lang.Class]
2016-02-08 14:31:39,589 DEBUG   main [org.springframework.beans.factory.support.DefaultListableBeanFactory] Finished creating instance of bean 'ldapConfig'
2016-02-08 14:31:39,590 DEBUG   main [org.springframework.beans.factory.support.DefaultListableBeanFactory] Creating shared instance of singleton bean 'userRepositoryImpl'
2016-02-08 14:31:39,590 DEBUG   main [org.springframework.beans.factory.support.DefaultListableBeanFactory] Creating instance of bean 'userRepositoryImpl'
2016-02-08 14:31:39,598 DEBUG   main [org.springframework.beans.factory.annotation.InjectionMetadata] Registered injected element on class [gov.fema.adminportal.ldap.repository.UserRepositoryImpl]: AutowiredFieldElement for private gov.fema.adminportal.ldap.model.LDAPConfig gov.fema.adminportal.ldap.repository.UserRepositoryImpl.ldapConfig
2016-02-08 14:31:39,598 DEBUG   main [org.springframework.beans.factory.annotation.InjectionMetadata] Registered injected element on class [gov.fema.adminportal.ldap.repository.UserRepositoryImpl]: AutowiredFieldElement for private org.springframework.ldap.core.LdapTemplate gov.fema.adminportal.ldap.repository.UserRepositoryImpl.ldapTemplate
2016-02-08 14:31:39,598 DEBUG   main [org.springframework.beans.factory.support.DefaultListableBeanFactory] Eagerly caching bean 'userRepositoryImpl' to allow for resolving potential circular references
2016-02-08 14:31:39,598 TRACE   main [org.springframework.beans.CachedIntrospectionResults] Getting BeanInfo for class [gov.fema.adminportal.ldap.repository.UserRepositoryImpl]
2016-02-08 14:31:39,600 TRACE   main [org.springframework.beans.CachedIntrospectionResults] Caching PropertyDescriptors for class [gov.fema.adminportal.ldap.repository.UserRepositoryImpl]
2016-02-08 14:31:39,600 TRACE   main [org.springframework.beans.CachedIntrospectionResults] Found bean property 'allUserNames' of type [java.util.List]
2016-02-08 14:31:39,600 TRACE   main [org.springframework.beans.CachedIntrospectionResults] Found bean property 'allUsers' of type [java.util.List]
2016-02-08 14:31:39,601 TRACE   main [org.springframework.beans.CachedIntrospectionResults] Found bean property 'class' of type [java.lang.Class]
2016-02-08 14:31:39,601 DEBUG   main [org.springframework.beans.factory.annotation.InjectionMetadata] Processing injected element of bean 'userRepositoryImpl': AutowiredFieldElement for private gov.fema.adminportal.ldap.model.LDAPConfig gov.fema.adminportal.ldap.repository.UserRepositoryImpl.ldapConfig
2016-02-08 14:31:39,604 DEBUG   main [org.springframework.beans.factory.support.DefaultListableBeanFactory] Returning cached instance of singleton bean 'ldapConfig'
2016-02-08 14:31:39,605 DEBUG   main [org.springframework.beans.factory.annotation.AutowiredAnnotationBeanPostProcessor] Autowiring by type from bean name 'userRepositoryImpl' to bean named 'ldapConfig'
2016-02-08 14:31:39,605 DEBUG   main [org.springframework.beans.factory.annotation.InjectionMetadata] Processing injected element of bean 'userRepositoryImpl': AutowiredFieldElement for private org.springframework.ldap.core.LdapTemplate gov.fema.adminportal.ldap.repository.UserRepositoryImpl.ldapTemplate
2016-02-08 14:31:39,605 DEBUG   main [org.springframework.beans.factory.support.DefaultListableBeanFactory] Creating shared instance of singleton bean 'ldapTemplate'
2016-02-08 14:31:39,605 DEBUG   main [org.springframework.beans.factory.support.DefaultListableBeanFactory] Creating instance of bean 'ldapTemplate'
2016-02-08 14:31:39,625 DEBUG   main [org.springframework.beans.factory.support.DefaultListableBeanFactory] Eagerly caching bean 'ldapTemplate' to allow for resolving potential circular references
2016-02-08 14:31:39,625 TRACE   main [org.springframework.beans.CachedIntrospectionResults] Getting BeanInfo for class [org.springframework.ldap.core.LdapTemplate]
2016-02-08 14:31:39,637 TRACE   main [org.springframework.beans.CachedIntrospectionResults] Caching PropertyDescriptors for class [org.springframework.ldap.core.LdapTemplate]
2016-02-08 14:31:39,637 TRACE   main [org.springframework.beans.CachedIntrospectionResults] Found bean property 'class' of type [java.lang.Class]
2016-02-08 14:31:39,638 TRACE   main [org.springframework.beans.CachedIntrospectionResults] Found bean property 'contextSource' of type [org.springframework.ldap.core.ContextSource]
2016-02-08 14:31:39,638 TRACE   main [org.springframework.beans.CachedIntrospectionResults] Found bean property 'defaultCountLimit' of type [int]
2016-02-08 14:31:39,638 TRACE   main [org.springframework.beans.CachedIntrospectionResults] Found bean property 'defaultSearchScope' of type [int]
2016-02-08 14:31:39,638 TRACE   main [org.springframework.beans.CachedIntrospectionResults] Found bean property 'defaultTimeLimit' of type [int]
2016-02-08 14:31:39,638 TRACE   main [org.springframework.beans.CachedIntrospectionResults] Found bean property 'ignoreNameNotFoundException' of type [boolean]
2016-02-08 14:31:39,638 TRACE   main [org.springframework.beans.CachedIntrospectionResults] Found bean property 'ignorePartialResultException' of type [boolean]
2016-02-08 14:31:39,638 TRACE   main [org.springframework.beans.CachedIntrospectionResults] Found bean property 'ignoreSizeLimitExceededException' of type [boolean]
2016-02-08 14:31:39,639 TRACE   main [org.springframework.beans.CachedIntrospectionResults] Found bean property 'objectDirectoryMapper' of type [org.springframework.ldap.odm.core.ObjectDirectoryMapper]
2016-02-08 14:31:39,639 DEBUG   main [org.springframework.beans.factory.support.DefaultListableBeanFactory] Creating shared instance of singleton bean 'contextSource'
2016-02-08 14:31:39,639 DEBUG   main [org.springframework.beans.factory.support.DefaultListableBeanFactory] Creating instance of bean 'contextSource'
2016-02-08 14:31:39,643 DEBUG   main [org.springframework.beans.factory.support.DefaultListableBeanFactory] Creating instance of bean '(inner bean)#6a01f32e'
2016-02-08 14:31:39,657 TRACE   main [org.springframework.beans.CachedIntrospectionResults] Getting BeanInfo for class [org.springframework.ldap.core.support.LdapContextSource]
2016-02-08 14:31:39,661 TRACE   main [org.springframework.beans.CachedIntrospectionResults] Caching PropertyDescriptors for class [org.springframework.ldap.core.support.LdapContextSource]
2016-02-08 14:31:39,661 TRACE   main [org.springframework.beans.CachedIntrospectionResults] Found bean property 'anonymousReadOnly' of type [boolean]
2016-02-08 14:31:39,661 TRACE   main [org.springframework.beans.CachedIntrospectionResults] Found bean property 'authenticationSource' of type [org.springframework.ldap.core.AuthenticationSource]
2016-02-08 14:31:39,661 TRACE   main [org.springframework.beans.CachedIntrospectionResults] Found bean property 'authenticationStrategy' of type [org.springframework.ldap.core.support.DirContextAuthenticationStrategy]
2016-02-08 14:31:39,661 TRACE   main [org.springframework.beans.CachedIntrospectionResults] Found bean property 'base' of type [java.lang.String]
2016-02-08 14:31:39,661 TRACE   main [org.springframework.beans.CachedIntrospectionResults] Found bean property 'baseEnvironmentProperties' of type [java.util.Map]
2016-02-08 14:31:39,661 TRACE   main [org.springframework.beans.CachedIntrospectionResults] Found bean property 'baseLdapName' of type [javax.naming.ldap.LdapName]
2016-02-08 14:31:39,662 TRACE   main [org.springframework.beans.CachedIntrospectionResults] Found bean property 'baseLdapPath' of type [org.springframework.ldap.core.DistinguishedName]
2016-02-08 14:31:39,662 TRACE   main [org.springframework.beans.CachedIntrospectionResults] Found bean property 'baseLdapPathAsString' of type [java.lang.String]
2016-02-08 14:31:39,662 TRACE   main [org.springframework.beans.CachedIntrospectionResults] Found bean property 'cacheEnvironmentProperties' of type [boolean]
2016-02-08 14:31:39,662 TRACE   main [org.springframework.beans.CachedIntrospectionResults] Found bean property 'class' of type [java.lang.Class]
2016-02-08 14:31:39,662 TRACE   main [org.springframework.beans.CachedIntrospectionResults] Found bean property 'contextFactory' of type [java.lang.Class]
2016-02-08 14:31:39,662 TRACE   main [org.springframework.beans.CachedIntrospectionResults] Found bean property 'dirObjectFactory' of type [java.lang.Class]
2016-02-08 14:31:39,662 TRACE   main [org.springframework.beans.CachedIntrospectionResults] Found bean property 'password' of type [java.lang.String]
2016-02-08 14:31:39,663 TRACE   main [org.springframework.beans.CachedIntrospectionResults] Found bean property 'pooled' of type [boolean]
2016-02-08 14:31:39,663 TRACE   main [org.springframework.beans.CachedIntrospectionResults] Found bean property 'readOnlyContext' of type [javax.naming.directory.DirContext]
2016-02-08 14:31:39,663 TRACE   main [org.springframework.beans.CachedIntrospectionResults] Found bean property 'readWriteContext' of type [javax.naming.directory.DirContext]
2016-02-08 14:31:39,663 TRACE   main [org.springframework.beans.CachedIntrospectionResults] Found bean property 'referral' of type [java.lang.String]
2016-02-08 14:31:39,663 TRACE   main [org.springframework.beans.CachedIntrospectionResults] Found bean property 'url' of type [java.lang.String]
2016-02-08 14:31:39,663 TRACE   main [org.springframework.beans.CachedIntrospectionResults] Found bean property 'urls' of type [[Ljava.lang.String;]
2016-02-08 14:31:39,663 TRACE   main [org.springframework.beans.CachedIntrospectionResults] Found bean property 'userDn' of type [java.lang.String]
2016-02-08 14:31:39,664 DEBUG   main [org.springframework.beans.factory.support.DefaultListableBeanFactory] Creating instance of bean '(inner bean)#3f302951'
2016-02-08 14:31:39,668 TRACE   main [org.springframework.beans.CachedIntrospectionResults] Getting BeanInfo for class [[Ljava.lang.String;]
2016-02-08 14:31:39,668 TRACE   main [org.springframework.beans.CachedIntrospectionResults] Caching PropertyDescriptors for class [[Ljava.lang.String;]
2016-02-08 14:31:39,668 TRACE   main [org.springframework.beans.CachedIntrospectionResults] Found bean property 'class' of type [java.lang.Class]
2016-02-08 14:31:39,668 DEBUG   main [org.springframework.beans.factory.support.DefaultListableBeanFactory] Finished creating instance of bean '(inner bean)#3f302951'
2016-02-08 14:31:39,669 DEBUG   main [org.springframework.beans.factory.support.DefaultListableBeanFactory] Creating shared instance of singleton bean 'simpleDirContextAuthenticationStrategy'
2016-02-08 14:31:39,669 DEBUG   main [org.springframework.beans.factory.support.DefaultListableBeanFactory] Creating instance of bean 'simpleDirContextAuthenticationStrategy'
2016-02-08 14:31:39,669 DEBUG   main [org.springframework.beans.factory.support.DefaultListableBeanFactory] Eagerly caching bean 'simpleDirContextAuthenticationStrategy' to allow for resolving potential circular references
2016-02-08 14:31:39,669 TRACE   main [org.springframework.beans.CachedIntrospectionResults] Getting BeanInfo for class [org.springframework.ldap.core.support.SimpleDirContextAuthenticationStrategy]
2016-02-08 14:31:39,670 TRACE   main [org.springframework.beans.CachedIntrospectionResults] Caching PropertyDescriptors for class [org.springframework.ldap.core.support.SimpleDirContextAuthenticationStrategy]
2016-02-08 14:31:39,670 TRACE   main [org.springframework.beans.CachedIntrospectionResults] Found bean property 'class' of type [java.lang.Class]
2016-02-08 14:31:39,671 DEBUG   main [org.springframework.beans.factory.support.DefaultListableBeanFactory] Finished creating instance of bean 'simpleDirContextAuthenticationStrategy'
2016-02-08 14:31:39,671 DEBUG   main [org.springframework.beans.factory.support.DefaultListableBeanFactory] Invoking afterPropertiesSet() on bean with name '(inner bean)#6a01f32e'
2016-02-08 14:31:39,672 DEBUG   main [org.springframework.beans.factory.support.DefaultListableBeanFactory] Finished creating instance of bean '(inner bean)#6a01f32e'
2016-02-08 14:31:39,674 DEBUG   main [org.springframework.beans.factory.support.DefaultListableBeanFactory] Eagerly caching bean 'contextSource' to allow for resolving potential circular references
2016-02-08 14:31:39,674 TRACE   main [org.springframework.beans.CachedIntrospectionResults] Getting BeanInfo for class [org.springframework.ldap.transaction.compensating.manager.TransactionAwareContextSourceProxy]
2016-02-08 14:31:39,676 TRACE   main [org.springframework.beans.CachedIntrospectionResults] Caching PropertyDescriptors for class [org.springframework.ldap.transaction.compensating.manager.TransactionAwareContextSourceProxy]
2016-02-08 14:31:39,676 TRACE   main [org.springframework.beans.CachedIntrospectionResults] Found bean property 'baseLdapName' of type [javax.naming.ldap.LdapName]
2016-02-08 14:31:39,677 TRACE   main [org.springframework.beans.CachedIntrospectionResults] Found bean property 'baseLdapPath' of type [org.springframework.ldap.core.DistinguishedName]
2016-02-08 14:31:39,677 TRACE   main [org.springframework.beans.CachedIntrospectionResults] Found bean property 'baseLdapPathAsString' of type [java.lang.String]
2016-02-08 14:31:39,677 TRACE   main [org.springframework.beans.CachedIntrospectionResults] Found bean property 'class' of type [java.lang.Class]
2016-02-08 14:31:39,677 TRACE   main [org.springframework.beans.CachedIntrospectionResults] Found bean property 'readOnlyContext' of type [javax.naming.directory.DirContext]
2016-02-08 14:31:39,677 TRACE   main [org.springframework.beans.CachedIntrospectionResults] Found bean property 'readWriteContext' of type [javax.naming.directory.DirContext]
2016-02-08 14:31:39,677 TRACE   main [org.springframework.beans.CachedIntrospectionResults] Found bean property 'target' of type [org.springframework.ldap.core.ContextSource]
2016-02-08 14:31:39,677 DEBUG   main [org.springframework.beans.factory.support.DefaultListableBeanFactory] Finished creating instance of bean 'contextSource'
2016-02-08 14:31:39,678 DEBUG   main [org.springframework.beans.factory.support.DefaultListableBeanFactory] Invoking afterPropertiesSet() on bean with name 'ldapTemplate'
2016-02-08 14:31:39,678 DEBUG   main [org.springframework.beans.factory.support.DefaultListableBeanFactory] Finished creating instance of bean 'ldapTemplate'
2016-02-08 14:31:39,678 DEBUG   main [org.springframework.beans.factory.annotation.AutowiredAnnotationBeanPostProcessor] Autowiring by type from bean name 'userRepositoryImpl' to bean named 'ldapTemplate'
2016-02-08 14:31:39,679 DEBUG   main [org.springframework.beans.factory.support.DefaultListableBeanFactory] Finished creating instance of bean 'userRepositoryImpl'
2016-02-08 14:31:39,679 DEBUG   main [org.springframework.beans.factory.support.DefaultListableBeanFactory] Returning cached instance of singleton bean 'org.springframework.context.annotation.internalConfigurationAnnotationProcessor'
2016-02-08 14:31:39,679 DEBUG   main [org.springframework.beans.factory.support.DefaultListableBeanFactory] Returning cached instance of singleton bean 'org.springframework.context.annotation.internalAutowiredAnnotationProcessor'
2016-02-08 14:31:39,679 DEBUG   main [org.springframework.beans.factory.support.DefaultListableBeanFactory] Returning cached instance of singleton bean 'org.springframework.context.annotation.internalRequiredAnnotationProcessor'
2016-02-08 14:31:39,679 DEBUG   main [org.springframework.beans.factory.support.DefaultListableBeanFactory] Returning cached instance of singleton bean 'org.springframework.context.annotation.internalCommonAnnotationProcessor'
2016-02-08 14:31:39,679 DEBUG   main [org.springframework.beans.factory.support.DefaultListableBeanFactory] Returning cached instance of singleton bean 'simpleDirContextAuthenticationStrategy'
2016-02-08 14:31:39,679 DEBUG   main [org.springframework.beans.factory.support.DefaultListableBeanFactory] Creating shared instance of singleton bean 'userReposImpl'
2016-02-08 14:31:39,679 DEBUG   main [org.springframework.beans.factory.support.DefaultListableBeanFactory] Creating instance of bean 'userReposImpl'
2016-02-08 14:31:39,680 DEBUG   main [org.springframework.beans.factory.annotation.InjectionMetadata] Registered injected element on class [gov.fema.adminportal.ldap.repository.UserRepositoryImpl]: AutowiredFieldElement for private gov.fema.adminportal.ldap.model.LDAPConfig gov.fema.adminportal.ldap.repository.UserRepositoryImpl.ldapConfig
2016-02-08 14:31:39,680 DEBUG   main [org.springframework.beans.factory.annotation.InjectionMetadata] Registered injected element on class [gov.fema.adminportal.ldap.repository.UserRepositoryImpl]: AutowiredFieldElement for private org.springframework.ldap.core.LdapTemplate gov.fema.adminportal.ldap.repository.UserRepositoryImpl.ldapTemplate
2016-02-08 14:31:39,680 DEBUG   main [org.springframework.beans.factory.support.DefaultListableBeanFactory] Eagerly caching bean 'userReposImpl' to allow for resolving potential circular references
2016-02-08 14:31:39,680 DEBUG   main [org.springframework.beans.factory.annotation.InjectionMetadata] Processing injected element of bean 'userReposImpl': AutowiredFieldElement for private gov.fema.adminportal.ldap.model.LDAPConfig gov.fema.adminportal.ldap.repository.UserRepositoryImpl.ldapConfig
2016-02-08 14:31:39,681 DEBUG   main [org.springframework.beans.factory.support.DefaultListableBeanFactory] Returning cached instance of singleton bean 'ldapConfig'
2016-02-08 14:31:39,681 DEBUG   main [org.springframework.beans.factory.annotation.AutowiredAnnotationBeanPostProcessor] Autowiring by type from bean name 'userReposImpl' to bean named 'ldapConfig'
2016-02-08 14:31:39,681 DEBUG   main [org.springframework.beans.factory.annotation.InjectionMetadata] Processing injected element of bean 'userReposImpl': AutowiredFieldElement for private org.springframework.ldap.core.LdapTemplate gov.fema.adminportal.ldap.repository.UserRepositoryImpl.ldapTemplate
2016-02-08 14:31:39,681 DEBUG   main [org.springframework.beans.factory.support.DefaultListableBeanFactory] Returning cached instance of singleton bean 'ldapTemplate'
2016-02-08 14:31:39,681 DEBUG   main [org.springframework.beans.factory.annotation.AutowiredAnnotationBeanPostProcessor] Autowiring by type from bean name 'userReposImpl' to bean named 'ldapTemplate'
2016-02-08 14:31:39,681 DEBUG   main [org.springframework.beans.factory.support.DefaultListableBeanFactory] Finished creating instance of bean 'userReposImpl'
2016-02-08 14:31:39,681 DEBUG   main [org.springframework.beans.factory.support.DefaultListableBeanFactory] Returning cached instance of singleton bean 'contextSource'
2016-02-08 14:31:39,681 DEBUG   main [org.springframework.beans.factory.support.DefaultListableBeanFactory] Returning cached instance of singleton bean 'ldapTemplate'
2016-02-08 14:31:39,681 DEBUG   main [org.springframework.beans.factory.support.DefaultListableBeanFactory] Returning cached instance of singleton bean 'org.springframework.context.annotation.ConfigurationClassPostProcessor.importAwareProcessor'
2016-02-08 14:31:39,681 DEBUG   main [org.springframework.beans.factory.support.DefaultListableBeanFactory] Returning cached instance of singleton bean 'org.springframework.context.annotation.ConfigurationClassPostProcessor.enhancedConfigurationProcessor'
2016-02-08 14:31:39,683 DEBUG   main [org.springframework.context.support.ClassPathXmlApplicationContext] Unable to locate LifecycleProcessor with name 'lifecycleProcessor': using default [org.springframework.context.support.DefaultLifecycleProcessor@688e2b8]
2016-02-08 14:31:39,684 DEBUG   main [org.springframework.beans.factory.support.DefaultListableBeanFactory] Returning cached instance of singleton bean 'lifecycleProcessor'
2016-02-08 14:31:39,685 TRACE   main [org.springframework.context.support.ClassPathXmlApplicationContext] Publishing event in org.springframework.context.support.ClassPathXmlApplicationContext@89ec211: org.springframework.context.event.ContextRefreshedEvent[source=org.springframework.context.support.ClassPathXmlApplicationContext@89ec211: startup date [Mon Feb 08 14:31:39 EST 2016]; root of context hierarchy]
2016-02-08 14:31:39,687 TRACE   main [org.springframework.core.env.PropertySourcesPropertyResolver] getProperty("spring.liveBeansView.mbeanDomain", String)
2016-02-08 14:31:39,687 DEBUG   main [org.springframework.core.env.PropertySourcesPropertyResolver] Searching for key 'spring.liveBeansView.mbeanDomain' in [systemProperties]
2016-02-08 14:31:39,687 DEBUG   main [org.springframework.core.env.PropertySourcesPropertyResolver] Searching for key 'spring.liveBeansView.mbeanDomain' in [systemEnvironment]
2016-02-08 14:31:39,687 DEBUG   main [org.springframework.core.env.PropertySourcesPropertyResolver] Could not find key 'spring.liveBeansView.mbeanDomain' in any property source. Returning [null]
2016-02-08 14:31:39,687 INFO   main [gov.fema.adminportal.ldap.app.LdapApp] Test started at Mon Feb 08 14:31:39 EST 2016
2016-02-08 14:31:39,688 DEBUG   main [org.springframework.beans.factory.support.DefaultListableBeanFactory] Returning cached instance of singleton bean 'userReposImpl'
2016-02-08 14:31:39,688 INFO   main [gov.fema.adminportal.ldap.repository.UserRepositoryImpl] executing {createGroup}
2016-02-08 14:31:39,786 ERROR   main [gov.fema.adminportal.ldap.repository.UserRepositoryImpl] org.springframework.ldap.InvalidAttributeValueException: 'cn' has no values.; nested exception is javax.naming.directory.InvalidAttributeValueException: 'cn' has no values.; remaining name 'cn=cn=Business_Objects_Disaster_Users_1452da,ou=Group,ou=BusinessObjectsDisaster,ou=system'
org.springframework.ldap.InvalidAttributeValueException: 'cn' has no values.; nested exception is javax.naming.directory.InvalidAttributeValueException: 'cn' has no values.; remaining name 'cn=cn=Business_Objects_Disaster_Users_1452da,ou=Group,ou=BusinessObjectsDisaster,ou=system'
	at org.springframework.ldap.support.LdapUtils.convertLdapException(LdapUtils.java:132)
	at org.springframework.ldap.core.LdapTemplate.executeWithContext(LdapTemplate.java:820)
	at org.springframework.ldap.core.LdapTemplate.executeReadWrite(LdapTemplate.java:812)
	at org.springframework.ldap.core.LdapTemplate.bind(LdapTemplate.java:1003)
	at gov.fema.adminportal.ldap.repository.UserRepositoryImpl.createGroup(UserRepositoryImpl.java:194)
	at gov.fema.adminportal.ldap.app.LdapApp.main(LdapApp.java:50)
Caused by: javax.naming.directory.InvalidAttributeValueException: 'cn' has no values.; remaining name 'cn=cn=Business_Objects_Disaster_Users_1452da,ou=Group,ou=BusinessObjectsDisaster,ou=system'
	at com.sun.jndi.ldap.LdapClient.add(LdapClient.java:1024)
	at com.sun.jndi.ldap.LdapCtx.c_bind(LdapCtx.java:416)
	at com.sun.jndi.toolkit.ctx.ComponentDirContext.p_bind(ComponentDirContext.java:295)
	at com.sun.jndi.toolkit.ctx.PartialCompositeDirContext.bind(PartialCompositeDirContext.java:215)
	at com.sun.jndi.toolkit.ctx.PartialCompositeDirContext.bind(PartialCompositeDirContext.java:204)
	at javax.naming.directory.InitialDirContext.bind(InitialDirContext.java:177)
	at sun.reflect.NativeMethodAccessorImpl.invoke0(Native Method)
	at sun.reflect.NativeMethodAccessorImpl.invoke(NativeMethodAccessorImpl.java:57)
	at sun.reflect.DelegatingMethodAccessorImpl.invoke(DelegatingMethodAccessorImpl.java:43)
	at java.lang.reflect.Method.invoke(Method.java:606)
	at org.springframework.transaction.compensating.support.CompensatingTransactionUtils.performOperation(CompensatingTransactionUtils.java:69)
	at org.springframework.ldap.transaction.compensating.manager.TransactionAwareDirContextInvocationHandler.invoke(TransactionAwareDirContextInvocationHandler.java:85)
	at com.sun.proxy.$Proxy8.bind(Unknown Source)
	at org.springframework.ldap.core.LdapTemplate$22.executeWithContext(LdapTemplate.java:1005)
	at org.springframework.ldap.core.LdapTemplate.executeWithContext(LdapTemplate.java:817)
	... 4 more
2016-02-08 14:31:39,804 INFO   main [gov.fema.adminportal.ldap.app.LdapApp] 
 =>false
2016-02-08 14:31:39,804 INFO   main [org.springframework.context.support.ClassPathXmlApplicationContext] Refreshing org.springframework.context.support.ClassPathXmlApplicationContext@89ec211: startup date [Mon Feb 08 14:31:39 EST 2016]; root of context hierarchy
2016-02-08 14:31:39,804 DEBUG   main [org.springframework.beans.factory.support.DefaultListableBeanFactory] Destroying singletons in org.springframework.beans.factory.support.DefaultListableBeanFactory@6d639a4b: defining beans [org.springframework.context.support.PropertySourcesPlaceholderConfigurer#0,ldapConfig,userRepositoryImpl,org.springframework.context.annotation.internalConfigurationAnnotationProcessor,org.springframework.context.annotation.internalAutowiredAnnotationProcessor,org.springframework.context.annotation.internalRequiredAnnotationProcessor,org.springframework.context.annotation.internalCommonAnnotationProcessor,simpleDirContextAuthenticationStrategy,userReposImpl,contextSource,ldapTemplate,org.springframework.context.annotation.ConfigurationClassPostProcessor.importAwareProcessor,org.springframework.context.annotation.ConfigurationClassPostProcessor.enhancedConfigurationProcessor]; root of factory hierarchy
2016-02-08 14:31:39,804 DEBUG   main [org.springframework.beans.factory.support.DefaultListableBeanFactory] Retrieved dependent beans for bean '(inner bean)#6a01f32e': [contextSource]
2016-02-08 14:31:39,805 DEBUG   main [org.springframework.beans.factory.support.DefaultListableBeanFactory] Retrieved dependent beans for bean '(inner bean)#3f302951': [(inner bean)#6a01f32e]
2016-02-08 14:31:39,806 DEBUG   main [org.springframework.core.env.StandardEnvironment] Adding [systemProperties] PropertySource with lowest search precedence
2016-02-08 14:31:39,806 DEBUG   main [org.springframework.core.env.StandardEnvironment] Adding [systemEnvironment] PropertySource with lowest search precedence
2016-02-08 14:31:39,806 DEBUG   main [org.springframework.core.env.StandardEnvironment] Initialized StandardEnvironment with PropertySources [systemProperties,systemEnvironment]
2016-02-08 14:31:39,807 INFO   main [org.springframework.beans.factory.xml.XmlBeanDefinitionReader] Loading XML bean definitions from class path resource [spring-ldap-example.xml]
2016-02-08 14:31:39,809 DEBUG   main [org.springframework.beans.factory.xml.DefaultDocumentLoader] Using JAXP provider [com.sun.org.apache.xerces.internal.jaxp.DocumentBuilderFactoryImpl]
2016-02-08 14:31:39,810 TRACE   main [org.springframework.beans.factory.xml.PluggableSchemaResolver] Trying to resolve XML entity with public id [null] and system id [http://www.springframework.org/schema/beans/spring-beans.xsd]
2016-02-08 14:31:39,810 DEBUG   main [org.springframework.beans.factory.xml.PluggableSchemaResolver] Loading schema mappings from [META-INF/spring.schemas]
2016-02-08 14:31:39,813 DEBUG   main [org.springframework.beans.factory.xml.PluggableSchemaResolver] Loaded schema mappings: {http://www.springframework.org/schema/tx/spring-tx-2.5.xsd=org/springframework/transaction/config/spring-tx-2.5.xsd, http://www.springframework.org/schema/cache/spring-cache-4.2.xsd=org/springframework/cache/config/spring-cache-4.2.xsd, http://www.springframework.org/schema/aop/spring-aop-4.1.xsd=org/springframework/aop/config/spring-aop-4.1.xsd, http://www.springframework.org/schema/context/spring-context-3.1.xsd=org/springframework/context/config/spring-context-3.1.xsd, http://www.springframework.org/schema/data/repository/spring-repository-1.4.xsd=org/springframework/data/repository/config/spring-repository-1.4.xsd, http://www.springframework.org/schema/util/spring-util-3.0.xsd=org/springframework/beans/factory/xml/spring-util-3.0.xsd, http://www.springframework.org/schema/tool/spring-tool.xsd=org/springframework/beans/factory/xml/spring-tool-4.2.xsd, http://www.springframework.org/schema/aop/spring-aop-3.2.xsd=org/springframework/aop/config/spring-aop-3.2.xsd, http://www.springframework.org/schema/lang/spring-lang-4.1.xsd=org/springframework/scripting/config/spring-lang-4.1.xsd, http://www.springframework.org/schema/context/spring-context-4.0.xsd=org/springframework/context/config/spring-context-4.0.xsd, http://www.springframework.org/schema/beans/spring-beans-4.2.xsd=org/springframework/beans/factory/xml/spring-beans-4.2.xsd, http://www.springframework.org/schema/tool/spring-tool-4.1.xsd=org/springframework/beans/factory/xml/spring-tool-4.1.xsd, http://www.springframework.org/schema/lang/spring-lang-3.2.xsd=org/springframework/scripting/config/spring-lang-3.2.xsd, http://www.springframework.org/schema/cache/spring-cache-3.2.xsd=org/springframework/cache/config/spring-cache-3.2.xsd, http://www.springframework.org/schema/jee/spring-jee-4.1.xsd=org/springframework/ejb/config/spring-jee-4.1.xsd, http://www.springframework.org/schema/task/spring-task-4.2.xsd=org/springframework/scheduling/config/spring-task-4.2.xsd, http://www.springframework.org/schema/util/spring-util-2.0.xsd=org/springframework/beans/factory/xml/spring-util-2.0.xsd, http://www.springframework.org/schema/tool/spring-tool-3.2.xsd=org/springframework/beans/factory/xml/spring-tool-3.2.xsd, http://www.springframework.org/schema/context/spring-context.xsd=org/springframework/context/config/spring-context-4.2.xsd, http://www.springframework.org/schema/tx/spring-tx-4.2.xsd=org/springframework/transaction/config/spring-tx-4.2.xsd, http://www.springframework.org/schema/cache/spring-cache-4.1.xsd=org/springframework/cache/config/spring-cache-4.1.xsd, http://www.springframework.org/schema/aop/spring-aop-4.0.xsd=org/springframework/aop/config/spring-aop-4.0.xsd, http://www.springframework.org/schema/jee/spring-jee-3.2.xsd=org/springframework/ejb/config/spring-jee-3.2.xsd, http://www.springframework.org/schema/context/spring-context-3.0.xsd=org/springframework/context/config/spring-context-3.0.xsd, http://www.springframework.org/schema/util/spring-util-2.5.xsd=org/springframework/beans/factory/xml/spring-util-2.5.xsd, http://www.springframework.org/schema/beans/spring-beans-3.2.xsd=org/springframework/beans/factory/xml/spring-beans-3.2.xsd, http://www.springframework.org/schema/aop/spring-aop-3.1.xsd=org/springframework/aop/config/spring-aop-3.1.xsd, http://www.springframework.org/schema/ldap/spring-ldap-2.0.xsd=org/springframework/ldap/config/spring-ldap-2.0.xsd, http://www.springframework.org/schema/lang/spring-lang-4.0.xsd=org/springframework/scripting/config/spring-lang-4.0.xsd, http://www.springframework.org/schema/beans/spring-beans-4.1.xsd=org/springframework/beans/factory/xml/spring-beans-4.1.xsd, http://www.springframework.org/schema/tool/spring-tool-4.0.xsd=org/springframework/beans/factory/xml/spring-tool-4.0.xsd, http://www.springframework.org/schema/tx/spring-tx-3.2.xsd=org/springframework/transaction/config/spring-tx-3.2.xsd, http://www.springframework.org/schema/lang/spring-lang-3.1.xsd=org/springframework/scripting/config/spring-lang-3.1.xsd, http://www.springframework.org/schema/cache/spring-cache-3.1.xsd=org/springframework/cache/config/spring-cache-3.1.xsd, http://www.springframework.org/schema/jee/spring-jee-4.0.xsd=org/springframework/ejb/config/spring-jee-4.0.xsd, http://www.springframework.org/schema/task/spring-task-4.1.xsd=org/springframework/scheduling/config/spring-task-4.1.xsd, http://www.springframework.org/schema/tool/spring-tool-3.1.xsd=org/springframework/beans/factory/xml/spring-tool-3.1.xsd, http://www.springframework.org/schema/tx/spring-tx-4.1.xsd=org/springframework/transaction/config/spring-tx-4.1.xsd, http://www.springframework.org/schema/cache/spring-cache-4.0.xsd=org/springframework/cache/config/spring-cache-4.0.xsd, http://www.springframework.org/schema/jee/spring-jee-3.1.xsd=org/springframework/ejb/config/spring-jee-3.1.xsd, http://www.springframework.org/schema/task/spring-task-3.2.xsd=org/springframework/scheduling/config/spring-task-3.2.xsd, http://www.springframework.org/schema/util/spring-util-4.2.xsd=org/springframework/beans/factory/xml/spring-util-4.2.xsd, http://www.springframework.org/schema/beans/spring-beans-3.1.xsd=org/springframework/beans/factory/xml/spring-beans-3.1.xsd, http://www.springframework.org/schema/util/spring-util.xsd=org/springframework/beans/factory/xml/spring-util-4.2.xsd, http://www.springframework.org/schema/aop/spring-aop-3.0.xsd=org/springframework/aop/config/spring-aop-3.0.xsd, http://www.springframework.org/schema/data/repository/spring-repository.xsd=org/springframework/data/repository/config/spring-repository-1.7.xsd, http://www.springframework.org/schema/data/repository/spring-repository-1.7.xsd=org/springframework/data/repository/config/spring-repository-1.7.xsd, http://www.springframework.org/schema/ldap/spring-ldap.xsd=org/springframework/ldap/config/spring-ldap-2.0.xsd, http://www.springframework.org/schema/beans/spring-beans-4.0.xsd=org/springframework/beans/factory/xml/spring-beans-4.0.xsd, http://www.springframework.org/schema/beans/spring-beans.xsd=org/springframework/beans/factory/xml/spring-beans-4.2.xsd, http://www.springframework.org/schema/tx/spring-tx-3.1.xsd=org/springframework/transaction/config/spring-tx-3.1.xsd, http://www.springframework.org/schema/lang/spring-lang-3.0.xsd=org/springframework/scripting/config/spring-lang-3.0.xsd, http://www.springframework.org/schema/context/spring-context-2.5.xsd=org/springframework/context/config/spring-context-2.5.xsd, http://www.springframework.org/schema/task/spring-task-4.0.xsd=org/springframework/scheduling/config/spring-task-4.0.xsd, http://www.springframework.org/schema/tool/spring-tool-3.0.xsd=org/springframework/beans/factory/xml/spring-tool-3.0.xsd, http://www.springframework.org/schema/tx/spring-tx-4.0.xsd=org/springframework/transaction/config/spring-tx-4.0.xsd, http://www.springframework.org/schema/aop/spring-aop-2.0.xsd=org/springframework/aop/config/spring-aop-2.0.xsd, http://www.springframework.org/schema/jee/spring-jee-3.0.xsd=org/springframework/ejb/config/spring-jee-3.0.xsd, http://www.springframework.org/schema/util/spring-util-4.1.xsd=org/springframework/beans/factory/xml/spring-util-4.1.xsd, http://www.springframework.org/schema/task/spring-task-3.1.xsd=org/springframework/scheduling/config/spring-task-3.1.xsd, http://www.springframework.org/schema/beans/spring-beans-3.0.xsd=org/springframework/beans/factory/xml/spring-beans-3.0.xsd, http://www.springframework.org/schema/jee/spring-jee.xsd=org/springframework/ejb/config/spring-jee-4.2.xsd, http://www.springframework.org/schema/aop/spring-aop-2.5.xsd=org/springframework/aop/config/spring-aop-2.5.xsd, http://www.springframework.org/schema/lang/spring-lang-2.0.xsd=org/springframework/scripting/config/spring-lang-2.0.xsd, http://www.springframework.org/schema/data/repository/spring-repository-1.6.xsd=org/springframework/data/repository/config/spring-repository-1.6.xsd, http://www.springframework.org/schema/util/spring-util-3.2.xsd=org/springframework/beans/factory/xml/spring-util-3.2.xsd, http://www.springframework.org/schema/task/spring-task.xsd=org/springframework/scheduling/config/spring-task-4.2.xsd, http://www.springframework.org/schema/tool/spring-tool-2.0.xsd=org/springframework/beans/factory/xml/spring-tool-2.0.xsd, http://www.springframework.org/schema/tx/spring-tx-3.0.xsd=org/springframework/transaction/config/spring-tx-3.0.xsd, http://www.springframework.org/schema/lang/spring-lang-2.5.xsd=org/springframework/scripting/config/spring-lang-2.5.xsd, http://www.springframework.org/schema/context/spring-context-4.2.xsd=org/springframework/context/config/spring-context-4.2.xsd, http://www.springframework.org/schema/jee/spring-jee-2.0.xsd=org/springframework/ejb/config/spring-jee-2.0.xsd, http://www.springframework.org/schema/tool/spring-tool-2.5.xsd=org/springframework/beans/factory/xml/spring-tool-2.5.xsd, http://www.springframework.org/schema/jee/spring-jee-2.5.xsd=org/springframework/ejb/config/spring-jee-2.5.xsd, http://www.springframework.org/schema/data/repository/spring-repository-1.0.xsd=org/springframework/data/repository/config/spring-repository-1.0.xsd, http://www.springframework.org/schema/util/spring-util-4.0.xsd=org/springframework/beans/factory/xml/spring-util-4.0.xsd, http://www.springframework.org/schema/task/spring-task-3.0.xsd=org/springframework/scheduling/config/spring-task-3.0.xsd, http://www.springframework.org/schema/aop/spring-aop-4.2.xsd=org/springframework/aop/config/spring-aop-4.2.xsd, http://www.springframework.org/schema/lang/spring-lang.xsd=org/springframework/scripting/config/spring-lang-4.2.xsd, http://www.springframework.org/schema/context/spring-context-3.2.xsd=org/springframework/context/config/spring-context-3.2.xsd, http://www.springframework.org/schema/data/repository/spring-repository-1.5.xsd=org/springframework/data/repository/config/spring-repository-1.5.xsd, http://www.springframework.org/schema/util/spring-util-3.1.xsd=org/springframework/beans/factory/xml/spring-util-3.1.xsd, http://www.springframework.org/schema/beans/spring-beans-2.0.xsd=org/springframework/beans/factory/xml/spring-beans-2.0.xsd, http://www.springframework.org/schema/cache/spring-cache.xsd=org/springframework/cache/config/spring-cache-4.2.xsd, http://www.springframework.org/schema/tx/spring-tx.xsd=org/springframework/transaction/config/spring-tx-4.2.xsd, http://www.springframework.org/schema/lang/spring-lang-4.2.xsd=org/springframework/scripting/config/spring-lang-4.2.xsd, http://www.springframework.org/schema/context/spring-context-4.1.xsd=org/springframework/context/config/spring-context-4.1.xsd, http://www.springframework.org/schema/beans/spring-beans-2.5.xsd=org/springframework/beans/factory/xml/spring-beans-2.5.xsd, http://www.springframework.org/schema/tool/spring-tool-4.2.xsd=org/springframework/beans/factory/xml/spring-tool-4.2.xsd, http://www.springframework.org/schema/tx/spring-tx-2.0.xsd=org/springframework/transaction/config/spring-tx-2.0.xsd, http://www.springframework.org/schema/jee/spring-jee-4.2.xsd=org/springframework/ejb/config/spring-jee-4.2.xsd, http://www.springframework.org/schema/aop/spring-aop.xsd=org/springframework/aop/config/spring-aop-4.2.xsd}
2016-02-08 14:31:39,814 DEBUG   main [org.springframework.beans.factory.xml.PluggableSchemaResolver] Found XML schema [http://www.springframework.org/schema/beans/spring-beans.xsd] in classpath: org/springframework/beans/factory/xml/spring-beans-4.2.xsd
2016-02-08 14:31:39,830 TRACE   main [org.springframework.beans.factory.xml.PluggableSchemaResolver] Trying to resolve XML entity with public id [null] and system id [http://www.springframework.org/schema/context/spring-context.xsd]
2016-02-08 14:31:39,830 DEBUG   main [org.springframework.beans.factory.xml.PluggableSchemaResolver] Found XML schema [http://www.springframework.org/schema/context/spring-context.xsd] in classpath: org/springframework/context/config/spring-context-4.2.xsd
2016-02-08 14:31:39,838 TRACE   main [org.springframework.beans.factory.xml.PluggableSchemaResolver] Trying to resolve XML entity with public id [null] and system id [http://www.springframework.org/schema/tool/spring-tool-4.2.xsd]
2016-02-08 14:31:39,838 DEBUG   main [org.springframework.beans.factory.xml.PluggableSchemaResolver] Found XML schema [http://www.springframework.org/schema/tool/spring-tool-4.2.xsd] in classpath: org/springframework/beans/factory/xml/spring-tool-4.2.xsd
2016-02-08 14:31:39,844 TRACE   main [org.springframework.beans.factory.xml.PluggableSchemaResolver] Trying to resolve XML entity with public id [null] and system id [http://www.springframework.org/schema/ldap/spring-ldap.xsd]
2016-02-08 14:31:39,845 DEBUG   main [org.springframework.beans.factory.xml.PluggableSchemaResolver] Found XML schema [http://www.springframework.org/schema/ldap/spring-ldap.xsd] in classpath: org/springframework/ldap/config/spring-ldap-2.0.xsd
2016-02-08 14:31:39,849 TRACE   main [org.springframework.beans.factory.xml.PluggableSchemaResolver] Trying to resolve XML entity with public id [null] and system id [http://www.springframework.org/schema/data/repository/spring-repository.xsd]
2016-02-08 14:31:39,850 DEBUG   main [org.springframework.beans.factory.xml.PluggableSchemaResolver] Found XML schema [http://www.springframework.org/schema/data/repository/spring-repository.xsd] in classpath: org/springframework/data/repository/config/spring-repository-1.7.xsd
2016-02-08 14:31:39,857 DEBUG   main [org.springframework.beans.factory.xml.DefaultBeanDefinitionDocumentReader] Loading bean definitions
2016-02-08 14:31:39,860 DEBUG   main [org.springframework.beans.factory.xml.DefaultNamespaceHandlerResolver] Loaded NamespaceHandler mappings: {http://www.springframework.org/schema/p=org.springframework.beans.factory.xml.SimplePropertyNamespaceHandler, http://www.springframework.org/schema/util=org.springframework.beans.factory.xml.UtilNamespaceHandler, http://www.springframework.org/schema/jee=org.springframework.ejb.config.JeeNamespaceHandler, http://www.springframework.org/schema/aop=org.springframework.aop.config.AopNamespaceHandler, http://www.springframework.org/schema/data/repository=org.springframework.data.repository.config.RepositoryNameSpaceHandler, http://www.springframework.org/schema/cache=org.springframework.cache.config.CacheNamespaceHandler, http://www.springframework.org/schema/c=org.springframework.beans.factory.xml.SimpleConstructorNamespaceHandler, http://www.springframework.org/schema/ldap=org.springframework.ldap.config.LdapNamespaceHandler, http://www.springframework.org/schema/tx=org.springframework.transaction.config.TxNamespaceHandler, http://www.springframework.org/schema/task=org.springframework.scheduling.config.TaskNamespaceHandler, http://www.springframework.org/schema/lang=org.springframework.scripting.config.LangNamespaceHandler, http://www.springframework.org/schema/context=org.springframework.context.config.ContextNamespaceHandler}
2016-02-08 14:31:39,861 DEBUG   main [org.springframework.core.env.StandardEnvironment] Adding [systemProperties] PropertySource with lowest search precedence
2016-02-08 14:31:39,861 DEBUG   main [org.springframework.core.env.StandardEnvironment] Adding [systemEnvironment] PropertySource with lowest search precedence
2016-02-08 14:31:39,862 DEBUG   main [org.springframework.core.env.StandardEnvironment] Initialized StandardEnvironment with PropertySources [systemProperties,systemEnvironment]
2016-02-08 14:31:39,863 DEBUG   main [org.springframework.core.io.support.PathMatchingResourcePatternResolver] Looking for matching resources in directory tree [C:\Eclipse\workspace\SpringLdapProject\bin\gov\fema\adminportal\ldap]
2016-02-08 14:31:39,863 DEBUG   main [org.springframework.core.io.support.PathMatchingResourcePatternResolver] Searching directory [C:\Eclipse\workspace\SpringLdapProject\bin\gov\fema\adminportal\ldap] for files matching pattern [C:/Eclipse/workspace/SpringLdapProject/bin/gov/fema/adminportal/ldap/**/*.class]
2016-02-08 14:31:39,863 DEBUG   main [org.springframework.core.io.support.PathMatchingResourcePatternResolver] Searching directory [C:\Eclipse\workspace\SpringLdapProject\bin\gov\fema\adminportal\ldap\app] for files matching pattern [C:/Eclipse/workspace/SpringLdapProject/bin/gov/fema/adminportal/ldap/**/*.class]
2016-02-08 14:31:39,864 DEBUG   main [org.springframework.core.io.support.PathMatchingResourcePatternResolver] Searching directory [C:\Eclipse\workspace\SpringLdapProject\bin\gov\fema\adminportal\ldap\model] for files matching pattern [C:/Eclipse/workspace/SpringLdapProject/bin/gov/fema/adminportal/ldap/**/*.class]
2016-02-08 14:31:39,865 DEBUG   main [org.springframework.core.io.support.PathMatchingResourcePatternResolver] Searching directory [C:\Eclipse\workspace\SpringLdapProject\bin\gov\fema\adminportal\ldap\repository] for files matching pattern [C:/Eclipse/workspace/SpringLdapProject/bin/gov/fema/adminportal/ldap/**/*.class]
2016-02-08 14:31:39,866 DEBUG   main [org.springframework.core.io.support.PathMatchingResourcePatternResolver] Resolved location pattern [classpath*:gov/fema/adminportal/ldap/**/*.class] to resources [file [C:\Eclipse\workspace\SpringLdapProject\bin\gov\fema\adminportal\ldap\app\LdapApp.class], file [C:\Eclipse\workspace\SpringLdapProject\bin\gov\fema\adminportal\ldap\model\Group.class], file [C:\Eclipse\workspace\SpringLdapProject\bin\gov\fema\adminportal\ldap\model\LDAPConfig.class], file [C:\Eclipse\workspace\SpringLdapProject\bin\gov\fema\adminportal\ldap\model\User.class], file [C:\Eclipse\workspace\SpringLdapProject\bin\gov\fema\adminportal\ldap\repository\UserRepository.class], file [C:\Eclipse\workspace\SpringLdapProject\bin\gov\fema\adminportal\ldap\repository\UserRepositoryImpl$1.class], file [C:\Eclipse\workspace\SpringLdapProject\bin\gov\fema\adminportal\ldap\repository\UserRepositoryImpl$MultipleAttributesMapper.class], file [C:\Eclipse\workspace\SpringLdapProject\bin\gov\fema\adminportal\ldap\repository\UserRepositoryImpl$SingleAttributesMapper.class], file [C:\Eclipse\workspace\SpringLdapProject\bin\gov\fema\adminportal\ldap\repository\UserRepositoryImpl$UserAttributesMapper.class], file [C:\Eclipse\workspace\SpringLdapProject\bin\gov\fema\adminportal\ldap\repository\UserRepositoryImpl.class]]
2016-02-08 14:31:39,867 TRACE   main [org.springframework.context.annotation.ClassPathBeanDefinitionScanner] Scanning file [C:\Eclipse\workspace\SpringLdapProject\bin\gov\fema\adminportal\ldap\app\LdapApp.class]
2016-02-08 14:31:39,869 TRACE   main [org.springframework.context.annotation.ClassPathBeanDefinitionScanner] Ignored because not matching any filter: file [C:\Eclipse\workspace\SpringLdapProject\bin\gov\fema\adminportal\ldap\app\LdapApp.class]
2016-02-08 14:31:39,869 TRACE   main [org.springframework.context.annotation.ClassPathBeanDefinitionScanner] Scanning file [C:\Eclipse\workspace\SpringLdapProject\bin\gov\fema\adminportal\ldap\model\Group.class]
2016-02-08 14:31:39,870 TRACE   main [org.springframework.context.annotation.ClassPathBeanDefinitionScanner] Ignored because not matching any filter: file [C:\Eclipse\workspace\SpringLdapProject\bin\gov\fema\adminportal\ldap\model\Group.class]
2016-02-08 14:31:39,870 TRACE   main [org.springframework.context.annotation.ClassPathBeanDefinitionScanner] Scanning file [C:\Eclipse\workspace\SpringLdapProject\bin\gov\fema\adminportal\ldap\model\LDAPConfig.class]
2016-02-08 14:31:39,871 TRACE   main [org.springframework.context.annotation.ClassPathBeanDefinitionScanner] Ignored because not matching any filter: file [C:\Eclipse\workspace\SpringLdapProject\bin\gov\fema\adminportal\ldap\model\LDAPConfig.class]
2016-02-08 14:31:39,871 TRACE   main [org.springframework.context.annotation.ClassPathBeanDefinitionScanner] Scanning file [C:\Eclipse\workspace\SpringLdapProject\bin\gov\fema\adminportal\ldap\model\User.class]
2016-02-08 14:31:39,871 TRACE   main [org.springframework.context.annotation.ClassPathBeanDefinitionScanner] Ignored because not matching any filter: file [C:\Eclipse\workspace\SpringLdapProject\bin\gov\fema\adminportal\ldap\model\User.class]
2016-02-08 14:31:39,871 TRACE   main [org.springframework.context.annotation.ClassPathBeanDefinitionScanner] Scanning file [C:\Eclipse\workspace\SpringLdapProject\bin\gov\fema\adminportal\ldap\repository\UserRepository.class]
2016-02-08 14:31:39,872 TRACE   main [org.springframework.context.annotation.ClassPathBeanDefinitionScanner] Ignored because not matching any filter: file [C:\Eclipse\workspace\SpringLdapProject\bin\gov\fema\adminportal\ldap\repository\UserRepository.class]
2016-02-08 14:31:39,872 TRACE   main [org.springframework.context.annotation.ClassPathBeanDefinitionScanner] Scanning file [C:\Eclipse\workspace\SpringLdapProject\bin\gov\fema\adminportal\ldap\repository\UserRepositoryImpl$1.class]
2016-02-08 14:31:39,872 TRACE   main [org.springframework.context.annotation.ClassPathBeanDefinitionScanner] Ignored because not matching any filter: file [C:\Eclipse\workspace\SpringLdapProject\bin\gov\fema\adminportal\ldap\repository\UserRepositoryImpl$1.class]
2016-02-08 14:31:39,872 TRACE   main [org.springframework.context.annotation.ClassPathBeanDefinitionScanner] Scanning file [C:\Eclipse\workspace\SpringLdapProject\bin\gov\fema\adminportal\ldap\repository\UserRepositoryImpl$MultipleAttributesMapper.class]
2016-02-08 14:31:39,873 TRACE   main [org.springframework.context.annotation.ClassPathBeanDefinitionScanner] Ignored because not matching any filter: file [C:\Eclipse\workspace\SpringLdapProject\bin\gov\fema\adminportal\ldap\repository\UserRepositoryImpl$MultipleAttributesMapper.class]
2016-02-08 14:31:39,873 TRACE   main [org.springframework.context.annotation.ClassPathBeanDefinitionScanner] Scanning file [C:\Eclipse\workspace\SpringLdapProject\bin\gov\fema\adminportal\ldap\repository\UserRepositoryImpl$SingleAttributesMapper.class]
2016-02-08 14:31:39,873 TRACE   main [org.springframework.context.annotation.ClassPathBeanDefinitionScanner] Ignored because not matching any filter: file [C:\Eclipse\workspace\SpringLdapProject\bin\gov\fema\adminportal\ldap\repository\UserRepositoryImpl$SingleAttributesMapper.class]
2016-02-08 14:31:39,873 TRACE   main [org.springframework.context.annotation.ClassPathBeanDefinitionScanner] Scanning file [C:\Eclipse\workspace\SpringLdapProject\bin\gov\fema\adminportal\ldap\repository\UserRepositoryImpl$UserAttributesMapper.class]
2016-02-08 14:31:39,874 TRACE   main [org.springframework.context.annotation.ClassPathBeanDefinitionScanner] Ignored because not matching any filter: file [C:\Eclipse\workspace\SpringLdapProject\bin\gov\fema\adminportal\ldap\repository\UserRepositoryImpl$UserAttributesMapper.class]
2016-02-08 14:31:39,874 TRACE   main [org.springframework.context.annotation.ClassPathBeanDefinitionScanner] Scanning file [C:\Eclipse\workspace\SpringLdapProject\bin\gov\fema\adminportal\ldap\repository\UserRepositoryImpl.class]
2016-02-08 14:31:39,875 DEBUG   main [org.springframework.context.annotation.ClassPathBeanDefinitionScanner] Identified candidate component class: file [C:\Eclipse\workspace\SpringLdapProject\bin\gov\fema\adminportal\ldap\repository\UserRepositoryImpl.class]
2016-02-08 14:31:39,876 DEBUG   main [org.springframework.beans.factory.xml.XmlBeanDefinitionReader] Loaded 11 bean definitions from location pattern [spring-ldap-example.xml]
2016-02-08 14:31:39,876 DEBUG   main [org.springframework.context.support.ClassPathXmlApplicationContext] Bean factory for org.springframework.context.support.ClassPathXmlApplicationContext@89ec211: org.springframework.beans.factory.support.DefaultListableBeanFactory@7186e848: defining beans [org.springframework.context.support.PropertySourcesPlaceholderConfigurer#0,ldapConfig,userRepositoryImpl,org.springframework.context.annotation.internalConfigurationAnnotationProcessor,org.springframework.context.annotation.internalAutowiredAnnotationProcessor,org.springframework.context.annotation.internalRequiredAnnotationProcessor,org.springframework.context.annotation.internalCommonAnnotationProcessor,simpleDirContextAuthenticationStrategy,userReposImpl,contextSource,ldapTemplate]; root of factory hierarchy
2016-02-08 14:31:39,877 DEBUG   main [org.springframework.beans.factory.support.DefaultListableBeanFactory] Creating shared instance of singleton bean 'org.springframework.context.annotation.internalConfigurationAnnotationProcessor'
2016-02-08 14:31:39,877 DEBUG   main [org.springframework.beans.factory.support.DefaultListableBeanFactory] Creating instance of bean 'org.springframework.context.annotation.internalConfigurationAnnotationProcessor'
2016-02-08 14:31:39,877 DEBUG   main [org.springframework.beans.factory.support.DefaultListableBeanFactory] Eagerly caching bean 'org.springframework.context.annotation.internalConfigurationAnnotationProcessor' to allow for resolving potential circular references
2016-02-08 14:31:39,877 DEBUG   main [org.springframework.beans.factory.support.DefaultListableBeanFactory] Finished creating instance of bean 'org.springframework.context.annotation.internalConfigurationAnnotationProcessor'
2016-02-08 14:31:39,890 DEBUG   main [org.springframework.beans.factory.support.DefaultListableBeanFactory] Creating shared instance of singleton bean 'org.springframework.context.support.PropertySourcesPlaceholderConfigurer#0'
2016-02-08 14:31:39,890 DEBUG   main [org.springframework.beans.factory.support.DefaultListableBeanFactory] Creating instance of bean 'org.springframework.context.support.PropertySourcesPlaceholderConfigurer#0'
2016-02-08 14:31:39,890 DEBUG   main [org.springframework.beans.factory.support.DefaultListableBeanFactory] Eagerly caching bean 'org.springframework.context.support.PropertySourcesPlaceholderConfigurer#0' to allow for resolving potential circular references
2016-02-08 14:31:39,891 DEBUG   main [org.springframework.beans.factory.support.DefaultListableBeanFactory] Finished creating instance of bean 'org.springframework.context.support.PropertySourcesPlaceholderConfigurer#0'
2016-02-08 14:31:39,891 DEBUG   main [org.springframework.core.env.MutablePropertySources] Adding [environmentProperties] PropertySource with lowest search precedence
2016-02-08 14:31:39,891 INFO   main [org.springframework.context.support.PropertySourcesPlaceholderConfigurer] Loading properties file from class path resource [ldap.properties]
2016-02-08 14:31:39,892 DEBUG   main [org.springframework.core.env.MutablePropertySources] Adding [localProperties] PropertySource with lowest search precedence
2016-02-08 14:31:39,893 TRACE   main [org.springframework.core.env.PropertySourcesPropertyResolver] getProperty("BoUser", String)
2016-02-08 14:31:39,893 DEBUG   main [org.springframework.core.env.PropertySourcesPropertyResolver] Searching for key 'BoUser' in [environmentProperties]
2016-02-08 14:31:39,893 TRACE   main [org.springframework.core.env.PropertySourcesPropertyResolver] getProperty("BoUser", String)
2016-02-08 14:31:39,893 DEBUG   main [org.springframework.core.env.PropertySourcesPropertyResolver] Searching for key 'BoUser' in [systemProperties]
2016-02-08 14:31:39,894 DEBUG   main [org.springframework.core.env.PropertySourcesPropertyResolver] Searching for key 'BoUser' in [systemEnvironment]
2016-02-08 14:31:39,894 DEBUG   main [org.springframework.core.env.PropertySourcesPropertyResolver] Could not find key 'BoUser' in any property source. Returning [null]
2016-02-08 14:31:39,894 DEBUG   main [org.springframework.core.env.PropertySourcesPropertyResolver] Searching for key 'BoUser' in [localProperties]
2016-02-08 14:31:39,894 DEBUG   main [org.springframework.core.env.PropertySourcesPropertyResolver] Found key 'BoUser' in [localProperties] with type [String] and value 'ou=User,ou=BusinessObjectsDisaster,ou=system'
2016-02-08 14:31:39,894 TRACE   main [org.springframework.util.PropertyPlaceholderHelper] Resolved placeholder 'BoUser'
2016-02-08 14:31:39,894 TRACE   main [org.springframework.core.env.PropertySourcesPropertyResolver] getProperty("BoGroup", String)
2016-02-08 14:31:39,895 DEBUG   main [org.springframework.core.env.PropertySourcesPropertyResolver] Searching for key 'BoGroup' in [environmentProperties]
2016-02-08 14:31:39,895 TRACE   main [org.springframework.core.env.PropertySourcesPropertyResolver] getProperty("BoGroup", String)
2016-02-08 14:31:39,895 DEBUG   main [org.springframework.core.env.PropertySourcesPropertyResolver] Searching for key 'BoGroup' in [systemProperties]
2016-02-08 14:31:39,895 DEBUG   main [org.springframework.core.env.PropertySourcesPropertyResolver] Searching for key 'BoGroup' in [systemEnvironment]
2016-02-08 14:31:39,896 DEBUG   main [org.springframework.core.env.PropertySourcesPropertyResolver] Could not find key 'BoGroup' in any property source. Returning [null]
2016-02-08 14:31:39,896 DEBUG   main [org.springframework.core.env.PropertySourcesPropertyResolver] Searching for key 'BoGroup' in [localProperties]
2016-02-08 14:31:39,896 DEBUG   main [org.springframework.core.env.PropertySourcesPropertyResolver] Found key 'BoGroup' in [localProperties] with type [String] and value 'ou=Group,ou=BusinessObjectsDisaster,ou=system'
2016-02-08 14:31:39,896 TRACE   main [org.springframework.util.PropertyPlaceholderHelper] Resolved placeholder 'BoGroup'
2016-02-08 14:31:39,896 TRACE   main [org.springframework.core.env.PropertySourcesPropertyResolver] getProperty("BoGroupPrefix", String)
2016-02-08 14:31:39,898 DEBUG   main [org.springframework.core.env.PropertySourcesPropertyResolver] Searching for key 'BoGroupPrefix' in [environmentProperties]
2016-02-08 14:31:39,899 TRACE   main [org.springframework.core.env.PropertySourcesPropertyResolver] getProperty("BoGroupPrefix", String)
2016-02-08 14:31:39,899 DEBUG   main [org.springframework.core.env.PropertySourcesPropertyResolver] Searching for key 'BoGroupPrefix' in [systemProperties]
2016-02-08 14:31:39,899 DEBUG   main [org.springframework.core.env.PropertySourcesPropertyResolver] Searching for key 'BoGroupPrefix' in [systemEnvironment]
2016-02-08 14:31:39,899 DEBUG   main [org.springframework.core.env.PropertySourcesPropertyResolver] Could not find key 'BoGroupPrefix' in any property source. Returning [null]
2016-02-08 14:31:39,899 DEBUG   main [org.springframework.core.env.PropertySourcesPropertyResolver] Searching for key 'BoGroupPrefix' in [localProperties]
2016-02-08 14:31:39,899 DEBUG   main [org.springframework.core.env.PropertySourcesPropertyResolver] Found key 'BoGroupPrefix' in [localProperties] with type [String] and value 'cn=Business_Objects_Disaster_Users_'
2016-02-08 14:31:39,899 TRACE   main [org.springframework.util.PropertyPlaceholderHelper] Resolved placeholder 'BoGroupPrefix'
2016-02-08 14:31:39,900 DEBUG   main [org.springframework.beans.factory.support.DefaultListableBeanFactory] Creating shared instance of singleton bean 'org.springframework.context.annotation.internalAutowiredAnnotationProcessor'
2016-02-08 14:31:39,900 DEBUG   main [org.springframework.beans.factory.support.DefaultListableBeanFactory] Creating instance of bean 'org.springframework.context.annotation.internalAutowiredAnnotationProcessor'
2016-02-08 14:31:39,901 DEBUG   main [org.springframework.beans.factory.support.DefaultListableBeanFactory] Eagerly caching bean 'org.springframework.context.annotation.internalAutowiredAnnotationProcessor' to allow for resolving potential circular references
2016-02-08 14:31:39,903 DEBUG   main [org.springframework.beans.factory.support.DefaultListableBeanFactory] Finished creating instance of bean 'org.springframework.context.annotation.internalAutowiredAnnotationProcessor'
2016-02-08 14:31:39,903 DEBUG   main [org.springframework.beans.factory.support.DefaultListableBeanFactory] Creating shared instance of singleton bean 'org.springframework.context.annotation.internalRequiredAnnotationProcessor'
2016-02-08 14:31:39,904 DEBUG   main [org.springframework.beans.factory.support.DefaultListableBeanFactory] Creating instance of bean 'org.springframework.context.annotation.internalRequiredAnnotationProcessor'
2016-02-08 14:31:39,904 DEBUG   main [org.springframework.beans.factory.support.DefaultListableBeanFactory] Eagerly caching bean 'org.springframework.context.annotation.internalRequiredAnnotationProcessor' to allow for resolving potential circular references
2016-02-08 14:31:39,904 DEBUG   main [org.springframework.beans.factory.support.DefaultListableBeanFactory] Finished creating instance of bean 'org.springframework.context.annotation.internalRequiredAnnotationProcessor'
2016-02-08 14:31:39,904 DEBUG   main [org.springframework.beans.factory.support.DefaultListableBeanFactory] Creating shared instance of singleton bean 'org.springframework.context.annotation.internalCommonAnnotationProcessor'
2016-02-08 14:31:39,904 DEBUG   main [org.springframework.beans.factory.support.DefaultListableBeanFactory] Creating instance of bean 'org.springframework.context.annotation.internalCommonAnnotationProcessor'
2016-02-08 14:31:39,904 DEBUG   main [org.springframework.beans.factory.support.DefaultListableBeanFactory] Eagerly caching bean 'org.springframework.context.annotation.internalCommonAnnotationProcessor' to allow for resolving potential circular references
2016-02-08 14:31:39,905 DEBUG   main [org.springframework.beans.factory.support.DefaultListableBeanFactory] Finished creating instance of bean 'org.springframework.context.annotation.internalCommonAnnotationProcessor'
2016-02-08 14:31:39,905 DEBUG   main [org.springframework.beans.factory.support.DefaultListableBeanFactory] Creating shared instance of singleton bean 'org.springframework.context.annotation.ConfigurationClassPostProcessor.importAwareProcessor'
2016-02-08 14:31:39,905 DEBUG   main [org.springframework.beans.factory.support.DefaultListableBeanFactory] Creating instance of bean 'org.springframework.context.annotation.ConfigurationClassPostProcessor.importAwareProcessor'
2016-02-08 14:31:39,905 DEBUG   main [org.springframework.beans.factory.support.DefaultListableBeanFactory] Eagerly caching bean 'org.springframework.context.annotation.ConfigurationClassPostProcessor.importAwareProcessor' to allow for resolving potential circular references
2016-02-08 14:31:39,905 DEBUG   main [org.springframework.beans.factory.support.DefaultListableBeanFactory] Finished creating instance of bean 'org.springframework.context.annotation.ConfigurationClassPostProcessor.importAwareProcessor'
2016-02-08 14:31:39,905 DEBUG   main [org.springframework.beans.factory.support.DefaultListableBeanFactory] Creating shared instance of singleton bean 'org.springframework.context.annotation.ConfigurationClassPostProcessor.enhancedConfigurationProcessor'
2016-02-08 14:31:39,905 DEBUG   main [org.springframework.beans.factory.support.DefaultListableBeanFactory] Creating instance of bean 'org.springframework.context.annotation.ConfigurationClassPostProcessor.enhancedConfigurationProcessor'
2016-02-08 14:31:39,905 DEBUG   main [org.springframework.beans.factory.support.DefaultListableBeanFactory] Eagerly caching bean 'org.springframework.context.annotation.ConfigurationClassPostProcessor.enhancedConfigurationProcessor' to allow for resolving potential circular references
2016-02-08 14:31:39,906 DEBUG   main [org.springframework.beans.factory.support.DefaultListableBeanFactory] Finished creating instance of bean 'org.springframework.context.annotation.ConfigurationClassPostProcessor.enhancedConfigurationProcessor'
2016-02-08 14:31:39,906 DEBUG   main [org.springframework.context.support.ClassPathXmlApplicationContext] Unable to locate MessageSource with name 'messageSource': using default [org.springframework.context.support.DelegatingMessageSource@1e13bfe1]
2016-02-08 14:31:39,906 DEBUG   main [org.springframework.context.support.ClassPathXmlApplicationContext] Unable to locate ApplicationEventMulticaster with name 'applicationEventMulticaster': using default [org.springframework.context.event.SimpleApplicationEventMulticaster@229a5c34]
2016-02-08 14:31:39,907 DEBUG   main [org.springframework.beans.factory.support.DefaultListableBeanFactory] Pre-instantiating singletons in org.springframework.beans.factory.support.DefaultListableBeanFactory@7186e848: defining beans [org.springframework.context.support.PropertySourcesPlaceholderConfigurer#0,ldapConfig,userRepositoryImpl,org.springframework.context.annotation.internalConfigurationAnnotationProcessor,org.springframework.context.annotation.internalAutowiredAnnotationProcessor,org.springframework.context.annotation.internalRequiredAnnotationProcessor,org.springframework.context.annotation.internalCommonAnnotationProcessor,simpleDirContextAuthenticationStrategy,userReposImpl,contextSource,ldapTemplate,org.springframework.context.annotation.ConfigurationClassPostProcessor.importAwareProcessor,org.springframework.context.annotation.ConfigurationClassPostProcessor.enhancedConfigurationProcessor]; root of factory hierarchy
2016-02-08 14:31:39,907 DEBUG   main [org.springframework.beans.factory.support.DefaultListableBeanFactory] Returning cached instance of singleton bean 'org.springframework.context.support.PropertySourcesPlaceholderConfigurer#0'
2016-02-08 14:31:39,907 DEBUG   main [org.springframework.beans.factory.support.DefaultListableBeanFactory] Creating shared instance of singleton bean 'ldapConfig'
2016-02-08 14:31:39,907 DEBUG   main [org.springframework.beans.factory.support.DefaultListableBeanFactory] Creating instance of bean 'ldapConfig'
2016-02-08 14:31:39,907 DEBUG   main [org.springframework.beans.factory.support.DefaultListableBeanFactory] Eagerly caching bean 'ldapConfig' to allow for resolving potential circular references
2016-02-08 14:31:39,909 DEBUG   main [org.springframework.beans.factory.support.DefaultListableBeanFactory] Finished creating instance of bean 'ldapConfig'
2016-02-08 14:31:39,910 DEBUG   main [org.springframework.beans.factory.support.DefaultListableBeanFactory] Creating shared instance of singleton bean 'userRepositoryImpl'
2016-02-08 14:31:39,910 DEBUG   main [org.springframework.beans.factory.support.DefaultListableBeanFactory] Creating instance of bean 'userRepositoryImpl'
2016-02-08 14:31:39,914 DEBUG   main [org.springframework.beans.factory.annotation.InjectionMetadata] Registered injected element on class [gov.fema.adminportal.ldap.repository.UserRepositoryImpl]: AutowiredFieldElement for private gov.fema.adminportal.ldap.model.LDAPConfig gov.fema.adminportal.ldap.repository.UserRepositoryImpl.ldapConfig
2016-02-08 14:31:39,914 DEBUG   main [org.springframework.beans.factory.annotation.InjectionMetadata] Registered injected element on class [gov.fema.adminportal.ldap.repository.UserRepositoryImpl]: AutowiredFieldElement for private org.springframework.ldap.core.LdapTemplate gov.fema.adminportal.ldap.repository.UserRepositoryImpl.ldapTemplate
2016-02-08 14:31:39,914 DEBUG   main [org.springframework.beans.factory.support.DefaultListableBeanFactory] Eagerly caching bean 'userRepositoryImpl' to allow for resolving potential circular references
2016-02-08 14:31:39,915 DEBUG   main [org.springframework.beans.factory.annotation.InjectionMetadata] Processing injected element of bean 'userRepositoryImpl': AutowiredFieldElement for private gov.fema.adminportal.ldap.model.LDAPConfig gov.fema.adminportal.ldap.repository.UserRepositoryImpl.ldapConfig
2016-02-08 14:31:39,915 DEBUG   main [org.springframework.beans.factory.support.DefaultListableBeanFactory] Returning cached instance of singleton bean 'ldapConfig'
2016-02-08 14:31:39,916 DEBUG   main [org.springframework.beans.factory.annotation.AutowiredAnnotationBeanPostProcessor] Autowiring by type from bean name 'userRepositoryImpl' to bean named 'ldapConfig'
2016-02-08 14:31:39,916 DEBUG   main [org.springframework.beans.factory.annotation.InjectionMetadata] Processing injected element of bean 'userRepositoryImpl': AutowiredFieldElement for private org.springframework.ldap.core.LdapTemplate gov.fema.adminportal.ldap.repository.UserRepositoryImpl.ldapTemplate
2016-02-08 14:31:39,919 DEBUG   main [org.springframework.beans.factory.support.DefaultListableBeanFactory] Creating shared instance of singleton bean 'ldapTemplate'
2016-02-08 14:31:39,919 DEBUG   main [org.springframework.beans.factory.support.DefaultListableBeanFactory] Creating instance of bean 'ldapTemplate'
2016-02-08 14:31:39,921 DEBUG   main [org.springframework.beans.factory.support.DefaultListableBeanFactory] Eagerly caching bean 'ldapTemplate' to allow for resolving potential circular references
2016-02-08 14:31:39,921 DEBUG   main [org.springframework.beans.factory.support.DefaultListableBeanFactory] Creating shared instance of singleton bean 'contextSource'
2016-02-08 14:31:39,921 DEBUG   main [org.springframework.beans.factory.support.DefaultListableBeanFactory] Creating instance of bean 'contextSource'
2016-02-08 14:31:39,921 DEBUG   main [org.springframework.beans.factory.support.DefaultListableBeanFactory] Creating instance of bean '(inner bean)#441b6bab'
2016-02-08 14:31:39,922 DEBUG   main [org.springframework.beans.factory.support.DefaultListableBeanFactory] Creating instance of bean '(inner bean)#6439ca7b'
2016-02-08 14:31:39,944 DEBUG   main [org.springframework.beans.factory.support.DefaultListableBeanFactory] Finished creating instance of bean '(inner bean)#6439ca7b'
2016-02-08 14:31:39,944 DEBUG   main [org.springframework.beans.factory.support.DefaultListableBeanFactory] Creating shared instance of singleton bean 'simpleDirContextAuthenticationStrategy'
2016-02-08 14:31:39,944 DEBUG   main [org.springframework.beans.factory.support.DefaultListableBeanFactory] Creating instance of bean 'simpleDirContextAuthenticationStrategy'
2016-02-08 14:31:39,944 DEBUG   main [org.springframework.beans.factory.support.DefaultListableBeanFactory] Eagerly caching bean 'simpleDirContextAuthenticationStrategy' to allow for resolving potential circular references
2016-02-08 14:31:39,944 DEBUG   main [org.springframework.beans.factory.support.DefaultListableBeanFactory] Finished creating instance of bean 'simpleDirContextAuthenticationStrategy'
2016-02-08 14:31:39,945 DEBUG   main [org.springframework.beans.factory.support.DefaultListableBeanFactory] Invoking afterPropertiesSet() on bean with name '(inner bean)#441b6bab'
2016-02-08 14:31:39,945 DEBUG   main [org.springframework.beans.factory.support.DefaultListableBeanFactory] Finished creating instance of bean '(inner bean)#441b6bab'
2016-02-08 14:31:39,946 DEBUG   main [org.springframework.beans.factory.support.DefaultListableBeanFactory] Eagerly caching bean 'contextSource' to allow for resolving potential circular references
2016-02-08 14:31:39,946 DEBUG   main [org.springframework.beans.factory.support.DefaultListableBeanFactory] Finished creating instance of bean 'contextSource'
2016-02-08 14:31:39,946 DEBUG   main [org.springframework.beans.factory.support.DefaultListableBeanFactory] Invoking afterPropertiesSet() on bean with name 'ldapTemplate'
2016-02-08 14:31:39,946 DEBUG   main [org.springframework.beans.factory.support.DefaultListableBeanFactory] Finished creating instance of bean 'ldapTemplate'
2016-02-08 14:31:39,946 DEBUG   main [org.springframework.beans.factory.annotation.AutowiredAnnotationBeanPostProcessor] Autowiring by type from bean name 'userRepositoryImpl' to bean named 'ldapTemplate'
2016-02-08 14:31:39,946 DEBUG   main [org.springframework.beans.factory.support.DefaultListableBeanFactory] Finished creating instance of bean 'userRepositoryImpl'
2016-02-08 14:31:39,946 DEBUG   main [org.springframework.beans.factory.support.DefaultListableBeanFactory] Returning cached instance of singleton bean 'org.springframework.context.annotation.internalConfigurationAnnotationProcessor'
2016-02-08 14:31:39,947 DEBUG   main [org.springframework.beans.factory.support.DefaultListableBeanFactory] Returning cached instance of singleton bean 'org.springframework.context.annotation.internalAutowiredAnnotationProcessor'
2016-02-08 14:31:39,947 DEBUG   main [org.springframework.beans.factory.support.DefaultListableBeanFactory] Returning cached instance of singleton bean 'org.springframework.context.annotation.internalRequiredAnnotationProcessor'
2016-02-08 14:31:39,947 DEBUG   main [org.springframework.beans.factory.support.DefaultListableBeanFactory] Returning cached instance of singleton bean 'org.springframework.context.annotation.internalCommonAnnotationProcessor'
2016-02-08 14:31:39,947 DEBUG   main [org.springframework.beans.factory.support.DefaultListableBeanFactory] Returning cached instance of singleton bean 'simpleDirContextAuthenticationStrategy'
2016-02-08 14:31:39,947 DEBUG   main [org.springframework.beans.factory.support.DefaultListableBeanFactory] Creating shared instance of singleton bean 'userReposImpl'
2016-02-08 14:31:39,947 DEBUG   main [org.springframework.beans.factory.support.DefaultListableBeanFactory] Creating instance of bean 'userReposImpl'
2016-02-08 14:31:39,948 DEBUG   main [org.springframework.beans.factory.annotation.InjectionMetadata] Registered injected element on class [gov.fema.adminportal.ldap.repository.UserRepositoryImpl]: AutowiredFieldElement for private gov.fema.adminportal.ldap.model.LDAPConfig gov.fema.adminportal.ldap.repository.UserRepositoryImpl.ldapConfig
2016-02-08 14:31:39,948 DEBUG   main [org.springframework.beans.factory.annotation.InjectionMetadata] Registered injected element on class [gov.fema.adminportal.ldap.repository.UserRepositoryImpl]: AutowiredFieldElement for private org.springframework.ldap.core.LdapTemplate gov.fema.adminportal.ldap.repository.UserRepositoryImpl.ldapTemplate
2016-02-08 14:31:39,948 DEBUG   main [org.springframework.beans.factory.support.DefaultListableBeanFactory] Eagerly caching bean 'userReposImpl' to allow for resolving potential circular references
2016-02-08 14:31:39,948 DEBUG   main [org.springframework.beans.factory.annotation.InjectionMetadata] Processing injected element of bean 'userReposImpl': AutowiredFieldElement for private gov.fema.adminportal.ldap.model.LDAPConfig gov.fema.adminportal.ldap.repository.UserRepositoryImpl.ldapConfig
2016-02-08 14:31:39,948 DEBUG   main [org.springframework.beans.factory.support.DefaultListableBeanFactory] Returning cached instance of singleton bean 'ldapConfig'
2016-02-08 14:31:39,948 DEBUG   main [org.springframework.beans.factory.annotation.AutowiredAnnotationBeanPostProcessor] Autowiring by type from bean name 'userReposImpl' to bean named 'ldapConfig'
2016-02-08 14:31:39,948 DEBUG   main [org.springframework.beans.factory.annotation.InjectionMetadata] Processing injected element of bean 'userReposImpl': AutowiredFieldElement for private org.springframework.ldap.core.LdapTemplate gov.fema.adminportal.ldap.repository.UserRepositoryImpl.ldapTemplate
2016-02-08 14:31:39,949 DEBUG   main [org.springframework.beans.factory.support.DefaultListableBeanFactory] Returning cached instance of singleton bean 'ldapTemplate'
2016-02-08 14:31:39,949 DEBUG   main [org.springframework.beans.factory.annotation.AutowiredAnnotationBeanPostProcessor] Autowiring by type from bean name 'userReposImpl' to bean named 'ldapTemplate'
2016-02-08 14:31:39,949 DEBUG   main [org.springframework.beans.factory.support.DefaultListableBeanFactory] Finished creating instance of bean 'userReposImpl'
2016-02-08 14:31:39,949 DEBUG   main [org.springframework.beans.factory.support.DefaultListableBeanFactory] Returning cached instance of singleton bean 'contextSource'
2016-02-08 14:31:39,949 DEBUG   main [org.springframework.beans.factory.support.DefaultListableBeanFactory] Returning cached instance of singleton bean 'ldapTemplate'
2016-02-08 14:31:39,949 DEBUG   main [org.springframework.beans.factory.support.DefaultListableBeanFactory] Returning cached instance of singleton bean 'org.springframework.context.annotation.ConfigurationClassPostProcessor.importAwareProcessor'
2016-02-08 14:31:39,949 DEBUG   main [org.springframework.beans.factory.support.DefaultListableBeanFactory] Returning cached instance of singleton bean 'org.springframework.context.annotation.ConfigurationClassPostProcessor.enhancedConfigurationProcessor'
2016-02-08 14:31:39,949 DEBUG   main [org.springframework.context.support.ClassPathXmlApplicationContext] Unable to locate LifecycleProcessor with name 'lifecycleProcessor': using default [org.springframework.context.support.DefaultLifecycleProcessor@7a312160]
2016-02-08 14:31:39,949 DEBUG   main [org.springframework.beans.factory.support.DefaultListableBeanFactory] Returning cached instance of singleton bean 'lifecycleProcessor'
2016-02-08 14:31:39,949 TRACE   main [org.springframework.context.support.ClassPathXmlApplicationContext] Publishing event in org.springframework.context.support.ClassPathXmlApplicationContext@89ec211: org.springframework.context.event.ContextRefreshedEvent[source=org.springframework.context.support.ClassPathXmlApplicationContext@89ec211: startup date [Mon Feb 08 14:31:39 EST 2016]; root of context hierarchy]
2016-02-08 14:31:39,949 TRACE   main [org.springframework.core.env.PropertySourcesPropertyResolver] getProperty("spring.liveBeansView.mbeanDomain", String)
2016-02-08 14:31:39,950 DEBUG   main [org.springframework.core.env.PropertySourcesPropertyResolver] Searching for key 'spring.liveBeansView.mbeanDomain' in [systemProperties]
2016-02-08 14:31:39,950 DEBUG   main [org.springframework.core.env.PropertySourcesPropertyResolver] Searching for key 'spring.liveBeansView.mbeanDomain' in [systemEnvironment]
2016-02-08 14:31:39,950 DEBUG   main [org.springframework.core.env.PropertySourcesPropertyResolver] Could not find key 'spring.liveBeansView.mbeanDomain' in any property source. Returning [null]
2016-02-08 14:31:39,969 INFO   main [org.springframework.context.support.ClassPathXmlApplicationContext] Closing org.springframework.context.support.ClassPathXmlApplicationContext@89ec211: startup date [Mon Feb 08 14:31:39 EST 2016]; root of context hierarchy
2016-02-08 14:31:39,969 TRACE   main [org.springframework.context.support.ClassPathXmlApplicationContext] Publishing event in org.springframework.context.support.ClassPathXmlApplicationContext@89ec211: org.springframework.context.event.ContextClosedEvent[source=org.springframework.context.support.ClassPathXmlApplicationContext@89ec211: startup date [Mon Feb 08 14:31:39 EST 2016]; root of context hierarchy]
2016-02-08 14:31:39,970 DEBUG   main [org.springframework.beans.factory.support.DefaultListableBeanFactory] Returning cached instance of singleton bean 'lifecycleProcessor'
2016-02-08 14:31:39,970 DEBUG   main [org.springframework.beans.factory.support.DefaultListableBeanFactory] Destroying singletons in org.springframework.beans.factory.support.DefaultListableBeanFactory@7186e848: defining beans [org.springframework.context.support.PropertySourcesPlaceholderConfigurer#0,ldapConfig,userRepositoryImpl,org.springframework.context.annotation.internalConfigurationAnnotationProcessor,org.springframework.context.annotation.internalAutowiredAnnotationProcessor,org.springframework.context.annotation.internalRequiredAnnotationProcessor,org.springframework.context.annotation.internalCommonAnnotationProcessor,simpleDirContextAuthenticationStrategy,userReposImpl,contextSource,ldapTemplate,org.springframework.context.annotation.ConfigurationClassPostProcessor.importAwareProcessor,org.springframework.context.annotation.ConfigurationClassPostProcessor.enhancedConfigurationProcessor]; root of factory hierarchy
2016-02-08 14:31:39,970 DEBUG   main [org.springframework.beans.factory.support.DefaultListableBeanFactory] Retrieved dependent beans for bean '(inner bean)#441b6bab': [contextSource]
2016-02-08 14:31:39,970 DEBUG   main [org.springframework.beans.factory.support.DefaultListableBeanFactory] Retrieved dependent beans for bean '(inner bean)#6439ca7b': [(inner bean)#441b6bab]
2016-02-08 14:32:59,621 DEBUG   main [org.springframework.core.env.StandardEnvironment] Adding [systemProperties] PropertySource with lowest search precedence
2016-02-08 14:32:59,625 DEBUG   main [org.springframework.core.env.StandardEnvironment] Adding [systemEnvironment] PropertySource with lowest search precedence
2016-02-08 14:32:59,625 DEBUG   main [org.springframework.core.env.StandardEnvironment] Initialized StandardEnvironment with PropertySources [systemProperties,systemEnvironment]
2016-02-08 14:32:59,630 INFO   main [org.springframework.context.support.ClassPathXmlApplicationContext] Refreshing org.springframework.context.support.ClassPathXmlApplicationContext@60c4d1a7: startup date [Mon Feb 08 14:32:59 EST 2016]; root of context hierarchy
2016-02-08 14:32:59,665 DEBUG   main [org.springframework.core.env.StandardEnvironment] Adding [systemProperties] PropertySource with lowest search precedence
2016-02-08 14:32:59,665 DEBUG   main [org.springframework.core.env.StandardEnvironment] Adding [systemEnvironment] PropertySource with lowest search precedence
2016-02-08 14:32:59,665 DEBUG   main [org.springframework.core.env.StandardEnvironment] Initialized StandardEnvironment with PropertySources [systemProperties,systemEnvironment]
2016-02-08 14:32:59,676 INFO   main [org.springframework.beans.factory.xml.XmlBeanDefinitionReader] Loading XML bean definitions from class path resource [spring-ldap-example.xml]
2016-02-08 14:32:59,678 DEBUG   main [org.springframework.beans.factory.xml.DefaultDocumentLoader] Using JAXP provider [com.sun.org.apache.xerces.internal.jaxp.DocumentBuilderFactoryImpl]
2016-02-08 14:32:59,699 TRACE   main [org.springframework.beans.factory.xml.PluggableSchemaResolver] Trying to resolve XML entity with public id [null] and system id [http://www.springframework.org/schema/beans/spring-beans.xsd]
2016-02-08 14:32:59,699 DEBUG   main [org.springframework.beans.factory.xml.PluggableSchemaResolver] Loading schema mappings from [META-INF/spring.schemas]
2016-02-08 14:32:59,708 DEBUG   main [org.springframework.beans.factory.xml.PluggableSchemaResolver] Loaded schema mappings: {http://www.springframework.org/schema/tx/spring-tx-2.5.xsd=org/springframework/transaction/config/spring-tx-2.5.xsd, http://www.springframework.org/schema/cache/spring-cache-4.2.xsd=org/springframework/cache/config/spring-cache-4.2.xsd, http://www.springframework.org/schema/aop/spring-aop-4.1.xsd=org/springframework/aop/config/spring-aop-4.1.xsd, http://www.springframework.org/schema/context/spring-context-3.1.xsd=org/springframework/context/config/spring-context-3.1.xsd, http://www.springframework.org/schema/data/repository/spring-repository-1.4.xsd=org/springframework/data/repository/config/spring-repository-1.4.xsd, http://www.springframework.org/schema/util/spring-util-3.0.xsd=org/springframework/beans/factory/xml/spring-util-3.0.xsd, http://www.springframework.org/schema/tool/spring-tool.xsd=org/springframework/beans/factory/xml/spring-tool-4.2.xsd, http://www.springframework.org/schema/aop/spring-aop-3.2.xsd=org/springframework/aop/config/spring-aop-3.2.xsd, http://www.springframework.org/schema/lang/spring-lang-4.1.xsd=org/springframework/scripting/config/spring-lang-4.1.xsd, http://www.springframework.org/schema/context/spring-context-4.0.xsd=org/springframework/context/config/spring-context-4.0.xsd, http://www.springframework.org/schema/beans/spring-beans-4.2.xsd=org/springframework/beans/factory/xml/spring-beans-4.2.xsd, http://www.springframework.org/schema/tool/spring-tool-4.1.xsd=org/springframework/beans/factory/xml/spring-tool-4.1.xsd, http://www.springframework.org/schema/lang/spring-lang-3.2.xsd=org/springframework/scripting/config/spring-lang-3.2.xsd, http://www.springframework.org/schema/cache/spring-cache-3.2.xsd=org/springframework/cache/config/spring-cache-3.2.xsd, http://www.springframework.org/schema/jee/spring-jee-4.1.xsd=org/springframework/ejb/config/spring-jee-4.1.xsd, http://www.springframework.org/schema/task/spring-task-4.2.xsd=org/springframework/scheduling/config/spring-task-4.2.xsd, http://www.springframework.org/schema/util/spring-util-2.0.xsd=org/springframework/beans/factory/xml/spring-util-2.0.xsd, http://www.springframework.org/schema/tool/spring-tool-3.2.xsd=org/springframework/beans/factory/xml/spring-tool-3.2.xsd, http://www.springframework.org/schema/context/spring-context.xsd=org/springframework/context/config/spring-context-4.2.xsd, http://www.springframework.org/schema/tx/spring-tx-4.2.xsd=org/springframework/transaction/config/spring-tx-4.2.xsd, http://www.springframework.org/schema/cache/spring-cache-4.1.xsd=org/springframework/cache/config/spring-cache-4.1.xsd, http://www.springframework.org/schema/aop/spring-aop-4.0.xsd=org/springframework/aop/config/spring-aop-4.0.xsd, http://www.springframework.org/schema/jee/spring-jee-3.2.xsd=org/springframework/ejb/config/spring-jee-3.2.xsd, http://www.springframework.org/schema/context/spring-context-3.0.xsd=org/springframework/context/config/spring-context-3.0.xsd, http://www.springframework.org/schema/util/spring-util-2.5.xsd=org/springframework/beans/factory/xml/spring-util-2.5.xsd, http://www.springframework.org/schema/beans/spring-beans-3.2.xsd=org/springframework/beans/factory/xml/spring-beans-3.2.xsd, http://www.springframework.org/schema/aop/spring-aop-3.1.xsd=org/springframework/aop/config/spring-aop-3.1.xsd, http://www.springframework.org/schema/ldap/spring-ldap-2.0.xsd=org/springframework/ldap/config/spring-ldap-2.0.xsd, http://www.springframework.org/schema/lang/spring-lang-4.0.xsd=org/springframework/scripting/config/spring-lang-4.0.xsd, http://www.springframework.org/schema/beans/spring-beans-4.1.xsd=org/springframework/beans/factory/xml/spring-beans-4.1.xsd, http://www.springframework.org/schema/tool/spring-tool-4.0.xsd=org/springframework/beans/factory/xml/spring-tool-4.0.xsd, http://www.springframework.org/schema/tx/spring-tx-3.2.xsd=org/springframework/transaction/config/spring-tx-3.2.xsd, http://www.springframework.org/schema/lang/spring-lang-3.1.xsd=org/springframework/scripting/config/spring-lang-3.1.xsd, http://www.springframework.org/schema/cache/spring-cache-3.1.xsd=org/springframework/cache/config/spring-cache-3.1.xsd, http://www.springframework.org/schema/jee/spring-jee-4.0.xsd=org/springframework/ejb/config/spring-jee-4.0.xsd, http://www.springframework.org/schema/task/spring-task-4.1.xsd=org/springframework/scheduling/config/spring-task-4.1.xsd, http://www.springframework.org/schema/tool/spring-tool-3.1.xsd=org/springframework/beans/factory/xml/spring-tool-3.1.xsd, http://www.springframework.org/schema/tx/spring-tx-4.1.xsd=org/springframework/transaction/config/spring-tx-4.1.xsd, http://www.springframework.org/schema/cache/spring-cache-4.0.xsd=org/springframework/cache/config/spring-cache-4.0.xsd, http://www.springframework.org/schema/jee/spring-jee-3.1.xsd=org/springframework/ejb/config/spring-jee-3.1.xsd, http://www.springframework.org/schema/task/spring-task-3.2.xsd=org/springframework/scheduling/config/spring-task-3.2.xsd, http://www.springframework.org/schema/util/spring-util-4.2.xsd=org/springframework/beans/factory/xml/spring-util-4.2.xsd, http://www.springframework.org/schema/beans/spring-beans-3.1.xsd=org/springframework/beans/factory/xml/spring-beans-3.1.xsd, http://www.springframework.org/schema/util/spring-util.xsd=org/springframework/beans/factory/xml/spring-util-4.2.xsd, http://www.springframework.org/schema/aop/spring-aop-3.0.xsd=org/springframework/aop/config/spring-aop-3.0.xsd, http://www.springframework.org/schema/data/repository/spring-repository.xsd=org/springframework/data/repository/config/spring-repository-1.7.xsd, http://www.springframework.org/schema/data/repository/spring-repository-1.7.xsd=org/springframework/data/repository/config/spring-repository-1.7.xsd, http://www.springframework.org/schema/ldap/spring-ldap.xsd=org/springframework/ldap/config/spring-ldap-2.0.xsd, http://www.springframework.org/schema/beans/spring-beans-4.0.xsd=org/springframework/beans/factory/xml/spring-beans-4.0.xsd, http://www.springframework.org/schema/beans/spring-beans.xsd=org/springframework/beans/factory/xml/spring-beans-4.2.xsd, http://www.springframework.org/schema/tx/spring-tx-3.1.xsd=org/springframework/transaction/config/spring-tx-3.1.xsd, http://www.springframework.org/schema/lang/spring-lang-3.0.xsd=org/springframework/scripting/config/spring-lang-3.0.xsd, http://www.springframework.org/schema/context/spring-context-2.5.xsd=org/springframework/context/config/spring-context-2.5.xsd, http://www.springframework.org/schema/task/spring-task-4.0.xsd=org/springframework/scheduling/config/spring-task-4.0.xsd, http://www.springframework.org/schema/tool/spring-tool-3.0.xsd=org/springframework/beans/factory/xml/spring-tool-3.0.xsd, http://www.springframework.org/schema/tx/spring-tx-4.0.xsd=org/springframework/transaction/config/spring-tx-4.0.xsd, http://www.springframework.org/schema/aop/spring-aop-2.0.xsd=org/springframework/aop/config/spring-aop-2.0.xsd, http://www.springframework.org/schema/jee/spring-jee-3.0.xsd=org/springframework/ejb/config/spring-jee-3.0.xsd, http://www.springframework.org/schema/util/spring-util-4.1.xsd=org/springframework/beans/factory/xml/spring-util-4.1.xsd, http://www.springframework.org/schema/task/spring-task-3.1.xsd=org/springframework/scheduling/config/spring-task-3.1.xsd, http://www.springframework.org/schema/beans/spring-beans-3.0.xsd=org/springframework/beans/factory/xml/spring-beans-3.0.xsd, http://www.springframework.org/schema/jee/spring-jee.xsd=org/springframework/ejb/config/spring-jee-4.2.xsd, http://www.springframework.org/schema/aop/spring-aop-2.5.xsd=org/springframework/aop/config/spring-aop-2.5.xsd, http://www.springframework.org/schema/lang/spring-lang-2.0.xsd=org/springframework/scripting/config/spring-lang-2.0.xsd, http://www.springframework.org/schema/data/repository/spring-repository-1.6.xsd=org/springframework/data/repository/config/spring-repository-1.6.xsd, http://www.springframework.org/schema/util/spring-util-3.2.xsd=org/springframework/beans/factory/xml/spring-util-3.2.xsd, http://www.springframework.org/schema/task/spring-task.xsd=org/springframework/scheduling/config/spring-task-4.2.xsd, http://www.springframework.org/schema/tool/spring-tool-2.0.xsd=org/springframework/beans/factory/xml/spring-tool-2.0.xsd, http://www.springframework.org/schema/tx/spring-tx-3.0.xsd=org/springframework/transaction/config/spring-tx-3.0.xsd, http://www.springframework.org/schema/lang/spring-lang-2.5.xsd=org/springframework/scripting/config/spring-lang-2.5.xsd, http://www.springframework.org/schema/context/spring-context-4.2.xsd=org/springframework/context/config/spring-context-4.2.xsd, http://www.springframework.org/schema/jee/spring-jee-2.0.xsd=org/springframework/ejb/config/spring-jee-2.0.xsd, http://www.springframework.org/schema/tool/spring-tool-2.5.xsd=org/springframework/beans/factory/xml/spring-tool-2.5.xsd, http://www.springframework.org/schema/jee/spring-jee-2.5.xsd=org/springframework/ejb/config/spring-jee-2.5.xsd, http://www.springframework.org/schema/data/repository/spring-repository-1.0.xsd=org/springframework/data/repository/config/spring-repository-1.0.xsd, http://www.springframework.org/schema/util/spring-util-4.0.xsd=org/springframework/beans/factory/xml/spring-util-4.0.xsd, http://www.springframework.org/schema/task/spring-task-3.0.xsd=org/springframework/scheduling/config/spring-task-3.0.xsd, http://www.springframework.org/schema/aop/spring-aop-4.2.xsd=org/springframework/aop/config/spring-aop-4.2.xsd, http://www.springframework.org/schema/lang/spring-lang.xsd=org/springframework/scripting/config/spring-lang-4.2.xsd, http://www.springframework.org/schema/context/spring-context-3.2.xsd=org/springframework/context/config/spring-context-3.2.xsd, http://www.springframework.org/schema/data/repository/spring-repository-1.5.xsd=org/springframework/data/repository/config/spring-repository-1.5.xsd, http://www.springframework.org/schema/util/spring-util-3.1.xsd=org/springframework/beans/factory/xml/spring-util-3.1.xsd, http://www.springframework.org/schema/beans/spring-beans-2.0.xsd=org/springframework/beans/factory/xml/spring-beans-2.0.xsd, http://www.springframework.org/schema/cache/spring-cache.xsd=org/springframework/cache/config/spring-cache-4.2.xsd, http://www.springframework.org/schema/tx/spring-tx.xsd=org/springframework/transaction/config/spring-tx-4.2.xsd, http://www.springframework.org/schema/lang/spring-lang-4.2.xsd=org/springframework/scripting/config/spring-lang-4.2.xsd, http://www.springframework.org/schema/context/spring-context-4.1.xsd=org/springframework/context/config/spring-context-4.1.xsd, http://www.springframework.org/schema/beans/spring-beans-2.5.xsd=org/springframework/beans/factory/xml/spring-beans-2.5.xsd, http://www.springframework.org/schema/tool/spring-tool-4.2.xsd=org/springframework/beans/factory/xml/spring-tool-4.2.xsd, http://www.springframework.org/schema/tx/spring-tx-2.0.xsd=org/springframework/transaction/config/spring-tx-2.0.xsd, http://www.springframework.org/schema/jee/spring-jee-4.2.xsd=org/springframework/ejb/config/spring-jee-4.2.xsd, http://www.springframework.org/schema/aop/spring-aop.xsd=org/springframework/aop/config/spring-aop-4.2.xsd}
2016-02-08 14:32:59,713 DEBUG   main [org.springframework.beans.factory.xml.PluggableSchemaResolver] Found XML schema [http://www.springframework.org/schema/beans/spring-beans.xsd] in classpath: org/springframework/beans/factory/xml/spring-beans-4.2.xsd
2016-02-08 14:32:59,769 TRACE   main [org.springframework.beans.factory.xml.PluggableSchemaResolver] Trying to resolve XML entity with public id [null] and system id [http://www.springframework.org/schema/context/spring-context.xsd]
2016-02-08 14:32:59,770 DEBUG   main [org.springframework.beans.factory.xml.PluggableSchemaResolver] Found XML schema [http://www.springframework.org/schema/context/spring-context.xsd] in classpath: org/springframework/context/config/spring-context-4.2.xsd
2016-02-08 14:32:59,778 TRACE   main [org.springframework.beans.factory.xml.PluggableSchemaResolver] Trying to resolve XML entity with public id [null] and system id [http://www.springframework.org/schema/tool/spring-tool-4.2.xsd]
2016-02-08 14:32:59,779 DEBUG   main [org.springframework.beans.factory.xml.PluggableSchemaResolver] Found XML schema [http://www.springframework.org/schema/tool/spring-tool-4.2.xsd] in classpath: org/springframework/beans/factory/xml/spring-tool-4.2.xsd
2016-02-08 14:32:59,787 TRACE   main [org.springframework.beans.factory.xml.PluggableSchemaResolver] Trying to resolve XML entity with public id [null] and system id [http://www.springframework.org/schema/ldap/spring-ldap.xsd]
2016-02-08 14:32:59,788 DEBUG   main [org.springframework.beans.factory.xml.PluggableSchemaResolver] Found XML schema [http://www.springframework.org/schema/ldap/spring-ldap.xsd] in classpath: org/springframework/ldap/config/spring-ldap-2.0.xsd
2016-02-08 14:32:59,798 TRACE   main [org.springframework.beans.factory.xml.PluggableSchemaResolver] Trying to resolve XML entity with public id [null] and system id [http://www.springframework.org/schema/data/repository/spring-repository.xsd]
2016-02-08 14:32:59,799 DEBUG   main [org.springframework.beans.factory.xml.PluggableSchemaResolver] Found XML schema [http://www.springframework.org/schema/data/repository/spring-repository.xsd] in classpath: org/springframework/data/repository/config/spring-repository-1.7.xsd
2016-02-08 14:32:59,815 DEBUG   main [org.springframework.beans.factory.xml.DefaultBeanDefinitionDocumentReader] Loading bean definitions
2016-02-08 14:32:59,829 DEBUG   main [org.springframework.beans.factory.xml.DefaultNamespaceHandlerResolver] Loaded NamespaceHandler mappings: {http://www.springframework.org/schema/p=org.springframework.beans.factory.xml.SimplePropertyNamespaceHandler, http://www.springframework.org/schema/util=org.springframework.beans.factory.xml.UtilNamespaceHandler, http://www.springframework.org/schema/jee=org.springframework.ejb.config.JeeNamespaceHandler, http://www.springframework.org/schema/aop=org.springframework.aop.config.AopNamespaceHandler, http://www.springframework.org/schema/data/repository=org.springframework.data.repository.config.RepositoryNameSpaceHandler, http://www.springframework.org/schema/cache=org.springframework.cache.config.CacheNamespaceHandler, http://www.springframework.org/schema/c=org.springframework.beans.factory.xml.SimpleConstructorNamespaceHandler, http://www.springframework.org/schema/ldap=org.springframework.ldap.config.LdapNamespaceHandler, http://www.springframework.org/schema/tx=org.springframework.transaction.config.TxNamespaceHandler, http://www.springframework.org/schema/task=org.springframework.scheduling.config.TaskNamespaceHandler, http://www.springframework.org/schema/lang=org.springframework.scripting.config.LangNamespaceHandler, http://www.springframework.org/schema/context=org.springframework.context.config.ContextNamespaceHandler}
2016-02-08 14:32:59,863 DEBUG   main [org.springframework.core.env.StandardEnvironment] Adding [systemProperties] PropertySource with lowest search precedence
2016-02-08 14:32:59,863 DEBUG   main [org.springframework.core.env.StandardEnvironment] Adding [systemEnvironment] PropertySource with lowest search precedence
2016-02-08 14:32:59,863 DEBUG   main [org.springframework.core.env.StandardEnvironment] Initialized StandardEnvironment with PropertySources [systemProperties,systemEnvironment]
2016-02-08 14:32:59,876 DEBUG   main [org.springframework.core.io.support.PathMatchingResourcePatternResolver] Looking for matching resources in directory tree [C:\Eclipse\workspace\SpringLdapProject\bin\gov\fema\adminportal\ldap]
2016-02-08 14:32:59,876 DEBUG   main [org.springframework.core.io.support.PathMatchingResourcePatternResolver] Searching directory [C:\Eclipse\workspace\SpringLdapProject\bin\gov\fema\adminportal\ldap] for files matching pattern [C:/Eclipse/workspace/SpringLdapProject/bin/gov/fema/adminportal/ldap/**/*.class]
2016-02-08 14:32:59,878 DEBUG   main [org.springframework.core.io.support.PathMatchingResourcePatternResolver] Searching directory [C:\Eclipse\workspace\SpringLdapProject\bin\gov\fema\adminportal\ldap\app] for files matching pattern [C:/Eclipse/workspace/SpringLdapProject/bin/gov/fema/adminportal/ldap/**/*.class]
2016-02-08 14:32:59,879 DEBUG   main [org.springframework.core.io.support.PathMatchingResourcePatternResolver] Searching directory [C:\Eclipse\workspace\SpringLdapProject\bin\gov\fema\adminportal\ldap\model] for files matching pattern [C:/Eclipse/workspace/SpringLdapProject/bin/gov/fema/adminportal/ldap/**/*.class]
2016-02-08 14:32:59,880 DEBUG   main [org.springframework.core.io.support.PathMatchingResourcePatternResolver] Searching directory [C:\Eclipse\workspace\SpringLdapProject\bin\gov\fema\adminportal\ldap\repository] for files matching pattern [C:/Eclipse/workspace/SpringLdapProject/bin/gov/fema/adminportal/ldap/**/*.class]
2016-02-08 14:32:59,882 DEBUG   main [org.springframework.core.io.support.PathMatchingResourcePatternResolver] Resolved location pattern [classpath*:gov/fema/adminportal/ldap/**/*.class] to resources [file [C:\Eclipse\workspace\SpringLdapProject\bin\gov\fema\adminportal\ldap\app\LdapApp.class], file [C:\Eclipse\workspace\SpringLdapProject\bin\gov\fema\adminportal\ldap\model\Group.class], file [C:\Eclipse\workspace\SpringLdapProject\bin\gov\fema\adminportal\ldap\model\LDAPConfig.class], file [C:\Eclipse\workspace\SpringLdapProject\bin\gov\fema\adminportal\ldap\model\User.class], file [C:\Eclipse\workspace\SpringLdapProject\bin\gov\fema\adminportal\ldap\repository\UserRepository.class], file [C:\Eclipse\workspace\SpringLdapProject\bin\gov\fema\adminportal\ldap\repository\UserRepositoryImpl$1.class], file [C:\Eclipse\workspace\SpringLdapProject\bin\gov\fema\adminportal\ldap\repository\UserRepositoryImpl$MultipleAttributesMapper.class], file [C:\Eclipse\workspace\SpringLdapProject\bin\gov\fema\adminportal\ldap\repository\UserRepositoryImpl$SingleAttributesMapper.class], file [C:\Eclipse\workspace\SpringLdapProject\bin\gov\fema\adminportal\ldap\repository\UserRepositoryImpl$UserAttributesMapper.class], file [C:\Eclipse\workspace\SpringLdapProject\bin\gov\fema\adminportal\ldap\repository\UserRepositoryImpl.class]]
2016-02-08 14:32:59,882 TRACE   main [org.springframework.context.annotation.ClassPathBeanDefinitionScanner] Scanning file [C:\Eclipse\workspace\SpringLdapProject\bin\gov\fema\adminportal\ldap\app\LdapApp.class]
2016-02-08 14:32:59,897 TRACE   main [org.springframework.context.annotation.ClassPathBeanDefinitionScanner] Ignored because not matching any filter: file [C:\Eclipse\workspace\SpringLdapProject\bin\gov\fema\adminportal\ldap\app\LdapApp.class]
2016-02-08 14:32:59,897 TRACE   main [org.springframework.context.annotation.ClassPathBeanDefinitionScanner] Scanning file [C:\Eclipse\workspace\SpringLdapProject\bin\gov\fema\adminportal\ldap\model\Group.class]
2016-02-08 14:32:59,898 TRACE   main [org.springframework.context.annotation.ClassPathBeanDefinitionScanner] Ignored because not matching any filter: file [C:\Eclipse\workspace\SpringLdapProject\bin\gov\fema\adminportal\ldap\model\Group.class]
2016-02-08 14:32:59,898 TRACE   main [org.springframework.context.annotation.ClassPathBeanDefinitionScanner] Scanning file [C:\Eclipse\workspace\SpringLdapProject\bin\gov\fema\adminportal\ldap\model\LDAPConfig.class]
2016-02-08 14:32:59,899 TRACE   main [org.springframework.context.annotation.ClassPathBeanDefinitionScanner] Ignored because not matching any filter: file [C:\Eclipse\workspace\SpringLdapProject\bin\gov\fema\adminportal\ldap\model\LDAPConfig.class]
2016-02-08 14:32:59,899 TRACE   main [org.springframework.context.annotation.ClassPathBeanDefinitionScanner] Scanning file [C:\Eclipse\workspace\SpringLdapProject\bin\gov\fema\adminportal\ldap\model\User.class]
2016-02-08 14:32:59,899 TRACE   main [org.springframework.context.annotation.ClassPathBeanDefinitionScanner] Ignored because not matching any filter: file [C:\Eclipse\workspace\SpringLdapProject\bin\gov\fema\adminportal\ldap\model\User.class]
2016-02-08 14:32:59,899 TRACE   main [org.springframework.context.annotation.ClassPathBeanDefinitionScanner] Scanning file [C:\Eclipse\workspace\SpringLdapProject\bin\gov\fema\adminportal\ldap\repository\UserRepository.class]
2016-02-08 14:32:59,900 TRACE   main [org.springframework.context.annotation.ClassPathBeanDefinitionScanner] Ignored because not matching any filter: file [C:\Eclipse\workspace\SpringLdapProject\bin\gov\fema\adminportal\ldap\repository\UserRepository.class]
2016-02-08 14:32:59,900 TRACE   main [org.springframework.context.annotation.ClassPathBeanDefinitionScanner] Scanning file [C:\Eclipse\workspace\SpringLdapProject\bin\gov\fema\adminportal\ldap\repository\UserRepositoryImpl$1.class]
2016-02-08 14:32:59,900 TRACE   main [org.springframework.context.annotation.ClassPathBeanDefinitionScanner] Ignored because not matching any filter: file [C:\Eclipse\workspace\SpringLdapProject\bin\gov\fema\adminportal\ldap\repository\UserRepositoryImpl$1.class]
2016-02-08 14:32:59,900 TRACE   main [org.springframework.context.annotation.ClassPathBeanDefinitionScanner] Scanning file [C:\Eclipse\workspace\SpringLdapProject\bin\gov\fema\adminportal\ldap\repository\UserRepositoryImpl$MultipleAttributesMapper.class]
2016-02-08 14:32:59,901 TRACE   main [org.springframework.context.annotation.ClassPathBeanDefinitionScanner] Ignored because not matching any filter: file [C:\Eclipse\workspace\SpringLdapProject\bin\gov\fema\adminportal\ldap\repository\UserRepositoryImpl$MultipleAttributesMapper.class]
2016-02-08 14:32:59,901 TRACE   main [org.springframework.context.annotation.ClassPathBeanDefinitionScanner] Scanning file [C:\Eclipse\workspace\SpringLdapProject\bin\gov\fema\adminportal\ldap\repository\UserRepositoryImpl$SingleAttributesMapper.class]
2016-02-08 14:32:59,901 TRACE   main [org.springframework.context.annotation.ClassPathBeanDefinitionScanner] Ignored because not matching any filter: file [C:\Eclipse\workspace\SpringLdapProject\bin\gov\fema\adminportal\ldap\repository\UserRepositoryImpl$SingleAttributesMapper.class]
2016-02-08 14:32:59,901 TRACE   main [org.springframework.context.annotation.ClassPathBeanDefinitionScanner] Scanning file [C:\Eclipse\workspace\SpringLdapProject\bin\gov\fema\adminportal\ldap\repository\UserRepositoryImpl$UserAttributesMapper.class]
2016-02-08 14:32:59,902 TRACE   main [org.springframework.context.annotation.ClassPathBeanDefinitionScanner] Ignored because not matching any filter: file [C:\Eclipse\workspace\SpringLdapProject\bin\gov\fema\adminportal\ldap\repository\UserRepositoryImpl$UserAttributesMapper.class]
2016-02-08 14:32:59,902 TRACE   main [org.springframework.context.annotation.ClassPathBeanDefinitionScanner] Scanning file [C:\Eclipse\workspace\SpringLdapProject\bin\gov\fema\adminportal\ldap\repository\UserRepositoryImpl.class]
2016-02-08 14:32:59,912 DEBUG   main [org.springframework.context.annotation.ClassPathBeanDefinitionScanner] Identified candidate component class: file [C:\Eclipse\workspace\SpringLdapProject\bin\gov\fema\adminportal\ldap\repository\UserRepositoryImpl.class]
2016-02-08 14:32:59,955 DEBUG   main [org.springframework.beans.factory.xml.XmlBeanDefinitionReader] Loaded 11 bean definitions from location pattern [spring-ldap-example.xml]
2016-02-08 14:32:59,955 DEBUG   main [org.springframework.context.support.ClassPathXmlApplicationContext] Bean factory for org.springframework.context.support.ClassPathXmlApplicationContext@60c4d1a7: org.springframework.beans.factory.support.DefaultListableBeanFactory@2626ea08: defining beans [org.springframework.context.support.PropertySourcesPlaceholderConfigurer#0,ldapConfig,userRepositoryImpl,org.springframework.context.annotation.internalConfigurationAnnotationProcessor,org.springframework.context.annotation.internalAutowiredAnnotationProcessor,org.springframework.context.annotation.internalRequiredAnnotationProcessor,org.springframework.context.annotation.internalCommonAnnotationProcessor,simpleDirContextAuthenticationStrategy,userReposImpl,contextSource,ldapTemplate]; root of factory hierarchy
2016-02-08 14:32:59,986 DEBUG   main [org.springframework.beans.factory.support.DefaultListableBeanFactory] Creating shared instance of singleton bean 'org.springframework.context.annotation.internalConfigurationAnnotationProcessor'
2016-02-08 14:32:59,987 DEBUG   main [org.springframework.beans.factory.support.DefaultListableBeanFactory] Creating instance of bean 'org.springframework.context.annotation.internalConfigurationAnnotationProcessor'
2016-02-08 14:33:00,008 DEBUG   main [org.springframework.beans.factory.support.DefaultListableBeanFactory] Eagerly caching bean 'org.springframework.context.annotation.internalConfigurationAnnotationProcessor' to allow for resolving potential circular references
2016-02-08 14:33:00,010 DEBUG   main [org.springframework.beans.factory.support.DefaultListableBeanFactory] Finished creating instance of bean 'org.springframework.context.annotation.internalConfigurationAnnotationProcessor'
2016-02-08 14:33:00,064 DEBUG   main [org.springframework.beans.factory.support.DefaultListableBeanFactory] Creating shared instance of singleton bean 'org.springframework.context.support.PropertySourcesPlaceholderConfigurer#0'
2016-02-08 14:33:00,064 DEBUG   main [org.springframework.beans.factory.support.DefaultListableBeanFactory] Creating instance of bean 'org.springframework.context.support.PropertySourcesPlaceholderConfigurer#0'
2016-02-08 14:33:00,065 DEBUG   main [org.springframework.beans.factory.support.DefaultListableBeanFactory] Eagerly caching bean 'org.springframework.context.support.PropertySourcesPlaceholderConfigurer#0' to allow for resolving potential circular references
2016-02-08 14:33:00,070 TRACE   main [org.springframework.core.io.support.SpringFactoriesLoader] Loaded [org.springframework.beans.BeanInfoFactory] names: [org.springframework.beans.ExtendedBeanInfoFactory]
2016-02-08 14:33:00,070 TRACE   main [org.springframework.beans.CachedIntrospectionResults] Getting BeanInfo for class [org.springframework.context.support.PropertySourcesPlaceholderConfigurer]
2016-02-08 14:33:00,081 TRACE   main [org.springframework.beans.CachedIntrospectionResults] Caching PropertyDescriptors for class [org.springframework.context.support.PropertySourcesPlaceholderConfigurer]
2016-02-08 14:33:00,081 TRACE   main [org.springframework.beans.CachedIntrospectionResults] Found bean property 'appliedPropertySources' of type [org.springframework.core.env.PropertySources]
2016-02-08 14:33:00,085 TRACE   main [org.springframework.beans.CachedIntrospectionResults] Found bean property 'beanFactory' of type [org.springframework.beans.factory.BeanFactory]
2016-02-08 14:33:00,085 TRACE   main [org.springframework.beans.CachedIntrospectionResults] Found bean property 'beanName' of type [java.lang.String]
2016-02-08 14:33:00,086 TRACE   main [org.springframework.beans.CachedIntrospectionResults] Found bean property 'class' of type [java.lang.Class]
2016-02-08 14:33:00,086 TRACE   main [org.springframework.beans.CachedIntrospectionResults] Found bean property 'environment' of type [org.springframework.core.env.Environment]
2016-02-08 14:33:00,086 TRACE   main [org.springframework.beans.CachedIntrospectionResults] Found bean property 'fileEncoding' of type [java.lang.String]
2016-02-08 14:33:00,086 TRACE   main [org.springframework.beans.CachedIntrospectionResults] Found bean property 'ignoreResourceNotFound' of type [boolean]
2016-02-08 14:33:00,086 TRACE   main [org.springframework.beans.CachedIntrospectionResults] Found bean property 'ignoreUnresolvablePlaceholders' of type [boolean]
2016-02-08 14:33:00,086 TRACE   main [org.springframework.beans.CachedIntrospectionResults] Found bean property 'localOverride' of type [boolean]
2016-02-08 14:33:00,086 TRACE   main [org.springframework.beans.CachedIntrospectionResults] Found bean property 'location' of type [org.springframework.core.io.Resource]
2016-02-08 14:33:00,087 TRACE   main [org.springframework.beans.CachedIntrospectionResults] Found bean property 'locations' of type [[Lorg.springframework.core.io.Resource;]
2016-02-08 14:33:00,087 TRACE   main [org.springframework.beans.CachedIntrospectionResults] Found bean property 'nullValue' of type [java.lang.String]
2016-02-08 14:33:00,087 TRACE   main [org.springframework.beans.CachedIntrospectionResults] Found bean property 'order' of type [int]
2016-02-08 14:33:00,087 TRACE   main [org.springframework.beans.CachedIntrospectionResults] Found bean property 'placeholderPrefix' of type [java.lang.String]
2016-02-08 14:33:00,087 TRACE   main [org.springframework.beans.CachedIntrospectionResults] Found bean property 'placeholderSuffix' of type [java.lang.String]
2016-02-08 14:33:00,087 TRACE   main [org.springframework.beans.CachedIntrospectionResults] Found bean property 'properties' of type [java.util.Properties]
2016-02-08 14:33:00,087 TRACE   main [org.springframework.beans.CachedIntrospectionResults] Found bean property 'propertiesArray' of type [[Ljava.util.Properties;]
2016-02-08 14:33:00,087 TRACE   main [org.springframework.beans.CachedIntrospectionResults] Found bean property 'propertiesPersister' of type [org.springframework.util.PropertiesPersister]
2016-02-08 14:33:00,088 TRACE   main [org.springframework.beans.CachedIntrospectionResults] Found bean property 'propertySources' of type [org.springframework.core.env.PropertySources]
2016-02-08 14:33:00,088 TRACE   main [org.springframework.beans.CachedIntrospectionResults] Found bean property 'valueSeparator' of type [java.lang.String]
2016-02-08 14:33:00,091 DEBUG   main [org.springframework.beans.factory.support.DefaultListableBeanFactory] Finished creating instance of bean 'org.springframework.context.support.PropertySourcesPlaceholderConfigurer#0'
2016-02-08 14:33:00,091 DEBUG   main [org.springframework.core.env.MutablePropertySources] Adding [environmentProperties] PropertySource with lowest search precedence
2016-02-08 14:33:00,091 INFO   main [org.springframework.context.support.PropertySourcesPlaceholderConfigurer] Loading properties file from class path resource [ldap.properties]
2016-02-08 14:33:00,092 DEBUG   main [org.springframework.core.env.MutablePropertySources] Adding [localProperties] PropertySource with lowest search precedence
2016-02-08 14:33:00,094 TRACE   main [org.springframework.core.env.PropertySourcesPropertyResolver] getProperty("BoUser", String)
2016-02-08 14:33:00,094 DEBUG   main [org.springframework.core.env.PropertySourcesPropertyResolver] Searching for key 'BoUser' in [environmentProperties]
2016-02-08 14:33:00,095 TRACE   main [org.springframework.core.env.PropertySourcesPropertyResolver] getProperty("BoUser", String)
2016-02-08 14:33:00,095 DEBUG   main [org.springframework.core.env.PropertySourcesPropertyResolver] Searching for key 'BoUser' in [systemProperties]
2016-02-08 14:33:00,095 DEBUG   main [org.springframework.core.env.PropertySourcesPropertyResolver] Searching for key 'BoUser' in [systemEnvironment]
2016-02-08 14:33:00,095 DEBUG   main [org.springframework.core.env.PropertySourcesPropertyResolver] Could not find key 'BoUser' in any property source. Returning [null]
2016-02-08 14:33:00,095 DEBUG   main [org.springframework.core.env.PropertySourcesPropertyResolver] Searching for key 'BoUser' in [localProperties]
2016-02-08 14:33:00,095 DEBUG   main [org.springframework.core.env.PropertySourcesPropertyResolver] Found key 'BoUser' in [localProperties] with type [String] and value 'ou=User,ou=BusinessObjectsDisaster,ou=system'
2016-02-08 14:33:00,097 TRACE   main [org.springframework.util.PropertyPlaceholderHelper] Resolved placeholder 'BoUser'
2016-02-08 14:33:00,097 TRACE   main [org.springframework.core.env.PropertySourcesPropertyResolver] getProperty("BoGroup", String)
2016-02-08 14:33:00,097 DEBUG   main [org.springframework.core.env.PropertySourcesPropertyResolver] Searching for key 'BoGroup' in [environmentProperties]
2016-02-08 14:33:00,097 TRACE   main [org.springframework.core.env.PropertySourcesPropertyResolver] getProperty("BoGroup", String)
2016-02-08 14:33:00,097 DEBUG   main [org.springframework.core.env.PropertySourcesPropertyResolver] Searching for key 'BoGroup' in [systemProperties]
2016-02-08 14:33:00,097 DEBUG   main [org.springframework.core.env.PropertySourcesPropertyResolver] Searching for key 'BoGroup' in [systemEnvironment]
2016-02-08 14:33:00,097 DEBUG   main [org.springframework.core.env.PropertySourcesPropertyResolver] Could not find key 'BoGroup' in any property source. Returning [null]
2016-02-08 14:33:00,097 DEBUG   main [org.springframework.core.env.PropertySourcesPropertyResolver] Searching for key 'BoGroup' in [localProperties]
2016-02-08 14:33:00,098 DEBUG   main [org.springframework.core.env.PropertySourcesPropertyResolver] Found key 'BoGroup' in [localProperties] with type [String] and value 'ou=Group,ou=BusinessObjectsDisaster,ou=system'
2016-02-08 14:33:00,098 TRACE   main [org.springframework.util.PropertyPlaceholderHelper] Resolved placeholder 'BoGroup'
2016-02-08 14:33:00,098 TRACE   main [org.springframework.core.env.PropertySourcesPropertyResolver] getProperty("BoGroupPrefix", String)
2016-02-08 14:33:00,098 DEBUG   main [org.springframework.core.env.PropertySourcesPropertyResolver] Searching for key 'BoGroupPrefix' in [environmentProperties]
2016-02-08 14:33:00,098 TRACE   main [org.springframework.core.env.PropertySourcesPropertyResolver] getProperty("BoGroupPrefix", String)
2016-02-08 14:33:00,098 DEBUG   main [org.springframework.core.env.PropertySourcesPropertyResolver] Searching for key 'BoGroupPrefix' in [systemProperties]
2016-02-08 14:33:00,099 DEBUG   main [org.springframework.core.env.PropertySourcesPropertyResolver] Searching for key 'BoGroupPrefix' in [systemEnvironment]
2016-02-08 14:33:00,099 DEBUG   main [org.springframework.core.env.PropertySourcesPropertyResolver] Could not find key 'BoGroupPrefix' in any property source. Returning [null]
2016-02-08 14:33:00,099 DEBUG   main [org.springframework.core.env.PropertySourcesPropertyResolver] Searching for key 'BoGroupPrefix' in [localProperties]
2016-02-08 14:33:00,099 DEBUG   main [org.springframework.core.env.PropertySourcesPropertyResolver] Found key 'BoGroupPrefix' in [localProperties] with type [String] and value 'cn=Business_Objects_Disaster_Users_'
2016-02-08 14:33:00,099 TRACE   main [org.springframework.util.PropertyPlaceholderHelper] Resolved placeholder 'BoGroupPrefix'
2016-02-08 14:33:00,101 DEBUG   main [org.springframework.beans.factory.support.DefaultListableBeanFactory] Creating shared instance of singleton bean 'org.springframework.context.annotation.internalAutowiredAnnotationProcessor'
2016-02-08 14:33:00,101 DEBUG   main [org.springframework.beans.factory.support.DefaultListableBeanFactory] Creating instance of bean 'org.springframework.context.annotation.internalAutowiredAnnotationProcessor'
2016-02-08 14:33:00,102 DEBUG   main [org.springframework.beans.factory.support.DefaultListableBeanFactory] Eagerly caching bean 'org.springframework.context.annotation.internalAutowiredAnnotationProcessor' to allow for resolving potential circular references
2016-02-08 14:33:00,102 DEBUG   main [org.springframework.beans.factory.support.DefaultListableBeanFactory] Finished creating instance of bean 'org.springframework.context.annotation.internalAutowiredAnnotationProcessor'
2016-02-08 14:33:00,102 DEBUG   main [org.springframework.beans.factory.support.DefaultListableBeanFactory] Creating shared instance of singleton bean 'org.springframework.context.annotation.internalRequiredAnnotationProcessor'
2016-02-08 14:33:00,102 DEBUG   main [org.springframework.beans.factory.support.DefaultListableBeanFactory] Creating instance of bean 'org.springframework.context.annotation.internalRequiredAnnotationProcessor'
2016-02-08 14:33:00,102 DEBUG   main [org.springframework.beans.factory.support.DefaultListableBeanFactory] Eagerly caching bean 'org.springframework.context.annotation.internalRequiredAnnotationProcessor' to allow for resolving potential circular references
2016-02-08 14:33:00,102 DEBUG   main [org.springframework.beans.factory.support.DefaultListableBeanFactory] Finished creating instance of bean 'org.springframework.context.annotation.internalRequiredAnnotationProcessor'
2016-02-08 14:33:00,102 DEBUG   main [org.springframework.beans.factory.support.DefaultListableBeanFactory] Creating shared instance of singleton bean 'org.springframework.context.annotation.internalCommonAnnotationProcessor'
2016-02-08 14:33:00,103 DEBUG   main [org.springframework.beans.factory.support.DefaultListableBeanFactory] Creating instance of bean 'org.springframework.context.annotation.internalCommonAnnotationProcessor'
2016-02-08 14:33:00,108 DEBUG   main [org.springframework.beans.factory.support.DefaultListableBeanFactory] Eagerly caching bean 'org.springframework.context.annotation.internalCommonAnnotationProcessor' to allow for resolving potential circular references
2016-02-08 14:33:00,108 DEBUG   main [org.springframework.beans.factory.support.DefaultListableBeanFactory] Finished creating instance of bean 'org.springframework.context.annotation.internalCommonAnnotationProcessor'
2016-02-08 14:33:00,109 DEBUG   main [org.springframework.beans.factory.support.DefaultListableBeanFactory] Creating shared instance of singleton bean 'org.springframework.context.annotation.ConfigurationClassPostProcessor.importAwareProcessor'
2016-02-08 14:33:00,109 DEBUG   main [org.springframework.beans.factory.support.DefaultListableBeanFactory] Creating instance of bean 'org.springframework.context.annotation.ConfigurationClassPostProcessor.importAwareProcessor'
2016-02-08 14:33:00,109 DEBUG   main [org.springframework.beans.factory.support.DefaultListableBeanFactory] Eagerly caching bean 'org.springframework.context.annotation.ConfigurationClassPostProcessor.importAwareProcessor' to allow for resolving potential circular references
2016-02-08 14:33:00,109 DEBUG   main [org.springframework.beans.factory.support.DefaultListableBeanFactory] Finished creating instance of bean 'org.springframework.context.annotation.ConfigurationClassPostProcessor.importAwareProcessor'
2016-02-08 14:33:00,109 DEBUG   main [org.springframework.beans.factory.support.DefaultListableBeanFactory] Creating shared instance of singleton bean 'org.springframework.context.annotation.ConfigurationClassPostProcessor.enhancedConfigurationProcessor'
2016-02-08 14:33:00,109 DEBUG   main [org.springframework.beans.factory.support.DefaultListableBeanFactory] Creating instance of bean 'org.springframework.context.annotation.ConfigurationClassPostProcessor.enhancedConfigurationProcessor'
2016-02-08 14:33:00,109 DEBUG   main [org.springframework.beans.factory.support.DefaultListableBeanFactory] Eagerly caching bean 'org.springframework.context.annotation.ConfigurationClassPostProcessor.enhancedConfigurationProcessor' to allow for resolving potential circular references
2016-02-08 14:33:00,109 DEBUG   main [org.springframework.beans.factory.support.DefaultListableBeanFactory] Finished creating instance of bean 'org.springframework.context.annotation.ConfigurationClassPostProcessor.enhancedConfigurationProcessor'
2016-02-08 14:33:00,112 DEBUG   main [org.springframework.context.support.ClassPathXmlApplicationContext] Unable to locate MessageSource with name 'messageSource': using default [org.springframework.context.support.DelegatingMessageSource@4b7aa8c8]
2016-02-08 14:33:00,114 DEBUG   main [org.springframework.context.support.ClassPathXmlApplicationContext] Unable to locate ApplicationEventMulticaster with name 'applicationEventMulticaster': using default [org.springframework.context.event.SimpleApplicationEventMulticaster@a0666b9]
2016-02-08 14:33:00,115 DEBUG   main [org.springframework.beans.factory.support.DefaultListableBeanFactory] Pre-instantiating singletons in org.springframework.beans.factory.support.DefaultListableBeanFactory@2626ea08: defining beans [org.springframework.context.support.PropertySourcesPlaceholderConfigurer#0,ldapConfig,userRepositoryImpl,org.springframework.context.annotation.internalConfigurationAnnotationProcessor,org.springframework.context.annotation.internalAutowiredAnnotationProcessor,org.springframework.context.annotation.internalRequiredAnnotationProcessor,org.springframework.context.annotation.internalCommonAnnotationProcessor,simpleDirContextAuthenticationStrategy,userReposImpl,contextSource,ldapTemplate,org.springframework.context.annotation.ConfigurationClassPostProcessor.importAwareProcessor,org.springframework.context.annotation.ConfigurationClassPostProcessor.enhancedConfigurationProcessor]; root of factory hierarchy
2016-02-08 14:33:00,115 DEBUG   main [org.springframework.beans.factory.support.DefaultListableBeanFactory] Returning cached instance of singleton bean 'org.springframework.context.support.PropertySourcesPlaceholderConfigurer#0'
2016-02-08 14:33:00,115 DEBUG   main [org.springframework.beans.factory.support.DefaultListableBeanFactory] Creating shared instance of singleton bean 'ldapConfig'
2016-02-08 14:33:00,116 DEBUG   main [org.springframework.beans.factory.support.DefaultListableBeanFactory] Creating instance of bean 'ldapConfig'
2016-02-08 14:33:00,119 DEBUG   main [org.springframework.beans.factory.support.DefaultListableBeanFactory] Eagerly caching bean 'ldapConfig' to allow for resolving potential circular references
2016-02-08 14:33:00,119 TRACE   main [org.springframework.beans.CachedIntrospectionResults] Getting BeanInfo for class [gov.fema.adminportal.ldap.model.LDAPConfig]
2016-02-08 14:33:00,120 TRACE   main [org.springframework.beans.CachedIntrospectionResults] Caching PropertyDescriptors for class [gov.fema.adminportal.ldap.model.LDAPConfig]
2016-02-08 14:33:00,120 TRACE   main [org.springframework.beans.CachedIntrospectionResults] Found bean property 'boGroup' of type [java.lang.String]
2016-02-08 14:33:00,120 TRACE   main [org.springframework.beans.CachedIntrospectionResults] Found bean property 'boGroupPrefix' of type [java.lang.String]
2016-02-08 14:33:00,120 TRACE   main [org.springframework.beans.CachedIntrospectionResults] Found bean property 'boUser' of type [java.lang.String]
2016-02-08 14:33:00,120 TRACE   main [org.springframework.beans.CachedIntrospectionResults] Found bean property 'class' of type [java.lang.Class]
2016-02-08 14:33:00,123 DEBUG   main [org.springframework.beans.factory.support.DefaultListableBeanFactory] Finished creating instance of bean 'ldapConfig'
2016-02-08 14:33:00,123 DEBUG   main [org.springframework.beans.factory.support.DefaultListableBeanFactory] Creating shared instance of singleton bean 'userRepositoryImpl'
2016-02-08 14:33:00,123 DEBUG   main [org.springframework.beans.factory.support.DefaultListableBeanFactory] Creating instance of bean 'userRepositoryImpl'
2016-02-08 14:33:00,132 DEBUG   main [org.springframework.beans.factory.annotation.InjectionMetadata] Registered injected element on class [gov.fema.adminportal.ldap.repository.UserRepositoryImpl]: AutowiredFieldElement for private gov.fema.adminportal.ldap.model.LDAPConfig gov.fema.adminportal.ldap.repository.UserRepositoryImpl.ldapConfig
2016-02-08 14:33:00,132 DEBUG   main [org.springframework.beans.factory.annotation.InjectionMetadata] Registered injected element on class [gov.fema.adminportal.ldap.repository.UserRepositoryImpl]: AutowiredFieldElement for private org.springframework.ldap.core.LdapTemplate gov.fema.adminportal.ldap.repository.UserRepositoryImpl.ldapTemplate
2016-02-08 14:33:00,132 DEBUG   main [org.springframework.beans.factory.support.DefaultListableBeanFactory] Eagerly caching bean 'userRepositoryImpl' to allow for resolving potential circular references
2016-02-08 14:33:00,132 TRACE   main [org.springframework.beans.CachedIntrospectionResults] Getting BeanInfo for class [gov.fema.adminportal.ldap.repository.UserRepositoryImpl]
2016-02-08 14:33:00,134 TRACE   main [org.springframework.beans.CachedIntrospectionResults] Caching PropertyDescriptors for class [gov.fema.adminportal.ldap.repository.UserRepositoryImpl]
2016-02-08 14:33:00,134 TRACE   main [org.springframework.beans.CachedIntrospectionResults] Found bean property 'allUserNames' of type [java.util.List]
2016-02-08 14:33:00,134 TRACE   main [org.springframework.beans.CachedIntrospectionResults] Found bean property 'allUsers' of type [java.util.List]
2016-02-08 14:33:00,135 TRACE   main [org.springframework.beans.CachedIntrospectionResults] Found bean property 'class' of type [java.lang.Class]
2016-02-08 14:33:00,135 DEBUG   main [org.springframework.beans.factory.annotation.InjectionMetadata] Processing injected element of bean 'userRepositoryImpl': AutowiredFieldElement for private gov.fema.adminportal.ldap.model.LDAPConfig gov.fema.adminportal.ldap.repository.UserRepositoryImpl.ldapConfig
2016-02-08 14:33:00,139 DEBUG   main [org.springframework.beans.factory.support.DefaultListableBeanFactory] Returning cached instance of singleton bean 'ldapConfig'
2016-02-08 14:33:00,140 DEBUG   main [org.springframework.beans.factory.annotation.AutowiredAnnotationBeanPostProcessor] Autowiring by type from bean name 'userRepositoryImpl' to bean named 'ldapConfig'
2016-02-08 14:33:00,140 DEBUG   main [org.springframework.beans.factory.annotation.InjectionMetadata] Processing injected element of bean 'userRepositoryImpl': AutowiredFieldElement for private org.springframework.ldap.core.LdapTemplate gov.fema.adminportal.ldap.repository.UserRepositoryImpl.ldapTemplate
2016-02-08 14:33:00,141 DEBUG   main [org.springframework.beans.factory.support.DefaultListableBeanFactory] Creating shared instance of singleton bean 'ldapTemplate'
2016-02-08 14:33:00,141 DEBUG   main [org.springframework.beans.factory.support.DefaultListableBeanFactory] Creating instance of bean 'ldapTemplate'
2016-02-08 14:33:00,152 DEBUG   main [org.springframework.beans.factory.support.DefaultListableBeanFactory] Eagerly caching bean 'ldapTemplate' to allow for resolving potential circular references
2016-02-08 14:33:00,152 TRACE   main [org.springframework.beans.CachedIntrospectionResults] Getting BeanInfo for class [org.springframework.ldap.core.LdapTemplate]
2016-02-08 14:33:00,164 TRACE   main [org.springframework.beans.CachedIntrospectionResults] Caching PropertyDescriptors for class [org.springframework.ldap.core.LdapTemplate]
2016-02-08 14:33:00,164 TRACE   main [org.springframework.beans.CachedIntrospectionResults] Found bean property 'class' of type [java.lang.Class]
2016-02-08 14:33:00,164 TRACE   main [org.springframework.beans.CachedIntrospectionResults] Found bean property 'contextSource' of type [org.springframework.ldap.core.ContextSource]
2016-02-08 14:33:00,164 TRACE   main [org.springframework.beans.CachedIntrospectionResults] Found bean property 'defaultCountLimit' of type [int]
2016-02-08 14:33:00,164 TRACE   main [org.springframework.beans.CachedIntrospectionResults] Found bean property 'defaultSearchScope' of type [int]
2016-02-08 14:33:00,165 TRACE   main [org.springframework.beans.CachedIntrospectionResults] Found bean property 'defaultTimeLimit' of type [int]
2016-02-08 14:33:00,165 TRACE   main [org.springframework.beans.CachedIntrospectionResults] Found bean property 'ignoreNameNotFoundException' of type [boolean]
2016-02-08 14:33:00,165 TRACE   main [org.springframework.beans.CachedIntrospectionResults] Found bean property 'ignorePartialResultException' of type [boolean]
2016-02-08 14:33:00,165 TRACE   main [org.springframework.beans.CachedIntrospectionResults] Found bean property 'ignoreSizeLimitExceededException' of type [boolean]
2016-02-08 14:33:00,165 TRACE   main [org.springframework.beans.CachedIntrospectionResults] Found bean property 'objectDirectoryMapper' of type [org.springframework.ldap.odm.core.ObjectDirectoryMapper]
2016-02-08 14:33:00,166 DEBUG   main [org.springframework.beans.factory.support.DefaultListableBeanFactory] Creating shared instance of singleton bean 'contextSource'
2016-02-08 14:33:00,166 DEBUG   main [org.springframework.beans.factory.support.DefaultListableBeanFactory] Creating instance of bean 'contextSource'
2016-02-08 14:33:00,169 DEBUG   main [org.springframework.beans.factory.support.DefaultListableBeanFactory] Creating instance of bean '(inner bean)#26048761'
2016-02-08 14:33:00,183 TRACE   main [org.springframework.beans.CachedIntrospectionResults] Getting BeanInfo for class [org.springframework.ldap.core.support.LdapContextSource]
2016-02-08 14:33:00,186 TRACE   main [org.springframework.beans.CachedIntrospectionResults] Caching PropertyDescriptors for class [org.springframework.ldap.core.support.LdapContextSource]
2016-02-08 14:33:00,186 TRACE   main [org.springframework.beans.CachedIntrospectionResults] Found bean property 'anonymousReadOnly' of type [boolean]
2016-02-08 14:33:00,186 TRACE   main [org.springframework.beans.CachedIntrospectionResults] Found bean property 'authenticationSource' of type [org.springframework.ldap.core.AuthenticationSource]
2016-02-08 14:33:00,186 TRACE   main [org.springframework.beans.CachedIntrospectionResults] Found bean property 'authenticationStrategy' of type [org.springframework.ldap.core.support.DirContextAuthenticationStrategy]
2016-02-08 14:33:00,186 TRACE   main [org.springframework.beans.CachedIntrospectionResults] Found bean property 'base' of type [java.lang.String]
2016-02-08 14:33:00,186 TRACE   main [org.springframework.beans.CachedIntrospectionResults] Found bean property 'baseEnvironmentProperties' of type [java.util.Map]
2016-02-08 14:33:00,187 TRACE   main [org.springframework.beans.CachedIntrospectionResults] Found bean property 'baseLdapName' of type [javax.naming.ldap.LdapName]
2016-02-08 14:33:00,187 TRACE   main [org.springframework.beans.CachedIntrospectionResults] Found bean property 'baseLdapPath' of type [org.springframework.ldap.core.DistinguishedName]
2016-02-08 14:33:00,187 TRACE   main [org.springframework.beans.CachedIntrospectionResults] Found bean property 'baseLdapPathAsString' of type [java.lang.String]
2016-02-08 14:33:00,187 TRACE   main [org.springframework.beans.CachedIntrospectionResults] Found bean property 'cacheEnvironmentProperties' of type [boolean]
2016-02-08 14:33:00,187 TRACE   main [org.springframework.beans.CachedIntrospectionResults] Found bean property 'class' of type [java.lang.Class]
2016-02-08 14:33:00,187 TRACE   main [org.springframework.beans.CachedIntrospectionResults] Found bean property 'contextFactory' of type [java.lang.Class]
2016-02-08 14:33:00,187 TRACE   main [org.springframework.beans.CachedIntrospectionResults] Found bean property 'dirObjectFactory' of type [java.lang.Class]
2016-02-08 14:33:00,188 TRACE   main [org.springframework.beans.CachedIntrospectionResults] Found bean property 'password' of type [java.lang.String]
2016-02-08 14:33:00,188 TRACE   main [org.springframework.beans.CachedIntrospectionResults] Found bean property 'pooled' of type [boolean]
2016-02-08 14:33:00,188 TRACE   main [org.springframework.beans.CachedIntrospectionResults] Found bean property 'readOnlyContext' of type [javax.naming.directory.DirContext]
2016-02-08 14:33:00,188 TRACE   main [org.springframework.beans.CachedIntrospectionResults] Found bean property 'readWriteContext' of type [javax.naming.directory.DirContext]
2016-02-08 14:33:00,188 TRACE   main [org.springframework.beans.CachedIntrospectionResults] Found bean property 'referral' of type [java.lang.String]
2016-02-08 14:33:00,188 TRACE   main [org.springframework.beans.CachedIntrospectionResults] Found bean property 'url' of type [java.lang.String]
2016-02-08 14:33:00,188 TRACE   main [org.springframework.beans.CachedIntrospectionResults] Found bean property 'urls' of type [[Ljava.lang.String;]
2016-02-08 14:33:00,188 TRACE   main [org.springframework.beans.CachedIntrospectionResults] Found bean property 'userDn' of type [java.lang.String]
2016-02-08 14:33:00,190 DEBUG   main [org.springframework.beans.factory.support.DefaultListableBeanFactory] Creating instance of bean '(inner bean)#72e8a53f'
2016-02-08 14:33:00,194 TRACE   main [org.springframework.beans.CachedIntrospectionResults] Getting BeanInfo for class [[Ljava.lang.String;]
2016-02-08 14:33:00,194 TRACE   main [org.springframework.beans.CachedIntrospectionResults] Caching PropertyDescriptors for class [[Ljava.lang.String;]
2016-02-08 14:33:00,194 TRACE   main [org.springframework.beans.CachedIntrospectionResults] Found bean property 'class' of type [java.lang.Class]
2016-02-08 14:33:00,194 DEBUG   main [org.springframework.beans.factory.support.DefaultListableBeanFactory] Finished creating instance of bean '(inner bean)#72e8a53f'
2016-02-08 14:33:00,195 DEBUG   main [org.springframework.beans.factory.support.DefaultListableBeanFactory] Creating shared instance of singleton bean 'simpleDirContextAuthenticationStrategy'
2016-02-08 14:33:00,195 DEBUG   main [org.springframework.beans.factory.support.DefaultListableBeanFactory] Creating instance of bean 'simpleDirContextAuthenticationStrategy'
2016-02-08 14:33:00,195 DEBUG   main [org.springframework.beans.factory.support.DefaultListableBeanFactory] Eagerly caching bean 'simpleDirContextAuthenticationStrategy' to allow for resolving potential circular references
2016-02-08 14:33:00,195 TRACE   main [org.springframework.beans.CachedIntrospectionResults] Getting BeanInfo for class [org.springframework.ldap.core.support.SimpleDirContextAuthenticationStrategy]
2016-02-08 14:33:00,196 TRACE   main [org.springframework.beans.CachedIntrospectionResults] Caching PropertyDescriptors for class [org.springframework.ldap.core.support.SimpleDirContextAuthenticationStrategy]
2016-02-08 14:33:00,196 TRACE   main [org.springframework.beans.CachedIntrospectionResults] Found bean property 'class' of type [java.lang.Class]
2016-02-08 14:33:00,197 DEBUG   main [org.springframework.beans.factory.support.DefaultListableBeanFactory] Finished creating instance of bean 'simpleDirContextAuthenticationStrategy'
2016-02-08 14:33:00,197 DEBUG   main [org.springframework.beans.factory.support.DefaultListableBeanFactory] Invoking afterPropertiesSet() on bean with name '(inner bean)#26048761'
2016-02-08 14:33:00,198 DEBUG   main [org.springframework.beans.factory.support.DefaultListableBeanFactory] Finished creating instance of bean '(inner bean)#26048761'
2016-02-08 14:33:00,200 DEBUG   main [org.springframework.beans.factory.support.DefaultListableBeanFactory] Eagerly caching bean 'contextSource' to allow for resolving potential circular references
2016-02-08 14:33:00,200 TRACE   main [org.springframework.beans.CachedIntrospectionResults] Getting BeanInfo for class [org.springframework.ldap.transaction.compensating.manager.TransactionAwareContextSourceProxy]
2016-02-08 14:33:00,202 TRACE   main [org.springframework.beans.CachedIntrospectionResults] Caching PropertyDescriptors for class [org.springframework.ldap.transaction.compensating.manager.TransactionAwareContextSourceProxy]
2016-02-08 14:33:00,202 TRACE   main [org.springframework.beans.CachedIntrospectionResults] Found bean property 'baseLdapName' of type [javax.naming.ldap.LdapName]
2016-02-08 14:33:00,202 TRACE   main [org.springframework.beans.CachedIntrospectionResults] Found bean property 'baseLdapPath' of type [org.springframework.ldap.core.DistinguishedName]
2016-02-08 14:33:00,202 TRACE   main [org.springframework.beans.CachedIntrospectionResults] Found bean property 'baseLdapPathAsString' of type [java.lang.String]
2016-02-08 14:33:00,202 TRACE   main [org.springframework.beans.CachedIntrospectionResults] Found bean property 'class' of type [java.lang.Class]
2016-02-08 14:33:00,203 TRACE   main [org.springframework.beans.CachedIntrospectionResults] Found bean property 'readOnlyContext' of type [javax.naming.directory.DirContext]
2016-02-08 14:33:00,203 TRACE   main [org.springframework.beans.CachedIntrospectionResults] Found bean property 'readWriteContext' of type [javax.naming.directory.DirContext]
2016-02-08 14:33:00,203 TRACE   main [org.springframework.beans.CachedIntrospectionResults] Found bean property 'target' of type [org.springframework.ldap.core.ContextSource]
2016-02-08 14:33:00,203 DEBUG   main [org.springframework.beans.factory.support.DefaultListableBeanFactory] Finished creating instance of bean 'contextSource'
2016-02-08 14:33:00,204 DEBUG   main [org.springframework.beans.factory.support.DefaultListableBeanFactory] Invoking afterPropertiesSet() on bean with name 'ldapTemplate'
2016-02-08 14:33:00,204 DEBUG   main [org.springframework.beans.factory.support.DefaultListableBeanFactory] Finished creating instance of bean 'ldapTemplate'
2016-02-08 14:33:00,204 DEBUG   main [org.springframework.beans.factory.annotation.AutowiredAnnotationBeanPostProcessor] Autowiring by type from bean name 'userRepositoryImpl' to bean named 'ldapTemplate'
2016-02-08 14:33:00,204 DEBUG   main [org.springframework.beans.factory.support.DefaultListableBeanFactory] Finished creating instance of bean 'userRepositoryImpl'
2016-02-08 14:33:00,204 DEBUG   main [org.springframework.beans.factory.support.DefaultListableBeanFactory] Returning cached instance of singleton bean 'org.springframework.context.annotation.internalConfigurationAnnotationProcessor'
2016-02-08 14:33:00,204 DEBUG   main [org.springframework.beans.factory.support.DefaultListableBeanFactory] Returning cached instance of singleton bean 'org.springframework.context.annotation.internalAutowiredAnnotationProcessor'
2016-02-08 14:33:00,204 DEBUG   main [org.springframework.beans.factory.support.DefaultListableBeanFactory] Returning cached instance of singleton bean 'org.springframework.context.annotation.internalRequiredAnnotationProcessor'
2016-02-08 14:33:00,204 DEBUG   main [org.springframework.beans.factory.support.DefaultListableBeanFactory] Returning cached instance of singleton bean 'org.springframework.context.annotation.internalCommonAnnotationProcessor'
2016-02-08 14:33:00,204 DEBUG   main [org.springframework.beans.factory.support.DefaultListableBeanFactory] Returning cached instance of singleton bean 'simpleDirContextAuthenticationStrategy'
2016-02-08 14:33:00,204 DEBUG   main [org.springframework.beans.factory.support.DefaultListableBeanFactory] Creating shared instance of singleton bean 'userReposImpl'
2016-02-08 14:33:00,205 DEBUG   main [org.springframework.beans.factory.support.DefaultListableBeanFactory] Creating instance of bean 'userReposImpl'
2016-02-08 14:33:00,205 DEBUG   main [org.springframework.beans.factory.annotation.InjectionMetadata] Registered injected element on class [gov.fema.adminportal.ldap.repository.UserRepositoryImpl]: AutowiredFieldElement for private gov.fema.adminportal.ldap.model.LDAPConfig gov.fema.adminportal.ldap.repository.UserRepositoryImpl.ldapConfig
2016-02-08 14:33:00,205 DEBUG   main [org.springframework.beans.factory.annotation.InjectionMetadata] Registered injected element on class [gov.fema.adminportal.ldap.repository.UserRepositoryImpl]: AutowiredFieldElement for private org.springframework.ldap.core.LdapTemplate gov.fema.adminportal.ldap.repository.UserRepositoryImpl.ldapTemplate
2016-02-08 14:33:00,206 DEBUG   main [org.springframework.beans.factory.support.DefaultListableBeanFactory] Eagerly caching bean 'userReposImpl' to allow for resolving potential circular references
2016-02-08 14:33:00,206 DEBUG   main [org.springframework.beans.factory.annotation.InjectionMetadata] Processing injected element of bean 'userReposImpl': AutowiredFieldElement for private gov.fema.adminportal.ldap.model.LDAPConfig gov.fema.adminportal.ldap.repository.UserRepositoryImpl.ldapConfig
2016-02-08 14:33:00,206 DEBUG   main [org.springframework.beans.factory.support.DefaultListableBeanFactory] Returning cached instance of singleton bean 'ldapConfig'
2016-02-08 14:33:00,206 DEBUG   main [org.springframework.beans.factory.annotation.AutowiredAnnotationBeanPostProcessor] Autowiring by type from bean name 'userReposImpl' to bean named 'ldapConfig'
2016-02-08 14:33:00,206 DEBUG   main [org.springframework.beans.factory.annotation.InjectionMetadata] Processing injected element of bean 'userReposImpl': AutowiredFieldElement for private org.springframework.ldap.core.LdapTemplate gov.fema.adminportal.ldap.repository.UserRepositoryImpl.ldapTemplate
2016-02-08 14:33:00,206 DEBUG   main [org.springframework.beans.factory.support.DefaultListableBeanFactory] Returning cached instance of singleton bean 'ldapTemplate'
2016-02-08 14:33:00,206 DEBUG   main [org.springframework.beans.factory.annotation.AutowiredAnnotationBeanPostProcessor] Autowiring by type from bean name 'userReposImpl' to bean named 'ldapTemplate'
2016-02-08 14:33:00,207 DEBUG   main [org.springframework.beans.factory.support.DefaultListableBeanFactory] Finished creating instance of bean 'userReposImpl'
2016-02-08 14:33:00,207 DEBUG   main [org.springframework.beans.factory.support.DefaultListableBeanFactory] Returning cached instance of singleton bean 'contextSource'
2016-02-08 14:33:00,207 DEBUG   main [org.springframework.beans.factory.support.DefaultListableBeanFactory] Returning cached instance of singleton bean 'ldapTemplate'
2016-02-08 14:33:00,207 DEBUG   main [org.springframework.beans.factory.support.DefaultListableBeanFactory] Returning cached instance of singleton bean 'org.springframework.context.annotation.ConfigurationClassPostProcessor.importAwareProcessor'
2016-02-08 14:33:00,207 DEBUG   main [org.springframework.beans.factory.support.DefaultListableBeanFactory] Returning cached instance of singleton bean 'org.springframework.context.annotation.ConfigurationClassPostProcessor.enhancedConfigurationProcessor'
2016-02-08 14:33:00,208 DEBUG   main [org.springframework.context.support.ClassPathXmlApplicationContext] Unable to locate LifecycleProcessor with name 'lifecycleProcessor': using default [org.springframework.context.support.DefaultLifecycleProcessor@4dca162]
2016-02-08 14:33:00,209 DEBUG   main [org.springframework.beans.factory.support.DefaultListableBeanFactory] Returning cached instance of singleton bean 'lifecycleProcessor'
2016-02-08 14:33:00,209 TRACE   main [org.springframework.context.support.ClassPathXmlApplicationContext] Publishing event in org.springframework.context.support.ClassPathXmlApplicationContext@60c4d1a7: org.springframework.context.event.ContextRefreshedEvent[source=org.springframework.context.support.ClassPathXmlApplicationContext@60c4d1a7: startup date [Mon Feb 08 14:32:59 EST 2016]; root of context hierarchy]
2016-02-08 14:33:00,210 TRACE   main [org.springframework.core.env.PropertySourcesPropertyResolver] getProperty("spring.liveBeansView.mbeanDomain", String)
2016-02-08 14:33:00,210 DEBUG   main [org.springframework.core.env.PropertySourcesPropertyResolver] Searching for key 'spring.liveBeansView.mbeanDomain' in [systemProperties]
2016-02-08 14:33:00,211 DEBUG   main [org.springframework.core.env.PropertySourcesPropertyResolver] Searching for key 'spring.liveBeansView.mbeanDomain' in [systemEnvironment]
2016-02-08 14:33:00,211 DEBUG   main [org.springframework.core.env.PropertySourcesPropertyResolver] Could not find key 'spring.liveBeansView.mbeanDomain' in any property source. Returning [null]
2016-02-08 14:33:00,211 INFO   main [gov.fema.adminportal.ldap.app.LdapApp] Test started at Mon Feb 08 14:32:59 EST 2016
2016-02-08 14:33:00,211 DEBUG   main [org.springframework.beans.factory.support.DefaultListableBeanFactory] Returning cached instance of singleton bean 'userReposImpl'
2016-02-08 14:33:00,211 INFO   main [gov.fema.adminportal.ldap.repository.UserRepositoryImpl] executing {createGroup}
2016-02-08 14:33:00,316 ERROR   main [gov.fema.adminportal.ldap.repository.UserRepositoryImpl] org.springframework.ldap.InvalidAttributeValueException: 'cn' has no values.; nested exception is javax.naming.directory.InvalidAttributeValueException: 'cn' has no values.; remaining name 'cn=Business_Objects_Disaster_Users_1452da,ou=Group,ou=BusinessObjectsDisaster,ou=system'
org.springframework.ldap.InvalidAttributeValueException: 'cn' has no values.; nested exception is javax.naming.directory.InvalidAttributeValueException: 'cn' has no values.; remaining name 'cn=Business_Objects_Disaster_Users_1452da,ou=Group,ou=BusinessObjectsDisaster,ou=system'
	at org.springframework.ldap.support.LdapUtils.convertLdapException(LdapUtils.java:132)
	at org.springframework.ldap.core.LdapTemplate.executeWithContext(LdapTemplate.java:820)
	at org.springframework.ldap.core.LdapTemplate.executeReadWrite(LdapTemplate.java:812)
	at org.springframework.ldap.core.LdapTemplate.bind(LdapTemplate.java:1003)
	at gov.fema.adminportal.ldap.repository.UserRepositoryImpl.createGroup(UserRepositoryImpl.java:194)
	at gov.fema.adminportal.ldap.app.LdapApp.main(LdapApp.java:50)
Caused by: javax.naming.directory.InvalidAttributeValueException: 'cn' has no values.; remaining name 'cn=Business_Objects_Disaster_Users_1452da,ou=Group,ou=BusinessObjectsDisaster,ou=system'
	at com.sun.jndi.ldap.LdapClient.add(LdapClient.java:1024)
	at com.sun.jndi.ldap.LdapCtx.c_bind(LdapCtx.java:416)
	at com.sun.jndi.toolkit.ctx.ComponentDirContext.p_bind(ComponentDirContext.java:295)
	at com.sun.jndi.toolkit.ctx.PartialCompositeDirContext.bind(PartialCompositeDirContext.java:215)
	at com.sun.jndi.toolkit.ctx.PartialCompositeDirContext.bind(PartialCompositeDirContext.java:204)
	at javax.naming.directory.InitialDirContext.bind(InitialDirContext.java:177)
	at sun.reflect.NativeMethodAccessorImpl.invoke0(Native Method)
	at sun.reflect.NativeMethodAccessorImpl.invoke(NativeMethodAccessorImpl.java:57)
	at sun.reflect.DelegatingMethodAccessorImpl.invoke(DelegatingMethodAccessorImpl.java:43)
	at java.lang.reflect.Method.invoke(Method.java:606)
	at org.springframework.transaction.compensating.support.CompensatingTransactionUtils.performOperation(CompensatingTransactionUtils.java:69)
	at org.springframework.ldap.transaction.compensating.manager.TransactionAwareDirContextInvocationHandler.invoke(TransactionAwareDirContextInvocationHandler.java:85)
	at com.sun.proxy.$Proxy8.bind(Unknown Source)
	at org.springframework.ldap.core.LdapTemplate$22.executeWithContext(LdapTemplate.java:1005)
	at org.springframework.ldap.core.LdapTemplate.executeWithContext(LdapTemplate.java:817)
	... 4 more
2016-02-08 14:33:00,319 INFO   main [gov.fema.adminportal.ldap.app.LdapApp] 
 =>false
2016-02-08 14:33:00,319 INFO   main [org.springframework.context.support.ClassPathXmlApplicationContext] Refreshing org.springframework.context.support.ClassPathXmlApplicationContext@60c4d1a7: startup date [Mon Feb 08 14:33:00 EST 2016]; root of context hierarchy
2016-02-08 14:33:00,320 DEBUG   main [org.springframework.beans.factory.support.DefaultListableBeanFactory] Destroying singletons in org.springframework.beans.factory.support.DefaultListableBeanFactory@2626ea08: defining beans [org.springframework.context.support.PropertySourcesPlaceholderConfigurer#0,ldapConfig,userRepositoryImpl,org.springframework.context.annotation.internalConfigurationAnnotationProcessor,org.springframework.context.annotation.internalAutowiredAnnotationProcessor,org.springframework.context.annotation.internalRequiredAnnotationProcessor,org.springframework.context.annotation.internalCommonAnnotationProcessor,simpleDirContextAuthenticationStrategy,userReposImpl,contextSource,ldapTemplate,org.springframework.context.annotation.ConfigurationClassPostProcessor.importAwareProcessor,org.springframework.context.annotation.ConfigurationClassPostProcessor.enhancedConfigurationProcessor]; root of factory hierarchy
2016-02-08 14:33:00,320 DEBUG   main [org.springframework.beans.factory.support.DefaultListableBeanFactory] Retrieved dependent beans for bean '(inner bean)#26048761': [contextSource]
2016-02-08 14:33:00,320 DEBUG   main [org.springframework.beans.factory.support.DefaultListableBeanFactory] Retrieved dependent beans for bean '(inner bean)#72e8a53f': [(inner bean)#26048761]
2016-02-08 14:33:00,324 DEBUG   main [org.springframework.core.env.StandardEnvironment] Adding [systemProperties] PropertySource with lowest search precedence
2016-02-08 14:33:00,325 DEBUG   main [org.springframework.core.env.StandardEnvironment] Adding [systemEnvironment] PropertySource with lowest search precedence
2016-02-08 14:33:00,325 DEBUG   main [org.springframework.core.env.StandardEnvironment] Initialized StandardEnvironment with PropertySources [systemProperties,systemEnvironment]
2016-02-08 14:33:00,325 INFO   main [org.springframework.beans.factory.xml.XmlBeanDefinitionReader] Loading XML bean definitions from class path resource [spring-ldap-example.xml]
2016-02-08 14:33:00,330 DEBUG   main [org.springframework.beans.factory.xml.DefaultDocumentLoader] Using JAXP provider [com.sun.org.apache.xerces.internal.jaxp.DocumentBuilderFactoryImpl]
2016-02-08 14:33:00,333 TRACE   main [org.springframework.beans.factory.xml.PluggableSchemaResolver] Trying to resolve XML entity with public id [null] and system id [http://www.springframework.org/schema/beans/spring-beans.xsd]
2016-02-08 14:33:00,333 DEBUG   main [org.springframework.beans.factory.xml.PluggableSchemaResolver] Loading schema mappings from [META-INF/spring.schemas]
2016-02-08 14:33:00,337 DEBUG   main [org.springframework.beans.factory.xml.PluggableSchemaResolver] Loaded schema mappings: {http://www.springframework.org/schema/tx/spring-tx-2.5.xsd=org/springframework/transaction/config/spring-tx-2.5.xsd, http://www.springframework.org/schema/cache/spring-cache-4.2.xsd=org/springframework/cache/config/spring-cache-4.2.xsd, http://www.springframework.org/schema/aop/spring-aop-4.1.xsd=org/springframework/aop/config/spring-aop-4.1.xsd, http://www.springframework.org/schema/context/spring-context-3.1.xsd=org/springframework/context/config/spring-context-3.1.xsd, http://www.springframework.org/schema/data/repository/spring-repository-1.4.xsd=org/springframework/data/repository/config/spring-repository-1.4.xsd, http://www.springframework.org/schema/util/spring-util-3.0.xsd=org/springframework/beans/factory/xml/spring-util-3.0.xsd, http://www.springframework.org/schema/tool/spring-tool.xsd=org/springframework/beans/factory/xml/spring-tool-4.2.xsd, http://www.springframework.org/schema/aop/spring-aop-3.2.xsd=org/springframework/aop/config/spring-aop-3.2.xsd, http://www.springframework.org/schema/lang/spring-lang-4.1.xsd=org/springframework/scripting/config/spring-lang-4.1.xsd, http://www.springframework.org/schema/context/spring-context-4.0.xsd=org/springframework/context/config/spring-context-4.0.xsd, http://www.springframework.org/schema/beans/spring-beans-4.2.xsd=org/springframework/beans/factory/xml/spring-beans-4.2.xsd, http://www.springframework.org/schema/tool/spring-tool-4.1.xsd=org/springframework/beans/factory/xml/spring-tool-4.1.xsd, http://www.springframework.org/schema/lang/spring-lang-3.2.xsd=org/springframework/scripting/config/spring-lang-3.2.xsd, http://www.springframework.org/schema/cache/spring-cache-3.2.xsd=org/springframework/cache/config/spring-cache-3.2.xsd, http://www.springframework.org/schema/jee/spring-jee-4.1.xsd=org/springframework/ejb/config/spring-jee-4.1.xsd, http://www.springframework.org/schema/task/spring-task-4.2.xsd=org/springframework/scheduling/config/spring-task-4.2.xsd, http://www.springframework.org/schema/util/spring-util-2.0.xsd=org/springframework/beans/factory/xml/spring-util-2.0.xsd, http://www.springframework.org/schema/tool/spring-tool-3.2.xsd=org/springframework/beans/factory/xml/spring-tool-3.2.xsd, http://www.springframework.org/schema/context/spring-context.xsd=org/springframework/context/config/spring-context-4.2.xsd, http://www.springframework.org/schema/tx/spring-tx-4.2.xsd=org/springframework/transaction/config/spring-tx-4.2.xsd, http://www.springframework.org/schema/cache/spring-cache-4.1.xsd=org/springframework/cache/config/spring-cache-4.1.xsd, http://www.springframework.org/schema/aop/spring-aop-4.0.xsd=org/springframework/aop/config/spring-aop-4.0.xsd, http://www.springframework.org/schema/jee/spring-jee-3.2.xsd=org/springframework/ejb/config/spring-jee-3.2.xsd, http://www.springframework.org/schema/context/spring-context-3.0.xsd=org/springframework/context/config/spring-context-3.0.xsd, http://www.springframework.org/schema/util/spring-util-2.5.xsd=org/springframework/beans/factory/xml/spring-util-2.5.xsd, http://www.springframework.org/schema/beans/spring-beans-3.2.xsd=org/springframework/beans/factory/xml/spring-beans-3.2.xsd, http://www.springframework.org/schema/aop/spring-aop-3.1.xsd=org/springframework/aop/config/spring-aop-3.1.xsd, http://www.springframework.org/schema/ldap/spring-ldap-2.0.xsd=org/springframework/ldap/config/spring-ldap-2.0.xsd, http://www.springframework.org/schema/lang/spring-lang-4.0.xsd=org/springframework/scripting/config/spring-lang-4.0.xsd, http://www.springframework.org/schema/beans/spring-beans-4.1.xsd=org/springframework/beans/factory/xml/spring-beans-4.1.xsd, http://www.springframework.org/schema/tool/spring-tool-4.0.xsd=org/springframework/beans/factory/xml/spring-tool-4.0.xsd, http://www.springframework.org/schema/tx/spring-tx-3.2.xsd=org/springframework/transaction/config/spring-tx-3.2.xsd, http://www.springframework.org/schema/lang/spring-lang-3.1.xsd=org/springframework/scripting/config/spring-lang-3.1.xsd, http://www.springframework.org/schema/cache/spring-cache-3.1.xsd=org/springframework/cache/config/spring-cache-3.1.xsd, http://www.springframework.org/schema/jee/spring-jee-4.0.xsd=org/springframework/ejb/config/spring-jee-4.0.xsd, http://www.springframework.org/schema/task/spring-task-4.1.xsd=org/springframework/scheduling/config/spring-task-4.1.xsd, http://www.springframework.org/schema/tool/spring-tool-3.1.xsd=org/springframework/beans/factory/xml/spring-tool-3.1.xsd, http://www.springframework.org/schema/tx/spring-tx-4.1.xsd=org/springframework/transaction/config/spring-tx-4.1.xsd, http://www.springframework.org/schema/cache/spring-cache-4.0.xsd=org/springframework/cache/config/spring-cache-4.0.xsd, http://www.springframework.org/schema/jee/spring-jee-3.1.xsd=org/springframework/ejb/config/spring-jee-3.1.xsd, http://www.springframework.org/schema/task/spring-task-3.2.xsd=org/springframework/scheduling/config/spring-task-3.2.xsd, http://www.springframework.org/schema/util/spring-util-4.2.xsd=org/springframework/beans/factory/xml/spring-util-4.2.xsd, http://www.springframework.org/schema/beans/spring-beans-3.1.xsd=org/springframework/beans/factory/xml/spring-beans-3.1.xsd, http://www.springframework.org/schema/util/spring-util.xsd=org/springframework/beans/factory/xml/spring-util-4.2.xsd, http://www.springframework.org/schema/aop/spring-aop-3.0.xsd=org/springframework/aop/config/spring-aop-3.0.xsd, http://www.springframework.org/schema/data/repository/spring-repository.xsd=org/springframework/data/repository/config/spring-repository-1.7.xsd, http://www.springframework.org/schema/data/repository/spring-repository-1.7.xsd=org/springframework/data/repository/config/spring-repository-1.7.xsd, http://www.springframework.org/schema/ldap/spring-ldap.xsd=org/springframework/ldap/config/spring-ldap-2.0.xsd, http://www.springframework.org/schema/beans/spring-beans-4.0.xsd=org/springframework/beans/factory/xml/spring-beans-4.0.xsd, http://www.springframework.org/schema/beans/spring-beans.xsd=org/springframework/beans/factory/xml/spring-beans-4.2.xsd, http://www.springframework.org/schema/tx/spring-tx-3.1.xsd=org/springframework/transaction/config/spring-tx-3.1.xsd, http://www.springframework.org/schema/lang/spring-lang-3.0.xsd=org/springframework/scripting/config/spring-lang-3.0.xsd, http://www.springframework.org/schema/context/spring-context-2.5.xsd=org/springframework/context/config/spring-context-2.5.xsd, http://www.springframework.org/schema/task/spring-task-4.0.xsd=org/springframework/scheduling/config/spring-task-4.0.xsd, http://www.springframework.org/schema/tool/spring-tool-3.0.xsd=org/springframework/beans/factory/xml/spring-tool-3.0.xsd, http://www.springframework.org/schema/tx/spring-tx-4.0.xsd=org/springframework/transaction/config/spring-tx-4.0.xsd, http://www.springframework.org/schema/aop/spring-aop-2.0.xsd=org/springframework/aop/config/spring-aop-2.0.xsd, http://www.springframework.org/schema/jee/spring-jee-3.0.xsd=org/springframework/ejb/config/spring-jee-3.0.xsd, http://www.springframework.org/schema/util/spring-util-4.1.xsd=org/springframework/beans/factory/xml/spring-util-4.1.xsd, http://www.springframework.org/schema/task/spring-task-3.1.xsd=org/springframework/scheduling/config/spring-task-3.1.xsd, http://www.springframework.org/schema/beans/spring-beans-3.0.xsd=org/springframework/beans/factory/xml/spring-beans-3.0.xsd, http://www.springframework.org/schema/jee/spring-jee.xsd=org/springframework/ejb/config/spring-jee-4.2.xsd, http://www.springframework.org/schema/aop/spring-aop-2.5.xsd=org/springframework/aop/config/spring-aop-2.5.xsd, http://www.springframework.org/schema/lang/spring-lang-2.0.xsd=org/springframework/scripting/config/spring-lang-2.0.xsd, http://www.springframework.org/schema/data/repository/spring-repository-1.6.xsd=org/springframework/data/repository/config/spring-repository-1.6.xsd, http://www.springframework.org/schema/util/spring-util-3.2.xsd=org/springframework/beans/factory/xml/spring-util-3.2.xsd, http://www.springframework.org/schema/task/spring-task.xsd=org/springframework/scheduling/config/spring-task-4.2.xsd, http://www.springframework.org/schema/tool/spring-tool-2.0.xsd=org/springframework/beans/factory/xml/spring-tool-2.0.xsd, http://www.springframework.org/schema/tx/spring-tx-3.0.xsd=org/springframework/transaction/config/spring-tx-3.0.xsd, http://www.springframework.org/schema/lang/spring-lang-2.5.xsd=org/springframework/scripting/config/spring-lang-2.5.xsd, http://www.springframework.org/schema/context/spring-context-4.2.xsd=org/springframework/context/config/spring-context-4.2.xsd, http://www.springframework.org/schema/jee/spring-jee-2.0.xsd=org/springframework/ejb/config/spring-jee-2.0.xsd, http://www.springframework.org/schema/tool/spring-tool-2.5.xsd=org/springframework/beans/factory/xml/spring-tool-2.5.xsd, http://www.springframework.org/schema/jee/spring-jee-2.5.xsd=org/springframework/ejb/config/spring-jee-2.5.xsd, http://www.springframework.org/schema/data/repository/spring-repository-1.0.xsd=org/springframework/data/repository/config/spring-repository-1.0.xsd, http://www.springframework.org/schema/util/spring-util-4.0.xsd=org/springframework/beans/factory/xml/spring-util-4.0.xsd, http://www.springframework.org/schema/task/spring-task-3.0.xsd=org/springframework/scheduling/config/spring-task-3.0.xsd, http://www.springframework.org/schema/aop/spring-aop-4.2.xsd=org/springframework/aop/config/spring-aop-4.2.xsd, http://www.springframework.org/schema/lang/spring-lang.xsd=org/springframework/scripting/config/spring-lang-4.2.xsd, http://www.springframework.org/schema/context/spring-context-3.2.xsd=org/springframework/context/config/spring-context-3.2.xsd, http://www.springframework.org/schema/data/repository/spring-repository-1.5.xsd=org/springframework/data/repository/config/spring-repository-1.5.xsd, http://www.springframework.org/schema/util/spring-util-3.1.xsd=org/springframework/beans/factory/xml/spring-util-3.1.xsd, http://www.springframework.org/schema/beans/spring-beans-2.0.xsd=org/springframework/beans/factory/xml/spring-beans-2.0.xsd, http://www.springframework.org/schema/cache/spring-cache.xsd=org/springframework/cache/config/spring-cache-4.2.xsd, http://www.springframework.org/schema/tx/spring-tx.xsd=org/springframework/transaction/config/spring-tx-4.2.xsd, http://www.springframework.org/schema/lang/spring-lang-4.2.xsd=org/springframework/scripting/config/spring-lang-4.2.xsd, http://www.springframework.org/schema/context/spring-context-4.1.xsd=org/springframework/context/config/spring-context-4.1.xsd, http://www.springframework.org/schema/beans/spring-beans-2.5.xsd=org/springframework/beans/factory/xml/spring-beans-2.5.xsd, http://www.springframework.org/schema/tool/spring-tool-4.2.xsd=org/springframework/beans/factory/xml/spring-tool-4.2.xsd, http://www.springframework.org/schema/tx/spring-tx-2.0.xsd=org/springframework/transaction/config/spring-tx-2.0.xsd, http://www.springframework.org/schema/jee/spring-jee-4.2.xsd=org/springframework/ejb/config/spring-jee-4.2.xsd, http://www.springframework.org/schema/aop/spring-aop.xsd=org/springframework/aop/config/spring-aop-4.2.xsd}
2016-02-08 14:33:00,340 DEBUG   main [org.springframework.beans.factory.xml.PluggableSchemaResolver] Found XML schema [http://www.springframework.org/schema/beans/spring-beans.xsd] in classpath: org/springframework/beans/factory/xml/spring-beans-4.2.xsd
2016-02-08 14:33:00,363 TRACE   main [org.springframework.beans.factory.xml.PluggableSchemaResolver] Trying to resolve XML entity with public id [null] and system id [http://www.springframework.org/schema/context/spring-context.xsd]
2016-02-08 14:33:00,364 DEBUG   main [org.springframework.beans.factory.xml.PluggableSchemaResolver] Found XML schema [http://www.springframework.org/schema/context/spring-context.xsd] in classpath: org/springframework/context/config/spring-context-4.2.xsd
2016-02-08 14:33:00,371 TRACE   main [org.springframework.beans.factory.xml.PluggableSchemaResolver] Trying to resolve XML entity with public id [null] and system id [http://www.springframework.org/schema/tool/spring-tool-4.2.xsd]
2016-02-08 14:33:00,373 DEBUG   main [org.springframework.beans.factory.xml.PluggableSchemaResolver] Found XML schema [http://www.springframework.org/schema/tool/spring-tool-4.2.xsd] in classpath: org/springframework/beans/factory/xml/spring-tool-4.2.xsd
2016-02-08 14:33:00,382 TRACE   main [org.springframework.beans.factory.xml.PluggableSchemaResolver] Trying to resolve XML entity with public id [null] and system id [http://www.springframework.org/schema/ldap/spring-ldap.xsd]
2016-02-08 14:33:00,382 DEBUG   main [org.springframework.beans.factory.xml.PluggableSchemaResolver] Found XML schema [http://www.springframework.org/schema/ldap/spring-ldap.xsd] in classpath: org/springframework/ldap/config/spring-ldap-2.0.xsd
2016-02-08 14:33:00,388 TRACE   main [org.springframework.beans.factory.xml.PluggableSchemaResolver] Trying to resolve XML entity with public id [null] and system id [http://www.springframework.org/schema/data/repository/spring-repository.xsd]
2016-02-08 14:33:00,389 DEBUG   main [org.springframework.beans.factory.xml.PluggableSchemaResolver] Found XML schema [http://www.springframework.org/schema/data/repository/spring-repository.xsd] in classpath: org/springframework/data/repository/config/spring-repository-1.7.xsd
2016-02-08 14:33:00,401 DEBUG   main [org.springframework.beans.factory.xml.DefaultBeanDefinitionDocumentReader] Loading bean definitions
2016-02-08 14:33:00,409 DEBUG   main [org.springframework.beans.factory.xml.DefaultNamespaceHandlerResolver] Loaded NamespaceHandler mappings: {http://www.springframework.org/schema/p=org.springframework.beans.factory.xml.SimplePropertyNamespaceHandler, http://www.springframework.org/schema/util=org.springframework.beans.factory.xml.UtilNamespaceHandler, http://www.springframework.org/schema/jee=org.springframework.ejb.config.JeeNamespaceHandler, http://www.springframework.org/schema/aop=org.springframework.aop.config.AopNamespaceHandler, http://www.springframework.org/schema/data/repository=org.springframework.data.repository.config.RepositoryNameSpaceHandler, http://www.springframework.org/schema/cache=org.springframework.cache.config.CacheNamespaceHandler, http://www.springframework.org/schema/c=org.springframework.beans.factory.xml.SimpleConstructorNamespaceHandler, http://www.springframework.org/schema/ldap=org.springframework.ldap.config.LdapNamespaceHandler, http://www.springframework.org/schema/tx=org.springframework.transaction.config.TxNamespaceHandler, http://www.springframework.org/schema/task=org.springframework.scheduling.config.TaskNamespaceHandler, http://www.springframework.org/schema/lang=org.springframework.scripting.config.LangNamespaceHandler, http://www.springframework.org/schema/context=org.springframework.context.config.ContextNamespaceHandler}
2016-02-08 14:33:00,412 DEBUG   main [org.springframework.core.env.StandardEnvironment] Adding [systemProperties] PropertySource with lowest search precedence
2016-02-08 14:33:00,412 DEBUG   main [org.springframework.core.env.StandardEnvironment] Adding [systemEnvironment] PropertySource with lowest search precedence
2016-02-08 14:33:00,412 DEBUG   main [org.springframework.core.env.StandardEnvironment] Initialized StandardEnvironment with PropertySources [systemProperties,systemEnvironment]
2016-02-08 14:33:00,414 DEBUG   main [org.springframework.core.io.support.PathMatchingResourcePatternResolver] Looking for matching resources in directory tree [C:\Eclipse\workspace\SpringLdapProject\bin\gov\fema\adminportal\ldap]
2016-02-08 14:33:00,414 DEBUG   main [org.springframework.core.io.support.PathMatchingResourcePatternResolver] Searching directory [C:\Eclipse\workspace\SpringLdapProject\bin\gov\fema\adminportal\ldap] for files matching pattern [C:/Eclipse/workspace/SpringLdapProject/bin/gov/fema/adminportal/ldap/**/*.class]
2016-02-08 14:33:00,415 DEBUG   main [org.springframework.core.io.support.PathMatchingResourcePatternResolver] Searching directory [C:\Eclipse\workspace\SpringLdapProject\bin\gov\fema\adminportal\ldap\app] for files matching pattern [C:/Eclipse/workspace/SpringLdapProject/bin/gov/fema/adminportal/ldap/**/*.class]
2016-02-08 14:33:00,416 DEBUG   main [org.springframework.core.io.support.PathMatchingResourcePatternResolver] Searching directory [C:\Eclipse\workspace\SpringLdapProject\bin\gov\fema\adminportal\ldap\model] for files matching pattern [C:/Eclipse/workspace/SpringLdapProject/bin/gov/fema/adminportal/ldap/**/*.class]
2016-02-08 14:33:00,417 DEBUG   main [org.springframework.core.io.support.PathMatchingResourcePatternResolver] Searching directory [C:\Eclipse\workspace\SpringLdapProject\bin\gov\fema\adminportal\ldap\repository] for files matching pattern [C:/Eclipse/workspace/SpringLdapProject/bin/gov/fema/adminportal/ldap/**/*.class]
2016-02-08 14:33:00,420 DEBUG   main [org.springframework.core.io.support.PathMatchingResourcePatternResolver] Resolved location pattern [classpath*:gov/fema/adminportal/ldap/**/*.class] to resources [file [C:\Eclipse\workspace\SpringLdapProject\bin\gov\fema\adminportal\ldap\app\LdapApp.class], file [C:\Eclipse\workspace\SpringLdapProject\bin\gov\fema\adminportal\ldap\model\Group.class], file [C:\Eclipse\workspace\SpringLdapProject\bin\gov\fema\adminportal\ldap\model\LDAPConfig.class], file [C:\Eclipse\workspace\SpringLdapProject\bin\gov\fema\adminportal\ldap\model\User.class], file [C:\Eclipse\workspace\SpringLdapProject\bin\gov\fema\adminportal\ldap\repository\UserRepository.class], file [C:\Eclipse\workspace\SpringLdapProject\bin\gov\fema\adminportal\ldap\repository\UserRepositoryImpl$1.class], file [C:\Eclipse\workspace\SpringLdapProject\bin\gov\fema\adminportal\ldap\repository\UserRepositoryImpl$MultipleAttributesMapper.class], file [C:\Eclipse\workspace\SpringLdapProject\bin\gov\fema\adminportal\ldap\repository\UserRepositoryImpl$SingleAttributesMapper.class], file [C:\Eclipse\workspace\SpringLdapProject\bin\gov\fema\adminportal\ldap\repository\UserRepositoryImpl$UserAttributesMapper.class], file [C:\Eclipse\workspace\SpringLdapProject\bin\gov\fema\adminportal\ldap\repository\UserRepositoryImpl.class]]
2016-02-08 14:33:00,420 TRACE   main [org.springframework.context.annotation.ClassPathBeanDefinitionScanner] Scanning file [C:\Eclipse\workspace\SpringLdapProject\bin\gov\fema\adminportal\ldap\app\LdapApp.class]
2016-02-08 14:33:00,424 TRACE   main [org.springframework.context.annotation.ClassPathBeanDefinitionScanner] Ignored because not matching any filter: file [C:\Eclipse\workspace\SpringLdapProject\bin\gov\fema\adminportal\ldap\app\LdapApp.class]
2016-02-08 14:33:00,424 TRACE   main [org.springframework.context.annotation.ClassPathBeanDefinitionScanner] Scanning file [C:\Eclipse\workspace\SpringLdapProject\bin\gov\fema\adminportal\ldap\model\Group.class]
2016-02-08 14:33:00,425 TRACE   main [org.springframework.context.annotation.ClassPathBeanDefinitionScanner] Ignored because not matching any filter: file [C:\Eclipse\workspace\SpringLdapProject\bin\gov\fema\adminportal\ldap\model\Group.class]
2016-02-08 14:33:00,425 TRACE   main [org.springframework.context.annotation.ClassPathBeanDefinitionScanner] Scanning file [C:\Eclipse\workspace\SpringLdapProject\bin\gov\fema\adminportal\ldap\model\LDAPConfig.class]
2016-02-08 14:33:00,426 TRACE   main [org.springframework.context.annotation.ClassPathBeanDefinitionScanner] Ignored because not matching any filter: file [C:\Eclipse\workspace\SpringLdapProject\bin\gov\fema\adminportal\ldap\model\LDAPConfig.class]
2016-02-08 14:33:00,426 TRACE   main [org.springframework.context.annotation.ClassPathBeanDefinitionScanner] Scanning file [C:\Eclipse\workspace\SpringLdapProject\bin\gov\fema\adminportal\ldap\model\User.class]
2016-02-08 14:33:00,427 TRACE   main [org.springframework.context.annotation.ClassPathBeanDefinitionScanner] Ignored because not matching any filter: file [C:\Eclipse\workspace\SpringLdapProject\bin\gov\fema\adminportal\ldap\model\User.class]
2016-02-08 14:33:00,427 TRACE   main [org.springframework.context.annotation.ClassPathBeanDefinitionScanner] Scanning file [C:\Eclipse\workspace\SpringLdapProject\bin\gov\fema\adminportal\ldap\repository\UserRepository.class]
2016-02-08 14:33:00,429 TRACE   main [org.springframework.context.annotation.ClassPathBeanDefinitionScanner] Ignored because not matching any filter: file [C:\Eclipse\workspace\SpringLdapProject\bin\gov\fema\adminportal\ldap\repository\UserRepository.class]
2016-02-08 14:33:00,429 TRACE   main [org.springframework.context.annotation.ClassPathBeanDefinitionScanner] Scanning file [C:\Eclipse\workspace\SpringLdapProject\bin\gov\fema\adminportal\ldap\repository\UserRepositoryImpl$1.class]
2016-02-08 14:33:00,429 TRACE   main [org.springframework.context.annotation.ClassPathBeanDefinitionScanner] Ignored because not matching any filter: file [C:\Eclipse\workspace\SpringLdapProject\bin\gov\fema\adminportal\ldap\repository\UserRepositoryImpl$1.class]
2016-02-08 14:33:00,430 TRACE   main [org.springframework.context.annotation.ClassPathBeanDefinitionScanner] Scanning file [C:\Eclipse\workspace\SpringLdapProject\bin\gov\fema\adminportal\ldap\repository\UserRepositoryImpl$MultipleAttributesMapper.class]
2016-02-08 14:33:00,431 TRACE   main [org.springframework.context.annotation.ClassPathBeanDefinitionScanner] Ignored because not matching any filter: file [C:\Eclipse\workspace\SpringLdapProject\bin\gov\fema\adminportal\ldap\repository\UserRepositoryImpl$MultipleAttributesMapper.class]
2016-02-08 14:33:00,431 TRACE   main [org.springframework.context.annotation.ClassPathBeanDefinitionScanner] Scanning file [C:\Eclipse\workspace\SpringLdapProject\bin\gov\fema\adminportal\ldap\repository\UserRepositoryImpl$SingleAttributesMapper.class]
2016-02-08 14:33:00,431 TRACE   main [org.springframework.context.annotation.ClassPathBeanDefinitionScanner] Ignored because not matching any filter: file [C:\Eclipse\workspace\SpringLdapProject\bin\gov\fema\adminportal\ldap\repository\UserRepositoryImpl$SingleAttributesMapper.class]
2016-02-08 14:33:00,432 TRACE   main [org.springframework.context.annotation.ClassPathBeanDefinitionScanner] Scanning file [C:\Eclipse\workspace\SpringLdapProject\bin\gov\fema\adminportal\ldap\repository\UserRepositoryImpl$UserAttributesMapper.class]
2016-02-08 14:33:00,432 TRACE   main [org.springframework.context.annotation.ClassPathBeanDefinitionScanner] Ignored because not matching any filter: file [C:\Eclipse\workspace\SpringLdapProject\bin\gov\fema\adminportal\ldap\repository\UserRepositoryImpl$UserAttributesMapper.class]
2016-02-08 14:33:00,433 TRACE   main [org.springframework.context.annotation.ClassPathBeanDefinitionScanner] Scanning file [C:\Eclipse\workspace\SpringLdapProject\bin\gov\fema\adminportal\ldap\repository\UserRepositoryImpl.class]
2016-02-08 14:33:00,434 DEBUG   main [org.springframework.context.annotation.ClassPathBeanDefinitionScanner] Identified candidate component class: file [C:\Eclipse\workspace\SpringLdapProject\bin\gov\fema\adminportal\ldap\repository\UserRepositoryImpl.class]
2016-02-08 14:33:00,436 DEBUG   main [org.springframework.beans.factory.xml.XmlBeanDefinitionReader] Loaded 11 bean definitions from location pattern [spring-ldap-example.xml]
2016-02-08 14:33:00,436 DEBUG   main [org.springframework.context.support.ClassPathXmlApplicationContext] Bean factory for org.springframework.context.support.ClassPathXmlApplicationContext@60c4d1a7: org.springframework.beans.factory.support.DefaultListableBeanFactory@7186e848: defining beans [org.springframework.context.support.PropertySourcesPlaceholderConfigurer#0,ldapConfig,userRepositoryImpl,org.springframework.context.annotation.internalConfigurationAnnotationProcessor,org.springframework.context.annotation.internalAutowiredAnnotationProcessor,org.springframework.context.annotation.internalRequiredAnnotationProcessor,org.springframework.context.annotation.internalCommonAnnotationProcessor,simpleDirContextAuthenticationStrategy,userReposImpl,contextSource,ldapTemplate]; root of factory hierarchy
2016-02-08 14:33:00,437 DEBUG   main [org.springframework.beans.factory.support.DefaultListableBeanFactory] Creating shared instance of singleton bean 'org.springframework.context.annotation.internalConfigurationAnnotationProcessor'
2016-02-08 14:33:00,438 DEBUG   main [org.springframework.beans.factory.support.DefaultListableBeanFactory] Creating instance of bean 'org.springframework.context.annotation.internalConfigurationAnnotationProcessor'
2016-02-08 14:33:00,438 DEBUG   main [org.springframework.beans.factory.support.DefaultListableBeanFactory] Eagerly caching bean 'org.springframework.context.annotation.internalConfigurationAnnotationProcessor' to allow for resolving potential circular references
2016-02-08 14:33:00,438 DEBUG   main [org.springframework.beans.factory.support.DefaultListableBeanFactory] Finished creating instance of bean 'org.springframework.context.annotation.internalConfigurationAnnotationProcessor'
2016-02-08 14:33:00,455 DEBUG   main [org.springframework.beans.factory.support.DefaultListableBeanFactory] Creating shared instance of singleton bean 'org.springframework.context.support.PropertySourcesPlaceholderConfigurer#0'
2016-02-08 14:33:00,456 DEBUG   main [org.springframework.beans.factory.support.DefaultListableBeanFactory] Creating instance of bean 'org.springframework.context.support.PropertySourcesPlaceholderConfigurer#0'
2016-02-08 14:33:00,457 DEBUG   main [org.springframework.beans.factory.support.DefaultListableBeanFactory] Eagerly caching bean 'org.springframework.context.support.PropertySourcesPlaceholderConfigurer#0' to allow for resolving potential circular references
2016-02-08 14:33:00,458 DEBUG   main [org.springframework.beans.factory.support.DefaultListableBeanFactory] Finished creating instance of bean 'org.springframework.context.support.PropertySourcesPlaceholderConfigurer#0'
2016-02-08 14:33:00,459 DEBUG   main [org.springframework.core.env.MutablePropertySources] Adding [environmentProperties] PropertySource with lowest search precedence
2016-02-08 14:33:00,459 INFO   main [org.springframework.context.support.PropertySourcesPlaceholderConfigurer] Loading properties file from class path resource [ldap.properties]
2016-02-08 14:33:00,460 DEBUG   main [org.springframework.core.env.MutablePropertySources] Adding [localProperties] PropertySource with lowest search precedence
2016-02-08 14:33:00,461 TRACE   main [org.springframework.core.env.PropertySourcesPropertyResolver] getProperty("BoUser", String)
2016-02-08 14:33:00,461 DEBUG   main [org.springframework.core.env.PropertySourcesPropertyResolver] Searching for key 'BoUser' in [environmentProperties]
2016-02-08 14:33:00,462 TRACE   main [org.springframework.core.env.PropertySourcesPropertyResolver] getProperty("BoUser", String)
2016-02-08 14:33:00,462 DEBUG   main [org.springframework.core.env.PropertySourcesPropertyResolver] Searching for key 'BoUser' in [systemProperties]
2016-02-08 14:33:00,462 DEBUG   main [org.springframework.core.env.PropertySourcesPropertyResolver] Searching for key 'BoUser' in [systemEnvironment]
2016-02-08 14:33:00,462 DEBUG   main [org.springframework.core.env.PropertySourcesPropertyResolver] Could not find key 'BoUser' in any property source. Returning [null]
2016-02-08 14:33:00,462 DEBUG   main [org.springframework.core.env.PropertySourcesPropertyResolver] Searching for key 'BoUser' in [localProperties]
2016-02-08 14:33:00,462 DEBUG   main [org.springframework.core.env.PropertySourcesPropertyResolver] Found key 'BoUser' in [localProperties] with type [String] and value 'ou=User,ou=BusinessObjectsDisaster,ou=system'
2016-02-08 14:33:00,463 TRACE   main [org.springframework.util.PropertyPlaceholderHelper] Resolved placeholder 'BoUser'
2016-02-08 14:33:00,463 TRACE   main [org.springframework.core.env.PropertySourcesPropertyResolver] getProperty("BoGroup", String)
2016-02-08 14:33:00,463 DEBUG   main [org.springframework.core.env.PropertySourcesPropertyResolver] Searching for key 'BoGroup' in [environmentProperties]
2016-02-08 14:33:00,463 TRACE   main [org.springframework.core.env.PropertySourcesPropertyResolver] getProperty("BoGroup", String)
2016-02-08 14:33:00,463 DEBUG   main [org.springframework.core.env.PropertySourcesPropertyResolver] Searching for key 'BoGroup' in [systemProperties]
2016-02-08 14:33:00,463 DEBUG   main [org.springframework.core.env.PropertySourcesPropertyResolver] Searching for key 'BoGroup' in [systemEnvironment]
2016-02-08 14:33:00,464 DEBUG   main [org.springframework.core.env.PropertySourcesPropertyResolver] Could not find key 'BoGroup' in any property source. Returning [null]
2016-02-08 14:33:00,464 DEBUG   main [org.springframework.core.env.PropertySourcesPropertyResolver] Searching for key 'BoGroup' in [localProperties]
2016-02-08 14:33:00,464 DEBUG   main [org.springframework.core.env.PropertySourcesPropertyResolver] Found key 'BoGroup' in [localProperties] with type [String] and value 'ou=Group,ou=BusinessObjectsDisaster,ou=system'
2016-02-08 14:33:00,464 TRACE   main [org.springframework.util.PropertyPlaceholderHelper] Resolved placeholder 'BoGroup'
2016-02-08 14:33:00,464 TRACE   main [org.springframework.core.env.PropertySourcesPropertyResolver] getProperty("BoGroupPrefix", String)
2016-02-08 14:33:00,464 DEBUG   main [org.springframework.core.env.PropertySourcesPropertyResolver] Searching for key 'BoGroupPrefix' in [environmentProperties]
2016-02-08 14:33:00,465 TRACE   main [org.springframework.core.env.PropertySourcesPropertyResolver] getProperty("BoGroupPrefix", String)
2016-02-08 14:33:00,465 DEBUG   main [org.springframework.core.env.PropertySourcesPropertyResolver] Searching for key 'BoGroupPrefix' in [systemProperties]
2016-02-08 14:33:00,465 DEBUG   main [org.springframework.core.env.PropertySourcesPropertyResolver] Searching for key 'BoGroupPrefix' in [systemEnvironment]
2016-02-08 14:33:00,465 DEBUG   main [org.springframework.core.env.PropertySourcesPropertyResolver] Could not find key 'BoGroupPrefix' in any property source. Returning [null]
2016-02-08 14:33:00,465 DEBUG   main [org.springframework.core.env.PropertySourcesPropertyResolver] Searching for key 'BoGroupPrefix' in [localProperties]
2016-02-08 14:33:00,466 DEBUG   main [org.springframework.core.env.PropertySourcesPropertyResolver] Found key 'BoGroupPrefix' in [localProperties] with type [String] and value 'cn=Business_Objects_Disaster_Users_'
2016-02-08 14:33:00,466 TRACE   main [org.springframework.util.PropertyPlaceholderHelper] Resolved placeholder 'BoGroupPrefix'
2016-02-08 14:33:00,466 DEBUG   main [org.springframework.beans.factory.support.DefaultListableBeanFactory] Creating shared instance of singleton bean 'org.springframework.context.annotation.internalAutowiredAnnotationProcessor'
2016-02-08 14:33:00,467 DEBUG   main [org.springframework.beans.factory.support.DefaultListableBeanFactory] Creating instance of bean 'org.springframework.context.annotation.internalAutowiredAnnotationProcessor'
2016-02-08 14:33:00,468 DEBUG   main [org.springframework.beans.factory.support.DefaultListableBeanFactory] Eagerly caching bean 'org.springframework.context.annotation.internalAutowiredAnnotationProcessor' to allow for resolving potential circular references
2016-02-08 14:33:00,468 DEBUG   main [org.springframework.beans.factory.support.DefaultListableBeanFactory] Finished creating instance of bean 'org.springframework.context.annotation.internalAutowiredAnnotationProcessor'
2016-02-08 14:33:00,468 DEBUG   main [org.springframework.beans.factory.support.DefaultListableBeanFactory] Creating shared instance of singleton bean 'org.springframework.context.annotation.internalRequiredAnnotationProcessor'
2016-02-08 14:33:00,469 DEBUG   main [org.springframework.beans.factory.support.DefaultListableBeanFactory] Creating instance of bean 'org.springframework.context.annotation.internalRequiredAnnotationProcessor'
2016-02-08 14:33:00,469 DEBUG   main [org.springframework.beans.factory.support.DefaultListableBeanFactory] Eagerly caching bean 'org.springframework.context.annotation.internalRequiredAnnotationProcessor' to allow for resolving potential circular references
2016-02-08 14:33:00,469 DEBUG   main [org.springframework.beans.factory.support.DefaultListableBeanFactory] Finished creating instance of bean 'org.springframework.context.annotation.internalRequiredAnnotationProcessor'
2016-02-08 14:33:00,469 DEBUG   main [org.springframework.beans.factory.support.DefaultListableBeanFactory] Creating shared instance of singleton bean 'org.springframework.context.annotation.internalCommonAnnotationProcessor'
2016-02-08 14:33:00,469 DEBUG   main [org.springframework.beans.factory.support.DefaultListableBeanFactory] Creating instance of bean 'org.springframework.context.annotation.internalCommonAnnotationProcessor'
2016-02-08 14:33:00,476 DEBUG   main [org.springframework.beans.factory.support.DefaultListableBeanFactory] Eagerly caching bean 'org.springframework.context.annotation.internalCommonAnnotationProcessor' to allow for resolving potential circular references
2016-02-08 14:33:00,476 DEBUG   main [org.springframework.beans.factory.support.DefaultListableBeanFactory] Finished creating instance of bean 'org.springframework.context.annotation.internalCommonAnnotationProcessor'
2016-02-08 14:33:00,476 DEBUG   main [org.springframework.beans.factory.support.DefaultListableBeanFactory] Creating shared instance of singleton bean 'org.springframework.context.annotation.ConfigurationClassPostProcessor.importAwareProcessor'
2016-02-08 14:33:00,476 DEBUG   main [org.springframework.beans.factory.support.DefaultListableBeanFactory] Creating instance of bean 'org.springframework.context.annotation.ConfigurationClassPostProcessor.importAwareProcessor'
2016-02-08 14:33:00,476 DEBUG   main [org.springframework.beans.factory.support.DefaultListableBeanFactory] Eagerly caching bean 'org.springframework.context.annotation.ConfigurationClassPostProcessor.importAwareProcessor' to allow for resolving potential circular references
2016-02-08 14:33:00,477 DEBUG   main [org.springframework.beans.factory.support.DefaultListableBeanFactory] Finished creating instance of bean 'org.springframework.context.annotation.ConfigurationClassPostProcessor.importAwareProcessor'
2016-02-08 14:33:00,477 DEBUG   main [org.springframework.beans.factory.support.DefaultListableBeanFactory] Creating shared instance of singleton bean 'org.springframework.context.annotation.ConfigurationClassPostProcessor.enhancedConfigurationProcessor'
2016-02-08 14:33:00,477 DEBUG   main [org.springframework.beans.factory.support.DefaultListableBeanFactory] Creating instance of bean 'org.springframework.context.annotation.ConfigurationClassPostProcessor.enhancedConfigurationProcessor'
2016-02-08 14:33:00,477 DEBUG   main [org.springframework.beans.factory.support.DefaultListableBeanFactory] Eagerly caching bean 'org.springframework.context.annotation.ConfigurationClassPostProcessor.enhancedConfigurationProcessor' to allow for resolving potential circular references
2016-02-08 14:33:00,477 DEBUG   main [org.springframework.beans.factory.support.DefaultListableBeanFactory] Finished creating instance of bean 'org.springframework.context.annotation.ConfigurationClassPostProcessor.enhancedConfigurationProcessor'
2016-02-08 14:33:00,478 DEBUG   main [org.springframework.context.support.ClassPathXmlApplicationContext] Unable to locate MessageSource with name 'messageSource': using default [org.springframework.context.support.DelegatingMessageSource@1e13bfe1]
2016-02-08 14:33:00,478 DEBUG   main [org.springframework.context.support.ClassPathXmlApplicationContext] Unable to locate ApplicationEventMulticaster with name 'applicationEventMulticaster': using default [org.springframework.context.event.SimpleApplicationEventMulticaster@229a5c34]
2016-02-08 14:33:00,479 DEBUG   main [org.springframework.beans.factory.support.DefaultListableBeanFactory] Pre-instantiating singletons in org.springframework.beans.factory.support.DefaultListableBeanFactory@7186e848: defining beans [org.springframework.context.support.PropertySourcesPlaceholderConfigurer#0,ldapConfig,userRepositoryImpl,org.springframework.context.annotation.internalConfigurationAnnotationProcessor,org.springframework.context.annotation.internalAutowiredAnnotationProcessor,org.springframework.context.annotation.internalRequiredAnnotationProcessor,org.springframework.context.annotation.internalCommonAnnotationProcessor,simpleDirContextAuthenticationStrategy,userReposImpl,contextSource,ldapTemplate,org.springframework.context.annotation.ConfigurationClassPostProcessor.importAwareProcessor,org.springframework.context.annotation.ConfigurationClassPostProcessor.enhancedConfigurationProcessor]; root of factory hierarchy
2016-02-08 14:33:00,479 DEBUG   main [org.springframework.beans.factory.support.DefaultListableBeanFactory] Returning cached instance of singleton bean 'org.springframework.context.support.PropertySourcesPlaceholderConfigurer#0'
2016-02-08 14:33:00,479 DEBUG   main [org.springframework.beans.factory.support.DefaultListableBeanFactory] Creating shared instance of singleton bean 'ldapConfig'
2016-02-08 14:33:00,480 DEBUG   main [org.springframework.beans.factory.support.DefaultListableBeanFactory] Creating instance of bean 'ldapConfig'
2016-02-08 14:33:00,480 DEBUG   main [org.springframework.beans.factory.support.DefaultListableBeanFactory] Eagerly caching bean 'ldapConfig' to allow for resolving potential circular references
2016-02-08 14:33:00,481 DEBUG   main [org.springframework.beans.factory.support.DefaultListableBeanFactory] Finished creating instance of bean 'ldapConfig'
2016-02-08 14:33:00,481 DEBUG   main [org.springframework.beans.factory.support.DefaultListableBeanFactory] Creating shared instance of singleton bean 'userRepositoryImpl'
2016-02-08 14:33:00,481 DEBUG   main [org.springframework.beans.factory.support.DefaultListableBeanFactory] Creating instance of bean 'userRepositoryImpl'
2016-02-08 14:33:00,483 DEBUG   main [org.springframework.beans.factory.annotation.InjectionMetadata] Registered injected element on class [gov.fema.adminportal.ldap.repository.UserRepositoryImpl]: AutowiredFieldElement for private gov.fema.adminportal.ldap.model.LDAPConfig gov.fema.adminportal.ldap.repository.UserRepositoryImpl.ldapConfig
2016-02-08 14:33:00,483 DEBUG   main [org.springframework.beans.factory.annotation.InjectionMetadata] Registered injected element on class [gov.fema.adminportal.ldap.repository.UserRepositoryImpl]: AutowiredFieldElement for private org.springframework.ldap.core.LdapTemplate gov.fema.adminportal.ldap.repository.UserRepositoryImpl.ldapTemplate
2016-02-08 14:33:00,483 DEBUG   main [org.springframework.beans.factory.support.DefaultListableBeanFactory] Eagerly caching bean 'userRepositoryImpl' to allow for resolving potential circular references
2016-02-08 14:33:00,484 DEBUG   main [org.springframework.beans.factory.annotation.InjectionMetadata] Processing injected element of bean 'userRepositoryImpl': AutowiredFieldElement for private gov.fema.adminportal.ldap.model.LDAPConfig gov.fema.adminportal.ldap.repository.UserRepositoryImpl.ldapConfig
2016-02-08 14:33:00,484 DEBUG   main [org.springframework.beans.factory.support.DefaultListableBeanFactory] Returning cached instance of singleton bean 'ldapConfig'
2016-02-08 14:33:00,484 DEBUG   main [org.springframework.beans.factory.annotation.AutowiredAnnotationBeanPostProcessor] Autowiring by type from bean name 'userRepositoryImpl' to bean named 'ldapConfig'
2016-02-08 14:33:00,484 DEBUG   main [org.springframework.beans.factory.annotation.InjectionMetadata] Processing injected element of bean 'userRepositoryImpl': AutowiredFieldElement for private org.springframework.ldap.core.LdapTemplate gov.fema.adminportal.ldap.repository.UserRepositoryImpl.ldapTemplate
2016-02-08 14:33:00,485 DEBUG   main [org.springframework.beans.factory.support.DefaultListableBeanFactory] Creating shared instance of singleton bean 'ldapTemplate'
2016-02-08 14:33:00,485 DEBUG   main [org.springframework.beans.factory.support.DefaultListableBeanFactory] Creating instance of bean 'ldapTemplate'
2016-02-08 14:33:00,487 DEBUG   main [org.springframework.beans.factory.support.DefaultListableBeanFactory] Eagerly caching bean 'ldapTemplate' to allow for resolving potential circular references
2016-02-08 14:33:00,488 DEBUG   main [org.springframework.beans.factory.support.DefaultListableBeanFactory] Creating shared instance of singleton bean 'contextSource'
2016-02-08 14:33:00,488 DEBUG   main [org.springframework.beans.factory.support.DefaultListableBeanFactory] Creating instance of bean 'contextSource'
2016-02-08 14:33:00,491 DEBUG   main [org.springframework.beans.factory.support.DefaultListableBeanFactory] Creating instance of bean '(inner bean)#441b6bab'
2016-02-08 14:33:00,494 DEBUG   main [org.springframework.beans.factory.support.DefaultListableBeanFactory] Creating instance of bean '(inner bean)#6439ca7b'
2016-02-08 14:33:00,495 DEBUG   main [org.springframework.beans.factory.support.DefaultListableBeanFactory] Finished creating instance of bean '(inner bean)#6439ca7b'
2016-02-08 14:33:00,496 DEBUG   main [org.springframework.beans.factory.support.DefaultListableBeanFactory] Creating shared instance of singleton bean 'simpleDirContextAuthenticationStrategy'
2016-02-08 14:33:00,496 DEBUG   main [org.springframework.beans.factory.support.DefaultListableBeanFactory] Creating instance of bean 'simpleDirContextAuthenticationStrategy'
2016-02-08 14:33:00,497 DEBUG   main [org.springframework.beans.factory.support.DefaultListableBeanFactory] Eagerly caching bean 'simpleDirContextAuthenticationStrategy' to allow for resolving potential circular references
2016-02-08 14:33:00,497 DEBUG   main [org.springframework.beans.factory.support.DefaultListableBeanFactory] Finished creating instance of bean 'simpleDirContextAuthenticationStrategy'
2016-02-08 14:33:00,498 DEBUG   main [org.springframework.beans.factory.support.DefaultListableBeanFactory] Invoking afterPropertiesSet() on bean with name '(inner bean)#441b6bab'
2016-02-08 14:33:00,498 DEBUG   main [org.springframework.beans.factory.support.DefaultListableBeanFactory] Finished creating instance of bean '(inner bean)#441b6bab'
2016-02-08 14:33:00,500 DEBUG   main [org.springframework.beans.factory.support.DefaultListableBeanFactory] Eagerly caching bean 'contextSource' to allow for resolving potential circular references
2016-02-08 14:33:00,500 DEBUG   main [org.springframework.beans.factory.support.DefaultListableBeanFactory] Finished creating instance of bean 'contextSource'
2016-02-08 14:33:00,500 DEBUG   main [org.springframework.beans.factory.support.DefaultListableBeanFactory] Invoking afterPropertiesSet() on bean with name 'ldapTemplate'
2016-02-08 14:33:00,501 DEBUG   main [org.springframework.beans.factory.support.DefaultListableBeanFactory] Finished creating instance of bean 'ldapTemplate'
2016-02-08 14:33:00,501 DEBUG   main [org.springframework.beans.factory.annotation.AutowiredAnnotationBeanPostProcessor] Autowiring by type from bean name 'userRepositoryImpl' to bean named 'ldapTemplate'
2016-02-08 14:33:00,501 DEBUG   main [org.springframework.beans.factory.support.DefaultListableBeanFactory] Finished creating instance of bean 'userRepositoryImpl'
2016-02-08 14:33:00,501 DEBUG   main [org.springframework.beans.factory.support.DefaultListableBeanFactory] Returning cached instance of singleton bean 'org.springframework.context.annotation.internalConfigurationAnnotationProcessor'
2016-02-08 14:33:00,501 DEBUG   main [org.springframework.beans.factory.support.DefaultListableBeanFactory] Returning cached instance of singleton bean 'org.springframework.context.annotation.internalAutowiredAnnotationProcessor'
2016-02-08 14:33:00,501 DEBUG   main [org.springframework.beans.factory.support.DefaultListableBeanFactory] Returning cached instance of singleton bean 'org.springframework.context.annotation.internalRequiredAnnotationProcessor'
2016-02-08 14:33:00,501 DEBUG   main [org.springframework.beans.factory.support.DefaultListableBeanFactory] Returning cached instance of singleton bean 'org.springframework.context.annotation.internalCommonAnnotationProcessor'
2016-02-08 14:33:00,501 DEBUG   main [org.springframework.beans.factory.support.DefaultListableBeanFactory] Returning cached instance of singleton bean 'simpleDirContextAuthenticationStrategy'
2016-02-08 14:33:00,502 DEBUG   main [org.springframework.beans.factory.support.DefaultListableBeanFactory] Creating shared instance of singleton bean 'userReposImpl'
2016-02-08 14:33:00,502 DEBUG   main [org.springframework.beans.factory.support.DefaultListableBeanFactory] Creating instance of bean 'userReposImpl'
2016-02-08 14:33:00,503 DEBUG   main [org.springframework.beans.factory.annotation.InjectionMetadata] Registered injected element on class [gov.fema.adminportal.ldap.repository.UserRepositoryImpl]: AutowiredFieldElement for private gov.fema.adminportal.ldap.model.LDAPConfig gov.fema.adminportal.ldap.repository.UserRepositoryImpl.ldapConfig
2016-02-08 14:33:00,503 DEBUG   main [org.springframework.beans.factory.annotation.InjectionMetadata] Registered injected element on class [gov.fema.adminportal.ldap.repository.UserRepositoryImpl]: AutowiredFieldElement for private org.springframework.ldap.core.LdapTemplate gov.fema.adminportal.ldap.repository.UserRepositoryImpl.ldapTemplate
2016-02-08 14:33:00,503 DEBUG   main [org.springframework.beans.factory.support.DefaultListableBeanFactory] Eagerly caching bean 'userReposImpl' to allow for resolving potential circular references
2016-02-08 14:33:00,503 DEBUG   main [org.springframework.beans.factory.annotation.InjectionMetadata] Processing injected element of bean 'userReposImpl': AutowiredFieldElement for private gov.fema.adminportal.ldap.model.LDAPConfig gov.fema.adminportal.ldap.repository.UserRepositoryImpl.ldapConfig
2016-02-08 14:33:00,504 DEBUG   main [org.springframework.beans.factory.support.DefaultListableBeanFactory] Returning cached instance of singleton bean 'ldapConfig'
2016-02-08 14:33:00,504 DEBUG   main [org.springframework.beans.factory.annotation.AutowiredAnnotationBeanPostProcessor] Autowiring by type from bean name 'userReposImpl' to bean named 'ldapConfig'
2016-02-08 14:33:00,504 DEBUG   main [org.springframework.beans.factory.annotation.InjectionMetadata] Processing injected element of bean 'userReposImpl': AutowiredFieldElement for private org.springframework.ldap.core.LdapTemplate gov.fema.adminportal.ldap.repository.UserRepositoryImpl.ldapTemplate
2016-02-08 14:33:00,504 DEBUG   main [org.springframework.beans.factory.support.DefaultListableBeanFactory] Returning cached instance of singleton bean 'ldapTemplate'
2016-02-08 14:33:00,504 DEBUG   main [org.springframework.beans.factory.annotation.AutowiredAnnotationBeanPostProcessor] Autowiring by type from bean name 'userReposImpl' to bean named 'ldapTemplate'
2016-02-08 14:33:00,504 DEBUG   main [org.springframework.beans.factory.support.DefaultListableBeanFactory] Finished creating instance of bean 'userReposImpl'
2016-02-08 14:33:00,504 DEBUG   main [org.springframework.beans.factory.support.DefaultListableBeanFactory] Returning cached instance of singleton bean 'contextSource'
2016-02-08 14:33:00,505 DEBUG   main [org.springframework.beans.factory.support.DefaultListableBeanFactory] Returning cached instance of singleton bean 'ldapTemplate'
2016-02-08 14:33:00,505 DEBUG   main [org.springframework.beans.factory.support.DefaultListableBeanFactory] Returning cached instance of singleton bean 'org.springframework.context.annotation.ConfigurationClassPostProcessor.importAwareProcessor'
2016-02-08 14:33:00,505 DEBUG   main [org.springframework.beans.factory.support.DefaultListableBeanFactory] Returning cached instance of singleton bean 'org.springframework.context.annotation.ConfigurationClassPostProcessor.enhancedConfigurationProcessor'
2016-02-08 14:33:00,505 DEBUG   main [org.springframework.context.support.ClassPathXmlApplicationContext] Unable to locate LifecycleProcessor with name 'lifecycleProcessor': using default [org.springframework.context.support.DefaultLifecycleProcessor@7a312160]
2016-02-08 14:33:00,505 DEBUG   main [org.springframework.beans.factory.support.DefaultListableBeanFactory] Returning cached instance of singleton bean 'lifecycleProcessor'
2016-02-08 14:33:00,505 TRACE   main [org.springframework.context.support.ClassPathXmlApplicationContext] Publishing event in org.springframework.context.support.ClassPathXmlApplicationContext@60c4d1a7: org.springframework.context.event.ContextRefreshedEvent[source=org.springframework.context.support.ClassPathXmlApplicationContext@60c4d1a7: startup date [Mon Feb 08 14:33:00 EST 2016]; root of context hierarchy]
2016-02-08 14:33:00,506 TRACE   main [org.springframework.core.env.PropertySourcesPropertyResolver] getProperty("spring.liveBeansView.mbeanDomain", String)
2016-02-08 14:33:00,506 DEBUG   main [org.springframework.core.env.PropertySourcesPropertyResolver] Searching for key 'spring.liveBeansView.mbeanDomain' in [systemProperties]
2016-02-08 14:33:00,506 DEBUG   main [org.springframework.core.env.PropertySourcesPropertyResolver] Searching for key 'spring.liveBeansView.mbeanDomain' in [systemEnvironment]
2016-02-08 14:33:00,506 DEBUG   main [org.springframework.core.env.PropertySourcesPropertyResolver] Could not find key 'spring.liveBeansView.mbeanDomain' in any property source. Returning [null]
2016-02-08 14:33:00,507 INFO   main [org.springframework.context.support.ClassPathXmlApplicationContext] Closing org.springframework.context.support.ClassPathXmlApplicationContext@60c4d1a7: startup date [Mon Feb 08 14:33:00 EST 2016]; root of context hierarchy
2016-02-08 14:33:00,507 TRACE   main [org.springframework.context.support.ClassPathXmlApplicationContext] Publishing event in org.springframework.context.support.ClassPathXmlApplicationContext@60c4d1a7: org.springframework.context.event.ContextClosedEvent[source=org.springframework.context.support.ClassPathXmlApplicationContext@60c4d1a7: startup date [Mon Feb 08 14:33:00 EST 2016]; root of context hierarchy]
2016-02-08 14:33:00,508 DEBUG   main [org.springframework.beans.factory.support.DefaultListableBeanFactory] Returning cached instance of singleton bean 'lifecycleProcessor'
2016-02-08 14:33:00,508 DEBUG   main [org.springframework.beans.factory.support.DefaultListableBeanFactory] Destroying singletons in org.springframework.beans.factory.support.DefaultListableBeanFactory@7186e848: defining beans [org.springframework.context.support.PropertySourcesPlaceholderConfigurer#0,ldapConfig,userRepositoryImpl,org.springframework.context.annotation.internalConfigurationAnnotationProcessor,org.springframework.context.annotation.internalAutowiredAnnotationProcessor,org.springframework.context.annotation.internalRequiredAnnotationProcessor,org.springframework.context.annotation.internalCommonAnnotationProcessor,simpleDirContextAuthenticationStrategy,userReposImpl,contextSource,ldapTemplate,org.springframework.context.annotation.ConfigurationClassPostProcessor.importAwareProcessor,org.springframework.context.annotation.ConfigurationClassPostProcessor.enhancedConfigurationProcessor]; root of factory hierarchy
2016-02-08 14:33:00,508 DEBUG   main [org.springframework.beans.factory.support.DefaultListableBeanFactory] Retrieved dependent beans for bean '(inner bean)#441b6bab': [contextSource]
2016-02-08 14:33:00,508 DEBUG   main [org.springframework.beans.factory.support.DefaultListableBeanFactory] Retrieved dependent beans for bean '(inner bean)#6439ca7b': [(inner bean)#441b6bab]
2016-02-08 14:37:55,647 DEBUG   main [org.springframework.core.env.StandardEnvironment] Adding [systemProperties] PropertySource with lowest search precedence
2016-02-08 14:37:55,651 DEBUG   main [org.springframework.core.env.StandardEnvironment] Adding [systemEnvironment] PropertySource with lowest search precedence
2016-02-08 14:37:55,651 DEBUG   main [org.springframework.core.env.StandardEnvironment] Initialized StandardEnvironment with PropertySources [systemProperties,systemEnvironment]
2016-02-08 14:37:55,656 INFO   main [org.springframework.context.support.ClassPathXmlApplicationContext] Refreshing org.springframework.context.support.ClassPathXmlApplicationContext@60c4d1a7: startup date [Mon Feb 08 14:37:55 EST 2016]; root of context hierarchy
2016-02-08 14:37:55,701 DEBUG   main [org.springframework.core.env.StandardEnvironment] Adding [systemProperties] PropertySource with lowest search precedence
2016-02-08 14:37:55,701 DEBUG   main [org.springframework.core.env.StandardEnvironment] Adding [systemEnvironment] PropertySource with lowest search precedence
2016-02-08 14:37:55,701 DEBUG   main [org.springframework.core.env.StandardEnvironment] Initialized StandardEnvironment with PropertySources [systemProperties,systemEnvironment]
2016-02-08 14:37:55,717 INFO   main [org.springframework.beans.factory.xml.XmlBeanDefinitionReader] Loading XML bean definitions from class path resource [spring-ldap-example.xml]
2016-02-08 14:37:55,720 DEBUG   main [org.springframework.beans.factory.xml.DefaultDocumentLoader] Using JAXP provider [com.sun.org.apache.xerces.internal.jaxp.DocumentBuilderFactoryImpl]
2016-02-08 14:37:55,747 TRACE   main [org.springframework.beans.factory.xml.PluggableSchemaResolver] Trying to resolve XML entity with public id [null] and system id [http://www.springframework.org/schema/beans/spring-beans.xsd]
2016-02-08 14:37:55,747 DEBUG   main [org.springframework.beans.factory.xml.PluggableSchemaResolver] Loading schema mappings from [META-INF/spring.schemas]
2016-02-08 14:37:55,763 DEBUG   main [org.springframework.beans.factory.xml.PluggableSchemaResolver] Loaded schema mappings: {http://www.springframework.org/schema/tx/spring-tx-2.5.xsd=org/springframework/transaction/config/spring-tx-2.5.xsd, http://www.springframework.org/schema/cache/spring-cache-4.2.xsd=org/springframework/cache/config/spring-cache-4.2.xsd, http://www.springframework.org/schema/aop/spring-aop-4.1.xsd=org/springframework/aop/config/spring-aop-4.1.xsd, http://www.springframework.org/schema/context/spring-context-3.1.xsd=org/springframework/context/config/spring-context-3.1.xsd, http://www.springframework.org/schema/data/repository/spring-repository-1.4.xsd=org/springframework/data/repository/config/spring-repository-1.4.xsd, http://www.springframework.org/schema/util/spring-util-3.0.xsd=org/springframework/beans/factory/xml/spring-util-3.0.xsd, http://www.springframework.org/schema/tool/spring-tool.xsd=org/springframework/beans/factory/xml/spring-tool-4.2.xsd, http://www.springframework.org/schema/aop/spring-aop-3.2.xsd=org/springframework/aop/config/spring-aop-3.2.xsd, http://www.springframework.org/schema/lang/spring-lang-4.1.xsd=org/springframework/scripting/config/spring-lang-4.1.xsd, http://www.springframework.org/schema/context/spring-context-4.0.xsd=org/springframework/context/config/spring-context-4.0.xsd, http://www.springframework.org/schema/beans/spring-beans-4.2.xsd=org/springframework/beans/factory/xml/spring-beans-4.2.xsd, http://www.springframework.org/schema/tool/spring-tool-4.1.xsd=org/springframework/beans/factory/xml/spring-tool-4.1.xsd, http://www.springframework.org/schema/lang/spring-lang-3.2.xsd=org/springframework/scripting/config/spring-lang-3.2.xsd, http://www.springframework.org/schema/cache/spring-cache-3.2.xsd=org/springframework/cache/config/spring-cache-3.2.xsd, http://www.springframework.org/schema/jee/spring-jee-4.1.xsd=org/springframework/ejb/config/spring-jee-4.1.xsd, http://www.springframework.org/schema/task/spring-task-4.2.xsd=org/springframework/scheduling/config/spring-task-4.2.xsd, http://www.springframework.org/schema/util/spring-util-2.0.xsd=org/springframework/beans/factory/xml/spring-util-2.0.xsd, http://www.springframework.org/schema/tool/spring-tool-3.2.xsd=org/springframework/beans/factory/xml/spring-tool-3.2.xsd, http://www.springframework.org/schema/context/spring-context.xsd=org/springframework/context/config/spring-context-4.2.xsd, http://www.springframework.org/schema/tx/spring-tx-4.2.xsd=org/springframework/transaction/config/spring-tx-4.2.xsd, http://www.springframework.org/schema/cache/spring-cache-4.1.xsd=org/springframework/cache/config/spring-cache-4.1.xsd, http://www.springframework.org/schema/aop/spring-aop-4.0.xsd=org/springframework/aop/config/spring-aop-4.0.xsd, http://www.springframework.org/schema/jee/spring-jee-3.2.xsd=org/springframework/ejb/config/spring-jee-3.2.xsd, http://www.springframework.org/schema/context/spring-context-3.0.xsd=org/springframework/context/config/spring-context-3.0.xsd, http://www.springframework.org/schema/util/spring-util-2.5.xsd=org/springframework/beans/factory/xml/spring-util-2.5.xsd, http://www.springframework.org/schema/beans/spring-beans-3.2.xsd=org/springframework/beans/factory/xml/spring-beans-3.2.xsd, http://www.springframework.org/schema/aop/spring-aop-3.1.xsd=org/springframework/aop/config/spring-aop-3.1.xsd, http://www.springframework.org/schema/ldap/spring-ldap-2.0.xsd=org/springframework/ldap/config/spring-ldap-2.0.xsd, http://www.springframework.org/schema/lang/spring-lang-4.0.xsd=org/springframework/scripting/config/spring-lang-4.0.xsd, http://www.springframework.org/schema/beans/spring-beans-4.1.xsd=org/springframework/beans/factory/xml/spring-beans-4.1.xsd, http://www.springframework.org/schema/tool/spring-tool-4.0.xsd=org/springframework/beans/factory/xml/spring-tool-4.0.xsd, http://www.springframework.org/schema/tx/spring-tx-3.2.xsd=org/springframework/transaction/config/spring-tx-3.2.xsd, http://www.springframework.org/schema/lang/spring-lang-3.1.xsd=org/springframework/scripting/config/spring-lang-3.1.xsd, http://www.springframework.org/schema/cache/spring-cache-3.1.xsd=org/springframework/cache/config/spring-cache-3.1.xsd, http://www.springframework.org/schema/jee/spring-jee-4.0.xsd=org/springframework/ejb/config/spring-jee-4.0.xsd, http://www.springframework.org/schema/task/spring-task-4.1.xsd=org/springframework/scheduling/config/spring-task-4.1.xsd, http://www.springframework.org/schema/tool/spring-tool-3.1.xsd=org/springframework/beans/factory/xml/spring-tool-3.1.xsd, http://www.springframework.org/schema/tx/spring-tx-4.1.xsd=org/springframework/transaction/config/spring-tx-4.1.xsd, http://www.springframework.org/schema/cache/spring-cache-4.0.xsd=org/springframework/cache/config/spring-cache-4.0.xsd, http://www.springframework.org/schema/jee/spring-jee-3.1.xsd=org/springframework/ejb/config/spring-jee-3.1.xsd, http://www.springframework.org/schema/task/spring-task-3.2.xsd=org/springframework/scheduling/config/spring-task-3.2.xsd, http://www.springframework.org/schema/util/spring-util-4.2.xsd=org/springframework/beans/factory/xml/spring-util-4.2.xsd, http://www.springframework.org/schema/beans/spring-beans-3.1.xsd=org/springframework/beans/factory/xml/spring-beans-3.1.xsd, http://www.springframework.org/schema/util/spring-util.xsd=org/springframework/beans/factory/xml/spring-util-4.2.xsd, http://www.springframework.org/schema/aop/spring-aop-3.0.xsd=org/springframework/aop/config/spring-aop-3.0.xsd, http://www.springframework.org/schema/data/repository/spring-repository.xsd=org/springframework/data/repository/config/spring-repository-1.7.xsd, http://www.springframework.org/schema/data/repository/spring-repository-1.7.xsd=org/springframework/data/repository/config/spring-repository-1.7.xsd, http://www.springframework.org/schema/ldap/spring-ldap.xsd=org/springframework/ldap/config/spring-ldap-2.0.xsd, http://www.springframework.org/schema/beans/spring-beans-4.0.xsd=org/springframework/beans/factory/xml/spring-beans-4.0.xsd, http://www.springframework.org/schema/beans/spring-beans.xsd=org/springframework/beans/factory/xml/spring-beans-4.2.xsd, http://www.springframework.org/schema/tx/spring-tx-3.1.xsd=org/springframework/transaction/config/spring-tx-3.1.xsd, http://www.springframework.org/schema/lang/spring-lang-3.0.xsd=org/springframework/scripting/config/spring-lang-3.0.xsd, http://www.springframework.org/schema/context/spring-context-2.5.xsd=org/springframework/context/config/spring-context-2.5.xsd, http://www.springframework.org/schema/task/spring-task-4.0.xsd=org/springframework/scheduling/config/spring-task-4.0.xsd, http://www.springframework.org/schema/tool/spring-tool-3.0.xsd=org/springframework/beans/factory/xml/spring-tool-3.0.xsd, http://www.springframework.org/schema/tx/spring-tx-4.0.xsd=org/springframework/transaction/config/spring-tx-4.0.xsd, http://www.springframework.org/schema/aop/spring-aop-2.0.xsd=org/springframework/aop/config/spring-aop-2.0.xsd, http://www.springframework.org/schema/jee/spring-jee-3.0.xsd=org/springframework/ejb/config/spring-jee-3.0.xsd, http://www.springframework.org/schema/util/spring-util-4.1.xsd=org/springframework/beans/factory/xml/spring-util-4.1.xsd, http://www.springframework.org/schema/task/spring-task-3.1.xsd=org/springframework/scheduling/config/spring-task-3.1.xsd, http://www.springframework.org/schema/beans/spring-beans-3.0.xsd=org/springframework/beans/factory/xml/spring-beans-3.0.xsd, http://www.springframework.org/schema/jee/spring-jee.xsd=org/springframework/ejb/config/spring-jee-4.2.xsd, http://www.springframework.org/schema/aop/spring-aop-2.5.xsd=org/springframework/aop/config/spring-aop-2.5.xsd, http://www.springframework.org/schema/lang/spring-lang-2.0.xsd=org/springframework/scripting/config/spring-lang-2.0.xsd, http://www.springframework.org/schema/data/repository/spring-repository-1.6.xsd=org/springframework/data/repository/config/spring-repository-1.6.xsd, http://www.springframework.org/schema/util/spring-util-3.2.xsd=org/springframework/beans/factory/xml/spring-util-3.2.xsd, http://www.springframework.org/schema/task/spring-task.xsd=org/springframework/scheduling/config/spring-task-4.2.xsd, http://www.springframework.org/schema/tool/spring-tool-2.0.xsd=org/springframework/beans/factory/xml/spring-tool-2.0.xsd, http://www.springframework.org/schema/tx/spring-tx-3.0.xsd=org/springframework/transaction/config/spring-tx-3.0.xsd, http://www.springframework.org/schema/lang/spring-lang-2.5.xsd=org/springframework/scripting/config/spring-lang-2.5.xsd, http://www.springframework.org/schema/context/spring-context-4.2.xsd=org/springframework/context/config/spring-context-4.2.xsd, http://www.springframework.org/schema/jee/spring-jee-2.0.xsd=org/springframework/ejb/config/spring-jee-2.0.xsd, http://www.springframework.org/schema/tool/spring-tool-2.5.xsd=org/springframework/beans/factory/xml/spring-tool-2.5.xsd, http://www.springframework.org/schema/jee/spring-jee-2.5.xsd=org/springframework/ejb/config/spring-jee-2.5.xsd, http://www.springframework.org/schema/data/repository/spring-repository-1.0.xsd=org/springframework/data/repository/config/spring-repository-1.0.xsd, http://www.springframework.org/schema/util/spring-util-4.0.xsd=org/springframework/beans/factory/xml/spring-util-4.0.xsd, http://www.springframework.org/schema/task/spring-task-3.0.xsd=org/springframework/scheduling/config/spring-task-3.0.xsd, http://www.springframework.org/schema/aop/spring-aop-4.2.xsd=org/springframework/aop/config/spring-aop-4.2.xsd, http://www.springframework.org/schema/lang/spring-lang.xsd=org/springframework/scripting/config/spring-lang-4.2.xsd, http://www.springframework.org/schema/context/spring-context-3.2.xsd=org/springframework/context/config/spring-context-3.2.xsd, http://www.springframework.org/schema/data/repository/spring-repository-1.5.xsd=org/springframework/data/repository/config/spring-repository-1.5.xsd, http://www.springframework.org/schema/util/spring-util-3.1.xsd=org/springframework/beans/factory/xml/spring-util-3.1.xsd, http://www.springframework.org/schema/beans/spring-beans-2.0.xsd=org/springframework/beans/factory/xml/spring-beans-2.0.xsd, http://www.springframework.org/schema/cache/spring-cache.xsd=org/springframework/cache/config/spring-cache-4.2.xsd, http://www.springframework.org/schema/tx/spring-tx.xsd=org/springframework/transaction/config/spring-tx-4.2.xsd, http://www.springframework.org/schema/lang/spring-lang-4.2.xsd=org/springframework/scripting/config/spring-lang-4.2.xsd, http://www.springframework.org/schema/context/spring-context-4.1.xsd=org/springframework/context/config/spring-context-4.1.xsd, http://www.springframework.org/schema/beans/spring-beans-2.5.xsd=org/springframework/beans/factory/xml/spring-beans-2.5.xsd, http://www.springframework.org/schema/tool/spring-tool-4.2.xsd=org/springframework/beans/factory/xml/spring-tool-4.2.xsd, http://www.springframework.org/schema/tx/spring-tx-2.0.xsd=org/springframework/transaction/config/spring-tx-2.0.xsd, http://www.springframework.org/schema/jee/spring-jee-4.2.xsd=org/springframework/ejb/config/spring-jee-4.2.xsd, http://www.springframework.org/schema/aop/spring-aop.xsd=org/springframework/aop/config/spring-aop-4.2.xsd}
2016-02-08 14:37:55,768 DEBUG   main [org.springframework.beans.factory.xml.PluggableSchemaResolver] Found XML schema [http://www.springframework.org/schema/beans/spring-beans.xsd] in classpath: org/springframework/beans/factory/xml/spring-beans-4.2.xsd
2016-02-08 14:37:55,849 TRACE   main [org.springframework.beans.factory.xml.PluggableSchemaResolver] Trying to resolve XML entity with public id [null] and system id [http://www.springframework.org/schema/context/spring-context.xsd]
2016-02-08 14:37:55,850 DEBUG   main [org.springframework.beans.factory.xml.PluggableSchemaResolver] Found XML schema [http://www.springframework.org/schema/context/spring-context.xsd] in classpath: org/springframework/context/config/spring-context-4.2.xsd
2016-02-08 14:37:55,862 TRACE   main [org.springframework.beans.factory.xml.PluggableSchemaResolver] Trying to resolve XML entity with public id [null] and system id [http://www.springframework.org/schema/tool/spring-tool-4.2.xsd]
2016-02-08 14:37:55,863 DEBUG   main [org.springframework.beans.factory.xml.PluggableSchemaResolver] Found XML schema [http://www.springframework.org/schema/tool/spring-tool-4.2.xsd] in classpath: org/springframework/beans/factory/xml/spring-tool-4.2.xsd
2016-02-08 14:37:55,876 TRACE   main [org.springframework.beans.factory.xml.PluggableSchemaResolver] Trying to resolve XML entity with public id [null] and system id [http://www.springframework.org/schema/ldap/spring-ldap.xsd]
2016-02-08 14:37:55,877 DEBUG   main [org.springframework.beans.factory.xml.PluggableSchemaResolver] Found XML schema [http://www.springframework.org/schema/ldap/spring-ldap.xsd] in classpath: org/springframework/ldap/config/spring-ldap-2.0.xsd
2016-02-08 14:37:55,892 TRACE   main [org.springframework.beans.factory.xml.PluggableSchemaResolver] Trying to resolve XML entity with public id [null] and system id [http://www.springframework.org/schema/data/repository/spring-repository.xsd]
2016-02-08 14:37:55,895 DEBUG   main [org.springframework.beans.factory.xml.PluggableSchemaResolver] Found XML schema [http://www.springframework.org/schema/data/repository/spring-repository.xsd] in classpath: org/springframework/data/repository/config/spring-repository-1.7.xsd
2016-02-08 14:37:55,915 DEBUG   main [org.springframework.beans.factory.xml.DefaultBeanDefinitionDocumentReader] Loading bean definitions
2016-02-08 14:37:55,935 DEBUG   main [org.springframework.beans.factory.xml.DefaultNamespaceHandlerResolver] Loaded NamespaceHandler mappings: {http://www.springframework.org/schema/p=org.springframework.beans.factory.xml.SimplePropertyNamespaceHandler, http://www.springframework.org/schema/util=org.springframework.beans.factory.xml.UtilNamespaceHandler, http://www.springframework.org/schema/jee=org.springframework.ejb.config.JeeNamespaceHandler, http://www.springframework.org/schema/aop=org.springframework.aop.config.AopNamespaceHandler, http://www.springframework.org/schema/data/repository=org.springframework.data.repository.config.RepositoryNameSpaceHandler, http://www.springframework.org/schema/cache=org.springframework.cache.config.CacheNamespaceHandler, http://www.springframework.org/schema/c=org.springframework.beans.factory.xml.SimpleConstructorNamespaceHandler, http://www.springframework.org/schema/ldap=org.springframework.ldap.config.LdapNamespaceHandler, http://www.springframework.org/schema/tx=org.springframework.transaction.config.TxNamespaceHandler, http://www.springframework.org/schema/task=org.springframework.scheduling.config.TaskNamespaceHandler, http://www.springframework.org/schema/lang=org.springframework.scripting.config.LangNamespaceHandler, http://www.springframework.org/schema/context=org.springframework.context.config.ContextNamespaceHandler}
2016-02-08 14:37:55,973 DEBUG   main [org.springframework.core.env.StandardEnvironment] Adding [systemProperties] PropertySource with lowest search precedence
2016-02-08 14:37:55,973 DEBUG   main [org.springframework.core.env.StandardEnvironment] Adding [systemEnvironment] PropertySource with lowest search precedence
2016-02-08 14:37:55,974 DEBUG   main [org.springframework.core.env.StandardEnvironment] Initialized StandardEnvironment with PropertySources [systemProperties,systemEnvironment]
2016-02-08 14:37:55,990 DEBUG   main [org.springframework.core.io.support.PathMatchingResourcePatternResolver] Looking for matching resources in directory tree [C:\Eclipse\workspace\SpringLdapProject\bin\gov\fema\adminportal\ldap]
2016-02-08 14:37:55,990 DEBUG   main [org.springframework.core.io.support.PathMatchingResourcePatternResolver] Searching directory [C:\Eclipse\workspace\SpringLdapProject\bin\gov\fema\adminportal\ldap] for files matching pattern [C:/Eclipse/workspace/SpringLdapProject/bin/gov/fema/adminportal/ldap/**/*.class]
2016-02-08 14:37:55,993 DEBUG   main [org.springframework.core.io.support.PathMatchingResourcePatternResolver] Searching directory [C:\Eclipse\workspace\SpringLdapProject\bin\gov\fema\adminportal\ldap\app] for files matching pattern [C:/Eclipse/workspace/SpringLdapProject/bin/gov/fema/adminportal/ldap/**/*.class]
2016-02-08 14:37:55,994 DEBUG   main [org.springframework.core.io.support.PathMatchingResourcePatternResolver] Searching directory [C:\Eclipse\workspace\SpringLdapProject\bin\gov\fema\adminportal\ldap\model] for files matching pattern [C:/Eclipse/workspace/SpringLdapProject/bin/gov/fema/adminportal/ldap/**/*.class]
2016-02-08 14:37:55,995 DEBUG   main [org.springframework.core.io.support.PathMatchingResourcePatternResolver] Searching directory [C:\Eclipse\workspace\SpringLdapProject\bin\gov\fema\adminportal\ldap\repository] for files matching pattern [C:/Eclipse/workspace/SpringLdapProject/bin/gov/fema/adminportal/ldap/**/*.class]
2016-02-08 14:37:55,998 DEBUG   main [org.springframework.core.io.support.PathMatchingResourcePatternResolver] Resolved location pattern [classpath*:gov/fema/adminportal/ldap/**/*.class] to resources [file [C:\Eclipse\workspace\SpringLdapProject\bin\gov\fema\adminportal\ldap\app\LdapApp.class], file [C:\Eclipse\workspace\SpringLdapProject\bin\gov\fema\adminportal\ldap\model\Group.class], file [C:\Eclipse\workspace\SpringLdapProject\bin\gov\fema\adminportal\ldap\model\LDAPConfig.class], file [C:\Eclipse\workspace\SpringLdapProject\bin\gov\fema\adminportal\ldap\model\User.class], file [C:\Eclipse\workspace\SpringLdapProject\bin\gov\fema\adminportal\ldap\repository\UserRepository.class], file [C:\Eclipse\workspace\SpringLdapProject\bin\gov\fema\adminportal\ldap\repository\UserRepositoryImpl$1.class], file [C:\Eclipse\workspace\SpringLdapProject\bin\gov\fema\adminportal\ldap\repository\UserRepositoryImpl$MultipleAttributesMapper.class], file [C:\Eclipse\workspace\SpringLdapProject\bin\gov\fema\adminportal\ldap\repository\UserRepositoryImpl$SingleAttributesMapper.class], file [C:\Eclipse\workspace\SpringLdapProject\bin\gov\fema\adminportal\ldap\repository\UserRepositoryImpl$UserAttributesMapper.class], file [C:\Eclipse\workspace\SpringLdapProject\bin\gov\fema\adminportal\ldap\repository\UserRepositoryImpl.class]]
2016-02-08 14:37:55,998 TRACE   main [org.springframework.context.annotation.ClassPathBeanDefinitionScanner] Scanning file [C:\Eclipse\workspace\SpringLdapProject\bin\gov\fema\adminportal\ldap\app\LdapApp.class]
2016-02-08 14:37:56,020 TRACE   main [org.springframework.context.annotation.ClassPathBeanDefinitionScanner] Ignored because not matching any filter: file [C:\Eclipse\workspace\SpringLdapProject\bin\gov\fema\adminportal\ldap\app\LdapApp.class]
2016-02-08 14:37:56,020 TRACE   main [org.springframework.context.annotation.ClassPathBeanDefinitionScanner] Scanning file [C:\Eclipse\workspace\SpringLdapProject\bin\gov\fema\adminportal\ldap\model\Group.class]
2016-02-08 14:37:56,021 TRACE   main [org.springframework.context.annotation.ClassPathBeanDefinitionScanner] Ignored because not matching any filter: file [C:\Eclipse\workspace\SpringLdapProject\bin\gov\fema\adminportal\ldap\model\Group.class]
2016-02-08 14:37:56,021 TRACE   main [org.springframework.context.annotation.ClassPathBeanDefinitionScanner] Scanning file [C:\Eclipse\workspace\SpringLdapProject\bin\gov\fema\adminportal\ldap\model\LDAPConfig.class]
2016-02-08 14:37:56,022 TRACE   main [org.springframework.context.annotation.ClassPathBeanDefinitionScanner] Ignored because not matching any filter: file [C:\Eclipse\workspace\SpringLdapProject\bin\gov\fema\adminportal\ldap\model\LDAPConfig.class]
2016-02-08 14:37:56,022 TRACE   main [org.springframework.context.annotation.ClassPathBeanDefinitionScanner] Scanning file [C:\Eclipse\workspace\SpringLdapProject\bin\gov\fema\adminportal\ldap\model\User.class]
2016-02-08 14:37:56,022 TRACE   main [org.springframework.context.annotation.ClassPathBeanDefinitionScanner] Ignored because not matching any filter: file [C:\Eclipse\workspace\SpringLdapProject\bin\gov\fema\adminportal\ldap\model\User.class]
2016-02-08 14:37:56,023 TRACE   main [org.springframework.context.annotation.ClassPathBeanDefinitionScanner] Scanning file [C:\Eclipse\workspace\SpringLdapProject\bin\gov\fema\adminportal\ldap\repository\UserRepository.class]
2016-02-08 14:37:56,024 TRACE   main [org.springframework.context.annotation.ClassPathBeanDefinitionScanner] Ignored because not matching any filter: file [C:\Eclipse\workspace\SpringLdapProject\bin\gov\fema\adminportal\ldap\repository\UserRepository.class]
2016-02-08 14:37:56,024 TRACE   main [org.springframework.context.annotation.ClassPathBeanDefinitionScanner] Scanning file [C:\Eclipse\workspace\SpringLdapProject\bin\gov\fema\adminportal\ldap\repository\UserRepositoryImpl$1.class]
2016-02-08 14:37:56,025 TRACE   main [org.springframework.context.annotation.ClassPathBeanDefinitionScanner] Ignored because not matching any filter: file [C:\Eclipse\workspace\SpringLdapProject\bin\gov\fema\adminportal\ldap\repository\UserRepositoryImpl$1.class]
2016-02-08 14:37:56,026 TRACE   main [org.springframework.context.annotation.ClassPathBeanDefinitionScanner] Scanning file [C:\Eclipse\workspace\SpringLdapProject\bin\gov\fema\adminportal\ldap\repository\UserRepositoryImpl$MultipleAttributesMapper.class]
2016-02-08 14:37:56,026 TRACE   main [org.springframework.context.annotation.ClassPathBeanDefinitionScanner] Ignored because not matching any filter: file [C:\Eclipse\workspace\SpringLdapProject\bin\gov\fema\adminportal\ldap\repository\UserRepositoryImpl$MultipleAttributesMapper.class]
2016-02-08 14:37:56,026 TRACE   main [org.springframework.context.annotation.ClassPathBeanDefinitionScanner] Scanning file [C:\Eclipse\workspace\SpringLdapProject\bin\gov\fema\adminportal\ldap\repository\UserRepositoryImpl$SingleAttributesMapper.class]
2016-02-08 14:37:56,027 TRACE   main [org.springframework.context.annotation.ClassPathBeanDefinitionScanner] Ignored because not matching any filter: file [C:\Eclipse\workspace\SpringLdapProject\bin\gov\fema\adminportal\ldap\repository\UserRepositoryImpl$SingleAttributesMapper.class]
2016-02-08 14:37:56,027 TRACE   main [org.springframework.context.annotation.ClassPathBeanDefinitionScanner] Scanning file [C:\Eclipse\workspace\SpringLdapProject\bin\gov\fema\adminportal\ldap\repository\UserRepositoryImpl$UserAttributesMapper.class]
2016-02-08 14:37:56,028 TRACE   main [org.springframework.context.annotation.ClassPathBeanDefinitionScanner] Ignored because not matching any filter: file [C:\Eclipse\workspace\SpringLdapProject\bin\gov\fema\adminportal\ldap\repository\UserRepositoryImpl$UserAttributesMapper.class]
2016-02-08 14:37:56,028 TRACE   main [org.springframework.context.annotation.ClassPathBeanDefinitionScanner] Scanning file [C:\Eclipse\workspace\SpringLdapProject\bin\gov\fema\adminportal\ldap\repository\UserRepositoryImpl.class]
2016-02-08 14:37:56,039 DEBUG   main [org.springframework.context.annotation.ClassPathBeanDefinitionScanner] Identified candidate component class: file [C:\Eclipse\workspace\SpringLdapProject\bin\gov\fema\adminportal\ldap\repository\UserRepositoryImpl.class]
2016-02-08 14:37:56,095 DEBUG   main [org.springframework.beans.factory.xml.XmlBeanDefinitionReader] Loaded 11 bean definitions from location pattern [spring-ldap-example.xml]
2016-02-08 14:37:56,095 DEBUG   main [org.springframework.context.support.ClassPathXmlApplicationContext] Bean factory for org.springframework.context.support.ClassPathXmlApplicationContext@60c4d1a7: org.springframework.beans.factory.support.DefaultListableBeanFactory@2626ea08: defining beans [org.springframework.context.support.PropertySourcesPlaceholderConfigurer#0,ldapConfig,userRepositoryImpl,org.springframework.context.annotation.internalConfigurationAnnotationProcessor,org.springframework.context.annotation.internalAutowiredAnnotationProcessor,org.springframework.context.annotation.internalRequiredAnnotationProcessor,org.springframework.context.annotation.internalCommonAnnotationProcessor,simpleDirContextAuthenticationStrategy,userReposImpl,contextSource,ldapTemplate]; root of factory hierarchy
2016-02-08 14:37:56,138 DEBUG   main [org.springframework.beans.factory.support.DefaultListableBeanFactory] Creating shared instance of singleton bean 'org.springframework.context.annotation.internalConfigurationAnnotationProcessor'
2016-02-08 14:37:56,138 DEBUG   main [org.springframework.beans.factory.support.DefaultListableBeanFactory] Creating instance of bean 'org.springframework.context.annotation.internalConfigurationAnnotationProcessor'
2016-02-08 14:37:56,160 DEBUG   main [org.springframework.beans.factory.support.DefaultListableBeanFactory] Eagerly caching bean 'org.springframework.context.annotation.internalConfigurationAnnotationProcessor' to allow for resolving potential circular references
2016-02-08 14:37:56,162 DEBUG   main [org.springframework.beans.factory.support.DefaultListableBeanFactory] Finished creating instance of bean 'org.springframework.context.annotation.internalConfigurationAnnotationProcessor'
2016-02-08 14:37:56,225 DEBUG   main [org.springframework.beans.factory.support.DefaultListableBeanFactory] Creating shared instance of singleton bean 'org.springframework.context.support.PropertySourcesPlaceholderConfigurer#0'
2016-02-08 14:37:56,225 DEBUG   main [org.springframework.beans.factory.support.DefaultListableBeanFactory] Creating instance of bean 'org.springframework.context.support.PropertySourcesPlaceholderConfigurer#0'
2016-02-08 14:37:56,226 DEBUG   main [org.springframework.beans.factory.support.DefaultListableBeanFactory] Eagerly caching bean 'org.springframework.context.support.PropertySourcesPlaceholderConfigurer#0' to allow for resolving potential circular references
2016-02-08 14:37:56,232 TRACE   main [org.springframework.core.io.support.SpringFactoriesLoader] Loaded [org.springframework.beans.BeanInfoFactory] names: [org.springframework.beans.ExtendedBeanInfoFactory]
2016-02-08 14:37:56,233 TRACE   main [org.springframework.beans.CachedIntrospectionResults] Getting BeanInfo for class [org.springframework.context.support.PropertySourcesPlaceholderConfigurer]
2016-02-08 14:37:56,244 TRACE   main [org.springframework.beans.CachedIntrospectionResults] Caching PropertyDescriptors for class [org.springframework.context.support.PropertySourcesPlaceholderConfigurer]
2016-02-08 14:37:56,244 TRACE   main [org.springframework.beans.CachedIntrospectionResults] Found bean property 'appliedPropertySources' of type [org.springframework.core.env.PropertySources]
2016-02-08 14:37:56,249 TRACE   main [org.springframework.beans.CachedIntrospectionResults] Found bean property 'beanFactory' of type [org.springframework.beans.factory.BeanFactory]
2016-02-08 14:37:56,250 TRACE   main [org.springframework.beans.CachedIntrospectionResults] Found bean property 'beanName' of type [java.lang.String]
2016-02-08 14:37:56,251 TRACE   main [org.springframework.beans.CachedIntrospectionResults] Found bean property 'class' of type [java.lang.Class]
2016-02-08 14:37:56,252 TRACE   main [org.springframework.beans.CachedIntrospectionResults] Found bean property 'environment' of type [org.springframework.core.env.Environment]
2016-02-08 14:37:56,252 TRACE   main [org.springframework.beans.CachedIntrospectionResults] Found bean property 'fileEncoding' of type [java.lang.String]
2016-02-08 14:37:56,252 TRACE   main [org.springframework.beans.CachedIntrospectionResults] Found bean property 'ignoreResourceNotFound' of type [boolean]
2016-02-08 14:37:56,252 TRACE   main [org.springframework.beans.CachedIntrospectionResults] Found bean property 'ignoreUnresolvablePlaceholders' of type [boolean]
2016-02-08 14:37:56,252 TRACE   main [org.springframework.beans.CachedIntrospectionResults] Found bean property 'localOverride' of type [boolean]
2016-02-08 14:37:56,253 TRACE   main [org.springframework.beans.CachedIntrospectionResults] Found bean property 'location' of type [org.springframework.core.io.Resource]
2016-02-08 14:37:56,253 TRACE   main [org.springframework.beans.CachedIntrospectionResults] Found bean property 'locations' of type [[Lorg.springframework.core.io.Resource;]
2016-02-08 14:37:56,253 TRACE   main [org.springframework.beans.CachedIntrospectionResults] Found bean property 'nullValue' of type [java.lang.String]
2016-02-08 14:37:56,254 TRACE   main [org.springframework.beans.CachedIntrospectionResults] Found bean property 'order' of type [int]
2016-02-08 14:37:56,254 TRACE   main [org.springframework.beans.CachedIntrospectionResults] Found bean property 'placeholderPrefix' of type [java.lang.String]
2016-02-08 14:37:56,254 TRACE   main [org.springframework.beans.CachedIntrospectionResults] Found bean property 'placeholderSuffix' of type [java.lang.String]
2016-02-08 14:37:56,254 TRACE   main [org.springframework.beans.CachedIntrospectionResults] Found bean property 'properties' of type [java.util.Properties]
2016-02-08 14:37:56,254 TRACE   main [org.springframework.beans.CachedIntrospectionResults] Found bean property 'propertiesArray' of type [[Ljava.util.Properties;]
2016-02-08 14:37:56,255 TRACE   main [org.springframework.beans.CachedIntrospectionResults] Found bean property 'propertiesPersister' of type [org.springframework.util.PropertiesPersister]
2016-02-08 14:37:56,255 TRACE   main [org.springframework.beans.CachedIntrospectionResults] Found bean property 'propertySources' of type [org.springframework.core.env.PropertySources]
2016-02-08 14:37:56,255 TRACE   main [org.springframework.beans.CachedIntrospectionResults] Found bean property 'valueSeparator' of type [java.lang.String]
2016-02-08 14:37:56,262 DEBUG   main [org.springframework.beans.factory.support.DefaultListableBeanFactory] Finished creating instance of bean 'org.springframework.context.support.PropertySourcesPlaceholderConfigurer#0'
2016-02-08 14:37:56,263 DEBUG   main [org.springframework.core.env.MutablePropertySources] Adding [environmentProperties] PropertySource with lowest search precedence
2016-02-08 14:37:56,263 INFO   main [org.springframework.context.support.PropertySourcesPlaceholderConfigurer] Loading properties file from class path resource [ldap.properties]
2016-02-08 14:37:56,264 DEBUG   main [org.springframework.core.env.MutablePropertySources] Adding [localProperties] PropertySource with lowest search precedence
2016-02-08 14:37:56,268 TRACE   main [org.springframework.core.env.PropertySourcesPropertyResolver] getProperty("BoUser", String)
2016-02-08 14:37:56,269 DEBUG   main [org.springframework.core.env.PropertySourcesPropertyResolver] Searching for key 'BoUser' in [environmentProperties]
2016-02-08 14:37:56,269 TRACE   main [org.springframework.core.env.PropertySourcesPropertyResolver] getProperty("BoUser", String)
2016-02-08 14:37:56,269 DEBUG   main [org.springframework.core.env.PropertySourcesPropertyResolver] Searching for key 'BoUser' in [systemProperties]
2016-02-08 14:37:56,270 DEBUG   main [org.springframework.core.env.PropertySourcesPropertyResolver] Searching for key 'BoUser' in [systemEnvironment]
2016-02-08 14:37:56,270 DEBUG   main [org.springframework.core.env.PropertySourcesPropertyResolver] Could not find key 'BoUser' in any property source. Returning [null]
2016-02-08 14:37:56,270 DEBUG   main [org.springframework.core.env.PropertySourcesPropertyResolver] Searching for key 'BoUser' in [localProperties]
2016-02-08 14:37:56,270 DEBUG   main [org.springframework.core.env.PropertySourcesPropertyResolver] Found key 'BoUser' in [localProperties] with type [String] and value 'ou=User,ou=BusinessObjectsDisaster,ou=system'
2016-02-08 14:37:56,276 TRACE   main [org.springframework.util.PropertyPlaceholderHelper] Resolved placeholder 'BoUser'
2016-02-08 14:37:56,276 TRACE   main [org.springframework.core.env.PropertySourcesPropertyResolver] getProperty("BoGroup", String)
2016-02-08 14:37:56,277 DEBUG   main [org.springframework.core.env.PropertySourcesPropertyResolver] Searching for key 'BoGroup' in [environmentProperties]
2016-02-08 14:37:56,277 TRACE   main [org.springframework.core.env.PropertySourcesPropertyResolver] getProperty("BoGroup", String)
2016-02-08 14:37:56,277 DEBUG   main [org.springframework.core.env.PropertySourcesPropertyResolver] Searching for key 'BoGroup' in [systemProperties]
2016-02-08 14:37:56,277 DEBUG   main [org.springframework.core.env.PropertySourcesPropertyResolver] Searching for key 'BoGroup' in [systemEnvironment]
2016-02-08 14:37:56,277 DEBUG   main [org.springframework.core.env.PropertySourcesPropertyResolver] Could not find key 'BoGroup' in any property source. Returning [null]
2016-02-08 14:37:56,278 DEBUG   main [org.springframework.core.env.PropertySourcesPropertyResolver] Searching for key 'BoGroup' in [localProperties]
2016-02-08 14:37:56,278 DEBUG   main [org.springframework.core.env.PropertySourcesPropertyResolver] Found key 'BoGroup' in [localProperties] with type [String] and value 'ou=Group,ou=BusinessObjectsDisaster,ou=system'
2016-02-08 14:37:56,278 TRACE   main [org.springframework.util.PropertyPlaceholderHelper] Resolved placeholder 'BoGroup'
2016-02-08 14:37:56,278 TRACE   main [org.springframework.core.env.PropertySourcesPropertyResolver] getProperty("BoGroupPrefix", String)
2016-02-08 14:37:56,278 DEBUG   main [org.springframework.core.env.PropertySourcesPropertyResolver] Searching for key 'BoGroupPrefix' in [environmentProperties]
2016-02-08 14:37:56,279 TRACE   main [org.springframework.core.env.PropertySourcesPropertyResolver] getProperty("BoGroupPrefix", String)
2016-02-08 14:37:56,279 DEBUG   main [org.springframework.core.env.PropertySourcesPropertyResolver] Searching for key 'BoGroupPrefix' in [systemProperties]
2016-02-08 14:37:56,279 DEBUG   main [org.springframework.core.env.PropertySourcesPropertyResolver] Searching for key 'BoGroupPrefix' in [systemEnvironment]
2016-02-08 14:37:56,279 DEBUG   main [org.springframework.core.env.PropertySourcesPropertyResolver] Could not find key 'BoGroupPrefix' in any property source. Returning [null]
2016-02-08 14:37:56,279 DEBUG   main [org.springframework.core.env.PropertySourcesPropertyResolver] Searching for key 'BoGroupPrefix' in [localProperties]
2016-02-08 14:37:56,280 DEBUG   main [org.springframework.core.env.PropertySourcesPropertyResolver] Found key 'BoGroupPrefix' in [localProperties] with type [String] and value 'cn=Business_Objects_Disaster_Users_'
2016-02-08 14:37:56,280 TRACE   main [org.springframework.util.PropertyPlaceholderHelper] Resolved placeholder 'BoGroupPrefix'
2016-02-08 14:37:56,282 DEBUG   main [org.springframework.beans.factory.support.DefaultListableBeanFactory] Creating shared instance of singleton bean 'org.springframework.context.annotation.internalAutowiredAnnotationProcessor'
2016-02-08 14:37:56,282 DEBUG   main [org.springframework.beans.factory.support.DefaultListableBeanFactory] Creating instance of bean 'org.springframework.context.annotation.internalAutowiredAnnotationProcessor'
2016-02-08 14:37:56,284 DEBUG   main [org.springframework.beans.factory.support.DefaultListableBeanFactory] Eagerly caching bean 'org.springframework.context.annotation.internalAutowiredAnnotationProcessor' to allow for resolving potential circular references
2016-02-08 14:37:56,284 DEBUG   main [org.springframework.beans.factory.support.DefaultListableBeanFactory] Finished creating instance of bean 'org.springframework.context.annotation.internalAutowiredAnnotationProcessor'
2016-02-08 14:37:56,284 DEBUG   main [org.springframework.beans.factory.support.DefaultListableBeanFactory] Creating shared instance of singleton bean 'org.springframework.context.annotation.internalRequiredAnnotationProcessor'
2016-02-08 14:37:56,284 DEBUG   main [org.springframework.beans.factory.support.DefaultListableBeanFactory] Creating instance of bean 'org.springframework.context.annotation.internalRequiredAnnotationProcessor'
2016-02-08 14:37:56,285 DEBUG   main [org.springframework.beans.factory.support.DefaultListableBeanFactory] Eagerly caching bean 'org.springframework.context.annotation.internalRequiredAnnotationProcessor' to allow for resolving potential circular references
2016-02-08 14:37:56,286 DEBUG   main [org.springframework.beans.factory.support.DefaultListableBeanFactory] Finished creating instance of bean 'org.springframework.context.annotation.internalRequiredAnnotationProcessor'
2016-02-08 14:37:56,286 DEBUG   main [org.springframework.beans.factory.support.DefaultListableBeanFactory] Creating shared instance of singleton bean 'org.springframework.context.annotation.internalCommonAnnotationProcessor'
2016-02-08 14:37:56,286 DEBUG   main [org.springframework.beans.factory.support.DefaultListableBeanFactory] Creating instance of bean 'org.springframework.context.annotation.internalCommonAnnotationProcessor'
2016-02-08 14:37:56,298 DEBUG   main [org.springframework.beans.factory.support.DefaultListableBeanFactory] Eagerly caching bean 'org.springframework.context.annotation.internalCommonAnnotationProcessor' to allow for resolving potential circular references
2016-02-08 14:37:56,298 DEBUG   main [org.springframework.beans.factory.support.DefaultListableBeanFactory] Finished creating instance of bean 'org.springframework.context.annotation.internalCommonAnnotationProcessor'
2016-02-08 14:37:56,299 DEBUG   main [org.springframework.beans.factory.support.DefaultListableBeanFactory] Creating shared instance of singleton bean 'org.springframework.context.annotation.ConfigurationClassPostProcessor.importAwareProcessor'
2016-02-08 14:37:56,299 DEBUG   main [org.springframework.beans.factory.support.DefaultListableBeanFactory] Creating instance of bean 'org.springframework.context.annotation.ConfigurationClassPostProcessor.importAwareProcessor'
2016-02-08 14:37:56,299 DEBUG   main [org.springframework.beans.factory.support.DefaultListableBeanFactory] Eagerly caching bean 'org.springframework.context.annotation.ConfigurationClassPostProcessor.importAwareProcessor' to allow for resolving potential circular references
2016-02-08 14:37:56,299 DEBUG   main [org.springframework.beans.factory.support.DefaultListableBeanFactory] Finished creating instance of bean 'org.springframework.context.annotation.ConfigurationClassPostProcessor.importAwareProcessor'
2016-02-08 14:37:56,301 DEBUG   main [org.springframework.beans.factory.support.DefaultListableBeanFactory] Creating shared instance of singleton bean 'org.springframework.context.annotation.ConfigurationClassPostProcessor.enhancedConfigurationProcessor'
2016-02-08 14:37:56,301 DEBUG   main [org.springframework.beans.factory.support.DefaultListableBeanFactory] Creating instance of bean 'org.springframework.context.annotation.ConfigurationClassPostProcessor.enhancedConfigurationProcessor'
2016-02-08 14:37:56,302 DEBUG   main [org.springframework.beans.factory.support.DefaultListableBeanFactory] Eagerly caching bean 'org.springframework.context.annotation.ConfigurationClassPostProcessor.enhancedConfigurationProcessor' to allow for resolving potential circular references
2016-02-08 14:37:56,302 DEBUG   main [org.springframework.beans.factory.support.DefaultListableBeanFactory] Finished creating instance of bean 'org.springframework.context.annotation.ConfigurationClassPostProcessor.enhancedConfigurationProcessor'
2016-02-08 14:37:56,306 DEBUG   main [org.springframework.context.support.ClassPathXmlApplicationContext] Unable to locate MessageSource with name 'messageSource': using default [org.springframework.context.support.DelegatingMessageSource@79d3dd34]
2016-02-08 14:37:56,310 DEBUG   main [org.springframework.context.support.ClassPathXmlApplicationContext] Unable to locate ApplicationEventMulticaster with name 'applicationEventMulticaster': using default [org.springframework.context.event.SimpleApplicationEventMulticaster@53443251]
2016-02-08 14:37:56,312 DEBUG   main [org.springframework.beans.factory.support.DefaultListableBeanFactory] Pre-instantiating singletons in org.springframework.beans.factory.support.DefaultListableBeanFactory@2626ea08: defining beans [org.springframework.context.support.PropertySourcesPlaceholderConfigurer#0,ldapConfig,userRepositoryImpl,org.springframework.context.annotation.internalConfigurationAnnotationProcessor,org.springframework.context.annotation.internalAutowiredAnnotationProcessor,org.springframework.context.annotation.internalRequiredAnnotationProcessor,org.springframework.context.annotation.internalCommonAnnotationProcessor,simpleDirContextAuthenticationStrategy,userReposImpl,contextSource,ldapTemplate,org.springframework.context.annotation.ConfigurationClassPostProcessor.importAwareProcessor,org.springframework.context.annotation.ConfigurationClassPostProcessor.enhancedConfigurationProcessor]; root of factory hierarchy
2016-02-08 14:37:56,312 DEBUG   main [org.springframework.beans.factory.support.DefaultListableBeanFactory] Returning cached instance of singleton bean 'org.springframework.context.support.PropertySourcesPlaceholderConfigurer#0'
2016-02-08 14:37:56,313 DEBUG   main [org.springframework.beans.factory.support.DefaultListableBeanFactory] Creating shared instance of singleton bean 'ldapConfig'
2016-02-08 14:37:56,313 DEBUG   main [org.springframework.beans.factory.support.DefaultListableBeanFactory] Creating instance of bean 'ldapConfig'
2016-02-08 14:37:56,318 DEBUG   main [org.springframework.beans.factory.support.DefaultListableBeanFactory] Eagerly caching bean 'ldapConfig' to allow for resolving potential circular references
2016-02-08 14:37:56,318 TRACE   main [org.springframework.beans.CachedIntrospectionResults] Getting BeanInfo for class [gov.fema.adminportal.ldap.model.LDAPConfig]
2016-02-08 14:37:56,319 TRACE   main [org.springframework.beans.CachedIntrospectionResults] Caching PropertyDescriptors for class [gov.fema.adminportal.ldap.model.LDAPConfig]
2016-02-08 14:37:56,319 TRACE   main [org.springframework.beans.CachedIntrospectionResults] Found bean property 'boGroup' of type [java.lang.String]
2016-02-08 14:37:56,319 TRACE   main [org.springframework.beans.CachedIntrospectionResults] Found bean property 'boGroupPrefix' of type [java.lang.String]
2016-02-08 14:37:56,320 TRACE   main [org.springframework.beans.CachedIntrospectionResults] Found bean property 'boUser' of type [java.lang.String]
2016-02-08 14:37:56,320 TRACE   main [org.springframework.beans.CachedIntrospectionResults] Found bean property 'class' of type [java.lang.Class]
2016-02-08 14:37:56,324 DEBUG   main [org.springframework.beans.factory.support.DefaultListableBeanFactory] Finished creating instance of bean 'ldapConfig'
2016-02-08 14:37:56,325 DEBUG   main [org.springframework.beans.factory.support.DefaultListableBeanFactory] Creating shared instance of singleton bean 'userRepositoryImpl'
2016-02-08 14:37:56,325 DEBUG   main [org.springframework.beans.factory.support.DefaultListableBeanFactory] Creating instance of bean 'userRepositoryImpl'
2016-02-08 14:37:56,336 DEBUG   main [org.springframework.beans.factory.annotation.InjectionMetadata] Registered injected element on class [gov.fema.adminportal.ldap.repository.UserRepositoryImpl]: AutowiredFieldElement for private gov.fema.adminportal.ldap.model.LDAPConfig gov.fema.adminportal.ldap.repository.UserRepositoryImpl.ldapConfig
2016-02-08 14:37:56,337 DEBUG   main [org.springframework.beans.factory.annotation.InjectionMetadata] Registered injected element on class [gov.fema.adminportal.ldap.repository.UserRepositoryImpl]: AutowiredFieldElement for private org.springframework.ldap.core.LdapTemplate gov.fema.adminportal.ldap.repository.UserRepositoryImpl.ldapTemplate
2016-02-08 14:37:56,337 DEBUG   main [org.springframework.beans.factory.support.DefaultListableBeanFactory] Eagerly caching bean 'userRepositoryImpl' to allow for resolving potential circular references
2016-02-08 14:37:56,337 TRACE   main [org.springframework.beans.CachedIntrospectionResults] Getting BeanInfo for class [gov.fema.adminportal.ldap.repository.UserRepositoryImpl]
2016-02-08 14:37:56,339 TRACE   main [org.springframework.beans.CachedIntrospectionResults] Caching PropertyDescriptors for class [gov.fema.adminportal.ldap.repository.UserRepositoryImpl]
2016-02-08 14:37:56,339 TRACE   main [org.springframework.beans.CachedIntrospectionResults] Found bean property 'allUserNames' of type [java.util.List]
2016-02-08 14:37:56,340 TRACE   main [org.springframework.beans.CachedIntrospectionResults] Found bean property 'allUsers' of type [java.util.List]
2016-02-08 14:37:56,342 TRACE   main [org.springframework.beans.CachedIntrospectionResults] Found bean property 'class' of type [java.lang.Class]
2016-02-08 14:37:56,342 DEBUG   main [org.springframework.beans.factory.annotation.InjectionMetadata] Processing injected element of bean 'userRepositoryImpl': AutowiredFieldElement for private gov.fema.adminportal.ldap.model.LDAPConfig gov.fema.adminportal.ldap.repository.UserRepositoryImpl.ldapConfig
2016-02-08 14:37:56,348 DEBUG   main [org.springframework.beans.factory.support.DefaultListableBeanFactory] Returning cached instance of singleton bean 'ldapConfig'
2016-02-08 14:37:56,349 DEBUG   main [org.springframework.beans.factory.annotation.AutowiredAnnotationBeanPostProcessor] Autowiring by type from bean name 'userRepositoryImpl' to bean named 'ldapConfig'
2016-02-08 14:37:56,349 DEBUG   main [org.springframework.beans.factory.annotation.InjectionMetadata] Processing injected element of bean 'userRepositoryImpl': AutowiredFieldElement for private org.springframework.ldap.core.LdapTemplate gov.fema.adminportal.ldap.repository.UserRepositoryImpl.ldapTemplate
2016-02-08 14:37:56,350 DEBUG   main [org.springframework.beans.factory.support.DefaultListableBeanFactory] Creating shared instance of singleton bean 'ldapTemplate'
2016-02-08 14:37:56,350 DEBUG   main [org.springframework.beans.factory.support.DefaultListableBeanFactory] Creating instance of bean 'ldapTemplate'
2016-02-08 14:37:56,369 DEBUG   main [org.springframework.beans.factory.support.DefaultListableBeanFactory] Eagerly caching bean 'ldapTemplate' to allow for resolving potential circular references
2016-02-08 14:37:56,369 TRACE   main [org.springframework.beans.CachedIntrospectionResults] Getting BeanInfo for class [org.springframework.ldap.core.LdapTemplate]
2016-02-08 14:37:56,387 TRACE   main [org.springframework.beans.CachedIntrospectionResults] Caching PropertyDescriptors for class [org.springframework.ldap.core.LdapTemplate]
2016-02-08 14:37:56,387 TRACE   main [org.springframework.beans.CachedIntrospectionResults] Found bean property 'class' of type [java.lang.Class]
2016-02-08 14:37:56,388 TRACE   main [org.springframework.beans.CachedIntrospectionResults] Found bean property 'contextSource' of type [org.springframework.ldap.core.ContextSource]
2016-02-08 14:37:56,388 TRACE   main [org.springframework.beans.CachedIntrospectionResults] Found bean property 'defaultCountLimit' of type [int]
2016-02-08 14:37:56,388 TRACE   main [org.springframework.beans.CachedIntrospectionResults] Found bean property 'defaultSearchScope' of type [int]
2016-02-08 14:37:56,388 TRACE   main [org.springframework.beans.CachedIntrospectionResults] Found bean property 'defaultTimeLimit' of type [int]
2016-02-08 14:37:56,388 TRACE   main [org.springframework.beans.CachedIntrospectionResults] Found bean property 'ignoreNameNotFoundException' of type [boolean]
2016-02-08 14:37:56,388 TRACE   main [org.springframework.beans.CachedIntrospectionResults] Found bean property 'ignorePartialResultException' of type [boolean]
2016-02-08 14:37:56,388 TRACE   main [org.springframework.beans.CachedIntrospectionResults] Found bean property 'ignoreSizeLimitExceededException' of type [boolean]
2016-02-08 14:37:56,388 TRACE   main [org.springframework.beans.CachedIntrospectionResults] Found bean property 'objectDirectoryMapper' of type [org.springframework.ldap.odm.core.ObjectDirectoryMapper]
2016-02-08 14:37:56,389 DEBUG   main [org.springframework.beans.factory.support.DefaultListableBeanFactory] Creating shared instance of singleton bean 'contextSource'
2016-02-08 14:37:56,389 DEBUG   main [org.springframework.beans.factory.support.DefaultListableBeanFactory] Creating instance of bean 'contextSource'
2016-02-08 14:37:56,393 DEBUG   main [org.springframework.beans.factory.support.DefaultListableBeanFactory] Creating instance of bean '(inner bean)#11059e51'
2016-02-08 14:37:56,408 TRACE   main [org.springframework.beans.CachedIntrospectionResults] Getting BeanInfo for class [org.springframework.ldap.core.support.LdapContextSource]
2016-02-08 14:37:56,428 TRACE   main [org.springframework.beans.CachedIntrospectionResults] Caching PropertyDescriptors for class [org.springframework.ldap.core.support.LdapContextSource]
2016-02-08 14:37:56,428 TRACE   main [org.springframework.beans.CachedIntrospectionResults] Found bean property 'anonymousReadOnly' of type [boolean]
2016-02-08 14:37:56,428 TRACE   main [org.springframework.beans.CachedIntrospectionResults] Found bean property 'authenticationSource' of type [org.springframework.ldap.core.AuthenticationSource]
2016-02-08 14:37:56,428 TRACE   main [org.springframework.beans.CachedIntrospectionResults] Found bean property 'authenticationStrategy' of type [org.springframework.ldap.core.support.DirContextAuthenticationStrategy]
2016-02-08 14:37:56,428 TRACE   main [org.springframework.beans.CachedIntrospectionResults] Found bean property 'base' of type [java.lang.String]
2016-02-08 14:37:56,428 TRACE   main [org.springframework.beans.CachedIntrospectionResults] Found bean property 'baseEnvironmentProperties' of type [java.util.Map]
2016-02-08 14:37:56,429 TRACE   main [org.springframework.beans.CachedIntrospectionResults] Found bean property 'baseLdapName' of type [javax.naming.ldap.LdapName]
2016-02-08 14:37:56,429 TRACE   main [org.springframework.beans.CachedIntrospectionResults] Found bean property 'baseLdapPath' of type [org.springframework.ldap.core.DistinguishedName]
2016-02-08 14:37:56,429 TRACE   main [org.springframework.beans.CachedIntrospectionResults] Found bean property 'baseLdapPathAsString' of type [java.lang.String]
2016-02-08 14:37:56,429 TRACE   main [org.springframework.beans.CachedIntrospectionResults] Found bean property 'cacheEnvironmentProperties' of type [boolean]
2016-02-08 14:37:56,429 TRACE   main [org.springframework.beans.CachedIntrospectionResults] Found bean property 'class' of type [java.lang.Class]
2016-02-08 14:37:56,429 TRACE   main [org.springframework.beans.CachedIntrospectionResults] Found bean property 'contextFactory' of type [java.lang.Class]
2016-02-08 14:37:56,429 TRACE   main [org.springframework.beans.CachedIntrospectionResults] Found bean property 'dirObjectFactory' of type [java.lang.Class]
2016-02-08 14:37:56,429 TRACE   main [org.springframework.beans.CachedIntrospectionResults] Found bean property 'password' of type [java.lang.String]
2016-02-08 14:37:56,429 TRACE   main [org.springframework.beans.CachedIntrospectionResults] Found bean property 'pooled' of type [boolean]
2016-02-08 14:37:56,430 TRACE   main [org.springframework.beans.CachedIntrospectionResults] Found bean property 'readOnlyContext' of type [javax.naming.directory.DirContext]
2016-02-08 14:37:56,430 TRACE   main [org.springframework.beans.CachedIntrospectionResults] Found bean property 'readWriteContext' of type [javax.naming.directory.DirContext]
2016-02-08 14:37:56,430 TRACE   main [org.springframework.beans.CachedIntrospectionResults] Found bean property 'referral' of type [java.lang.String]
2016-02-08 14:37:56,430 TRACE   main [org.springframework.beans.CachedIntrospectionResults] Found bean property 'url' of type [java.lang.String]
2016-02-08 14:37:56,430 TRACE   main [org.springframework.beans.CachedIntrospectionResults] Found bean property 'urls' of type [[Ljava.lang.String;]
2016-02-08 14:37:56,430 TRACE   main [org.springframework.beans.CachedIntrospectionResults] Found bean property 'userDn' of type [java.lang.String]
2016-02-08 14:37:56,431 DEBUG   main [org.springframework.beans.factory.support.DefaultListableBeanFactory] Creating instance of bean '(inner bean)#43b3cd5'
2016-02-08 14:37:56,434 TRACE   main [org.springframework.beans.CachedIntrospectionResults] Getting BeanInfo for class [[Ljava.lang.String;]
2016-02-08 14:37:56,435 TRACE   main [org.springframework.beans.CachedIntrospectionResults] Caching PropertyDescriptors for class [[Ljava.lang.String;]
2016-02-08 14:37:56,435 TRACE   main [org.springframework.beans.CachedIntrospectionResults] Found bean property 'class' of type [java.lang.Class]
2016-02-08 14:37:56,435 DEBUG   main [org.springframework.beans.factory.support.DefaultListableBeanFactory] Finished creating instance of bean '(inner bean)#43b3cd5'
2016-02-08 14:37:56,436 DEBUG   main [org.springframework.beans.factory.support.DefaultListableBeanFactory] Creating shared instance of singleton bean 'simpleDirContextAuthenticationStrategy'
2016-02-08 14:37:56,436 DEBUG   main [org.springframework.beans.factory.support.DefaultListableBeanFactory] Creating instance of bean 'simpleDirContextAuthenticationStrategy'
2016-02-08 14:37:56,436 DEBUG   main [org.springframework.beans.factory.support.DefaultListableBeanFactory] Eagerly caching bean 'simpleDirContextAuthenticationStrategy' to allow for resolving potential circular references
2016-02-08 14:37:56,436 TRACE   main [org.springframework.beans.CachedIntrospectionResults] Getting BeanInfo for class [org.springframework.ldap.core.support.SimpleDirContextAuthenticationStrategy]
2016-02-08 14:37:56,437 TRACE   main [org.springframework.beans.CachedIntrospectionResults] Caching PropertyDescriptors for class [org.springframework.ldap.core.support.SimpleDirContextAuthenticationStrategy]
2016-02-08 14:37:56,437 TRACE   main [org.springframework.beans.CachedIntrospectionResults] Found bean property 'class' of type [java.lang.Class]
2016-02-08 14:37:56,437 DEBUG   main [org.springframework.beans.factory.support.DefaultListableBeanFactory] Finished creating instance of bean 'simpleDirContextAuthenticationStrategy'
2016-02-08 14:37:56,438 DEBUG   main [org.springframework.beans.factory.support.DefaultListableBeanFactory] Invoking afterPropertiesSet() on bean with name '(inner bean)#11059e51'
2016-02-08 14:37:56,438 DEBUG   main [org.springframework.beans.factory.support.DefaultListableBeanFactory] Finished creating instance of bean '(inner bean)#11059e51'
2016-02-08 14:37:56,442 DEBUG   main [org.springframework.beans.factory.support.DefaultListableBeanFactory] Eagerly caching bean 'contextSource' to allow for resolving potential circular references
2016-02-08 14:37:56,442 TRACE   main [org.springframework.beans.CachedIntrospectionResults] Getting BeanInfo for class [org.springframework.ldap.transaction.compensating.manager.TransactionAwareContextSourceProxy]
2016-02-08 14:37:56,444 TRACE   main [org.springframework.beans.CachedIntrospectionResults] Caching PropertyDescriptors for class [org.springframework.ldap.transaction.compensating.manager.TransactionAwareContextSourceProxy]
2016-02-08 14:37:56,444 TRACE   main [org.springframework.beans.CachedIntrospectionResults] Found bean property 'baseLdapName' of type [javax.naming.ldap.LdapName]
2016-02-08 14:37:56,444 TRACE   main [org.springframework.beans.CachedIntrospectionResults] Found bean property 'baseLdapPath' of type [org.springframework.ldap.core.DistinguishedName]
2016-02-08 14:37:56,444 TRACE   main [org.springframework.beans.CachedIntrospectionResults] Found bean property 'baseLdapPathAsString' of type [java.lang.String]
2016-02-08 14:37:56,444 TRACE   main [org.springframework.beans.CachedIntrospectionResults] Found bean property 'class' of type [java.lang.Class]
2016-02-08 14:37:56,444 TRACE   main [org.springframework.beans.CachedIntrospectionResults] Found bean property 'readOnlyContext' of type [javax.naming.directory.DirContext]
2016-02-08 14:37:56,444 TRACE   main [org.springframework.beans.CachedIntrospectionResults] Found bean property 'readWriteContext' of type [javax.naming.directory.DirContext]
2016-02-08 14:37:56,444 TRACE   main [org.springframework.beans.CachedIntrospectionResults] Found bean property 'target' of type [org.springframework.ldap.core.ContextSource]
2016-02-08 14:37:56,445 DEBUG   main [org.springframework.beans.factory.support.DefaultListableBeanFactory] Finished creating instance of bean 'contextSource'
2016-02-08 14:37:56,445 DEBUG   main [org.springframework.beans.factory.support.DefaultListableBeanFactory] Invoking afterPropertiesSet() on bean with name 'ldapTemplate'
2016-02-08 14:37:56,445 DEBUG   main [org.springframework.beans.factory.support.DefaultListableBeanFactory] Finished creating instance of bean 'ldapTemplate'
2016-02-08 14:37:56,445 DEBUG   main [org.springframework.beans.factory.annotation.AutowiredAnnotationBeanPostProcessor] Autowiring by type from bean name 'userRepositoryImpl' to bean named 'ldapTemplate'
2016-02-08 14:37:56,445 DEBUG   main [org.springframework.beans.factory.support.DefaultListableBeanFactory] Finished creating instance of bean 'userRepositoryImpl'
2016-02-08 14:37:56,446 DEBUG   main [org.springframework.beans.factory.support.DefaultListableBeanFactory] Returning cached instance of singleton bean 'org.springframework.context.annotation.internalConfigurationAnnotationProcessor'
2016-02-08 14:37:56,446 DEBUG   main [org.springframework.beans.factory.support.DefaultListableBeanFactory] Returning cached instance of singleton bean 'org.springframework.context.annotation.internalAutowiredAnnotationProcessor'
2016-02-08 14:37:56,446 DEBUG   main [org.springframework.beans.factory.support.DefaultListableBeanFactory] Returning cached instance of singleton bean 'org.springframework.context.annotation.internalRequiredAnnotationProcessor'
2016-02-08 14:37:56,446 DEBUG   main [org.springframework.beans.factory.support.DefaultListableBeanFactory] Returning cached instance of singleton bean 'org.springframework.context.annotation.internalCommonAnnotationProcessor'
2016-02-08 14:37:56,446 DEBUG   main [org.springframework.beans.factory.support.DefaultListableBeanFactory] Returning cached instance of singleton bean 'simpleDirContextAuthenticationStrategy'
2016-02-08 14:37:56,446 DEBUG   main [org.springframework.beans.factory.support.DefaultListableBeanFactory] Creating shared instance of singleton bean 'userReposImpl'
2016-02-08 14:37:56,446 DEBUG   main [org.springframework.beans.factory.support.DefaultListableBeanFactory] Creating instance of bean 'userReposImpl'
2016-02-08 14:37:56,447 DEBUG   main [org.springframework.beans.factory.annotation.InjectionMetadata] Registered injected element on class [gov.fema.adminportal.ldap.repository.UserRepositoryImpl]: AutowiredFieldElement for private gov.fema.adminportal.ldap.model.LDAPConfig gov.fema.adminportal.ldap.repository.UserRepositoryImpl.ldapConfig
2016-02-08 14:37:56,447 DEBUG   main [org.springframework.beans.factory.annotation.InjectionMetadata] Registered injected element on class [gov.fema.adminportal.ldap.repository.UserRepositoryImpl]: AutowiredFieldElement for private org.springframework.ldap.core.LdapTemplate gov.fema.adminportal.ldap.repository.UserRepositoryImpl.ldapTemplate
2016-02-08 14:37:56,447 DEBUG   main [org.springframework.beans.factory.support.DefaultListableBeanFactory] Eagerly caching bean 'userReposImpl' to allow for resolving potential circular references
2016-02-08 14:37:56,447 DEBUG   main [org.springframework.beans.factory.annotation.InjectionMetadata] Processing injected element of bean 'userReposImpl': AutowiredFieldElement for private gov.fema.adminportal.ldap.model.LDAPConfig gov.fema.adminportal.ldap.repository.UserRepositoryImpl.ldapConfig
2016-02-08 14:37:56,447 DEBUG   main [org.springframework.beans.factory.support.DefaultListableBeanFactory] Returning cached instance of singleton bean 'ldapConfig'
2016-02-08 14:37:56,447 DEBUG   main [org.springframework.beans.factory.annotation.AutowiredAnnotationBeanPostProcessor] Autowiring by type from bean name 'userReposImpl' to bean named 'ldapConfig'
2016-02-08 14:37:56,447 DEBUG   main [org.springframework.beans.factory.annotation.InjectionMetadata] Processing injected element of bean 'userReposImpl': AutowiredFieldElement for private org.springframework.ldap.core.LdapTemplate gov.fema.adminportal.ldap.repository.UserRepositoryImpl.ldapTemplate
2016-02-08 14:37:56,447 DEBUG   main [org.springframework.beans.factory.support.DefaultListableBeanFactory] Returning cached instance of singleton bean 'ldapTemplate'
2016-02-08 14:37:56,447 DEBUG   main [org.springframework.beans.factory.annotation.AutowiredAnnotationBeanPostProcessor] Autowiring by type from bean name 'userReposImpl' to bean named 'ldapTemplate'
2016-02-08 14:37:56,447 DEBUG   main [org.springframework.beans.factory.support.DefaultListableBeanFactory] Finished creating instance of bean 'userReposImpl'
2016-02-08 14:37:56,447 DEBUG   main [org.springframework.beans.factory.support.DefaultListableBeanFactory] Returning cached instance of singleton bean 'contextSource'
2016-02-08 14:37:56,448 DEBUG   main [org.springframework.beans.factory.support.DefaultListableBeanFactory] Returning cached instance of singleton bean 'ldapTemplate'
2016-02-08 14:37:56,448 DEBUG   main [org.springframework.beans.factory.support.DefaultListableBeanFactory] Returning cached instance of singleton bean 'org.springframework.context.annotation.ConfigurationClassPostProcessor.importAwareProcessor'
2016-02-08 14:37:56,448 DEBUG   main [org.springframework.beans.factory.support.DefaultListableBeanFactory] Returning cached instance of singleton bean 'org.springframework.context.annotation.ConfigurationClassPostProcessor.enhancedConfigurationProcessor'
2016-02-08 14:37:56,449 DEBUG   main [org.springframework.context.support.ClassPathXmlApplicationContext] Unable to locate LifecycleProcessor with name 'lifecycleProcessor': using default [org.springframework.context.support.DefaultLifecycleProcessor@18d3d889]
2016-02-08 14:37:56,449 DEBUG   main [org.springframework.beans.factory.support.DefaultListableBeanFactory] Returning cached instance of singleton bean 'lifecycleProcessor'
2016-02-08 14:37:56,450 TRACE   main [org.springframework.context.support.ClassPathXmlApplicationContext] Publishing event in org.springframework.context.support.ClassPathXmlApplicationContext@60c4d1a7: org.springframework.context.event.ContextRefreshedEvent[source=org.springframework.context.support.ClassPathXmlApplicationContext@60c4d1a7: startup date [Mon Feb 08 14:37:55 EST 2016]; root of context hierarchy]
2016-02-08 14:37:56,451 TRACE   main [org.springframework.core.env.PropertySourcesPropertyResolver] getProperty("spring.liveBeansView.mbeanDomain", String)
2016-02-08 14:37:56,451 DEBUG   main [org.springframework.core.env.PropertySourcesPropertyResolver] Searching for key 'spring.liveBeansView.mbeanDomain' in [systemProperties]
2016-02-08 14:37:56,451 DEBUG   main [org.springframework.core.env.PropertySourcesPropertyResolver] Searching for key 'spring.liveBeansView.mbeanDomain' in [systemEnvironment]
2016-02-08 14:37:56,451 DEBUG   main [org.springframework.core.env.PropertySourcesPropertyResolver] Could not find key 'spring.liveBeansView.mbeanDomain' in any property source. Returning [null]
2016-02-08 14:37:56,452 INFO   main [gov.fema.adminportal.ldap.app.LdapApp] Test started at Mon Feb 08 14:37:55 EST 2016
2016-02-08 14:37:56,452 DEBUG   main [org.springframework.beans.factory.support.DefaultListableBeanFactory] Returning cached instance of singleton bean 'userReposImpl'
2016-02-08 14:37:56,452 INFO   main [gov.fema.adminportal.ldap.repository.UserRepositoryImpl] executing {createGroup}
2016-02-08 14:37:56,531 ERROR   main [gov.fema.adminportal.ldap.repository.UserRepositoryImpl] org.springframework.ldap.InvalidAttributeValueException: 'cn' has no values.; nested exception is javax.naming.directory.InvalidAttributeValueException: 'cn' has no values.; remaining name 'cn=Business_Objects_Disaster_Users_1452da,ou=Group,ou=BusinessObjectsDisaster,ou=system'
org.springframework.ldap.InvalidAttributeValueException: 'cn' has no values.; nested exception is javax.naming.directory.InvalidAttributeValueException: 'cn' has no values.; remaining name 'cn=Business_Objects_Disaster_Users_1452da,ou=Group,ou=BusinessObjectsDisaster,ou=system'
	at org.springframework.ldap.support.LdapUtils.convertLdapException(LdapUtils.java:132)
	at org.springframework.ldap.core.LdapTemplate.executeWithContext(LdapTemplate.java:820)
	at org.springframework.ldap.core.LdapTemplate.executeReadWrite(LdapTemplate.java:812)
	at org.springframework.ldap.core.LdapTemplate.bind(LdapTemplate.java:1003)
	at gov.fema.adminportal.ldap.repository.UserRepositoryImpl.createGroup(UserRepositoryImpl.java:195)
	at gov.fema.adminportal.ldap.app.LdapApp.main(LdapApp.java:50)
Caused by: javax.naming.directory.InvalidAttributeValueException: 'cn' has no values.; remaining name 'cn=Business_Objects_Disaster_Users_1452da,ou=Group,ou=BusinessObjectsDisaster,ou=system'
	at com.sun.jndi.ldap.LdapClient.add(LdapClient.java:1024)
	at com.sun.jndi.ldap.LdapCtx.c_bind(LdapCtx.java:416)
	at com.sun.jndi.toolkit.ctx.ComponentDirContext.p_bind(ComponentDirContext.java:295)
	at com.sun.jndi.toolkit.ctx.PartialCompositeDirContext.bind(PartialCompositeDirContext.java:215)
	at com.sun.jndi.toolkit.ctx.PartialCompositeDirContext.bind(PartialCompositeDirContext.java:204)
	at javax.naming.directory.InitialDirContext.bind(InitialDirContext.java:177)
	at sun.reflect.NativeMethodAccessorImpl.invoke0(Native Method)
	at sun.reflect.NativeMethodAccessorImpl.invoke(NativeMethodAccessorImpl.java:57)
	at sun.reflect.DelegatingMethodAccessorImpl.invoke(DelegatingMethodAccessorImpl.java:43)
	at java.lang.reflect.Method.invoke(Method.java:606)
	at org.springframework.transaction.compensating.support.CompensatingTransactionUtils.performOperation(CompensatingTransactionUtils.java:69)
	at org.springframework.ldap.transaction.compensating.manager.TransactionAwareDirContextInvocationHandler.invoke(TransactionAwareDirContextInvocationHandler.java:85)
	at com.sun.proxy.$Proxy8.bind(Unknown Source)
	at org.springframework.ldap.core.LdapTemplate$22.executeWithContext(LdapTemplate.java:1005)
	at org.springframework.ldap.core.LdapTemplate.executeWithContext(LdapTemplate.java:817)
	... 4 more
2016-02-08 14:37:56,535 INFO   main [gov.fema.adminportal.ldap.app.LdapApp] 
 =>false
2016-02-08 14:37:56,535 INFO   main [org.springframework.context.support.ClassPathXmlApplicationContext] Refreshing org.springframework.context.support.ClassPathXmlApplicationContext@60c4d1a7: startup date [Mon Feb 08 14:37:56 EST 2016]; root of context hierarchy
2016-02-08 14:37:56,535 DEBUG   main [org.springframework.beans.factory.support.DefaultListableBeanFactory] Destroying singletons in org.springframework.beans.factory.support.DefaultListableBeanFactory@2626ea08: defining beans [org.springframework.context.support.PropertySourcesPlaceholderConfigurer#0,ldapConfig,userRepositoryImpl,org.springframework.context.annotation.internalConfigurationAnnotationProcessor,org.springframework.context.annotation.internalAutowiredAnnotationProcessor,org.springframework.context.annotation.internalRequiredAnnotationProcessor,org.springframework.context.annotation.internalCommonAnnotationProcessor,simpleDirContextAuthenticationStrategy,userReposImpl,contextSource,ldapTemplate,org.springframework.context.annotation.ConfigurationClassPostProcessor.importAwareProcessor,org.springframework.context.annotation.ConfigurationClassPostProcessor.enhancedConfigurationProcessor]; root of factory hierarchy
2016-02-08 14:37:56,536 DEBUG   main [org.springframework.beans.factory.support.DefaultListableBeanFactory] Retrieved dependent beans for bean '(inner bean)#11059e51': [contextSource]
2016-02-08 14:37:56,536 DEBUG   main [org.springframework.beans.factory.support.DefaultListableBeanFactory] Retrieved dependent beans for bean '(inner bean)#43b3cd5': [(inner bean)#11059e51]
2016-02-08 14:37:56,537 DEBUG   main [org.springframework.core.env.StandardEnvironment] Adding [systemProperties] PropertySource with lowest search precedence
2016-02-08 14:37:56,537 DEBUG   main [org.springframework.core.env.StandardEnvironment] Adding [systemEnvironment] PropertySource with lowest search precedence
2016-02-08 14:37:56,537 DEBUG   main [org.springframework.core.env.StandardEnvironment] Initialized StandardEnvironment with PropertySources [systemProperties,systemEnvironment]
2016-02-08 14:37:56,537 INFO   main [org.springframework.beans.factory.xml.XmlBeanDefinitionReader] Loading XML bean definitions from class path resource [spring-ldap-example.xml]
2016-02-08 14:37:56,539 DEBUG   main [org.springframework.beans.factory.xml.DefaultDocumentLoader] Using JAXP provider [com.sun.org.apache.xerces.internal.jaxp.DocumentBuilderFactoryImpl]
2016-02-08 14:37:56,542 TRACE   main [org.springframework.beans.factory.xml.PluggableSchemaResolver] Trying to resolve XML entity with public id [null] and system id [http://www.springframework.org/schema/beans/spring-beans.xsd]
2016-02-08 14:37:56,542 DEBUG   main [org.springframework.beans.factory.xml.PluggableSchemaResolver] Loading schema mappings from [META-INF/spring.schemas]
2016-02-08 14:37:56,545 DEBUG   main [org.springframework.beans.factory.xml.PluggableSchemaResolver] Loaded schema mappings: {http://www.springframework.org/schema/tx/spring-tx-2.5.xsd=org/springframework/transaction/config/spring-tx-2.5.xsd, http://www.springframework.org/schema/cache/spring-cache-4.2.xsd=org/springframework/cache/config/spring-cache-4.2.xsd, http://www.springframework.org/schema/aop/spring-aop-4.1.xsd=org/springframework/aop/config/spring-aop-4.1.xsd, http://www.springframework.org/schema/context/spring-context-3.1.xsd=org/springframework/context/config/spring-context-3.1.xsd, http://www.springframework.org/schema/data/repository/spring-repository-1.4.xsd=org/springframework/data/repository/config/spring-repository-1.4.xsd, http://www.springframework.org/schema/util/spring-util-3.0.xsd=org/springframework/beans/factory/xml/spring-util-3.0.xsd, http://www.springframework.org/schema/tool/spring-tool.xsd=org/springframework/beans/factory/xml/spring-tool-4.2.xsd, http://www.springframework.org/schema/aop/spring-aop-3.2.xsd=org/springframework/aop/config/spring-aop-3.2.xsd, http://www.springframework.org/schema/lang/spring-lang-4.1.xsd=org/springframework/scripting/config/spring-lang-4.1.xsd, http://www.springframework.org/schema/context/spring-context-4.0.xsd=org/springframework/context/config/spring-context-4.0.xsd, http://www.springframework.org/schema/beans/spring-beans-4.2.xsd=org/springframework/beans/factory/xml/spring-beans-4.2.xsd, http://www.springframework.org/schema/tool/spring-tool-4.1.xsd=org/springframework/beans/factory/xml/spring-tool-4.1.xsd, http://www.springframework.org/schema/lang/spring-lang-3.2.xsd=org/springframework/scripting/config/spring-lang-3.2.xsd, http://www.springframework.org/schema/cache/spring-cache-3.2.xsd=org/springframework/cache/config/spring-cache-3.2.xsd, http://www.springframework.org/schema/jee/spring-jee-4.1.xsd=org/springframework/ejb/config/spring-jee-4.1.xsd, http://www.springframework.org/schema/task/spring-task-4.2.xsd=org/springframework/scheduling/config/spring-task-4.2.xsd, http://www.springframework.org/schema/util/spring-util-2.0.xsd=org/springframework/beans/factory/xml/spring-util-2.0.xsd, http://www.springframework.org/schema/tool/spring-tool-3.2.xsd=org/springframework/beans/factory/xml/spring-tool-3.2.xsd, http://www.springframework.org/schema/context/spring-context.xsd=org/springframework/context/config/spring-context-4.2.xsd, http://www.springframework.org/schema/tx/spring-tx-4.2.xsd=org/springframework/transaction/config/spring-tx-4.2.xsd, http://www.springframework.org/schema/cache/spring-cache-4.1.xsd=org/springframework/cache/config/spring-cache-4.1.xsd, http://www.springframework.org/schema/aop/spring-aop-4.0.xsd=org/springframework/aop/config/spring-aop-4.0.xsd, http://www.springframework.org/schema/jee/spring-jee-3.2.xsd=org/springframework/ejb/config/spring-jee-3.2.xsd, http://www.springframework.org/schema/context/spring-context-3.0.xsd=org/springframework/context/config/spring-context-3.0.xsd, http://www.springframework.org/schema/util/spring-util-2.5.xsd=org/springframework/beans/factory/xml/spring-util-2.5.xsd, http://www.springframework.org/schema/beans/spring-beans-3.2.xsd=org/springframework/beans/factory/xml/spring-beans-3.2.xsd, http://www.springframework.org/schema/aop/spring-aop-3.1.xsd=org/springframework/aop/config/spring-aop-3.1.xsd, http://www.springframework.org/schema/ldap/spring-ldap-2.0.xsd=org/springframework/ldap/config/spring-ldap-2.0.xsd, http://www.springframework.org/schema/lang/spring-lang-4.0.xsd=org/springframework/scripting/config/spring-lang-4.0.xsd, http://www.springframework.org/schema/beans/spring-beans-4.1.xsd=org/springframework/beans/factory/xml/spring-beans-4.1.xsd, http://www.springframework.org/schema/tool/spring-tool-4.0.xsd=org/springframework/beans/factory/xml/spring-tool-4.0.xsd, http://www.springframework.org/schema/tx/spring-tx-3.2.xsd=org/springframework/transaction/config/spring-tx-3.2.xsd, http://www.springframework.org/schema/lang/spring-lang-3.1.xsd=org/springframework/scripting/config/spring-lang-3.1.xsd, http://www.springframework.org/schema/cache/spring-cache-3.1.xsd=org/springframework/cache/config/spring-cache-3.1.xsd, http://www.springframework.org/schema/jee/spring-jee-4.0.xsd=org/springframework/ejb/config/spring-jee-4.0.xsd, http://www.springframework.org/schema/task/spring-task-4.1.xsd=org/springframework/scheduling/config/spring-task-4.1.xsd, http://www.springframework.org/schema/tool/spring-tool-3.1.xsd=org/springframework/beans/factory/xml/spring-tool-3.1.xsd, http://www.springframework.org/schema/tx/spring-tx-4.1.xsd=org/springframework/transaction/config/spring-tx-4.1.xsd, http://www.springframework.org/schema/cache/spring-cache-4.0.xsd=org/springframework/cache/config/spring-cache-4.0.xsd, http://www.springframework.org/schema/jee/spring-jee-3.1.xsd=org/springframework/ejb/config/spring-jee-3.1.xsd, http://www.springframework.org/schema/task/spring-task-3.2.xsd=org/springframework/scheduling/config/spring-task-3.2.xsd, http://www.springframework.org/schema/util/spring-util-4.2.xsd=org/springframework/beans/factory/xml/spring-util-4.2.xsd, http://www.springframework.org/schema/beans/spring-beans-3.1.xsd=org/springframework/beans/factory/xml/spring-beans-3.1.xsd, http://www.springframework.org/schema/util/spring-util.xsd=org/springframework/beans/factory/xml/spring-util-4.2.xsd, http://www.springframework.org/schema/aop/spring-aop-3.0.xsd=org/springframework/aop/config/spring-aop-3.0.xsd, http://www.springframework.org/schema/data/repository/spring-repository.xsd=org/springframework/data/repository/config/spring-repository-1.7.xsd, http://www.springframework.org/schema/data/repository/spring-repository-1.7.xsd=org/springframework/data/repository/config/spring-repository-1.7.xsd, http://www.springframework.org/schema/ldap/spring-ldap.xsd=org/springframework/ldap/config/spring-ldap-2.0.xsd, http://www.springframework.org/schema/beans/spring-beans-4.0.xsd=org/springframework/beans/factory/xml/spring-beans-4.0.xsd, http://www.springframework.org/schema/beans/spring-beans.xsd=org/springframework/beans/factory/xml/spring-beans-4.2.xsd, http://www.springframework.org/schema/tx/spring-tx-3.1.xsd=org/springframework/transaction/config/spring-tx-3.1.xsd, http://www.springframework.org/schema/lang/spring-lang-3.0.xsd=org/springframework/scripting/config/spring-lang-3.0.xsd, http://www.springframework.org/schema/context/spring-context-2.5.xsd=org/springframework/context/config/spring-context-2.5.xsd, http://www.springframework.org/schema/task/spring-task-4.0.xsd=org/springframework/scheduling/config/spring-task-4.0.xsd, http://www.springframework.org/schema/tool/spring-tool-3.0.xsd=org/springframework/beans/factory/xml/spring-tool-3.0.xsd, http://www.springframework.org/schema/tx/spring-tx-4.0.xsd=org/springframework/transaction/config/spring-tx-4.0.xsd, http://www.springframework.org/schema/aop/spring-aop-2.0.xsd=org/springframework/aop/config/spring-aop-2.0.xsd, http://www.springframework.org/schema/jee/spring-jee-3.0.xsd=org/springframework/ejb/config/spring-jee-3.0.xsd, http://www.springframework.org/schema/util/spring-util-4.1.xsd=org/springframework/beans/factory/xml/spring-util-4.1.xsd, http://www.springframework.org/schema/task/spring-task-3.1.xsd=org/springframework/scheduling/config/spring-task-3.1.xsd, http://www.springframework.org/schema/beans/spring-beans-3.0.xsd=org/springframework/beans/factory/xml/spring-beans-3.0.xsd, http://www.springframework.org/schema/jee/spring-jee.xsd=org/springframework/ejb/config/spring-jee-4.2.xsd, http://www.springframework.org/schema/aop/spring-aop-2.5.xsd=org/springframework/aop/config/spring-aop-2.5.xsd, http://www.springframework.org/schema/lang/spring-lang-2.0.xsd=org/springframework/scripting/config/spring-lang-2.0.xsd, http://www.springframework.org/schema/data/repository/spring-repository-1.6.xsd=org/springframework/data/repository/config/spring-repository-1.6.xsd, http://www.springframework.org/schema/util/spring-util-3.2.xsd=org/springframework/beans/factory/xml/spring-util-3.2.xsd, http://www.springframework.org/schema/task/spring-task.xsd=org/springframework/scheduling/config/spring-task-4.2.xsd, http://www.springframework.org/schema/tool/spring-tool-2.0.xsd=org/springframework/beans/factory/xml/spring-tool-2.0.xsd, http://www.springframework.org/schema/tx/spring-tx-3.0.xsd=org/springframework/transaction/config/spring-tx-3.0.xsd, http://www.springframework.org/schema/lang/spring-lang-2.5.xsd=org/springframework/scripting/config/spring-lang-2.5.xsd, http://www.springframework.org/schema/context/spring-context-4.2.xsd=org/springframework/context/config/spring-context-4.2.xsd, http://www.springframework.org/schema/jee/spring-jee-2.0.xsd=org/springframework/ejb/config/spring-jee-2.0.xsd, http://www.springframework.org/schema/tool/spring-tool-2.5.xsd=org/springframework/beans/factory/xml/spring-tool-2.5.xsd, http://www.springframework.org/schema/jee/spring-jee-2.5.xsd=org/springframework/ejb/config/spring-jee-2.5.xsd, http://www.springframework.org/schema/data/repository/spring-repository-1.0.xsd=org/springframework/data/repository/config/spring-repository-1.0.xsd, http://www.springframework.org/schema/util/spring-util-4.0.xsd=org/springframework/beans/factory/xml/spring-util-4.0.xsd, http://www.springframework.org/schema/task/spring-task-3.0.xsd=org/springframework/scheduling/config/spring-task-3.0.xsd, http://www.springframework.org/schema/aop/spring-aop-4.2.xsd=org/springframework/aop/config/spring-aop-4.2.xsd, http://www.springframework.org/schema/lang/spring-lang.xsd=org/springframework/scripting/config/spring-lang-4.2.xsd, http://www.springframework.org/schema/context/spring-context-3.2.xsd=org/springframework/context/config/spring-context-3.2.xsd, http://www.springframework.org/schema/data/repository/spring-repository-1.5.xsd=org/springframework/data/repository/config/spring-repository-1.5.xsd, http://www.springframework.org/schema/util/spring-util-3.1.xsd=org/springframework/beans/factory/xml/spring-util-3.1.xsd, http://www.springframework.org/schema/beans/spring-beans-2.0.xsd=org/springframework/beans/factory/xml/spring-beans-2.0.xsd, http://www.springframework.org/schema/cache/spring-cache.xsd=org/springframework/cache/config/spring-cache-4.2.xsd, http://www.springframework.org/schema/tx/spring-tx.xsd=org/springframework/transaction/config/spring-tx-4.2.xsd, http://www.springframework.org/schema/lang/spring-lang-4.2.xsd=org/springframework/scripting/config/spring-lang-4.2.xsd, http://www.springframework.org/schema/context/spring-context-4.1.xsd=org/springframework/context/config/spring-context-4.1.xsd, http://www.springframework.org/schema/beans/spring-beans-2.5.xsd=org/springframework/beans/factory/xml/spring-beans-2.5.xsd, http://www.springframework.org/schema/tool/spring-tool-4.2.xsd=org/springframework/beans/factory/xml/spring-tool-4.2.xsd, http://www.springframework.org/schema/tx/spring-tx-2.0.xsd=org/springframework/transaction/config/spring-tx-2.0.xsd, http://www.springframework.org/schema/jee/spring-jee-4.2.xsd=org/springframework/ejb/config/spring-jee-4.2.xsd, http://www.springframework.org/schema/aop/spring-aop.xsd=org/springframework/aop/config/spring-aop-4.2.xsd}
2016-02-08 14:37:56,546 DEBUG   main [org.springframework.beans.factory.xml.PluggableSchemaResolver] Found XML schema [http://www.springframework.org/schema/beans/spring-beans.xsd] in classpath: org/springframework/beans/factory/xml/spring-beans-4.2.xsd
2016-02-08 14:37:56,565 TRACE   main [org.springframework.beans.factory.xml.PluggableSchemaResolver] Trying to resolve XML entity with public id [null] and system id [http://www.springframework.org/schema/context/spring-context.xsd]
2016-02-08 14:37:56,565 DEBUG   main [org.springframework.beans.factory.xml.PluggableSchemaResolver] Found XML schema [http://www.springframework.org/schema/context/spring-context.xsd] in classpath: org/springframework/context/config/spring-context-4.2.xsd
2016-02-08 14:37:56,569 TRACE   main [org.springframework.beans.factory.xml.PluggableSchemaResolver] Trying to resolve XML entity with public id [null] and system id [http://www.springframework.org/schema/tool/spring-tool-4.2.xsd]
2016-02-08 14:37:56,570 DEBUG   main [org.springframework.beans.factory.xml.PluggableSchemaResolver] Found XML schema [http://www.springframework.org/schema/tool/spring-tool-4.2.xsd] in classpath: org/springframework/beans/factory/xml/spring-tool-4.2.xsd
2016-02-08 14:37:56,577 TRACE   main [org.springframework.beans.factory.xml.PluggableSchemaResolver] Trying to resolve XML entity with public id [null] and system id [http://www.springframework.org/schema/ldap/spring-ldap.xsd]
2016-02-08 14:37:56,577 DEBUG   main [org.springframework.beans.factory.xml.PluggableSchemaResolver] Found XML schema [http://www.springframework.org/schema/ldap/spring-ldap.xsd] in classpath: org/springframework/ldap/config/spring-ldap-2.0.xsd
2016-02-08 14:37:56,582 TRACE   main [org.springframework.beans.factory.xml.PluggableSchemaResolver] Trying to resolve XML entity with public id [null] and system id [http://www.springframework.org/schema/data/repository/spring-repository.xsd]
2016-02-08 14:37:56,583 DEBUG   main [org.springframework.beans.factory.xml.PluggableSchemaResolver] Found XML schema [http://www.springframework.org/schema/data/repository/spring-repository.xsd] in classpath: org/springframework/data/repository/config/spring-repository-1.7.xsd
2016-02-08 14:37:56,595 DEBUG   main [org.springframework.beans.factory.xml.DefaultBeanDefinitionDocumentReader] Loading bean definitions
2016-02-08 14:37:56,599 DEBUG   main [org.springframework.beans.factory.xml.DefaultNamespaceHandlerResolver] Loaded NamespaceHandler mappings: {http://www.springframework.org/schema/p=org.springframework.beans.factory.xml.SimplePropertyNamespaceHandler, http://www.springframework.org/schema/util=org.springframework.beans.factory.xml.UtilNamespaceHandler, http://www.springframework.org/schema/jee=org.springframework.ejb.config.JeeNamespaceHandler, http://www.springframework.org/schema/aop=org.springframework.aop.config.AopNamespaceHandler, http://www.springframework.org/schema/data/repository=org.springframework.data.repository.config.RepositoryNameSpaceHandler, http://www.springframework.org/schema/cache=org.springframework.cache.config.CacheNamespaceHandler, http://www.springframework.org/schema/c=org.springframework.beans.factory.xml.SimpleConstructorNamespaceHandler, http://www.springframework.org/schema/ldap=org.springframework.ldap.config.LdapNamespaceHandler, http://www.springframework.org/schema/tx=org.springframework.transaction.config.TxNamespaceHandler, http://www.springframework.org/schema/task=org.springframework.scheduling.config.TaskNamespaceHandler, http://www.springframework.org/schema/lang=org.springframework.scripting.config.LangNamespaceHandler, http://www.springframework.org/schema/context=org.springframework.context.config.ContextNamespaceHandler}
2016-02-08 14:37:56,601 DEBUG   main [org.springframework.core.env.StandardEnvironment] Adding [systemProperties] PropertySource with lowest search precedence
2016-02-08 14:37:56,602 DEBUG   main [org.springframework.core.env.StandardEnvironment] Adding [systemEnvironment] PropertySource with lowest search precedence
2016-02-08 14:37:56,602 DEBUG   main [org.springframework.core.env.StandardEnvironment] Initialized StandardEnvironment with PropertySources [systemProperties,systemEnvironment]
2016-02-08 14:37:56,604 DEBUG   main [org.springframework.core.io.support.PathMatchingResourcePatternResolver] Looking for matching resources in directory tree [C:\Eclipse\workspace\SpringLdapProject\bin\gov\fema\adminportal\ldap]
2016-02-08 14:37:56,604 DEBUG   main [org.springframework.core.io.support.PathMatchingResourcePatternResolver] Searching directory [C:\Eclipse\workspace\SpringLdapProject\bin\gov\fema\adminportal\ldap] for files matching pattern [C:/Eclipse/workspace/SpringLdapProject/bin/gov/fema/adminportal/ldap/**/*.class]
2016-02-08 14:37:56,605 DEBUG   main [org.springframework.core.io.support.PathMatchingResourcePatternResolver] Searching directory [C:\Eclipse\workspace\SpringLdapProject\bin\gov\fema\adminportal\ldap\app] for files matching pattern [C:/Eclipse/workspace/SpringLdapProject/bin/gov/fema/adminportal/ldap/**/*.class]
2016-02-08 14:37:56,605 DEBUG   main [org.springframework.core.io.support.PathMatchingResourcePatternResolver] Searching directory [C:\Eclipse\workspace\SpringLdapProject\bin\gov\fema\adminportal\ldap\model] for files matching pattern [C:/Eclipse/workspace/SpringLdapProject/bin/gov/fema/adminportal/ldap/**/*.class]
2016-02-08 14:37:56,608 DEBUG   main [org.springframework.core.io.support.PathMatchingResourcePatternResolver] Searching directory [C:\Eclipse\workspace\SpringLdapProject\bin\gov\fema\adminportal\ldap\repository] for files matching pattern [C:/Eclipse/workspace/SpringLdapProject/bin/gov/fema/adminportal/ldap/**/*.class]
2016-02-08 14:37:56,611 DEBUG   main [org.springframework.core.io.support.PathMatchingResourcePatternResolver] Resolved location pattern [classpath*:gov/fema/adminportal/ldap/**/*.class] to resources [file [C:\Eclipse\workspace\SpringLdapProject\bin\gov\fema\adminportal\ldap\app\LdapApp.class], file [C:\Eclipse\workspace\SpringLdapProject\bin\gov\fema\adminportal\ldap\model\Group.class], file [C:\Eclipse\workspace\SpringLdapProject\bin\gov\fema\adminportal\ldap\model\LDAPConfig.class], file [C:\Eclipse\workspace\SpringLdapProject\bin\gov\fema\adminportal\ldap\model\User.class], file [C:\Eclipse\workspace\SpringLdapProject\bin\gov\fema\adminportal\ldap\repository\UserRepository.class], file [C:\Eclipse\workspace\SpringLdapProject\bin\gov\fema\adminportal\ldap\repository\UserRepositoryImpl$1.class], file [C:\Eclipse\workspace\SpringLdapProject\bin\gov\fema\adminportal\ldap\repository\UserRepositoryImpl$MultipleAttributesMapper.class], file [C:\Eclipse\workspace\SpringLdapProject\bin\gov\fema\adminportal\ldap\repository\UserRepositoryImpl$SingleAttributesMapper.class], file [C:\Eclipse\workspace\SpringLdapProject\bin\gov\fema\adminportal\ldap\repository\UserRepositoryImpl$UserAttributesMapper.class], file [C:\Eclipse\workspace\SpringLdapProject\bin\gov\fema\adminportal\ldap\repository\UserRepositoryImpl.class]]
2016-02-08 14:37:56,612 TRACE   main [org.springframework.context.annotation.ClassPathBeanDefinitionScanner] Scanning file [C:\Eclipse\workspace\SpringLdapProject\bin\gov\fema\adminportal\ldap\app\LdapApp.class]
2016-02-08 14:37:56,612 TRACE   main [org.springframework.context.annotation.ClassPathBeanDefinitionScanner] Ignored because not matching any filter: file [C:\Eclipse\workspace\SpringLdapProject\bin\gov\fema\adminportal\ldap\app\LdapApp.class]
2016-02-08 14:37:56,613 TRACE   main [org.springframework.context.annotation.ClassPathBeanDefinitionScanner] Scanning file [C:\Eclipse\workspace\SpringLdapProject\bin\gov\fema\adminportal\ldap\model\Group.class]
2016-02-08 14:37:56,613 TRACE   main [org.springframework.context.annotation.ClassPathBeanDefinitionScanner] Ignored because not matching any filter: file [C:\Eclipse\workspace\SpringLdapProject\bin\gov\fema\adminportal\ldap\model\Group.class]
2016-02-08 14:37:56,614 TRACE   main [org.springframework.context.annotation.ClassPathBeanDefinitionScanner] Scanning file [C:\Eclipse\workspace\SpringLdapProject\bin\gov\fema\adminportal\ldap\model\LDAPConfig.class]
2016-02-08 14:37:56,614 TRACE   main [org.springframework.context.annotation.ClassPathBeanDefinitionScanner] Ignored because not matching any filter: file [C:\Eclipse\workspace\SpringLdapProject\bin\gov\fema\adminportal\ldap\model\LDAPConfig.class]
2016-02-08 14:37:56,614 TRACE   main [org.springframework.context.annotation.ClassPathBeanDefinitionScanner] Scanning file [C:\Eclipse\workspace\SpringLdapProject\bin\gov\fema\adminportal\ldap\model\User.class]
2016-02-08 14:37:56,615 TRACE   main [org.springframework.context.annotation.ClassPathBeanDefinitionScanner] Ignored because not matching any filter: file [C:\Eclipse\workspace\SpringLdapProject\bin\gov\fema\adminportal\ldap\model\User.class]
2016-02-08 14:37:56,615 TRACE   main [org.springframework.context.annotation.ClassPathBeanDefinitionScanner] Scanning file [C:\Eclipse\workspace\SpringLdapProject\bin\gov\fema\adminportal\ldap\repository\UserRepository.class]
2016-02-08 14:37:56,615 TRACE   main [org.springframework.context.annotation.ClassPathBeanDefinitionScanner] Ignored because not matching any filter: file [C:\Eclipse\workspace\SpringLdapProject\bin\gov\fema\adminportal\ldap\repository\UserRepository.class]
2016-02-08 14:37:56,616 TRACE   main [org.springframework.context.annotation.ClassPathBeanDefinitionScanner] Scanning file [C:\Eclipse\workspace\SpringLdapProject\bin\gov\fema\adminportal\ldap\repository\UserRepositoryImpl$1.class]
2016-02-08 14:37:56,616 TRACE   main [org.springframework.context.annotation.ClassPathBeanDefinitionScanner] Ignored because not matching any filter: file [C:\Eclipse\workspace\SpringLdapProject\bin\gov\fema\adminportal\ldap\repository\UserRepositoryImpl$1.class]
2016-02-08 14:37:56,616 TRACE   main [org.springframework.context.annotation.ClassPathBeanDefinitionScanner] Scanning file [C:\Eclipse\workspace\SpringLdapProject\bin\gov\fema\adminportal\ldap\repository\UserRepositoryImpl$MultipleAttributesMapper.class]
2016-02-08 14:37:56,617 TRACE   main [org.springframework.context.annotation.ClassPathBeanDefinitionScanner] Ignored because not matching any filter: file [C:\Eclipse\workspace\SpringLdapProject\bin\gov\fema\adminportal\ldap\repository\UserRepositoryImpl$MultipleAttributesMapper.class]
2016-02-08 14:37:56,617 TRACE   main [org.springframework.context.annotation.ClassPathBeanDefinitionScanner] Scanning file [C:\Eclipse\workspace\SpringLdapProject\bin\gov\fema\adminportal\ldap\repository\UserRepositoryImpl$SingleAttributesMapper.class]
2016-02-08 14:37:56,618 TRACE   main [org.springframework.context.annotation.ClassPathBeanDefinitionScanner] Ignored because not matching any filter: file [C:\Eclipse\workspace\SpringLdapProject\bin\gov\fema\adminportal\ldap\repository\UserRepositoryImpl$SingleAttributesMapper.class]
2016-02-08 14:37:56,618 TRACE   main [org.springframework.context.annotation.ClassPathBeanDefinitionScanner] Scanning file [C:\Eclipse\workspace\SpringLdapProject\bin\gov\fema\adminportal\ldap\repository\UserRepositoryImpl$UserAttributesMapper.class]
2016-02-08 14:37:56,619 TRACE   main [org.springframework.context.annotation.ClassPathBeanDefinitionScanner] Ignored because not matching any filter: file [C:\Eclipse\workspace\SpringLdapProject\bin\gov\fema\adminportal\ldap\repository\UserRepositoryImpl$UserAttributesMapper.class]
2016-02-08 14:37:56,619 TRACE   main [org.springframework.context.annotation.ClassPathBeanDefinitionScanner] Scanning file [C:\Eclipse\workspace\SpringLdapProject\bin\gov\fema\adminportal\ldap\repository\UserRepositoryImpl.class]
2016-02-08 14:37:56,620 DEBUG   main [org.springframework.context.annotation.ClassPathBeanDefinitionScanner] Identified candidate component class: file [C:\Eclipse\workspace\SpringLdapProject\bin\gov\fema\adminportal\ldap\repository\UserRepositoryImpl.class]
2016-02-08 14:37:56,622 DEBUG   main [org.springframework.beans.factory.xml.XmlBeanDefinitionReader] Loaded 11 bean definitions from location pattern [spring-ldap-example.xml]
2016-02-08 14:37:56,623 DEBUG   main [org.springframework.context.support.ClassPathXmlApplicationContext] Bean factory for org.springframework.context.support.ClassPathXmlApplicationContext@60c4d1a7: org.springframework.beans.factory.support.DefaultListableBeanFactory@2bbfdaa4: defining beans [org.springframework.context.support.PropertySourcesPlaceholderConfigurer#0,ldapConfig,userRepositoryImpl,org.springframework.context.annotation.internalConfigurationAnnotationProcessor,org.springframework.context.annotation.internalAutowiredAnnotationProcessor,org.springframework.context.annotation.internalRequiredAnnotationProcessor,org.springframework.context.annotation.internalCommonAnnotationProcessor,simpleDirContextAuthenticationStrategy,userReposImpl,contextSource,ldapTemplate]; root of factory hierarchy
2016-02-08 14:37:56,625 DEBUG   main [org.springframework.beans.factory.support.DefaultListableBeanFactory] Creating shared instance of singleton bean 'org.springframework.context.annotation.internalConfigurationAnnotationProcessor'
2016-02-08 14:37:56,626 DEBUG   main [org.springframework.beans.factory.support.DefaultListableBeanFactory] Creating instance of bean 'org.springframework.context.annotation.internalConfigurationAnnotationProcessor'
2016-02-08 14:37:56,626 DEBUG   main [org.springframework.beans.factory.support.DefaultListableBeanFactory] Eagerly caching bean 'org.springframework.context.annotation.internalConfigurationAnnotationProcessor' to allow for resolving potential circular references
2016-02-08 14:37:56,626 DEBUG   main [org.springframework.beans.factory.support.DefaultListableBeanFactory] Finished creating instance of bean 'org.springframework.context.annotation.internalConfigurationAnnotationProcessor'
2016-02-08 14:37:56,636 DEBUG   main [org.springframework.beans.factory.support.DefaultListableBeanFactory] Creating shared instance of singleton bean 'org.springframework.context.support.PropertySourcesPlaceholderConfigurer#0'
2016-02-08 14:37:56,636 DEBUG   main [org.springframework.beans.factory.support.DefaultListableBeanFactory] Creating instance of bean 'org.springframework.context.support.PropertySourcesPlaceholderConfigurer#0'
2016-02-08 14:37:56,636 DEBUG   main [org.springframework.beans.factory.support.DefaultListableBeanFactory] Eagerly caching bean 'org.springframework.context.support.PropertySourcesPlaceholderConfigurer#0' to allow for resolving potential circular references
2016-02-08 14:37:56,637 DEBUG   main [org.springframework.beans.factory.support.DefaultListableBeanFactory] Finished creating instance of bean 'org.springframework.context.support.PropertySourcesPlaceholderConfigurer#0'
2016-02-08 14:37:56,638 DEBUG   main [org.springframework.core.env.MutablePropertySources] Adding [environmentProperties] PropertySource with lowest search precedence
2016-02-08 14:37:56,638 INFO   main [org.springframework.context.support.PropertySourcesPlaceholderConfigurer] Loading properties file from class path resource [ldap.properties]
2016-02-08 14:37:56,640 DEBUG   main [org.springframework.core.env.MutablePropertySources] Adding [localProperties] PropertySource with lowest search precedence
2016-02-08 14:37:56,643 TRACE   main [org.springframework.core.env.PropertySourcesPropertyResolver] getProperty("BoUser", String)
2016-02-08 14:37:56,643 DEBUG   main [org.springframework.core.env.PropertySourcesPropertyResolver] Searching for key 'BoUser' in [environmentProperties]
2016-02-08 14:37:56,643 TRACE   main [org.springframework.core.env.PropertySourcesPropertyResolver] getProperty("BoUser", String)
2016-02-08 14:37:56,643 DEBUG   main [org.springframework.core.env.PropertySourcesPropertyResolver] Searching for key 'BoUser' in [systemProperties]
2016-02-08 14:37:56,643 DEBUG   main [org.springframework.core.env.PropertySourcesPropertyResolver] Searching for key 'BoUser' in [systemEnvironment]
2016-02-08 14:37:56,644 DEBUG   main [org.springframework.core.env.PropertySourcesPropertyResolver] Could not find key 'BoUser' in any property source. Returning [null]
2016-02-08 14:37:56,644 DEBUG   main [org.springframework.core.env.PropertySourcesPropertyResolver] Searching for key 'BoUser' in [localProperties]
2016-02-08 14:37:56,644 DEBUG   main [org.springframework.core.env.PropertySourcesPropertyResolver] Found key 'BoUser' in [localProperties] with type [String] and value 'ou=User,ou=BusinessObjectsDisaster,ou=system'
2016-02-08 14:37:56,644 TRACE   main [org.springframework.util.PropertyPlaceholderHelper] Resolved placeholder 'BoUser'
2016-02-08 14:37:56,645 TRACE   main [org.springframework.core.env.PropertySourcesPropertyResolver] getProperty("BoGroup", String)
2016-02-08 14:37:56,645 DEBUG   main [org.springframework.core.env.PropertySourcesPropertyResolver] Searching for key 'BoGroup' in [environmentProperties]
2016-02-08 14:37:56,645 TRACE   main [org.springframework.core.env.PropertySourcesPropertyResolver] getProperty("BoGroup", String)
2016-02-08 14:37:56,645 DEBUG   main [org.springframework.core.env.PropertySourcesPropertyResolver] Searching for key 'BoGroup' in [systemProperties]
2016-02-08 14:37:56,645 DEBUG   main [org.springframework.core.env.PropertySourcesPropertyResolver] Searching for key 'BoGroup' in [systemEnvironment]
2016-02-08 14:37:56,646 DEBUG   main [org.springframework.core.env.PropertySourcesPropertyResolver] Could not find key 'BoGroup' in any property source. Returning [null]
2016-02-08 14:37:56,646 DEBUG   main [org.springframework.core.env.PropertySourcesPropertyResolver] Searching for key 'BoGroup' in [localProperties]
2016-02-08 14:37:56,646 DEBUG   main [org.springframework.core.env.PropertySourcesPropertyResolver] Found key 'BoGroup' in [localProperties] with type [String] and value 'ou=Group,ou=BusinessObjectsDisaster,ou=system'
2016-02-08 14:37:56,647 TRACE   main [org.springframework.util.PropertyPlaceholderHelper] Resolved placeholder 'BoGroup'
2016-02-08 14:37:56,647 TRACE   main [org.springframework.core.env.PropertySourcesPropertyResolver] getProperty("BoGroupPrefix", String)
2016-02-08 14:37:56,647 DEBUG   main [org.springframework.core.env.PropertySourcesPropertyResolver] Searching for key 'BoGroupPrefix' in [environmentProperties]
2016-02-08 14:37:56,647 TRACE   main [org.springframework.core.env.PropertySourcesPropertyResolver] getProperty("BoGroupPrefix", String)
2016-02-08 14:37:56,647 DEBUG   main [org.springframework.core.env.PropertySourcesPropertyResolver] Searching for key 'BoGroupPrefix' in [systemProperties]
2016-02-08 14:37:56,647 DEBUG   main [org.springframework.core.env.PropertySourcesPropertyResolver] Searching for key 'BoGroupPrefix' in [systemEnvironment]
2016-02-08 14:37:56,648 DEBUG   main [org.springframework.core.env.PropertySourcesPropertyResolver] Could not find key 'BoGroupPrefix' in any property source. Returning [null]
2016-02-08 14:37:56,648 DEBUG   main [org.springframework.core.env.PropertySourcesPropertyResolver] Searching for key 'BoGroupPrefix' in [localProperties]
2016-02-08 14:37:56,648 DEBUG   main [org.springframework.core.env.PropertySourcesPropertyResolver] Found key 'BoGroupPrefix' in [localProperties] with type [String] and value 'cn=Business_Objects_Disaster_Users_'
2016-02-08 14:37:56,648 TRACE   main [org.springframework.util.PropertyPlaceholderHelper] Resolved placeholder 'BoGroupPrefix'
2016-02-08 14:37:56,649 DEBUG   main [org.springframework.beans.factory.support.DefaultListableBeanFactory] Creating shared instance of singleton bean 'org.springframework.context.annotation.internalAutowiredAnnotationProcessor'
2016-02-08 14:37:56,649 DEBUG   main [org.springframework.beans.factory.support.DefaultListableBeanFactory] Creating instance of bean 'org.springframework.context.annotation.internalAutowiredAnnotationProcessor'
2016-02-08 14:37:56,650 DEBUG   main [org.springframework.beans.factory.support.DefaultListableBeanFactory] Eagerly caching bean 'org.springframework.context.annotation.internalAutowiredAnnotationProcessor' to allow for resolving potential circular references
2016-02-08 14:37:56,650 DEBUG   main [org.springframework.beans.factory.support.DefaultListableBeanFactory] Finished creating instance of bean 'org.springframework.context.annotation.internalAutowiredAnnotationProcessor'
2016-02-08 14:37:56,650 DEBUG   main [org.springframework.beans.factory.support.DefaultListableBeanFactory] Creating shared instance of singleton bean 'org.springframework.context.annotation.internalRequiredAnnotationProcessor'
2016-02-08 14:37:56,650 DEBUG   main [org.springframework.beans.factory.support.DefaultListableBeanFactory] Creating instance of bean 'org.springframework.context.annotation.internalRequiredAnnotationProcessor'
2016-02-08 14:37:56,651 DEBUG   main [org.springframework.beans.factory.support.DefaultListableBeanFactory] Eagerly caching bean 'org.springframework.context.annotation.internalRequiredAnnotationProcessor' to allow for resolving potential circular references
2016-02-08 14:37:56,651 DEBUG   main [org.springframework.beans.factory.support.DefaultListableBeanFactory] Finished creating instance of bean 'org.springframework.context.annotation.internalRequiredAnnotationProcessor'
2016-02-08 14:37:56,651 DEBUG   main [org.springframework.beans.factory.support.DefaultListableBeanFactory] Creating shared instance of singleton bean 'org.springframework.context.annotation.internalCommonAnnotationProcessor'
2016-02-08 14:37:56,651 DEBUG   main [org.springframework.beans.factory.support.DefaultListableBeanFactory] Creating instance of bean 'org.springframework.context.annotation.internalCommonAnnotationProcessor'
2016-02-08 14:37:56,651 DEBUG   main [org.springframework.beans.factory.support.DefaultListableBeanFactory] Eagerly caching bean 'org.springframework.context.annotation.internalCommonAnnotationProcessor' to allow for resolving potential circular references
2016-02-08 14:37:56,651 DEBUG   main [org.springframework.beans.factory.support.DefaultListableBeanFactory] Finished creating instance of bean 'org.springframework.context.annotation.internalCommonAnnotationProcessor'
2016-02-08 14:37:56,652 DEBUG   main [org.springframework.beans.factory.support.DefaultListableBeanFactory] Creating shared instance of singleton bean 'org.springframework.context.annotation.ConfigurationClassPostProcessor.importAwareProcessor'
2016-02-08 14:37:56,652 DEBUG   main [org.springframework.beans.factory.support.DefaultListableBeanFactory] Creating instance of bean 'org.springframework.context.annotation.ConfigurationClassPostProcessor.importAwareProcessor'
2016-02-08 14:37:56,652 DEBUG   main [org.springframework.beans.factory.support.DefaultListableBeanFactory] Eagerly caching bean 'org.springframework.context.annotation.ConfigurationClassPostProcessor.importAwareProcessor' to allow for resolving potential circular references
2016-02-08 14:37:56,652 DEBUG   main [org.springframework.beans.factory.support.DefaultListableBeanFactory] Finished creating instance of bean 'org.springframework.context.annotation.ConfigurationClassPostProcessor.importAwareProcessor'
2016-02-08 14:37:56,652 DEBUG   main [org.springframework.beans.factory.support.DefaultListableBeanFactory] Creating shared instance of singleton bean 'org.springframework.context.annotation.ConfigurationClassPostProcessor.enhancedConfigurationProcessor'
2016-02-08 14:37:56,652 DEBUG   main [org.springframework.beans.factory.support.DefaultListableBeanFactory] Creating instance of bean 'org.springframework.context.annotation.ConfigurationClassPostProcessor.enhancedConfigurationProcessor'
2016-02-08 14:37:56,652 DEBUG   main [org.springframework.beans.factory.support.DefaultListableBeanFactory] Eagerly caching bean 'org.springframework.context.annotation.ConfigurationClassPostProcessor.enhancedConfigurationProcessor' to allow for resolving potential circular references
2016-02-08 14:37:56,653 DEBUG   main [org.springframework.beans.factory.support.DefaultListableBeanFactory] Finished creating instance of bean 'org.springframework.context.annotation.ConfigurationClassPostProcessor.enhancedConfigurationProcessor'
2016-02-08 14:37:56,653 DEBUG   main [org.springframework.context.support.ClassPathXmlApplicationContext] Unable to locate MessageSource with name 'messageSource': using default [org.springframework.context.support.DelegatingMessageSource@441b6bab]
2016-02-08 14:37:56,653 DEBUG   main [org.springframework.context.support.ClassPathXmlApplicationContext] Unable to locate ApplicationEventMulticaster with name 'applicationEventMulticaster': using default [org.springframework.context.event.SimpleApplicationEventMulticaster@6439ca7b]
2016-02-08 14:37:56,654 DEBUG   main [org.springframework.beans.factory.support.DefaultListableBeanFactory] Pre-instantiating singletons in org.springframework.beans.factory.support.DefaultListableBeanFactory@2bbfdaa4: defining beans [org.springframework.context.support.PropertySourcesPlaceholderConfigurer#0,ldapConfig,userRepositoryImpl,org.springframework.context.annotation.internalConfigurationAnnotationProcessor,org.springframework.context.annotation.internalAutowiredAnnotationProcessor,org.springframework.context.annotation.internalRequiredAnnotationProcessor,org.springframework.context.annotation.internalCommonAnnotationProcessor,simpleDirContextAuthenticationStrategy,userReposImpl,contextSource,ldapTemplate,org.springframework.context.annotation.ConfigurationClassPostProcessor.importAwareProcessor,org.springframework.context.annotation.ConfigurationClassPostProcessor.enhancedConfigurationProcessor]; root of factory hierarchy
2016-02-08 14:37:56,654 DEBUG   main [org.springframework.beans.factory.support.DefaultListableBeanFactory] Returning cached instance of singleton bean 'org.springframework.context.support.PropertySourcesPlaceholderConfigurer#0'
2016-02-08 14:37:56,654 DEBUG   main [org.springframework.beans.factory.support.DefaultListableBeanFactory] Creating shared instance of singleton bean 'ldapConfig'
2016-02-08 14:37:56,654 DEBUG   main [org.springframework.beans.factory.support.DefaultListableBeanFactory] Creating instance of bean 'ldapConfig'
2016-02-08 14:37:56,654 DEBUG   main [org.springframework.beans.factory.support.DefaultListableBeanFactory] Eagerly caching bean 'ldapConfig' to allow for resolving potential circular references
2016-02-08 14:37:56,655 DEBUG   main [org.springframework.beans.factory.support.DefaultListableBeanFactory] Finished creating instance of bean 'ldapConfig'
2016-02-08 14:37:56,655 DEBUG   main [org.springframework.beans.factory.support.DefaultListableBeanFactory] Creating shared instance of singleton bean 'userRepositoryImpl'
2016-02-08 14:37:56,655 DEBUG   main [org.springframework.beans.factory.support.DefaultListableBeanFactory] Creating instance of bean 'userRepositoryImpl'
2016-02-08 14:37:56,661 DEBUG   main [org.springframework.beans.factory.annotation.InjectionMetadata] Registered injected element on class [gov.fema.adminportal.ldap.repository.UserRepositoryImpl]: AutowiredFieldElement for private gov.fema.adminportal.ldap.model.LDAPConfig gov.fema.adminportal.ldap.repository.UserRepositoryImpl.ldapConfig
2016-02-08 14:37:56,661 DEBUG   main [org.springframework.beans.factory.annotation.InjectionMetadata] Registered injected element on class [gov.fema.adminportal.ldap.repository.UserRepositoryImpl]: AutowiredFieldElement for private org.springframework.ldap.core.LdapTemplate gov.fema.adminportal.ldap.repository.UserRepositoryImpl.ldapTemplate
2016-02-08 14:37:56,662 DEBUG   main [org.springframework.beans.factory.support.DefaultListableBeanFactory] Eagerly caching bean 'userRepositoryImpl' to allow for resolving potential circular references
2016-02-08 14:37:56,662 DEBUG   main [org.springframework.beans.factory.annotation.InjectionMetadata] Processing injected element of bean 'userRepositoryImpl': AutowiredFieldElement for private gov.fema.adminportal.ldap.model.LDAPConfig gov.fema.adminportal.ldap.repository.UserRepositoryImpl.ldapConfig
2016-02-08 14:37:56,662 DEBUG   main [org.springframework.beans.factory.support.DefaultListableBeanFactory] Returning cached instance of singleton bean 'ldapConfig'
2016-02-08 14:37:56,663 DEBUG   main [org.springframework.beans.factory.annotation.AutowiredAnnotationBeanPostProcessor] Autowiring by type from bean name 'userRepositoryImpl' to bean named 'ldapConfig'
2016-02-08 14:37:56,663 DEBUG   main [org.springframework.beans.factory.annotation.InjectionMetadata] Processing injected element of bean 'userRepositoryImpl': AutowiredFieldElement for private org.springframework.ldap.core.LdapTemplate gov.fema.adminportal.ldap.repository.UserRepositoryImpl.ldapTemplate
2016-02-08 14:37:56,664 DEBUG   main [org.springframework.beans.factory.support.DefaultListableBeanFactory] Creating shared instance of singleton bean 'ldapTemplate'
2016-02-08 14:37:56,664 DEBUG   main [org.springframework.beans.factory.support.DefaultListableBeanFactory] Creating instance of bean 'ldapTemplate'
2016-02-08 14:37:56,665 DEBUG   main [org.springframework.beans.factory.support.DefaultListableBeanFactory] Eagerly caching bean 'ldapTemplate' to allow for resolving potential circular references
2016-02-08 14:37:56,666 DEBUG   main [org.springframework.beans.factory.support.DefaultListableBeanFactory] Creating shared instance of singleton bean 'contextSource'
2016-02-08 14:37:56,666 DEBUG   main [org.springframework.beans.factory.support.DefaultListableBeanFactory] Creating instance of bean 'contextSource'
2016-02-08 14:37:56,666 DEBUG   main [org.springframework.beans.factory.support.DefaultListableBeanFactory] Creating instance of bean '(inner bean)#e1c84a5'
2016-02-08 14:37:56,668 DEBUG   main [org.springframework.beans.factory.support.DefaultListableBeanFactory] Creating instance of bean '(inner bean)#724873df'
2016-02-08 14:37:56,671 DEBUG   main [org.springframework.beans.factory.support.DefaultListableBeanFactory] Finished creating instance of bean '(inner bean)#724873df'
2016-02-08 14:37:56,671 DEBUG   main [org.springframework.beans.factory.support.DefaultListableBeanFactory] Creating shared instance of singleton bean 'simpleDirContextAuthenticationStrategy'
2016-02-08 14:37:56,671 DEBUG   main [org.springframework.beans.factory.support.DefaultListableBeanFactory] Creating instance of bean 'simpleDirContextAuthenticationStrategy'
2016-02-08 14:37:56,671 DEBUG   main [org.springframework.beans.factory.support.DefaultListableBeanFactory] Eagerly caching bean 'simpleDirContextAuthenticationStrategy' to allow for resolving potential circular references
2016-02-08 14:37:56,672 DEBUG   main [org.springframework.beans.factory.support.DefaultListableBeanFactory] Finished creating instance of bean 'simpleDirContextAuthenticationStrategy'
2016-02-08 14:37:56,672 DEBUG   main [org.springframework.beans.factory.support.DefaultListableBeanFactory] Invoking afterPropertiesSet() on bean with name '(inner bean)#e1c84a5'
2016-02-08 14:37:56,672 DEBUG   main [org.springframework.beans.factory.support.DefaultListableBeanFactory] Finished creating instance of bean '(inner bean)#e1c84a5'
2016-02-08 14:37:56,675 DEBUG   main [org.springframework.beans.factory.support.DefaultListableBeanFactory] Eagerly caching bean 'contextSource' to allow for resolving potential circular references
2016-02-08 14:37:56,676 DEBUG   main [org.springframework.beans.factory.support.DefaultListableBeanFactory] Finished creating instance of bean 'contextSource'
2016-02-08 14:37:56,676 DEBUG   main [org.springframework.beans.factory.support.DefaultListableBeanFactory] Invoking afterPropertiesSet() on bean with name 'ldapTemplate'
2016-02-08 14:37:56,676 DEBUG   main [org.springframework.beans.factory.support.DefaultListableBeanFactory] Finished creating instance of bean 'ldapTemplate'
2016-02-08 14:37:56,677 DEBUG   main [org.springframework.beans.factory.annotation.AutowiredAnnotationBeanPostProcessor] Autowiring by type from bean name 'userRepositoryImpl' to bean named 'ldapTemplate'
2016-02-08 14:37:56,677 DEBUG   main [org.springframework.beans.factory.support.DefaultListableBeanFactory] Finished creating instance of bean 'userRepositoryImpl'
2016-02-08 14:37:56,677 DEBUG   main [org.springframework.beans.factory.support.DefaultListableBeanFactory] Returning cached instance of singleton bean 'org.springframework.context.annotation.internalConfigurationAnnotationProcessor'
2016-02-08 14:37:56,677 DEBUG   main [org.springframework.beans.factory.support.DefaultListableBeanFactory] Returning cached instance of singleton bean 'org.springframework.context.annotation.internalAutowiredAnnotationProcessor'
2016-02-08 14:37:56,677 DEBUG   main [org.springframework.beans.factory.support.DefaultListableBeanFactory] Returning cached instance of singleton bean 'org.springframework.context.annotation.internalRequiredAnnotationProcessor'
2016-02-08 14:37:56,677 DEBUG   main [org.springframework.beans.factory.support.DefaultListableBeanFactory] Returning cached instance of singleton bean 'org.springframework.context.annotation.internalCommonAnnotationProcessor'
2016-02-08 14:37:56,677 DEBUG   main [org.springframework.beans.factory.support.DefaultListableBeanFactory] Returning cached instance of singleton bean 'simpleDirContextAuthenticationStrategy'
2016-02-08 14:37:56,677 DEBUG   main [org.springframework.beans.factory.support.DefaultListableBeanFactory] Creating shared instance of singleton bean 'userReposImpl'
2016-02-08 14:37:56,677 DEBUG   main [org.springframework.beans.factory.support.DefaultListableBeanFactory] Creating instance of bean 'userReposImpl'
2016-02-08 14:37:56,678 DEBUG   main [org.springframework.beans.factory.annotation.InjectionMetadata] Registered injected element on class [gov.fema.adminportal.ldap.repository.UserRepositoryImpl]: AutowiredFieldElement for private gov.fema.adminportal.ldap.model.LDAPConfig gov.fema.adminportal.ldap.repository.UserRepositoryImpl.ldapConfig
2016-02-08 14:37:56,678 DEBUG   main [org.springframework.beans.factory.annotation.InjectionMetadata] Registered injected element on class [gov.fema.adminportal.ldap.repository.UserRepositoryImpl]: AutowiredFieldElement for private org.springframework.ldap.core.LdapTemplate gov.fema.adminportal.ldap.repository.UserRepositoryImpl.ldapTemplate
2016-02-08 14:37:56,678 DEBUG   main [org.springframework.beans.factory.support.DefaultListableBeanFactory] Eagerly caching bean 'userReposImpl' to allow for resolving potential circular references
2016-02-08 14:37:56,678 DEBUG   main [org.springframework.beans.factory.annotation.InjectionMetadata] Processing injected element of bean 'userReposImpl': AutowiredFieldElement for private gov.fema.adminportal.ldap.model.LDAPConfig gov.fema.adminportal.ldap.repository.UserRepositoryImpl.ldapConfig
2016-02-08 14:37:56,679 DEBUG   main [org.springframework.beans.factory.support.DefaultListableBeanFactory] Returning cached instance of singleton bean 'ldapConfig'
2016-02-08 14:37:56,679 DEBUG   main [org.springframework.beans.factory.annotation.AutowiredAnnotationBeanPostProcessor] Autowiring by type from bean name 'userReposImpl' to bean named 'ldapConfig'
2016-02-08 14:37:56,679 DEBUG   main [org.springframework.beans.factory.annotation.InjectionMetadata] Processing injected element of bean 'userReposImpl': AutowiredFieldElement for private org.springframework.ldap.core.LdapTemplate gov.fema.adminportal.ldap.repository.UserRepositoryImpl.ldapTemplate
2016-02-08 14:37:56,679 DEBUG   main [org.springframework.beans.factory.support.DefaultListableBeanFactory] Returning cached instance of singleton bean 'ldapTemplate'
2016-02-08 14:37:56,679 DEBUG   main [org.springframework.beans.factory.annotation.AutowiredAnnotationBeanPostProcessor] Autowiring by type from bean name 'userReposImpl' to bean named 'ldapTemplate'
2016-02-08 14:37:56,679 DEBUG   main [org.springframework.beans.factory.support.DefaultListableBeanFactory] Finished creating instance of bean 'userReposImpl'
2016-02-08 14:37:56,679 DEBUG   main [org.springframework.beans.factory.support.DefaultListableBeanFactory] Returning cached instance of singleton bean 'contextSource'
2016-02-08 14:37:56,679 DEBUG   main [org.springframework.beans.factory.support.DefaultListableBeanFactory] Returning cached instance of singleton bean 'ldapTemplate'
2016-02-08 14:37:56,680 DEBUG   main [org.springframework.beans.factory.support.DefaultListableBeanFactory] Returning cached instance of singleton bean 'org.springframework.context.annotation.ConfigurationClassPostProcessor.importAwareProcessor'
2016-02-08 14:37:56,680 DEBUG   main [org.springframework.beans.factory.support.DefaultListableBeanFactory] Returning cached instance of singleton bean 'org.springframework.context.annotation.ConfigurationClassPostProcessor.enhancedConfigurationProcessor'
2016-02-08 14:37:56,680 DEBUG   main [org.springframework.context.support.ClassPathXmlApplicationContext] Unable to locate LifecycleProcessor with name 'lifecycleProcessor': using default [org.springframework.context.support.DefaultLifecycleProcessor@2022d1f4]
2016-02-08 14:37:56,680 DEBUG   main [org.springframework.beans.factory.support.DefaultListableBeanFactory] Returning cached instance of singleton bean 'lifecycleProcessor'
2016-02-08 14:37:56,680 TRACE   main [org.springframework.context.support.ClassPathXmlApplicationContext] Publishing event in org.springframework.context.support.ClassPathXmlApplicationContext@60c4d1a7: org.springframework.context.event.ContextRefreshedEvent[source=org.springframework.context.support.ClassPathXmlApplicationContext@60c4d1a7: startup date [Mon Feb 08 14:37:56 EST 2016]; root of context hierarchy]
2016-02-08 14:37:56,680 TRACE   main [org.springframework.core.env.PropertySourcesPropertyResolver] getProperty("spring.liveBeansView.mbeanDomain", String)
2016-02-08 14:37:56,680 DEBUG   main [org.springframework.core.env.PropertySourcesPropertyResolver] Searching for key 'spring.liveBeansView.mbeanDomain' in [systemProperties]
2016-02-08 14:37:56,680 DEBUG   main [org.springframework.core.env.PropertySourcesPropertyResolver] Searching for key 'spring.liveBeansView.mbeanDomain' in [systemEnvironment]
2016-02-08 14:37:56,681 DEBUG   main [org.springframework.core.env.PropertySourcesPropertyResolver] Could not find key 'spring.liveBeansView.mbeanDomain' in any property source. Returning [null]
2016-02-08 14:37:56,681 INFO   main [org.springframework.context.support.ClassPathXmlApplicationContext] Closing org.springframework.context.support.ClassPathXmlApplicationContext@60c4d1a7: startup date [Mon Feb 08 14:37:56 EST 2016]; root of context hierarchy
2016-02-08 14:37:56,681 TRACE   main [org.springframework.context.support.ClassPathXmlApplicationContext] Publishing event in org.springframework.context.support.ClassPathXmlApplicationContext@60c4d1a7: org.springframework.context.event.ContextClosedEvent[source=org.springframework.context.support.ClassPathXmlApplicationContext@60c4d1a7: startup date [Mon Feb 08 14:37:56 EST 2016]; root of context hierarchy]
2016-02-08 14:37:56,682 DEBUG   main [org.springframework.beans.factory.support.DefaultListableBeanFactory] Returning cached instance of singleton bean 'lifecycleProcessor'
2016-02-08 14:37:56,682 DEBUG   main [org.springframework.beans.factory.support.DefaultListableBeanFactory] Destroying singletons in org.springframework.beans.factory.support.DefaultListableBeanFactory@2bbfdaa4: defining beans [org.springframework.context.support.PropertySourcesPlaceholderConfigurer#0,ldapConfig,userRepositoryImpl,org.springframework.context.annotation.internalConfigurationAnnotationProcessor,org.springframework.context.annotation.internalAutowiredAnnotationProcessor,org.springframework.context.annotation.internalRequiredAnnotationProcessor,org.springframework.context.annotation.internalCommonAnnotationProcessor,simpleDirContextAuthenticationStrategy,userReposImpl,contextSource,ldapTemplate,org.springframework.context.annotation.ConfigurationClassPostProcessor.importAwareProcessor,org.springframework.context.annotation.ConfigurationClassPostProcessor.enhancedConfigurationProcessor]; root of factory hierarchy
2016-02-08 14:37:56,682 DEBUG   main [org.springframework.beans.factory.support.DefaultListableBeanFactory] Retrieved dependent beans for bean '(inner bean)#e1c84a5': [contextSource]
2016-02-08 14:37:56,682 DEBUG   main [org.springframework.beans.factory.support.DefaultListableBeanFactory] Retrieved dependent beans for bean '(inner bean)#724873df': [(inner bean)#e1c84a5]
2016-02-08 14:38:43,845 DEBUG   main [org.springframework.core.env.StandardEnvironment] Adding [systemProperties] PropertySource with lowest search precedence
2016-02-08 14:38:43,850 DEBUG   main [org.springframework.core.env.StandardEnvironment] Adding [systemEnvironment] PropertySource with lowest search precedence
2016-02-08 14:38:43,850 DEBUG   main [org.springframework.core.env.StandardEnvironment] Initialized StandardEnvironment with PropertySources [systemProperties,systemEnvironment]
2016-02-08 14:38:43,854 INFO   main [org.springframework.context.support.ClassPathXmlApplicationContext] Refreshing org.springframework.context.support.ClassPathXmlApplicationContext@6f1dc409: startup date [Mon Feb 08 14:38:43 EST 2016]; root of context hierarchy
2016-02-08 14:38:43,892 DEBUG   main [org.springframework.core.env.StandardEnvironment] Adding [systemProperties] PropertySource with lowest search precedence
2016-02-08 14:38:43,893 DEBUG   main [org.springframework.core.env.StandardEnvironment] Adding [systemEnvironment] PropertySource with lowest search precedence
2016-02-08 14:38:43,893 DEBUG   main [org.springframework.core.env.StandardEnvironment] Initialized StandardEnvironment with PropertySources [systemProperties,systemEnvironment]
2016-02-08 14:38:43,905 INFO   main [org.springframework.beans.factory.xml.XmlBeanDefinitionReader] Loading XML bean definitions from class path resource [spring-ldap-example.xml]
2016-02-08 14:38:43,907 DEBUG   main [org.springframework.beans.factory.xml.DefaultDocumentLoader] Using JAXP provider [com.sun.org.apache.xerces.internal.jaxp.DocumentBuilderFactoryImpl]
2016-02-08 14:38:43,930 TRACE   main [org.springframework.beans.factory.xml.PluggableSchemaResolver] Trying to resolve XML entity with public id [null] and system id [http://www.springframework.org/schema/beans/spring-beans.xsd]
2016-02-08 14:38:43,930 DEBUG   main [org.springframework.beans.factory.xml.PluggableSchemaResolver] Loading schema mappings from [META-INF/spring.schemas]
2016-02-08 14:38:43,939 DEBUG   main [org.springframework.beans.factory.xml.PluggableSchemaResolver] Loaded schema mappings: {http://www.springframework.org/schema/tx/spring-tx-2.5.xsd=org/springframework/transaction/config/spring-tx-2.5.xsd, http://www.springframework.org/schema/cache/spring-cache-4.2.xsd=org/springframework/cache/config/spring-cache-4.2.xsd, http://www.springframework.org/schema/aop/spring-aop-4.1.xsd=org/springframework/aop/config/spring-aop-4.1.xsd, http://www.springframework.org/schema/context/spring-context-3.1.xsd=org/springframework/context/config/spring-context-3.1.xsd, http://www.springframework.org/schema/data/repository/spring-repository-1.4.xsd=org/springframework/data/repository/config/spring-repository-1.4.xsd, http://www.springframework.org/schema/util/spring-util-3.0.xsd=org/springframework/beans/factory/xml/spring-util-3.0.xsd, http://www.springframework.org/schema/tool/spring-tool.xsd=org/springframework/beans/factory/xml/spring-tool-4.2.xsd, http://www.springframework.org/schema/aop/spring-aop-3.2.xsd=org/springframework/aop/config/spring-aop-3.2.xsd, http://www.springframework.org/schema/lang/spring-lang-4.1.xsd=org/springframework/scripting/config/spring-lang-4.1.xsd, http://www.springframework.org/schema/context/spring-context-4.0.xsd=org/springframework/context/config/spring-context-4.0.xsd, http://www.springframework.org/schema/beans/spring-beans-4.2.xsd=org/springframework/beans/factory/xml/spring-beans-4.2.xsd, http://www.springframework.org/schema/tool/spring-tool-4.1.xsd=org/springframework/beans/factory/xml/spring-tool-4.1.xsd, http://www.springframework.org/schema/lang/spring-lang-3.2.xsd=org/springframework/scripting/config/spring-lang-3.2.xsd, http://www.springframework.org/schema/cache/spring-cache-3.2.xsd=org/springframework/cache/config/spring-cache-3.2.xsd, http://www.springframework.org/schema/jee/spring-jee-4.1.xsd=org/springframework/ejb/config/spring-jee-4.1.xsd, http://www.springframework.org/schema/task/spring-task-4.2.xsd=org/springframework/scheduling/config/spring-task-4.2.xsd, http://www.springframework.org/schema/util/spring-util-2.0.xsd=org/springframework/beans/factory/xml/spring-util-2.0.xsd, http://www.springframework.org/schema/tool/spring-tool-3.2.xsd=org/springframework/beans/factory/xml/spring-tool-3.2.xsd, http://www.springframework.org/schema/context/spring-context.xsd=org/springframework/context/config/spring-context-4.2.xsd, http://www.springframework.org/schema/tx/spring-tx-4.2.xsd=org/springframework/transaction/config/spring-tx-4.2.xsd, http://www.springframework.org/schema/cache/spring-cache-4.1.xsd=org/springframework/cache/config/spring-cache-4.1.xsd, http://www.springframework.org/schema/aop/spring-aop-4.0.xsd=org/springframework/aop/config/spring-aop-4.0.xsd, http://www.springframework.org/schema/jee/spring-jee-3.2.xsd=org/springframework/ejb/config/spring-jee-3.2.xsd, http://www.springframework.org/schema/context/spring-context-3.0.xsd=org/springframework/context/config/spring-context-3.0.xsd, http://www.springframework.org/schema/util/spring-util-2.5.xsd=org/springframework/beans/factory/xml/spring-util-2.5.xsd, http://www.springframework.org/schema/beans/spring-beans-3.2.xsd=org/springframework/beans/factory/xml/spring-beans-3.2.xsd, http://www.springframework.org/schema/aop/spring-aop-3.1.xsd=org/springframework/aop/config/spring-aop-3.1.xsd, http://www.springframework.org/schema/ldap/spring-ldap-2.0.xsd=org/springframework/ldap/config/spring-ldap-2.0.xsd, http://www.springframework.org/schema/lang/spring-lang-4.0.xsd=org/springframework/scripting/config/spring-lang-4.0.xsd, http://www.springframework.org/schema/beans/spring-beans-4.1.xsd=org/springframework/beans/factory/xml/spring-beans-4.1.xsd, http://www.springframework.org/schema/tool/spring-tool-4.0.xsd=org/springframework/beans/factory/xml/spring-tool-4.0.xsd, http://www.springframework.org/schema/tx/spring-tx-3.2.xsd=org/springframework/transaction/config/spring-tx-3.2.xsd, http://www.springframework.org/schema/lang/spring-lang-3.1.xsd=org/springframework/scripting/config/spring-lang-3.1.xsd, http://www.springframework.org/schema/cache/spring-cache-3.1.xsd=org/springframework/cache/config/spring-cache-3.1.xsd, http://www.springframework.org/schema/jee/spring-jee-4.0.xsd=org/springframework/ejb/config/spring-jee-4.0.xsd, http://www.springframework.org/schema/task/spring-task-4.1.xsd=org/springframework/scheduling/config/spring-task-4.1.xsd, http://www.springframework.org/schema/tool/spring-tool-3.1.xsd=org/springframework/beans/factory/xml/spring-tool-3.1.xsd, http://www.springframework.org/schema/tx/spring-tx-4.1.xsd=org/springframework/transaction/config/spring-tx-4.1.xsd, http://www.springframework.org/schema/cache/spring-cache-4.0.xsd=org/springframework/cache/config/spring-cache-4.0.xsd, http://www.springframework.org/schema/jee/spring-jee-3.1.xsd=org/springframework/ejb/config/spring-jee-3.1.xsd, http://www.springframework.org/schema/task/spring-task-3.2.xsd=org/springframework/scheduling/config/spring-task-3.2.xsd, http://www.springframework.org/schema/util/spring-util-4.2.xsd=org/springframework/beans/factory/xml/spring-util-4.2.xsd, http://www.springframework.org/schema/beans/spring-beans-3.1.xsd=org/springframework/beans/factory/xml/spring-beans-3.1.xsd, http://www.springframework.org/schema/util/spring-util.xsd=org/springframework/beans/factory/xml/spring-util-4.2.xsd, http://www.springframework.org/schema/aop/spring-aop-3.0.xsd=org/springframework/aop/config/spring-aop-3.0.xsd, http://www.springframework.org/schema/data/repository/spring-repository.xsd=org/springframework/data/repository/config/spring-repository-1.7.xsd, http://www.springframework.org/schema/data/repository/spring-repository-1.7.xsd=org/springframework/data/repository/config/spring-repository-1.7.xsd, http://www.springframework.org/schema/ldap/spring-ldap.xsd=org/springframework/ldap/config/spring-ldap-2.0.xsd, http://www.springframework.org/schema/beans/spring-beans-4.0.xsd=org/springframework/beans/factory/xml/spring-beans-4.0.xsd, http://www.springframework.org/schema/beans/spring-beans.xsd=org/springframework/beans/factory/xml/spring-beans-4.2.xsd, http://www.springframework.org/schema/tx/spring-tx-3.1.xsd=org/springframework/transaction/config/spring-tx-3.1.xsd, http://www.springframework.org/schema/lang/spring-lang-3.0.xsd=org/springframework/scripting/config/spring-lang-3.0.xsd, http://www.springframework.org/schema/context/spring-context-2.5.xsd=org/springframework/context/config/spring-context-2.5.xsd, http://www.springframework.org/schema/task/spring-task-4.0.xsd=org/springframework/scheduling/config/spring-task-4.0.xsd, http://www.springframework.org/schema/tool/spring-tool-3.0.xsd=org/springframework/beans/factory/xml/spring-tool-3.0.xsd, http://www.springframework.org/schema/tx/spring-tx-4.0.xsd=org/springframework/transaction/config/spring-tx-4.0.xsd, http://www.springframework.org/schema/aop/spring-aop-2.0.xsd=org/springframework/aop/config/spring-aop-2.0.xsd, http://www.springframework.org/schema/jee/spring-jee-3.0.xsd=org/springframework/ejb/config/spring-jee-3.0.xsd, http://www.springframework.org/schema/util/spring-util-4.1.xsd=org/springframework/beans/factory/xml/spring-util-4.1.xsd, http://www.springframework.org/schema/task/spring-task-3.1.xsd=org/springframework/scheduling/config/spring-task-3.1.xsd, http://www.springframework.org/schema/beans/spring-beans-3.0.xsd=org/springframework/beans/factory/xml/spring-beans-3.0.xsd, http://www.springframework.org/schema/jee/spring-jee.xsd=org/springframework/ejb/config/spring-jee-4.2.xsd, http://www.springframework.org/schema/aop/spring-aop-2.5.xsd=org/springframework/aop/config/spring-aop-2.5.xsd, http://www.springframework.org/schema/lang/spring-lang-2.0.xsd=org/springframework/scripting/config/spring-lang-2.0.xsd, http://www.springframework.org/schema/data/repository/spring-repository-1.6.xsd=org/springframework/data/repository/config/spring-repository-1.6.xsd, http://www.springframework.org/schema/util/spring-util-3.2.xsd=org/springframework/beans/factory/xml/spring-util-3.2.xsd, http://www.springframework.org/schema/task/spring-task.xsd=org/springframework/scheduling/config/spring-task-4.2.xsd, http://www.springframework.org/schema/tool/spring-tool-2.0.xsd=org/springframework/beans/factory/xml/spring-tool-2.0.xsd, http://www.springframework.org/schema/tx/spring-tx-3.0.xsd=org/springframework/transaction/config/spring-tx-3.0.xsd, http://www.springframework.org/schema/lang/spring-lang-2.5.xsd=org/springframework/scripting/config/spring-lang-2.5.xsd, http://www.springframework.org/schema/context/spring-context-4.2.xsd=org/springframework/context/config/spring-context-4.2.xsd, http://www.springframework.org/schema/jee/spring-jee-2.0.xsd=org/springframework/ejb/config/spring-jee-2.0.xsd, http://www.springframework.org/schema/tool/spring-tool-2.5.xsd=org/springframework/beans/factory/xml/spring-tool-2.5.xsd, http://www.springframework.org/schema/jee/spring-jee-2.5.xsd=org/springframework/ejb/config/spring-jee-2.5.xsd, http://www.springframework.org/schema/data/repository/spring-repository-1.0.xsd=org/springframework/data/repository/config/spring-repository-1.0.xsd, http://www.springframework.org/schema/util/spring-util-4.0.xsd=org/springframework/beans/factory/xml/spring-util-4.0.xsd, http://www.springframework.org/schema/task/spring-task-3.0.xsd=org/springframework/scheduling/config/spring-task-3.0.xsd, http://www.springframework.org/schema/aop/spring-aop-4.2.xsd=org/springframework/aop/config/spring-aop-4.2.xsd, http://www.springframework.org/schema/lang/spring-lang.xsd=org/springframework/scripting/config/spring-lang-4.2.xsd, http://www.springframework.org/schema/context/spring-context-3.2.xsd=org/springframework/context/config/spring-context-3.2.xsd, http://www.springframework.org/schema/data/repository/spring-repository-1.5.xsd=org/springframework/data/repository/config/spring-repository-1.5.xsd, http://www.springframework.org/schema/util/spring-util-3.1.xsd=org/springframework/beans/factory/xml/spring-util-3.1.xsd, http://www.springframework.org/schema/beans/spring-beans-2.0.xsd=org/springframework/beans/factory/xml/spring-beans-2.0.xsd, http://www.springframework.org/schema/cache/spring-cache.xsd=org/springframework/cache/config/spring-cache-4.2.xsd, http://www.springframework.org/schema/tx/spring-tx.xsd=org/springframework/transaction/config/spring-tx-4.2.xsd, http://www.springframework.org/schema/lang/spring-lang-4.2.xsd=org/springframework/scripting/config/spring-lang-4.2.xsd, http://www.springframework.org/schema/context/spring-context-4.1.xsd=org/springframework/context/config/spring-context-4.1.xsd, http://www.springframework.org/schema/beans/spring-beans-2.5.xsd=org/springframework/beans/factory/xml/spring-beans-2.5.xsd, http://www.springframework.org/schema/tool/spring-tool-4.2.xsd=org/springframework/beans/factory/xml/spring-tool-4.2.xsd, http://www.springframework.org/schema/tx/spring-tx-2.0.xsd=org/springframework/transaction/config/spring-tx-2.0.xsd, http://www.springframework.org/schema/jee/spring-jee-4.2.xsd=org/springframework/ejb/config/spring-jee-4.2.xsd, http://www.springframework.org/schema/aop/spring-aop.xsd=org/springframework/aop/config/spring-aop-4.2.xsd}
2016-02-08 14:38:43,945 DEBUG   main [org.springframework.beans.factory.xml.PluggableSchemaResolver] Found XML schema [http://www.springframework.org/schema/beans/spring-beans.xsd] in classpath: org/springframework/beans/factory/xml/spring-beans-4.2.xsd
2016-02-08 14:38:44,007 TRACE   main [org.springframework.beans.factory.xml.PluggableSchemaResolver] Trying to resolve XML entity with public id [null] and system id [http://www.springframework.org/schema/context/spring-context.xsd]
2016-02-08 14:38:44,010 DEBUG   main [org.springframework.beans.factory.xml.PluggableSchemaResolver] Found XML schema [http://www.springframework.org/schema/context/spring-context.xsd] in classpath: org/springframework/context/config/spring-context-4.2.xsd
2016-02-08 14:38:44,019 TRACE   main [org.springframework.beans.factory.xml.PluggableSchemaResolver] Trying to resolve XML entity with public id [null] and system id [http://www.springframework.org/schema/tool/spring-tool-4.2.xsd]
2016-02-08 14:38:44,020 DEBUG   main [org.springframework.beans.factory.xml.PluggableSchemaResolver] Found XML schema [http://www.springframework.org/schema/tool/spring-tool-4.2.xsd] in classpath: org/springframework/beans/factory/xml/spring-tool-4.2.xsd
2016-02-08 14:38:44,030 TRACE   main [org.springframework.beans.factory.xml.PluggableSchemaResolver] Trying to resolve XML entity with public id [null] and system id [http://www.springframework.org/schema/ldap/spring-ldap.xsd]
2016-02-08 14:38:44,031 DEBUG   main [org.springframework.beans.factory.xml.PluggableSchemaResolver] Found XML schema [http://www.springframework.org/schema/ldap/spring-ldap.xsd] in classpath: org/springframework/ldap/config/spring-ldap-2.0.xsd
2016-02-08 14:38:44,047 TRACE   main [org.springframework.beans.factory.xml.PluggableSchemaResolver] Trying to resolve XML entity with public id [null] and system id [http://www.springframework.org/schema/data/repository/spring-repository.xsd]
2016-02-08 14:38:44,048 DEBUG   main [org.springframework.beans.factory.xml.PluggableSchemaResolver] Found XML schema [http://www.springframework.org/schema/data/repository/spring-repository.xsd] in classpath: org/springframework/data/repository/config/spring-repository-1.7.xsd
2016-02-08 14:38:44,068 DEBUG   main [org.springframework.beans.factory.xml.DefaultBeanDefinitionDocumentReader] Loading bean definitions
2016-02-08 14:38:44,079 DEBUG   main [org.springframework.beans.factory.xml.DefaultNamespaceHandlerResolver] Loaded NamespaceHandler mappings: {http://www.springframework.org/schema/p=org.springframework.beans.factory.xml.SimplePropertyNamespaceHandler, http://www.springframework.org/schema/util=org.springframework.beans.factory.xml.UtilNamespaceHandler, http://www.springframework.org/schema/jee=org.springframework.ejb.config.JeeNamespaceHandler, http://www.springframework.org/schema/aop=org.springframework.aop.config.AopNamespaceHandler, http://www.springframework.org/schema/data/repository=org.springframework.data.repository.config.RepositoryNameSpaceHandler, http://www.springframework.org/schema/cache=org.springframework.cache.config.CacheNamespaceHandler, http://www.springframework.org/schema/c=org.springframework.beans.factory.xml.SimpleConstructorNamespaceHandler, http://www.springframework.org/schema/ldap=org.springframework.ldap.config.LdapNamespaceHandler, http://www.springframework.org/schema/tx=org.springframework.transaction.config.TxNamespaceHandler, http://www.springframework.org/schema/task=org.springframework.scheduling.config.TaskNamespaceHandler, http://www.springframework.org/schema/lang=org.springframework.scripting.config.LangNamespaceHandler, http://www.springframework.org/schema/context=org.springframework.context.config.ContextNamespaceHandler}
2016-02-08 14:38:44,103 DEBUG   main [org.springframework.core.env.StandardEnvironment] Adding [systemProperties] PropertySource with lowest search precedence
2016-02-08 14:38:44,103 DEBUG   main [org.springframework.core.env.StandardEnvironment] Adding [systemEnvironment] PropertySource with lowest search precedence
2016-02-08 14:38:44,103 DEBUG   main [org.springframework.core.env.StandardEnvironment] Initialized StandardEnvironment with PropertySources [systemProperties,systemEnvironment]
2016-02-08 14:38:44,117 DEBUG   main [org.springframework.core.io.support.PathMatchingResourcePatternResolver] Looking for matching resources in directory tree [C:\Eclipse\workspace\SpringLdapProject\bin\gov\fema\adminportal\ldap]
2016-02-08 14:38:44,117 DEBUG   main [org.springframework.core.io.support.PathMatchingResourcePatternResolver] Searching directory [C:\Eclipse\workspace\SpringLdapProject\bin\gov\fema\adminportal\ldap] for files matching pattern [C:/Eclipse/workspace/SpringLdapProject/bin/gov/fema/adminportal/ldap/**/*.class]
2016-02-08 14:38:44,119 DEBUG   main [org.springframework.core.io.support.PathMatchingResourcePatternResolver] Searching directory [C:\Eclipse\workspace\SpringLdapProject\bin\gov\fema\adminportal\ldap\app] for files matching pattern [C:/Eclipse/workspace/SpringLdapProject/bin/gov/fema/adminportal/ldap/**/*.class]
2016-02-08 14:38:44,120 DEBUG   main [org.springframework.core.io.support.PathMatchingResourcePatternResolver] Searching directory [C:\Eclipse\workspace\SpringLdapProject\bin\gov\fema\adminportal\ldap\model] for files matching pattern [C:/Eclipse/workspace/SpringLdapProject/bin/gov/fema/adminportal/ldap/**/*.class]
2016-02-08 14:38:44,121 DEBUG   main [org.springframework.core.io.support.PathMatchingResourcePatternResolver] Searching directory [C:\Eclipse\workspace\SpringLdapProject\bin\gov\fema\adminportal\ldap\repository] for files matching pattern [C:/Eclipse/workspace/SpringLdapProject/bin/gov/fema/adminportal/ldap/**/*.class]
2016-02-08 14:38:44,124 DEBUG   main [org.springframework.core.io.support.PathMatchingResourcePatternResolver] Resolved location pattern [classpath*:gov/fema/adminportal/ldap/**/*.class] to resources [file [C:\Eclipse\workspace\SpringLdapProject\bin\gov\fema\adminportal\ldap\app\LdapApp.class], file [C:\Eclipse\workspace\SpringLdapProject\bin\gov\fema\adminportal\ldap\model\Group.class], file [C:\Eclipse\workspace\SpringLdapProject\bin\gov\fema\adminportal\ldap\model\LDAPConfig.class], file [C:\Eclipse\workspace\SpringLdapProject\bin\gov\fema\adminportal\ldap\model\User.class], file [C:\Eclipse\workspace\SpringLdapProject\bin\gov\fema\adminportal\ldap\repository\UserRepository.class], file [C:\Eclipse\workspace\SpringLdapProject\bin\gov\fema\adminportal\ldap\repository\UserRepositoryImpl$1.class], file [C:\Eclipse\workspace\SpringLdapProject\bin\gov\fema\adminportal\ldap\repository\UserRepositoryImpl$MultipleAttributesMapper.class], file [C:\Eclipse\workspace\SpringLdapProject\bin\gov\fema\adminportal\ldap\repository\UserRepositoryImpl$SingleAttributesMapper.class], file [C:\Eclipse\workspace\SpringLdapProject\bin\gov\fema\adminportal\ldap\repository\UserRepositoryImpl$UserAttributesMapper.class], file [C:\Eclipse\workspace\SpringLdapProject\bin\gov\fema\adminportal\ldap\repository\UserRepositoryImpl.class]]
2016-02-08 14:38:44,124 TRACE   main [org.springframework.context.annotation.ClassPathBeanDefinitionScanner] Scanning file [C:\Eclipse\workspace\SpringLdapProject\bin\gov\fema\adminportal\ldap\app\LdapApp.class]
2016-02-08 14:38:44,142 TRACE   main [org.springframework.context.annotation.ClassPathBeanDefinitionScanner] Ignored because not matching any filter: file [C:\Eclipse\workspace\SpringLdapProject\bin\gov\fema\adminportal\ldap\app\LdapApp.class]
2016-02-08 14:38:44,143 TRACE   main [org.springframework.context.annotation.ClassPathBeanDefinitionScanner] Scanning file [C:\Eclipse\workspace\SpringLdapProject\bin\gov\fema\adminportal\ldap\model\Group.class]
2016-02-08 14:38:44,144 TRACE   main [org.springframework.context.annotation.ClassPathBeanDefinitionScanner] Ignored because not matching any filter: file [C:\Eclipse\workspace\SpringLdapProject\bin\gov\fema\adminportal\ldap\model\Group.class]
2016-02-08 14:38:44,144 TRACE   main [org.springframework.context.annotation.ClassPathBeanDefinitionScanner] Scanning file [C:\Eclipse\workspace\SpringLdapProject\bin\gov\fema\adminportal\ldap\model\LDAPConfig.class]
2016-02-08 14:38:44,144 TRACE   main [org.springframework.context.annotation.ClassPathBeanDefinitionScanner] Ignored because not matching any filter: file [C:\Eclipse\workspace\SpringLdapProject\bin\gov\fema\adminportal\ldap\model\LDAPConfig.class]
2016-02-08 14:38:44,144 TRACE   main [org.springframework.context.annotation.ClassPathBeanDefinitionScanner] Scanning file [C:\Eclipse\workspace\SpringLdapProject\bin\gov\fema\adminportal\ldap\model\User.class]
2016-02-08 14:38:44,145 TRACE   main [org.springframework.context.annotation.ClassPathBeanDefinitionScanner] Ignored because not matching any filter: file [C:\Eclipse\workspace\SpringLdapProject\bin\gov\fema\adminportal\ldap\model\User.class]
2016-02-08 14:38:44,145 TRACE   main [org.springframework.context.annotation.ClassPathBeanDefinitionScanner] Scanning file [C:\Eclipse\workspace\SpringLdapProject\bin\gov\fema\adminportal\ldap\repository\UserRepository.class]
2016-02-08 14:38:44,145 TRACE   main [org.springframework.context.annotation.ClassPathBeanDefinitionScanner] Ignored because not matching any filter: file [C:\Eclipse\workspace\SpringLdapProject\bin\gov\fema\adminportal\ldap\repository\UserRepository.class]
2016-02-08 14:38:44,145 TRACE   main [org.springframework.context.annotation.ClassPathBeanDefinitionScanner] Scanning file [C:\Eclipse\workspace\SpringLdapProject\bin\gov\fema\adminportal\ldap\repository\UserRepositoryImpl$1.class]
2016-02-08 14:38:44,146 TRACE   main [org.springframework.context.annotation.ClassPathBeanDefinitionScanner] Ignored because not matching any filter: file [C:\Eclipse\workspace\SpringLdapProject\bin\gov\fema\adminportal\ldap\repository\UserRepositoryImpl$1.class]
2016-02-08 14:38:44,146 TRACE   main [org.springframework.context.annotation.ClassPathBeanDefinitionScanner] Scanning file [C:\Eclipse\workspace\SpringLdapProject\bin\gov\fema\adminportal\ldap\repository\UserRepositoryImpl$MultipleAttributesMapper.class]
2016-02-08 14:38:44,146 TRACE   main [org.springframework.context.annotation.ClassPathBeanDefinitionScanner] Ignored because not matching any filter: file [C:\Eclipse\workspace\SpringLdapProject\bin\gov\fema\adminportal\ldap\repository\UserRepositoryImpl$MultipleAttributesMapper.class]
2016-02-08 14:38:44,146 TRACE   main [org.springframework.context.annotation.ClassPathBeanDefinitionScanner] Scanning file [C:\Eclipse\workspace\SpringLdapProject\bin\gov\fema\adminportal\ldap\repository\UserRepositoryImpl$SingleAttributesMapper.class]
2016-02-08 14:38:44,147 TRACE   main [org.springframework.context.annotation.ClassPathBeanDefinitionScanner] Ignored because not matching any filter: file [C:\Eclipse\workspace\SpringLdapProject\bin\gov\fema\adminportal\ldap\repository\UserRepositoryImpl$SingleAttributesMapper.class]
2016-02-08 14:38:44,147 TRACE   main [org.springframework.context.annotation.ClassPathBeanDefinitionScanner] Scanning file [C:\Eclipse\workspace\SpringLdapProject\bin\gov\fema\adminportal\ldap\repository\UserRepositoryImpl$UserAttributesMapper.class]
2016-02-08 14:38:44,147 TRACE   main [org.springframework.context.annotation.ClassPathBeanDefinitionScanner] Ignored because not matching any filter: file [C:\Eclipse\workspace\SpringLdapProject\bin\gov\fema\adminportal\ldap\repository\UserRepositoryImpl$UserAttributesMapper.class]
2016-02-08 14:38:44,147 TRACE   main [org.springframework.context.annotation.ClassPathBeanDefinitionScanner] Scanning file [C:\Eclipse\workspace\SpringLdapProject\bin\gov\fema\adminportal\ldap\repository\UserRepositoryImpl.class]
2016-02-08 14:38:44,156 DEBUG   main [org.springframework.context.annotation.ClassPathBeanDefinitionScanner] Identified candidate component class: file [C:\Eclipse\workspace\SpringLdapProject\bin\gov\fema\adminportal\ldap\repository\UserRepositoryImpl.class]
2016-02-08 14:38:44,189 DEBUG   main [org.springframework.beans.factory.xml.XmlBeanDefinitionReader] Loaded 11 bean definitions from location pattern [spring-ldap-example.xml]
2016-02-08 14:38:44,189 DEBUG   main [org.springframework.context.support.ClassPathXmlApplicationContext] Bean factory for org.springframework.context.support.ClassPathXmlApplicationContext@6f1dc409: org.springframework.beans.factory.support.DefaultListableBeanFactory@635cd969: defining beans [org.springframework.context.support.PropertySourcesPlaceholderConfigurer#0,ldapConfig,userRepositoryImpl,org.springframework.context.annotation.internalConfigurationAnnotationProcessor,org.springframework.context.annotation.internalAutowiredAnnotationProcessor,org.springframework.context.annotation.internalRequiredAnnotationProcessor,org.springframework.context.annotation.internalCommonAnnotationProcessor,simpleDirContextAuthenticationStrategy,userReposImpl,contextSource,ldapTemplate]; root of factory hierarchy
2016-02-08 14:38:44,219 DEBUG   main [org.springframework.beans.factory.support.DefaultListableBeanFactory] Creating shared instance of singleton bean 'org.springframework.context.annotation.internalConfigurationAnnotationProcessor'
2016-02-08 14:38:44,219 DEBUG   main [org.springframework.beans.factory.support.DefaultListableBeanFactory] Creating instance of bean 'org.springframework.context.annotation.internalConfigurationAnnotationProcessor'
2016-02-08 14:38:44,236 DEBUG   main [org.springframework.beans.factory.support.DefaultListableBeanFactory] Eagerly caching bean 'org.springframework.context.annotation.internalConfigurationAnnotationProcessor' to allow for resolving potential circular references
2016-02-08 14:38:44,238 DEBUG   main [org.springframework.beans.factory.support.DefaultListableBeanFactory] Finished creating instance of bean 'org.springframework.context.annotation.internalConfigurationAnnotationProcessor'
2016-02-08 14:38:44,296 DEBUG   main [org.springframework.beans.factory.support.DefaultListableBeanFactory] Creating shared instance of singleton bean 'org.springframework.context.support.PropertySourcesPlaceholderConfigurer#0'
2016-02-08 14:38:44,296 DEBUG   main [org.springframework.beans.factory.support.DefaultListableBeanFactory] Creating instance of bean 'org.springframework.context.support.PropertySourcesPlaceholderConfigurer#0'
2016-02-08 14:38:44,297 DEBUG   main [org.springframework.beans.factory.support.DefaultListableBeanFactory] Eagerly caching bean 'org.springframework.context.support.PropertySourcesPlaceholderConfigurer#0' to allow for resolving potential circular references
2016-02-08 14:38:44,303 TRACE   main [org.springframework.core.io.support.SpringFactoriesLoader] Loaded [org.springframework.beans.BeanInfoFactory] names: [org.springframework.beans.ExtendedBeanInfoFactory]
2016-02-08 14:38:44,304 TRACE   main [org.springframework.beans.CachedIntrospectionResults] Getting BeanInfo for class [org.springframework.context.support.PropertySourcesPlaceholderConfigurer]
2016-02-08 14:38:44,314 TRACE   main [org.springframework.beans.CachedIntrospectionResults] Caching PropertyDescriptors for class [org.springframework.context.support.PropertySourcesPlaceholderConfigurer]
2016-02-08 14:38:44,314 TRACE   main [org.springframework.beans.CachedIntrospectionResults] Found bean property 'appliedPropertySources' of type [org.springframework.core.env.PropertySources]
2016-02-08 14:38:44,317 TRACE   main [org.springframework.beans.CachedIntrospectionResults] Found bean property 'beanFactory' of type [org.springframework.beans.factory.BeanFactory]
2016-02-08 14:38:44,318 TRACE   main [org.springframework.beans.CachedIntrospectionResults] Found bean property 'beanName' of type [java.lang.String]
2016-02-08 14:38:44,318 TRACE   main [org.springframework.beans.CachedIntrospectionResults] Found bean property 'class' of type [java.lang.Class]
2016-02-08 14:38:44,318 TRACE   main [org.springframework.beans.CachedIntrospectionResults] Found bean property 'environment' of type [org.springframework.core.env.Environment]
2016-02-08 14:38:44,319 TRACE   main [org.springframework.beans.CachedIntrospectionResults] Found bean property 'fileEncoding' of type [java.lang.String]
2016-02-08 14:38:44,319 TRACE   main [org.springframework.beans.CachedIntrospectionResults] Found bean property 'ignoreResourceNotFound' of type [boolean]
2016-02-08 14:38:44,319 TRACE   main [org.springframework.beans.CachedIntrospectionResults] Found bean property 'ignoreUnresolvablePlaceholders' of type [boolean]
2016-02-08 14:38:44,319 TRACE   main [org.springframework.beans.CachedIntrospectionResults] Found bean property 'localOverride' of type [boolean]
2016-02-08 14:38:44,319 TRACE   main [org.springframework.beans.CachedIntrospectionResults] Found bean property 'location' of type [org.springframework.core.io.Resource]
2016-02-08 14:38:44,319 TRACE   main [org.springframework.beans.CachedIntrospectionResults] Found bean property 'locations' of type [[Lorg.springframework.core.io.Resource;]
2016-02-08 14:38:44,319 TRACE   main [org.springframework.beans.CachedIntrospectionResults] Found bean property 'nullValue' of type [java.lang.String]
2016-02-08 14:38:44,319 TRACE   main [org.springframework.beans.CachedIntrospectionResults] Found bean property 'order' of type [int]
2016-02-08 14:38:44,320 TRACE   main [org.springframework.beans.CachedIntrospectionResults] Found bean property 'placeholderPrefix' of type [java.lang.String]
2016-02-08 14:38:44,320 TRACE   main [org.springframework.beans.CachedIntrospectionResults] Found bean property 'placeholderSuffix' of type [java.lang.String]
2016-02-08 14:38:44,320 TRACE   main [org.springframework.beans.CachedIntrospectionResults] Found bean property 'properties' of type [java.util.Properties]
2016-02-08 14:38:44,320 TRACE   main [org.springframework.beans.CachedIntrospectionResults] Found bean property 'propertiesArray' of type [[Ljava.util.Properties;]
2016-02-08 14:38:44,320 TRACE   main [org.springframework.beans.CachedIntrospectionResults] Found bean property 'propertiesPersister' of type [org.springframework.util.PropertiesPersister]
2016-02-08 14:38:44,320 TRACE   main [org.springframework.beans.CachedIntrospectionResults] Found bean property 'propertySources' of type [org.springframework.core.env.PropertySources]
2016-02-08 14:38:44,320 TRACE   main [org.springframework.beans.CachedIntrospectionResults] Found bean property 'valueSeparator' of type [java.lang.String]
2016-02-08 14:38:44,323 DEBUG   main [org.springframework.beans.factory.support.DefaultListableBeanFactory] Finished creating instance of bean 'org.springframework.context.support.PropertySourcesPlaceholderConfigurer#0'
2016-02-08 14:38:44,323 DEBUG   main [org.springframework.core.env.MutablePropertySources] Adding [environmentProperties] PropertySource with lowest search precedence
2016-02-08 14:38:44,323 INFO   main [org.springframework.context.support.PropertySourcesPlaceholderConfigurer] Loading properties file from class path resource [ldap.properties]
2016-02-08 14:38:44,324 DEBUG   main [org.springframework.core.env.MutablePropertySources] Adding [localProperties] PropertySource with lowest search precedence
2016-02-08 14:38:44,329 TRACE   main [org.springframework.core.env.PropertySourcesPropertyResolver] getProperty("BoUser", String)
2016-02-08 14:38:44,330 DEBUG   main [org.springframework.core.env.PropertySourcesPropertyResolver] Searching for key 'BoUser' in [environmentProperties]
2016-02-08 14:38:44,330 TRACE   main [org.springframework.core.env.PropertySourcesPropertyResolver] getProperty("BoUser", String)
2016-02-08 14:38:44,330 DEBUG   main [org.springframework.core.env.PropertySourcesPropertyResolver] Searching for key 'BoUser' in [systemProperties]
2016-02-08 14:38:44,330 DEBUG   main [org.springframework.core.env.PropertySourcesPropertyResolver] Searching for key 'BoUser' in [systemEnvironment]
2016-02-08 14:38:44,330 DEBUG   main [org.springframework.core.env.PropertySourcesPropertyResolver] Could not find key 'BoUser' in any property source. Returning [null]
2016-02-08 14:38:44,330 DEBUG   main [org.springframework.core.env.PropertySourcesPropertyResolver] Searching for key 'BoUser' in [localProperties]
2016-02-08 14:38:44,331 DEBUG   main [org.springframework.core.env.PropertySourcesPropertyResolver] Found key 'BoUser' in [localProperties] with type [String] and value 'ou=User,ou=BusinessObjectsDisaster,ou=system'
2016-02-08 14:38:44,332 TRACE   main [org.springframework.util.PropertyPlaceholderHelper] Resolved placeholder 'BoUser'
2016-02-08 14:38:44,333 TRACE   main [org.springframework.core.env.PropertySourcesPropertyResolver] getProperty("BoGroup", String)
2016-02-08 14:38:44,333 DEBUG   main [org.springframework.core.env.PropertySourcesPropertyResolver] Searching for key 'BoGroup' in [environmentProperties]
2016-02-08 14:38:44,333 TRACE   main [org.springframework.core.env.PropertySourcesPropertyResolver] getProperty("BoGroup", String)
2016-02-08 14:38:44,333 DEBUG   main [org.springframework.core.env.PropertySourcesPropertyResolver] Searching for key 'BoGroup' in [systemProperties]
2016-02-08 14:38:44,333 DEBUG   main [org.springframework.core.env.PropertySourcesPropertyResolver] Searching for key 'BoGroup' in [systemEnvironment]
2016-02-08 14:38:44,333 DEBUG   main [org.springframework.core.env.PropertySourcesPropertyResolver] Could not find key 'BoGroup' in any property source. Returning [null]
2016-02-08 14:38:44,333 DEBUG   main [org.springframework.core.env.PropertySourcesPropertyResolver] Searching for key 'BoGroup' in [localProperties]
2016-02-08 14:38:44,334 DEBUG   main [org.springframework.core.env.PropertySourcesPropertyResolver] Found key 'BoGroup' in [localProperties] with type [String] and value 'ou=Group,ou=BusinessObjectsDisaster,ou=system'
2016-02-08 14:38:44,334 TRACE   main [org.springframework.util.PropertyPlaceholderHelper] Resolved placeholder 'BoGroup'
2016-02-08 14:38:44,334 TRACE   main [org.springframework.core.env.PropertySourcesPropertyResolver] getProperty("BoGroupPrefix", String)
2016-02-08 14:38:44,334 DEBUG   main [org.springframework.core.env.PropertySourcesPropertyResolver] Searching for key 'BoGroupPrefix' in [environmentProperties]
2016-02-08 14:38:44,334 TRACE   main [org.springframework.core.env.PropertySourcesPropertyResolver] getProperty("BoGroupPrefix", String)
2016-02-08 14:38:44,334 DEBUG   main [org.springframework.core.env.PropertySourcesPropertyResolver] Searching for key 'BoGroupPrefix' in [systemProperties]
2016-02-08 14:38:44,334 DEBUG   main [org.springframework.core.env.PropertySourcesPropertyResolver] Searching for key 'BoGroupPrefix' in [systemEnvironment]
2016-02-08 14:38:44,335 DEBUG   main [org.springframework.core.env.PropertySourcesPropertyResolver] Could not find key 'BoGroupPrefix' in any property source. Returning [null]
2016-02-08 14:38:44,335 DEBUG   main [org.springframework.core.env.PropertySourcesPropertyResolver] Searching for key 'BoGroupPrefix' in [localProperties]
2016-02-08 14:38:44,335 DEBUG   main [org.springframework.core.env.PropertySourcesPropertyResolver] Found key 'BoGroupPrefix' in [localProperties] with type [String] and value 'cn=Business_Objects_Disaster_Users_'
2016-02-08 14:38:44,335 TRACE   main [org.springframework.util.PropertyPlaceholderHelper] Resolved placeholder 'BoGroupPrefix'
2016-02-08 14:38:44,337 DEBUG   main [org.springframework.beans.factory.support.DefaultListableBeanFactory] Creating shared instance of singleton bean 'org.springframework.context.annotation.internalAutowiredAnnotationProcessor'
2016-02-08 14:38:44,337 DEBUG   main [org.springframework.beans.factory.support.DefaultListableBeanFactory] Creating instance of bean 'org.springframework.context.annotation.internalAutowiredAnnotationProcessor'
2016-02-08 14:38:44,338 DEBUG   main [org.springframework.beans.factory.support.DefaultListableBeanFactory] Eagerly caching bean 'org.springframework.context.annotation.internalAutowiredAnnotationProcessor' to allow for resolving potential circular references
2016-02-08 14:38:44,338 DEBUG   main [org.springframework.beans.factory.support.DefaultListableBeanFactory] Finished creating instance of bean 'org.springframework.context.annotation.internalAutowiredAnnotationProcessor'
2016-02-08 14:38:44,338 DEBUG   main [org.springframework.beans.factory.support.DefaultListableBeanFactory] Creating shared instance of singleton bean 'org.springframework.context.annotation.internalRequiredAnnotationProcessor'
2016-02-08 14:38:44,338 DEBUG   main [org.springframework.beans.factory.support.DefaultListableBeanFactory] Creating instance of bean 'org.springframework.context.annotation.internalRequiredAnnotationProcessor'
2016-02-08 14:38:44,339 DEBUG   main [org.springframework.beans.factory.support.DefaultListableBeanFactory] Eagerly caching bean 'org.springframework.context.annotation.internalRequiredAnnotationProcessor' to allow for resolving potential circular references
2016-02-08 14:38:44,339 DEBUG   main [org.springframework.beans.factory.support.DefaultListableBeanFactory] Finished creating instance of bean 'org.springframework.context.annotation.internalRequiredAnnotationProcessor'
2016-02-08 14:38:44,339 DEBUG   main [org.springframework.beans.factory.support.DefaultListableBeanFactory] Creating shared instance of singleton bean 'org.springframework.context.annotation.internalCommonAnnotationProcessor'
2016-02-08 14:38:44,339 DEBUG   main [org.springframework.beans.factory.support.DefaultListableBeanFactory] Creating instance of bean 'org.springframework.context.annotation.internalCommonAnnotationProcessor'
2016-02-08 14:38:44,344 DEBUG   main [org.springframework.beans.factory.support.DefaultListableBeanFactory] Eagerly caching bean 'org.springframework.context.annotation.internalCommonAnnotationProcessor' to allow for resolving potential circular references
2016-02-08 14:38:44,344 DEBUG   main [org.springframework.beans.factory.support.DefaultListableBeanFactory] Finished creating instance of bean 'org.springframework.context.annotation.internalCommonAnnotationProcessor'
2016-02-08 14:38:44,344 DEBUG   main [org.springframework.beans.factory.support.DefaultListableBeanFactory] Creating shared instance of singleton bean 'org.springframework.context.annotation.ConfigurationClassPostProcessor.importAwareProcessor'
2016-02-08 14:38:44,345 DEBUG   main [org.springframework.beans.factory.support.DefaultListableBeanFactory] Creating instance of bean 'org.springframework.context.annotation.ConfigurationClassPostProcessor.importAwareProcessor'
2016-02-08 14:38:44,345 DEBUG   main [org.springframework.beans.factory.support.DefaultListableBeanFactory] Eagerly caching bean 'org.springframework.context.annotation.ConfigurationClassPostProcessor.importAwareProcessor' to allow for resolving potential circular references
2016-02-08 14:38:44,345 DEBUG   main [org.springframework.beans.factory.support.DefaultListableBeanFactory] Finished creating instance of bean 'org.springframework.context.annotation.ConfigurationClassPostProcessor.importAwareProcessor'
2016-02-08 14:38:44,345 DEBUG   main [org.springframework.beans.factory.support.DefaultListableBeanFactory] Creating shared instance of singleton bean 'org.springframework.context.annotation.ConfigurationClassPostProcessor.enhancedConfigurationProcessor'
2016-02-08 14:38:44,346 DEBUG   main [org.springframework.beans.factory.support.DefaultListableBeanFactory] Creating instance of bean 'org.springframework.context.annotation.ConfigurationClassPostProcessor.enhancedConfigurationProcessor'
2016-02-08 14:38:44,346 DEBUG   main [org.springframework.beans.factory.support.DefaultListableBeanFactory] Eagerly caching bean 'org.springframework.context.annotation.ConfigurationClassPostProcessor.enhancedConfigurationProcessor' to allow for resolving potential circular references
2016-02-08 14:38:44,346 DEBUG   main [org.springframework.beans.factory.support.DefaultListableBeanFactory] Finished creating instance of bean 'org.springframework.context.annotation.ConfigurationClassPostProcessor.enhancedConfigurationProcessor'
2016-02-08 14:38:44,349 DEBUG   main [org.springframework.context.support.ClassPathXmlApplicationContext] Unable to locate MessageSource with name 'messageSource': using default [org.springframework.context.support.DelegatingMessageSource@445fbf68]
2016-02-08 14:38:44,351 DEBUG   main [org.springframework.context.support.ClassPathXmlApplicationContext] Unable to locate ApplicationEventMulticaster with name 'applicationEventMulticaster': using default [org.springframework.context.event.SimpleApplicationEventMulticaster@22438e8c]
2016-02-08 14:38:44,352 DEBUG   main [org.springframework.beans.factory.support.DefaultListableBeanFactory] Pre-instantiating singletons in org.springframework.beans.factory.support.DefaultListableBeanFactory@635cd969: defining beans [org.springframework.context.support.PropertySourcesPlaceholderConfigurer#0,ldapConfig,userRepositoryImpl,org.springframework.context.annotation.internalConfigurationAnnotationProcessor,org.springframework.context.annotation.internalAutowiredAnnotationProcessor,org.springframework.context.annotation.internalRequiredAnnotationProcessor,org.springframework.context.annotation.internalCommonAnnotationProcessor,simpleDirContextAuthenticationStrategy,userReposImpl,contextSource,ldapTemplate,org.springframework.context.annotation.ConfigurationClassPostProcessor.importAwareProcessor,org.springframework.context.annotation.ConfigurationClassPostProcessor.enhancedConfigurationProcessor]; root of factory hierarchy
2016-02-08 14:38:44,352 DEBUG   main [org.springframework.beans.factory.support.DefaultListableBeanFactory] Returning cached instance of singleton bean 'org.springframework.context.support.PropertySourcesPlaceholderConfigurer#0'
2016-02-08 14:38:44,352 DEBUG   main [org.springframework.beans.factory.support.DefaultListableBeanFactory] Creating shared instance of singleton bean 'ldapConfig'
2016-02-08 14:38:44,352 DEBUG   main [org.springframework.beans.factory.support.DefaultListableBeanFactory] Creating instance of bean 'ldapConfig'
2016-02-08 14:38:44,356 DEBUG   main [org.springframework.beans.factory.support.DefaultListableBeanFactory] Eagerly caching bean 'ldapConfig' to allow for resolving potential circular references
2016-02-08 14:38:44,356 TRACE   main [org.springframework.beans.CachedIntrospectionResults] Getting BeanInfo for class [gov.fema.adminportal.ldap.model.LDAPConfig]
2016-02-08 14:38:44,357 TRACE   main [org.springframework.beans.CachedIntrospectionResults] Caching PropertyDescriptors for class [gov.fema.adminportal.ldap.model.LDAPConfig]
2016-02-08 14:38:44,357 TRACE   main [org.springframework.beans.CachedIntrospectionResults] Found bean property 'boGroup' of type [java.lang.String]
2016-02-08 14:38:44,357 TRACE   main [org.springframework.beans.CachedIntrospectionResults] Found bean property 'boGroupPrefix' of type [java.lang.String]
2016-02-08 14:38:44,357 TRACE   main [org.springframework.beans.CachedIntrospectionResults] Found bean property 'boUser' of type [java.lang.String]
2016-02-08 14:38:44,357 TRACE   main [org.springframework.beans.CachedIntrospectionResults] Found bean property 'class' of type [java.lang.Class]
2016-02-08 14:38:44,360 DEBUG   main [org.springframework.beans.factory.support.DefaultListableBeanFactory] Finished creating instance of bean 'ldapConfig'
2016-02-08 14:38:44,360 DEBUG   main [org.springframework.beans.factory.support.DefaultListableBeanFactory] Creating shared instance of singleton bean 'userRepositoryImpl'
2016-02-08 14:38:44,360 DEBUG   main [org.springframework.beans.factory.support.DefaultListableBeanFactory] Creating instance of bean 'userRepositoryImpl'
2016-02-08 14:38:44,368 DEBUG   main [org.springframework.beans.factory.annotation.InjectionMetadata] Registered injected element on class [gov.fema.adminportal.ldap.repository.UserRepositoryImpl]: AutowiredFieldElement for private gov.fema.adminportal.ldap.model.LDAPConfig gov.fema.adminportal.ldap.repository.UserRepositoryImpl.ldapConfig
2016-02-08 14:38:44,369 DEBUG   main [org.springframework.beans.factory.annotation.InjectionMetadata] Registered injected element on class [gov.fema.adminportal.ldap.repository.UserRepositoryImpl]: AutowiredFieldElement for private org.springframework.ldap.core.LdapTemplate gov.fema.adminportal.ldap.repository.UserRepositoryImpl.ldapTemplate
2016-02-08 14:38:44,369 DEBUG   main [org.springframework.beans.factory.support.DefaultListableBeanFactory] Eagerly caching bean 'userRepositoryImpl' to allow for resolving potential circular references
2016-02-08 14:38:44,369 TRACE   main [org.springframework.beans.CachedIntrospectionResults] Getting BeanInfo for class [gov.fema.adminportal.ldap.repository.UserRepositoryImpl]
2016-02-08 14:38:44,370 TRACE   main [org.springframework.beans.CachedIntrospectionResults] Caching PropertyDescriptors for class [gov.fema.adminportal.ldap.repository.UserRepositoryImpl]
2016-02-08 14:38:44,371 TRACE   main [org.springframework.beans.CachedIntrospectionResults] Found bean property 'allUserNames' of type [java.util.List]
2016-02-08 14:38:44,371 TRACE   main [org.springframework.beans.CachedIntrospectionResults] Found bean property 'allUsers' of type [java.util.List]
2016-02-08 14:38:44,372 TRACE   main [org.springframework.beans.CachedIntrospectionResults] Found bean property 'class' of type [java.lang.Class]
2016-02-08 14:38:44,372 DEBUG   main [org.springframework.beans.factory.annotation.InjectionMetadata] Processing injected element of bean 'userRepositoryImpl': AutowiredFieldElement for private gov.fema.adminportal.ldap.model.LDAPConfig gov.fema.adminportal.ldap.repository.UserRepositoryImpl.ldapConfig
2016-02-08 14:38:44,375 DEBUG   main [org.springframework.beans.factory.support.DefaultListableBeanFactory] Returning cached instance of singleton bean 'ldapConfig'
2016-02-08 14:38:44,376 DEBUG   main [org.springframework.beans.factory.annotation.AutowiredAnnotationBeanPostProcessor] Autowiring by type from bean name 'userRepositoryImpl' to bean named 'ldapConfig'
2016-02-08 14:38:44,376 DEBUG   main [org.springframework.beans.factory.annotation.InjectionMetadata] Processing injected element of bean 'userRepositoryImpl': AutowiredFieldElement for private org.springframework.ldap.core.LdapTemplate gov.fema.adminportal.ldap.repository.UserRepositoryImpl.ldapTemplate
2016-02-08 14:38:44,377 DEBUG   main [org.springframework.beans.factory.support.DefaultListableBeanFactory] Creating shared instance of singleton bean 'ldapTemplate'
2016-02-08 14:38:44,377 DEBUG   main [org.springframework.beans.factory.support.DefaultListableBeanFactory] Creating instance of bean 'ldapTemplate'
2016-02-08 14:38:44,390 DEBUG   main [org.springframework.beans.factory.support.DefaultListableBeanFactory] Eagerly caching bean 'ldapTemplate' to allow for resolving potential circular references
2016-02-08 14:38:44,390 TRACE   main [org.springframework.beans.CachedIntrospectionResults] Getting BeanInfo for class [org.springframework.ldap.core.LdapTemplate]
2016-02-08 14:38:44,414 TRACE   main [org.springframework.beans.CachedIntrospectionResults] Caching PropertyDescriptors for class [org.springframework.ldap.core.LdapTemplate]
2016-02-08 14:38:44,414 TRACE   main [org.springframework.beans.CachedIntrospectionResults] Found bean property 'class' of type [java.lang.Class]
2016-02-08 14:38:44,414 TRACE   main [org.springframework.beans.CachedIntrospectionResults] Found bean property 'contextSource' of type [org.springframework.ldap.core.ContextSource]
2016-02-08 14:38:44,414 TRACE   main [org.springframework.beans.CachedIntrospectionResults] Found bean property 'defaultCountLimit' of type [int]
2016-02-08 14:38:44,415 TRACE   main [org.springframework.beans.CachedIntrospectionResults] Found bean property 'defaultSearchScope' of type [int]
2016-02-08 14:38:44,415 TRACE   main [org.springframework.beans.CachedIntrospectionResults] Found bean property 'defaultTimeLimit' of type [int]
2016-02-08 14:38:44,415 TRACE   main [org.springframework.beans.CachedIntrospectionResults] Found bean property 'ignoreNameNotFoundException' of type [boolean]
2016-02-08 14:38:44,415 TRACE   main [org.springframework.beans.CachedIntrospectionResults] Found bean property 'ignorePartialResultException' of type [boolean]
2016-02-08 14:38:44,415 TRACE   main [org.springframework.beans.CachedIntrospectionResults] Found bean property 'ignoreSizeLimitExceededException' of type [boolean]
2016-02-08 14:38:44,416 TRACE   main [org.springframework.beans.CachedIntrospectionResults] Found bean property 'objectDirectoryMapper' of type [org.springframework.ldap.odm.core.ObjectDirectoryMapper]
2016-02-08 14:38:44,417 DEBUG   main [org.springframework.beans.factory.support.DefaultListableBeanFactory] Creating shared instance of singleton bean 'contextSource'
2016-02-08 14:38:44,417 DEBUG   main [org.springframework.beans.factory.support.DefaultListableBeanFactory] Creating instance of bean 'contextSource'
2016-02-08 14:38:44,429 DEBUG   main [org.springframework.beans.factory.support.DefaultListableBeanFactory] Creating instance of bean '(inner bean)#7dce092'
2016-02-08 14:38:44,448 TRACE   main [org.springframework.beans.CachedIntrospectionResults] Getting BeanInfo for class [org.springframework.ldap.core.support.LdapContextSource]
2016-02-08 14:38:44,452 TRACE   main [org.springframework.beans.CachedIntrospectionResults] Caching PropertyDescriptors for class [org.springframework.ldap.core.support.LdapContextSource]
2016-02-08 14:38:44,453 TRACE   main [org.springframework.beans.CachedIntrospectionResults] Found bean property 'anonymousReadOnly' of type [boolean]
2016-02-08 14:38:44,453 TRACE   main [org.springframework.beans.CachedIntrospectionResults] Found bean property 'authenticationSource' of type [org.springframework.ldap.core.AuthenticationSource]
2016-02-08 14:38:44,453 TRACE   main [org.springframework.beans.CachedIntrospectionResults] Found bean property 'authenticationStrategy' of type [org.springframework.ldap.core.support.DirContextAuthenticationStrategy]
2016-02-08 14:38:44,453 TRACE   main [org.springframework.beans.CachedIntrospectionResults] Found bean property 'base' of type [java.lang.String]
2016-02-08 14:38:44,453 TRACE   main [org.springframework.beans.CachedIntrospectionResults] Found bean property 'baseEnvironmentProperties' of type [java.util.Map]
2016-02-08 14:38:44,453 TRACE   main [org.springframework.beans.CachedIntrospectionResults] Found bean property 'baseLdapName' of type [javax.naming.ldap.LdapName]
2016-02-08 14:38:44,453 TRACE   main [org.springframework.beans.CachedIntrospectionResults] Found bean property 'baseLdapPath' of type [org.springframework.ldap.core.DistinguishedName]
2016-02-08 14:38:44,454 TRACE   main [org.springframework.beans.CachedIntrospectionResults] Found bean property 'baseLdapPathAsString' of type [java.lang.String]
2016-02-08 14:38:44,454 TRACE   main [org.springframework.beans.CachedIntrospectionResults] Found bean property 'cacheEnvironmentProperties' of type [boolean]
2016-02-08 14:38:44,454 TRACE   main [org.springframework.beans.CachedIntrospectionResults] Found bean property 'class' of type [java.lang.Class]
2016-02-08 14:38:44,454 TRACE   main [org.springframework.beans.CachedIntrospectionResults] Found bean property 'contextFactory' of type [java.lang.Class]
2016-02-08 14:38:44,454 TRACE   main [org.springframework.beans.CachedIntrospectionResults] Found bean property 'dirObjectFactory' of type [java.lang.Class]
2016-02-08 14:38:44,455 TRACE   main [org.springframework.beans.CachedIntrospectionResults] Found bean property 'password' of type [java.lang.String]
2016-02-08 14:38:44,455 TRACE   main [org.springframework.beans.CachedIntrospectionResults] Found bean property 'pooled' of type [boolean]
2016-02-08 14:38:44,455 TRACE   main [org.springframework.beans.CachedIntrospectionResults] Found bean property 'readOnlyContext' of type [javax.naming.directory.DirContext]
2016-02-08 14:38:44,455 TRACE   main [org.springframework.beans.CachedIntrospectionResults] Found bean property 'readWriteContext' of type [javax.naming.directory.DirContext]
2016-02-08 14:38:44,455 TRACE   main [org.springframework.beans.CachedIntrospectionResults] Found bean property 'referral' of type [java.lang.String]
2016-02-08 14:38:44,455 TRACE   main [org.springframework.beans.CachedIntrospectionResults] Found bean property 'url' of type [java.lang.String]
2016-02-08 14:38:44,455 TRACE   main [org.springframework.beans.CachedIntrospectionResults] Found bean property 'urls' of type [[Ljava.lang.String;]
2016-02-08 14:38:44,456 TRACE   main [org.springframework.beans.CachedIntrospectionResults] Found bean property 'userDn' of type [java.lang.String]
2016-02-08 14:38:44,456 DEBUG   main [org.springframework.beans.factory.support.DefaultListableBeanFactory] Creating instance of bean '(inner bean)#4d16c61e'
2016-02-08 14:38:44,463 TRACE   main [org.springframework.beans.CachedIntrospectionResults] Getting BeanInfo for class [[Ljava.lang.String;]
2016-02-08 14:38:44,463 TRACE   main [org.springframework.beans.CachedIntrospectionResults] Caching PropertyDescriptors for class [[Ljava.lang.String;]
2016-02-08 14:38:44,463 TRACE   main [org.springframework.beans.CachedIntrospectionResults] Found bean property 'class' of type [java.lang.Class]
2016-02-08 14:38:44,464 DEBUG   main [org.springframework.beans.factory.support.DefaultListableBeanFactory] Finished creating instance of bean '(inner bean)#4d16c61e'
2016-02-08 14:38:44,464 DEBUG   main [org.springframework.beans.factory.support.DefaultListableBeanFactory] Creating shared instance of singleton bean 'simpleDirContextAuthenticationStrategy'
2016-02-08 14:38:44,464 DEBUG   main [org.springframework.beans.factory.support.DefaultListableBeanFactory] Creating instance of bean 'simpleDirContextAuthenticationStrategy'
2016-02-08 14:38:44,465 DEBUG   main [org.springframework.beans.factory.support.DefaultListableBeanFactory] Eagerly caching bean 'simpleDirContextAuthenticationStrategy' to allow for resolving potential circular references
2016-02-08 14:38:44,465 TRACE   main [org.springframework.beans.CachedIntrospectionResults] Getting BeanInfo for class [org.springframework.ldap.core.support.SimpleDirContextAuthenticationStrategy]
2016-02-08 14:38:44,466 TRACE   main [org.springframework.beans.CachedIntrospectionResults] Caching PropertyDescriptors for class [org.springframework.ldap.core.support.SimpleDirContextAuthenticationStrategy]
2016-02-08 14:38:44,466 TRACE   main [org.springframework.beans.CachedIntrospectionResults] Found bean property 'class' of type [java.lang.Class]
2016-02-08 14:38:44,466 DEBUG   main [org.springframework.beans.factory.support.DefaultListableBeanFactory] Finished creating instance of bean 'simpleDirContextAuthenticationStrategy'
2016-02-08 14:38:44,467 DEBUG   main [org.springframework.beans.factory.support.DefaultListableBeanFactory] Invoking afterPropertiesSet() on bean with name '(inner bean)#7dce092'
2016-02-08 14:38:44,467 DEBUG   main [org.springframework.beans.factory.support.DefaultListableBeanFactory] Finished creating instance of bean '(inner bean)#7dce092'
2016-02-08 14:38:44,469 DEBUG   main [org.springframework.beans.factory.support.DefaultListableBeanFactory] Eagerly caching bean 'contextSource' to allow for resolving potential circular references
2016-02-08 14:38:44,469 TRACE   main [org.springframework.beans.CachedIntrospectionResults] Getting BeanInfo for class [org.springframework.ldap.transaction.compensating.manager.TransactionAwareContextSourceProxy]
2016-02-08 14:38:44,472 TRACE   main [org.springframework.beans.CachedIntrospectionResults] Caching PropertyDescriptors for class [org.springframework.ldap.transaction.compensating.manager.TransactionAwareContextSourceProxy]
2016-02-08 14:38:44,472 TRACE   main [org.springframework.beans.CachedIntrospectionResults] Found bean property 'baseLdapName' of type [javax.naming.ldap.LdapName]
2016-02-08 14:38:44,472 TRACE   main [org.springframework.beans.CachedIntrospectionResults] Found bean property 'baseLdapPath' of type [org.springframework.ldap.core.DistinguishedName]
2016-02-08 14:38:44,472 TRACE   main [org.springframework.beans.CachedIntrospectionResults] Found bean property 'baseLdapPathAsString' of type [java.lang.String]
2016-02-08 14:38:44,472 TRACE   main [org.springframework.beans.CachedIntrospectionResults] Found bean property 'class' of type [java.lang.Class]
2016-02-08 14:38:44,472 TRACE   main [org.springframework.beans.CachedIntrospectionResults] Found bean property 'readOnlyContext' of type [javax.naming.directory.DirContext]
2016-02-08 14:38:44,473 TRACE   main [org.springframework.beans.CachedIntrospectionResults] Found bean property 'readWriteContext' of type [javax.naming.directory.DirContext]
2016-02-08 14:38:44,473 TRACE   main [org.springframework.beans.CachedIntrospectionResults] Found bean property 'target' of type [org.springframework.ldap.core.ContextSource]
2016-02-08 14:38:44,473 DEBUG   main [org.springframework.beans.factory.support.DefaultListableBeanFactory] Finished creating instance of bean 'contextSource'
2016-02-08 14:38:44,473 DEBUG   main [org.springframework.beans.factory.support.DefaultListableBeanFactory] Invoking afterPropertiesSet() on bean with name 'ldapTemplate'
2016-02-08 14:38:44,474 DEBUG   main [org.springframework.beans.factory.support.DefaultListableBeanFactory] Finished creating instance of bean 'ldapTemplate'
2016-02-08 14:38:44,474 DEBUG   main [org.springframework.beans.factory.annotation.AutowiredAnnotationBeanPostProcessor] Autowiring by type from bean name 'userRepositoryImpl' to bean named 'ldapTemplate'
2016-02-08 14:38:44,474 DEBUG   main [org.springframework.beans.factory.support.DefaultListableBeanFactory] Finished creating instance of bean 'userRepositoryImpl'
2016-02-08 14:38:44,474 DEBUG   main [org.springframework.beans.factory.support.DefaultListableBeanFactory] Returning cached instance of singleton bean 'org.springframework.context.annotation.internalConfigurationAnnotationProcessor'
2016-02-08 14:38:44,474 DEBUG   main [org.springframework.beans.factory.support.DefaultListableBeanFactory] Returning cached instance of singleton bean 'org.springframework.context.annotation.internalAutowiredAnnotationProcessor'
2016-02-08 14:38:44,474 DEBUG   main [org.springframework.beans.factory.support.DefaultListableBeanFactory] Returning cached instance of singleton bean 'org.springframework.context.annotation.internalRequiredAnnotationProcessor'
2016-02-08 14:38:44,474 DEBUG   main [org.springframework.beans.factory.support.DefaultListableBeanFactory] Returning cached instance of singleton bean 'org.springframework.context.annotation.internalCommonAnnotationProcessor'
2016-02-08 14:38:44,474 DEBUG   main [org.springframework.beans.factory.support.DefaultListableBeanFactory] Returning cached instance of singleton bean 'simpleDirContextAuthenticationStrategy'
2016-02-08 14:38:44,474 DEBUG   main [org.springframework.beans.factory.support.DefaultListableBeanFactory] Creating shared instance of singleton bean 'userReposImpl'
2016-02-08 14:38:44,474 DEBUG   main [org.springframework.beans.factory.support.DefaultListableBeanFactory] Creating instance of bean 'userReposImpl'
2016-02-08 14:38:44,475 DEBUG   main [org.springframework.beans.factory.annotation.InjectionMetadata] Registered injected element on class [gov.fema.adminportal.ldap.repository.UserRepositoryImpl]: AutowiredFieldElement for private gov.fema.adminportal.ldap.model.LDAPConfig gov.fema.adminportal.ldap.repository.UserRepositoryImpl.ldapConfig
2016-02-08 14:38:44,475 DEBUG   main [org.springframework.beans.factory.annotation.InjectionMetadata] Registered injected element on class [gov.fema.adminportal.ldap.repository.UserRepositoryImpl]: AutowiredFieldElement for private org.springframework.ldap.core.LdapTemplate gov.fema.adminportal.ldap.repository.UserRepositoryImpl.ldapTemplate
2016-02-08 14:38:44,475 DEBUG   main [org.springframework.beans.factory.support.DefaultListableBeanFactory] Eagerly caching bean 'userReposImpl' to allow for resolving potential circular references
2016-02-08 14:38:44,475 DEBUG   main [org.springframework.beans.factory.annotation.InjectionMetadata] Processing injected element of bean 'userReposImpl': AutowiredFieldElement for private gov.fema.adminportal.ldap.model.LDAPConfig gov.fema.adminportal.ldap.repository.UserRepositoryImpl.ldapConfig
2016-02-08 14:38:44,476 DEBUG   main [org.springframework.beans.factory.support.DefaultListableBeanFactory] Returning cached instance of singleton bean 'ldapConfig'
2016-02-08 14:38:44,476 DEBUG   main [org.springframework.beans.factory.annotation.AutowiredAnnotationBeanPostProcessor] Autowiring by type from bean name 'userReposImpl' to bean named 'ldapConfig'
2016-02-08 14:38:44,476 DEBUG   main [org.springframework.beans.factory.annotation.InjectionMetadata] Processing injected element of bean 'userReposImpl': AutowiredFieldElement for private org.springframework.ldap.core.LdapTemplate gov.fema.adminportal.ldap.repository.UserRepositoryImpl.ldapTemplate
2016-02-08 14:38:44,476 DEBUG   main [org.springframework.beans.factory.support.DefaultListableBeanFactory] Returning cached instance of singleton bean 'ldapTemplate'
2016-02-08 14:38:44,477 DEBUG   main [org.springframework.beans.factory.annotation.AutowiredAnnotationBeanPostProcessor] Autowiring by type from bean name 'userReposImpl' to bean named 'ldapTemplate'
2016-02-08 14:38:44,477 DEBUG   main [org.springframework.beans.factory.support.DefaultListableBeanFactory] Finished creating instance of bean 'userReposImpl'
2016-02-08 14:38:44,477 DEBUG   main [org.springframework.beans.factory.support.DefaultListableBeanFactory] Returning cached instance of singleton bean 'contextSource'
2016-02-08 14:38:44,477 DEBUG   main [org.springframework.beans.factory.support.DefaultListableBeanFactory] Returning cached instance of singleton bean 'ldapTemplate'
2016-02-08 14:38:44,477 DEBUG   main [org.springframework.beans.factory.support.DefaultListableBeanFactory] Returning cached instance of singleton bean 'org.springframework.context.annotation.ConfigurationClassPostProcessor.importAwareProcessor'
2016-02-08 14:38:44,477 DEBUG   main [org.springframework.beans.factory.support.DefaultListableBeanFactory] Returning cached instance of singleton bean 'org.springframework.context.annotation.ConfigurationClassPostProcessor.enhancedConfigurationProcessor'
2016-02-08 14:38:44,479 DEBUG   main [org.springframework.context.support.ClassPathXmlApplicationContext] Unable to locate LifecycleProcessor with name 'lifecycleProcessor': using default [org.springframework.context.support.DefaultLifecycleProcessor@7c2d171a]
2016-02-08 14:38:44,479 DEBUG   main [org.springframework.beans.factory.support.DefaultListableBeanFactory] Returning cached instance of singleton bean 'lifecycleProcessor'
2016-02-08 14:38:44,479 TRACE   main [org.springframework.context.support.ClassPathXmlApplicationContext] Publishing event in org.springframework.context.support.ClassPathXmlApplicationContext@6f1dc409: org.springframework.context.event.ContextRefreshedEvent[source=org.springframework.context.support.ClassPathXmlApplicationContext@6f1dc409: startup date [Mon Feb 08 14:38:43 EST 2016]; root of context hierarchy]
2016-02-08 14:38:44,481 TRACE   main [org.springframework.core.env.PropertySourcesPropertyResolver] getProperty("spring.liveBeansView.mbeanDomain", String)
2016-02-08 14:38:44,481 DEBUG   main [org.springframework.core.env.PropertySourcesPropertyResolver] Searching for key 'spring.liveBeansView.mbeanDomain' in [systemProperties]
2016-02-08 14:38:44,481 DEBUG   main [org.springframework.core.env.PropertySourcesPropertyResolver] Searching for key 'spring.liveBeansView.mbeanDomain' in [systemEnvironment]
2016-02-08 14:38:44,481 DEBUG   main [org.springframework.core.env.PropertySourcesPropertyResolver] Could not find key 'spring.liveBeansView.mbeanDomain' in any property source. Returning [null]
2016-02-08 14:38:44,481 INFO   main [gov.fema.adminportal.ldap.app.LdapApp] Test started at Mon Feb 08 14:38:43 EST 2016
2016-02-08 14:38:44,482 DEBUG   main [org.springframework.beans.factory.support.DefaultListableBeanFactory] Returning cached instance of singleton bean 'userReposImpl'
2016-02-08 14:38:44,482 INFO   main [gov.fema.adminportal.ldap.repository.UserRepositoryImpl] executing {createGroup}
2016-02-08 14:38:45,263 INFO   main [gov.fema.adminportal.ldap.app.LdapApp] 
 =>true
2016-02-08 14:38:45,263 INFO   main [org.springframework.context.support.ClassPathXmlApplicationContext] Refreshing org.springframework.context.support.ClassPathXmlApplicationContext@6f1dc409: startup date [Mon Feb 08 14:38:45 EST 2016]; root of context hierarchy
2016-02-08 14:38:45,263 DEBUG   main [org.springframework.beans.factory.support.DefaultListableBeanFactory] Destroying singletons in org.springframework.beans.factory.support.DefaultListableBeanFactory@635cd969: defining beans [org.springframework.context.support.PropertySourcesPlaceholderConfigurer#0,ldapConfig,userRepositoryImpl,org.springframework.context.annotation.internalConfigurationAnnotationProcessor,org.springframework.context.annotation.internalAutowiredAnnotationProcessor,org.springframework.context.annotation.internalRequiredAnnotationProcessor,org.springframework.context.annotation.internalCommonAnnotationProcessor,simpleDirContextAuthenticationStrategy,userReposImpl,contextSource,ldapTemplate,org.springframework.context.annotation.ConfigurationClassPostProcessor.importAwareProcessor,org.springframework.context.annotation.ConfigurationClassPostProcessor.enhancedConfigurationProcessor]; root of factory hierarchy
2016-02-08 14:38:45,277 DEBUG   main [org.springframework.beans.factory.support.DefaultListableBeanFactory] Retrieved dependent beans for bean '(inner bean)#7dce092': [contextSource]
2016-02-08 14:38:45,277 DEBUG   main [org.springframework.beans.factory.support.DefaultListableBeanFactory] Retrieved dependent beans for bean '(inner bean)#4d16c61e': [(inner bean)#7dce092]
2016-02-08 14:38:45,280 DEBUG   main [org.springframework.core.env.StandardEnvironment] Adding [systemProperties] PropertySource with lowest search precedence
2016-02-08 14:38:45,280 DEBUG   main [org.springframework.core.env.StandardEnvironment] Adding [systemEnvironment] PropertySource with lowest search precedence
2016-02-08 14:38:45,280 DEBUG   main [org.springframework.core.env.StandardEnvironment] Initialized StandardEnvironment with PropertySources [systemProperties,systemEnvironment]
2016-02-08 14:38:45,280 INFO   main [org.springframework.beans.factory.xml.XmlBeanDefinitionReader] Loading XML bean definitions from class path resource [spring-ldap-example.xml]
2016-02-08 14:38:45,283 DEBUG   main [org.springframework.beans.factory.xml.DefaultDocumentLoader] Using JAXP provider [com.sun.org.apache.xerces.internal.jaxp.DocumentBuilderFactoryImpl]
2016-02-08 14:38:45,285 TRACE   main [org.springframework.beans.factory.xml.PluggableSchemaResolver] Trying to resolve XML entity with public id [null] and system id [http://www.springframework.org/schema/beans/spring-beans.xsd]
2016-02-08 14:38:45,286 DEBUG   main [org.springframework.beans.factory.xml.PluggableSchemaResolver] Loading schema mappings from [META-INF/spring.schemas]
2016-02-08 14:38:45,290 DEBUG   main [org.springframework.beans.factory.xml.PluggableSchemaResolver] Loaded schema mappings: {http://www.springframework.org/schema/tx/spring-tx-2.5.xsd=org/springframework/transaction/config/spring-tx-2.5.xsd, http://www.springframework.org/schema/cache/spring-cache-4.2.xsd=org/springframework/cache/config/spring-cache-4.2.xsd, http://www.springframework.org/schema/aop/spring-aop-4.1.xsd=org/springframework/aop/config/spring-aop-4.1.xsd, http://www.springframework.org/schema/context/spring-context-3.1.xsd=org/springframework/context/config/spring-context-3.1.xsd, http://www.springframework.org/schema/data/repository/spring-repository-1.4.xsd=org/springframework/data/repository/config/spring-repository-1.4.xsd, http://www.springframework.org/schema/util/spring-util-3.0.xsd=org/springframework/beans/factory/xml/spring-util-3.0.xsd, http://www.springframework.org/schema/tool/spring-tool.xsd=org/springframework/beans/factory/xml/spring-tool-4.2.xsd, http://www.springframework.org/schema/aop/spring-aop-3.2.xsd=org/springframework/aop/config/spring-aop-3.2.xsd, http://www.springframework.org/schema/lang/spring-lang-4.1.xsd=org/springframework/scripting/config/spring-lang-4.1.xsd, http://www.springframework.org/schema/context/spring-context-4.0.xsd=org/springframework/context/config/spring-context-4.0.xsd, http://www.springframework.org/schema/beans/spring-beans-4.2.xsd=org/springframework/beans/factory/xml/spring-beans-4.2.xsd, http://www.springframework.org/schema/tool/spring-tool-4.1.xsd=org/springframework/beans/factory/xml/spring-tool-4.1.xsd, http://www.springframework.org/schema/lang/spring-lang-3.2.xsd=org/springframework/scripting/config/spring-lang-3.2.xsd, http://www.springframework.org/schema/cache/spring-cache-3.2.xsd=org/springframework/cache/config/spring-cache-3.2.xsd, http://www.springframework.org/schema/jee/spring-jee-4.1.xsd=org/springframework/ejb/config/spring-jee-4.1.xsd, http://www.springframework.org/schema/task/spring-task-4.2.xsd=org/springframework/scheduling/config/spring-task-4.2.xsd, http://www.springframework.org/schema/util/spring-util-2.0.xsd=org/springframework/beans/factory/xml/spring-util-2.0.xsd, http://www.springframework.org/schema/tool/spring-tool-3.2.xsd=org/springframework/beans/factory/xml/spring-tool-3.2.xsd, http://www.springframework.org/schema/context/spring-context.xsd=org/springframework/context/config/spring-context-4.2.xsd, http://www.springframework.org/schema/tx/spring-tx-4.2.xsd=org/springframework/transaction/config/spring-tx-4.2.xsd, http://www.springframework.org/schema/cache/spring-cache-4.1.xsd=org/springframework/cache/config/spring-cache-4.1.xsd, http://www.springframework.org/schema/aop/spring-aop-4.0.xsd=org/springframework/aop/config/spring-aop-4.0.xsd, http://www.springframework.org/schema/jee/spring-jee-3.2.xsd=org/springframework/ejb/config/spring-jee-3.2.xsd, http://www.springframework.org/schema/context/spring-context-3.0.xsd=org/springframework/context/config/spring-context-3.0.xsd, http://www.springframework.org/schema/util/spring-util-2.5.xsd=org/springframework/beans/factory/xml/spring-util-2.5.xsd, http://www.springframework.org/schema/beans/spring-beans-3.2.xsd=org/springframework/beans/factory/xml/spring-beans-3.2.xsd, http://www.springframework.org/schema/aop/spring-aop-3.1.xsd=org/springframework/aop/config/spring-aop-3.1.xsd, http://www.springframework.org/schema/ldap/spring-ldap-2.0.xsd=org/springframework/ldap/config/spring-ldap-2.0.xsd, http://www.springframework.org/schema/lang/spring-lang-4.0.xsd=org/springframework/scripting/config/spring-lang-4.0.xsd, http://www.springframework.org/schema/beans/spring-beans-4.1.xsd=org/springframework/beans/factory/xml/spring-beans-4.1.xsd, http://www.springframework.org/schema/tool/spring-tool-4.0.xsd=org/springframework/beans/factory/xml/spring-tool-4.0.xsd, http://www.springframework.org/schema/tx/spring-tx-3.2.xsd=org/springframework/transaction/config/spring-tx-3.2.xsd, http://www.springframework.org/schema/lang/spring-lang-3.1.xsd=org/springframework/scripting/config/spring-lang-3.1.xsd, http://www.springframework.org/schema/cache/spring-cache-3.1.xsd=org/springframework/cache/config/spring-cache-3.1.xsd, http://www.springframework.org/schema/jee/spring-jee-4.0.xsd=org/springframework/ejb/config/spring-jee-4.0.xsd, http://www.springframework.org/schema/task/spring-task-4.1.xsd=org/springframework/scheduling/config/spring-task-4.1.xsd, http://www.springframework.org/schema/tool/spring-tool-3.1.xsd=org/springframework/beans/factory/xml/spring-tool-3.1.xsd, http://www.springframework.org/schema/tx/spring-tx-4.1.xsd=org/springframework/transaction/config/spring-tx-4.1.xsd, http://www.springframework.org/schema/cache/spring-cache-4.0.xsd=org/springframework/cache/config/spring-cache-4.0.xsd, http://www.springframework.org/schema/jee/spring-jee-3.1.xsd=org/springframework/ejb/config/spring-jee-3.1.xsd, http://www.springframework.org/schema/task/spring-task-3.2.xsd=org/springframework/scheduling/config/spring-task-3.2.xsd, http://www.springframework.org/schema/util/spring-util-4.2.xsd=org/springframework/beans/factory/xml/spring-util-4.2.xsd, http://www.springframework.org/schema/beans/spring-beans-3.1.xsd=org/springframework/beans/factory/xml/spring-beans-3.1.xsd, http://www.springframework.org/schema/util/spring-util.xsd=org/springframework/beans/factory/xml/spring-util-4.2.xsd, http://www.springframework.org/schema/aop/spring-aop-3.0.xsd=org/springframework/aop/config/spring-aop-3.0.xsd, http://www.springframework.org/schema/data/repository/spring-repository.xsd=org/springframework/data/repository/config/spring-repository-1.7.xsd, http://www.springframework.org/schema/data/repository/spring-repository-1.7.xsd=org/springframework/data/repository/config/spring-repository-1.7.xsd, http://www.springframework.org/schema/ldap/spring-ldap.xsd=org/springframework/ldap/config/spring-ldap-2.0.xsd, http://www.springframework.org/schema/beans/spring-beans-4.0.xsd=org/springframework/beans/factory/xml/spring-beans-4.0.xsd, http://www.springframework.org/schema/beans/spring-beans.xsd=org/springframework/beans/factory/xml/spring-beans-4.2.xsd, http://www.springframework.org/schema/tx/spring-tx-3.1.xsd=org/springframework/transaction/config/spring-tx-3.1.xsd, http://www.springframework.org/schema/lang/spring-lang-3.0.xsd=org/springframework/scripting/config/spring-lang-3.0.xsd, http://www.springframework.org/schema/context/spring-context-2.5.xsd=org/springframework/context/config/spring-context-2.5.xsd, http://www.springframework.org/schema/task/spring-task-4.0.xsd=org/springframework/scheduling/config/spring-task-4.0.xsd, http://www.springframework.org/schema/tool/spring-tool-3.0.xsd=org/springframework/beans/factory/xml/spring-tool-3.0.xsd, http://www.springframework.org/schema/tx/spring-tx-4.0.xsd=org/springframework/transaction/config/spring-tx-4.0.xsd, http://www.springframework.org/schema/aop/spring-aop-2.0.xsd=org/springframework/aop/config/spring-aop-2.0.xsd, http://www.springframework.org/schema/jee/spring-jee-3.0.xsd=org/springframework/ejb/config/spring-jee-3.0.xsd, http://www.springframework.org/schema/util/spring-util-4.1.xsd=org/springframework/beans/factory/xml/spring-util-4.1.xsd, http://www.springframework.org/schema/task/spring-task-3.1.xsd=org/springframework/scheduling/config/spring-task-3.1.xsd, http://www.springframework.org/schema/beans/spring-beans-3.0.xsd=org/springframework/beans/factory/xml/spring-beans-3.0.xsd, http://www.springframework.org/schema/jee/spring-jee.xsd=org/springframework/ejb/config/spring-jee-4.2.xsd, http://www.springframework.org/schema/aop/spring-aop-2.5.xsd=org/springframework/aop/config/spring-aop-2.5.xsd, http://www.springframework.org/schema/lang/spring-lang-2.0.xsd=org/springframework/scripting/config/spring-lang-2.0.xsd, http://www.springframework.org/schema/data/repository/spring-repository-1.6.xsd=org/springframework/data/repository/config/spring-repository-1.6.xsd, http://www.springframework.org/schema/util/spring-util-3.2.xsd=org/springframework/beans/factory/xml/spring-util-3.2.xsd, http://www.springframework.org/schema/task/spring-task.xsd=org/springframework/scheduling/config/spring-task-4.2.xsd, http://www.springframework.org/schema/tool/spring-tool-2.0.xsd=org/springframework/beans/factory/xml/spring-tool-2.0.xsd, http://www.springframework.org/schema/tx/spring-tx-3.0.xsd=org/springframework/transaction/config/spring-tx-3.0.xsd, http://www.springframework.org/schema/lang/spring-lang-2.5.xsd=org/springframework/scripting/config/spring-lang-2.5.xsd, http://www.springframework.org/schema/context/spring-context-4.2.xsd=org/springframework/context/config/spring-context-4.2.xsd, http://www.springframework.org/schema/jee/spring-jee-2.0.xsd=org/springframework/ejb/config/spring-jee-2.0.xsd, http://www.springframework.org/schema/tool/spring-tool-2.5.xsd=org/springframework/beans/factory/xml/spring-tool-2.5.xsd, http://www.springframework.org/schema/jee/spring-jee-2.5.xsd=org/springframework/ejb/config/spring-jee-2.5.xsd, http://www.springframework.org/schema/data/repository/spring-repository-1.0.xsd=org/springframework/data/repository/config/spring-repository-1.0.xsd, http://www.springframework.org/schema/util/spring-util-4.0.xsd=org/springframework/beans/factory/xml/spring-util-4.0.xsd, http://www.springframework.org/schema/task/spring-task-3.0.xsd=org/springframework/scheduling/config/spring-task-3.0.xsd, http://www.springframework.org/schema/aop/spring-aop-4.2.xsd=org/springframework/aop/config/spring-aop-4.2.xsd, http://www.springframework.org/schema/lang/spring-lang.xsd=org/springframework/scripting/config/spring-lang-4.2.xsd, http://www.springframework.org/schema/context/spring-context-3.2.xsd=org/springframework/context/config/spring-context-3.2.xsd, http://www.springframework.org/schema/data/repository/spring-repository-1.5.xsd=org/springframework/data/repository/config/spring-repository-1.5.xsd, http://www.springframework.org/schema/util/spring-util-3.1.xsd=org/springframework/beans/factory/xml/spring-util-3.1.xsd, http://www.springframework.org/schema/beans/spring-beans-2.0.xsd=org/springframework/beans/factory/xml/spring-beans-2.0.xsd, http://www.springframework.org/schema/cache/spring-cache.xsd=org/springframework/cache/config/spring-cache-4.2.xsd, http://www.springframework.org/schema/tx/spring-tx.xsd=org/springframework/transaction/config/spring-tx-4.2.xsd, http://www.springframework.org/schema/lang/spring-lang-4.2.xsd=org/springframework/scripting/config/spring-lang-4.2.xsd, http://www.springframework.org/schema/context/spring-context-4.1.xsd=org/springframework/context/config/spring-context-4.1.xsd, http://www.springframework.org/schema/beans/spring-beans-2.5.xsd=org/springframework/beans/factory/xml/spring-beans-2.5.xsd, http://www.springframework.org/schema/tool/spring-tool-4.2.xsd=org/springframework/beans/factory/xml/spring-tool-4.2.xsd, http://www.springframework.org/schema/tx/spring-tx-2.0.xsd=org/springframework/transaction/config/spring-tx-2.0.xsd, http://www.springframework.org/schema/jee/spring-jee-4.2.xsd=org/springframework/ejb/config/spring-jee-4.2.xsd, http://www.springframework.org/schema/aop/spring-aop.xsd=org/springframework/aop/config/spring-aop-4.2.xsd}
2016-02-08 14:38:45,291 DEBUG   main [org.springframework.beans.factory.xml.PluggableSchemaResolver] Found XML schema [http://www.springframework.org/schema/beans/spring-beans.xsd] in classpath: org/springframework/beans/factory/xml/spring-beans-4.2.xsd
2016-02-08 14:38:45,313 TRACE   main [org.springframework.beans.factory.xml.PluggableSchemaResolver] Trying to resolve XML entity with public id [null] and system id [http://www.springframework.org/schema/context/spring-context.xsd]
2016-02-08 14:38:45,313 DEBUG   main [org.springframework.beans.factory.xml.PluggableSchemaResolver] Found XML schema [http://www.springframework.org/schema/context/spring-context.xsd] in classpath: org/springframework/context/config/spring-context-4.2.xsd
2016-02-08 14:38:45,318 TRACE   main [org.springframework.beans.factory.xml.PluggableSchemaResolver] Trying to resolve XML entity with public id [null] and system id [http://www.springframework.org/schema/tool/spring-tool-4.2.xsd]
2016-02-08 14:38:45,318 DEBUG   main [org.springframework.beans.factory.xml.PluggableSchemaResolver] Found XML schema [http://www.springframework.org/schema/tool/spring-tool-4.2.xsd] in classpath: org/springframework/beans/factory/xml/spring-tool-4.2.xsd
2016-02-08 14:38:45,324 TRACE   main [org.springframework.beans.factory.xml.PluggableSchemaResolver] Trying to resolve XML entity with public id [null] and system id [http://www.springframework.org/schema/ldap/spring-ldap.xsd]
2016-02-08 14:38:45,325 DEBUG   main [org.springframework.beans.factory.xml.PluggableSchemaResolver] Found XML schema [http://www.springframework.org/schema/ldap/spring-ldap.xsd] in classpath: org/springframework/ldap/config/spring-ldap-2.0.xsd
2016-02-08 14:38:45,330 TRACE   main [org.springframework.beans.factory.xml.PluggableSchemaResolver] Trying to resolve XML entity with public id [null] and system id [http://www.springframework.org/schema/data/repository/spring-repository.xsd]
2016-02-08 14:38:45,330 DEBUG   main [org.springframework.beans.factory.xml.PluggableSchemaResolver] Found XML schema [http://www.springframework.org/schema/data/repository/spring-repository.xsd] in classpath: org/springframework/data/repository/config/spring-repository-1.7.xsd
2016-02-08 14:38:45,337 DEBUG   main [org.springframework.beans.factory.xml.DefaultBeanDefinitionDocumentReader] Loading bean definitions
2016-02-08 14:38:45,340 DEBUG   main [org.springframework.beans.factory.xml.DefaultNamespaceHandlerResolver] Loaded NamespaceHandler mappings: {http://www.springframework.org/schema/p=org.springframework.beans.factory.xml.SimplePropertyNamespaceHandler, http://www.springframework.org/schema/util=org.springframework.beans.factory.xml.UtilNamespaceHandler, http://www.springframework.org/schema/jee=org.springframework.ejb.config.JeeNamespaceHandler, http://www.springframework.org/schema/aop=org.springframework.aop.config.AopNamespaceHandler, http://www.springframework.org/schema/data/repository=org.springframework.data.repository.config.RepositoryNameSpaceHandler, http://www.springframework.org/schema/cache=org.springframework.cache.config.CacheNamespaceHandler, http://www.springframework.org/schema/c=org.springframework.beans.factory.xml.SimpleConstructorNamespaceHandler, http://www.springframework.org/schema/ldap=org.springframework.ldap.config.LdapNamespaceHandler, http://www.springframework.org/schema/tx=org.springframework.transaction.config.TxNamespaceHandler, http://www.springframework.org/schema/task=org.springframework.scheduling.config.TaskNamespaceHandler, http://www.springframework.org/schema/lang=org.springframework.scripting.config.LangNamespaceHandler, http://www.springframework.org/schema/context=org.springframework.context.config.ContextNamespaceHandler}
2016-02-08 14:38:45,341 DEBUG   main [org.springframework.core.env.StandardEnvironment] Adding [systemProperties] PropertySource with lowest search precedence
2016-02-08 14:38:45,341 DEBUG   main [org.springframework.core.env.StandardEnvironment] Adding [systemEnvironment] PropertySource with lowest search precedence
2016-02-08 14:38:45,342 DEBUG   main [org.springframework.core.env.StandardEnvironment] Initialized StandardEnvironment with PropertySources [systemProperties,systemEnvironment]
2016-02-08 14:38:45,345 DEBUG   main [org.springframework.core.io.support.PathMatchingResourcePatternResolver] Looking for matching resources in directory tree [C:\Eclipse\workspace\SpringLdapProject\bin\gov\fema\adminportal\ldap]
2016-02-08 14:38:45,345 DEBUG   main [org.springframework.core.io.support.PathMatchingResourcePatternResolver] Searching directory [C:\Eclipse\workspace\SpringLdapProject\bin\gov\fema\adminportal\ldap] for files matching pattern [C:/Eclipse/workspace/SpringLdapProject/bin/gov/fema/adminportal/ldap/**/*.class]
2016-02-08 14:38:45,346 DEBUG   main [org.springframework.core.io.support.PathMatchingResourcePatternResolver] Searching directory [C:\Eclipse\workspace\SpringLdapProject\bin\gov\fema\adminportal\ldap\app] for files matching pattern [C:/Eclipse/workspace/SpringLdapProject/bin/gov/fema/adminportal/ldap/**/*.class]
2016-02-08 14:38:45,347 DEBUG   main [org.springframework.core.io.support.PathMatchingResourcePatternResolver] Searching directory [C:\Eclipse\workspace\SpringLdapProject\bin\gov\fema\adminportal\ldap\model] for files matching pattern [C:/Eclipse/workspace/SpringLdapProject/bin/gov/fema/adminportal/ldap/**/*.class]
2016-02-08 14:38:45,348 DEBUG   main [org.springframework.core.io.support.PathMatchingResourcePatternResolver] Searching directory [C:\Eclipse\workspace\SpringLdapProject\bin\gov\fema\adminportal\ldap\repository] for files matching pattern [C:/Eclipse/workspace/SpringLdapProject/bin/gov/fema/adminportal/ldap/**/*.class]
2016-02-08 14:38:45,350 DEBUG   main [org.springframework.core.io.support.PathMatchingResourcePatternResolver] Resolved location pattern [classpath*:gov/fema/adminportal/ldap/**/*.class] to resources [file [C:\Eclipse\workspace\SpringLdapProject\bin\gov\fema\adminportal\ldap\app\LdapApp.class], file [C:\Eclipse\workspace\SpringLdapProject\bin\gov\fema\adminportal\ldap\model\Group.class], file [C:\Eclipse\workspace\SpringLdapProject\bin\gov\fema\adminportal\ldap\model\LDAPConfig.class], file [C:\Eclipse\workspace\SpringLdapProject\bin\gov\fema\adminportal\ldap\model\User.class], file [C:\Eclipse\workspace\SpringLdapProject\bin\gov\fema\adminportal\ldap\repository\UserRepository.class], file [C:\Eclipse\workspace\SpringLdapProject\bin\gov\fema\adminportal\ldap\repository\UserRepositoryImpl$1.class], file [C:\Eclipse\workspace\SpringLdapProject\bin\gov\fema\adminportal\ldap\repository\UserRepositoryImpl$MultipleAttributesMapper.class], file [C:\Eclipse\workspace\SpringLdapProject\bin\gov\fema\adminportal\ldap\repository\UserRepositoryImpl$SingleAttributesMapper.class], file [C:\Eclipse\workspace\SpringLdapProject\bin\gov\fema\adminportal\ldap\repository\UserRepositoryImpl$UserAttributesMapper.class], file [C:\Eclipse\workspace\SpringLdapProject\bin\gov\fema\adminportal\ldap\repository\UserRepositoryImpl.class]]
2016-02-08 14:38:45,351 TRACE   main [org.springframework.context.annotation.ClassPathBeanDefinitionScanner] Scanning file [C:\Eclipse\workspace\SpringLdapProject\bin\gov\fema\adminportal\ldap\app\LdapApp.class]
2016-02-08 14:38:45,352 TRACE   main [org.springframework.context.annotation.ClassPathBeanDefinitionScanner] Ignored because not matching any filter: file [C:\Eclipse\workspace\SpringLdapProject\bin\gov\fema\adminportal\ldap\app\LdapApp.class]
2016-02-08 14:38:45,352 TRACE   main [org.springframework.context.annotation.ClassPathBeanDefinitionScanner] Scanning file [C:\Eclipse\workspace\SpringLdapProject\bin\gov\fema\adminportal\ldap\model\Group.class]
2016-02-08 14:38:45,352 TRACE   main [org.springframework.context.annotation.ClassPathBeanDefinitionScanner] Ignored because not matching any filter: file [C:\Eclipse\workspace\SpringLdapProject\bin\gov\fema\adminportal\ldap\model\Group.class]
2016-02-08 14:38:45,352 TRACE   main [org.springframework.context.annotation.ClassPathBeanDefinitionScanner] Scanning file [C:\Eclipse\workspace\SpringLdapProject\bin\gov\fema\adminportal\ldap\model\LDAPConfig.class]
2016-02-08 14:38:45,353 TRACE   main [org.springframework.context.annotation.ClassPathBeanDefinitionScanner] Ignored because not matching any filter: file [C:\Eclipse\workspace\SpringLdapProject\bin\gov\fema\adminportal\ldap\model\LDAPConfig.class]
2016-02-08 14:38:45,353 TRACE   main [org.springframework.context.annotation.ClassPathBeanDefinitionScanner] Scanning file [C:\Eclipse\workspace\SpringLdapProject\bin\gov\fema\adminportal\ldap\model\User.class]
2016-02-08 14:38:45,353 TRACE   main [org.springframework.context.annotation.ClassPathBeanDefinitionScanner] Ignored because not matching any filter: file [C:\Eclipse\workspace\SpringLdapProject\bin\gov\fema\adminportal\ldap\model\User.class]
2016-02-08 14:38:45,353 TRACE   main [org.springframework.context.annotation.ClassPathBeanDefinitionScanner] Scanning file [C:\Eclipse\workspace\SpringLdapProject\bin\gov\fema\adminportal\ldap\repository\UserRepository.class]
2016-02-08 14:38:45,354 TRACE   main [org.springframework.context.annotation.ClassPathBeanDefinitionScanner] Ignored because not matching any filter: file [C:\Eclipse\workspace\SpringLdapProject\bin\gov\fema\adminportal\ldap\repository\UserRepository.class]
2016-02-08 14:38:45,354 TRACE   main [org.springframework.context.annotation.ClassPathBeanDefinitionScanner] Scanning file [C:\Eclipse\workspace\SpringLdapProject\bin\gov\fema\adminportal\ldap\repository\UserRepositoryImpl$1.class]
2016-02-08 14:38:45,354 TRACE   main [org.springframework.context.annotation.ClassPathBeanDefinitionScanner] Ignored because not matching any filter: file [C:\Eclipse\workspace\SpringLdapProject\bin\gov\fema\adminportal\ldap\repository\UserRepositoryImpl$1.class]
2016-02-08 14:38:45,354 TRACE   main [org.springframework.context.annotation.ClassPathBeanDefinitionScanner] Scanning file [C:\Eclipse\workspace\SpringLdapProject\bin\gov\fema\adminportal\ldap\repository\UserRepositoryImpl$MultipleAttributesMapper.class]
2016-02-08 14:38:45,355 TRACE   main [org.springframework.context.annotation.ClassPathBeanDefinitionScanner] Ignored because not matching any filter: file [C:\Eclipse\workspace\SpringLdapProject\bin\gov\fema\adminportal\ldap\repository\UserRepositoryImpl$MultipleAttributesMapper.class]
2016-02-08 14:38:45,355 TRACE   main [org.springframework.context.annotation.ClassPathBeanDefinitionScanner] Scanning file [C:\Eclipse\workspace\SpringLdapProject\bin\gov\fema\adminportal\ldap\repository\UserRepositoryImpl$SingleAttributesMapper.class]
2016-02-08 14:38:45,355 TRACE   main [org.springframework.context.annotation.ClassPathBeanDefinitionScanner] Ignored because not matching any filter: file [C:\Eclipse\workspace\SpringLdapProject\bin\gov\fema\adminportal\ldap\repository\UserRepositoryImpl$SingleAttributesMapper.class]
2016-02-08 14:38:45,355 TRACE   main [org.springframework.context.annotation.ClassPathBeanDefinitionScanner] Scanning file [C:\Eclipse\workspace\SpringLdapProject\bin\gov\fema\adminportal\ldap\repository\UserRepositoryImpl$UserAttributesMapper.class]
2016-02-08 14:38:45,356 TRACE   main [org.springframework.context.annotation.ClassPathBeanDefinitionScanner] Ignored because not matching any filter: file [C:\Eclipse\workspace\SpringLdapProject\bin\gov\fema\adminportal\ldap\repository\UserRepositoryImpl$UserAttributesMapper.class]
2016-02-08 14:38:45,356 TRACE   main [org.springframework.context.annotation.ClassPathBeanDefinitionScanner] Scanning file [C:\Eclipse\workspace\SpringLdapProject\bin\gov\fema\adminportal\ldap\repository\UserRepositoryImpl.class]
2016-02-08 14:38:45,357 DEBUG   main [org.springframework.context.annotation.ClassPathBeanDefinitionScanner] Identified candidate component class: file [C:\Eclipse\workspace\SpringLdapProject\bin\gov\fema\adminportal\ldap\repository\UserRepositoryImpl.class]
2016-02-08 14:38:45,359 DEBUG   main [org.springframework.beans.factory.xml.XmlBeanDefinitionReader] Loaded 11 bean definitions from location pattern [spring-ldap-example.xml]
2016-02-08 14:38:45,359 DEBUG   main [org.springframework.context.support.ClassPathXmlApplicationContext] Bean factory for org.springframework.context.support.ClassPathXmlApplicationContext@6f1dc409: org.springframework.beans.factory.support.DefaultListableBeanFactory@6c25ffa: defining beans [org.springframework.context.support.PropertySourcesPlaceholderConfigurer#0,ldapConfig,userRepositoryImpl,org.springframework.context.annotation.internalConfigurationAnnotationProcessor,org.springframework.context.annotation.internalAutowiredAnnotationProcessor,org.springframework.context.annotation.internalRequiredAnnotationProcessor,org.springframework.context.annotation.internalCommonAnnotationProcessor,simpleDirContextAuthenticationStrategy,userReposImpl,contextSource,ldapTemplate]; root of factory hierarchy
2016-02-08 14:38:45,360 DEBUG   main [org.springframework.beans.factory.support.DefaultListableBeanFactory] Creating shared instance of singleton bean 'org.springframework.context.annotation.internalConfigurationAnnotationProcessor'
2016-02-08 14:38:45,361 DEBUG   main [org.springframework.beans.factory.support.DefaultListableBeanFactory] Creating instance of bean 'org.springframework.context.annotation.internalConfigurationAnnotationProcessor'
2016-02-08 14:38:45,361 DEBUG   main [org.springframework.beans.factory.support.DefaultListableBeanFactory] Eagerly caching bean 'org.springframework.context.annotation.internalConfigurationAnnotationProcessor' to allow for resolving potential circular references
2016-02-08 14:38:45,361 DEBUG   main [org.springframework.beans.factory.support.DefaultListableBeanFactory] Finished creating instance of bean 'org.springframework.context.annotation.internalConfigurationAnnotationProcessor'
2016-02-08 14:38:45,374 DEBUG   main [org.springframework.beans.factory.support.DefaultListableBeanFactory] Creating shared instance of singleton bean 'org.springframework.context.support.PropertySourcesPlaceholderConfigurer#0'
2016-02-08 14:38:45,374 DEBUG   main [org.springframework.beans.factory.support.DefaultListableBeanFactory] Creating instance of bean 'org.springframework.context.support.PropertySourcesPlaceholderConfigurer#0'
2016-02-08 14:38:45,374 DEBUG   main [org.springframework.beans.factory.support.DefaultListableBeanFactory] Eagerly caching bean 'org.springframework.context.support.PropertySourcesPlaceholderConfigurer#0' to allow for resolving potential circular references
2016-02-08 14:38:45,375 DEBUG   main [org.springframework.beans.factory.support.DefaultListableBeanFactory] Finished creating instance of bean 'org.springframework.context.support.PropertySourcesPlaceholderConfigurer#0'
2016-02-08 14:38:45,375 DEBUG   main [org.springframework.core.env.MutablePropertySources] Adding [environmentProperties] PropertySource with lowest search precedence
2016-02-08 14:38:45,375 INFO   main [org.springframework.context.support.PropertySourcesPlaceholderConfigurer] Loading properties file from class path resource [ldap.properties]
2016-02-08 14:38:45,377 DEBUG   main [org.springframework.core.env.MutablePropertySources] Adding [localProperties] PropertySource with lowest search precedence
2016-02-08 14:38:45,378 TRACE   main [org.springframework.core.env.PropertySourcesPropertyResolver] getProperty("BoUser", String)
2016-02-08 14:38:45,378 DEBUG   main [org.springframework.core.env.PropertySourcesPropertyResolver] Searching for key 'BoUser' in [environmentProperties]
2016-02-08 14:38:45,378 TRACE   main [org.springframework.core.env.PropertySourcesPropertyResolver] getProperty("BoUser", String)
2016-02-08 14:38:45,378 DEBUG   main [org.springframework.core.env.PropertySourcesPropertyResolver] Searching for key 'BoUser' in [systemProperties]
2016-02-08 14:38:45,379 DEBUG   main [org.springframework.core.env.PropertySourcesPropertyResolver] Searching for key 'BoUser' in [systemEnvironment]
2016-02-08 14:38:45,379 DEBUG   main [org.springframework.core.env.PropertySourcesPropertyResolver] Could not find key 'BoUser' in any property source. Returning [null]
2016-02-08 14:38:45,379 DEBUG   main [org.springframework.core.env.PropertySourcesPropertyResolver] Searching for key 'BoUser' in [localProperties]
2016-02-08 14:38:45,379 DEBUG   main [org.springframework.core.env.PropertySourcesPropertyResolver] Found key 'BoUser' in [localProperties] with type [String] and value 'ou=User,ou=BusinessObjectsDisaster,ou=system'
2016-02-08 14:38:45,379 TRACE   main [org.springframework.util.PropertyPlaceholderHelper] Resolved placeholder 'BoUser'
2016-02-08 14:38:45,380 TRACE   main [org.springframework.core.env.PropertySourcesPropertyResolver] getProperty("BoGroup", String)
2016-02-08 14:38:45,380 DEBUG   main [org.springframework.core.env.PropertySourcesPropertyResolver] Searching for key 'BoGroup' in [environmentProperties]
2016-02-08 14:38:45,380 TRACE   main [org.springframework.core.env.PropertySourcesPropertyResolver] getProperty("BoGroup", String)
2016-02-08 14:38:45,380 DEBUG   main [org.springframework.core.env.PropertySourcesPropertyResolver] Searching for key 'BoGroup' in [systemProperties]
2016-02-08 14:38:45,380 DEBUG   main [org.springframework.core.env.PropertySourcesPropertyResolver] Searching for key 'BoGroup' in [systemEnvironment]
2016-02-08 14:38:45,380 DEBUG   main [org.springframework.core.env.PropertySourcesPropertyResolver] Could not find key 'BoGroup' in any property source. Returning [null]
2016-02-08 14:38:45,380 DEBUG   main [org.springframework.core.env.PropertySourcesPropertyResolver] Searching for key 'BoGroup' in [localProperties]
2016-02-08 14:38:45,380 DEBUG   main [org.springframework.core.env.PropertySourcesPropertyResolver] Found key 'BoGroup' in [localProperties] with type [String] and value 'ou=Group,ou=BusinessObjectsDisaster,ou=system'
2016-02-08 14:38:45,381 TRACE   main [org.springframework.util.PropertyPlaceholderHelper] Resolved placeholder 'BoGroup'
2016-02-08 14:38:45,381 TRACE   main [org.springframework.core.env.PropertySourcesPropertyResolver] getProperty("BoGroupPrefix", String)
2016-02-08 14:38:45,381 DEBUG   main [org.springframework.core.env.PropertySourcesPropertyResolver] Searching for key 'BoGroupPrefix' in [environmentProperties]
2016-02-08 14:38:45,381 TRACE   main [org.springframework.core.env.PropertySourcesPropertyResolver] getProperty("BoGroupPrefix", String)
2016-02-08 14:38:45,381 DEBUG   main [org.springframework.core.env.PropertySourcesPropertyResolver] Searching for key 'BoGroupPrefix' in [systemProperties]
2016-02-08 14:38:45,381 DEBUG   main [org.springframework.core.env.PropertySourcesPropertyResolver] Searching for key 'BoGroupPrefix' in [systemEnvironment]
2016-02-08 14:38:45,381 DEBUG   main [org.springframework.core.env.PropertySourcesPropertyResolver] Could not find key 'BoGroupPrefix' in any property source. Returning [null]
2016-02-08 14:38:45,382 DEBUG   main [org.springframework.core.env.PropertySourcesPropertyResolver] Searching for key 'BoGroupPrefix' in [localProperties]
2016-02-08 14:38:45,382 DEBUG   main [org.springframework.core.env.PropertySourcesPropertyResolver] Found key 'BoGroupPrefix' in [localProperties] with type [String] and value 'cn=Business_Objects_Disaster_Users_'
2016-02-08 14:38:45,382 TRACE   main [org.springframework.util.PropertyPlaceholderHelper] Resolved placeholder 'BoGroupPrefix'
2016-02-08 14:38:45,382 DEBUG   main [org.springframework.beans.factory.support.DefaultListableBeanFactory] Creating shared instance of singleton bean 'org.springframework.context.annotation.internalAutowiredAnnotationProcessor'
2016-02-08 14:38:45,382 DEBUG   main [org.springframework.beans.factory.support.DefaultListableBeanFactory] Creating instance of bean 'org.springframework.context.annotation.internalAutowiredAnnotationProcessor'
2016-02-08 14:38:45,383 DEBUG   main [org.springframework.beans.factory.support.DefaultListableBeanFactory] Eagerly caching bean 'org.springframework.context.annotation.internalAutowiredAnnotationProcessor' to allow for resolving potential circular references
2016-02-08 14:38:45,383 DEBUG   main [org.springframework.beans.factory.support.DefaultListableBeanFactory] Finished creating instance of bean 'org.springframework.context.annotation.internalAutowiredAnnotationProcessor'
2016-02-08 14:38:45,383 DEBUG   main [org.springframework.beans.factory.support.DefaultListableBeanFactory] Creating shared instance of singleton bean 'org.springframework.context.annotation.internalRequiredAnnotationProcessor'
2016-02-08 14:38:45,383 DEBUG   main [org.springframework.beans.factory.support.DefaultListableBeanFactory] Creating instance of bean 'org.springframework.context.annotation.internalRequiredAnnotationProcessor'
2016-02-08 14:38:45,383 DEBUG   main [org.springframework.beans.factory.support.DefaultListableBeanFactory] Eagerly caching bean 'org.springframework.context.annotation.internalRequiredAnnotationProcessor' to allow for resolving potential circular references
2016-02-08 14:38:45,383 DEBUG   main [org.springframework.beans.factory.support.DefaultListableBeanFactory] Finished creating instance of bean 'org.springframework.context.annotation.internalRequiredAnnotationProcessor'
2016-02-08 14:38:45,384 DEBUG   main [org.springframework.beans.factory.support.DefaultListableBeanFactory] Creating shared instance of singleton bean 'org.springframework.context.annotation.internalCommonAnnotationProcessor'
2016-02-08 14:38:45,384 DEBUG   main [org.springframework.beans.factory.support.DefaultListableBeanFactory] Creating instance of bean 'org.springframework.context.annotation.internalCommonAnnotationProcessor'
2016-02-08 14:38:45,384 DEBUG   main [org.springframework.beans.factory.support.DefaultListableBeanFactory] Eagerly caching bean 'org.springframework.context.annotation.internalCommonAnnotationProcessor' to allow for resolving potential circular references
2016-02-08 14:38:45,384 DEBUG   main [org.springframework.beans.factory.support.DefaultListableBeanFactory] Finished creating instance of bean 'org.springframework.context.annotation.internalCommonAnnotationProcessor'
2016-02-08 14:38:45,384 DEBUG   main [org.springframework.beans.factory.support.DefaultListableBeanFactory] Creating shared instance of singleton bean 'org.springframework.context.annotation.ConfigurationClassPostProcessor.importAwareProcessor'
2016-02-08 14:38:45,384 DEBUG   main [org.springframework.beans.factory.support.DefaultListableBeanFactory] Creating instance of bean 'org.springframework.context.annotation.ConfigurationClassPostProcessor.importAwareProcessor'
2016-02-08 14:38:45,384 DEBUG   main [org.springframework.beans.factory.support.DefaultListableBeanFactory] Eagerly caching bean 'org.springframework.context.annotation.ConfigurationClassPostProcessor.importAwareProcessor' to allow for resolving potential circular references
2016-02-08 14:38:45,384 DEBUG   main [org.springframework.beans.factory.support.DefaultListableBeanFactory] Finished creating instance of bean 'org.springframework.context.annotation.ConfigurationClassPostProcessor.importAwareProcessor'
2016-02-08 14:38:45,384 DEBUG   main [org.springframework.beans.factory.support.DefaultListableBeanFactory] Creating shared instance of singleton bean 'org.springframework.context.annotation.ConfigurationClassPostProcessor.enhancedConfigurationProcessor'
2016-02-08 14:38:45,384 DEBUG   main [org.springframework.beans.factory.support.DefaultListableBeanFactory] Creating instance of bean 'org.springframework.context.annotation.ConfigurationClassPostProcessor.enhancedConfigurationProcessor'
2016-02-08 14:38:45,385 DEBUG   main [org.springframework.beans.factory.support.DefaultListableBeanFactory] Eagerly caching bean 'org.springframework.context.annotation.ConfigurationClassPostProcessor.enhancedConfigurationProcessor' to allow for resolving potential circular references
2016-02-08 14:38:45,385 DEBUG   main [org.springframework.beans.factory.support.DefaultListableBeanFactory] Finished creating instance of bean 'org.springframework.context.annotation.ConfigurationClassPostProcessor.enhancedConfigurationProcessor'
2016-02-08 14:38:45,385 DEBUG   main [org.springframework.context.support.ClassPathXmlApplicationContext] Unable to locate MessageSource with name 'messageSource': using default [org.springframework.context.support.DelegatingMessageSource@41a33efb]
2016-02-08 14:38:45,385 DEBUG   main [org.springframework.context.support.ClassPathXmlApplicationContext] Unable to locate ApplicationEventMulticaster with name 'applicationEventMulticaster': using default [org.springframework.context.event.SimpleApplicationEventMulticaster@447bf267]
2016-02-08 14:38:45,385 DEBUG   main [org.springframework.beans.factory.support.DefaultListableBeanFactory] Pre-instantiating singletons in org.springframework.beans.factory.support.DefaultListableBeanFactory@6c25ffa: defining beans [org.springframework.context.support.PropertySourcesPlaceholderConfigurer#0,ldapConfig,userRepositoryImpl,org.springframework.context.annotation.internalConfigurationAnnotationProcessor,org.springframework.context.annotation.internalAutowiredAnnotationProcessor,org.springframework.context.annotation.internalRequiredAnnotationProcessor,org.springframework.context.annotation.internalCommonAnnotationProcessor,simpleDirContextAuthenticationStrategy,userReposImpl,contextSource,ldapTemplate,org.springframework.context.annotation.ConfigurationClassPostProcessor.importAwareProcessor,org.springframework.context.annotation.ConfigurationClassPostProcessor.enhancedConfigurationProcessor]; root of factory hierarchy
2016-02-08 14:38:45,385 DEBUG   main [org.springframework.beans.factory.support.DefaultListableBeanFactory] Returning cached instance of singleton bean 'org.springframework.context.support.PropertySourcesPlaceholderConfigurer#0'
2016-02-08 14:38:45,386 DEBUG   main [org.springframework.beans.factory.support.DefaultListableBeanFactory] Creating shared instance of singleton bean 'ldapConfig'
2016-02-08 14:38:45,386 DEBUG   main [org.springframework.beans.factory.support.DefaultListableBeanFactory] Creating instance of bean 'ldapConfig'
2016-02-08 14:38:45,386 DEBUG   main [org.springframework.beans.factory.support.DefaultListableBeanFactory] Eagerly caching bean 'ldapConfig' to allow for resolving potential circular references
2016-02-08 14:38:45,386 DEBUG   main [org.springframework.beans.factory.support.DefaultListableBeanFactory] Finished creating instance of bean 'ldapConfig'
2016-02-08 14:38:45,387 DEBUG   main [org.springframework.beans.factory.support.DefaultListableBeanFactory] Creating shared instance of singleton bean 'userRepositoryImpl'
2016-02-08 14:38:45,387 DEBUG   main [org.springframework.beans.factory.support.DefaultListableBeanFactory] Creating instance of bean 'userRepositoryImpl'
2016-02-08 14:38:45,388 DEBUG   main [org.springframework.beans.factory.annotation.InjectionMetadata] Registered injected element on class [gov.fema.adminportal.ldap.repository.UserRepositoryImpl]: AutowiredFieldElement for private gov.fema.adminportal.ldap.model.LDAPConfig gov.fema.adminportal.ldap.repository.UserRepositoryImpl.ldapConfig
2016-02-08 14:38:45,388 DEBUG   main [org.springframework.beans.factory.annotation.InjectionMetadata] Registered injected element on class [gov.fema.adminportal.ldap.repository.UserRepositoryImpl]: AutowiredFieldElement for private org.springframework.ldap.core.LdapTemplate gov.fema.adminportal.ldap.repository.UserRepositoryImpl.ldapTemplate
2016-02-08 14:38:45,388 DEBUG   main [org.springframework.beans.factory.support.DefaultListableBeanFactory] Eagerly caching bean 'userRepositoryImpl' to allow for resolving potential circular references
2016-02-08 14:38:45,388 DEBUG   main [org.springframework.beans.factory.annotation.InjectionMetadata] Processing injected element of bean 'userRepositoryImpl': AutowiredFieldElement for private gov.fema.adminportal.ldap.model.LDAPConfig gov.fema.adminportal.ldap.repository.UserRepositoryImpl.ldapConfig
2016-02-08 14:38:45,389 DEBUG   main [org.springframework.beans.factory.support.DefaultListableBeanFactory] Returning cached instance of singleton bean 'ldapConfig'
2016-02-08 14:38:45,389 DEBUG   main [org.springframework.beans.factory.annotation.AutowiredAnnotationBeanPostProcessor] Autowiring by type from bean name 'userRepositoryImpl' to bean named 'ldapConfig'
2016-02-08 14:38:45,389 DEBUG   main [org.springframework.beans.factory.annotation.InjectionMetadata] Processing injected element of bean 'userRepositoryImpl': AutowiredFieldElement for private org.springframework.ldap.core.LdapTemplate gov.fema.adminportal.ldap.repository.UserRepositoryImpl.ldapTemplate
2016-02-08 14:38:45,390 DEBUG   main [org.springframework.beans.factory.support.DefaultListableBeanFactory] Creating shared instance of singleton bean 'ldapTemplate'
2016-02-08 14:38:45,390 DEBUG   main [org.springframework.beans.factory.support.DefaultListableBeanFactory] Creating instance of bean 'ldapTemplate'
2016-02-08 14:38:45,392 DEBUG   main [org.springframework.beans.factory.support.DefaultListableBeanFactory] Eagerly caching bean 'ldapTemplate' to allow for resolving potential circular references
2016-02-08 14:38:45,393 DEBUG   main [org.springframework.beans.factory.support.DefaultListableBeanFactory] Creating shared instance of singleton bean 'contextSource'
2016-02-08 14:38:45,394 DEBUG   main [org.springframework.beans.factory.support.DefaultListableBeanFactory] Creating instance of bean 'contextSource'
2016-02-08 14:38:45,395 DEBUG   main [org.springframework.beans.factory.support.DefaultListableBeanFactory] Creating instance of bean '(inner bean)#25676b51'
2016-02-08 14:38:45,397 DEBUG   main [org.springframework.beans.factory.support.DefaultListableBeanFactory] Creating instance of bean '(inner bean)#28b6a606'
2016-02-08 14:38:45,398 DEBUG   main [org.springframework.beans.factory.support.DefaultListableBeanFactory] Finished creating instance of bean '(inner bean)#28b6a606'
2016-02-08 14:38:45,398 DEBUG   main [org.springframework.beans.factory.support.DefaultListableBeanFactory] Creating shared instance of singleton bean 'simpleDirContextAuthenticationStrategy'
2016-02-08 14:38:45,399 DEBUG   main [org.springframework.beans.factory.support.DefaultListableBeanFactory] Creating instance of bean 'simpleDirContextAuthenticationStrategy'
2016-02-08 14:38:45,399 DEBUG   main [org.springframework.beans.factory.support.DefaultListableBeanFactory] Eagerly caching bean 'simpleDirContextAuthenticationStrategy' to allow for resolving potential circular references
2016-02-08 14:38:45,399 DEBUG   main [org.springframework.beans.factory.support.DefaultListableBeanFactory] Finished creating instance of bean 'simpleDirContextAuthenticationStrategy'
2016-02-08 14:38:45,399 DEBUG   main [org.springframework.beans.factory.support.DefaultListableBeanFactory] Invoking afterPropertiesSet() on bean with name '(inner bean)#25676b51'
2016-02-08 14:38:45,399 DEBUG   main [org.springframework.beans.factory.support.DefaultListableBeanFactory] Finished creating instance of bean '(inner bean)#25676b51'
2016-02-08 14:38:45,400 DEBUG   main [org.springframework.beans.factory.support.DefaultListableBeanFactory] Eagerly caching bean 'contextSource' to allow for resolving potential circular references
2016-02-08 14:38:45,401 DEBUG   main [org.springframework.beans.factory.support.DefaultListableBeanFactory] Finished creating instance of bean 'contextSource'
2016-02-08 14:38:45,401 DEBUG   main [org.springframework.beans.factory.support.DefaultListableBeanFactory] Invoking afterPropertiesSet() on bean with name 'ldapTemplate'
2016-02-08 14:38:45,401 DEBUG   main [org.springframework.beans.factory.support.DefaultListableBeanFactory] Finished creating instance of bean 'ldapTemplate'
2016-02-08 14:38:45,401 DEBUG   main [org.springframework.beans.factory.annotation.AutowiredAnnotationBeanPostProcessor] Autowiring by type from bean name 'userRepositoryImpl' to bean named 'ldapTemplate'
2016-02-08 14:38:45,401 DEBUG   main [org.springframework.beans.factory.support.DefaultListableBeanFactory] Finished creating instance of bean 'userRepositoryImpl'
2016-02-08 14:38:45,401 DEBUG   main [org.springframework.beans.factory.support.DefaultListableBeanFactory] Returning cached instance of singleton bean 'org.springframework.context.annotation.internalConfigurationAnnotationProcessor'
2016-02-08 14:38:45,401 DEBUG   main [org.springframework.beans.factory.support.DefaultListableBeanFactory] Returning cached instance of singleton bean 'org.springframework.context.annotation.internalAutowiredAnnotationProcessor'
2016-02-08 14:38:45,401 DEBUG   main [org.springframework.beans.factory.support.DefaultListableBeanFactory] Returning cached instance of singleton bean 'org.springframework.context.annotation.internalRequiredAnnotationProcessor'
2016-02-08 14:38:45,402 DEBUG   main [org.springframework.beans.factory.support.DefaultListableBeanFactory] Returning cached instance of singleton bean 'org.springframework.context.annotation.internalCommonAnnotationProcessor'
2016-02-08 14:38:45,402 DEBUG   main [org.springframework.beans.factory.support.DefaultListableBeanFactory] Returning cached instance of singleton bean 'simpleDirContextAuthenticationStrategy'
2016-02-08 14:38:45,402 DEBUG   main [org.springframework.beans.factory.support.DefaultListableBeanFactory] Creating shared instance of singleton bean 'userReposImpl'
2016-02-08 14:38:45,402 DEBUG   main [org.springframework.beans.factory.support.DefaultListableBeanFactory] Creating instance of bean 'userReposImpl'
2016-02-08 14:38:45,402 DEBUG   main [org.springframework.beans.factory.annotation.InjectionMetadata] Registered injected element on class [gov.fema.adminportal.ldap.repository.UserRepositoryImpl]: AutowiredFieldElement for private gov.fema.adminportal.ldap.model.LDAPConfig gov.fema.adminportal.ldap.repository.UserRepositoryImpl.ldapConfig
2016-02-08 14:38:45,402 DEBUG   main [org.springframework.beans.factory.annotation.InjectionMetadata] Registered injected element on class [gov.fema.adminportal.ldap.repository.UserRepositoryImpl]: AutowiredFieldElement for private org.springframework.ldap.core.LdapTemplate gov.fema.adminportal.ldap.repository.UserRepositoryImpl.ldapTemplate
2016-02-08 14:38:45,402 DEBUG   main [org.springframework.beans.factory.support.DefaultListableBeanFactory] Eagerly caching bean 'userReposImpl' to allow for resolving potential circular references
2016-02-08 14:38:45,403 DEBUG   main [org.springframework.beans.factory.annotation.InjectionMetadata] Processing injected element of bean 'userReposImpl': AutowiredFieldElement for private gov.fema.adminportal.ldap.model.LDAPConfig gov.fema.adminportal.ldap.repository.UserRepositoryImpl.ldapConfig
2016-02-08 14:38:45,403 DEBUG   main [org.springframework.beans.factory.support.DefaultListableBeanFactory] Returning cached instance of singleton bean 'ldapConfig'
2016-02-08 14:38:45,403 DEBUG   main [org.springframework.beans.factory.annotation.AutowiredAnnotationBeanPostProcessor] Autowiring by type from bean name 'userReposImpl' to bean named 'ldapConfig'
2016-02-08 14:38:45,403 DEBUG   main [org.springframework.beans.factory.annotation.InjectionMetadata] Processing injected element of bean 'userReposImpl': AutowiredFieldElement for private org.springframework.ldap.core.LdapTemplate gov.fema.adminportal.ldap.repository.UserRepositoryImpl.ldapTemplate
2016-02-08 14:38:45,403 DEBUG   main [org.springframework.beans.factory.support.DefaultListableBeanFactory] Returning cached instance of singleton bean 'ldapTemplate'
2016-02-08 14:38:45,403 DEBUG   main [org.springframework.beans.factory.annotation.AutowiredAnnotationBeanPostProcessor] Autowiring by type from bean name 'userReposImpl' to bean named 'ldapTemplate'
2016-02-08 14:38:45,403 DEBUG   main [org.springframework.beans.factory.support.DefaultListableBeanFactory] Finished creating instance of bean 'userReposImpl'
2016-02-08 14:38:45,403 DEBUG   main [org.springframework.beans.factory.support.DefaultListableBeanFactory] Returning cached instance of singleton bean 'contextSource'
2016-02-08 14:38:45,403 DEBUG   main [org.springframework.beans.factory.support.DefaultListableBeanFactory] Returning cached instance of singleton bean 'ldapTemplate'
2016-02-08 14:38:45,403 DEBUG   main [org.springframework.beans.factory.support.DefaultListableBeanFactory] Returning cached instance of singleton bean 'org.springframework.context.annotation.ConfigurationClassPostProcessor.importAwareProcessor'
2016-02-08 14:38:45,404 DEBUG   main [org.springframework.beans.factory.support.DefaultListableBeanFactory] Returning cached instance of singleton bean 'org.springframework.context.annotation.ConfigurationClassPostProcessor.enhancedConfigurationProcessor'
2016-02-08 14:38:45,404 DEBUG   main [org.springframework.context.support.ClassPathXmlApplicationContext] Unable to locate LifecycleProcessor with name 'lifecycleProcessor': using default [org.springframework.context.support.DefaultLifecycleProcessor@e3bbd6a]
2016-02-08 14:38:45,404 DEBUG   main [org.springframework.beans.factory.support.DefaultListableBeanFactory] Returning cached instance of singleton bean 'lifecycleProcessor'
2016-02-08 14:38:45,404 TRACE   main [org.springframework.context.support.ClassPathXmlApplicationContext] Publishing event in org.springframework.context.support.ClassPathXmlApplicationContext@6f1dc409: org.springframework.context.event.ContextRefreshedEvent[source=org.springframework.context.support.ClassPathXmlApplicationContext@6f1dc409: startup date [Mon Feb 08 14:38:45 EST 2016]; root of context hierarchy]
2016-02-08 14:38:45,404 TRACE   main [org.springframework.core.env.PropertySourcesPropertyResolver] getProperty("spring.liveBeansView.mbeanDomain", String)
2016-02-08 14:38:45,404 DEBUG   main [org.springframework.core.env.PropertySourcesPropertyResolver] Searching for key 'spring.liveBeansView.mbeanDomain' in [systemProperties]
2016-02-08 14:38:45,404 DEBUG   main [org.springframework.core.env.PropertySourcesPropertyResolver] Searching for key 'spring.liveBeansView.mbeanDomain' in [systemEnvironment]
2016-02-08 14:38:45,404 DEBUG   main [org.springframework.core.env.PropertySourcesPropertyResolver] Could not find key 'spring.liveBeansView.mbeanDomain' in any property source. Returning [null]
2016-02-08 14:38:45,405 INFO   main [org.springframework.context.support.ClassPathXmlApplicationContext] Closing org.springframework.context.support.ClassPathXmlApplicationContext@6f1dc409: startup date [Mon Feb 08 14:38:45 EST 2016]; root of context hierarchy
2016-02-08 14:38:45,405 TRACE   main [org.springframework.context.support.ClassPathXmlApplicationContext] Publishing event in org.springframework.context.support.ClassPathXmlApplicationContext@6f1dc409: org.springframework.context.event.ContextClosedEvent[source=org.springframework.context.support.ClassPathXmlApplicationContext@6f1dc409: startup date [Mon Feb 08 14:38:45 EST 2016]; root of context hierarchy]
2016-02-08 14:38:45,405 DEBUG   main [org.springframework.beans.factory.support.DefaultListableBeanFactory] Returning cached instance of singleton bean 'lifecycleProcessor'
2016-02-08 14:38:45,405 DEBUG   main [org.springframework.beans.factory.support.DefaultListableBeanFactory] Destroying singletons in org.springframework.beans.factory.support.DefaultListableBeanFactory@6c25ffa: defining beans [org.springframework.context.support.PropertySourcesPlaceholderConfigurer#0,ldapConfig,userRepositoryImpl,org.springframework.context.annotation.internalConfigurationAnnotationProcessor,org.springframework.context.annotation.internalAutowiredAnnotationProcessor,org.springframework.context.annotation.internalRequiredAnnotationProcessor,org.springframework.context.annotation.internalCommonAnnotationProcessor,simpleDirContextAuthenticationStrategy,userReposImpl,contextSource,ldapTemplate,org.springframework.context.annotation.ConfigurationClassPostProcessor.importAwareProcessor,org.springframework.context.annotation.ConfigurationClassPostProcessor.enhancedConfigurationProcessor]; root of factory hierarchy
2016-02-08 14:38:45,406 DEBUG   main [org.springframework.beans.factory.support.DefaultListableBeanFactory] Retrieved dependent beans for bean '(inner bean)#25676b51': [contextSource]
2016-02-08 14:38:45,406 DEBUG   main [org.springframework.beans.factory.support.DefaultListableBeanFactory] Retrieved dependent beans for bean '(inner bean)#28b6a606': [(inner bean)#25676b51]
2016-02-08 20:19:55,325 DEBUG   main [org.springframework.core.env.StandardEnvironment] Adding [systemProperties] PropertySource with lowest search precedence
2016-02-08 20:19:55,330 DEBUG   main [org.springframework.core.env.StandardEnvironment] Adding [systemEnvironment] PropertySource with lowest search precedence
2016-02-08 20:19:55,330 DEBUG   main [org.springframework.core.env.StandardEnvironment] Initialized StandardEnvironment with PropertySources [systemProperties,systemEnvironment]
2016-02-08 20:19:55,335 INFO   main [org.springframework.context.support.ClassPathXmlApplicationContext] Refreshing org.springframework.context.support.ClassPathXmlApplicationContext@6ed6ee82: startup date [Mon Feb 08 20:19:55 EST 2016]; root of context hierarchy
2016-02-08 20:19:55,381 DEBUG   main [org.springframework.core.env.StandardEnvironment] Adding [systemProperties] PropertySource with lowest search precedence
2016-02-08 20:19:55,382 DEBUG   main [org.springframework.core.env.StandardEnvironment] Adding [systemEnvironment] PropertySource with lowest search precedence
2016-02-08 20:19:55,382 DEBUG   main [org.springframework.core.env.StandardEnvironment] Initialized StandardEnvironment with PropertySources [systemProperties,systemEnvironment]
2016-02-08 20:19:55,399 INFO   main [org.springframework.beans.factory.xml.XmlBeanDefinitionReader] Loading XML bean definitions from class path resource [spring-ldap-example.xml]
2016-02-08 20:19:55,402 DEBUG   main [org.springframework.beans.factory.xml.DefaultDocumentLoader] Using JAXP provider [com.sun.org.apache.xerces.internal.jaxp.DocumentBuilderFactoryImpl]
2016-02-08 20:19:55,427 TRACE   main [org.springframework.beans.factory.xml.PluggableSchemaResolver] Trying to resolve XML entity with public id [null] and system id [http://www.springframework.org/schema/beans/spring-beans.xsd]
2016-02-08 20:19:55,427 DEBUG   main [org.springframework.beans.factory.xml.PluggableSchemaResolver] Loading schema mappings from [META-INF/spring.schemas]
2016-02-08 20:19:55,445 DEBUG   main [org.springframework.beans.factory.xml.PluggableSchemaResolver] Loaded schema mappings: {http://www.springframework.org/schema/tx/spring-tx-2.5.xsd=org/springframework/transaction/config/spring-tx-2.5.xsd, http://www.springframework.org/schema/cache/spring-cache-4.2.xsd=org/springframework/cache/config/spring-cache-4.2.xsd, http://www.springframework.org/schema/aop/spring-aop-4.1.xsd=org/springframework/aop/config/spring-aop-4.1.xsd, http://www.springframework.org/schema/context/spring-context-3.1.xsd=org/springframework/context/config/spring-context-3.1.xsd, http://www.springframework.org/schema/data/repository/spring-repository-1.4.xsd=org/springframework/data/repository/config/spring-repository-1.4.xsd, http://www.springframework.org/schema/util/spring-util-3.0.xsd=org/springframework/beans/factory/xml/spring-util-3.0.xsd, http://www.springframework.org/schema/tool/spring-tool.xsd=org/springframework/beans/factory/xml/spring-tool-4.2.xsd, http://www.springframework.org/schema/aop/spring-aop-3.2.xsd=org/springframework/aop/config/spring-aop-3.2.xsd, http://www.springframework.org/schema/lang/spring-lang-4.1.xsd=org/springframework/scripting/config/spring-lang-4.1.xsd, http://www.springframework.org/schema/context/spring-context-4.0.xsd=org/springframework/context/config/spring-context-4.0.xsd, http://www.springframework.org/schema/beans/spring-beans-4.2.xsd=org/springframework/beans/factory/xml/spring-beans-4.2.xsd, http://www.springframework.org/schema/tool/spring-tool-4.1.xsd=org/springframework/beans/factory/xml/spring-tool-4.1.xsd, http://www.springframework.org/schema/lang/spring-lang-3.2.xsd=org/springframework/scripting/config/spring-lang-3.2.xsd, http://www.springframework.org/schema/cache/spring-cache-3.2.xsd=org/springframework/cache/config/spring-cache-3.2.xsd, http://www.springframework.org/schema/jee/spring-jee-4.1.xsd=org/springframework/ejb/config/spring-jee-4.1.xsd, http://www.springframework.org/schema/task/spring-task-4.2.xsd=org/springframework/scheduling/config/spring-task-4.2.xsd, http://www.springframework.org/schema/util/spring-util-2.0.xsd=org/springframework/beans/factory/xml/spring-util-2.0.xsd, http://www.springframework.org/schema/tool/spring-tool-3.2.xsd=org/springframework/beans/factory/xml/spring-tool-3.2.xsd, http://www.springframework.org/schema/context/spring-context.xsd=org/springframework/context/config/spring-context-4.2.xsd, http://www.springframework.org/schema/tx/spring-tx-4.2.xsd=org/springframework/transaction/config/spring-tx-4.2.xsd, http://www.springframework.org/schema/cache/spring-cache-4.1.xsd=org/springframework/cache/config/spring-cache-4.1.xsd, http://www.springframework.org/schema/aop/spring-aop-4.0.xsd=org/springframework/aop/config/spring-aop-4.0.xsd, http://www.springframework.org/schema/jee/spring-jee-3.2.xsd=org/springframework/ejb/config/spring-jee-3.2.xsd, http://www.springframework.org/schema/context/spring-context-3.0.xsd=org/springframework/context/config/spring-context-3.0.xsd, http://www.springframework.org/schema/util/spring-util-2.5.xsd=org/springframework/beans/factory/xml/spring-util-2.5.xsd, http://www.springframework.org/schema/beans/spring-beans-3.2.xsd=org/springframework/beans/factory/xml/spring-beans-3.2.xsd, http://www.springframework.org/schema/aop/spring-aop-3.1.xsd=org/springframework/aop/config/spring-aop-3.1.xsd, http://www.springframework.org/schema/ldap/spring-ldap-2.0.xsd=org/springframework/ldap/config/spring-ldap-2.0.xsd, http://www.springframework.org/schema/lang/spring-lang-4.0.xsd=org/springframework/scripting/config/spring-lang-4.0.xsd, http://www.springframework.org/schema/beans/spring-beans-4.1.xsd=org/springframework/beans/factory/xml/spring-beans-4.1.xsd, http://www.springframework.org/schema/tool/spring-tool-4.0.xsd=org/springframework/beans/factory/xml/spring-tool-4.0.xsd, http://www.springframework.org/schema/tx/spring-tx-3.2.xsd=org/springframework/transaction/config/spring-tx-3.2.xsd, http://www.springframework.org/schema/lang/spring-lang-3.1.xsd=org/springframework/scripting/config/spring-lang-3.1.xsd, http://www.springframework.org/schema/cache/spring-cache-3.1.xsd=org/springframework/cache/config/spring-cache-3.1.xsd, http://www.springframework.org/schema/jee/spring-jee-4.0.xsd=org/springframework/ejb/config/spring-jee-4.0.xsd, http://www.springframework.org/schema/task/spring-task-4.1.xsd=org/springframework/scheduling/config/spring-task-4.1.xsd, http://www.springframework.org/schema/tool/spring-tool-3.1.xsd=org/springframework/beans/factory/xml/spring-tool-3.1.xsd, http://www.springframework.org/schema/tx/spring-tx-4.1.xsd=org/springframework/transaction/config/spring-tx-4.1.xsd, http://www.springframework.org/schema/cache/spring-cache-4.0.xsd=org/springframework/cache/config/spring-cache-4.0.xsd, http://www.springframework.org/schema/jee/spring-jee-3.1.xsd=org/springframework/ejb/config/spring-jee-3.1.xsd, http://www.springframework.org/schema/task/spring-task-3.2.xsd=org/springframework/scheduling/config/spring-task-3.2.xsd, http://www.springframework.org/schema/util/spring-util-4.2.xsd=org/springframework/beans/factory/xml/spring-util-4.2.xsd, http://www.springframework.org/schema/beans/spring-beans-3.1.xsd=org/springframework/beans/factory/xml/spring-beans-3.1.xsd, http://www.springframework.org/schema/util/spring-util.xsd=org/springframework/beans/factory/xml/spring-util-4.2.xsd, http://www.springframework.org/schema/aop/spring-aop-3.0.xsd=org/springframework/aop/config/spring-aop-3.0.xsd, http://www.springframework.org/schema/data/repository/spring-repository.xsd=org/springframework/data/repository/config/spring-repository-1.7.xsd, http://www.springframework.org/schema/data/repository/spring-repository-1.7.xsd=org/springframework/data/repository/config/spring-repository-1.7.xsd, http://www.springframework.org/schema/ldap/spring-ldap.xsd=org/springframework/ldap/config/spring-ldap-2.0.xsd, http://www.springframework.org/schema/beans/spring-beans-4.0.xsd=org/springframework/beans/factory/xml/spring-beans-4.0.xsd, http://www.springframework.org/schema/beans/spring-beans.xsd=org/springframework/beans/factory/xml/spring-beans-4.2.xsd, http://www.springframework.org/schema/tx/spring-tx-3.1.xsd=org/springframework/transaction/config/spring-tx-3.1.xsd, http://www.springframework.org/schema/lang/spring-lang-3.0.xsd=org/springframework/scripting/config/spring-lang-3.0.xsd, http://www.springframework.org/schema/context/spring-context-2.5.xsd=org/springframework/context/config/spring-context-2.5.xsd, http://www.springframework.org/schema/task/spring-task-4.0.xsd=org/springframework/scheduling/config/spring-task-4.0.xsd, http://www.springframework.org/schema/tool/spring-tool-3.0.xsd=org/springframework/beans/factory/xml/spring-tool-3.0.xsd, http://www.springframework.org/schema/tx/spring-tx-4.0.xsd=org/springframework/transaction/config/spring-tx-4.0.xsd, http://www.springframework.org/schema/aop/spring-aop-2.0.xsd=org/springframework/aop/config/spring-aop-2.0.xsd, http://www.springframework.org/schema/jee/spring-jee-3.0.xsd=org/springframework/ejb/config/spring-jee-3.0.xsd, http://www.springframework.org/schema/util/spring-util-4.1.xsd=org/springframework/beans/factory/xml/spring-util-4.1.xsd, http://www.springframework.org/schema/task/spring-task-3.1.xsd=org/springframework/scheduling/config/spring-task-3.1.xsd, http://www.springframework.org/schema/beans/spring-beans-3.0.xsd=org/springframework/beans/factory/xml/spring-beans-3.0.xsd, http://www.springframework.org/schema/jee/spring-jee.xsd=org/springframework/ejb/config/spring-jee-4.2.xsd, http://www.springframework.org/schema/aop/spring-aop-2.5.xsd=org/springframework/aop/config/spring-aop-2.5.xsd, http://www.springframework.org/schema/lang/spring-lang-2.0.xsd=org/springframework/scripting/config/spring-lang-2.0.xsd, http://www.springframework.org/schema/data/repository/spring-repository-1.6.xsd=org/springframework/data/repository/config/spring-repository-1.6.xsd, http://www.springframework.org/schema/util/spring-util-3.2.xsd=org/springframework/beans/factory/xml/spring-util-3.2.xsd, http://www.springframework.org/schema/task/spring-task.xsd=org/springframework/scheduling/config/spring-task-4.2.xsd, http://www.springframework.org/schema/tool/spring-tool-2.0.xsd=org/springframework/beans/factory/xml/spring-tool-2.0.xsd, http://www.springframework.org/schema/tx/spring-tx-3.0.xsd=org/springframework/transaction/config/spring-tx-3.0.xsd, http://www.springframework.org/schema/lang/spring-lang-2.5.xsd=org/springframework/scripting/config/spring-lang-2.5.xsd, http://www.springframework.org/schema/context/spring-context-4.2.xsd=org/springframework/context/config/spring-context-4.2.xsd, http://www.springframework.org/schema/jee/spring-jee-2.0.xsd=org/springframework/ejb/config/spring-jee-2.0.xsd, http://www.springframework.org/schema/tool/spring-tool-2.5.xsd=org/springframework/beans/factory/xml/spring-tool-2.5.xsd, http://www.springframework.org/schema/jee/spring-jee-2.5.xsd=org/springframework/ejb/config/spring-jee-2.5.xsd, http://www.springframework.org/schema/data/repository/spring-repository-1.0.xsd=org/springframework/data/repository/config/spring-repository-1.0.xsd, http://www.springframework.org/schema/util/spring-util-4.0.xsd=org/springframework/beans/factory/xml/spring-util-4.0.xsd, http://www.springframework.org/schema/task/spring-task-3.0.xsd=org/springframework/scheduling/config/spring-task-3.0.xsd, http://www.springframework.org/schema/aop/spring-aop-4.2.xsd=org/springframework/aop/config/spring-aop-4.2.xsd, http://www.springframework.org/schema/lang/spring-lang.xsd=org/springframework/scripting/config/spring-lang-4.2.xsd, http://www.springframework.org/schema/context/spring-context-3.2.xsd=org/springframework/context/config/spring-context-3.2.xsd, http://www.springframework.org/schema/data/repository/spring-repository-1.5.xsd=org/springframework/data/repository/config/spring-repository-1.5.xsd, http://www.springframework.org/schema/util/spring-util-3.1.xsd=org/springframework/beans/factory/xml/spring-util-3.1.xsd, http://www.springframework.org/schema/beans/spring-beans-2.0.xsd=org/springframework/beans/factory/xml/spring-beans-2.0.xsd, http://www.springframework.org/schema/cache/spring-cache.xsd=org/springframework/cache/config/spring-cache-4.2.xsd, http://www.springframework.org/schema/tx/spring-tx.xsd=org/springframework/transaction/config/spring-tx-4.2.xsd, http://www.springframework.org/schema/lang/spring-lang-4.2.xsd=org/springframework/scripting/config/spring-lang-4.2.xsd, http://www.springframework.org/schema/context/spring-context-4.1.xsd=org/springframework/context/config/spring-context-4.1.xsd, http://www.springframework.org/schema/beans/spring-beans-2.5.xsd=org/springframework/beans/factory/xml/spring-beans-2.5.xsd, http://www.springframework.org/schema/tool/spring-tool-4.2.xsd=org/springframework/beans/factory/xml/spring-tool-4.2.xsd, http://www.springframework.org/schema/tx/spring-tx-2.0.xsd=org/springframework/transaction/config/spring-tx-2.0.xsd, http://www.springframework.org/schema/jee/spring-jee-4.2.xsd=org/springframework/ejb/config/spring-jee-4.2.xsd, http://www.springframework.org/schema/aop/spring-aop.xsd=org/springframework/aop/config/spring-aop-4.2.xsd}
2016-02-08 20:19:55,450 DEBUG   main [org.springframework.beans.factory.xml.PluggableSchemaResolver] Found XML schema [http://www.springframework.org/schema/beans/spring-beans.xsd] in classpath: org/springframework/beans/factory/xml/spring-beans-4.2.xsd
2016-02-08 20:19:55,538 TRACE   main [org.springframework.beans.factory.xml.PluggableSchemaResolver] Trying to resolve XML entity with public id [null] and system id [http://www.springframework.org/schema/context/spring-context.xsd]
2016-02-08 20:19:55,539 DEBUG   main [org.springframework.beans.factory.xml.PluggableSchemaResolver] Found XML schema [http://www.springframework.org/schema/context/spring-context.xsd] in classpath: org/springframework/context/config/spring-context-4.2.xsd
2016-02-08 20:19:55,549 TRACE   main [org.springframework.beans.factory.xml.PluggableSchemaResolver] Trying to resolve XML entity with public id [null] and system id [http://www.springframework.org/schema/tool/spring-tool-4.2.xsd]
2016-02-08 20:19:55,549 DEBUG   main [org.springframework.beans.factory.xml.PluggableSchemaResolver] Found XML schema [http://www.springframework.org/schema/tool/spring-tool-4.2.xsd] in classpath: org/springframework/beans/factory/xml/spring-tool-4.2.xsd
2016-02-08 20:19:55,558 TRACE   main [org.springframework.beans.factory.xml.PluggableSchemaResolver] Trying to resolve XML entity with public id [null] and system id [http://www.springframework.org/schema/ldap/spring-ldap.xsd]
2016-02-08 20:19:55,559 DEBUG   main [org.springframework.beans.factory.xml.PluggableSchemaResolver] Found XML schema [http://www.springframework.org/schema/ldap/spring-ldap.xsd] in classpath: org/springframework/ldap/config/spring-ldap-2.0.xsd
2016-02-08 20:19:55,570 TRACE   main [org.springframework.beans.factory.xml.PluggableSchemaResolver] Trying to resolve XML entity with public id [null] and system id [http://www.springframework.org/schema/data/repository/spring-repository.xsd]
2016-02-08 20:19:55,571 DEBUG   main [org.springframework.beans.factory.xml.PluggableSchemaResolver] Found XML schema [http://www.springframework.org/schema/data/repository/spring-repository.xsd] in classpath: org/springframework/data/repository/config/spring-repository-1.7.xsd
2016-02-08 20:19:55,592 DEBUG   main [org.springframework.beans.factory.xml.DefaultBeanDefinitionDocumentReader] Loading bean definitions
2016-02-08 20:19:55,604 DEBUG   main [org.springframework.beans.factory.xml.DefaultNamespaceHandlerResolver] Loaded NamespaceHandler mappings: {http://www.springframework.org/schema/p=org.springframework.beans.factory.xml.SimplePropertyNamespaceHandler, http://www.springframework.org/schema/util=org.springframework.beans.factory.xml.UtilNamespaceHandler, http://www.springframework.org/schema/jee=org.springframework.ejb.config.JeeNamespaceHandler, http://www.springframework.org/schema/aop=org.springframework.aop.config.AopNamespaceHandler, http://www.springframework.org/schema/data/repository=org.springframework.data.repository.config.RepositoryNameSpaceHandler, http://www.springframework.org/schema/cache=org.springframework.cache.config.CacheNamespaceHandler, http://www.springframework.org/schema/c=org.springframework.beans.factory.xml.SimpleConstructorNamespaceHandler, http://www.springframework.org/schema/ldap=org.springframework.ldap.config.LdapNamespaceHandler, http://www.springframework.org/schema/tx=org.springframework.transaction.config.TxNamespaceHandler, http://www.springframework.org/schema/task=org.springframework.scheduling.config.TaskNamespaceHandler, http://www.springframework.org/schema/lang=org.springframework.scripting.config.LangNamespaceHandler, http://www.springframework.org/schema/context=org.springframework.context.config.ContextNamespaceHandler}
2016-02-08 20:19:55,632 DEBUG   main [org.springframework.core.env.StandardEnvironment] Adding [systemProperties] PropertySource with lowest search precedence
2016-02-08 20:19:55,632 DEBUG   main [org.springframework.core.env.StandardEnvironment] Adding [systemEnvironment] PropertySource with lowest search precedence
2016-02-08 20:19:55,633 DEBUG   main [org.springframework.core.env.StandardEnvironment] Initialized StandardEnvironment with PropertySources [systemProperties,systemEnvironment]
2016-02-08 20:19:55,646 DEBUG   main [org.springframework.core.io.support.PathMatchingResourcePatternResolver] Looking for matching resources in directory tree [C:\Users\Tariq Ahsan\git\SpringLdapProject\bin\gov\fema\adminportal\ldap]
2016-02-08 20:19:55,646 DEBUG   main [org.springframework.core.io.support.PathMatchingResourcePatternResolver] Searching directory [C:\Users\Tariq Ahsan\git\SpringLdapProject\bin\gov\fema\adminportal\ldap] for files matching pattern [C:/Users/Tariq Ahsan/git/SpringLdapProject/bin/gov/fema/adminportal/ldap/**/*.class]
2016-02-08 20:19:55,647 DEBUG   main [org.springframework.core.io.support.PathMatchingResourcePatternResolver] Searching directory [C:\Users\Tariq Ahsan\git\SpringLdapProject\bin\gov\fema\adminportal\ldap\app] for files matching pattern [C:/Users/Tariq Ahsan/git/SpringLdapProject/bin/gov/fema/adminportal/ldap/**/*.class]
2016-02-08 20:19:55,648 DEBUG   main [org.springframework.core.io.support.PathMatchingResourcePatternResolver] Searching directory [C:\Users\Tariq Ahsan\git\SpringLdapProject\bin\gov\fema\adminportal\ldap\model] for files matching pattern [C:/Users/Tariq Ahsan/git/SpringLdapProject/bin/gov/fema/adminportal/ldap/**/*.class]
2016-02-08 20:19:55,649 DEBUG   main [org.springframework.core.io.support.PathMatchingResourcePatternResolver] Searching directory [C:\Users\Tariq Ahsan\git\SpringLdapProject\bin\gov\fema\adminportal\ldap\repository] for files matching pattern [C:/Users/Tariq Ahsan/git/SpringLdapProject/bin/gov/fema/adminportal/ldap/**/*.class]
2016-02-08 20:19:55,652 DEBUG   main [org.springframework.core.io.support.PathMatchingResourcePatternResolver] Resolved location pattern [classpath*:gov/fema/adminportal/ldap/**/*.class] to resources [file [C:\Users\Tariq Ahsan\git\SpringLdapProject\bin\gov\fema\adminportal\ldap\app\LdapApp.class], file [C:\Users\Tariq Ahsan\git\SpringLdapProject\bin\gov\fema\adminportal\ldap\model\Group.class], file [C:\Users\Tariq Ahsan\git\SpringLdapProject\bin\gov\fema\adminportal\ldap\model\LDAPConfig.class], file [C:\Users\Tariq Ahsan\git\SpringLdapProject\bin\gov\fema\adminportal\ldap\model\User.class], file [C:\Users\Tariq Ahsan\git\SpringLdapProject\bin\gov\fema\adminportal\ldap\repository\UserRepository.class], file [C:\Users\Tariq Ahsan\git\SpringLdapProject\bin\gov\fema\adminportal\ldap\repository\UserRepositoryImpl$1.class], file [C:\Users\Tariq Ahsan\git\SpringLdapProject\bin\gov\fema\adminportal\ldap\repository\UserRepositoryImpl$MultipleAttributesMapper.class], file [C:\Users\Tariq Ahsan\git\SpringLdapProject\bin\gov\fema\adminportal\ldap\repository\UserRepositoryImpl$SingleAttributesMapper.class], file [C:\Users\Tariq Ahsan\git\SpringLdapProject\bin\gov\fema\adminportal\ldap\repository\UserRepositoryImpl$UserAttributesMapper.class], file [C:\Users\Tariq Ahsan\git\SpringLdapProject\bin\gov\fema\adminportal\ldap\repository\UserRepositoryImpl.class]]
2016-02-08 20:19:55,652 TRACE   main [org.springframework.context.annotation.ClassPathBeanDefinitionScanner] Scanning file [C:\Users\Tariq Ahsan\git\SpringLdapProject\bin\gov\fema\adminportal\ldap\app\LdapApp.class]
2016-02-08 20:19:55,667 TRACE   main [org.springframework.context.annotation.ClassPathBeanDefinitionScanner] Ignored because not matching any filter: file [C:\Users\Tariq Ahsan\git\SpringLdapProject\bin\gov\fema\adminportal\ldap\app\LdapApp.class]
2016-02-08 20:19:55,667 TRACE   main [org.springframework.context.annotation.ClassPathBeanDefinitionScanner] Scanning file [C:\Users\Tariq Ahsan\git\SpringLdapProject\bin\gov\fema\adminportal\ldap\model\Group.class]
2016-02-08 20:19:55,668 TRACE   main [org.springframework.context.annotation.ClassPathBeanDefinitionScanner] Ignored because not matching any filter: file [C:\Users\Tariq Ahsan\git\SpringLdapProject\bin\gov\fema\adminportal\ldap\model\Group.class]
2016-02-08 20:19:55,668 TRACE   main [org.springframework.context.annotation.ClassPathBeanDefinitionScanner] Scanning file [C:\Users\Tariq Ahsan\git\SpringLdapProject\bin\gov\fema\adminportal\ldap\model\LDAPConfig.class]
2016-02-08 20:19:55,668 TRACE   main [org.springframework.context.annotation.ClassPathBeanDefinitionScanner] Ignored because not matching any filter: file [C:\Users\Tariq Ahsan\git\SpringLdapProject\bin\gov\fema\adminportal\ldap\model\LDAPConfig.class]
2016-02-08 20:19:55,668 TRACE   main [org.springframework.context.annotation.ClassPathBeanDefinitionScanner] Scanning file [C:\Users\Tariq Ahsan\git\SpringLdapProject\bin\gov\fema\adminportal\ldap\model\User.class]
2016-02-08 20:19:55,669 TRACE   main [org.springframework.context.annotation.ClassPathBeanDefinitionScanner] Ignored because not matching any filter: file [C:\Users\Tariq Ahsan\git\SpringLdapProject\bin\gov\fema\adminportal\ldap\model\User.class]
2016-02-08 20:19:55,669 TRACE   main [org.springframework.context.annotation.ClassPathBeanDefinitionScanner] Scanning file [C:\Users\Tariq Ahsan\git\SpringLdapProject\bin\gov\fema\adminportal\ldap\repository\UserRepository.class]
2016-02-08 20:19:55,669 TRACE   main [org.springframework.context.annotation.ClassPathBeanDefinitionScanner] Ignored because not matching any filter: file [C:\Users\Tariq Ahsan\git\SpringLdapProject\bin\gov\fema\adminportal\ldap\repository\UserRepository.class]
2016-02-08 20:19:55,670 TRACE   main [org.springframework.context.annotation.ClassPathBeanDefinitionScanner] Scanning file [C:\Users\Tariq Ahsan\git\SpringLdapProject\bin\gov\fema\adminportal\ldap\repository\UserRepositoryImpl$1.class]
2016-02-08 20:19:55,670 TRACE   main [org.springframework.context.annotation.ClassPathBeanDefinitionScanner] Ignored because not matching any filter: file [C:\Users\Tariq Ahsan\git\SpringLdapProject\bin\gov\fema\adminportal\ldap\repository\UserRepositoryImpl$1.class]
2016-02-08 20:19:55,670 TRACE   main [org.springframework.context.annotation.ClassPathBeanDefinitionScanner] Scanning file [C:\Users\Tariq Ahsan\git\SpringLdapProject\bin\gov\fema\adminportal\ldap\repository\UserRepositoryImpl$MultipleAttributesMapper.class]
2016-02-08 20:19:55,671 TRACE   main [org.springframework.context.annotation.ClassPathBeanDefinitionScanner] Ignored because not matching any filter: file [C:\Users\Tariq Ahsan\git\SpringLdapProject\bin\gov\fema\adminportal\ldap\repository\UserRepositoryImpl$MultipleAttributesMapper.class]
2016-02-08 20:19:55,671 TRACE   main [org.springframework.context.annotation.ClassPathBeanDefinitionScanner] Scanning file [C:\Users\Tariq Ahsan\git\SpringLdapProject\bin\gov\fema\adminportal\ldap\repository\UserRepositoryImpl$SingleAttributesMapper.class]
2016-02-08 20:19:55,671 TRACE   main [org.springframework.context.annotation.ClassPathBeanDefinitionScanner] Ignored because not matching any filter: file [C:\Users\Tariq Ahsan\git\SpringLdapProject\bin\gov\fema\adminportal\ldap\repository\UserRepositoryImpl$SingleAttributesMapper.class]
2016-02-08 20:19:55,671 TRACE   main [org.springframework.context.annotation.ClassPathBeanDefinitionScanner] Scanning file [C:\Users\Tariq Ahsan\git\SpringLdapProject\bin\gov\fema\adminportal\ldap\repository\UserRepositoryImpl$UserAttributesMapper.class]
2016-02-08 20:19:55,672 TRACE   main [org.springframework.context.annotation.ClassPathBeanDefinitionScanner] Ignored because not matching any filter: file [C:\Users\Tariq Ahsan\git\SpringLdapProject\bin\gov\fema\adminportal\ldap\repository\UserRepositoryImpl$UserAttributesMapper.class]
2016-02-08 20:19:55,672 TRACE   main [org.springframework.context.annotation.ClassPathBeanDefinitionScanner] Scanning file [C:\Users\Tariq Ahsan\git\SpringLdapProject\bin\gov\fema\adminportal\ldap\repository\UserRepositoryImpl.class]
2016-02-08 20:19:55,684 DEBUG   main [org.springframework.context.annotation.ClassPathBeanDefinitionScanner] Identified candidate component class: file [C:\Users\Tariq Ahsan\git\SpringLdapProject\bin\gov\fema\adminportal\ldap\repository\UserRepositoryImpl.class]
2016-02-08 20:19:55,735 DEBUG   main [org.springframework.beans.factory.xml.XmlBeanDefinitionReader] Loaded 11 bean definitions from location pattern [spring-ldap-example.xml]
2016-02-08 20:19:55,735 DEBUG   main [org.springframework.context.support.ClassPathXmlApplicationContext] Bean factory for org.springframework.context.support.ClassPathXmlApplicationContext@6ed6ee82: org.springframework.beans.factory.support.DefaultListableBeanFactory@2626ea08: defining beans [org.springframework.context.support.PropertySourcesPlaceholderConfigurer#0,ldapConfig,userRepositoryImpl,org.springframework.context.annotation.internalConfigurationAnnotationProcessor,org.springframework.context.annotation.internalAutowiredAnnotationProcessor,org.springframework.context.annotation.internalRequiredAnnotationProcessor,org.springframework.context.annotation.internalCommonAnnotationProcessor,simpleDirContextAuthenticationStrategy,userReposImpl,contextSource,ldapTemplate]; root of factory hierarchy
2016-02-08 20:19:55,773 DEBUG   main [org.springframework.beans.factory.support.DefaultListableBeanFactory] Creating shared instance of singleton bean 'org.springframework.context.annotation.internalConfigurationAnnotationProcessor'
2016-02-08 20:19:55,773 DEBUG   main [org.springframework.beans.factory.support.DefaultListableBeanFactory] Creating instance of bean 'org.springframework.context.annotation.internalConfigurationAnnotationProcessor'
2016-02-08 20:19:55,788 DEBUG   main [org.springframework.beans.factory.support.DefaultListableBeanFactory] Eagerly caching bean 'org.springframework.context.annotation.internalConfigurationAnnotationProcessor' to allow for resolving potential circular references
2016-02-08 20:19:55,790 DEBUG   main [org.springframework.beans.factory.support.DefaultListableBeanFactory] Finished creating instance of bean 'org.springframework.context.annotation.internalConfigurationAnnotationProcessor'
2016-02-08 20:19:55,865 DEBUG   main [org.springframework.beans.factory.support.DefaultListableBeanFactory] Creating shared instance of singleton bean 'org.springframework.context.support.PropertySourcesPlaceholderConfigurer#0'
2016-02-08 20:19:55,865 DEBUG   main [org.springframework.beans.factory.support.DefaultListableBeanFactory] Creating instance of bean 'org.springframework.context.support.PropertySourcesPlaceholderConfigurer#0'
2016-02-08 20:19:55,866 DEBUG   main [org.springframework.beans.factory.support.DefaultListableBeanFactory] Eagerly caching bean 'org.springframework.context.support.PropertySourcesPlaceholderConfigurer#0' to allow for resolving potential circular references
2016-02-08 20:19:55,872 TRACE   main [org.springframework.core.io.support.SpringFactoriesLoader] Loaded [org.springframework.beans.BeanInfoFactory] names: [org.springframework.beans.ExtendedBeanInfoFactory]
2016-02-08 20:19:55,873 TRACE   main [org.springframework.beans.CachedIntrospectionResults] Getting BeanInfo for class [org.springframework.context.support.PropertySourcesPlaceholderConfigurer]
2016-02-08 20:19:55,881 TRACE   main [org.springframework.beans.CachedIntrospectionResults] Caching PropertyDescriptors for class [org.springframework.context.support.PropertySourcesPlaceholderConfigurer]
2016-02-08 20:19:55,881 TRACE   main [org.springframework.beans.CachedIntrospectionResults] Found bean property 'appliedPropertySources' of type [org.springframework.core.env.PropertySources]
2016-02-08 20:19:55,884 TRACE   main [org.springframework.beans.CachedIntrospectionResults] Found bean property 'beanFactory' of type [org.springframework.beans.factory.BeanFactory]
2016-02-08 20:19:55,885 TRACE   main [org.springframework.beans.CachedIntrospectionResults] Found bean property 'beanName' of type [java.lang.String]
2016-02-08 20:19:55,885 TRACE   main [org.springframework.beans.CachedIntrospectionResults] Found bean property 'class' of type [java.lang.Class]
2016-02-08 20:19:55,886 TRACE   main [org.springframework.beans.CachedIntrospectionResults] Found bean property 'environment' of type [org.springframework.core.env.Environment]
2016-02-08 20:19:55,886 TRACE   main [org.springframework.beans.CachedIntrospectionResults] Found bean property 'fileEncoding' of type [java.lang.String]
2016-02-08 20:19:55,886 TRACE   main [org.springframework.beans.CachedIntrospectionResults] Found bean property 'ignoreResourceNotFound' of type [boolean]
2016-02-08 20:19:55,886 TRACE   main [org.springframework.beans.CachedIntrospectionResults] Found bean property 'ignoreUnresolvablePlaceholders' of type [boolean]
2016-02-08 20:19:55,887 TRACE   main [org.springframework.beans.CachedIntrospectionResults] Found bean property 'localOverride' of type [boolean]
2016-02-08 20:19:55,887 TRACE   main [org.springframework.beans.CachedIntrospectionResults] Found bean property 'location' of type [org.springframework.core.io.Resource]
2016-02-08 20:19:55,887 TRACE   main [org.springframework.beans.CachedIntrospectionResults] Found bean property 'locations' of type [[Lorg.springframework.core.io.Resource;]
2016-02-08 20:19:55,887 TRACE   main [org.springframework.beans.CachedIntrospectionResults] Found bean property 'nullValue' of type [java.lang.String]
2016-02-08 20:19:55,887 TRACE   main [org.springframework.beans.CachedIntrospectionResults] Found bean property 'order' of type [int]
2016-02-08 20:19:55,887 TRACE   main [org.springframework.beans.CachedIntrospectionResults] Found bean property 'placeholderPrefix' of type [java.lang.String]
2016-02-08 20:19:55,887 TRACE   main [org.springframework.beans.CachedIntrospectionResults] Found bean property 'placeholderSuffix' of type [java.lang.String]
2016-02-08 20:19:55,887 TRACE   main [org.springframework.beans.CachedIntrospectionResults] Found bean property 'properties' of type [java.util.Properties]
2016-02-08 20:19:55,888 TRACE   main [org.springframework.beans.CachedIntrospectionResults] Found bean property 'propertiesArray' of type [[Ljava.util.Properties;]
2016-02-08 20:19:55,888 TRACE   main [org.springframework.beans.CachedIntrospectionResults] Found bean property 'propertiesPersister' of type [org.springframework.util.PropertiesPersister]
2016-02-08 20:19:55,888 TRACE   main [org.springframework.beans.CachedIntrospectionResults] Found bean property 'propertySources' of type [org.springframework.core.env.PropertySources]
2016-02-08 20:19:55,888 TRACE   main [org.springframework.beans.CachedIntrospectionResults] Found bean property 'valueSeparator' of type [java.lang.String]
2016-02-08 20:19:55,893 DEBUG   main [org.springframework.beans.factory.support.DefaultListableBeanFactory] Finished creating instance of bean 'org.springframework.context.support.PropertySourcesPlaceholderConfigurer#0'
2016-02-08 20:19:55,893 DEBUG   main [org.springframework.core.env.MutablePropertySources] Adding [environmentProperties] PropertySource with lowest search precedence
2016-02-08 20:19:55,893 INFO   main [org.springframework.context.support.PropertySourcesPlaceholderConfigurer] Loading properties file from class path resource [ldap.properties]
2016-02-08 20:19:55,894 DEBUG   main [org.springframework.core.env.MutablePropertySources] Adding [localProperties] PropertySource with lowest search precedence
2016-02-08 20:19:55,896 TRACE   main [org.springframework.core.env.PropertySourcesPropertyResolver] getProperty("BoUser", String)
2016-02-08 20:19:55,896 DEBUG   main [org.springframework.core.env.PropertySourcesPropertyResolver] Searching for key 'BoUser' in [environmentProperties]
2016-02-08 20:19:55,896 TRACE   main [org.springframework.core.env.PropertySourcesPropertyResolver] getProperty("BoUser", String)
2016-02-08 20:19:55,896 DEBUG   main [org.springframework.core.env.PropertySourcesPropertyResolver] Searching for key 'BoUser' in [systemProperties]
2016-02-08 20:19:55,896 DEBUG   main [org.springframework.core.env.PropertySourcesPropertyResolver] Searching for key 'BoUser' in [systemEnvironment]
2016-02-08 20:19:55,897 DEBUG   main [org.springframework.core.env.PropertySourcesPropertyResolver] Could not find key 'BoUser' in any property source. Returning [null]
2016-02-08 20:19:55,897 DEBUG   main [org.springframework.core.env.PropertySourcesPropertyResolver] Searching for key 'BoUser' in [localProperties]
2016-02-08 20:19:55,897 DEBUG   main [org.springframework.core.env.PropertySourcesPropertyResolver] Found key 'BoUser' in [localProperties] with type [String] and value 'ou=User,ou=BusinessObjectsDisaster,ou=system'
2016-02-08 20:19:55,898 TRACE   main [org.springframework.util.PropertyPlaceholderHelper] Resolved placeholder 'BoUser'
2016-02-08 20:19:55,899 TRACE   main [org.springframework.core.env.PropertySourcesPropertyResolver] getProperty("BoGroup", String)
2016-02-08 20:19:55,899 DEBUG   main [org.springframework.core.env.PropertySourcesPropertyResolver] Searching for key 'BoGroup' in [environmentProperties]
2016-02-08 20:19:55,899 TRACE   main [org.springframework.core.env.PropertySourcesPropertyResolver] getProperty("BoGroup", String)
2016-02-08 20:19:55,899 DEBUG   main [org.springframework.core.env.PropertySourcesPropertyResolver] Searching for key 'BoGroup' in [systemProperties]
2016-02-08 20:19:55,899 DEBUG   main [org.springframework.core.env.PropertySourcesPropertyResolver] Searching for key 'BoGroup' in [systemEnvironment]
2016-02-08 20:19:55,899 DEBUG   main [org.springframework.core.env.PropertySourcesPropertyResolver] Could not find key 'BoGroup' in any property source. Returning [null]
2016-02-08 20:19:55,899 DEBUG   main [org.springframework.core.env.PropertySourcesPropertyResolver] Searching for key 'BoGroup' in [localProperties]
2016-02-08 20:19:55,899 DEBUG   main [org.springframework.core.env.PropertySourcesPropertyResolver] Found key 'BoGroup' in [localProperties] with type [String] and value 'ou=Group,ou=BusinessObjectsDisaster,ou=system'
2016-02-08 20:19:55,900 TRACE   main [org.springframework.util.PropertyPlaceholderHelper] Resolved placeholder 'BoGroup'
2016-02-08 20:19:55,900 TRACE   main [org.springframework.core.env.PropertySourcesPropertyResolver] getProperty("BoGroupPrefix", String)
2016-02-08 20:19:55,900 DEBUG   main [org.springframework.core.env.PropertySourcesPropertyResolver] Searching for key 'BoGroupPrefix' in [environmentProperties]
2016-02-08 20:19:55,900 TRACE   main [org.springframework.core.env.PropertySourcesPropertyResolver] getProperty("BoGroupPrefix", String)
2016-02-08 20:19:55,900 DEBUG   main [org.springframework.core.env.PropertySourcesPropertyResolver] Searching for key 'BoGroupPrefix' in [systemProperties]
2016-02-08 20:19:55,900 DEBUG   main [org.springframework.core.env.PropertySourcesPropertyResolver] Searching for key 'BoGroupPrefix' in [systemEnvironment]
2016-02-08 20:19:55,900 DEBUG   main [org.springframework.core.env.PropertySourcesPropertyResolver] Could not find key 'BoGroupPrefix' in any property source. Returning [null]
2016-02-08 20:19:55,901 DEBUG   main [org.springframework.core.env.PropertySourcesPropertyResolver] Searching for key 'BoGroupPrefix' in [localProperties]
2016-02-08 20:19:55,901 DEBUG   main [org.springframework.core.env.PropertySourcesPropertyResolver] Found key 'BoGroupPrefix' in [localProperties] with type [String] and value 'cn=Business_Objects_Disaster_Users_'
2016-02-08 20:19:55,901 TRACE   main [org.springframework.util.PropertyPlaceholderHelper] Resolved placeholder 'BoGroupPrefix'
2016-02-08 20:19:55,902 DEBUG   main [org.springframework.beans.factory.support.DefaultListableBeanFactory] Creating shared instance of singleton bean 'org.springframework.context.annotation.internalAutowiredAnnotationProcessor'
2016-02-08 20:19:55,903 DEBUG   main [org.springframework.beans.factory.support.DefaultListableBeanFactory] Creating instance of bean 'org.springframework.context.annotation.internalAutowiredAnnotationProcessor'
2016-02-08 20:19:55,904 DEBUG   main [org.springframework.beans.factory.support.DefaultListableBeanFactory] Eagerly caching bean 'org.springframework.context.annotation.internalAutowiredAnnotationProcessor' to allow for resolving potential circular references
2016-02-08 20:19:55,904 DEBUG   main [org.springframework.beans.factory.support.DefaultListableBeanFactory] Finished creating instance of bean 'org.springframework.context.annotation.internalAutowiredAnnotationProcessor'
2016-02-08 20:19:55,904 DEBUG   main [org.springframework.beans.factory.support.DefaultListableBeanFactory] Creating shared instance of singleton bean 'org.springframework.context.annotation.internalRequiredAnnotationProcessor'
2016-02-08 20:19:55,904 DEBUG   main [org.springframework.beans.factory.support.DefaultListableBeanFactory] Creating instance of bean 'org.springframework.context.annotation.internalRequiredAnnotationProcessor'
2016-02-08 20:19:55,904 DEBUG   main [org.springframework.beans.factory.support.DefaultListableBeanFactory] Eagerly caching bean 'org.springframework.context.annotation.internalRequiredAnnotationProcessor' to allow for resolving potential circular references
2016-02-08 20:19:55,904 DEBUG   main [org.springframework.beans.factory.support.DefaultListableBeanFactory] Finished creating instance of bean 'org.springframework.context.annotation.internalRequiredAnnotationProcessor'
2016-02-08 20:19:55,905 DEBUG   main [org.springframework.beans.factory.support.DefaultListableBeanFactory] Creating shared instance of singleton bean 'org.springframework.context.annotation.internalCommonAnnotationProcessor'
2016-02-08 20:19:55,905 DEBUG   main [org.springframework.beans.factory.support.DefaultListableBeanFactory] Creating instance of bean 'org.springframework.context.annotation.internalCommonAnnotationProcessor'
2016-02-08 20:19:55,911 DEBUG   main [org.springframework.beans.factory.support.DefaultListableBeanFactory] Eagerly caching bean 'org.springframework.context.annotation.internalCommonAnnotationProcessor' to allow for resolving potential circular references
2016-02-08 20:19:55,911 DEBUG   main [org.springframework.beans.factory.support.DefaultListableBeanFactory] Finished creating instance of bean 'org.springframework.context.annotation.internalCommonAnnotationProcessor'
2016-02-08 20:19:55,911 DEBUG   main [org.springframework.beans.factory.support.DefaultListableBeanFactory] Creating shared instance of singleton bean 'org.springframework.context.annotation.ConfigurationClassPostProcessor.importAwareProcessor'
2016-02-08 20:19:55,911 DEBUG   main [org.springframework.beans.factory.support.DefaultListableBeanFactory] Creating instance of bean 'org.springframework.context.annotation.ConfigurationClassPostProcessor.importAwareProcessor'
2016-02-08 20:19:55,911 DEBUG   main [org.springframework.beans.factory.support.DefaultListableBeanFactory] Eagerly caching bean 'org.springframework.context.annotation.ConfigurationClassPostProcessor.importAwareProcessor' to allow for resolving potential circular references
2016-02-08 20:19:55,911 DEBUG   main [org.springframework.beans.factory.support.DefaultListableBeanFactory] Finished creating instance of bean 'org.springframework.context.annotation.ConfigurationClassPostProcessor.importAwareProcessor'
2016-02-08 20:19:55,912 DEBUG   main [org.springframework.beans.factory.support.DefaultListableBeanFactory] Creating shared instance of singleton bean 'org.springframework.context.annotation.ConfigurationClassPostProcessor.enhancedConfigurationProcessor'
2016-02-08 20:19:55,912 DEBUG   main [org.springframework.beans.factory.support.DefaultListableBeanFactory] Creating instance of bean 'org.springframework.context.annotation.ConfigurationClassPostProcessor.enhancedConfigurationProcessor'
2016-02-08 20:19:55,912 DEBUG   main [org.springframework.beans.factory.support.DefaultListableBeanFactory] Eagerly caching bean 'org.springframework.context.annotation.ConfigurationClassPostProcessor.enhancedConfigurationProcessor' to allow for resolving potential circular references
2016-02-08 20:19:55,912 DEBUG   main [org.springframework.beans.factory.support.DefaultListableBeanFactory] Finished creating instance of bean 'org.springframework.context.annotation.ConfigurationClassPostProcessor.enhancedConfigurationProcessor'
2016-02-08 20:19:55,915 DEBUG   main [org.springframework.context.support.ClassPathXmlApplicationContext] Unable to locate MessageSource with name 'messageSource': using default [org.springframework.context.support.DelegatingMessageSource@61df092e]
2016-02-08 20:19:55,917 DEBUG   main [org.springframework.context.support.ClassPathXmlApplicationContext] Unable to locate ApplicationEventMulticaster with name 'applicationEventMulticaster': using default [org.springframework.context.event.SimpleApplicationEventMulticaster@2a4200d3]
2016-02-08 20:19:55,918 DEBUG   main [org.springframework.beans.factory.support.DefaultListableBeanFactory] Pre-instantiating singletons in org.springframework.beans.factory.support.DefaultListableBeanFactory@2626ea08: defining beans [org.springframework.context.support.PropertySourcesPlaceholderConfigurer#0,ldapConfig,userRepositoryImpl,org.springframework.context.annotation.internalConfigurationAnnotationProcessor,org.springframework.context.annotation.internalAutowiredAnnotationProcessor,org.springframework.context.annotation.internalRequiredAnnotationProcessor,org.springframework.context.annotation.internalCommonAnnotationProcessor,simpleDirContextAuthenticationStrategy,userReposImpl,contextSource,ldapTemplate,org.springframework.context.annotation.ConfigurationClassPostProcessor.importAwareProcessor,org.springframework.context.annotation.ConfigurationClassPostProcessor.enhancedConfigurationProcessor]; root of factory hierarchy
2016-02-08 20:19:55,918 DEBUG   main [org.springframework.beans.factory.support.DefaultListableBeanFactory] Returning cached instance of singleton bean 'org.springframework.context.support.PropertySourcesPlaceholderConfigurer#0'
2016-02-08 20:19:55,918 DEBUG   main [org.springframework.beans.factory.support.DefaultListableBeanFactory] Creating shared instance of singleton bean 'ldapConfig'
2016-02-08 20:19:55,918 DEBUG   main [org.springframework.beans.factory.support.DefaultListableBeanFactory] Creating instance of bean 'ldapConfig'
2016-02-08 20:19:55,922 DEBUG   main [org.springframework.beans.factory.support.DefaultListableBeanFactory] Eagerly caching bean 'ldapConfig' to allow for resolving potential circular references
2016-02-08 20:19:55,924 TRACE   main [org.springframework.beans.CachedIntrospectionResults] Getting BeanInfo for class [gov.fema.adminportal.ldap.model.LDAPConfig]
2016-02-08 20:19:55,926 TRACE   main [org.springframework.beans.CachedIntrospectionResults] Caching PropertyDescriptors for class [gov.fema.adminportal.ldap.model.LDAPConfig]
2016-02-08 20:19:55,927 TRACE   main [org.springframework.beans.CachedIntrospectionResults] Found bean property 'boGroup' of type [java.lang.String]
2016-02-08 20:19:55,927 TRACE   main [org.springframework.beans.CachedIntrospectionResults] Found bean property 'boGroupPrefix' of type [java.lang.String]
2016-02-08 20:19:55,927 TRACE   main [org.springframework.beans.CachedIntrospectionResults] Found bean property 'boUser' of type [java.lang.String]
2016-02-08 20:19:55,927 TRACE   main [org.springframework.beans.CachedIntrospectionResults] Found bean property 'class' of type [java.lang.Class]
2016-02-08 20:19:55,929 DEBUG   main [org.springframework.beans.factory.support.DefaultListableBeanFactory] Finished creating instance of bean 'ldapConfig'
2016-02-08 20:19:55,929 DEBUG   main [org.springframework.beans.factory.support.DefaultListableBeanFactory] Creating shared instance of singleton bean 'userRepositoryImpl'
2016-02-08 20:19:55,929 DEBUG   main [org.springframework.beans.factory.support.DefaultListableBeanFactory] Creating instance of bean 'userRepositoryImpl'
2016-02-08 20:19:55,959 DEBUG   main [org.springframework.beans.factory.annotation.InjectionMetadata] Registered injected element on class [gov.fema.adminportal.ldap.repository.UserRepositoryImpl]: AutowiredFieldElement for private gov.fema.adminportal.ldap.model.LDAPConfig gov.fema.adminportal.ldap.repository.UserRepositoryImpl.ldapConfig
2016-02-08 20:19:55,959 DEBUG   main [org.springframework.beans.factory.annotation.InjectionMetadata] Registered injected element on class [gov.fema.adminportal.ldap.repository.UserRepositoryImpl]: AutowiredFieldElement for private org.springframework.ldap.core.LdapTemplate gov.fema.adminportal.ldap.repository.UserRepositoryImpl.ldapTemplate
2016-02-08 20:19:55,959 DEBUG   main [org.springframework.beans.factory.support.DefaultListableBeanFactory] Eagerly caching bean 'userRepositoryImpl' to allow for resolving potential circular references
2016-02-08 20:19:55,959 TRACE   main [org.springframework.beans.CachedIntrospectionResults] Getting BeanInfo for class [gov.fema.adminportal.ldap.repository.UserRepositoryImpl]
2016-02-08 20:19:55,961 TRACE   main [org.springframework.beans.CachedIntrospectionResults] Caching PropertyDescriptors for class [gov.fema.adminportal.ldap.repository.UserRepositoryImpl]
2016-02-08 20:19:55,961 TRACE   main [org.springframework.beans.CachedIntrospectionResults] Found bean property 'allUserNames' of type [java.util.List]
2016-02-08 20:19:55,962 TRACE   main [org.springframework.beans.CachedIntrospectionResults] Found bean property 'allUsers' of type [java.util.List]
2016-02-08 20:19:55,963 TRACE   main [org.springframework.beans.CachedIntrospectionResults] Found bean property 'class' of type [java.lang.Class]
2016-02-08 20:19:55,963 DEBUG   main [org.springframework.beans.factory.annotation.InjectionMetadata] Processing injected element of bean 'userRepositoryImpl': AutowiredFieldElement for private gov.fema.adminportal.ldap.model.LDAPConfig gov.fema.adminportal.ldap.repository.UserRepositoryImpl.ldapConfig
2016-02-08 20:19:55,968 DEBUG   main [org.springframework.beans.factory.support.DefaultListableBeanFactory] Returning cached instance of singleton bean 'ldapConfig'
2016-02-08 20:19:55,968 DEBUG   main [org.springframework.beans.factory.annotation.AutowiredAnnotationBeanPostProcessor] Autowiring by type from bean name 'userRepositoryImpl' to bean named 'ldapConfig'
2016-02-08 20:19:55,968 DEBUG   main [org.springframework.beans.factory.annotation.InjectionMetadata] Processing injected element of bean 'userRepositoryImpl': AutowiredFieldElement for private org.springframework.ldap.core.LdapTemplate gov.fema.adminportal.ldap.repository.UserRepositoryImpl.ldapTemplate
2016-02-08 20:19:55,969 DEBUG   main [org.springframework.beans.factory.support.DefaultListableBeanFactory] Creating shared instance of singleton bean 'ldapTemplate'
2016-02-08 20:19:55,969 DEBUG   main [org.springframework.beans.factory.support.DefaultListableBeanFactory] Creating instance of bean 'ldapTemplate'
2016-02-08 20:19:55,984 DEBUG   main [org.springframework.beans.factory.support.DefaultListableBeanFactory] Eagerly caching bean 'ldapTemplate' to allow for resolving potential circular references
2016-02-08 20:19:55,985 TRACE   main [org.springframework.beans.CachedIntrospectionResults] Getting BeanInfo for class [org.springframework.ldap.core.LdapTemplate]
2016-02-08 20:19:55,997 TRACE   main [org.springframework.beans.CachedIntrospectionResults] Caching PropertyDescriptors for class [org.springframework.ldap.core.LdapTemplate]
2016-02-08 20:19:55,997 TRACE   main [org.springframework.beans.CachedIntrospectionResults] Found bean property 'class' of type [java.lang.Class]
2016-02-08 20:19:55,997 TRACE   main [org.springframework.beans.CachedIntrospectionResults] Found bean property 'contextSource' of type [org.springframework.ldap.core.ContextSource]
2016-02-08 20:19:55,997 TRACE   main [org.springframework.beans.CachedIntrospectionResults] Found bean property 'defaultCountLimit' of type [int]
2016-02-08 20:19:55,997 TRACE   main [org.springframework.beans.CachedIntrospectionResults] Found bean property 'defaultSearchScope' of type [int]
2016-02-08 20:19:55,997 TRACE   main [org.springframework.beans.CachedIntrospectionResults] Found bean property 'defaultTimeLimit' of type [int]
2016-02-08 20:19:55,998 TRACE   main [org.springframework.beans.CachedIntrospectionResults] Found bean property 'ignoreNameNotFoundException' of type [boolean]
2016-02-08 20:19:55,998 TRACE   main [org.springframework.beans.CachedIntrospectionResults] Found bean property 'ignorePartialResultException' of type [boolean]
2016-02-08 20:19:55,998 TRACE   main [org.springframework.beans.CachedIntrospectionResults] Found bean property 'ignoreSizeLimitExceededException' of type [boolean]
2016-02-08 20:19:55,998 TRACE   main [org.springframework.beans.CachedIntrospectionResults] Found bean property 'objectDirectoryMapper' of type [org.springframework.ldap.odm.core.ObjectDirectoryMapper]
2016-02-08 20:19:55,998 DEBUG   main [org.springframework.beans.factory.support.DefaultListableBeanFactory] Creating shared instance of singleton bean 'contextSource'
2016-02-08 20:19:55,998 DEBUG   main [org.springframework.beans.factory.support.DefaultListableBeanFactory] Creating instance of bean 'contextSource'
2016-02-08 20:19:56,002 DEBUG   main [org.springframework.beans.factory.support.DefaultListableBeanFactory] Creating instance of bean '(inner bean)#735404c6'
2016-02-08 20:19:56,017 TRACE   main [org.springframework.beans.CachedIntrospectionResults] Getting BeanInfo for class [org.springframework.ldap.core.support.LdapContextSource]
2016-02-08 20:19:56,028 TRACE   main [org.springframework.beans.CachedIntrospectionResults] Caching PropertyDescriptors for class [org.springframework.ldap.core.support.LdapContextSource]
2016-02-08 20:19:56,028 TRACE   main [org.springframework.beans.CachedIntrospectionResults] Found bean property 'anonymousReadOnly' of type [boolean]
2016-02-08 20:19:56,028 TRACE   main [org.springframework.beans.CachedIntrospectionResults] Found bean property 'authenticationSource' of type [org.springframework.ldap.core.AuthenticationSource]
2016-02-08 20:19:56,028 TRACE   main [org.springframework.beans.CachedIntrospectionResults] Found bean property 'authenticationStrategy' of type [org.springframework.ldap.core.support.DirContextAuthenticationStrategy]
2016-02-08 20:19:56,029 TRACE   main [org.springframework.beans.CachedIntrospectionResults] Found bean property 'base' of type [java.lang.String]
2016-02-08 20:19:56,029 TRACE   main [org.springframework.beans.CachedIntrospectionResults] Found bean property 'baseEnvironmentProperties' of type [java.util.Map]
2016-02-08 20:19:56,029 TRACE   main [org.springframework.beans.CachedIntrospectionResults] Found bean property 'baseLdapName' of type [javax.naming.ldap.LdapName]
2016-02-08 20:19:56,029 TRACE   main [org.springframework.beans.CachedIntrospectionResults] Found bean property 'baseLdapPath' of type [org.springframework.ldap.core.DistinguishedName]
2016-02-08 20:19:56,029 TRACE   main [org.springframework.beans.CachedIntrospectionResults] Found bean property 'baseLdapPathAsString' of type [java.lang.String]
2016-02-08 20:19:56,030 TRACE   main [org.springframework.beans.CachedIntrospectionResults] Found bean property 'cacheEnvironmentProperties' of type [boolean]
2016-02-08 20:19:56,030 TRACE   main [org.springframework.beans.CachedIntrospectionResults] Found bean property 'class' of type [java.lang.Class]
2016-02-08 20:19:56,030 TRACE   main [org.springframework.beans.CachedIntrospectionResults] Found bean property 'contextFactory' of type [java.lang.Class]
2016-02-08 20:19:56,030 TRACE   main [org.springframework.beans.CachedIntrospectionResults] Found bean property 'dirObjectFactory' of type [java.lang.Class]
2016-02-08 20:19:56,031 TRACE   main [org.springframework.beans.CachedIntrospectionResults] Found bean property 'password' of type [java.lang.String]
2016-02-08 20:19:56,031 TRACE   main [org.springframework.beans.CachedIntrospectionResults] Found bean property 'pooled' of type [boolean]
2016-02-08 20:19:56,031 TRACE   main [org.springframework.beans.CachedIntrospectionResults] Found bean property 'readOnlyContext' of type [javax.naming.directory.DirContext]
2016-02-08 20:19:56,031 TRACE   main [org.springframework.beans.CachedIntrospectionResults] Found bean property 'readWriteContext' of type [javax.naming.directory.DirContext]
2016-02-08 20:19:56,031 TRACE   main [org.springframework.beans.CachedIntrospectionResults] Found bean property 'referral' of type [java.lang.String]
2016-02-08 20:19:56,031 TRACE   main [org.springframework.beans.CachedIntrospectionResults] Found bean property 'url' of type [java.lang.String]
2016-02-08 20:19:56,031 TRACE   main [org.springframework.beans.CachedIntrospectionResults] Found bean property 'urls' of type [[Ljava.lang.String;]
2016-02-08 20:19:56,032 TRACE   main [org.springframework.beans.CachedIntrospectionResults] Found bean property 'userDn' of type [java.lang.String]
2016-02-08 20:19:56,032 DEBUG   main [org.springframework.beans.factory.support.DefaultListableBeanFactory] Creating instance of bean '(inner bean)#7b90609'
2016-02-08 20:19:56,040 TRACE   main [org.springframework.beans.CachedIntrospectionResults] Getting BeanInfo for class [[Ljava.lang.String;]
2016-02-08 20:19:56,041 TRACE   main [org.springframework.beans.CachedIntrospectionResults] Caching PropertyDescriptors for class [[Ljava.lang.String;]
2016-02-08 20:19:56,041 TRACE   main [org.springframework.beans.CachedIntrospectionResults] Found bean property 'class' of type [java.lang.Class]
2016-02-08 20:19:56,042 DEBUG   main [org.springframework.beans.factory.support.DefaultListableBeanFactory] Finished creating instance of bean '(inner bean)#7b90609'
2016-02-08 20:19:56,042 DEBUG   main [org.springframework.beans.factory.support.DefaultListableBeanFactory] Creating shared instance of singleton bean 'simpleDirContextAuthenticationStrategy'
2016-02-08 20:19:56,042 DEBUG   main [org.springframework.beans.factory.support.DefaultListableBeanFactory] Creating instance of bean 'simpleDirContextAuthenticationStrategy'
2016-02-08 20:19:56,043 DEBUG   main [org.springframework.beans.factory.support.DefaultListableBeanFactory] Eagerly caching bean 'simpleDirContextAuthenticationStrategy' to allow for resolving potential circular references
2016-02-08 20:19:56,043 TRACE   main [org.springframework.beans.CachedIntrospectionResults] Getting BeanInfo for class [org.springframework.ldap.core.support.SimpleDirContextAuthenticationStrategy]
2016-02-08 20:19:56,044 TRACE   main [org.springframework.beans.CachedIntrospectionResults] Caching PropertyDescriptors for class [org.springframework.ldap.core.support.SimpleDirContextAuthenticationStrategy]
2016-02-08 20:19:56,045 TRACE   main [org.springframework.beans.CachedIntrospectionResults] Found bean property 'class' of type [java.lang.Class]
2016-02-08 20:19:56,045 DEBUG   main [org.springframework.beans.factory.support.DefaultListableBeanFactory] Finished creating instance of bean 'simpleDirContextAuthenticationStrategy'
2016-02-08 20:19:56,045 DEBUG   main [org.springframework.beans.factory.support.DefaultListableBeanFactory] Invoking afterPropertiesSet() on bean with name '(inner bean)#735404c6'
2016-02-08 20:19:56,046 DEBUG   main [org.springframework.beans.factory.support.DefaultListableBeanFactory] Finished creating instance of bean '(inner bean)#735404c6'
2016-02-08 20:19:56,049 DEBUG   main [org.springframework.beans.factory.support.DefaultListableBeanFactory] Eagerly caching bean 'contextSource' to allow for resolving potential circular references
2016-02-08 20:19:56,049 TRACE   main [org.springframework.beans.CachedIntrospectionResults] Getting BeanInfo for class [org.springframework.ldap.transaction.compensating.manager.TransactionAwareContextSourceProxy]
2016-02-08 20:19:56,053 TRACE   main [org.springframework.beans.CachedIntrospectionResults] Caching PropertyDescriptors for class [org.springframework.ldap.transaction.compensating.manager.TransactionAwareContextSourceProxy]
2016-02-08 20:19:56,053 TRACE   main [org.springframework.beans.CachedIntrospectionResults] Found bean property 'baseLdapName' of type [javax.naming.ldap.LdapName]
2016-02-08 20:19:56,053 TRACE   main [org.springframework.beans.CachedIntrospectionResults] Found bean property 'baseLdapPath' of type [org.springframework.ldap.core.DistinguishedName]
2016-02-08 20:19:56,053 TRACE   main [org.springframework.beans.CachedIntrospectionResults] Found bean property 'baseLdapPathAsString' of type [java.lang.String]
2016-02-08 20:19:56,053 TRACE   main [org.springframework.beans.CachedIntrospectionResults] Found bean property 'class' of type [java.lang.Class]
2016-02-08 20:19:56,054 TRACE   main [org.springframework.beans.CachedIntrospectionResults] Found bean property 'readOnlyContext' of type [javax.naming.directory.DirContext]
2016-02-08 20:19:56,054 TRACE   main [org.springframework.beans.CachedIntrospectionResults] Found bean property 'readWriteContext' of type [javax.naming.directory.DirContext]
2016-02-08 20:19:56,054 TRACE   main [org.springframework.beans.CachedIntrospectionResults] Found bean property 'target' of type [org.springframework.ldap.core.ContextSource]
2016-02-08 20:19:56,055 DEBUG   main [org.springframework.beans.factory.support.DefaultListableBeanFactory] Finished creating instance of bean 'contextSource'
2016-02-08 20:19:56,057 DEBUG   main [org.springframework.beans.factory.support.DefaultListableBeanFactory] Invoking afterPropertiesSet() on bean with name 'ldapTemplate'
2016-02-08 20:19:56,058 DEBUG   main [org.springframework.beans.factory.support.DefaultListableBeanFactory] Finished creating instance of bean 'ldapTemplate'
2016-02-08 20:19:56,058 DEBUG   main [org.springframework.beans.factory.annotation.AutowiredAnnotationBeanPostProcessor] Autowiring by type from bean name 'userRepositoryImpl' to bean named 'ldapTemplate'
2016-02-08 20:19:56,058 DEBUG   main [org.springframework.beans.factory.support.DefaultListableBeanFactory] Finished creating instance of bean 'userRepositoryImpl'
2016-02-08 20:19:56,058 DEBUG   main [org.springframework.beans.factory.support.DefaultListableBeanFactory] Returning cached instance of singleton bean 'org.springframework.context.annotation.internalConfigurationAnnotationProcessor'
2016-02-08 20:19:56,058 DEBUG   main [org.springframework.beans.factory.support.DefaultListableBeanFactory] Returning cached instance of singleton bean 'org.springframework.context.annotation.internalAutowiredAnnotationProcessor'
2016-02-08 20:19:56,058 DEBUG   main [org.springframework.beans.factory.support.DefaultListableBeanFactory] Returning cached instance of singleton bean 'org.springframework.context.annotation.internalRequiredAnnotationProcessor'
2016-02-08 20:19:56,059 DEBUG   main [org.springframework.beans.factory.support.DefaultListableBeanFactory] Returning cached instance of singleton bean 'org.springframework.context.annotation.internalCommonAnnotationProcessor'
2016-02-08 20:19:56,059 DEBUG   main [org.springframework.beans.factory.support.DefaultListableBeanFactory] Returning cached instance of singleton bean 'simpleDirContextAuthenticationStrategy'
2016-02-08 20:19:56,059 DEBUG   main [org.springframework.beans.factory.support.DefaultListableBeanFactory] Creating shared instance of singleton bean 'userReposImpl'
2016-02-08 20:19:56,059 DEBUG   main [org.springframework.beans.factory.support.DefaultListableBeanFactory] Creating instance of bean 'userReposImpl'
2016-02-08 20:19:56,060 DEBUG   main [org.springframework.beans.factory.annotation.InjectionMetadata] Registered injected element on class [gov.fema.adminportal.ldap.repository.UserRepositoryImpl]: AutowiredFieldElement for private gov.fema.adminportal.ldap.model.LDAPConfig gov.fema.adminportal.ldap.repository.UserRepositoryImpl.ldapConfig
2016-02-08 20:19:56,060 DEBUG   main [org.springframework.beans.factory.annotation.InjectionMetadata] Registered injected element on class [gov.fema.adminportal.ldap.repository.UserRepositoryImpl]: AutowiredFieldElement for private org.springframework.ldap.core.LdapTemplate gov.fema.adminportal.ldap.repository.UserRepositoryImpl.ldapTemplate
2016-02-08 20:19:56,060 DEBUG   main [org.springframework.beans.factory.support.DefaultListableBeanFactory] Eagerly caching bean 'userReposImpl' to allow for resolving potential circular references
2016-02-08 20:19:56,060 DEBUG   main [org.springframework.beans.factory.annotation.InjectionMetadata] Processing injected element of bean 'userReposImpl': AutowiredFieldElement for private gov.fema.adminportal.ldap.model.LDAPConfig gov.fema.adminportal.ldap.repository.UserRepositoryImpl.ldapConfig
2016-02-08 20:19:56,061 DEBUG   main [org.springframework.beans.factory.support.DefaultListableBeanFactory] Returning cached instance of singleton bean 'ldapConfig'
2016-02-08 20:19:56,061 DEBUG   main [org.springframework.beans.factory.annotation.AutowiredAnnotationBeanPostProcessor] Autowiring by type from bean name 'userReposImpl' to bean named 'ldapConfig'
2016-02-08 20:19:56,061 DEBUG   main [org.springframework.beans.factory.annotation.InjectionMetadata] Processing injected element of bean 'userReposImpl': AutowiredFieldElement for private org.springframework.ldap.core.LdapTemplate gov.fema.adminportal.ldap.repository.UserRepositoryImpl.ldapTemplate
2016-02-08 20:19:56,061 DEBUG   main [org.springframework.beans.factory.support.DefaultListableBeanFactory] Returning cached instance of singleton bean 'ldapTemplate'
2016-02-08 20:19:56,061 DEBUG   main [org.springframework.beans.factory.annotation.AutowiredAnnotationBeanPostProcessor] Autowiring by type from bean name 'userReposImpl' to bean named 'ldapTemplate'
2016-02-08 20:19:56,061 DEBUG   main [org.springframework.beans.factory.support.DefaultListableBeanFactory] Finished creating instance of bean 'userReposImpl'
2016-02-08 20:19:56,061 DEBUG   main [org.springframework.beans.factory.support.DefaultListableBeanFactory] Returning cached instance of singleton bean 'contextSource'
2016-02-08 20:19:56,062 DEBUG   main [org.springframework.beans.factory.support.DefaultListableBeanFactory] Returning cached instance of singleton bean 'ldapTemplate'
2016-02-08 20:19:56,062 DEBUG   main [org.springframework.beans.factory.support.DefaultListableBeanFactory] Returning cached instance of singleton bean 'org.springframework.context.annotation.ConfigurationClassPostProcessor.importAwareProcessor'
2016-02-08 20:19:56,062 DEBUG   main [org.springframework.beans.factory.support.DefaultListableBeanFactory] Returning cached instance of singleton bean 'org.springframework.context.annotation.ConfigurationClassPostProcessor.enhancedConfigurationProcessor'
2016-02-08 20:19:56,063 DEBUG   main [org.springframework.context.support.ClassPathXmlApplicationContext] Unable to locate LifecycleProcessor with name 'lifecycleProcessor': using default [org.springframework.context.support.DefaultLifecycleProcessor@30e72b6c]
2016-02-08 20:19:56,064 DEBUG   main [org.springframework.beans.factory.support.DefaultListableBeanFactory] Returning cached instance of singleton bean 'lifecycleProcessor'
2016-02-08 20:19:56,064 TRACE   main [org.springframework.context.support.ClassPathXmlApplicationContext] Publishing event in org.springframework.context.support.ClassPathXmlApplicationContext@6ed6ee82: org.springframework.context.event.ContextRefreshedEvent[source=org.springframework.context.support.ClassPathXmlApplicationContext@6ed6ee82: startup date [Mon Feb 08 20:19:55 EST 2016]; root of context hierarchy]
2016-02-08 20:19:56,067 TRACE   main [org.springframework.core.env.PropertySourcesPropertyResolver] getProperty("spring.liveBeansView.mbeanDomain", String)
2016-02-08 20:19:56,067 DEBUG   main [org.springframework.core.env.PropertySourcesPropertyResolver] Searching for key 'spring.liveBeansView.mbeanDomain' in [systemProperties]
2016-02-08 20:19:56,067 DEBUG   main [org.springframework.core.env.PropertySourcesPropertyResolver] Searching for key 'spring.liveBeansView.mbeanDomain' in [systemEnvironment]
2016-02-08 20:19:56,067 DEBUG   main [org.springframework.core.env.PropertySourcesPropertyResolver] Could not find key 'spring.liveBeansView.mbeanDomain' in any property source. Returning [null]
2016-02-08 20:19:56,068 INFO   main [gov.fema.adminportal.ldap.app.LdapApp] Test started at Mon Feb 08 20:19:55 EST 2016
2016-02-08 20:19:56,068 DEBUG   main [org.springframework.beans.factory.support.DefaultListableBeanFactory] Returning cached instance of singleton bean 'userReposImpl'
2016-02-08 20:19:56,068 INFO   main [gov.fema.adminportal.ldap.repository.UserRepositoryImpl] executing {createGroup}
2016-02-08 20:19:56,999 INFO   main [gov.fema.adminportal.ldap.app.LdapApp] 
 =>true
2016-02-08 20:19:57,032 INFO   main [org.springframework.context.support.ClassPathXmlApplicationContext] Refreshing org.springframework.context.support.ClassPathXmlApplicationContext@6ed6ee82: startup date [Mon Feb 08 20:19:57 EST 2016]; root of context hierarchy
2016-02-08 20:19:57,032 DEBUG   main [org.springframework.beans.factory.support.DefaultListableBeanFactory] Destroying singletons in org.springframework.beans.factory.support.DefaultListableBeanFactory@2626ea08: defining beans [org.springframework.context.support.PropertySourcesPlaceholderConfigurer#0,ldapConfig,userRepositoryImpl,org.springframework.context.annotation.internalConfigurationAnnotationProcessor,org.springframework.context.annotation.internalAutowiredAnnotationProcessor,org.springframework.context.annotation.internalRequiredAnnotationProcessor,org.springframework.context.annotation.internalCommonAnnotationProcessor,simpleDirContextAuthenticationStrategy,userReposImpl,contextSource,ldapTemplate,org.springframework.context.annotation.ConfigurationClassPostProcessor.importAwareProcessor,org.springframework.context.annotation.ConfigurationClassPostProcessor.enhancedConfigurationProcessor]; root of factory hierarchy
2016-02-08 20:19:57,034 DEBUG   main [org.springframework.beans.factory.support.DefaultListableBeanFactory] Retrieved dependent beans for bean '(inner bean)#735404c6': [contextSource]
2016-02-08 20:19:57,034 DEBUG   main [org.springframework.beans.factory.support.DefaultListableBeanFactory] Retrieved dependent beans for bean '(inner bean)#7b90609': [(inner bean)#735404c6]
2016-02-08 20:19:57,037 DEBUG   main [org.springframework.core.env.StandardEnvironment] Adding [systemProperties] PropertySource with lowest search precedence
2016-02-08 20:19:57,037 DEBUG   main [org.springframework.core.env.StandardEnvironment] Adding [systemEnvironment] PropertySource with lowest search precedence
2016-02-08 20:19:57,037 DEBUG   main [org.springframework.core.env.StandardEnvironment] Initialized StandardEnvironment with PropertySources [systemProperties,systemEnvironment]
2016-02-08 20:19:57,038 INFO   main [org.springframework.beans.factory.xml.XmlBeanDefinitionReader] Loading XML bean definitions from class path resource [spring-ldap-example.xml]
2016-02-08 20:19:57,041 DEBUG   main [org.springframework.beans.factory.xml.DefaultDocumentLoader] Using JAXP provider [com.sun.org.apache.xerces.internal.jaxp.DocumentBuilderFactoryImpl]
2016-02-08 20:19:57,044 TRACE   main [org.springframework.beans.factory.xml.PluggableSchemaResolver] Trying to resolve XML entity with public id [null] and system id [http://www.springframework.org/schema/beans/spring-beans.xsd]
2016-02-08 20:19:57,044 DEBUG   main [org.springframework.beans.factory.xml.PluggableSchemaResolver] Loading schema mappings from [META-INF/spring.schemas]
2016-02-08 20:19:57,050 DEBUG   main [org.springframework.beans.factory.xml.PluggableSchemaResolver] Loaded schema mappings: {http://www.springframework.org/schema/tx/spring-tx-2.5.xsd=org/springframework/transaction/config/spring-tx-2.5.xsd, http://www.springframework.org/schema/cache/spring-cache-4.2.xsd=org/springframework/cache/config/spring-cache-4.2.xsd, http://www.springframework.org/schema/aop/spring-aop-4.1.xsd=org/springframework/aop/config/spring-aop-4.1.xsd, http://www.springframework.org/schema/context/spring-context-3.1.xsd=org/springframework/context/config/spring-context-3.1.xsd, http://www.springframework.org/schema/data/repository/spring-repository-1.4.xsd=org/springframework/data/repository/config/spring-repository-1.4.xsd, http://www.springframework.org/schema/util/spring-util-3.0.xsd=org/springframework/beans/factory/xml/spring-util-3.0.xsd, http://www.springframework.org/schema/tool/spring-tool.xsd=org/springframework/beans/factory/xml/spring-tool-4.2.xsd, http://www.springframework.org/schema/aop/spring-aop-3.2.xsd=org/springframework/aop/config/spring-aop-3.2.xsd, http://www.springframework.org/schema/lang/spring-lang-4.1.xsd=org/springframework/scripting/config/spring-lang-4.1.xsd, http://www.springframework.org/schema/context/spring-context-4.0.xsd=org/springframework/context/config/spring-context-4.0.xsd, http://www.springframework.org/schema/beans/spring-beans-4.2.xsd=org/springframework/beans/factory/xml/spring-beans-4.2.xsd, http://www.springframework.org/schema/tool/spring-tool-4.1.xsd=org/springframework/beans/factory/xml/spring-tool-4.1.xsd, http://www.springframework.org/schema/lang/spring-lang-3.2.xsd=org/springframework/scripting/config/spring-lang-3.2.xsd, http://www.springframework.org/schema/cache/spring-cache-3.2.xsd=org/springframework/cache/config/spring-cache-3.2.xsd, http://www.springframework.org/schema/jee/spring-jee-4.1.xsd=org/springframework/ejb/config/spring-jee-4.1.xsd, http://www.springframework.org/schema/task/spring-task-4.2.xsd=org/springframework/scheduling/config/spring-task-4.2.xsd, http://www.springframework.org/schema/util/spring-util-2.0.xsd=org/springframework/beans/factory/xml/spring-util-2.0.xsd, http://www.springframework.org/schema/tool/spring-tool-3.2.xsd=org/springframework/beans/factory/xml/spring-tool-3.2.xsd, http://www.springframework.org/schema/context/spring-context.xsd=org/springframework/context/config/spring-context-4.2.xsd, http://www.springframework.org/schema/tx/spring-tx-4.2.xsd=org/springframework/transaction/config/spring-tx-4.2.xsd, http://www.springframework.org/schema/cache/spring-cache-4.1.xsd=org/springframework/cache/config/spring-cache-4.1.xsd, http://www.springframework.org/schema/aop/spring-aop-4.0.xsd=org/springframework/aop/config/spring-aop-4.0.xsd, http://www.springframework.org/schema/jee/spring-jee-3.2.xsd=org/springframework/ejb/config/spring-jee-3.2.xsd, http://www.springframework.org/schema/context/spring-context-3.0.xsd=org/springframework/context/config/spring-context-3.0.xsd, http://www.springframework.org/schema/util/spring-util-2.5.xsd=org/springframework/beans/factory/xml/spring-util-2.5.xsd, http://www.springframework.org/schema/beans/spring-beans-3.2.xsd=org/springframework/beans/factory/xml/spring-beans-3.2.xsd, http://www.springframework.org/schema/aop/spring-aop-3.1.xsd=org/springframework/aop/config/spring-aop-3.1.xsd, http://www.springframework.org/schema/ldap/spring-ldap-2.0.xsd=org/springframework/ldap/config/spring-ldap-2.0.xsd, http://www.springframework.org/schema/lang/spring-lang-4.0.xsd=org/springframework/scripting/config/spring-lang-4.0.xsd, http://www.springframework.org/schema/beans/spring-beans-4.1.xsd=org/springframework/beans/factory/xml/spring-beans-4.1.xsd, http://www.springframework.org/schema/tool/spring-tool-4.0.xsd=org/springframework/beans/factory/xml/spring-tool-4.0.xsd, http://www.springframework.org/schema/tx/spring-tx-3.2.xsd=org/springframework/transaction/config/spring-tx-3.2.xsd, http://www.springframework.org/schema/lang/spring-lang-3.1.xsd=org/springframework/scripting/config/spring-lang-3.1.xsd, http://www.springframework.org/schema/cache/spring-cache-3.1.xsd=org/springframework/cache/config/spring-cache-3.1.xsd, http://www.springframework.org/schema/jee/spring-jee-4.0.xsd=org/springframework/ejb/config/spring-jee-4.0.xsd, http://www.springframework.org/schema/task/spring-task-4.1.xsd=org/springframework/scheduling/config/spring-task-4.1.xsd, http://www.springframework.org/schema/tool/spring-tool-3.1.xsd=org/springframework/beans/factory/xml/spring-tool-3.1.xsd, http://www.springframework.org/schema/tx/spring-tx-4.1.xsd=org/springframework/transaction/config/spring-tx-4.1.xsd, http://www.springframework.org/schema/cache/spring-cache-4.0.xsd=org/springframework/cache/config/spring-cache-4.0.xsd, http://www.springframework.org/schema/jee/spring-jee-3.1.xsd=org/springframework/ejb/config/spring-jee-3.1.xsd, http://www.springframework.org/schema/task/spring-task-3.2.xsd=org/springframework/scheduling/config/spring-task-3.2.xsd, http://www.springframework.org/schema/util/spring-util-4.2.xsd=org/springframework/beans/factory/xml/spring-util-4.2.xsd, http://www.springframework.org/schema/beans/spring-beans-3.1.xsd=org/springframework/beans/factory/xml/spring-beans-3.1.xsd, http://www.springframework.org/schema/util/spring-util.xsd=org/springframework/beans/factory/xml/spring-util-4.2.xsd, http://www.springframework.org/schema/aop/spring-aop-3.0.xsd=org/springframework/aop/config/spring-aop-3.0.xsd, http://www.springframework.org/schema/data/repository/spring-repository.xsd=org/springframework/data/repository/config/spring-repository-1.7.xsd, http://www.springframework.org/schema/data/repository/spring-repository-1.7.xsd=org/springframework/data/repository/config/spring-repository-1.7.xsd, http://www.springframework.org/schema/ldap/spring-ldap.xsd=org/springframework/ldap/config/spring-ldap-2.0.xsd, http://www.springframework.org/schema/beans/spring-beans-4.0.xsd=org/springframework/beans/factory/xml/spring-beans-4.0.xsd, http://www.springframework.org/schema/beans/spring-beans.xsd=org/springframework/beans/factory/xml/spring-beans-4.2.xsd, http://www.springframework.org/schema/tx/spring-tx-3.1.xsd=org/springframework/transaction/config/spring-tx-3.1.xsd, http://www.springframework.org/schema/lang/spring-lang-3.0.xsd=org/springframework/scripting/config/spring-lang-3.0.xsd, http://www.springframework.org/schema/context/spring-context-2.5.xsd=org/springframework/context/config/spring-context-2.5.xsd, http://www.springframework.org/schema/task/spring-task-4.0.xsd=org/springframework/scheduling/config/spring-task-4.0.xsd, http://www.springframework.org/schema/tool/spring-tool-3.0.xsd=org/springframework/beans/factory/xml/spring-tool-3.0.xsd, http://www.springframework.org/schema/tx/spring-tx-4.0.xsd=org/springframework/transaction/config/spring-tx-4.0.xsd, http://www.springframework.org/schema/aop/spring-aop-2.0.xsd=org/springframework/aop/config/spring-aop-2.0.xsd, http://www.springframework.org/schema/jee/spring-jee-3.0.xsd=org/springframework/ejb/config/spring-jee-3.0.xsd, http://www.springframework.org/schema/util/spring-util-4.1.xsd=org/springframework/beans/factory/xml/spring-util-4.1.xsd, http://www.springframework.org/schema/task/spring-task-3.1.xsd=org/springframework/scheduling/config/spring-task-3.1.xsd, http://www.springframework.org/schema/beans/spring-beans-3.0.xsd=org/springframework/beans/factory/xml/spring-beans-3.0.xsd, http://www.springframework.org/schema/jee/spring-jee.xsd=org/springframework/ejb/config/spring-jee-4.2.xsd, http://www.springframework.org/schema/aop/spring-aop-2.5.xsd=org/springframework/aop/config/spring-aop-2.5.xsd, http://www.springframework.org/schema/lang/spring-lang-2.0.xsd=org/springframework/scripting/config/spring-lang-2.0.xsd, http://www.springframework.org/schema/data/repository/spring-repository-1.6.xsd=org/springframework/data/repository/config/spring-repository-1.6.xsd, http://www.springframework.org/schema/util/spring-util-3.2.xsd=org/springframework/beans/factory/xml/spring-util-3.2.xsd, http://www.springframework.org/schema/task/spring-task.xsd=org/springframework/scheduling/config/spring-task-4.2.xsd, http://www.springframework.org/schema/tool/spring-tool-2.0.xsd=org/springframework/beans/factory/xml/spring-tool-2.0.xsd, http://www.springframework.org/schema/tx/spring-tx-3.0.xsd=org/springframework/transaction/config/spring-tx-3.0.xsd, http://www.springframework.org/schema/lang/spring-lang-2.5.xsd=org/springframework/scripting/config/spring-lang-2.5.xsd, http://www.springframework.org/schema/context/spring-context-4.2.xsd=org/springframework/context/config/spring-context-4.2.xsd, http://www.springframework.org/schema/jee/spring-jee-2.0.xsd=org/springframework/ejb/config/spring-jee-2.0.xsd, http://www.springframework.org/schema/tool/spring-tool-2.5.xsd=org/springframework/beans/factory/xml/spring-tool-2.5.xsd, http://www.springframework.org/schema/jee/spring-jee-2.5.xsd=org/springframework/ejb/config/spring-jee-2.5.xsd, http://www.springframework.org/schema/data/repository/spring-repository-1.0.xsd=org/springframework/data/repository/config/spring-repository-1.0.xsd, http://www.springframework.org/schema/util/spring-util-4.0.xsd=org/springframework/beans/factory/xml/spring-util-4.0.xsd, http://www.springframework.org/schema/task/spring-task-3.0.xsd=org/springframework/scheduling/config/spring-task-3.0.xsd, http://www.springframework.org/schema/aop/spring-aop-4.2.xsd=org/springframework/aop/config/spring-aop-4.2.xsd, http://www.springframework.org/schema/lang/spring-lang.xsd=org/springframework/scripting/config/spring-lang-4.2.xsd, http://www.springframework.org/schema/context/spring-context-3.2.xsd=org/springframework/context/config/spring-context-3.2.xsd, http://www.springframework.org/schema/data/repository/spring-repository-1.5.xsd=org/springframework/data/repository/config/spring-repository-1.5.xsd, http://www.springframework.org/schema/util/spring-util-3.1.xsd=org/springframework/beans/factory/xml/spring-util-3.1.xsd, http://www.springframework.org/schema/beans/spring-beans-2.0.xsd=org/springframework/beans/factory/xml/spring-beans-2.0.xsd, http://www.springframework.org/schema/cache/spring-cache.xsd=org/springframework/cache/config/spring-cache-4.2.xsd, http://www.springframework.org/schema/tx/spring-tx.xsd=org/springframework/transaction/config/spring-tx-4.2.xsd, http://www.springframework.org/schema/lang/spring-lang-4.2.xsd=org/springframework/scripting/config/spring-lang-4.2.xsd, http://www.springframework.org/schema/context/spring-context-4.1.xsd=org/springframework/context/config/spring-context-4.1.xsd, http://www.springframework.org/schema/beans/spring-beans-2.5.xsd=org/springframework/beans/factory/xml/spring-beans-2.5.xsd, http://www.springframework.org/schema/tool/spring-tool-4.2.xsd=org/springframework/beans/factory/xml/spring-tool-4.2.xsd, http://www.springframework.org/schema/tx/spring-tx-2.0.xsd=org/springframework/transaction/config/spring-tx-2.0.xsd, http://www.springframework.org/schema/jee/spring-jee-4.2.xsd=org/springframework/ejb/config/spring-jee-4.2.xsd, http://www.springframework.org/schema/aop/spring-aop.xsd=org/springframework/aop/config/spring-aop-4.2.xsd}
2016-02-08 20:19:57,051 DEBUG   main [org.springframework.beans.factory.xml.PluggableSchemaResolver] Found XML schema [http://www.springframework.org/schema/beans/spring-beans.xsd] in classpath: org/springframework/beans/factory/xml/spring-beans-4.2.xsd
2016-02-08 20:19:57,079 TRACE   main [org.springframework.beans.factory.xml.PluggableSchemaResolver] Trying to resolve XML entity with public id [null] and system id [http://www.springframework.org/schema/context/spring-context.xsd]
2016-02-08 20:19:57,080 DEBUG   main [org.springframework.beans.factory.xml.PluggableSchemaResolver] Found XML schema [http://www.springframework.org/schema/context/spring-context.xsd] in classpath: org/springframework/context/config/spring-context-4.2.xsd
2016-02-08 20:19:57,086 TRACE   main [org.springframework.beans.factory.xml.PluggableSchemaResolver] Trying to resolve XML entity with public id [null] and system id [http://www.springframework.org/schema/tool/spring-tool-4.2.xsd]
2016-02-08 20:19:57,086 DEBUG   main [org.springframework.beans.factory.xml.PluggableSchemaResolver] Found XML schema [http://www.springframework.org/schema/tool/spring-tool-4.2.xsd] in classpath: org/springframework/beans/factory/xml/spring-tool-4.2.xsd
2016-02-08 20:19:57,094 TRACE   main [org.springframework.beans.factory.xml.PluggableSchemaResolver] Trying to resolve XML entity with public id [null] and system id [http://www.springframework.org/schema/ldap/spring-ldap.xsd]
2016-02-08 20:19:57,095 DEBUG   main [org.springframework.beans.factory.xml.PluggableSchemaResolver] Found XML schema [http://www.springframework.org/schema/ldap/spring-ldap.xsd] in classpath: org/springframework/ldap/config/spring-ldap-2.0.xsd
2016-02-08 20:19:57,100 TRACE   main [org.springframework.beans.factory.xml.PluggableSchemaResolver] Trying to resolve XML entity with public id [null] and system id [http://www.springframework.org/schema/data/repository/spring-repository.xsd]
2016-02-08 20:19:57,100 DEBUG   main [org.springframework.beans.factory.xml.PluggableSchemaResolver] Found XML schema [http://www.springframework.org/schema/data/repository/spring-repository.xsd] in classpath: org/springframework/data/repository/config/spring-repository-1.7.xsd
2016-02-08 20:19:57,109 DEBUG   main [org.springframework.beans.factory.xml.DefaultBeanDefinitionDocumentReader] Loading bean definitions
2016-02-08 20:19:57,111 DEBUG   main [org.springframework.beans.factory.xml.DefaultNamespaceHandlerResolver] Loaded NamespaceHandler mappings: {http://www.springframework.org/schema/p=org.springframework.beans.factory.xml.SimplePropertyNamespaceHandler, http://www.springframework.org/schema/util=org.springframework.beans.factory.xml.UtilNamespaceHandler, http://www.springframework.org/schema/jee=org.springframework.ejb.config.JeeNamespaceHandler, http://www.springframework.org/schema/aop=org.springframework.aop.config.AopNamespaceHandler, http://www.springframework.org/schema/data/repository=org.springframework.data.repository.config.RepositoryNameSpaceHandler, http://www.springframework.org/schema/cache=org.springframework.cache.config.CacheNamespaceHandler, http://www.springframework.org/schema/c=org.springframework.beans.factory.xml.SimpleConstructorNamespaceHandler, http://www.springframework.org/schema/ldap=org.springframework.ldap.config.LdapNamespaceHandler, http://www.springframework.org/schema/tx=org.springframework.transaction.config.TxNamespaceHandler, http://www.springframework.org/schema/task=org.springframework.scheduling.config.TaskNamespaceHandler, http://www.springframework.org/schema/lang=org.springframework.scripting.config.LangNamespaceHandler, http://www.springframework.org/schema/context=org.springframework.context.config.ContextNamespaceHandler}
2016-02-08 20:19:57,113 DEBUG   main [org.springframework.core.env.StandardEnvironment] Adding [systemProperties] PropertySource with lowest search precedence
2016-02-08 20:19:57,113 DEBUG   main [org.springframework.core.env.StandardEnvironment] Adding [systemEnvironment] PropertySource with lowest search precedence
2016-02-08 20:19:57,113 DEBUG   main [org.springframework.core.env.StandardEnvironment] Initialized StandardEnvironment with PropertySources [systemProperties,systemEnvironment]
2016-02-08 20:19:57,114 DEBUG   main [org.springframework.core.io.support.PathMatchingResourcePatternResolver] Looking for matching resources in directory tree [C:\Users\Tariq Ahsan\git\SpringLdapProject\bin\gov\fema\adminportal\ldap]
2016-02-08 20:19:57,114 DEBUG   main [org.springframework.core.io.support.PathMatchingResourcePatternResolver] Searching directory [C:\Users\Tariq Ahsan\git\SpringLdapProject\bin\gov\fema\adminportal\ldap] for files matching pattern [C:/Users/Tariq Ahsan/git/SpringLdapProject/bin/gov/fema/adminportal/ldap/**/*.class]
2016-02-08 20:19:57,115 DEBUG   main [org.springframework.core.io.support.PathMatchingResourcePatternResolver] Searching directory [C:\Users\Tariq Ahsan\git\SpringLdapProject\bin\gov\fema\adminportal\ldap\app] for files matching pattern [C:/Users/Tariq Ahsan/git/SpringLdapProject/bin/gov/fema/adminportal/ldap/**/*.class]
2016-02-08 20:19:57,115 DEBUG   main [org.springframework.core.io.support.PathMatchingResourcePatternResolver] Searching directory [C:\Users\Tariq Ahsan\git\SpringLdapProject\bin\gov\fema\adminportal\ldap\model] for files matching pattern [C:/Users/Tariq Ahsan/git/SpringLdapProject/bin/gov/fema/adminportal/ldap/**/*.class]
2016-02-08 20:19:57,117 DEBUG   main [org.springframework.core.io.support.PathMatchingResourcePatternResolver] Searching directory [C:\Users\Tariq Ahsan\git\SpringLdapProject\bin\gov\fema\adminportal\ldap\repository] for files matching pattern [C:/Users/Tariq Ahsan/git/SpringLdapProject/bin/gov/fema/adminportal/ldap/**/*.class]
2016-02-08 20:19:57,118 DEBUG   main [org.springframework.core.io.support.PathMatchingResourcePatternResolver] Resolved location pattern [classpath*:gov/fema/adminportal/ldap/**/*.class] to resources [file [C:\Users\Tariq Ahsan\git\SpringLdapProject\bin\gov\fema\adminportal\ldap\app\LdapApp.class], file [C:\Users\Tariq Ahsan\git\SpringLdapProject\bin\gov\fema\adminportal\ldap\model\Group.class], file [C:\Users\Tariq Ahsan\git\SpringLdapProject\bin\gov\fema\adminportal\ldap\model\LDAPConfig.class], file [C:\Users\Tariq Ahsan\git\SpringLdapProject\bin\gov\fema\adminportal\ldap\model\User.class], file [C:\Users\Tariq Ahsan\git\SpringLdapProject\bin\gov\fema\adminportal\ldap\repository\UserRepository.class], file [C:\Users\Tariq Ahsan\git\SpringLdapProject\bin\gov\fema\adminportal\ldap\repository\UserRepositoryImpl$1.class], file [C:\Users\Tariq Ahsan\git\SpringLdapProject\bin\gov\fema\adminportal\ldap\repository\UserRepositoryImpl$MultipleAttributesMapper.class], file [C:\Users\Tariq Ahsan\git\SpringLdapProject\bin\gov\fema\adminportal\ldap\repository\UserRepositoryImpl$SingleAttributesMapper.class], file [C:\Users\Tariq Ahsan\git\SpringLdapProject\bin\gov\fema\adminportal\ldap\repository\UserRepositoryImpl$UserAttributesMapper.class], file [C:\Users\Tariq Ahsan\git\SpringLdapProject\bin\gov\fema\adminportal\ldap\repository\UserRepositoryImpl.class]]
2016-02-08 20:19:57,118 TRACE   main [org.springframework.context.annotation.ClassPathBeanDefinitionScanner] Scanning file [C:\Users\Tariq Ahsan\git\SpringLdapProject\bin\gov\fema\adminportal\ldap\app\LdapApp.class]
2016-02-08 20:19:57,119 TRACE   main [org.springframework.context.annotation.ClassPathBeanDefinitionScanner] Ignored because not matching any filter: file [C:\Users\Tariq Ahsan\git\SpringLdapProject\bin\gov\fema\adminportal\ldap\app\LdapApp.class]
2016-02-08 20:19:57,119 TRACE   main [org.springframework.context.annotation.ClassPathBeanDefinitionScanner] Scanning file [C:\Users\Tariq Ahsan\git\SpringLdapProject\bin\gov\fema\adminportal\ldap\model\Group.class]
2016-02-08 20:19:57,119 TRACE   main [org.springframework.context.annotation.ClassPathBeanDefinitionScanner] Ignored because not matching any filter: file [C:\Users\Tariq Ahsan\git\SpringLdapProject\bin\gov\fema\adminportal\ldap\model\Group.class]
2016-02-08 20:19:57,120 TRACE   main [org.springframework.context.annotation.ClassPathBeanDefinitionScanner] Scanning file [C:\Users\Tariq Ahsan\git\SpringLdapProject\bin\gov\fema\adminportal\ldap\model\LDAPConfig.class]
2016-02-08 20:19:57,120 TRACE   main [org.springframework.context.annotation.ClassPathBeanDefinitionScanner] Ignored because not matching any filter: file [C:\Users\Tariq Ahsan\git\SpringLdapProject\bin\gov\fema\adminportal\ldap\model\LDAPConfig.class]
2016-02-08 20:19:57,120 TRACE   main [org.springframework.context.annotation.ClassPathBeanDefinitionScanner] Scanning file [C:\Users\Tariq Ahsan\git\SpringLdapProject\bin\gov\fema\adminportal\ldap\model\User.class]
2016-02-08 20:19:57,121 TRACE   main [org.springframework.context.annotation.ClassPathBeanDefinitionScanner] Ignored because not matching any filter: file [C:\Users\Tariq Ahsan\git\SpringLdapProject\bin\gov\fema\adminportal\ldap\model\User.class]
2016-02-08 20:19:57,121 TRACE   main [org.springframework.context.annotation.ClassPathBeanDefinitionScanner] Scanning file [C:\Users\Tariq Ahsan\git\SpringLdapProject\bin\gov\fema\adminportal\ldap\repository\UserRepository.class]
2016-02-08 20:19:57,121 TRACE   main [org.springframework.context.annotation.ClassPathBeanDefinitionScanner] Ignored because not matching any filter: file [C:\Users\Tariq Ahsan\git\SpringLdapProject\bin\gov\fema\adminportal\ldap\repository\UserRepository.class]
2016-02-08 20:19:57,121 TRACE   main [org.springframework.context.annotation.ClassPathBeanDefinitionScanner] Scanning file [C:\Users\Tariq Ahsan\git\SpringLdapProject\bin\gov\fema\adminportal\ldap\repository\UserRepositoryImpl$1.class]
2016-02-08 20:19:57,122 TRACE   main [org.springframework.context.annotation.ClassPathBeanDefinitionScanner] Ignored because not matching any filter: file [C:\Users\Tariq Ahsan\git\SpringLdapProject\bin\gov\fema\adminportal\ldap\repository\UserRepositoryImpl$1.class]
2016-02-08 20:19:57,122 TRACE   main [org.springframework.context.annotation.ClassPathBeanDefinitionScanner] Scanning file [C:\Users\Tariq Ahsan\git\SpringLdapProject\bin\gov\fema\adminportal\ldap\repository\UserRepositoryImpl$MultipleAttributesMapper.class]
2016-02-08 20:19:57,124 TRACE   main [org.springframework.context.annotation.ClassPathBeanDefinitionScanner] Ignored because not matching any filter: file [C:\Users\Tariq Ahsan\git\SpringLdapProject\bin\gov\fema\adminportal\ldap\repository\UserRepositoryImpl$MultipleAttributesMapper.class]
2016-02-08 20:19:57,125 TRACE   main [org.springframework.context.annotation.ClassPathBeanDefinitionScanner] Scanning file [C:\Users\Tariq Ahsan\git\SpringLdapProject\bin\gov\fema\adminportal\ldap\repository\UserRepositoryImpl$SingleAttributesMapper.class]
2016-02-08 20:19:57,125 TRACE   main [org.springframework.context.annotation.ClassPathBeanDefinitionScanner] Ignored because not matching any filter: file [C:\Users\Tariq Ahsan\git\SpringLdapProject\bin\gov\fema\adminportal\ldap\repository\UserRepositoryImpl$SingleAttributesMapper.class]
2016-02-08 20:19:57,125 TRACE   main [org.springframework.context.annotation.ClassPathBeanDefinitionScanner] Scanning file [C:\Users\Tariq Ahsan\git\SpringLdapProject\bin\gov\fema\adminportal\ldap\repository\UserRepositoryImpl$UserAttributesMapper.class]
2016-02-08 20:19:57,126 TRACE   main [org.springframework.context.annotation.ClassPathBeanDefinitionScanner] Ignored because not matching any filter: file [C:\Users\Tariq Ahsan\git\SpringLdapProject\bin\gov\fema\adminportal\ldap\repository\UserRepositoryImpl$UserAttributesMapper.class]
2016-02-08 20:19:57,126 TRACE   main [org.springframework.context.annotation.ClassPathBeanDefinitionScanner] Scanning file [C:\Users\Tariq Ahsan\git\SpringLdapProject\bin\gov\fema\adminportal\ldap\repository\UserRepositoryImpl.class]
2016-02-08 20:19:57,127 DEBUG   main [org.springframework.context.annotation.ClassPathBeanDefinitionScanner] Identified candidate component class: file [C:\Users\Tariq Ahsan\git\SpringLdapProject\bin\gov\fema\adminportal\ldap\repository\UserRepositoryImpl.class]
2016-02-08 20:19:57,130 DEBUG   main [org.springframework.beans.factory.xml.XmlBeanDefinitionReader] Loaded 11 bean definitions from location pattern [spring-ldap-example.xml]
2016-02-08 20:19:57,131 DEBUG   main [org.springframework.context.support.ClassPathXmlApplicationContext] Bean factory for org.springframework.context.support.ClassPathXmlApplicationContext@6ed6ee82: org.springframework.beans.factory.support.DefaultListableBeanFactory@44dbf981: defining beans [org.springframework.context.support.PropertySourcesPlaceholderConfigurer#0,ldapConfig,userRepositoryImpl,org.springframework.context.annotation.internalConfigurationAnnotationProcessor,org.springframework.context.annotation.internalAutowiredAnnotationProcessor,org.springframework.context.annotation.internalRequiredAnnotationProcessor,org.springframework.context.annotation.internalCommonAnnotationProcessor,simpleDirContextAuthenticationStrategy,userReposImpl,contextSource,ldapTemplate]; root of factory hierarchy
2016-02-08 20:19:57,132 DEBUG   main [org.springframework.beans.factory.support.DefaultListableBeanFactory] Creating shared instance of singleton bean 'org.springframework.context.annotation.internalConfigurationAnnotationProcessor'
2016-02-08 20:19:57,132 DEBUG   main [org.springframework.beans.factory.support.DefaultListableBeanFactory] Creating instance of bean 'org.springframework.context.annotation.internalConfigurationAnnotationProcessor'
2016-02-08 20:19:57,133 DEBUG   main [org.springframework.beans.factory.support.DefaultListableBeanFactory] Eagerly caching bean 'org.springframework.context.annotation.internalConfigurationAnnotationProcessor' to allow for resolving potential circular references
2016-02-08 20:19:57,133 DEBUG   main [org.springframework.beans.factory.support.DefaultListableBeanFactory] Finished creating instance of bean 'org.springframework.context.annotation.internalConfigurationAnnotationProcessor'
2016-02-08 20:19:57,147 DEBUG   main [org.springframework.beans.factory.support.DefaultListableBeanFactory] Creating shared instance of singleton bean 'org.springframework.context.support.PropertySourcesPlaceholderConfigurer#0'
2016-02-08 20:19:57,147 DEBUG   main [org.springframework.beans.factory.support.DefaultListableBeanFactory] Creating instance of bean 'org.springframework.context.support.PropertySourcesPlaceholderConfigurer#0'
2016-02-08 20:19:57,147 DEBUG   main [org.springframework.beans.factory.support.DefaultListableBeanFactory] Eagerly caching bean 'org.springframework.context.support.PropertySourcesPlaceholderConfigurer#0' to allow for resolving potential circular references
2016-02-08 20:19:57,148 DEBUG   main [org.springframework.beans.factory.support.DefaultListableBeanFactory] Finished creating instance of bean 'org.springframework.context.support.PropertySourcesPlaceholderConfigurer#0'
2016-02-08 20:19:57,148 DEBUG   main [org.springframework.core.env.MutablePropertySources] Adding [environmentProperties] PropertySource with lowest search precedence
2016-02-08 20:19:57,148 INFO   main [org.springframework.context.support.PropertySourcesPlaceholderConfigurer] Loading properties file from class path resource [ldap.properties]
2016-02-08 20:19:57,149 DEBUG   main [org.springframework.core.env.MutablePropertySources] Adding [localProperties] PropertySource with lowest search precedence
2016-02-08 20:19:57,150 TRACE   main [org.springframework.core.env.PropertySourcesPropertyResolver] getProperty("BoUser", String)
2016-02-08 20:19:57,150 DEBUG   main [org.springframework.core.env.PropertySourcesPropertyResolver] Searching for key 'BoUser' in [environmentProperties]
2016-02-08 20:19:57,150 TRACE   main [org.springframework.core.env.PropertySourcesPropertyResolver] getProperty("BoUser", String)
2016-02-08 20:19:57,150 DEBUG   main [org.springframework.core.env.PropertySourcesPropertyResolver] Searching for key 'BoUser' in [systemProperties]
2016-02-08 20:19:57,150 DEBUG   main [org.springframework.core.env.PropertySourcesPropertyResolver] Searching for key 'BoUser' in [systemEnvironment]
2016-02-08 20:19:57,151 DEBUG   main [org.springframework.core.env.PropertySourcesPropertyResolver] Could not find key 'BoUser' in any property source. Returning [null]
2016-02-08 20:19:57,151 DEBUG   main [org.springframework.core.env.PropertySourcesPropertyResolver] Searching for key 'BoUser' in [localProperties]
2016-02-08 20:19:57,151 DEBUG   main [org.springframework.core.env.PropertySourcesPropertyResolver] Found key 'BoUser' in [localProperties] with type [String] and value 'ou=User,ou=BusinessObjectsDisaster,ou=system'
2016-02-08 20:19:57,151 TRACE   main [org.springframework.util.PropertyPlaceholderHelper] Resolved placeholder 'BoUser'
2016-02-08 20:19:57,151 TRACE   main [org.springframework.core.env.PropertySourcesPropertyResolver] getProperty("BoGroup", String)
2016-02-08 20:19:57,152 DEBUG   main [org.springframework.core.env.PropertySourcesPropertyResolver] Searching for key 'BoGroup' in [environmentProperties]
2016-02-08 20:19:57,152 TRACE   main [org.springframework.core.env.PropertySourcesPropertyResolver] getProperty("BoGroup", String)
2016-02-08 20:19:57,152 DEBUG   main [org.springframework.core.env.PropertySourcesPropertyResolver] Searching for key 'BoGroup' in [systemProperties]
2016-02-08 20:19:57,152 DEBUG   main [org.springframework.core.env.PropertySourcesPropertyResolver] Searching for key 'BoGroup' in [systemEnvironment]
2016-02-08 20:19:57,152 DEBUG   main [org.springframework.core.env.PropertySourcesPropertyResolver] Could not find key 'BoGroup' in any property source. Returning [null]
2016-02-08 20:19:57,152 DEBUG   main [org.springframework.core.env.PropertySourcesPropertyResolver] Searching for key 'BoGroup' in [localProperties]
2016-02-08 20:19:57,152 DEBUG   main [org.springframework.core.env.PropertySourcesPropertyResolver] Found key 'BoGroup' in [localProperties] with type [String] and value 'ou=Group,ou=BusinessObjectsDisaster,ou=system'
2016-02-08 20:19:57,152 TRACE   main [org.springframework.util.PropertyPlaceholderHelper] Resolved placeholder 'BoGroup'
2016-02-08 20:19:57,153 TRACE   main [org.springframework.core.env.PropertySourcesPropertyResolver] getProperty("BoGroupPrefix", String)
2016-02-08 20:19:57,153 DEBUG   main [org.springframework.core.env.PropertySourcesPropertyResolver] Searching for key 'BoGroupPrefix' in [environmentProperties]
2016-02-08 20:19:57,153 TRACE   main [org.springframework.core.env.PropertySourcesPropertyResolver] getProperty("BoGroupPrefix", String)
2016-02-08 20:19:57,153 DEBUG   main [org.springframework.core.env.PropertySourcesPropertyResolver] Searching for key 'BoGroupPrefix' in [systemProperties]
2016-02-08 20:19:57,153 DEBUG   main [org.springframework.core.env.PropertySourcesPropertyResolver] Searching for key 'BoGroupPrefix' in [systemEnvironment]
2016-02-08 20:19:57,153 DEBUG   main [org.springframework.core.env.PropertySourcesPropertyResolver] Could not find key 'BoGroupPrefix' in any property source. Returning [null]
2016-02-08 20:19:57,153 DEBUG   main [org.springframework.core.env.PropertySourcesPropertyResolver] Searching for key 'BoGroupPrefix' in [localProperties]
2016-02-08 20:19:57,154 DEBUG   main [org.springframework.core.env.PropertySourcesPropertyResolver] Found key 'BoGroupPrefix' in [localProperties] with type [String] and value 'cn=Business_Objects_Disaster_Users_'
2016-02-08 20:19:57,154 TRACE   main [org.springframework.util.PropertyPlaceholderHelper] Resolved placeholder 'BoGroupPrefix'
2016-02-08 20:19:57,154 DEBUG   main [org.springframework.beans.factory.support.DefaultListableBeanFactory] Creating shared instance of singleton bean 'org.springframework.context.annotation.internalAutowiredAnnotationProcessor'
2016-02-08 20:19:57,154 DEBUG   main [org.springframework.beans.factory.support.DefaultListableBeanFactory] Creating instance of bean 'org.springframework.context.annotation.internalAutowiredAnnotationProcessor'
2016-02-08 20:19:57,155 DEBUG   main [org.springframework.beans.factory.support.DefaultListableBeanFactory] Eagerly caching bean 'org.springframework.context.annotation.internalAutowiredAnnotationProcessor' to allow for resolving potential circular references
2016-02-08 20:19:57,155 DEBUG   main [org.springframework.beans.factory.support.DefaultListableBeanFactory] Finished creating instance of bean 'org.springframework.context.annotation.internalAutowiredAnnotationProcessor'
2016-02-08 20:19:57,156 DEBUG   main [org.springframework.beans.factory.support.DefaultListableBeanFactory] Creating shared instance of singleton bean 'org.springframework.context.annotation.internalRequiredAnnotationProcessor'
2016-02-08 20:19:57,156 DEBUG   main [org.springframework.beans.factory.support.DefaultListableBeanFactory] Creating instance of bean 'org.springframework.context.annotation.internalRequiredAnnotationProcessor'
2016-02-08 20:19:57,156 DEBUG   main [org.springframework.beans.factory.support.DefaultListableBeanFactory] Eagerly caching bean 'org.springframework.context.annotation.internalRequiredAnnotationProcessor' to allow for resolving potential circular references
2016-02-08 20:19:57,156 DEBUG   main [org.springframework.beans.factory.support.DefaultListableBeanFactory] Finished creating instance of bean 'org.springframework.context.annotation.internalRequiredAnnotationProcessor'
2016-02-08 20:19:57,157 DEBUG   main [org.springframework.beans.factory.support.DefaultListableBeanFactory] Creating shared instance of singleton bean 'org.springframework.context.annotation.internalCommonAnnotationProcessor'
2016-02-08 20:19:57,157 DEBUG   main [org.springframework.beans.factory.support.DefaultListableBeanFactory] Creating instance of bean 'org.springframework.context.annotation.internalCommonAnnotationProcessor'
2016-02-08 20:19:57,157 DEBUG   main [org.springframework.beans.factory.support.DefaultListableBeanFactory] Eagerly caching bean 'org.springframework.context.annotation.internalCommonAnnotationProcessor' to allow for resolving potential circular references
2016-02-08 20:19:57,157 DEBUG   main [org.springframework.beans.factory.support.DefaultListableBeanFactory] Finished creating instance of bean 'org.springframework.context.annotation.internalCommonAnnotationProcessor'
2016-02-08 20:19:57,157 DEBUG   main [org.springframework.beans.factory.support.DefaultListableBeanFactory] Creating shared instance of singleton bean 'org.springframework.context.annotation.ConfigurationClassPostProcessor.importAwareProcessor'
2016-02-08 20:19:57,157 DEBUG   main [org.springframework.beans.factory.support.DefaultListableBeanFactory] Creating instance of bean 'org.springframework.context.annotation.ConfigurationClassPostProcessor.importAwareProcessor'
2016-02-08 20:19:57,158 DEBUG   main [org.springframework.beans.factory.support.DefaultListableBeanFactory] Eagerly caching bean 'org.springframework.context.annotation.ConfigurationClassPostProcessor.importAwareProcessor' to allow for resolving potential circular references
2016-02-08 20:19:57,158 DEBUG   main [org.springframework.beans.factory.support.DefaultListableBeanFactory] Finished creating instance of bean 'org.springframework.context.annotation.ConfigurationClassPostProcessor.importAwareProcessor'
2016-02-08 20:19:57,158 DEBUG   main [org.springframework.beans.factory.support.DefaultListableBeanFactory] Creating shared instance of singleton bean 'org.springframework.context.annotation.ConfigurationClassPostProcessor.enhancedConfigurationProcessor'
2016-02-08 20:19:57,158 DEBUG   main [org.springframework.beans.factory.support.DefaultListableBeanFactory] Creating instance of bean 'org.springframework.context.annotation.ConfigurationClassPostProcessor.enhancedConfigurationProcessor'
2016-02-08 20:19:57,158 DEBUG   main [org.springframework.beans.factory.support.DefaultListableBeanFactory] Eagerly caching bean 'org.springframework.context.annotation.ConfigurationClassPostProcessor.enhancedConfigurationProcessor' to allow for resolving potential circular references
2016-02-08 20:19:57,158 DEBUG   main [org.springframework.beans.factory.support.DefaultListableBeanFactory] Finished creating instance of bean 'org.springframework.context.annotation.ConfigurationClassPostProcessor.enhancedConfigurationProcessor'
2016-02-08 20:19:57,158 DEBUG   main [org.springframework.context.support.ClassPathXmlApplicationContext] Unable to locate MessageSource with name 'messageSource': using default [org.springframework.context.support.DelegatingMessageSource@2bc4560a]
2016-02-08 20:19:57,159 DEBUG   main [org.springframework.context.support.ClassPathXmlApplicationContext] Unable to locate ApplicationEventMulticaster with name 'applicationEventMulticaster': using default [org.springframework.context.event.SimpleApplicationEventMulticaster@66ecc0f8]
2016-02-08 20:19:57,159 DEBUG   main [org.springframework.beans.factory.support.DefaultListableBeanFactory] Pre-instantiating singletons in org.springframework.beans.factory.support.DefaultListableBeanFactory@44dbf981: defining beans [org.springframework.context.support.PropertySourcesPlaceholderConfigurer#0,ldapConfig,userRepositoryImpl,org.springframework.context.annotation.internalConfigurationAnnotationProcessor,org.springframework.context.annotation.internalAutowiredAnnotationProcessor,org.springframework.context.annotation.internalRequiredAnnotationProcessor,org.springframework.context.annotation.internalCommonAnnotationProcessor,simpleDirContextAuthenticationStrategy,userReposImpl,contextSource,ldapTemplate,org.springframework.context.annotation.ConfigurationClassPostProcessor.importAwareProcessor,org.springframework.context.annotation.ConfigurationClassPostProcessor.enhancedConfigurationProcessor]; root of factory hierarchy
2016-02-08 20:19:57,160 DEBUG   main [org.springframework.beans.factory.support.DefaultListableBeanFactory] Returning cached instance of singleton bean 'org.springframework.context.support.PropertySourcesPlaceholderConfigurer#0'
2016-02-08 20:19:57,160 DEBUG   main [org.springframework.beans.factory.support.DefaultListableBeanFactory] Creating shared instance of singleton bean 'ldapConfig'
2016-02-08 20:19:57,160 DEBUG   main [org.springframework.beans.factory.support.DefaultListableBeanFactory] Creating instance of bean 'ldapConfig'
2016-02-08 20:19:57,161 DEBUG   main [org.springframework.beans.factory.support.DefaultListableBeanFactory] Eagerly caching bean 'ldapConfig' to allow for resolving potential circular references
2016-02-08 20:19:57,161 DEBUG   main [org.springframework.beans.factory.support.DefaultListableBeanFactory] Finished creating instance of bean 'ldapConfig'
2016-02-08 20:19:57,161 DEBUG   main [org.springframework.beans.factory.support.DefaultListableBeanFactory] Creating shared instance of singleton bean 'userRepositoryImpl'
2016-02-08 20:19:57,162 DEBUG   main [org.springframework.beans.factory.support.DefaultListableBeanFactory] Creating instance of bean 'userRepositoryImpl'
2016-02-08 20:19:57,163 DEBUG   main [org.springframework.beans.factory.annotation.InjectionMetadata] Registered injected element on class [gov.fema.adminportal.ldap.repository.UserRepositoryImpl]: AutowiredFieldElement for private gov.fema.adminportal.ldap.model.LDAPConfig gov.fema.adminportal.ldap.repository.UserRepositoryImpl.ldapConfig
2016-02-08 20:19:57,163 DEBUG   main [org.springframework.beans.factory.annotation.InjectionMetadata] Registered injected element on class [gov.fema.adminportal.ldap.repository.UserRepositoryImpl]: AutowiredFieldElement for private org.springframework.ldap.core.LdapTemplate gov.fema.adminportal.ldap.repository.UserRepositoryImpl.ldapTemplate
2016-02-08 20:19:57,163 DEBUG   main [org.springframework.beans.factory.support.DefaultListableBeanFactory] Eagerly caching bean 'userRepositoryImpl' to allow for resolving potential circular references
2016-02-08 20:19:57,163 DEBUG   main [org.springframework.beans.factory.annotation.InjectionMetadata] Processing injected element of bean 'userRepositoryImpl': AutowiredFieldElement for private gov.fema.adminportal.ldap.model.LDAPConfig gov.fema.adminportal.ldap.repository.UserRepositoryImpl.ldapConfig
2016-02-08 20:19:57,164 DEBUG   main [org.springframework.beans.factory.support.DefaultListableBeanFactory] Returning cached instance of singleton bean 'ldapConfig'
2016-02-08 20:19:57,164 DEBUG   main [org.springframework.beans.factory.annotation.AutowiredAnnotationBeanPostProcessor] Autowiring by type from bean name 'userRepositoryImpl' to bean named 'ldapConfig'
2016-02-08 20:19:57,164 DEBUG   main [org.springframework.beans.factory.annotation.InjectionMetadata] Processing injected element of bean 'userRepositoryImpl': AutowiredFieldElement for private org.springframework.ldap.core.LdapTemplate gov.fema.adminportal.ldap.repository.UserRepositoryImpl.ldapTemplate
2016-02-08 20:19:57,165 DEBUG   main [org.springframework.beans.factory.support.DefaultListableBeanFactory] Creating shared instance of singleton bean 'ldapTemplate'
2016-02-08 20:19:57,165 DEBUG   main [org.springframework.beans.factory.support.DefaultListableBeanFactory] Creating instance of bean 'ldapTemplate'
2016-02-08 20:19:57,167 DEBUG   main [org.springframework.beans.factory.support.DefaultListableBeanFactory] Eagerly caching bean 'ldapTemplate' to allow for resolving potential circular references
2016-02-08 20:19:57,167 DEBUG   main [org.springframework.beans.factory.support.DefaultListableBeanFactory] Creating shared instance of singleton bean 'contextSource'
2016-02-08 20:19:57,167 DEBUG   main [org.springframework.beans.factory.support.DefaultListableBeanFactory] Creating instance of bean 'contextSource'
2016-02-08 20:19:57,168 DEBUG   main [org.springframework.beans.factory.support.DefaultListableBeanFactory] Creating instance of bean '(inner bean)#41710e92'
2016-02-08 20:19:57,173 DEBUG   main [org.springframework.beans.factory.support.DefaultListableBeanFactory] Creating instance of bean '(inner bean)#6573b4ce'
2016-02-08 20:19:57,175 DEBUG   main [org.springframework.beans.factory.support.DefaultListableBeanFactory] Finished creating instance of bean '(inner bean)#6573b4ce'
2016-02-08 20:19:57,175 DEBUG   main [org.springframework.beans.factory.support.DefaultListableBeanFactory] Creating shared instance of singleton bean 'simpleDirContextAuthenticationStrategy'
2016-02-08 20:19:57,176 DEBUG   main [org.springframework.beans.factory.support.DefaultListableBeanFactory] Creating instance of bean 'simpleDirContextAuthenticationStrategy'
2016-02-08 20:19:57,176 DEBUG   main [org.springframework.beans.factory.support.DefaultListableBeanFactory] Eagerly caching bean 'simpleDirContextAuthenticationStrategy' to allow for resolving potential circular references
2016-02-08 20:19:57,176 DEBUG   main [org.springframework.beans.factory.support.DefaultListableBeanFactory] Finished creating instance of bean 'simpleDirContextAuthenticationStrategy'
2016-02-08 20:19:57,177 DEBUG   main [org.springframework.beans.factory.support.DefaultListableBeanFactory] Invoking afterPropertiesSet() on bean with name '(inner bean)#41710e92'
2016-02-08 20:19:57,177 DEBUG   main [org.springframework.beans.factory.support.DefaultListableBeanFactory] Finished creating instance of bean '(inner bean)#41710e92'
2016-02-08 20:19:57,179 DEBUG   main [org.springframework.beans.factory.support.DefaultListableBeanFactory] Eagerly caching bean 'contextSource' to allow for resolving potential circular references
2016-02-08 20:19:57,179 DEBUG   main [org.springframework.beans.factory.support.DefaultListableBeanFactory] Finished creating instance of bean 'contextSource'
2016-02-08 20:19:57,180 DEBUG   main [org.springframework.beans.factory.support.DefaultListableBeanFactory] Invoking afterPropertiesSet() on bean with name 'ldapTemplate'
2016-02-08 20:19:57,180 DEBUG   main [org.springframework.beans.factory.support.DefaultListableBeanFactory] Finished creating instance of bean 'ldapTemplate'
2016-02-08 20:19:57,180 DEBUG   main [org.springframework.beans.factory.annotation.AutowiredAnnotationBeanPostProcessor] Autowiring by type from bean name 'userRepositoryImpl' to bean named 'ldapTemplate'
2016-02-08 20:19:57,180 DEBUG   main [org.springframework.beans.factory.support.DefaultListableBeanFactory] Finished creating instance of bean 'userRepositoryImpl'
2016-02-08 20:19:57,180 DEBUG   main [org.springframework.beans.factory.support.DefaultListableBeanFactory] Returning cached instance of singleton bean 'org.springframework.context.annotation.internalConfigurationAnnotationProcessor'
2016-02-08 20:19:57,180 DEBUG   main [org.springframework.beans.factory.support.DefaultListableBeanFactory] Returning cached instance of singleton bean 'org.springframework.context.annotation.internalAutowiredAnnotationProcessor'
2016-02-08 20:19:57,180 DEBUG   main [org.springframework.beans.factory.support.DefaultListableBeanFactory] Returning cached instance of singleton bean 'org.springframework.context.annotation.internalRequiredAnnotationProcessor'
2016-02-08 20:19:57,180 DEBUG   main [org.springframework.beans.factory.support.DefaultListableBeanFactory] Returning cached instance of singleton bean 'org.springframework.context.annotation.internalCommonAnnotationProcessor'
2016-02-08 20:19:57,180 DEBUG   main [org.springframework.beans.factory.support.DefaultListableBeanFactory] Returning cached instance of singleton bean 'simpleDirContextAuthenticationStrategy'
2016-02-08 20:19:57,180 DEBUG   main [org.springframework.beans.factory.support.DefaultListableBeanFactory] Creating shared instance of singleton bean 'userReposImpl'
2016-02-08 20:19:57,180 DEBUG   main [org.springframework.beans.factory.support.DefaultListableBeanFactory] Creating instance of bean 'userReposImpl'
2016-02-08 20:19:57,181 DEBUG   main [org.springframework.beans.factory.annotation.InjectionMetadata] Registered injected element on class [gov.fema.adminportal.ldap.repository.UserRepositoryImpl]: AutowiredFieldElement for private gov.fema.adminportal.ldap.model.LDAPConfig gov.fema.adminportal.ldap.repository.UserRepositoryImpl.ldapConfig
2016-02-08 20:19:57,181 DEBUG   main [org.springframework.beans.factory.annotation.InjectionMetadata] Registered injected element on class [gov.fema.adminportal.ldap.repository.UserRepositoryImpl]: AutowiredFieldElement for private org.springframework.ldap.core.LdapTemplate gov.fema.adminportal.ldap.repository.UserRepositoryImpl.ldapTemplate
2016-02-08 20:19:57,181 DEBUG   main [org.springframework.beans.factory.support.DefaultListableBeanFactory] Eagerly caching bean 'userReposImpl' to allow for resolving potential circular references
2016-02-08 20:19:57,181 DEBUG   main [org.springframework.beans.factory.annotation.InjectionMetadata] Processing injected element of bean 'userReposImpl': AutowiredFieldElement for private gov.fema.adminportal.ldap.model.LDAPConfig gov.fema.adminportal.ldap.repository.UserRepositoryImpl.ldapConfig
2016-02-08 20:19:57,182 DEBUG   main [org.springframework.beans.factory.support.DefaultListableBeanFactory] Returning cached instance of singleton bean 'ldapConfig'
2016-02-08 20:19:57,182 DEBUG   main [org.springframework.beans.factory.annotation.AutowiredAnnotationBeanPostProcessor] Autowiring by type from bean name 'userReposImpl' to bean named 'ldapConfig'
2016-02-08 20:19:57,182 DEBUG   main [org.springframework.beans.factory.annotation.InjectionMetadata] Processing injected element of bean 'userReposImpl': AutowiredFieldElement for private org.springframework.ldap.core.LdapTemplate gov.fema.adminportal.ldap.repository.UserRepositoryImpl.ldapTemplate
2016-02-08 20:19:57,182 DEBUG   main [org.springframework.beans.factory.support.DefaultListableBeanFactory] Returning cached instance of singleton bean 'ldapTemplate'
2016-02-08 20:19:57,182 DEBUG   main [org.springframework.beans.factory.annotation.AutowiredAnnotationBeanPostProcessor] Autowiring by type from bean name 'userReposImpl' to bean named 'ldapTemplate'
2016-02-08 20:19:57,182 DEBUG   main [org.springframework.beans.factory.support.DefaultListableBeanFactory] Finished creating instance of bean 'userReposImpl'
2016-02-08 20:19:57,182 DEBUG   main [org.springframework.beans.factory.support.DefaultListableBeanFactory] Returning cached instance of singleton bean 'contextSource'
2016-02-08 20:19:57,182 DEBUG   main [org.springframework.beans.factory.support.DefaultListableBeanFactory] Returning cached instance of singleton bean 'ldapTemplate'
2016-02-08 20:19:57,182 DEBUG   main [org.springframework.beans.factory.support.DefaultListableBeanFactory] Returning cached instance of singleton bean 'org.springframework.context.annotation.ConfigurationClassPostProcessor.importAwareProcessor'
2016-02-08 20:19:57,183 DEBUG   main [org.springframework.beans.factory.support.DefaultListableBeanFactory] Returning cached instance of singleton bean 'org.springframework.context.annotation.ConfigurationClassPostProcessor.enhancedConfigurationProcessor'
2016-02-08 20:19:57,183 DEBUG   main [org.springframework.context.support.ClassPathXmlApplicationContext] Unable to locate LifecycleProcessor with name 'lifecycleProcessor': using default [org.springframework.context.support.DefaultLifecycleProcessor@28b6a606]
2016-02-08 20:19:57,183 DEBUG   main [org.springframework.beans.factory.support.DefaultListableBeanFactory] Returning cached instance of singleton bean 'lifecycleProcessor'
2016-02-08 20:19:57,183 TRACE   main [org.springframework.context.support.ClassPathXmlApplicationContext] Publishing event in org.springframework.context.support.ClassPathXmlApplicationContext@6ed6ee82: org.springframework.context.event.ContextRefreshedEvent[source=org.springframework.context.support.ClassPathXmlApplicationContext@6ed6ee82: startup date [Mon Feb 08 20:19:57 EST 2016]; root of context hierarchy]
2016-02-08 20:19:57,183 TRACE   main [org.springframework.core.env.PropertySourcesPropertyResolver] getProperty("spring.liveBeansView.mbeanDomain", String)
2016-02-08 20:19:57,183 DEBUG   main [org.springframework.core.env.PropertySourcesPropertyResolver] Searching for key 'spring.liveBeansView.mbeanDomain' in [systemProperties]
2016-02-08 20:19:57,183 DEBUG   main [org.springframework.core.env.PropertySourcesPropertyResolver] Searching for key 'spring.liveBeansView.mbeanDomain' in [systemEnvironment]
2016-02-08 20:19:57,184 DEBUG   main [org.springframework.core.env.PropertySourcesPropertyResolver] Could not find key 'spring.liveBeansView.mbeanDomain' in any property source. Returning [null]
2016-02-08 20:19:57,184 INFO   main [org.springframework.context.support.ClassPathXmlApplicationContext] Closing org.springframework.context.support.ClassPathXmlApplicationContext@6ed6ee82: startup date [Mon Feb 08 20:19:57 EST 2016]; root of context hierarchy
2016-02-08 20:19:57,184 TRACE   main [org.springframework.context.support.ClassPathXmlApplicationContext] Publishing event in org.springframework.context.support.ClassPathXmlApplicationContext@6ed6ee82: org.springframework.context.event.ContextClosedEvent[source=org.springframework.context.support.ClassPathXmlApplicationContext@6ed6ee82: startup date [Mon Feb 08 20:19:57 EST 2016]; root of context hierarchy]
2016-02-08 20:19:57,185 DEBUG   main [org.springframework.beans.factory.support.DefaultListableBeanFactory] Returning cached instance of singleton bean 'lifecycleProcessor'
2016-02-08 20:19:57,185 DEBUG   main [org.springframework.beans.factory.support.DefaultListableBeanFactory] Destroying singletons in org.springframework.beans.factory.support.DefaultListableBeanFactory@44dbf981: defining beans [org.springframework.context.support.PropertySourcesPlaceholderConfigurer#0,ldapConfig,userRepositoryImpl,org.springframework.context.annotation.internalConfigurationAnnotationProcessor,org.springframework.context.annotation.internalAutowiredAnnotationProcessor,org.springframework.context.annotation.internalRequiredAnnotationProcessor,org.springframework.context.annotation.internalCommonAnnotationProcessor,simpleDirContextAuthenticationStrategy,userReposImpl,contextSource,ldapTemplate,org.springframework.context.annotation.ConfigurationClassPostProcessor.importAwareProcessor,org.springframework.context.annotation.ConfigurationClassPostProcessor.enhancedConfigurationProcessor]; root of factory hierarchy
2016-02-08 20:19:57,185 DEBUG   main [org.springframework.beans.factory.support.DefaultListableBeanFactory] Retrieved dependent beans for bean '(inner bean)#41710e92': [contextSource]
2016-02-08 20:19:57,185 DEBUG   main [org.springframework.beans.factory.support.DefaultListableBeanFactory] Retrieved dependent beans for bean '(inner bean)#6573b4ce': [(inner bean)#41710e92]
2016-02-08 20:33:42,530 DEBUG   main [org.springframework.core.env.StandardEnvironment] Initializing new StandardEnvironment
2016-02-08 20:33:42,539 DEBUG   main [org.springframework.core.env.StandardEnvironment] Adding [systemProperties] PropertySource with lowest search precedence
2016-02-08 20:33:42,546 DEBUG   main [org.springframework.core.env.StandardEnvironment] Adding [systemEnvironment] PropertySource with lowest search precedence
2016-02-08 20:33:42,546 DEBUG   main [org.springframework.core.env.StandardEnvironment] Initialized StandardEnvironment with PropertySources [systemProperties,systemEnvironment]
2016-02-08 20:33:42,553 INFO   main [org.springframework.context.support.ClassPathXmlApplicationContext] Refreshing org.springframework.context.support.ClassPathXmlApplicationContext@389613a: startup date [Mon Feb 08 20:33:42 EST 2016]; root of context hierarchy
2016-02-08 20:38:10,223 DEBUG   main [org.springframework.core.env.StandardEnvironment] Initializing new StandardEnvironment
2016-02-08 20:38:10,230 DEBUG   main [org.springframework.core.env.StandardEnvironment] Adding [systemProperties] PropertySource with lowest search precedence
2016-02-08 20:38:10,233 DEBUG   main [org.springframework.core.env.StandardEnvironment] Adding [systemEnvironment] PropertySource with lowest search precedence
2016-02-08 20:38:10,233 DEBUG   main [org.springframework.core.env.StandardEnvironment] Initialized StandardEnvironment with PropertySources [systemProperties,systemEnvironment]
2016-02-08 20:38:10,242 INFO   main [org.springframework.context.support.ClassPathXmlApplicationContext] Refreshing org.springframework.context.support.ClassPathXmlApplicationContext@5b4ec310: startup date [Mon Feb 08 20:38:10 EST 2016]; root of context hierarchy
2016-02-08 20:38:10,346 DEBUG   main [org.springframework.core.env.StandardEnvironment] Initializing new StandardEnvironment
2016-02-08 20:38:10,346 DEBUG   main [org.springframework.core.env.StandardEnvironment] Adding [systemProperties] PropertySource with lowest search precedence
2016-02-08 20:38:10,346 DEBUG   main [org.springframework.core.env.StandardEnvironment] Adding [systemEnvironment] PropertySource with lowest search precedence
2016-02-08 20:38:10,347 DEBUG   main [org.springframework.core.env.StandardEnvironment] Initialized StandardEnvironment with PropertySources [systemProperties,systemEnvironment]
2016-02-08 20:38:10,348 DEBUG   main [org.springframework.core.env.StandardEnvironment] Initializing new StandardEnvironment
2016-02-08 20:38:10,349 DEBUG   main [org.springframework.core.env.StandardEnvironment] Adding [systemProperties] PropertySource with lowest search precedence
2016-02-08 20:38:10,349 DEBUG   main [org.springframework.core.env.StandardEnvironment] Adding [systemEnvironment] PropertySource with lowest search precedence
2016-02-08 20:38:10,349 DEBUG   main [org.springframework.core.env.StandardEnvironment] Initialized StandardEnvironment with PropertySources [systemProperties,systemEnvironment]
2016-02-08 20:38:10,383 INFO   main [org.springframework.beans.factory.xml.XmlBeanDefinitionReader] Loading XML bean definitions from class path resource [spring-ldap-example.xml]
2016-02-08 20:38:10,390 DEBUG   main [org.springframework.beans.factory.xml.DefaultDocumentLoader] Using JAXP provider [com.sun.org.apache.xerces.internal.jaxp.DocumentBuilderFactoryImpl]
2016-02-08 20:38:10,481 TRACE   main [org.springframework.beans.factory.xml.PluggableSchemaResolver] Trying to resolve XML entity with public id [null] and system id [http://www.springframework.org/schema/beans/spring-beans.xsd]
2016-02-08 20:38:10,481 DEBUG   main [org.springframework.beans.factory.xml.PluggableSchemaResolver] Loading schema mappings from [META-INF/spring.schemas]
2016-02-08 20:38:10,497 DEBUG   main [org.springframework.beans.factory.xml.PluggableSchemaResolver] Loaded schema mappings: {http://www.springframework.org/schema/util/spring-util.xsd=org/springframework/beans/factory/xml/spring-util-3.1.xsd, http://www.springframework.org/schema/task/spring-task.xsd=org/springframework/scheduling/config/spring-task-3.1.xsd, http://www.springframework.org/schema/beans/spring-beans-3.1.xsd=org/springframework/beans/factory/xml/spring-beans-3.1.xsd, http://www.springframework.org/schema/cache/spring-cache.xsd=org/springframework/cache/config/spring-cache-3.1.xsd, http://www.springframework.org/schema/aop/spring-aop-3.0.xsd=org/springframework/aop/config/spring-aop-3.0.xsd, http://www.springframework.org/schema/task/spring-task-3.1.xsd=org/springframework/scheduling/config/spring-task-3.1.xsd, http://www.springframework.org/schema/aop/spring-aop-2.0.xsd=org/springframework/aop/config/spring-aop-2.0.xsd, http://www.springframework.org/schema/tool/spring-tool-2.5.xsd=org/springframework/beans/factory/xml/spring-tool-2.5.xsd, http://www.springframework.org/schema/beans/spring-beans.xsd=org/springframework/beans/factory/xml/spring-beans-3.1.xsd, http://www.springframework.org/schema/jee/spring-jee-2.5.xsd=org/springframework/ejb/config/spring-jee-2.5.xsd, http://www.springframework.org/schema/tool/spring-tool-3.1.xsd=org/springframework/beans/factory/xml/spring-tool-3.1.xsd, http://www.springframework.org/schema/jee/spring-jee-3.1.xsd=org/springframework/ejb/config/spring-jee-3.1.xsd, http://www.springframework.org/schema/aop/spring-aop.xsd=org/springframework/aop/config/spring-aop-3.1.xsd, http://www.springframework.org/schema/beans/spring-beans-2.0.xsd=org/springframework/beans/factory/xml/spring-beans-2.0.xsd, http://www.springframework.org/schema/beans/spring-beans-3.0.xsd=org/springframework/beans/factory/xml/spring-beans-3.0.xsd, http://www.springframework.org/schema/task/spring-task-3.0.xsd=org/springframework/scheduling/config/spring-task-3.0.xsd, http://www.springframework.org/schema/data/repository/spring-repository-1.5.xsd=org/springframework/data/repository/config/spring-repository-1.5.xsd, http://www.springframework.org/schema/tx/spring-tx-2.5.xsd=org/springframework/transaction/config/spring-tx-2.5.xsd, http://www.springframework.org/schema/ldap/spring-ldap.xsd=org/springframework/ldap/config/spring-ldap-2.0.xsd, http://www.springframework.org/schema/context/spring-context-2.5.xsd=org/springframework/context/config/spring-context-2.5.xsd, http://www.springframework.org/schema/ldap/spring-ldap-2.0.xsd=org/springframework/ldap/config/spring-ldap-2.0.xsd, http://www.springframework.org/schema/tool/spring-tool-3.0.xsd=org/springframework/beans/factory/xml/spring-tool-3.0.xsd, http://www.springframework.org/schema/tx/spring-tx.xsd=org/springframework/transaction/config/spring-tx-3.1.xsd, http://www.springframework.org/schema/tool/spring-tool-2.0.xsd=org/springframework/beans/factory/xml/spring-tool-2.0.xsd, http://www.springframework.org/schema/util/spring-util-2.5.xsd=org/springframework/beans/factory/xml/spring-util-2.5.xsd, http://www.springframework.org/schema/lang/spring-lang.xsd=org/springframework/scripting/config/spring-lang-3.1.xsd, http://www.springframework.org/schema/lang/spring-lang-2.5.xsd=org/springframework/scripting/config/spring-lang-2.5.xsd, http://www.springframework.org/schema/jee/spring-jee-3.0.xsd=org/springframework/ejb/config/spring-jee-3.0.xsd, http://www.springframework.org/schema/tx/spring-tx-3.1.xsd=org/springframework/transaction/config/spring-tx-3.1.xsd, http://www.springframework.org/schema/jee/spring-jee-2.0.xsd=org/springframework/ejb/config/spring-jee-2.0.xsd, http://www.springframework.org/schema/context/spring-context-3.1.xsd=org/springframework/context/config/spring-context-3.1.xsd, http://www.springframework.org/schema/util/spring-util-3.1.xsd=org/springframework/beans/factory/xml/spring-util-3.1.xsd, http://www.springframework.org/schema/lang/spring-lang-3.1.xsd=org/springframework/scripting/config/spring-lang-3.1.xsd, http://www.springframework.org/schema/cache/spring-cache-3.1.xsd=org/springframework/cache/config/spring-cache-3.1.xsd, http://www.springframework.org/schema/context/spring-context.xsd=org/springframework/context/config/spring-context-3.1.xsd, http://www.springframework.org/schema/jee/spring-jee.xsd=org/springframework/ejb/config/spring-jee-3.1.xsd, http://www.springframework.org/schema/data/repository/spring-repository-1.4.xsd=org/springframework/data/repository/config/spring-repository-1.4.xsd, http://www.springframework.org/schema/aop/spring-aop-2.5.xsd=org/springframework/aop/config/spring-aop-2.5.xsd, http://www.springframework.org/schema/data/repository/spring-repository.xsd=org/springframework/data/repository/config/spring-repository-1.5.xsd, http://www.springframework.org/schema/data/repository/spring-repository-1.0.xsd=org/springframework/data/repository/config/spring-repository-1.0.xsd, http://www.springframework.org/schema/tx/spring-tx-2.0.xsd=org/springframework/transaction/config/spring-tx-2.0.xsd, http://www.springframework.org/schema/aop/spring-aop-3.1.xsd=org/springframework/aop/config/spring-aop-3.1.xsd, http://www.springframework.org/schema/tx/spring-tx-3.0.xsd=org/springframework/transaction/config/spring-tx-3.0.xsd, http://www.springframework.org/schema/context/spring-context-3.0.xsd=org/springframework/context/config/spring-context-3.0.xsd, http://www.springframework.org/schema/tool/spring-tool.xsd=org/springframework/beans/factory/xml/spring-tool-3.1.xsd, http://www.springframework.org/schema/util/spring-util-3.0.xsd=org/springframework/beans/factory/xml/spring-util-3.0.xsd, http://www.springframework.org/schema/lang/spring-lang-3.0.xsd=org/springframework/scripting/config/spring-lang-3.0.xsd, http://www.springframework.org/schema/util/spring-util-2.0.xsd=org/springframework/beans/factory/xml/spring-util-2.0.xsd, http://www.springframework.org/schema/lang/spring-lang-2.0.xsd=org/springframework/scripting/config/spring-lang-2.0.xsd, http://www.springframework.org/schema/beans/spring-beans-2.5.xsd=org/springframework/beans/factory/xml/spring-beans-2.5.xsd}
2016-02-08 20:38:10,502 DEBUG   main [org.springframework.beans.factory.xml.PluggableSchemaResolver] Found XML schema [http://www.springframework.org/schema/beans/spring-beans.xsd] in classpath: org/springframework/beans/factory/xml/spring-beans-3.1.xsd
2016-02-08 20:38:10,617 TRACE   main [org.springframework.beans.factory.xml.PluggableSchemaResolver] Trying to resolve XML entity with public id [null] and system id [http://www.springframework.org/schema/context/spring-context.xsd]
2016-02-08 20:38:10,618 DEBUG   main [org.springframework.beans.factory.xml.PluggableSchemaResolver] Found XML schema [http://www.springframework.org/schema/context/spring-context.xsd] in classpath: org/springframework/context/config/spring-context-3.1.xsd
2016-02-08 20:38:10,635 TRACE   main [org.springframework.beans.factory.xml.PluggableSchemaResolver] Trying to resolve XML entity with public id [null] and system id [http://www.springframework.org/schema/tool/spring-tool-3.1.xsd]
2016-02-08 20:38:10,638 DEBUG   main [org.springframework.beans.factory.xml.PluggableSchemaResolver] Found XML schema [http://www.springframework.org/schema/tool/spring-tool-3.1.xsd] in classpath: org/springframework/beans/factory/xml/spring-tool-3.1.xsd
2016-02-08 20:38:10,658 TRACE   main [org.springframework.beans.factory.xml.PluggableSchemaResolver] Trying to resolve XML entity with public id [null] and system id [http://www.springframework.org/schema/ldap/spring-ldap.xsd]
2016-02-08 20:38:10,659 DEBUG   main [org.springframework.beans.factory.xml.PluggableSchemaResolver] Found XML schema [http://www.springframework.org/schema/ldap/spring-ldap.xsd] in classpath: org/springframework/ldap/config/spring-ldap-2.0.xsd
2016-02-08 20:38:10,693 TRACE   main [org.springframework.beans.factory.xml.PluggableSchemaResolver] Trying to resolve XML entity with public id [null] and system id [http://www.springframework.org/schema/data/repository/spring-repository.xsd]
2016-02-08 20:38:10,694 DEBUG   main [org.springframework.beans.factory.xml.PluggableSchemaResolver] Found XML schema [http://www.springframework.org/schema/data/repository/spring-repository.xsd] in classpath: org/springframework/data/repository/config/spring-repository-1.5.xsd
2016-02-08 20:38:10,734 DEBUG   main [org.springframework.beans.factory.xml.DefaultBeanDefinitionDocumentReader] Loading bean definitions
2016-02-08 20:38:10,760 DEBUG   main [org.springframework.beans.factory.xml.DefaultNamespaceHandlerResolver] Loaded NamespaceHandler mappings: {http://www.springframework.org/schema/p=org.springframework.beans.factory.xml.SimplePropertyNamespaceHandler, http://www.springframework.org/schema/util=org.springframework.beans.factory.xml.UtilNamespaceHandler, http://www.springframework.org/schema/jee=org.springframework.ejb.config.JeeNamespaceHandler, http://www.springframework.org/schema/aop=org.springframework.aop.config.AopNamespaceHandler, http://www.springframework.org/schema/data/repository=org.springframework.data.repository.config.RepositoryNameSpaceHandler, http://www.springframework.org/schema/cache=org.springframework.cache.config.CacheNamespaceHandler, http://www.springframework.org/schema/c=org.springframework.beans.factory.xml.SimpleConstructorNamespaceHandler, http://www.springframework.org/schema/ldap=org.springframework.ldap.config.LdapNamespaceHandler, http://www.springframework.org/schema/tx=org.springframework.transaction.config.TxNamespaceHandler, http://www.springframework.org/schema/task=org.springframework.scheduling.config.TaskNamespaceHandler, http://www.springframework.org/schema/lang=org.springframework.scripting.config.LangNamespaceHandler, http://www.springframework.org/schema/context=org.springframework.context.config.ContextNamespaceHandler}
2016-02-08 20:38:10,813 DEBUG   main [org.springframework.core.env.StandardEnvironment] Initializing new StandardEnvironment
2016-02-08 20:38:10,813 DEBUG   main [org.springframework.core.env.StandardEnvironment] Adding [systemProperties] PropertySource with lowest search precedence
2016-02-08 20:38:10,814 DEBUG   main [org.springframework.core.env.StandardEnvironment] Adding [systemEnvironment] PropertySource with lowest search precedence
2016-02-08 20:38:10,817 DEBUG   main [org.springframework.core.env.StandardEnvironment] Initialized StandardEnvironment with PropertySources [systemProperties,systemEnvironment]
2016-02-08 20:38:10,849 DEBUG   main [org.springframework.core.io.support.PathMatchingResourcePatternResolver] Looking for matching resources in directory tree [C:\Eclipse\workspace\SpringLdapProject3\bin\gov\fema\adminportal\ldap]
2016-02-08 20:38:10,849 DEBUG   main [org.springframework.core.io.support.PathMatchingResourcePatternResolver] Searching directory [C:\Eclipse\workspace\SpringLdapProject3\bin\gov\fema\adminportal\ldap] for files matching pattern [C:/Eclipse/workspace/SpringLdapProject3/bin/gov/fema/adminportal/ldap/**/*.class]
2016-02-08 20:38:10,851 DEBUG   main [org.springframework.core.io.support.PathMatchingResourcePatternResolver] Searching directory [C:\Eclipse\workspace\SpringLdapProject3\bin\gov\fema\adminportal\ldap\app] for files matching pattern [C:/Eclipse/workspace/SpringLdapProject3/bin/gov/fema/adminportal/ldap/**/*.class]
2016-02-08 20:38:10,854 DEBUG   main [org.springframework.core.io.support.PathMatchingResourcePatternResolver] Searching directory [C:\Eclipse\workspace\SpringLdapProject3\bin\gov\fema\adminportal\ldap\model] for files matching pattern [C:/Eclipse/workspace/SpringLdapProject3/bin/gov/fema/adminportal/ldap/**/*.class]
2016-02-08 20:38:10,865 DEBUG   main [org.springframework.core.io.support.PathMatchingResourcePatternResolver] Searching directory [C:\Eclipse\workspace\SpringLdapProject3\bin\gov\fema\adminportal\ldap\repository] for files matching pattern [C:/Eclipse/workspace/SpringLdapProject3/bin/gov/fema/adminportal/ldap/**/*.class]
2016-02-08 20:38:10,878 DEBUG   main [org.springframework.core.io.support.PathMatchingResourcePatternResolver] Resolved location pattern [classpath*:gov/fema/adminportal/ldap/**/*.class] to resources [file [C:\Eclipse\workspace\SpringLdapProject3\bin\gov\fema\adminportal\ldap\app\LdapApp.class], file [C:\Eclipse\workspace\SpringLdapProject3\bin\gov\fema\adminportal\ldap\model\Group.class], file [C:\Eclipse\workspace\SpringLdapProject3\bin\gov\fema\adminportal\ldap\model\LDAPConfig.class], file [C:\Eclipse\workspace\SpringLdapProject3\bin\gov\fema\adminportal\ldap\model\User.class], file [C:\Eclipse\workspace\SpringLdapProject3\bin\gov\fema\adminportal\ldap\repository\UserRepository.class], file [C:\Eclipse\workspace\SpringLdapProject3\bin\gov\fema\adminportal\ldap\repository\UserRepositoryImpl$1.class], file [C:\Eclipse\workspace\SpringLdapProject3\bin\gov\fema\adminportal\ldap\repository\UserRepositoryImpl$MultipleAttributesMapper.class], file [C:\Eclipse\workspace\SpringLdapProject3\bin\gov\fema\adminportal\ldap\repository\UserRepositoryImpl$SingleAttributesMapper.class], file [C:\Eclipse\workspace\SpringLdapProject3\bin\gov\fema\adminportal\ldap\repository\UserRepositoryImpl$UserAttributesMapper.class], file [C:\Eclipse\workspace\SpringLdapProject3\bin\gov\fema\adminportal\ldap\repository\UserRepositoryImpl.class]]
2016-02-08 20:38:10,878 TRACE   main [org.springframework.context.annotation.ClassPathBeanDefinitionScanner] Scanning file [C:\Eclipse\workspace\SpringLdapProject3\bin\gov\fema\adminportal\ldap\app\LdapApp.class]
2016-02-08 20:38:10,901 TRACE   main [org.springframework.context.annotation.ClassPathBeanDefinitionScanner] Ignored because not matching any filter: file [C:\Eclipse\workspace\SpringLdapProject3\bin\gov\fema\adminportal\ldap\app\LdapApp.class]
2016-02-08 20:38:10,901 TRACE   main [org.springframework.context.annotation.ClassPathBeanDefinitionScanner] Scanning file [C:\Eclipse\workspace\SpringLdapProject3\bin\gov\fema\adminportal\ldap\model\Group.class]
2016-02-08 20:38:10,902 TRACE   main [org.springframework.context.annotation.ClassPathBeanDefinitionScanner] Ignored because not matching any filter: file [C:\Eclipse\workspace\SpringLdapProject3\bin\gov\fema\adminportal\ldap\model\Group.class]
2016-02-08 20:38:10,902 TRACE   main [org.springframework.context.annotation.ClassPathBeanDefinitionScanner] Scanning file [C:\Eclipse\workspace\SpringLdapProject3\bin\gov\fema\adminportal\ldap\model\LDAPConfig.class]
2016-02-08 20:38:10,902 TRACE   main [org.springframework.context.annotation.ClassPathBeanDefinitionScanner] Ignored because not matching any filter: file [C:\Eclipse\workspace\SpringLdapProject3\bin\gov\fema\adminportal\ldap\model\LDAPConfig.class]
2016-02-08 20:38:10,903 TRACE   main [org.springframework.context.annotation.ClassPathBeanDefinitionScanner] Scanning file [C:\Eclipse\workspace\SpringLdapProject3\bin\gov\fema\adminportal\ldap\model\User.class]
2016-02-08 20:38:10,904 TRACE   main [org.springframework.context.annotation.ClassPathBeanDefinitionScanner] Ignored because not matching any filter: file [C:\Eclipse\workspace\SpringLdapProject3\bin\gov\fema\adminportal\ldap\model\User.class]
2016-02-08 20:38:10,904 TRACE   main [org.springframework.context.annotation.ClassPathBeanDefinitionScanner] Scanning file [C:\Eclipse\workspace\SpringLdapProject3\bin\gov\fema\adminportal\ldap\repository\UserRepository.class]
2016-02-08 20:38:10,906 TRACE   main [org.springframework.context.annotation.ClassPathBeanDefinitionScanner] Ignored because not matching any filter: file [C:\Eclipse\workspace\SpringLdapProject3\bin\gov\fema\adminportal\ldap\repository\UserRepository.class]
2016-02-08 20:38:10,907 TRACE   main [org.springframework.context.annotation.ClassPathBeanDefinitionScanner] Scanning file [C:\Eclipse\workspace\SpringLdapProject3\bin\gov\fema\adminportal\ldap\repository\UserRepositoryImpl$1.class]
2016-02-08 20:38:10,907 TRACE   main [org.springframework.context.annotation.ClassPathBeanDefinitionScanner] Ignored because not matching any filter: file [C:\Eclipse\workspace\SpringLdapProject3\bin\gov\fema\adminportal\ldap\repository\UserRepositoryImpl$1.class]
2016-02-08 20:38:10,908 TRACE   main [org.springframework.context.annotation.ClassPathBeanDefinitionScanner] Scanning file [C:\Eclipse\workspace\SpringLdapProject3\bin\gov\fema\adminportal\ldap\repository\UserRepositoryImpl$MultipleAttributesMapper.class]
2016-02-08 20:38:10,908 TRACE   main [org.springframework.context.annotation.ClassPathBeanDefinitionScanner] Ignored because not matching any filter: file [C:\Eclipse\workspace\SpringLdapProject3\bin\gov\fema\adminportal\ldap\repository\UserRepositoryImpl$MultipleAttributesMapper.class]
2016-02-08 20:38:10,909 TRACE   main [org.springframework.context.annotation.ClassPathBeanDefinitionScanner] Scanning file [C:\Eclipse\workspace\SpringLdapProject3\bin\gov\fema\adminportal\ldap\repository\UserRepositoryImpl$SingleAttributesMapper.class]
2016-02-08 20:38:10,912 TRACE   main [org.springframework.context.annotation.ClassPathBeanDefinitionScanner] Ignored because not matching any filter: file [C:\Eclipse\workspace\SpringLdapProject3\bin\gov\fema\adminportal\ldap\repository\UserRepositoryImpl$SingleAttributesMapper.class]
2016-02-08 20:38:10,912 TRACE   main [org.springframework.context.annotation.ClassPathBeanDefinitionScanner] Scanning file [C:\Eclipse\workspace\SpringLdapProject3\bin\gov\fema\adminportal\ldap\repository\UserRepositoryImpl$UserAttributesMapper.class]
2016-02-08 20:38:10,913 TRACE   main [org.springframework.context.annotation.ClassPathBeanDefinitionScanner] Ignored because not matching any filter: file [C:\Eclipse\workspace\SpringLdapProject3\bin\gov\fema\adminportal\ldap\repository\UserRepositoryImpl$UserAttributesMapper.class]
2016-02-08 20:38:10,913 TRACE   main [org.springframework.context.annotation.ClassPathBeanDefinitionScanner] Scanning file [C:\Eclipse\workspace\SpringLdapProject3\bin\gov\fema\adminportal\ldap\repository\UserRepositoryImpl.class]
2016-02-08 20:38:10,919 DEBUG   main [org.springframework.context.annotation.ClassPathBeanDefinitionScanner] Identified candidate component class: file [C:\Eclipse\workspace\SpringLdapProject3\bin\gov\fema\adminportal\ldap\repository\UserRepositoryImpl.class]
2016-02-08 20:38:10,984 DEBUG   main [org.springframework.beans.factory.xml.XmlBeanDefinitionReader] Loaded 11 bean definitions from location pattern [spring-ldap-example.xml]
2016-02-08 20:38:10,984 DEBUG   main [org.springframework.context.support.ClassPathXmlApplicationContext] Bean factory for org.springframework.context.support.ClassPathXmlApplicationContext@5b4ec310: org.springframework.beans.factory.support.DefaultListableBeanFactory@3731da31: defining beans [org.springframework.context.support.PropertySourcesPlaceholderConfigurer#0,ldapConfig,userRepositoryImpl,org.springframework.context.annotation.internalConfigurationAnnotationProcessor,org.springframework.context.annotation.internalAutowiredAnnotationProcessor,org.springframework.context.annotation.internalRequiredAnnotationProcessor,org.springframework.context.annotation.internalCommonAnnotationProcessor,simpleDirContextAuthenticationStrategy,userReposImpl,contextSource,ldapTemplate]; root of factory hierarchy
2016-02-08 20:38:11,032 DEBUG   main [org.springframework.beans.factory.support.DefaultListableBeanFactory] Creating shared instance of singleton bean 'org.springframework.context.annotation.internalConfigurationAnnotationProcessor'
2016-02-08 20:38:11,032 DEBUG   main [org.springframework.beans.factory.support.DefaultListableBeanFactory] Creating instance of bean 'org.springframework.context.annotation.internalConfigurationAnnotationProcessor'
2016-02-08 20:38:11,063 DEBUG   main [org.springframework.beans.factory.support.DefaultListableBeanFactory] Eagerly caching bean 'org.springframework.context.annotation.internalConfigurationAnnotationProcessor' to allow for resolving potential circular references
2016-02-08 20:38:11,064 DEBUG   main [org.springframework.beans.factory.support.DefaultListableBeanFactory] Finished creating instance of bean 'org.springframework.context.annotation.internalConfigurationAnnotationProcessor'
2016-02-08 20:38:11,166 DEBUG   main [org.springframework.beans.factory.support.DefaultListableBeanFactory] Creating shared instance of singleton bean 'org.springframework.context.support.PropertySourcesPlaceholderConfigurer#0'
2016-02-08 20:38:11,166 DEBUG   main [org.springframework.beans.factory.support.DefaultListableBeanFactory] Creating instance of bean 'org.springframework.context.support.PropertySourcesPlaceholderConfigurer#0'
2016-02-08 20:38:11,171 DEBUG   main [org.springframework.beans.factory.support.DefaultListableBeanFactory] Eagerly caching bean 'org.springframework.context.support.PropertySourcesPlaceholderConfigurer#0' to allow for resolving potential circular references
2016-02-08 20:38:11,180 TRACE   main [org.springframework.beans.CachedIntrospectionResults] Getting BeanInfo for class [org.springframework.context.support.PropertySourcesPlaceholderConfigurer]
2016-02-08 20:38:11,201 TRACE   main [org.springframework.beans.CachedIntrospectionResults] Caching PropertyDescriptors for class [org.springframework.context.support.PropertySourcesPlaceholderConfigurer]
2016-02-08 20:38:11,201 TRACE   main [org.springframework.beans.CachedIntrospectionResults] Found bean property 'beanFactory' of type [org.springframework.beans.factory.BeanFactory]
2016-02-08 20:38:11,202 TRACE   main [org.springframework.beans.CachedIntrospectionResults] Found bean property 'beanName' of type [java.lang.String]
2016-02-08 20:38:11,202 TRACE   main [org.springframework.beans.CachedIntrospectionResults] Found bean property 'class' of type [java.lang.Class]
2016-02-08 20:38:11,203 TRACE   main [org.springframework.beans.CachedIntrospectionResults] Found bean property 'environment' of type [org.springframework.core.env.Environment]
2016-02-08 20:38:11,203 TRACE   main [org.springframework.beans.CachedIntrospectionResults] Found bean property 'fileEncoding' of type [java.lang.String]
2016-02-08 20:38:11,203 TRACE   main [org.springframework.beans.CachedIntrospectionResults] Found bean property 'ignoreResourceNotFound' of type [boolean]
2016-02-08 20:38:11,203 TRACE   main [org.springframework.beans.CachedIntrospectionResults] Found bean property 'ignoreUnresolvablePlaceholders' of type [boolean]
2016-02-08 20:38:11,204 TRACE   main [org.springframework.beans.CachedIntrospectionResults] Found bean property 'localOverride' of type [boolean]
2016-02-08 20:38:11,204 TRACE   main [org.springframework.beans.CachedIntrospectionResults] Found bean property 'location' of type [org.springframework.core.io.Resource]
2016-02-08 20:38:11,204 TRACE   main [org.springframework.beans.CachedIntrospectionResults] Found bean property 'locations' of type [[Lorg.springframework.core.io.Resource;]
2016-02-08 20:38:11,205 TRACE   main [org.springframework.beans.CachedIntrospectionResults] Found bean property 'nullValue' of type [java.lang.String]
2016-02-08 20:38:11,205 TRACE   main [org.springframework.beans.CachedIntrospectionResults] Found bean property 'order' of type [int]
2016-02-08 20:38:11,205 TRACE   main [org.springframework.beans.CachedIntrospectionResults] Found bean property 'placeholderPrefix' of type [java.lang.String]
2016-02-08 20:38:11,205 TRACE   main [org.springframework.beans.CachedIntrospectionResults] Found bean property 'placeholderSuffix' of type [java.lang.String]
2016-02-08 20:38:11,205 TRACE   main [org.springframework.beans.CachedIntrospectionResults] Found bean property 'properties' of type [java.util.Properties]
2016-02-08 20:38:11,205 TRACE   main [org.springframework.beans.CachedIntrospectionResults] Found bean property 'propertiesArray' of type [[Ljava.util.Properties;]
2016-02-08 20:38:11,205 TRACE   main [org.springframework.beans.CachedIntrospectionResults] Found bean property 'propertiesPersister' of type [org.springframework.util.PropertiesPersister]
2016-02-08 20:38:11,206 TRACE   main [org.springframework.beans.CachedIntrospectionResults] Found bean property 'propertySources' of type [org.springframework.core.env.PropertySources]
2016-02-08 20:38:11,206 TRACE   main [org.springframework.beans.CachedIntrospectionResults] Found bean property 'valueSeparator' of type [java.lang.String]
2016-02-08 20:38:11,214 DEBUG   main [org.springframework.beans.factory.support.DefaultListableBeanFactory] Finished creating instance of bean 'org.springframework.context.support.PropertySourcesPlaceholderConfigurer#0'
2016-02-08 20:38:11,214 DEBUG   main [org.springframework.core.env.MutablePropertySources] Adding [environmentProperties] PropertySource with lowest search precedence
2016-02-08 20:38:11,214 INFO   main [org.springframework.context.support.PropertySourcesPlaceholderConfigurer] Loading properties file from class path resource [ldap.properties]
2016-02-08 20:38:11,215 DEBUG   main [org.springframework.core.env.MutablePropertySources] Adding [localProperties] PropertySource with lowest search precedence
2016-02-08 20:38:11,218 TRACE   main [org.springframework.core.env.PropertySourcesPropertyResolver] getProperty("BoUser") (implicit targetType [String])
2016-02-08 20:38:11,219 TRACE   main [org.springframework.core.env.PropertySourcesPropertyResolver] getProperty("BoUser", String)
2016-02-08 20:38:11,219 DEBUG   main [org.springframework.core.env.PropertySourcesPropertyResolver] Searching for key 'BoUser' in [environmentProperties]
2016-02-08 20:38:11,219 TRACE   main [org.springframework.core.env.PropertySourcesPropertyResolver] getProperty("BoUser") (implicit targetType [String])
2016-02-08 20:38:11,219 TRACE   main [org.springframework.core.env.PropertySourcesPropertyResolver] getProperty("BoUser", String)
2016-02-08 20:38:11,219 DEBUG   main [org.springframework.core.env.PropertySourcesPropertyResolver] Searching for key 'BoUser' in [systemProperties]
2016-02-08 20:38:11,220 DEBUG   main [org.springframework.core.env.PropertySourcesPropertyResolver] Searching for key 'BoUser' in [systemEnvironment]
2016-02-08 20:38:11,222 TRACE   main [org.springframework.core.env.SystemEnvironmentPropertySource] PropertySource [systemEnvironment] does not contain 'BoUser'
2016-02-08 20:38:11,223 TRACE   main [org.springframework.core.env.SystemEnvironmentPropertySource] PropertySource [systemEnvironment] does not contain 'BOUSER'
2016-02-08 20:38:11,224 DEBUG   main [org.springframework.core.env.PropertySourcesPropertyResolver] Could not find key 'BoUser' in any property source. Returning [null]
2016-02-08 20:38:11,224 DEBUG   main [org.springframework.core.env.PropertySourcesPropertyResolver] Searching for key 'BoUser' in [localProperties]
2016-02-08 20:38:11,224 DEBUG   main [org.springframework.core.env.PropertySourcesPropertyResolver] Found key 'BoUser' in [localProperties] with type [String] and value 'ou=User,ou=BusinessObjectsDisaster,ou=system'
2016-02-08 20:38:11,226 TRACE   main [org.springframework.util.PropertyPlaceholderHelper] Resolved placeholder 'BoUser'
2016-02-08 20:38:11,227 TRACE   main [org.springframework.core.env.PropertySourcesPropertyResolver] getProperty("BoGroup") (implicit targetType [String])
2016-02-08 20:38:11,227 TRACE   main [org.springframework.core.env.PropertySourcesPropertyResolver] getProperty("BoGroup", String)
2016-02-08 20:38:11,227 DEBUG   main [org.springframework.core.env.PropertySourcesPropertyResolver] Searching for key 'BoGroup' in [environmentProperties]
2016-02-08 20:38:11,227 TRACE   main [org.springframework.core.env.PropertySourcesPropertyResolver] getProperty("BoGroup") (implicit targetType [String])
2016-02-08 20:38:11,227 TRACE   main [org.springframework.core.env.PropertySourcesPropertyResolver] getProperty("BoGroup", String)
2016-02-08 20:38:11,227 DEBUG   main [org.springframework.core.env.PropertySourcesPropertyResolver] Searching for key 'BoGroup' in [systemProperties]
2016-02-08 20:38:11,228 DEBUG   main [org.springframework.core.env.PropertySourcesPropertyResolver] Searching for key 'BoGroup' in [systemEnvironment]
2016-02-08 20:38:11,228 TRACE   main [org.springframework.core.env.SystemEnvironmentPropertySource] PropertySource [systemEnvironment] does not contain 'BoGroup'
2016-02-08 20:38:11,228 TRACE   main [org.springframework.core.env.SystemEnvironmentPropertySource] PropertySource [systemEnvironment] does not contain 'BOGROUP'
2016-02-08 20:38:11,228 DEBUG   main [org.springframework.core.env.PropertySourcesPropertyResolver] Could not find key 'BoGroup' in any property source. Returning [null]
2016-02-08 20:38:11,228 DEBUG   main [org.springframework.core.env.PropertySourcesPropertyResolver] Searching for key 'BoGroup' in [localProperties]
2016-02-08 20:38:11,228 DEBUG   main [org.springframework.core.env.PropertySourcesPropertyResolver] Found key 'BoGroup' in [localProperties] with type [String] and value 'ou=Group,ou=BusinessObjectsDisaster,ou=system'
2016-02-08 20:38:11,228 TRACE   main [org.springframework.util.PropertyPlaceholderHelper] Resolved placeholder 'BoGroup'
2016-02-08 20:38:11,229 TRACE   main [org.springframework.core.env.PropertySourcesPropertyResolver] getProperty("BoGroupPrefix") (implicit targetType [String])
2016-02-08 20:38:11,229 TRACE   main [org.springframework.core.env.PropertySourcesPropertyResolver] getProperty("BoGroupPrefix", String)
2016-02-08 20:38:11,229 DEBUG   main [org.springframework.core.env.PropertySourcesPropertyResolver] Searching for key 'BoGroupPrefix' in [environmentProperties]
2016-02-08 20:38:11,229 TRACE   main [org.springframework.core.env.PropertySourcesPropertyResolver] getProperty("BoGroupPrefix") (implicit targetType [String])
2016-02-08 20:38:11,229 TRACE   main [org.springframework.core.env.PropertySourcesPropertyResolver] getProperty("BoGroupPrefix", String)
2016-02-08 20:38:11,229 DEBUG   main [org.springframework.core.env.PropertySourcesPropertyResolver] Searching for key 'BoGroupPrefix' in [systemProperties]
2016-02-08 20:38:11,229 DEBUG   main [org.springframework.core.env.PropertySourcesPropertyResolver] Searching for key 'BoGroupPrefix' in [systemEnvironment]
2016-02-08 20:38:11,229 TRACE   main [org.springframework.core.env.SystemEnvironmentPropertySource] PropertySource [systemEnvironment] does not contain 'BoGroupPrefix'
2016-02-08 20:38:11,230 TRACE   main [org.springframework.core.env.SystemEnvironmentPropertySource] PropertySource [systemEnvironment] does not contain 'BOGROUPPREFIX'
2016-02-08 20:38:11,230 DEBUG   main [org.springframework.core.env.PropertySourcesPropertyResolver] Could not find key 'BoGroupPrefix' in any property source. Returning [null]
2016-02-08 20:38:11,230 DEBUG   main [org.springframework.core.env.PropertySourcesPropertyResolver] Searching for key 'BoGroupPrefix' in [localProperties]
2016-02-08 20:38:11,230 DEBUG   main [org.springframework.core.env.PropertySourcesPropertyResolver] Found key 'BoGroupPrefix' in [localProperties] with type [String] and value 'cn=Business_Objects_Disaster_Users_'
2016-02-08 20:38:11,230 TRACE   main [org.springframework.util.PropertyPlaceholderHelper] Resolved placeholder 'BoGroupPrefix'
2016-02-08 20:38:11,233 DEBUG   main [org.springframework.beans.factory.support.DefaultListableBeanFactory] Creating shared instance of singleton bean 'org.springframework.context.annotation.internalAutowiredAnnotationProcessor'
2016-02-08 20:38:11,233 DEBUG   main [org.springframework.beans.factory.support.DefaultListableBeanFactory] Creating instance of bean 'org.springframework.context.annotation.internalAutowiredAnnotationProcessor'
2016-02-08 20:38:11,234 DEBUG   main [org.springframework.beans.factory.support.DefaultListableBeanFactory] Eagerly caching bean 'org.springframework.context.annotation.internalAutowiredAnnotationProcessor' to allow for resolving potential circular references
2016-02-08 20:38:11,234 DEBUG   main [org.springframework.beans.factory.support.DefaultListableBeanFactory] Finished creating instance of bean 'org.springframework.context.annotation.internalAutowiredAnnotationProcessor'
2016-02-08 20:38:11,235 DEBUG   main [org.springframework.beans.factory.support.DefaultListableBeanFactory] Creating shared instance of singleton bean 'org.springframework.context.annotation.internalRequiredAnnotationProcessor'
2016-02-08 20:38:11,235 DEBUG   main [org.springframework.beans.factory.support.DefaultListableBeanFactory] Creating instance of bean 'org.springframework.context.annotation.internalRequiredAnnotationProcessor'
2016-02-08 20:38:11,235 DEBUG   main [org.springframework.beans.factory.support.DefaultListableBeanFactory] Eagerly caching bean 'org.springframework.context.annotation.internalRequiredAnnotationProcessor' to allow for resolving potential circular references
2016-02-08 20:38:11,235 DEBUG   main [org.springframework.beans.factory.support.DefaultListableBeanFactory] Finished creating instance of bean 'org.springframework.context.annotation.internalRequiredAnnotationProcessor'
2016-02-08 20:38:11,236 DEBUG   main [org.springframework.beans.factory.support.DefaultListableBeanFactory] Creating shared instance of singleton bean 'org.springframework.context.annotation.internalCommonAnnotationProcessor'
2016-02-08 20:38:11,236 DEBUG   main [org.springframework.beans.factory.support.DefaultListableBeanFactory] Creating instance of bean 'org.springframework.context.annotation.internalCommonAnnotationProcessor'
2016-02-08 20:38:11,241 DEBUG   main [org.springframework.beans.factory.support.DefaultListableBeanFactory] Eagerly caching bean 'org.springframework.context.annotation.internalCommonAnnotationProcessor' to allow for resolving potential circular references
2016-02-08 20:38:11,242 DEBUG   main [org.springframework.beans.factory.support.DefaultListableBeanFactory] Finished creating instance of bean 'org.springframework.context.annotation.internalCommonAnnotationProcessor'
2016-02-08 20:38:11,242 DEBUG   main [org.springframework.beans.factory.support.DefaultListableBeanFactory] Creating shared instance of singleton bean 'org.springframework.context.annotation.ConfigurationClassPostProcessor$ImportAwareBeanPostProcessor#0'
2016-02-08 20:38:11,242 DEBUG   main [org.springframework.beans.factory.support.DefaultListableBeanFactory] Creating instance of bean 'org.springframework.context.annotation.ConfigurationClassPostProcessor$ImportAwareBeanPostProcessor#0'
2016-02-08 20:38:11,242 DEBUG   main [org.springframework.beans.factory.support.DefaultListableBeanFactory] Eagerly caching bean 'org.springframework.context.annotation.ConfigurationClassPostProcessor$ImportAwareBeanPostProcessor#0' to allow for resolving potential circular references
2016-02-08 20:38:11,242 DEBUG   main [org.springframework.beans.factory.support.DefaultListableBeanFactory] Finished creating instance of bean 'org.springframework.context.annotation.ConfigurationClassPostProcessor$ImportAwareBeanPostProcessor#0'
2016-02-08 20:38:11,247 DEBUG   main [org.springframework.context.support.ClassPathXmlApplicationContext] Unable to locate MessageSource with name 'messageSource': using default [org.springframework.context.support.DelegatingMessageSource@2addc751]
2016-02-08 20:38:11,250 DEBUG   main [org.springframework.context.support.ClassPathXmlApplicationContext] Unable to locate ApplicationEventMulticaster with name 'applicationEventMulticaster': using default [org.springframework.context.event.SimpleApplicationEventMulticaster@6765b2e4]
2016-02-08 20:38:11,252 INFO   main [org.springframework.beans.factory.support.DefaultListableBeanFactory] Pre-instantiating singletons in org.springframework.beans.factory.support.DefaultListableBeanFactory@3731da31: defining beans [org.springframework.context.support.PropertySourcesPlaceholderConfigurer#0,ldapConfig,userRepositoryImpl,org.springframework.context.annotation.internalConfigurationAnnotationProcessor,org.springframework.context.annotation.internalAutowiredAnnotationProcessor,org.springframework.context.annotation.internalRequiredAnnotationProcessor,org.springframework.context.annotation.internalCommonAnnotationProcessor,simpleDirContextAuthenticationStrategy,userReposImpl,contextSource,ldapTemplate,org.springframework.context.annotation.ConfigurationClassPostProcessor$ImportAwareBeanPostProcessor#0]; root of factory hierarchy
2016-02-08 20:38:11,252 DEBUG   main [org.springframework.beans.factory.support.DefaultListableBeanFactory] Returning cached instance of singleton bean 'org.springframework.context.support.PropertySourcesPlaceholderConfigurer#0'
2016-02-08 20:38:11,252 DEBUG   main [org.springframework.beans.factory.support.DefaultListableBeanFactory] Creating shared instance of singleton bean 'ldapConfig'
2016-02-08 20:38:11,252 DEBUG   main [org.springframework.beans.factory.support.DefaultListableBeanFactory] Creating instance of bean 'ldapConfig'
2016-02-08 20:38:11,255 DEBUG   main [org.springframework.beans.factory.support.DefaultListableBeanFactory] Eagerly caching bean 'ldapConfig' to allow for resolving potential circular references
2016-02-08 20:38:11,255 TRACE   main [org.springframework.beans.CachedIntrospectionResults] Getting BeanInfo for class [gov.fema.adminportal.ldap.model.LDAPConfig]
2016-02-08 20:38:11,258 TRACE   main [org.springframework.beans.CachedIntrospectionResults] Caching PropertyDescriptors for class [gov.fema.adminportal.ldap.model.LDAPConfig]
2016-02-08 20:38:11,258 TRACE   main [org.springframework.beans.CachedIntrospectionResults] Found bean property 'boGroup' of type [java.lang.String]
2016-02-08 20:38:11,258 TRACE   main [org.springframework.beans.CachedIntrospectionResults] Found bean property 'boGroupPrefix' of type [java.lang.String]
2016-02-08 20:38:11,258 TRACE   main [org.springframework.beans.CachedIntrospectionResults] Found bean property 'boUser' of type [java.lang.String]
2016-02-08 20:38:11,258 TRACE   main [org.springframework.beans.CachedIntrospectionResults] Found bean property 'class' of type [java.lang.Class]
2016-02-08 20:38:11,284 DEBUG   main [org.springframework.beans.factory.support.DefaultListableBeanFactory] Finished creating instance of bean 'ldapConfig'
2016-02-08 20:38:11,284 DEBUG   main [org.springframework.beans.factory.support.DefaultListableBeanFactory] Creating shared instance of singleton bean 'userRepositoryImpl'
2016-02-08 20:38:11,284 DEBUG   main [org.springframework.beans.factory.support.DefaultListableBeanFactory] Creating instance of bean 'userRepositoryImpl'
2016-02-08 20:38:11,295 DEBUG   main [org.springframework.beans.factory.annotation.InjectionMetadata] Found injected element on class [gov.fema.adminportal.ldap.repository.UserRepositoryImpl]: AutowiredFieldElement for private gov.fema.adminportal.ldap.model.LDAPConfig gov.fema.adminportal.ldap.repository.UserRepositoryImpl.ldapConfig
2016-02-08 20:38:11,296 DEBUG   main [org.springframework.beans.factory.annotation.InjectionMetadata] Found injected element on class [gov.fema.adminportal.ldap.repository.UserRepositoryImpl]: AutowiredFieldElement for private org.springframework.ldap.core.LdapTemplate gov.fema.adminportal.ldap.repository.UserRepositoryImpl.ldapTemplate
2016-02-08 20:38:11,296 DEBUG   main [org.springframework.beans.factory.support.DefaultListableBeanFactory] Eagerly caching bean 'userRepositoryImpl' to allow for resolving potential circular references
2016-02-08 20:38:11,296 TRACE   main [org.springframework.beans.CachedIntrospectionResults] Getting BeanInfo for class [gov.fema.adminportal.ldap.repository.UserRepositoryImpl]
2016-02-08 20:38:11,309 TRACE   main [org.springframework.beans.CachedIntrospectionResults] Caching PropertyDescriptors for class [gov.fema.adminportal.ldap.repository.UserRepositoryImpl]
2016-02-08 20:38:11,310 TRACE   main [org.springframework.beans.CachedIntrospectionResults] Found bean property 'allUserNames' of type [java.util.List]
2016-02-08 20:38:11,310 TRACE   main [org.springframework.beans.CachedIntrospectionResults] Found bean property 'allUsers' of type [java.util.List]
2016-02-08 20:38:11,310 TRACE   main [org.springframework.beans.CachedIntrospectionResults] Found bean property 'class' of type [java.lang.Class]
2016-02-08 20:38:11,311 DEBUG   main [org.springframework.beans.factory.annotation.InjectionMetadata] Processing injected method of bean 'userRepositoryImpl': AutowiredFieldElement for private gov.fema.adminportal.ldap.model.LDAPConfig gov.fema.adminportal.ldap.repository.UserRepositoryImpl.ldapConfig
2016-02-08 20:38:11,318 DEBUG   main [org.springframework.beans.factory.support.DefaultListableBeanFactory] Returning cached instance of singleton bean 'ldapConfig'
2016-02-08 20:38:11,318 DEBUG   main [org.springframework.beans.factory.annotation.AutowiredAnnotationBeanPostProcessor] Autowiring by type from bean name 'userRepositoryImpl' to bean named 'ldapConfig'
2016-02-08 20:38:11,319 DEBUG   main [org.springframework.beans.factory.annotation.InjectionMetadata] Processing injected method of bean 'userRepositoryImpl': AutowiredFieldElement for private org.springframework.ldap.core.LdapTemplate gov.fema.adminportal.ldap.repository.UserRepositoryImpl.ldapTemplate
2016-02-08 20:38:11,319 DEBUG   main [org.springframework.beans.factory.support.DefaultListableBeanFactory] Creating shared instance of singleton bean 'ldapTemplate'
2016-02-08 20:38:11,320 DEBUG   main [org.springframework.beans.factory.support.DefaultListableBeanFactory] Creating instance of bean 'ldapTemplate'
2016-02-08 20:38:11,335 DEBUG   main [org.springframework.beans.factory.support.DefaultListableBeanFactory] Eagerly caching bean 'ldapTemplate' to allow for resolving potential circular references
2016-02-08 20:38:11,335 TRACE   main [org.springframework.beans.CachedIntrospectionResults] Getting BeanInfo for class [org.springframework.ldap.core.LdapTemplate]
2016-02-08 20:38:11,398 TRACE   main [org.springframework.beans.CachedIntrospectionResults] Caching PropertyDescriptors for class [org.springframework.ldap.core.LdapTemplate]
2016-02-08 20:38:11,399 TRACE   main [org.springframework.beans.CachedIntrospectionResults] Found bean property 'class' of type [java.lang.Class]
2016-02-08 20:38:11,400 TRACE   main [org.springframework.beans.CachedIntrospectionResults] Found bean property 'contextSource' of type [org.springframework.ldap.core.ContextSource]
2016-02-08 20:38:11,401 TRACE   main [org.springframework.beans.CachedIntrospectionResults] Found bean property 'defaultCountLimit' of type [int]
2016-02-08 20:38:11,401 TRACE   main [org.springframework.beans.CachedIntrospectionResults] Found bean property 'defaultSearchScope' of type [int]
2016-02-08 20:38:11,401 TRACE   main [org.springframework.beans.CachedIntrospectionResults] Found bean property 'defaultTimeLimit' of type [int]
2016-02-08 20:38:11,401 TRACE   main [org.springframework.beans.CachedIntrospectionResults] Found bean property 'ignoreNameNotFoundException' of type [boolean]
2016-02-08 20:38:11,401 TRACE   main [org.springframework.beans.CachedIntrospectionResults] Found bean property 'ignorePartialResultException' of type [boolean]
2016-02-08 20:38:11,402 TRACE   main [org.springframework.beans.CachedIntrospectionResults] Found bean property 'ignoreSizeLimitExceededException' of type [boolean]
2016-02-08 20:38:11,402 TRACE   main [org.springframework.beans.CachedIntrospectionResults] Found bean property 'objectDirectoryMapper' of type [org.springframework.ldap.odm.core.ObjectDirectoryMapper]
2016-02-08 20:38:11,402 DEBUG   main [org.springframework.beans.factory.support.DefaultListableBeanFactory] Creating shared instance of singleton bean 'contextSource'
2016-02-08 20:38:11,404 DEBUG   main [org.springframework.beans.factory.support.DefaultListableBeanFactory] Creating instance of bean 'contextSource'
2016-02-08 20:38:11,412 DEBUG   main [org.springframework.beans.factory.support.DefaultListableBeanFactory] Creating instance of bean '(inner bean)'
2016-02-08 20:38:11,441 TRACE   main [org.springframework.beans.CachedIntrospectionResults] Getting BeanInfo for class [org.springframework.ldap.core.support.LdapContextSource]
2016-02-08 20:38:11,463 TRACE   main [org.springframework.beans.CachedIntrospectionResults] Caching PropertyDescriptors for class [org.springframework.ldap.core.support.LdapContextSource]
2016-02-08 20:38:11,463 TRACE   main [org.springframework.beans.CachedIntrospectionResults] Found bean property 'anonymousReadOnly' of type [boolean]
2016-02-08 20:38:11,463 TRACE   main [org.springframework.beans.CachedIntrospectionResults] Found bean property 'authenticationSource' of type [org.springframework.ldap.core.AuthenticationSource]
2016-02-08 20:38:11,463 TRACE   main [org.springframework.beans.CachedIntrospectionResults] Found bean property 'authenticationStrategy' of type [org.springframework.ldap.core.support.DirContextAuthenticationStrategy]
2016-02-08 20:38:11,464 TRACE   main [org.springframework.beans.CachedIntrospectionResults] Found bean property 'base' of type [java.lang.String]
2016-02-08 20:38:11,464 TRACE   main [org.springframework.beans.CachedIntrospectionResults] Found bean property 'baseEnvironmentProperties' of type [java.util.Map]
2016-02-08 20:38:11,464 TRACE   main [org.springframework.beans.CachedIntrospectionResults] Found bean property 'baseLdapName' of type [javax.naming.ldap.LdapName]
2016-02-08 20:38:11,464 TRACE   main [org.springframework.beans.CachedIntrospectionResults] Found bean property 'baseLdapPath' of type [org.springframework.ldap.core.DistinguishedName]
2016-02-08 20:38:11,464 TRACE   main [org.springframework.beans.CachedIntrospectionResults] Found bean property 'baseLdapPathAsString' of type [java.lang.String]
2016-02-08 20:38:11,464 TRACE   main [org.springframework.beans.CachedIntrospectionResults] Found bean property 'cacheEnvironmentProperties' of type [boolean]
2016-02-08 20:38:11,464 TRACE   main [org.springframework.beans.CachedIntrospectionResults] Found bean property 'class' of type [java.lang.Class]
2016-02-08 20:38:11,464 TRACE   main [org.springframework.beans.CachedIntrospectionResults] Found bean property 'contextFactory' of type [java.lang.Class]
2016-02-08 20:38:11,464 TRACE   main [org.springframework.beans.CachedIntrospectionResults] Found bean property 'dirObjectFactory' of type [java.lang.Class]
2016-02-08 20:38:11,465 TRACE   main [org.springframework.beans.CachedIntrospectionResults] Found bean property 'password' of type [java.lang.String]
2016-02-08 20:38:11,465 TRACE   main [org.springframework.beans.CachedIntrospectionResults] Found bean property 'pooled' of type [boolean]
2016-02-08 20:38:11,465 TRACE   main [org.springframework.beans.CachedIntrospectionResults] Found bean property 'readOnlyContext' of type [javax.naming.directory.DirContext]
2016-02-08 20:38:11,465 TRACE   main [org.springframework.beans.CachedIntrospectionResults] Found bean property 'readWriteContext' of type [javax.naming.directory.DirContext]
2016-02-08 20:38:11,465 TRACE   main [org.springframework.beans.CachedIntrospectionResults] Found bean property 'referral' of type [java.lang.String]
2016-02-08 20:38:11,465 TRACE   main [org.springframework.beans.CachedIntrospectionResults] Found bean property 'url' of type [java.lang.String]
2016-02-08 20:38:11,465 TRACE   main [org.springframework.beans.CachedIntrospectionResults] Found bean property 'urls' of type [[Ljava.lang.String;]
2016-02-08 20:38:11,465 TRACE   main [org.springframework.beans.CachedIntrospectionResults] Found bean property 'userDn' of type [java.lang.String]
2016-02-08 20:38:11,466 DEBUG   main [org.springframework.beans.factory.support.DefaultListableBeanFactory] Creating instance of bean '(inner bean)'
2016-02-08 20:38:11,478 TRACE   main [org.springframework.beans.CachedIntrospectionResults] Getting BeanInfo for class [[Ljava.lang.String;]
2016-02-08 20:38:11,481 TRACE   main [org.springframework.beans.CachedIntrospectionResults] Caching PropertyDescriptors for class [[Ljava.lang.String;]
2016-02-08 20:38:11,481 TRACE   main [org.springframework.beans.CachedIntrospectionResults] Found bean property 'class' of type [java.lang.Class]
2016-02-08 20:38:11,482 DEBUG   main [org.springframework.beans.factory.support.DefaultListableBeanFactory] Finished creating instance of bean '(inner bean)'
2016-02-08 20:38:11,483 DEBUG   main [org.springframework.beans.factory.support.DefaultListableBeanFactory] Creating shared instance of singleton bean 'simpleDirContextAuthenticationStrategy'
2016-02-08 20:38:11,483 DEBUG   main [org.springframework.beans.factory.support.DefaultListableBeanFactory] Creating instance of bean 'simpleDirContextAuthenticationStrategy'
2016-02-08 20:38:11,483 DEBUG   main [org.springframework.beans.factory.support.DefaultListableBeanFactory] Eagerly caching bean 'simpleDirContextAuthenticationStrategy' to allow for resolving potential circular references
2016-02-08 20:38:11,484 TRACE   main [org.springframework.beans.CachedIntrospectionResults] Getting BeanInfo for class [org.springframework.ldap.core.support.SimpleDirContextAuthenticationStrategy]
2016-02-08 20:38:11,493 TRACE   main [org.springframework.beans.CachedIntrospectionResults] Caching PropertyDescriptors for class [org.springframework.ldap.core.support.SimpleDirContextAuthenticationStrategy]
2016-02-08 20:38:11,494 TRACE   main [org.springframework.beans.CachedIntrospectionResults] Found bean property 'class' of type [java.lang.Class]
2016-02-08 20:38:11,494 DEBUG   main [org.springframework.beans.factory.support.DefaultListableBeanFactory] Finished creating instance of bean 'simpleDirContextAuthenticationStrategy'
2016-02-08 20:38:11,496 DEBUG   main [org.springframework.beans.factory.support.DefaultListableBeanFactory] Invoking afterPropertiesSet() on bean with name '(inner bean)'
2016-02-08 20:38:11,498 DEBUG   main [org.springframework.beans.factory.support.DefaultListableBeanFactory] Finished creating instance of bean '(inner bean)'
2016-02-08 20:38:11,510 DEBUG   main [org.springframework.beans.factory.support.DefaultListableBeanFactory] Eagerly caching bean 'contextSource' to allow for resolving potential circular references
2016-02-08 20:38:11,510 TRACE   main [org.springframework.beans.CachedIntrospectionResults] Getting BeanInfo for class [org.springframework.ldap.transaction.compensating.manager.TransactionAwareContextSourceProxy]
2016-02-08 20:38:11,533 TRACE   main [org.springframework.beans.CachedIntrospectionResults] Caching PropertyDescriptors for class [org.springframework.ldap.transaction.compensating.manager.TransactionAwareContextSourceProxy]
2016-02-08 20:38:11,534 TRACE   main [org.springframework.beans.CachedIntrospectionResults] Found bean property 'baseLdapName' of type [javax.naming.ldap.LdapName]
2016-02-08 20:38:11,534 TRACE   main [org.springframework.beans.CachedIntrospectionResults] Found bean property 'baseLdapPath' of type [org.springframework.ldap.core.DistinguishedName]
2016-02-08 20:38:11,534 TRACE   main [org.springframework.beans.CachedIntrospectionResults] Found bean property 'baseLdapPathAsString' of type [java.lang.String]
2016-02-08 20:38:11,534 TRACE   main [org.springframework.beans.CachedIntrospectionResults] Found bean property 'class' of type [java.lang.Class]
2016-02-08 20:38:11,534 TRACE   main [org.springframework.beans.CachedIntrospectionResults] Found bean property 'readOnlyContext' of type [javax.naming.directory.DirContext]
2016-02-08 20:38:11,534 TRACE   main [org.springframework.beans.CachedIntrospectionResults] Found bean property 'readWriteContext' of type [javax.naming.directory.DirContext]
2016-02-08 20:38:11,534 TRACE   main [org.springframework.beans.CachedIntrospectionResults] Found bean property 'target' of type [org.springframework.ldap.core.ContextSource]
2016-02-08 20:38:11,535 DEBUG   main [org.springframework.beans.factory.support.DefaultListableBeanFactory] Finished creating instance of bean 'contextSource'
2016-02-08 20:38:11,535 DEBUG   main [org.springframework.beans.factory.support.DefaultListableBeanFactory] Invoking afterPropertiesSet() on bean with name 'ldapTemplate'
2016-02-08 20:38:11,536 DEBUG   main [org.springframework.beans.factory.support.DefaultListableBeanFactory] Finished creating instance of bean 'ldapTemplate'
2016-02-08 20:38:11,536 DEBUG   main [org.springframework.beans.factory.annotation.AutowiredAnnotationBeanPostProcessor] Autowiring by type from bean name 'userRepositoryImpl' to bean named 'ldapTemplate'
2016-02-08 20:38:11,536 DEBUG   main [org.springframework.beans.factory.support.DefaultListableBeanFactory] Finished creating instance of bean 'userRepositoryImpl'
2016-02-08 20:38:11,536 DEBUG   main [org.springframework.beans.factory.support.DefaultListableBeanFactory] Returning cached instance of singleton bean 'org.springframework.context.annotation.internalConfigurationAnnotationProcessor'
2016-02-08 20:38:11,536 DEBUG   main [org.springframework.beans.factory.support.DefaultListableBeanFactory] Returning cached instance of singleton bean 'org.springframework.context.annotation.internalAutowiredAnnotationProcessor'
2016-02-08 20:38:11,536 DEBUG   main [org.springframework.beans.factory.support.DefaultListableBeanFactory] Returning cached instance of singleton bean 'org.springframework.context.annotation.internalRequiredAnnotationProcessor'
2016-02-08 20:38:11,536 DEBUG   main [org.springframework.beans.factory.support.DefaultListableBeanFactory] Returning cached instance of singleton bean 'org.springframework.context.annotation.internalCommonAnnotationProcessor'
2016-02-08 20:38:11,536 DEBUG   main [org.springframework.beans.factory.support.DefaultListableBeanFactory] Returning cached instance of singleton bean 'simpleDirContextAuthenticationStrategy'
2016-02-08 20:38:11,537 DEBUG   main [org.springframework.beans.factory.support.DefaultListableBeanFactory] Creating shared instance of singleton bean 'userReposImpl'
2016-02-08 20:38:11,537 DEBUG   main [org.springframework.beans.factory.support.DefaultListableBeanFactory] Creating instance of bean 'userReposImpl'
2016-02-08 20:38:11,537 DEBUG   main [org.springframework.beans.factory.support.DefaultListableBeanFactory] Eagerly caching bean 'userReposImpl' to allow for resolving potential circular references
2016-02-08 20:38:11,537 DEBUG   main [org.springframework.beans.factory.annotation.InjectionMetadata] Processing injected method of bean 'userReposImpl': AutowiredFieldElement for private gov.fema.adminportal.ldap.model.LDAPConfig gov.fema.adminportal.ldap.repository.UserRepositoryImpl.ldapConfig
2016-02-08 20:38:11,538 DEBUG   main [org.springframework.beans.factory.support.DefaultListableBeanFactory] Returning cached instance of singleton bean 'ldapConfig'
2016-02-08 20:38:11,538 DEBUG   main [org.springframework.beans.factory.annotation.InjectionMetadata] Processing injected method of bean 'userReposImpl': AutowiredFieldElement for private org.springframework.ldap.core.LdapTemplate gov.fema.adminportal.ldap.repository.UserRepositoryImpl.ldapTemplate
2016-02-08 20:38:11,538 DEBUG   main [org.springframework.beans.factory.support.DefaultListableBeanFactory] Returning cached instance of singleton bean 'ldapTemplate'
2016-02-08 20:38:11,538 DEBUG   main [org.springframework.beans.factory.support.DefaultListableBeanFactory] Finished creating instance of bean 'userReposImpl'
2016-02-08 20:38:11,538 DEBUG   main [org.springframework.beans.factory.support.DefaultListableBeanFactory] Returning cached instance of singleton bean 'contextSource'
2016-02-08 20:38:11,538 DEBUG   main [org.springframework.beans.factory.support.DefaultListableBeanFactory] Returning cached instance of singleton bean 'ldapTemplate'
2016-02-08 20:38:11,538 DEBUG   main [org.springframework.beans.factory.support.DefaultListableBeanFactory] Returning cached instance of singleton bean 'org.springframework.context.annotation.ConfigurationClassPostProcessor$ImportAwareBeanPostProcessor#0'
2016-02-08 20:38:11,540 DEBUG   main [org.springframework.context.support.ClassPathXmlApplicationContext] Unable to locate LifecycleProcessor with name 'lifecycleProcessor': using default [org.springframework.context.support.DefaultLifecycleProcessor@565fb7c4]
2016-02-08 20:38:11,541 DEBUG   main [org.springframework.beans.factory.support.DefaultListableBeanFactory] Returning cached instance of singleton bean 'lifecycleProcessor'
2016-02-08 20:38:11,541 TRACE   main [org.springframework.context.support.ClassPathXmlApplicationContext] Publishing event in org.springframework.context.support.ClassPathXmlApplicationContext@5b4ec310: org.springframework.context.event.ContextRefreshedEvent[source=org.springframework.context.support.ClassPathXmlApplicationContext@5b4ec310: startup date [Mon Feb 08 20:38:10 EST 2016]; root of context hierarchy]
2016-02-08 20:38:11,542 INFO   main [gov.fema.adminportal.ldap.app.LdapApp] Test started at Mon Feb 08 20:38:10 EST 2016
2016-02-08 20:38:11,542 DEBUG   main [org.springframework.beans.factory.support.DefaultListableBeanFactory] Returning cached instance of singleton bean 'userReposImpl'
2016-02-08 20:38:11,543 INFO   main [gov.fema.adminportal.ldap.repository.UserRepositoryImpl] executing {createGroup}
2016-02-08 20:38:12,419 INFO   main [gov.fema.adminportal.ldap.app.LdapApp] 
 =>true
2016-02-08 20:38:12,419 INFO   main [org.springframework.context.support.ClassPathXmlApplicationContext] Refreshing org.springframework.context.support.ClassPathXmlApplicationContext@5b4ec310: startup date [Mon Feb 08 20:38:12 EST 2016]; root of context hierarchy
2016-02-08 20:38:12,420 INFO   main [org.springframework.beans.factory.support.DefaultListableBeanFactory] Destroying singletons in org.springframework.beans.factory.support.DefaultListableBeanFactory@3731da31: defining beans [org.springframework.context.support.PropertySourcesPlaceholderConfigurer#0,ldapConfig,userRepositoryImpl,org.springframework.context.annotation.internalConfigurationAnnotationProcessor,org.springframework.context.annotation.internalAutowiredAnnotationProcessor,org.springframework.context.annotation.internalRequiredAnnotationProcessor,org.springframework.context.annotation.internalCommonAnnotationProcessor,simpleDirContextAuthenticationStrategy,userReposImpl,contextSource,ldapTemplate,org.springframework.context.annotation.ConfigurationClassPostProcessor$ImportAwareBeanPostProcessor#0]; root of factory hierarchy
2016-02-08 20:38:12,420 DEBUG   main [org.springframework.beans.factory.support.DefaultListableBeanFactory] Retrieved dependent beans for bean '(inner bean)': [(inner bean), contextSource]
2016-02-08 20:38:12,424 DEBUG   main [org.springframework.core.env.StandardEnvironment] Initializing new StandardEnvironment
2016-02-08 20:38:12,424 DEBUG   main [org.springframework.core.env.StandardEnvironment] Adding [systemProperties] PropertySource with lowest search precedence
2016-02-08 20:38:12,424 DEBUG   main [org.springframework.core.env.StandardEnvironment] Adding [systemEnvironment] PropertySource with lowest search precedence
2016-02-08 20:38:12,424 DEBUG   main [org.springframework.core.env.StandardEnvironment] Initialized StandardEnvironment with PropertySources [systemProperties,systemEnvironment]
2016-02-08 20:38:12,425 DEBUG   main [org.springframework.core.env.StandardEnvironment] Initializing new StandardEnvironment
2016-02-08 20:38:12,425 DEBUG   main [org.springframework.core.env.StandardEnvironment] Adding [systemProperties] PropertySource with lowest search precedence
2016-02-08 20:38:12,425 DEBUG   main [org.springframework.core.env.StandardEnvironment] Adding [systemEnvironment] PropertySource with lowest search precedence
2016-02-08 20:38:12,425 DEBUG   main [org.springframework.core.env.StandardEnvironment] Initialized StandardEnvironment with PropertySources [systemProperties,systemEnvironment]
2016-02-08 20:38:12,425 INFO   main [org.springframework.beans.factory.xml.XmlBeanDefinitionReader] Loading XML bean definitions from class path resource [spring-ldap-example.xml]
2016-02-08 20:38:12,429 DEBUG   main [org.springframework.beans.factory.xml.DefaultDocumentLoader] Using JAXP provider [com.sun.org.apache.xerces.internal.jaxp.DocumentBuilderFactoryImpl]
2016-02-08 20:38:12,435 TRACE   main [org.springframework.beans.factory.xml.PluggableSchemaResolver] Trying to resolve XML entity with public id [null] and system id [http://www.springframework.org/schema/beans/spring-beans.xsd]
2016-02-08 20:38:12,435 DEBUG   main [org.springframework.beans.factory.xml.PluggableSchemaResolver] Loading schema mappings from [META-INF/spring.schemas]
2016-02-08 20:38:12,440 DEBUG   main [org.springframework.beans.factory.xml.PluggableSchemaResolver] Loaded schema mappings: {http://www.springframework.org/schema/util/spring-util.xsd=org/springframework/beans/factory/xml/spring-util-3.1.xsd, http://www.springframework.org/schema/task/spring-task.xsd=org/springframework/scheduling/config/spring-task-3.1.xsd, http://www.springframework.org/schema/beans/spring-beans-3.1.xsd=org/springframework/beans/factory/xml/spring-beans-3.1.xsd, http://www.springframework.org/schema/cache/spring-cache.xsd=org/springframework/cache/config/spring-cache-3.1.xsd, http://www.springframework.org/schema/aop/spring-aop-3.0.xsd=org/springframework/aop/config/spring-aop-3.0.xsd, http://www.springframework.org/schema/task/spring-task-3.1.xsd=org/springframework/scheduling/config/spring-task-3.1.xsd, http://www.springframework.org/schema/aop/spring-aop-2.0.xsd=org/springframework/aop/config/spring-aop-2.0.xsd, http://www.springframework.org/schema/tool/spring-tool-2.5.xsd=org/springframework/beans/factory/xml/spring-tool-2.5.xsd, http://www.springframework.org/schema/beans/spring-beans.xsd=org/springframework/beans/factory/xml/spring-beans-3.1.xsd, http://www.springframework.org/schema/jee/spring-jee-2.5.xsd=org/springframework/ejb/config/spring-jee-2.5.xsd, http://www.springframework.org/schema/tool/spring-tool-3.1.xsd=org/springframework/beans/factory/xml/spring-tool-3.1.xsd, http://www.springframework.org/schema/jee/spring-jee-3.1.xsd=org/springframework/ejb/config/spring-jee-3.1.xsd, http://www.springframework.org/schema/aop/spring-aop.xsd=org/springframework/aop/config/spring-aop-3.1.xsd, http://www.springframework.org/schema/beans/spring-beans-2.0.xsd=org/springframework/beans/factory/xml/spring-beans-2.0.xsd, http://www.springframework.org/schema/beans/spring-beans-3.0.xsd=org/springframework/beans/factory/xml/spring-beans-3.0.xsd, http://www.springframework.org/schema/task/spring-task-3.0.xsd=org/springframework/scheduling/config/spring-task-3.0.xsd, http://www.springframework.org/schema/data/repository/spring-repository-1.5.xsd=org/springframework/data/repository/config/spring-repository-1.5.xsd, http://www.springframework.org/schema/tx/spring-tx-2.5.xsd=org/springframework/transaction/config/spring-tx-2.5.xsd, http://www.springframework.org/schema/ldap/spring-ldap.xsd=org/springframework/ldap/config/spring-ldap-2.0.xsd, http://www.springframework.org/schema/context/spring-context-2.5.xsd=org/springframework/context/config/spring-context-2.5.xsd, http://www.springframework.org/schema/ldap/spring-ldap-2.0.xsd=org/springframework/ldap/config/spring-ldap-2.0.xsd, http://www.springframework.org/schema/tool/spring-tool-3.0.xsd=org/springframework/beans/factory/xml/spring-tool-3.0.xsd, http://www.springframework.org/schema/tx/spring-tx.xsd=org/springframework/transaction/config/spring-tx-3.1.xsd, http://www.springframework.org/schema/tool/spring-tool-2.0.xsd=org/springframework/beans/factory/xml/spring-tool-2.0.xsd, http://www.springframework.org/schema/util/spring-util-2.5.xsd=org/springframework/beans/factory/xml/spring-util-2.5.xsd, http://www.springframework.org/schema/lang/spring-lang.xsd=org/springframework/scripting/config/spring-lang-3.1.xsd, http://www.springframework.org/schema/lang/spring-lang-2.5.xsd=org/springframework/scripting/config/spring-lang-2.5.xsd, http://www.springframework.org/schema/jee/spring-jee-3.0.xsd=org/springframework/ejb/config/spring-jee-3.0.xsd, http://www.springframework.org/schema/tx/spring-tx-3.1.xsd=org/springframework/transaction/config/spring-tx-3.1.xsd, http://www.springframework.org/schema/jee/spring-jee-2.0.xsd=org/springframework/ejb/config/spring-jee-2.0.xsd, http://www.springframework.org/schema/context/spring-context-3.1.xsd=org/springframework/context/config/spring-context-3.1.xsd, http://www.springframework.org/schema/util/spring-util-3.1.xsd=org/springframework/beans/factory/xml/spring-util-3.1.xsd, http://www.springframework.org/schema/lang/spring-lang-3.1.xsd=org/springframework/scripting/config/spring-lang-3.1.xsd, http://www.springframework.org/schema/cache/spring-cache-3.1.xsd=org/springframework/cache/config/spring-cache-3.1.xsd, http://www.springframework.org/schema/context/spring-context.xsd=org/springframework/context/config/spring-context-3.1.xsd, http://www.springframework.org/schema/jee/spring-jee.xsd=org/springframework/ejb/config/spring-jee-3.1.xsd, http://www.springframework.org/schema/data/repository/spring-repository-1.4.xsd=org/springframework/data/repository/config/spring-repository-1.4.xsd, http://www.springframework.org/schema/aop/spring-aop-2.5.xsd=org/springframework/aop/config/spring-aop-2.5.xsd, http://www.springframework.org/schema/data/repository/spring-repository.xsd=org/springframework/data/repository/config/spring-repository-1.5.xsd, http://www.springframework.org/schema/data/repository/spring-repository-1.0.xsd=org/springframework/data/repository/config/spring-repository-1.0.xsd, http://www.springframework.org/schema/tx/spring-tx-2.0.xsd=org/springframework/transaction/config/spring-tx-2.0.xsd, http://www.springframework.org/schema/aop/spring-aop-3.1.xsd=org/springframework/aop/config/spring-aop-3.1.xsd, http://www.springframework.org/schema/tx/spring-tx-3.0.xsd=org/springframework/transaction/config/spring-tx-3.0.xsd, http://www.springframework.org/schema/context/spring-context-3.0.xsd=org/springframework/context/config/spring-context-3.0.xsd, http://www.springframework.org/schema/tool/spring-tool.xsd=org/springframework/beans/factory/xml/spring-tool-3.1.xsd, http://www.springframework.org/schema/util/spring-util-3.0.xsd=org/springframework/beans/factory/xml/spring-util-3.0.xsd, http://www.springframework.org/schema/lang/spring-lang-3.0.xsd=org/springframework/scripting/config/spring-lang-3.0.xsd, http://www.springframework.org/schema/util/spring-util-2.0.xsd=org/springframework/beans/factory/xml/spring-util-2.0.xsd, http://www.springframework.org/schema/lang/spring-lang-2.0.xsd=org/springframework/scripting/config/spring-lang-2.0.xsd, http://www.springframework.org/schema/beans/spring-beans-2.5.xsd=org/springframework/beans/factory/xml/spring-beans-2.5.xsd}
2016-02-08 20:38:12,441 DEBUG   main [org.springframework.beans.factory.xml.PluggableSchemaResolver] Found XML schema [http://www.springframework.org/schema/beans/spring-beans.xsd] in classpath: org/springframework/beans/factory/xml/spring-beans-3.1.xsd
2016-02-08 20:38:12,463 TRACE   main [org.springframework.beans.factory.xml.PluggableSchemaResolver] Trying to resolve XML entity with public id [null] and system id [http://www.springframework.org/schema/context/spring-context.xsd]
2016-02-08 20:38:12,464 DEBUG   main [org.springframework.beans.factory.xml.PluggableSchemaResolver] Found XML schema [http://www.springframework.org/schema/context/spring-context.xsd] in classpath: org/springframework/context/config/spring-context-3.1.xsd
2016-02-08 20:38:12,468 TRACE   main [org.springframework.beans.factory.xml.PluggableSchemaResolver] Trying to resolve XML entity with public id [null] and system id [http://www.springframework.org/schema/tool/spring-tool-3.1.xsd]
2016-02-08 20:38:12,469 DEBUG   main [org.springframework.beans.factory.xml.PluggableSchemaResolver] Found XML schema [http://www.springframework.org/schema/tool/spring-tool-3.1.xsd] in classpath: org/springframework/beans/factory/xml/spring-tool-3.1.xsd
2016-02-08 20:38:12,478 TRACE   main [org.springframework.beans.factory.xml.PluggableSchemaResolver] Trying to resolve XML entity with public id [null] and system id [http://www.springframework.org/schema/ldap/spring-ldap.xsd]
2016-02-08 20:38:12,482 DEBUG   main [org.springframework.beans.factory.xml.PluggableSchemaResolver] Found XML schema [http://www.springframework.org/schema/ldap/spring-ldap.xsd] in classpath: org/springframework/ldap/config/spring-ldap-2.0.xsd
2016-02-08 20:38:12,489 TRACE   main [org.springframework.beans.factory.xml.PluggableSchemaResolver] Trying to resolve XML entity with public id [null] and system id [http://www.springframework.org/schema/data/repository/spring-repository.xsd]
2016-02-08 20:38:12,490 DEBUG   main [org.springframework.beans.factory.xml.PluggableSchemaResolver] Found XML schema [http://www.springframework.org/schema/data/repository/spring-repository.xsd] in classpath: org/springframework/data/repository/config/spring-repository-1.5.xsd
2016-02-08 20:38:12,499 DEBUG   main [org.springframework.beans.factory.xml.DefaultBeanDefinitionDocumentReader] Loading bean definitions
2016-02-08 20:38:12,502 DEBUG   main [org.springframework.beans.factory.xml.DefaultNamespaceHandlerResolver] Loaded NamespaceHandler mappings: {http://www.springframework.org/schema/p=org.springframework.beans.factory.xml.SimplePropertyNamespaceHandler, http://www.springframework.org/schema/util=org.springframework.beans.factory.xml.UtilNamespaceHandler, http://www.springframework.org/schema/jee=org.springframework.ejb.config.JeeNamespaceHandler, http://www.springframework.org/schema/aop=org.springframework.aop.config.AopNamespaceHandler, http://www.springframework.org/schema/data/repository=org.springframework.data.repository.config.RepositoryNameSpaceHandler, http://www.springframework.org/schema/cache=org.springframework.cache.config.CacheNamespaceHandler, http://www.springframework.org/schema/c=org.springframework.beans.factory.xml.SimpleConstructorNamespaceHandler, http://www.springframework.org/schema/ldap=org.springframework.ldap.config.LdapNamespaceHandler, http://www.springframework.org/schema/tx=org.springframework.transaction.config.TxNamespaceHandler, http://www.springframework.org/schema/task=org.springframework.scheduling.config.TaskNamespaceHandler, http://www.springframework.org/schema/lang=org.springframework.scripting.config.LangNamespaceHandler, http://www.springframework.org/schema/context=org.springframework.context.config.ContextNamespaceHandler}
2016-02-08 20:38:12,503 DEBUG   main [org.springframework.core.env.StandardEnvironment] Initializing new StandardEnvironment
2016-02-08 20:38:12,504 DEBUG   main [org.springframework.core.env.StandardEnvironment] Adding [systemProperties] PropertySource with lowest search precedence
2016-02-08 20:38:12,504 DEBUG   main [org.springframework.core.env.StandardEnvironment] Adding [systemEnvironment] PropertySource with lowest search precedence
2016-02-08 20:38:12,504 DEBUG   main [org.springframework.core.env.StandardEnvironment] Initialized StandardEnvironment with PropertySources [systemProperties,systemEnvironment]
2016-02-08 20:38:12,505 DEBUG   main [org.springframework.core.io.support.PathMatchingResourcePatternResolver] Looking for matching resources in directory tree [C:\Eclipse\workspace\SpringLdapProject3\bin\gov\fema\adminportal\ldap]
2016-02-08 20:38:12,505 DEBUG   main [org.springframework.core.io.support.PathMatchingResourcePatternResolver] Searching directory [C:\Eclipse\workspace\SpringLdapProject3\bin\gov\fema\adminportal\ldap] for files matching pattern [C:/Eclipse/workspace/SpringLdapProject3/bin/gov/fema/adminportal/ldap/**/*.class]
2016-02-08 20:38:12,506 DEBUG   main [org.springframework.core.io.support.PathMatchingResourcePatternResolver] Searching directory [C:\Eclipse\workspace\SpringLdapProject3\bin\gov\fema\adminportal\ldap\app] for files matching pattern [C:/Eclipse/workspace/SpringLdapProject3/bin/gov/fema/adminportal/ldap/**/*.class]
2016-02-08 20:38:12,507 DEBUG   main [org.springframework.core.io.support.PathMatchingResourcePatternResolver] Searching directory [C:\Eclipse\workspace\SpringLdapProject3\bin\gov\fema\adminportal\ldap\model] for files matching pattern [C:/Eclipse/workspace/SpringLdapProject3/bin/gov/fema/adminportal/ldap/**/*.class]
2016-02-08 20:38:12,510 DEBUG   main [org.springframework.core.io.support.PathMatchingResourcePatternResolver] Searching directory [C:\Eclipse\workspace\SpringLdapProject3\bin\gov\fema\adminportal\ldap\repository] for files matching pattern [C:/Eclipse/workspace/SpringLdapProject3/bin/gov/fema/adminportal/ldap/**/*.class]
2016-02-08 20:38:12,518 DEBUG   main [org.springframework.core.io.support.PathMatchingResourcePatternResolver] Resolved location pattern [classpath*:gov/fema/adminportal/ldap/**/*.class] to resources [file [C:\Eclipse\workspace\SpringLdapProject3\bin\gov\fema\adminportal\ldap\app\LdapApp.class], file [C:\Eclipse\workspace\SpringLdapProject3\bin\gov\fema\adminportal\ldap\model\Group.class], file [C:\Eclipse\workspace\SpringLdapProject3\bin\gov\fema\adminportal\ldap\model\LDAPConfig.class], file [C:\Eclipse\workspace\SpringLdapProject3\bin\gov\fema\adminportal\ldap\model\User.class], file [C:\Eclipse\workspace\SpringLdapProject3\bin\gov\fema\adminportal\ldap\repository\UserRepository.class], file [C:\Eclipse\workspace\SpringLdapProject3\bin\gov\fema\adminportal\ldap\repository\UserRepositoryImpl$1.class], file [C:\Eclipse\workspace\SpringLdapProject3\bin\gov\fema\adminportal\ldap\repository\UserRepositoryImpl$MultipleAttributesMapper.class], file [C:\Eclipse\workspace\SpringLdapProject3\bin\gov\fema\adminportal\ldap\repository\UserRepositoryImpl$SingleAttributesMapper.class], file [C:\Eclipse\workspace\SpringLdapProject3\bin\gov\fema\adminportal\ldap\repository\UserRepositoryImpl$UserAttributesMapper.class], file [C:\Eclipse\workspace\SpringLdapProject3\bin\gov\fema\adminportal\ldap\repository\UserRepositoryImpl.class]]
2016-02-08 20:38:12,519 TRACE   main [org.springframework.context.annotation.ClassPathBeanDefinitionScanner] Scanning file [C:\Eclipse\workspace\SpringLdapProject3\bin\gov\fema\adminportal\ldap\app\LdapApp.class]
2016-02-08 20:38:12,520 TRACE   main [org.springframework.context.annotation.ClassPathBeanDefinitionScanner] Ignored because not matching any filter: file [C:\Eclipse\workspace\SpringLdapProject3\bin\gov\fema\adminportal\ldap\app\LdapApp.class]
2016-02-08 20:38:12,520 TRACE   main [org.springframework.context.annotation.ClassPathBeanDefinitionScanner] Scanning file [C:\Eclipse\workspace\SpringLdapProject3\bin\gov\fema\adminportal\ldap\model\Group.class]
2016-02-08 20:38:12,524 TRACE   main [org.springframework.context.annotation.ClassPathBeanDefinitionScanner] Ignored because not matching any filter: file [C:\Eclipse\workspace\SpringLdapProject3\bin\gov\fema\adminportal\ldap\model\Group.class]
2016-02-08 20:38:12,524 TRACE   main [org.springframework.context.annotation.ClassPathBeanDefinitionScanner] Scanning file [C:\Eclipse\workspace\SpringLdapProject3\bin\gov\fema\adminportal\ldap\model\LDAPConfig.class]
2016-02-08 20:38:12,526 TRACE   main [org.springframework.context.annotation.ClassPathBeanDefinitionScanner] Ignored because not matching any filter: file [C:\Eclipse\workspace\SpringLdapProject3\bin\gov\fema\adminportal\ldap\model\LDAPConfig.class]
2016-02-08 20:38:12,526 TRACE   main [org.springframework.context.annotation.ClassPathBeanDefinitionScanner] Scanning file [C:\Eclipse\workspace\SpringLdapProject3\bin\gov\fema\adminportal\ldap\model\User.class]
2016-02-08 20:38:12,528 TRACE   main [org.springframework.context.annotation.ClassPathBeanDefinitionScanner] Ignored because not matching any filter: file [C:\Eclipse\workspace\SpringLdapProject3\bin\gov\fema\adminportal\ldap\model\User.class]
2016-02-08 20:38:12,528 TRACE   main [org.springframework.context.annotation.ClassPathBeanDefinitionScanner] Scanning file [C:\Eclipse\workspace\SpringLdapProject3\bin\gov\fema\adminportal\ldap\repository\UserRepository.class]
2016-02-08 20:38:12,529 TRACE   main [org.springframework.context.annotation.ClassPathBeanDefinitionScanner] Ignored because not matching any filter: file [C:\Eclipse\workspace\SpringLdapProject3\bin\gov\fema\adminportal\ldap\repository\UserRepository.class]
2016-02-08 20:38:12,529 TRACE   main [org.springframework.context.annotation.ClassPathBeanDefinitionScanner] Scanning file [C:\Eclipse\workspace\SpringLdapProject3\bin\gov\fema\adminportal\ldap\repository\UserRepositoryImpl$1.class]
2016-02-08 20:38:12,530 TRACE   main [org.springframework.context.annotation.ClassPathBeanDefinitionScanner] Ignored because not matching any filter: file [C:\Eclipse\workspace\SpringLdapProject3\bin\gov\fema\adminportal\ldap\repository\UserRepositoryImpl$1.class]
2016-02-08 20:38:12,530 TRACE   main [org.springframework.context.annotation.ClassPathBeanDefinitionScanner] Scanning file [C:\Eclipse\workspace\SpringLdapProject3\bin\gov\fema\adminportal\ldap\repository\UserRepositoryImpl$MultipleAttributesMapper.class]
2016-02-08 20:38:12,531 TRACE   main [org.springframework.context.annotation.ClassPathBeanDefinitionScanner] Ignored because not matching any filter: file [C:\Eclipse\workspace\SpringLdapProject3\bin\gov\fema\adminportal\ldap\repository\UserRepositoryImpl$MultipleAttributesMapper.class]
2016-02-08 20:38:12,531 TRACE   main [org.springframework.context.annotation.ClassPathBeanDefinitionScanner] Scanning file [C:\Eclipse\workspace\SpringLdapProject3\bin\gov\fema\adminportal\ldap\repository\UserRepositoryImpl$SingleAttributesMapper.class]
2016-02-08 20:38:12,531 TRACE   main [org.springframework.context.annotation.ClassPathBeanDefinitionScanner] Ignored because not matching any filter: file [C:\Eclipse\workspace\SpringLdapProject3\bin\gov\fema\adminportal\ldap\repository\UserRepositoryImpl$SingleAttributesMapper.class]
2016-02-08 20:38:12,531 TRACE   main [org.springframework.context.annotation.ClassPathBeanDefinitionScanner] Scanning file [C:\Eclipse\workspace\SpringLdapProject3\bin\gov\fema\adminportal\ldap\repository\UserRepositoryImpl$UserAttributesMapper.class]
2016-02-08 20:38:12,532 TRACE   main [org.springframework.context.annotation.ClassPathBeanDefinitionScanner] Ignored because not matching any filter: file [C:\Eclipse\workspace\SpringLdapProject3\bin\gov\fema\adminportal\ldap\repository\UserRepositoryImpl$UserAttributesMapper.class]
2016-02-08 20:38:12,532 TRACE   main [org.springframework.context.annotation.ClassPathBeanDefinitionScanner] Scanning file [C:\Eclipse\workspace\SpringLdapProject3\bin\gov\fema\adminportal\ldap\repository\UserRepositoryImpl.class]
2016-02-08 20:38:12,533 DEBUG   main [org.springframework.context.annotation.ClassPathBeanDefinitionScanner] Identified candidate component class: file [C:\Eclipse\workspace\SpringLdapProject3\bin\gov\fema\adminportal\ldap\repository\UserRepositoryImpl.class]
2016-02-08 20:38:12,535 DEBUG   main [org.springframework.beans.factory.xml.XmlBeanDefinitionReader] Loaded 11 bean definitions from location pattern [spring-ldap-example.xml]
2016-02-08 20:38:12,535 DEBUG   main [org.springframework.context.support.ClassPathXmlApplicationContext] Bean factory for org.springframework.context.support.ClassPathXmlApplicationContext@5b4ec310: org.springframework.beans.factory.support.DefaultListableBeanFactory@1bb7e7e1: defining beans [org.springframework.context.support.PropertySourcesPlaceholderConfigurer#0,ldapConfig,userRepositoryImpl,org.springframework.context.annotation.internalConfigurationAnnotationProcessor,org.springframework.context.annotation.internalAutowiredAnnotationProcessor,org.springframework.context.annotation.internalRequiredAnnotationProcessor,org.springframework.context.annotation.internalCommonAnnotationProcessor,simpleDirContextAuthenticationStrategy,userReposImpl,contextSource,ldapTemplate]; root of factory hierarchy
2016-02-08 20:38:12,536 DEBUG   main [org.springframework.beans.factory.support.DefaultListableBeanFactory] Creating shared instance of singleton bean 'org.springframework.context.annotation.internalConfigurationAnnotationProcessor'
2016-02-08 20:38:12,536 DEBUG   main [org.springframework.beans.factory.support.DefaultListableBeanFactory] Creating instance of bean 'org.springframework.context.annotation.internalConfigurationAnnotationProcessor'
2016-02-08 20:38:12,537 DEBUG   main [org.springframework.beans.factory.support.DefaultListableBeanFactory] Eagerly caching bean 'org.springframework.context.annotation.internalConfigurationAnnotationProcessor' to allow for resolving potential circular references
2016-02-08 20:38:12,537 DEBUG   main [org.springframework.beans.factory.support.DefaultListableBeanFactory] Finished creating instance of bean 'org.springframework.context.annotation.internalConfigurationAnnotationProcessor'
2016-02-08 20:38:12,547 DEBUG   main [org.springframework.beans.factory.support.DefaultListableBeanFactory] Creating shared instance of singleton bean 'org.springframework.context.support.PropertySourcesPlaceholderConfigurer#0'
2016-02-08 20:38:12,547 DEBUG   main [org.springframework.beans.factory.support.DefaultListableBeanFactory] Creating instance of bean 'org.springframework.context.support.PropertySourcesPlaceholderConfigurer#0'
2016-02-08 20:38:12,547 DEBUG   main [org.springframework.beans.factory.support.DefaultListableBeanFactory] Eagerly caching bean 'org.springframework.context.support.PropertySourcesPlaceholderConfigurer#0' to allow for resolving potential circular references
2016-02-08 20:38:12,548 DEBUG   main [org.springframework.beans.factory.support.DefaultListableBeanFactory] Finished creating instance of bean 'org.springframework.context.support.PropertySourcesPlaceholderConfigurer#0'
2016-02-08 20:38:12,548 DEBUG   main [org.springframework.core.env.MutablePropertySources] Adding [environmentProperties] PropertySource with lowest search precedence
2016-02-08 20:38:12,548 INFO   main [org.springframework.context.support.PropertySourcesPlaceholderConfigurer] Loading properties file from class path resource [ldap.properties]
2016-02-08 20:38:12,549 DEBUG   main [org.springframework.core.env.MutablePropertySources] Adding [localProperties] PropertySource with lowest search precedence
2016-02-08 20:38:12,550 TRACE   main [org.springframework.core.env.PropertySourcesPropertyResolver] getProperty("BoUser") (implicit targetType [String])
2016-02-08 20:38:12,551 TRACE   main [org.springframework.core.env.PropertySourcesPropertyResolver] getProperty("BoUser", String)
2016-02-08 20:38:12,552 DEBUG   main [org.springframework.core.env.PropertySourcesPropertyResolver] Searching for key 'BoUser' in [environmentProperties]
2016-02-08 20:38:12,552 TRACE   main [org.springframework.core.env.PropertySourcesPropertyResolver] getProperty("BoUser") (implicit targetType [String])
2016-02-08 20:38:12,552 TRACE   main [org.springframework.core.env.PropertySourcesPropertyResolver] getProperty("BoUser", String)
2016-02-08 20:38:12,553 DEBUG   main [org.springframework.core.env.PropertySourcesPropertyResolver] Searching for key 'BoUser' in [systemProperties]
2016-02-08 20:38:12,553 DEBUG   main [org.springframework.core.env.PropertySourcesPropertyResolver] Searching for key 'BoUser' in [systemEnvironment]
2016-02-08 20:38:12,554 TRACE   main [org.springframework.core.env.SystemEnvironmentPropertySource] PropertySource [systemEnvironment] does not contain 'BoUser'
2016-02-08 20:38:12,554 TRACE   main [org.springframework.core.env.SystemEnvironmentPropertySource] PropertySource [systemEnvironment] does not contain 'BOUSER'
2016-02-08 20:38:12,554 DEBUG   main [org.springframework.core.env.PropertySourcesPropertyResolver] Could not find key 'BoUser' in any property source. Returning [null]
2016-02-08 20:38:12,556 DEBUG   main [org.springframework.core.env.PropertySourcesPropertyResolver] Searching for key 'BoUser' in [localProperties]
2016-02-08 20:38:12,557 DEBUG   main [org.springframework.core.env.PropertySourcesPropertyResolver] Found key 'BoUser' in [localProperties] with type [String] and value 'ou=User,ou=BusinessObjectsDisaster,ou=system'
2016-02-08 20:38:12,557 TRACE   main [org.springframework.util.PropertyPlaceholderHelper] Resolved placeholder 'BoUser'
2016-02-08 20:38:12,559 TRACE   main [org.springframework.core.env.PropertySourcesPropertyResolver] getProperty("BoGroup") (implicit targetType [String])
2016-02-08 20:38:12,559 TRACE   main [org.springframework.core.env.PropertySourcesPropertyResolver] getProperty("BoGroup", String)
2016-02-08 20:38:12,560 DEBUG   main [org.springframework.core.env.PropertySourcesPropertyResolver] Searching for key 'BoGroup' in [environmentProperties]
2016-02-08 20:38:12,560 TRACE   main [org.springframework.core.env.PropertySourcesPropertyResolver] getProperty("BoGroup") (implicit targetType [String])
2016-02-08 20:38:12,560 TRACE   main [org.springframework.core.env.PropertySourcesPropertyResolver] getProperty("BoGroup", String)
2016-02-08 20:38:12,560 DEBUG   main [org.springframework.core.env.PropertySourcesPropertyResolver] Searching for key 'BoGroup' in [systemProperties]
2016-02-08 20:38:12,561 DEBUG   main [org.springframework.core.env.PropertySourcesPropertyResolver] Searching for key 'BoGroup' in [systemEnvironment]
2016-02-08 20:38:12,561 TRACE   main [org.springframework.core.env.SystemEnvironmentPropertySource] PropertySource [systemEnvironment] does not contain 'BoGroup'
2016-02-08 20:38:12,561 TRACE   main [org.springframework.core.env.SystemEnvironmentPropertySource] PropertySource [systemEnvironment] does not contain 'BOGROUP'
2016-02-08 20:38:12,561 DEBUG   main [org.springframework.core.env.PropertySourcesPropertyResolver] Could not find key 'BoGroup' in any property source. Returning [null]
2016-02-08 20:38:12,561 DEBUG   main [org.springframework.core.env.PropertySourcesPropertyResolver] Searching for key 'BoGroup' in [localProperties]
2016-02-08 20:38:12,561 DEBUG   main [org.springframework.core.env.PropertySourcesPropertyResolver] Found key 'BoGroup' in [localProperties] with type [String] and value 'ou=Group,ou=BusinessObjectsDisaster,ou=system'
2016-02-08 20:38:12,562 TRACE   main [org.springframework.util.PropertyPlaceholderHelper] Resolved placeholder 'BoGroup'
2016-02-08 20:38:12,563 TRACE   main [org.springframework.core.env.PropertySourcesPropertyResolver] getProperty("BoGroupPrefix") (implicit targetType [String])
2016-02-08 20:38:12,563 TRACE   main [org.springframework.core.env.PropertySourcesPropertyResolver] getProperty("BoGroupPrefix", String)
2016-02-08 20:38:12,563 DEBUG   main [org.springframework.core.env.PropertySourcesPropertyResolver] Searching for key 'BoGroupPrefix' in [environmentProperties]
2016-02-08 20:38:12,563 TRACE   main [org.springframework.core.env.PropertySourcesPropertyResolver] getProperty("BoGroupPrefix") (implicit targetType [String])
2016-02-08 20:38:12,563 TRACE   main [org.springframework.core.env.PropertySourcesPropertyResolver] getProperty("BoGroupPrefix", String)
2016-02-08 20:38:12,564 DEBUG   main [org.springframework.core.env.PropertySourcesPropertyResolver] Searching for key 'BoGroupPrefix' in [systemProperties]
2016-02-08 20:38:12,564 DEBUG   main [org.springframework.core.env.PropertySourcesPropertyResolver] Searching for key 'BoGroupPrefix' in [systemEnvironment]
2016-02-08 20:38:12,564 TRACE   main [org.springframework.core.env.SystemEnvironmentPropertySource] PropertySource [systemEnvironment] does not contain 'BoGroupPrefix'
2016-02-08 20:38:12,564 TRACE   main [org.springframework.core.env.SystemEnvironmentPropertySource] PropertySource [systemEnvironment] does not contain 'BOGROUPPREFIX'
2016-02-08 20:38:12,564 DEBUG   main [org.springframework.core.env.PropertySourcesPropertyResolver] Could not find key 'BoGroupPrefix' in any property source. Returning [null]
2016-02-08 20:38:12,564 DEBUG   main [org.springframework.core.env.PropertySourcesPropertyResolver] Searching for key 'BoGroupPrefix' in [localProperties]
2016-02-08 20:38:12,565 DEBUG   main [org.springframework.core.env.PropertySourcesPropertyResolver] Found key 'BoGroupPrefix' in [localProperties] with type [String] and value 'cn=Business_Objects_Disaster_Users_'
2016-02-08 20:38:12,565 TRACE   main [org.springframework.util.PropertyPlaceholderHelper] Resolved placeholder 'BoGroupPrefix'
2016-02-08 20:38:12,566 DEBUG   main [org.springframework.beans.factory.support.DefaultListableBeanFactory] Creating shared instance of singleton bean 'org.springframework.context.annotation.internalAutowiredAnnotationProcessor'
2016-02-08 20:38:12,567 DEBUG   main [org.springframework.beans.factory.support.DefaultListableBeanFactory] Creating instance of bean 'org.springframework.context.annotation.internalAutowiredAnnotationProcessor'
2016-02-08 20:38:12,567 DEBUG   main [org.springframework.beans.factory.support.DefaultListableBeanFactory] Eagerly caching bean 'org.springframework.context.annotation.internalAutowiredAnnotationProcessor' to allow for resolving potential circular references
2016-02-08 20:38:12,567 DEBUG   main [org.springframework.beans.factory.support.DefaultListableBeanFactory] Finished creating instance of bean 'org.springframework.context.annotation.internalAutowiredAnnotationProcessor'
2016-02-08 20:38:12,568 DEBUG   main [org.springframework.beans.factory.support.DefaultListableBeanFactory] Creating shared instance of singleton bean 'org.springframework.context.annotation.internalRequiredAnnotationProcessor'
2016-02-08 20:38:12,568 DEBUG   main [org.springframework.beans.factory.support.DefaultListableBeanFactory] Creating instance of bean 'org.springframework.context.annotation.internalRequiredAnnotationProcessor'
2016-02-08 20:38:12,568 DEBUG   main [org.springframework.beans.factory.support.DefaultListableBeanFactory] Eagerly caching bean 'org.springframework.context.annotation.internalRequiredAnnotationProcessor' to allow for resolving potential circular references
2016-02-08 20:38:12,568 DEBUG   main [org.springframework.beans.factory.support.DefaultListableBeanFactory] Finished creating instance of bean 'org.springframework.context.annotation.internalRequiredAnnotationProcessor'
2016-02-08 20:38:12,568 DEBUG   main [org.springframework.beans.factory.support.DefaultListableBeanFactory] Creating shared instance of singleton bean 'org.springframework.context.annotation.internalCommonAnnotationProcessor'
2016-02-08 20:38:12,568 DEBUG   main [org.springframework.beans.factory.support.DefaultListableBeanFactory] Creating instance of bean 'org.springframework.context.annotation.internalCommonAnnotationProcessor'
2016-02-08 20:38:12,569 DEBUG   main [org.springframework.beans.factory.support.DefaultListableBeanFactory] Eagerly caching bean 'org.springframework.context.annotation.internalCommonAnnotationProcessor' to allow for resolving potential circular references
2016-02-08 20:38:12,569 DEBUG   main [org.springframework.beans.factory.support.DefaultListableBeanFactory] Finished creating instance of bean 'org.springframework.context.annotation.internalCommonAnnotationProcessor'
2016-02-08 20:38:12,569 DEBUG   main [org.springframework.beans.factory.support.DefaultListableBeanFactory] Creating shared instance of singleton bean 'org.springframework.context.annotation.ConfigurationClassPostProcessor$ImportAwareBeanPostProcessor#0'
2016-02-08 20:38:12,571 DEBUG   main [org.springframework.beans.factory.support.DefaultListableBeanFactory] Creating instance of bean 'org.springframework.context.annotation.ConfigurationClassPostProcessor$ImportAwareBeanPostProcessor#0'
2016-02-08 20:38:12,572 DEBUG   main [org.springframework.beans.factory.support.DefaultListableBeanFactory] Eagerly caching bean 'org.springframework.context.annotation.ConfigurationClassPostProcessor$ImportAwareBeanPostProcessor#0' to allow for resolving potential circular references
2016-02-08 20:38:12,572 DEBUG   main [org.springframework.beans.factory.support.DefaultListableBeanFactory] Finished creating instance of bean 'org.springframework.context.annotation.ConfigurationClassPostProcessor$ImportAwareBeanPostProcessor#0'
2016-02-08 20:38:12,572 DEBUG   main [org.springframework.context.support.ClassPathXmlApplicationContext] Unable to locate MessageSource with name 'messageSource': using default [org.springframework.context.support.DelegatingMessageSource@14a614b5]
2016-02-08 20:38:12,572 DEBUG   main [org.springframework.context.support.ClassPathXmlApplicationContext] Unable to locate ApplicationEventMulticaster with name 'applicationEventMulticaster': using default [org.springframework.context.event.SimpleApplicationEventMulticaster@239981aa]
2016-02-08 20:38:12,573 INFO   main [org.springframework.beans.factory.support.DefaultListableBeanFactory] Pre-instantiating singletons in org.springframework.beans.factory.support.DefaultListableBeanFactory@1bb7e7e1: defining beans [org.springframework.context.support.PropertySourcesPlaceholderConfigurer#0,ldapConfig,userRepositoryImpl,org.springframework.context.annotation.internalConfigurationAnnotationProcessor,org.springframework.context.annotation.internalAutowiredAnnotationProcessor,org.springframework.context.annotation.internalRequiredAnnotationProcessor,org.springframework.context.annotation.internalCommonAnnotationProcessor,simpleDirContextAuthenticationStrategy,userReposImpl,contextSource,ldapTemplate,org.springframework.context.annotation.ConfigurationClassPostProcessor$ImportAwareBeanPostProcessor#0]; root of factory hierarchy
2016-02-08 20:38:12,573 DEBUG   main [org.springframework.beans.factory.support.DefaultListableBeanFactory] Returning cached instance of singleton bean 'org.springframework.context.support.PropertySourcesPlaceholderConfigurer#0'
2016-02-08 20:38:12,574 DEBUG   main [org.springframework.beans.factory.support.DefaultListableBeanFactory] Creating shared instance of singleton bean 'ldapConfig'
2016-02-08 20:38:12,574 DEBUG   main [org.springframework.beans.factory.support.DefaultListableBeanFactory] Creating instance of bean 'ldapConfig'
2016-02-08 20:38:12,574 DEBUG   main [org.springframework.beans.factory.support.DefaultListableBeanFactory] Eagerly caching bean 'ldapConfig' to allow for resolving potential circular references
2016-02-08 20:38:12,575 DEBUG   main [org.springframework.beans.factory.support.DefaultListableBeanFactory] Finished creating instance of bean 'ldapConfig'
2016-02-08 20:38:12,589 DEBUG   main [org.springframework.beans.factory.support.DefaultListableBeanFactory] Creating shared instance of singleton bean 'userRepositoryImpl'
2016-02-08 20:38:12,589 DEBUG   main [org.springframework.beans.factory.support.DefaultListableBeanFactory] Creating instance of bean 'userRepositoryImpl'
2016-02-08 20:38:12,598 DEBUG   main [org.springframework.beans.factory.annotation.InjectionMetadata] Found injected element on class [gov.fema.adminportal.ldap.repository.UserRepositoryImpl]: AutowiredFieldElement for private gov.fema.adminportal.ldap.model.LDAPConfig gov.fema.adminportal.ldap.repository.UserRepositoryImpl.ldapConfig
2016-02-08 20:38:12,598 DEBUG   main [org.springframework.beans.factory.annotation.InjectionMetadata] Found injected element on class [gov.fema.adminportal.ldap.repository.UserRepositoryImpl]: AutowiredFieldElement for private org.springframework.ldap.core.LdapTemplate gov.fema.adminportal.ldap.repository.UserRepositoryImpl.ldapTemplate
2016-02-08 20:38:12,599 DEBUG   main [org.springframework.beans.factory.support.DefaultListableBeanFactory] Eagerly caching bean 'userRepositoryImpl' to allow for resolving potential circular references
2016-02-08 20:38:12,599 DEBUG   main [org.springframework.beans.factory.annotation.InjectionMetadata] Processing injected method of bean 'userRepositoryImpl': AutowiredFieldElement for private gov.fema.adminportal.ldap.model.LDAPConfig gov.fema.adminportal.ldap.repository.UserRepositoryImpl.ldapConfig
2016-02-08 20:38:12,600 DEBUG   main [org.springframework.beans.factory.support.DefaultListableBeanFactory] Returning cached instance of singleton bean 'ldapConfig'
2016-02-08 20:38:12,600 DEBUG   main [org.springframework.beans.factory.annotation.AutowiredAnnotationBeanPostProcessor] Autowiring by type from bean name 'userRepositoryImpl' to bean named 'ldapConfig'
2016-02-08 20:38:12,600 DEBUG   main [org.springframework.beans.factory.annotation.InjectionMetadata] Processing injected method of bean 'userRepositoryImpl': AutowiredFieldElement for private org.springframework.ldap.core.LdapTemplate gov.fema.adminportal.ldap.repository.UserRepositoryImpl.ldapTemplate
2016-02-08 20:38:12,601 DEBUG   main [org.springframework.beans.factory.support.DefaultListableBeanFactory] Creating shared instance of singleton bean 'ldapTemplate'
2016-02-08 20:38:12,601 DEBUG   main [org.springframework.beans.factory.support.DefaultListableBeanFactory] Creating instance of bean 'ldapTemplate'
2016-02-08 20:38:12,602 DEBUG   main [org.springframework.beans.factory.support.DefaultListableBeanFactory] Eagerly caching bean 'ldapTemplate' to allow for resolving potential circular references
2016-02-08 20:38:12,603 DEBUG   main [org.springframework.beans.factory.support.DefaultListableBeanFactory] Creating shared instance of singleton bean 'contextSource'
2016-02-08 20:38:12,604 DEBUG   main [org.springframework.beans.factory.support.DefaultListableBeanFactory] Creating instance of bean 'contextSource'
2016-02-08 20:38:12,611 DEBUG   main [org.springframework.beans.factory.support.DefaultListableBeanFactory] Creating instance of bean '(inner bean)'
2016-02-08 20:38:12,613 DEBUG   main [org.springframework.beans.factory.support.DefaultListableBeanFactory] Creating instance of bean '(inner bean)'
2016-02-08 20:38:12,615 DEBUG   main [org.springframework.beans.factory.support.DefaultListableBeanFactory] Finished creating instance of bean '(inner bean)'
2016-02-08 20:38:12,616 DEBUG   main [org.springframework.beans.factory.support.DefaultListableBeanFactory] Creating shared instance of singleton bean 'simpleDirContextAuthenticationStrategy'
2016-02-08 20:38:12,616 DEBUG   main [org.springframework.beans.factory.support.DefaultListableBeanFactory] Creating instance of bean 'simpleDirContextAuthenticationStrategy'
2016-02-08 20:38:12,616 DEBUG   main [org.springframework.beans.factory.support.DefaultListableBeanFactory] Eagerly caching bean 'simpleDirContextAuthenticationStrategy' to allow for resolving potential circular references
2016-02-08 20:38:12,616 DEBUG   main [org.springframework.beans.factory.support.DefaultListableBeanFactory] Finished creating instance of bean 'simpleDirContextAuthenticationStrategy'
2016-02-08 20:38:12,617 DEBUG   main [org.springframework.beans.factory.support.DefaultListableBeanFactory] Invoking afterPropertiesSet() on bean with name '(inner bean)'
2016-02-08 20:38:12,619 DEBUG   main [org.springframework.beans.factory.support.DefaultListableBeanFactory] Finished creating instance of bean '(inner bean)'
2016-02-08 20:38:12,647 DEBUG   main [org.springframework.beans.factory.support.DefaultListableBeanFactory] Eagerly caching bean 'contextSource' to allow for resolving potential circular references
2016-02-08 20:38:12,647 DEBUG   main [org.springframework.beans.factory.support.DefaultListableBeanFactory] Finished creating instance of bean 'contextSource'
2016-02-08 20:38:12,663 DEBUG   main [org.springframework.beans.factory.support.DefaultListableBeanFactory] Invoking afterPropertiesSet() on bean with name 'ldapTemplate'
2016-02-08 20:38:12,663 DEBUG   main [org.springframework.beans.factory.support.DefaultListableBeanFactory] Finished creating instance of bean 'ldapTemplate'
2016-02-08 20:38:12,664 DEBUG   main [org.springframework.beans.factory.annotation.AutowiredAnnotationBeanPostProcessor] Autowiring by type from bean name 'userRepositoryImpl' to bean named 'ldapTemplate'
2016-02-08 20:38:12,664 DEBUG   main [org.springframework.beans.factory.support.DefaultListableBeanFactory] Finished creating instance of bean 'userRepositoryImpl'
2016-02-08 20:38:12,664 DEBUG   main [org.springframework.beans.factory.support.DefaultListableBeanFactory] Returning cached instance of singleton bean 'org.springframework.context.annotation.internalConfigurationAnnotationProcessor'
2016-02-08 20:38:12,664 DEBUG   main [org.springframework.beans.factory.support.DefaultListableBeanFactory] Returning cached instance of singleton bean 'org.springframework.context.annotation.internalAutowiredAnnotationProcessor'
2016-02-08 20:38:12,664 DEBUG   main [org.springframework.beans.factory.support.DefaultListableBeanFactory] Returning cached instance of singleton bean 'org.springframework.context.annotation.internalRequiredAnnotationProcessor'
2016-02-08 20:38:12,664 DEBUG   main [org.springframework.beans.factory.support.DefaultListableBeanFactory] Returning cached instance of singleton bean 'org.springframework.context.annotation.internalCommonAnnotationProcessor'
2016-02-08 20:38:12,664 DEBUG   main [org.springframework.beans.factory.support.DefaultListableBeanFactory] Returning cached instance of singleton bean 'simpleDirContextAuthenticationStrategy'
2016-02-08 20:38:12,664 DEBUG   main [org.springframework.beans.factory.support.DefaultListableBeanFactory] Creating shared instance of singleton bean 'userReposImpl'
2016-02-08 20:38:12,664 DEBUG   main [org.springframework.beans.factory.support.DefaultListableBeanFactory] Creating instance of bean 'userReposImpl'
2016-02-08 20:38:12,665 DEBUG   main [org.springframework.beans.factory.support.DefaultListableBeanFactory] Eagerly caching bean 'userReposImpl' to allow for resolving potential circular references
2016-02-08 20:38:12,665 DEBUG   main [org.springframework.beans.factory.annotation.InjectionMetadata] Processing injected method of bean 'userReposImpl': AutowiredFieldElement for private gov.fema.adminportal.ldap.model.LDAPConfig gov.fema.adminportal.ldap.repository.UserRepositoryImpl.ldapConfig
2016-02-08 20:38:12,665 DEBUG   main [org.springframework.beans.factory.support.DefaultListableBeanFactory] Returning cached instance of singleton bean 'ldapConfig'
2016-02-08 20:38:12,665 DEBUG   main [org.springframework.beans.factory.annotation.InjectionMetadata] Processing injected method of bean 'userReposImpl': AutowiredFieldElement for private org.springframework.ldap.core.LdapTemplate gov.fema.adminportal.ldap.repository.UserRepositoryImpl.ldapTemplate
2016-02-08 20:38:12,665 DEBUG   main [org.springframework.beans.factory.support.DefaultListableBeanFactory] Returning cached instance of singleton bean 'ldapTemplate'
2016-02-08 20:38:12,665 DEBUG   main [org.springframework.beans.factory.support.DefaultListableBeanFactory] Finished creating instance of bean 'userReposImpl'
2016-02-08 20:38:12,666 DEBUG   main [org.springframework.beans.factory.support.DefaultListableBeanFactory] Returning cached instance of singleton bean 'contextSource'
2016-02-08 20:38:12,666 DEBUG   main [org.springframework.beans.factory.support.DefaultListableBeanFactory] Returning cached instance of singleton bean 'ldapTemplate'
2016-02-08 20:38:12,666 DEBUG   main [org.springframework.beans.factory.support.DefaultListableBeanFactory] Returning cached instance of singleton bean 'org.springframework.context.annotation.ConfigurationClassPostProcessor$ImportAwareBeanPostProcessor#0'
2016-02-08 20:38:12,666 DEBUG   main [org.springframework.context.support.ClassPathXmlApplicationContext] Unable to locate LifecycleProcessor with name 'lifecycleProcessor': using default [org.springframework.context.support.DefaultLifecycleProcessor@3570713d]
2016-02-08 20:38:12,666 DEBUG   main [org.springframework.beans.factory.support.DefaultListableBeanFactory] Returning cached instance of singleton bean 'lifecycleProcessor'
2016-02-08 20:38:12,667 TRACE   main [org.springframework.context.support.ClassPathXmlApplicationContext] Publishing event in org.springframework.context.support.ClassPathXmlApplicationContext@5b4ec310: org.springframework.context.event.ContextRefreshedEvent[source=org.springframework.context.support.ClassPathXmlApplicationContext@5b4ec310: startup date [Mon Feb 08 20:38:12 EST 2016]; root of context hierarchy]
2016-02-08 20:38:12,668 INFO   main [org.springframework.context.support.ClassPathXmlApplicationContext] Closing org.springframework.context.support.ClassPathXmlApplicationContext@5b4ec310: startup date [Mon Feb 08 20:38:12 EST 2016]; root of context hierarchy
2016-02-08 20:38:12,668 TRACE   main [org.springframework.context.support.ClassPathXmlApplicationContext] Publishing event in org.springframework.context.support.ClassPathXmlApplicationContext@5b4ec310: org.springframework.context.event.ContextClosedEvent[source=org.springframework.context.support.ClassPathXmlApplicationContext@5b4ec310: startup date [Mon Feb 08 20:38:12 EST 2016]; root of context hierarchy]
2016-02-08 20:38:12,668 DEBUG   main [org.springframework.beans.factory.support.DefaultListableBeanFactory] Returning cached instance of singleton bean 'lifecycleProcessor'
2016-02-08 20:38:12,669 INFO   main [org.springframework.beans.factory.support.DefaultListableBeanFactory] Destroying singletons in org.springframework.beans.factory.support.DefaultListableBeanFactory@1bb7e7e1: defining beans [org.springframework.context.support.PropertySourcesPlaceholderConfigurer#0,ldapConfig,userRepositoryImpl,org.springframework.context.annotation.internalConfigurationAnnotationProcessor,org.springframework.context.annotation.internalAutowiredAnnotationProcessor,org.springframework.context.annotation.internalRequiredAnnotationProcessor,org.springframework.context.annotation.internalCommonAnnotationProcessor,simpleDirContextAuthenticationStrategy,userReposImpl,contextSource,ldapTemplate,org.springframework.context.annotation.ConfigurationClassPostProcessor$ImportAwareBeanPostProcessor#0]; root of factory hierarchy
2016-02-08 20:38:12,669 DEBUG   main [org.springframework.beans.factory.support.DefaultListableBeanFactory] Retrieved dependent beans for bean '(inner bean)': [(inner bean), contextSource]
